Loading weights:   0%|          | 0/39 [00:00<?, ?it/s]Loading weights: 100%|██████████| 39/39 [00:00<00:00, 19503.74it/s]
[transformers] [1mBertModel LOAD REPORT[0m from: /media/data/data/lt/dp-adam-correlated/cache/bert-tiny
Key                                        | Status     |  | 
-------------------------------------------+------------+--+-
cls.predictions.bias                       | UNEXPECTED |  | 
cls.predictions.transform.dense.weight     | UNEXPECTED |  | 
cls.predictions.decoder.bias               | UNEXPECTED |  | 
cls.seq_relationship.bias                  | UNEXPECTED |  | 
cls.predictions.transform.dense.bias       | UNEXPECTED |  | 
cls.predictions.transform.LayerNorm.bias   | UNEXPECTED |  | 
cls.predictions.decoder.weight             | UNEXPECTED |  | 
cls.seq_relationship.weight                | UNEXPECTED |  | 
cls.predictions.transform.LayerNorm.weight | UNEXPECTED |  | 

Notes:
- UNEXPECTED:	can be ignored when loading from different task/architecture; not ok if you expect identical arch.
sys:1: UserWarning: Full backward hook is firing when gradients are computed with respect to module outputs since no inputs require gradients. See https://docs.pytorch.org/docs/main/generated/torch.nn.Module.html#torch.nn.Module.register_full_backward_hook for more details.
{"step": 10, "epoch": 1, "train_loss": 0.669693115234375, "clip_fraction": 0.0, "gradient_norm_mean": 7.7950830078125, "gradient_norm_max": 13.84715461730957, "step_seconds": 0.26233943924307823, "innovation_std_sum": 90.47212142804185, "noise_marginal_std_sum": 105.66709276576073}
{"step": 20, "epoch": 1, "train_loss": 0.647154296875, "clip_fraction": 0.0, "gradient_norm_mean": 9.722875, "gradient_norm_max": 16.2791690826416, "step_seconds": 0.2664690241217613, "innovation_std_sum": 90.47212142804185, "noise_marginal_std_sum": 105.66709276576073}
{"step": 30, "epoch": 1, "train_loss": 0.60196435546875, "clip_fraction": 0.044, "gradient_norm_mean": 12.6296484375, "gradient_norm_max": 26.336095809936523, "step_seconds": 0.26581306755542755, "innovation_std_sum": 90.47212142804185, "noise_marginal_std_sum": 105.66709276576073}
{"step": 40, "epoch": 1, "train_loss": 0.5666637573242187, "clip_fraction": 0.274, "gradient_norm_mean": 15.329587890625, "gradient_norm_max": 36.493919372558594, "step_seconds": 0.2662392593920231, "innovation_std_sum": 90.47212142804185, "noise_marginal_std_sum": 105.66709276576073}
{"step": 50, "epoch": 1, "train_loss": 0.5541649169921875, "clip_fraction": 0.444, "gradient_norm_mean": 19.434970703125, "gradient_norm_max": 62.47527313232422, "step_seconds": 0.2435887325555086, "innovation_std_sum": 90.47212142804185, "noise_marginal_std_sum": 105.66709276576073}
{"step": 60, "epoch": 1, "train_loss": 0.5389560546875, "clip_fraction": 0.476, "gradient_norm_mean": 23.1931015625, "gradient_norm_max": 92.3204345703125, "step_seconds": 0.2618600595742464, "innovation_std_sum": 90.47212142804185, "noise_marginal_std_sum": 105.66709276576073}
{"epoch": 1, "step": 62, "train_loss": 0.615402585921749, "clip_fraction": 0.18779032258064515, "epsilon": 1.5789886026562023, "accuracy": 0.7029816513761468, "validation_loss": 0.5994483790266405, "validation_examples": 872}
{"step": 70, "epoch": 2, "train_loss": 0.543126953125, "clip_fraction": 0.491, "gradient_norm_mean": 27.624216796875, "gradient_norm_max": 126.71588134765625, "step_seconds": 0.26438002847135067, "innovation_std_sum": 90.47212142804185, "noise_marginal_std_sum": 105.66709276576073}
{"step": 80, "epoch": 2, "train_loss": 0.526859375, "clip_fraction": 0.463, "gradient_norm_mean": 30.09133984375, "gradient_norm_max": 159.6708221435547, "step_seconds": 0.26367188431322575, "innovation_std_sum": 90.47212142804185, "noise_marginal_std_sum": 105.66709276576073}
{"step": 90, "epoch": 2, "train_loss": 0.54294921875, "clip_fraction": 0.432, "gradient_norm_mean": 31.271888671875, "gradient_norm_max": 167.6586456298828, "step_seconds": 0.2642720527946949, "innovation_std_sum": 90.47212142804185, "noise_marginal_std_sum": 105.66709276576073}
{"step": 100, "epoch": 2, "train_loss": 0.5797332763671875, "clip_fraction": 0.437, "gradient_norm_mean": 34.18210546875, "gradient_norm_max": 187.62646484375, "step_seconds": 0.2641242481768131, "innovation_std_sum": 90.47212142804185, "noise_marginal_std_sum": 105.66709276576073}
{"step": 110, "epoch": 2, "train_loss": 0.6043904418945313, "clip_fraction": 0.44, "gradient_norm_mean": 35.13879296875, "gradient_norm_max": 239.8680877685547, "step_seconds": 0.26470150239765644, "innovation_std_sum": 90.47212142804185, "noise_marginal_std_sum": 105.66709276576073}
{"step": 120, "epoch": 2, "train_loss": 0.4868465576171875, "clip_fraction": 0.404, "gradient_norm_mean": 33.1890859375, "gradient_norm_max": 243.453125, "step_seconds": 0.2599327191710472, "innovation_std_sum": 90.47212142804185, "noise_marginal_std_sum": 105.66709276576073}
{"epoch": 2, "step": 124, "train_loss": 0.5529993857106855, "clip_fraction": 0.4488225806451613, "epsilon": 2.356100864794592, "accuracy": 0.7545871559633027, "validation_loss": 0.622682921383359, "validation_examples": 872}
{"step": 130, "epoch": 3, "train_loss": 0.5189132080078125, "clip_fraction": 0.376, "gradient_norm_mean": 30.83277734375, "gradient_norm_max": 226.38885498046875, "step_seconds": 0.26627499610185623, "innovation_std_sum": 90.47212142804185, "noise_marginal_std_sum": 105.66709276576073}
{"step": 140, "epoch": 3, "train_loss": 0.5146159057617188, "clip_fraction": 0.403, "gradient_norm_mean": 33.0104453125, "gradient_norm_max": 215.9447784423828, "step_seconds": 0.26332133635878563, "innovation_std_sum": 90.47212142804185, "noise_marginal_std_sum": 105.66709276576073}
{"step": 150, "epoch": 3, "train_loss": 0.551251708984375, "clip_fraction": 0.411, "gradient_norm_mean": 35.80113671875, "gradient_norm_max": 220.60057067871094, "step_seconds": 0.2649292089045048, "innovation_std_sum": 90.47212142804185, "noise_marginal_std_sum": 105.66709276576073}
{"step": 160, "epoch": 3, "train_loss": 0.55322900390625, "clip_fraction": 0.387, "gradient_norm_mean": 35.24468359375, "gradient_norm_max": 246.46900939941406, "step_seconds": 0.2675433699041605, "innovation_std_sum": 90.47212142804185, "noise_marginal_std_sum": 105.66709276576073}
{"step": 170, "epoch": 3, "train_loss": 0.570490234375, "clip_fraction": 0.389, "gradient_norm_mean": 34.7075, "gradient_norm_max": 305.11474609375, "step_seconds": 0.26802126690745354, "innovation_std_sum": 90.47212142804185, "noise_marginal_std_sum": 105.66709276576073}
{"step": 180, "epoch": 3, "train_loss": 0.5279078979492188, "clip_fraction": 0.379, "gradient_norm_mean": 34.22796875, "gradient_norm_max": 244.3915252685547, "step_seconds": 0.15795736014842987, "innovation_std_sum": 90.47212142804185, "noise_marginal_std_sum": 105.66709276576073}
{"epoch": 3, "step": 186, "train_loss": 0.5285510002874559, "clip_fraction": 0.3858064516129032, "epsilon": 2.9760310906613787, "accuracy": 0.75, "validation_loss": 0.643861691886132, "validation_examples": 872}
{"step": 190, "epoch": 4, "train_loss": 0.4927291259765625, "clip_fraction": 0.356, "gradient_norm_mean": 30.325732421875, "gradient_norm_max": 229.7694549560547, "step_seconds": 0.2674492187798023, "innovation_std_sum": 90.47212142804185, "noise_marginal_std_sum": 105.66709276576073}
{"step": 200, "epoch": 4, "train_loss": 0.536961669921875, "clip_fraction": 0.376, "gradient_norm_mean": 31.788732421875, "gradient_norm_max": 229.6154022216797, "step_seconds": 0.26738996990025043, "innovation_std_sum": 90.47212142804185, "noise_marginal_std_sum": 105.66709276576073}
{"step": 210, "epoch": 4, "train_loss": 0.49977822875976563, "clip_fraction": 0.345, "gradient_norm_mean": 31.5883671875, "gradient_norm_max": 294.6065673828125, "step_seconds": 0.2676189076155424, "innovation_std_sum": 90.47212142804185, "noise_marginal_std_sum": 105.66709276576073}
{"step": 220, "epoch": 4, "train_loss": 0.5050723266601562, "clip_fraction": 0.341, "gradient_norm_mean": 31.446396484375, "gradient_norm_max": 279.5818176269531, "step_seconds": 0.265473909676075, "innovation_std_sum": 90.47212142804185, "noise_marginal_std_sum": 105.66709276576073}
{"step": 230, "epoch": 4, "train_loss": 0.5516032104492188, "clip_fraction": 0.367, "gradient_norm_mean": 33.67871484375, "gradient_norm_max": 264.0276184082031, "step_seconds": 0.26672184094786644, "innovation_std_sum": 90.47212142804185, "noise_marginal_std_sum": 105.66709276576073}
{"step": 240, "epoch": 4, "train_loss": 0.5208292846679687, "clip_fraction": 0.368, "gradient_norm_mean": 33.7144609375, "gradient_norm_max": 266.5838317871094, "step_seconds": 0.26684604585170746, "innovation_std_sum": 90.47212142804185, "noise_marginal_std_sum": 105.66709276576073}
{"epoch": 4, "step": 248, "train_loss": 0.5033649085260207, "clip_fraction": 0.3561290322580645, "epsilon": 3.514193505558318, "accuracy": 0.7477064220183486, "validation_loss": 0.6347360086003575, "validation_examples": 872}
{"step": 250, "epoch": 5, "train_loss": 0.4748321838378906, "clip_fraction": 0.335, "gradient_norm_mean": 30.67040625, "gradient_norm_max": 262.8278503417969, "step_seconds": 0.266547791659832, "innovation_std_sum": 90.47212142804185, "noise_marginal_std_sum": 105.66709276576073}
{"step": 260, "epoch": 5, "train_loss": 0.447231201171875, "clip_fraction": 0.325, "gradient_norm_mean": 29.05871875, "gradient_norm_max": 262.1618957519531, "step_seconds": 0.2664235606789589, "innovation_std_sum": 90.47212142804185, "noise_marginal_std_sum": 105.66709276576073}
{"step": 270, "epoch": 5, "train_loss": 0.4577373657226563, "clip_fraction": 0.336, "gradient_norm_mean": 30.1366484375, "gradient_norm_max": 270.8665466308594, "step_seconds": 0.2666337490081787, "innovation_std_sum": 90.47212142804185, "noise_marginal_std_sum": 105.66709276576073}
{"step": 280, "epoch": 5, "train_loss": 0.4922519226074219, "clip_fraction": 0.33, "gradient_norm_mean": 29.7834921875, "gradient_norm_max": 265.3663635253906, "step_seconds": 0.26647401601076126, "innovation_std_sum": 90.47212142804185, "noise_marginal_std_sum": 105.66709276576073}
{"step": 290, "epoch": 5, "train_loss": 0.470310546875, "clip_fraction": 0.327, "gradient_norm_mean": 28.605349609375, "gradient_norm_max": 271.1084899902344, "step_seconds": 0.2671476826071739, "innovation_std_sum": 90.47212142804185, "noise_marginal_std_sum": 105.66709276576073}
{"step": 300, "epoch": 5, "train_loss": 0.46985195922851564, "clip_fraction": 0.304, "gradient_norm_mean": 26.4002421875, "gradient_norm_max": 238.5485076904297, "step_seconds": 0.26644734665751457, "innovation_std_sum": 90.47212142804185, "noise_marginal_std_sum": 105.66709276576073}
{"step": 310, "epoch": 5, "train_loss": 0.48133627319335937, "clip_fraction": 0.337, "gradient_norm_mean": 31.02859765625, "gradient_norm_max": 332.89532470703125, "step_seconds": 0.12589306570589542, "innovation_std_sum": 90.47212142804185, "noise_marginal_std_sum": 105.66709276576073}
{"epoch": 5, "step": 310, "train_loss": 0.4747275548135081, "clip_fraction": 0.3275483870967742, "epsilon": 3.9999999999999685, "accuracy": 0.7568807339449541, "validation_loss": 0.6092241269732834, "validation_examples": 872}
