Loading weights:   0%|          | 0/39 [00:00<?, ?it/s]Loading weights: 100%|██████████| 39/39 [00:00<00:00, 19278.47it/s]
[transformers] [1mBertModel LOAD REPORT[0m from: /media/data/data/lt/dp-adam-correlated/cache/bert-tiny
Key                                        | Status     |  | 
-------------------------------------------+------------+--+-
cls.seq_relationship.weight                | UNEXPECTED |  | 
cls.seq_relationship.bias                  | UNEXPECTED |  | 
cls.predictions.bias                       | UNEXPECTED |  | 
cls.predictions.transform.LayerNorm.bias   | UNEXPECTED |  | 
cls.predictions.transform.LayerNorm.weight | UNEXPECTED |  | 
cls.predictions.decoder.bias               | UNEXPECTED |  | 
cls.predictions.decoder.weight             | UNEXPECTED |  | 
cls.predictions.transform.dense.weight     | UNEXPECTED |  | 
cls.predictions.transform.dense.bias       | UNEXPECTED |  | 

Notes:
- UNEXPECTED:	can be ignored when loading from different task/architecture; not ok if you expect identical arch.
sys:1: UserWarning: Full backward hook is firing when gradients are computed with respect to module outputs since no inputs require gradients. See https://docs.pytorch.org/docs/main/generated/torch.nn.Module.html#torch.nn.Module.register_full_backward_hook for more details.
{"step": 10, "epoch": 1, "train_loss": 0.7346845092773437, "clip_fraction": 0.471, "gradient_norm_mean": 108.5308046875, "gradient_norm_max": 243.71975708007812, "step_seconds": 0.12464047595858574, "innovation_std_sum": 457.2045876410015, "noise_marginal_std_sum": 630.6280027905789}
{"step": 20, "epoch": 1, "train_loss": 0.6708048706054688, "clip_fraction": 0.46, "gradient_norm_mean": 99.4364453125, "gradient_norm_max": 161.23126220703125, "step_seconds": 0.12533346004784107, "innovation_std_sum": 457.2045876410015, "noise_marginal_std_sum": 630.6280027905789}
{"step": 30, "epoch": 1, "train_loss": 0.6626900634765625, "clip_fraction": 0.561, "gradient_norm_mean": 106.62503125, "gradient_norm_max": 177.47117614746094, "step_seconds": 0.2660732064396143, "innovation_std_sum": 457.2045876410015, "noise_marginal_std_sum": 630.6280027905789}
{"step": 40, "epoch": 1, "train_loss": 0.6762369384765625, "clip_fraction": 0.496, "gradient_norm_mean": 116.161921875, "gradient_norm_max": 255.48936462402344, "step_seconds": 0.26359967328608036, "innovation_std_sum": 457.2045876410015, "noise_marginal_std_sum": 630.6280027905789}
{"step": 50, "epoch": 1, "train_loss": 0.6721691284179687, "clip_fraction": 0.587, "gradient_norm_mean": 129.184203125, "gradient_norm_max": 271.6478576660156, "step_seconds": 0.26588251255452633, "innovation_std_sum": 457.2045876410015, "noise_marginal_std_sum": 630.6280027905789}
{"step": 60, "epoch": 1, "train_loss": 0.6793798828125, "clip_fraction": 0.662, "gradient_norm_mean": 142.9866875, "gradient_norm_max": 314.6431579589844, "step_seconds": 0.16706001572310925, "innovation_std_sum": 457.2045876410015, "noise_marginal_std_sum": 630.6280027905789}
{"epoch": 1, "step": 62, "train_loss": 0.6807666084535661, "clip_fraction": 0.545741935483871, "epsilon": 2.983473211150575, "accuracy": 0.559730790802019, "validation_loss": 0.6681828701199717, "validation_examples": 5349}
{"step": 70, "epoch": 2, "train_loss": 0.66250341796875, "clip_fraction": 0.665, "gradient_norm_mean": 154.7915625, "gradient_norm_max": 367.75750732421875, "step_seconds": 0.2680496871471405, "innovation_std_sum": 457.2045876410015, "noise_marginal_std_sum": 630.6280027905789}
{"step": 80, "epoch": 2, "train_loss": 0.6796248168945312, "clip_fraction": 0.696, "gradient_norm_mean": 175.617640625, "gradient_norm_max": 530.1871948242188, "step_seconds": 0.2675336208194494, "innovation_std_sum": 457.2045876410015, "noise_marginal_std_sum": 630.6280027905789}
{"step": 90, "epoch": 2, "train_loss": 0.6270155029296876, "clip_fraction": 0.769, "gradient_norm_mean": 188.00828125, "gradient_norm_max": 475.2528381347656, "step_seconds": 0.17466989904642105, "innovation_std_sum": 457.2045876410015, "noise_marginal_std_sum": 630.6280027905789}
{"step": 100, "epoch": 2, "train_loss": 0.6825753173828125, "clip_fraction": 0.737, "gradient_norm_mean": 218.99265625, "gradient_norm_max": 597.0321655273438, "step_seconds": 0.26771725341677666, "innovation_std_sum": 457.2045876410015, "noise_marginal_std_sum": 630.6280027905789}
{"step": 110, "epoch": 2, "train_loss": 0.6585679931640624, "clip_fraction": 0.742, "gradient_norm_mean": 239.404234375, "gradient_norm_max": 732.1871948242188, "step_seconds": 0.1501194927841425, "innovation_std_sum": 457.2045876410015, "noise_marginal_std_sum": 630.6280027905789}
{"step": 120, "epoch": 2, "train_loss": 0.6224698486328125, "clip_fraction": 0.779, "gradient_norm_mean": 258.698046875, "gradient_norm_max": 877.244384765625, "step_seconds": 0.26970307528972626, "innovation_std_sum": 457.2045876410015, "noise_marginal_std_sum": 630.6280027905789}
{"epoch": 2, "step": 124, "train_loss": 0.655613280265562, "clip_fraction": 0.7235967741935484, "epsilon": 4.566965972959099, "accuracy": 0.6810618807253692, "validation_loss": 0.5903017682702904, "validation_examples": 5349}
{"step": 130, "epoch": 3, "train_loss": 0.5870142211914062, "clip_fraction": 0.763, "gradient_norm_mean": 272.30215625, "gradient_norm_max": 921.6386108398438, "step_seconds": 0.2679872438311577, "innovation_std_sum": 457.2045876410015, "noise_marginal_std_sum": 630.6280027905789}
{"step": 140, "epoch": 3, "train_loss": 0.619686279296875, "clip_fraction": 0.755, "gradient_norm_mean": 307.1901875, "gradient_norm_max": 1048.8817138671875, "step_seconds": 0.2677201684564352, "innovation_std_sum": 457.2045876410015, "noise_marginal_std_sum": 630.6280027905789}
{"step": 150, "epoch": 3, "train_loss": 0.565752197265625, "clip_fraction": 0.747, "gradient_norm_mean": 311.64478125, "gradient_norm_max": 1198.6463623046875, "step_seconds": 0.2712067309767008, "innovation_std_sum": 457.2045876410015, "noise_marginal_std_sum": 630.6280027905789}
{"step": 160, "epoch": 3, "train_loss": 0.61985888671875, "clip_fraction": 0.714, "gradient_norm_mean": 350.2606875, "gradient_norm_max": 1489.8768310546875, "step_seconds": 0.20226222090423107, "innovation_std_sum": 457.2045876410015, "noise_marginal_std_sum": 630.6280027905789}
{"step": 170, "epoch": 3, "train_loss": 0.5957068481445312, "clip_fraction": 0.7, "gradient_norm_mean": 374.50490625, "gradient_norm_max": 1459.9425048828125, "step_seconds": 0.26895094104111195, "innovation_std_sum": 457.2045876410015, "noise_marginal_std_sum": 630.6280027905789}
{"step": 180, "epoch": 3, "train_loss": 0.6249854125976563, "clip_fraction": 0.685, "gradient_norm_mean": 385.7848125, "gradient_norm_max": 1431.8472900390625, "step_seconds": 0.27138208970427513, "innovation_std_sum": 457.2045876410015, "noise_marginal_std_sum": 630.6280027905789}
{"epoch": 3, "step": 186, "train_loss": 0.598278068296371, "clip_fraction": 0.7312741935483871, "epsilon": 5.849088165717443, "accuracy": 0.7225649654140961, "validation_loss": 0.5883618902326588, "validation_examples": 5349}
{"step": 190, "epoch": 4, "train_loss": 0.5837154541015624, "clip_fraction": 0.699, "gradient_norm_mean": 410.3356875, "gradient_norm_max": 1671.3118896484375, "step_seconds": 0.2708600554615259, "innovation_std_sum": 457.2045876410015, "noise_marginal_std_sum": 630.6280027905789}
{"step": 200, "epoch": 4, "train_loss": 0.5974095458984375, "clip_fraction": 0.665, "gradient_norm_mean": 424.4529375, "gradient_norm_max": 2001.783203125, "step_seconds": 0.2708520386368036, "innovation_std_sum": 457.2045876410015, "noise_marginal_std_sum": 630.6280027905789}
{"step": 210, "epoch": 4, "train_loss": 0.6528406982421875, "clip_fraction": 0.649, "gradient_norm_mean": 442.8034375, "gradient_norm_max": 2108.385498046875, "step_seconds": 0.20978141576051712, "innovation_std_sum": 457.2045876410015, "noise_marginal_std_sum": 630.6280027905789}
{"step": 220, "epoch": 4, "train_loss": 0.6200343017578125, "clip_fraction": 0.622, "gradient_norm_mean": 455.0764375, "gradient_norm_max": 2110.983154296875, "step_seconds": 0.2698351629078388, "innovation_std_sum": 457.2045876410015, "noise_marginal_std_sum": 630.6280027905789}
{"step": 230, "epoch": 4, "train_loss": 0.633413330078125, "clip_fraction": 0.617, "gradient_norm_mean": 458.5096875, "gradient_norm_max": 2008.781005859375, "step_seconds": 0.2706783711910248, "innovation_std_sum": 457.2045876410015, "noise_marginal_std_sum": 630.6280027905789}
{"step": 240, "epoch": 4, "train_loss": 0.5807411499023437, "clip_fraction": 0.603, "gradient_norm_mean": 487.57325, "gradient_norm_max": 2321.500244140625, "step_seconds": 0.2655740063637495, "innovation_std_sum": 457.2045876410015, "noise_marginal_std_sum": 630.6280027905789}
{"epoch": 4, "step": 248, "train_loss": 0.6128756851688508, "clip_fraction": 0.6267258064516129, "epsilon": 6.974398475295221, "accuracy": 0.7420078519349411, "validation_loss": 0.631403944607783, "validation_examples": 5349}
{"step": 250, "epoch": 5, "train_loss": 0.6769171142578125, "clip_fraction": 0.559, "gradient_norm_mean": 461.809, "gradient_norm_max": 2257.291015625, "step_seconds": 0.27131909504532814, "innovation_std_sum": 457.2045876410015, "noise_marginal_std_sum": 630.6280027905789}
{"step": 260, "epoch": 5, "train_loss": 0.5844693603515625, "clip_fraction": 0.581, "gradient_norm_mean": 486.535125, "gradient_norm_max": 2796.812744140625, "step_seconds": 0.2126656211912632, "innovation_std_sum": 457.2045876410015, "noise_marginal_std_sum": 630.6280027905789}
{"step": 270, "epoch": 5, "train_loss": 0.637302978515625, "clip_fraction": 0.558, "gradient_norm_mean": 499.38196875, "gradient_norm_max": 2413.481689453125, "step_seconds": 0.270702226087451, "innovation_std_sum": 457.2045876410015, "noise_marginal_std_sum": 630.6280027905789}
{"step": 280, "epoch": 5, "train_loss": 0.6157228393554688, "clip_fraction": 0.566, "gradient_norm_mean": 501.8970625, "gradient_norm_max": 2661.297119140625, "step_seconds": 0.26973365247249603, "innovation_std_sum": 457.2045876410015, "noise_marginal_std_sum": 630.6280027905789}
{"step": 290, "epoch": 5, "train_loss": 0.6218067626953125, "clip_fraction": 0.534, "gradient_norm_mean": 496.18796875, "gradient_norm_max": 3442.152587890625, "step_seconds": 0.2725044060498476, "innovation_std_sum": 457.2045876410015, "noise_marginal_std_sum": 630.6280027905789}
{"step": 300, "epoch": 5, "train_loss": 0.6211348876953126, "clip_fraction": 0.524, "gradient_norm_mean": 474.73784375, "gradient_norm_max": 3461.11328125, "step_seconds": 0.27097432874143124, "innovation_std_sum": 457.2045876410015, "noise_marginal_std_sum": 630.6280027905789}
{"step": 310, "epoch": 5, "train_loss": 0.6628411865234375, "clip_fraction": 0.561, "gradient_norm_mean": 519.02159375, "gradient_norm_max": 3369.05517578125, "step_seconds": 0.2702307254076004, "innovation_std_sum": 457.2045876410015, "noise_marginal_std_sum": 630.6280027905789}
{"epoch": 5, "step": 310, "train_loss": 0.6401032222624748, "clip_fraction": 0.554483870967742, "epsilon": 8.000000000000005, "accuracy": 0.7597681809684053, "validation_loss": 0.6519408890144204, "validation_examples": 5349}
