Loading weights:   0%|          | 0/39 [00:00<?, ?it/s]Loading weights: 100%|██████████| 39/39 [00:00<00:00, 23563.51it/s]
[transformers] [1mBertModel LOAD REPORT[0m from: /media/data/data/lt/dp-adam-correlated/cache/bert-tiny
Key                                        | Status     |  | 
-------------------------------------------+------------+--+-
cls.predictions.transform.dense.weight     | UNEXPECTED |  | 
cls.predictions.decoder.bias               | UNEXPECTED |  | 
cls.predictions.transform.LayerNorm.bias   | UNEXPECTED |  | 
cls.predictions.bias                       | UNEXPECTED |  | 
cls.seq_relationship.weight                | UNEXPECTED |  | 
cls.predictions.transform.dense.bias       | UNEXPECTED |  | 
cls.predictions.decoder.weight             | UNEXPECTED |  | 
cls.seq_relationship.bias                  | UNEXPECTED |  | 
cls.predictions.transform.LayerNorm.weight | UNEXPECTED |  | 

Notes:
- UNEXPECTED:	can be ignored when loading from different task/architecture; not ok if you expect identical arch.
sys:1: UserWarning: Full backward hook is firing when gradients are computed with respect to module outputs since no inputs require gradients. See https://docs.pytorch.org/docs/main/generated/torch.nn.Module.html#torch.nn.Module.register_full_backward_hook for more details.
{"step": 10, "epoch": 1, "train_loss": 1.5974405517578125, "clip_fraction": 1.0, "gradient_norm_mean": 8.1509111328125, "gradient_norm_max": 35.723838806152344, "step_seconds": 0.2607093248516321, "innovation_std_sum": 0.40264590225254543, "noise_marginal_std_sum": 0.40264590225254543}
{"step": 20, "epoch": 1, "train_loss": 1.698291259765625, "clip_fraction": 0.869, "gradient_norm_mean": 13.0528125, "gradient_norm_max": 52.9098014831543, "step_seconds": 0.257463026791811, "innovation_std_sum": 0.40264590225254543, "noise_marginal_std_sum": 0.40264590225254543}
{"step": 30, "epoch": 1, "train_loss": 1.501872314453125, "clip_fraction": 0.825, "gradient_norm_mean": 27.509515625, "gradient_norm_max": 101.1051254272461, "step_seconds": 0.26099503226578236, "innovation_std_sum": 0.40264590225254543, "noise_marginal_std_sum": 0.40264590225254543}
{"step": 40, "epoch": 1, "train_loss": 0.9518297119140625, "clip_fraction": 0.861, "gradient_norm_mean": 41.8208984375, "gradient_norm_max": 192.99708557128906, "step_seconds": 0.2606281340122223, "innovation_std_sum": 0.40264590225254543, "noise_marginal_std_sum": 0.40264590225254543}
{"step": 50, "epoch": 1, "train_loss": 1.1202041015625, "clip_fraction": 0.756, "gradient_norm_mean": 55.535640625, "gradient_norm_max": 379.1232604980469, "step_seconds": 0.26309938356280327, "innovation_std_sum": 0.40264590225254543, "noise_marginal_std_sum": 0.40264590225254543}
{"step": 60, "epoch": 1, "train_loss": 1.466270263671875, "clip_fraction": 0.587, "gradient_norm_mean": 78.173078125, "gradient_norm_max": 593.1653442382812, "step_seconds": 0.26477609388530254, "innovation_std_sum": 0.40264590225254543, "noise_marginal_std_sum": 0.40264590225254543}
{"epoch": 1, "step": 62, "train_loss": 1.3444983323620212, "clip_fraction": 0.7685967741935484, "epsilon": 3.1232925162148586, "accuracy": 0.7405122452794914, "validation_loss": 1.4390317396619294, "validation_examples": 5349}
{"step": 70, "epoch": 2, "train_loss": 1.3659912109375, "clip_fraction": 0.517, "gradient_norm_mean": 84.83725, "gradient_norm_max": 718.83203125, "step_seconds": 0.26448684372007847, "innovation_std_sum": 0.40264590225254543, "noise_marginal_std_sum": 0.40264590225254543}
{"step": 80, "epoch": 2, "train_loss": 1.34575830078125, "clip_fraction": 0.513, "gradient_norm_mean": 80.9245859375, "gradient_norm_max": 743.3304443359375, "step_seconds": 0.2657861206680536, "innovation_std_sum": 0.40264590225254543, "noise_marginal_std_sum": 0.40264590225254543}
{"step": 90, "epoch": 2, "train_loss": 1.20088134765625, "clip_fraction": 0.482, "gradient_norm_mean": 67.019640625, "gradient_norm_max": 776.2648315429688, "step_seconds": 0.2686680518090725, "innovation_std_sum": 0.40264590225254543, "noise_marginal_std_sum": 0.40264590225254543}
{"step": 100, "epoch": 2, "train_loss": 1.236701904296875, "clip_fraction": 0.469, "gradient_norm_mean": 74.153859375, "gradient_norm_max": 891.3984375, "step_seconds": 0.2684781663119793, "innovation_std_sum": 0.40264590225254543, "noise_marginal_std_sum": 0.40264590225254543}
{"step": 110, "epoch": 2, "train_loss": 1.04977294921875, "clip_fraction": 0.451, "gradient_norm_mean": 60.2665234375, "gradient_norm_max": 899.51904296875, "step_seconds": 0.2667902521789074, "innovation_std_sum": 0.40264590225254543, "noise_marginal_std_sum": 0.40264590225254543}
{"step": 120, "epoch": 2, "train_loss": 1.06608056640625, "clip_fraction": 0.441, "gradient_norm_mean": 70.844578125, "gradient_norm_max": 1101.0535888671875, "step_seconds": 0.14719278365373611, "innovation_std_sum": 0.40264590225254543, "noise_marginal_std_sum": 0.40264590225254543}
{"epoch": 2, "step": 124, "train_loss": 1.2349548940350932, "clip_fraction": 0.4905, "epsilon": 4.650921021133024, "accuracy": 0.7752851000186951, "validation_loss": 1.2001663239386888, "validation_examples": 5349}
{"step": 130, "epoch": 3, "train_loss": 1.071895751953125, "clip_fraction": 0.463, "gradient_norm_mean": 66.0599765625, "gradient_norm_max": 998.7874755859375, "step_seconds": 0.15923140570521355, "innovation_std_sum": 0.40264590225254543, "noise_marginal_std_sum": 0.40264590225254543}
{"step": 140, "epoch": 3, "train_loss": 1.182426513671875, "clip_fraction": 0.461, "gradient_norm_mean": 75.4462734375, "gradient_norm_max": 1084.87109375, "step_seconds": 0.2718458343297243, "innovation_std_sum": 0.40264590225254543, "noise_marginal_std_sum": 0.40264590225254543}
{"step": 150, "epoch": 3, "train_loss": 1.221650146484375, "clip_fraction": 0.445, "gradient_norm_mean": 75.2708359375, "gradient_norm_max": 1070.7305908203125, "step_seconds": 0.2690871376544237, "innovation_std_sum": 0.40264590225254543, "noise_marginal_std_sum": 0.40264590225254543}
{"step": 160, "epoch": 3, "train_loss": 1.1925843505859375, "clip_fraction": 0.436, "gradient_norm_mean": 68.429234375, "gradient_norm_max": 869.90478515625, "step_seconds": 0.2711888402700424, "innovation_std_sum": 0.40264590225254543, "noise_marginal_std_sum": 0.40264590225254543}
{"step": 170, "epoch": 3, "train_loss": 1.2550738525390626, "clip_fraction": 0.42, "gradient_norm_mean": 71.397234375, "gradient_norm_max": 1112.4375, "step_seconds": 0.26994477957487106, "innovation_std_sum": 0.40264590225254543, "noise_marginal_std_sum": 0.40264590225254543}
{"step": 180, "epoch": 3, "train_loss": 1.116591064453125, "clip_fraction": 0.42, "gradient_norm_mean": 64.55851171875, "gradient_norm_max": 1065.390869140625, "step_seconds": 0.2579729612916708, "innovation_std_sum": 0.40264590225254543, "noise_marginal_std_sum": 0.40264590225254543}
{"epoch": 3, "step": 186, "train_loss": 1.1237574246314264, "clip_fraction": 0.4309516129032258, "epsilon": 5.897172094191148, "accuracy": 0.7894933632454665, "validation_loss": 1.1199427241141562, "validation_examples": 5349}
{"step": 190, "epoch": 4, "train_loss": 0.9738916015625, "clip_fraction": 0.395, "gradient_norm_mean": 67.79334375, "gradient_norm_max": 1170.396728515625, "step_seconds": 0.17829417809844017, "innovation_std_sum": 0.40264590225254543, "noise_marginal_std_sum": 0.40264590225254543}
{"step": 200, "epoch": 4, "train_loss": 1.169845703125, "clip_fraction": 0.421, "gradient_norm_mean": 71.0036484375, "gradient_norm_max": 1169.2745361328125, "step_seconds": 0.2650896664708853, "innovation_std_sum": 0.40264590225254543, "noise_marginal_std_sum": 0.40264590225254543}
{"step": 210, "epoch": 4, "train_loss": 1.1125284423828126, "clip_fraction": 0.416, "gradient_norm_mean": 66.2349765625, "gradient_norm_max": 1072.617919921875, "step_seconds": 0.2645662687718868, "innovation_std_sum": 0.40264590225254543, "noise_marginal_std_sum": 0.40264590225254543}
{"step": 220, "epoch": 4, "train_loss": 1.073863037109375, "clip_fraction": 0.402, "gradient_norm_mean": 59.79171875, "gradient_norm_max": 1166.4530029296875, "step_seconds": 0.26500447653234005, "innovation_std_sum": 0.40264590225254543, "noise_marginal_std_sum": 0.40264590225254543}
{"step": 230, "epoch": 4, "train_loss": 1.0264171142578125, "clip_fraction": 0.399, "gradient_norm_mean": 56.5542890625, "gradient_norm_max": 1385.6849365234375, "step_seconds": 0.12615893967449665, "innovation_std_sum": 0.40264590225254543, "noise_marginal_std_sum": 0.40264590225254543}
{"step": 240, "epoch": 4, "train_loss": 1.1334149169921874, "clip_fraction": 0.389, "gradient_norm_mean": 65.8218515625, "gradient_norm_max": 1267.703369140625, "step_seconds": 0.26186104118824005, "innovation_std_sum": 0.40264590225254543, "noise_marginal_std_sum": 0.40264590225254543}
{"epoch": 4, "step": 248, "train_loss": 1.0802745548371346, "clip_fraction": 0.39245161290322583, "epsilon": 6.99603315708177, "accuracy": 0.7952888390353338, "validation_loss": 1.1126224241829026, "validation_examples": 5349}
{"step": 250, "epoch": 5, "train_loss": 1.182013916015625, "clip_fraction": 0.361, "gradient_norm_mean": 65.5257890625, "gradient_norm_max": 1786.9844970703125, "step_seconds": 0.1809385120868683, "innovation_std_sum": 0.40264590225254543, "noise_marginal_std_sum": 0.40264590225254543}
{"step": 260, "epoch": 5, "train_loss": 1.136228515625, "clip_fraction": 0.373, "gradient_norm_mean": 70.3740078125, "gradient_norm_max": 1213.0869140625, "step_seconds": 0.2661717012524605, "innovation_std_sum": 0.40264590225254543, "noise_marginal_std_sum": 0.40264590225254543}
{"step": 270, "epoch": 5, "train_loss": 1.016894287109375, "clip_fraction": 0.352, "gradient_norm_mean": 52.706359375, "gradient_norm_max": 1198.8660888671875, "step_seconds": 0.2656197603791952, "innovation_std_sum": 0.40264590225254543, "noise_marginal_std_sum": 0.40264590225254543}
{"step": 280, "epoch": 5, "train_loss": 0.96523828125, "clip_fraction": 0.366, "gradient_norm_mean": 55.6725546875, "gradient_norm_max": 987.08740234375, "step_seconds": 0.26009264029562473, "innovation_std_sum": 0.40264590225254543, "noise_marginal_std_sum": 0.40264590225254543}
{"step": 290, "epoch": 5, "train_loss": 1.0509732666015625, "clip_fraction": 0.358, "gradient_norm_mean": 56.7639375, "gradient_norm_max": 1182.210205078125, "step_seconds": 0.2619930561631918, "innovation_std_sum": 0.40264590225254543, "noise_marginal_std_sum": 0.40264590225254543}
{"step": 300, "epoch": 5, "train_loss": 1.0064755859375, "clip_fraction": 0.351, "gradient_norm_mean": 53.95952734375, "gradient_norm_max": 1163.568603515625, "step_seconds": 0.26476649940013885, "innovation_std_sum": 0.40264590225254543, "noise_marginal_std_sum": 0.40264590225254543}
{"step": 310, "epoch": 5, "train_loss": 1.122326416015625, "clip_fraction": 0.377, "gradient_norm_mean": 58.84680078125, "gradient_norm_max": 1163.4306640625, "step_seconds": 0.265044242143631, "innovation_std_sum": 0.40264590225254543, "noise_marginal_std_sum": 0.40264590225254543}
{"epoch": 5, "step": 310, "train_loss": 1.0547939955188381, "clip_fraction": 0.3678064516129032, "epsilon": 8.000000000000005, "accuracy": 0.8007104131613386, "validation_loss": 1.0753848121687282, "validation_examples": 5349}
