/home/longt29/miniconda3/envs/curve/lib/python3.11/site-packages/torchvision/datasets/cifar.py:83: VisibleDeprecationWarning: dtype(): align should be passed as Python or NumPy boolean but got `align=0`. Did you mean to pass a tuple to create a subarray type? (Deprecated NumPy 2.4)
  entry = pickle.load(f, encoding="latin1")
{"method": "dp-adam-momentum-bias-bandinvmf", "smoke": false, "calibration": {"target_mu": 1.6660305978457184, "sensitivity": 4.065608121489227, "innovation_std_sum": 73.20888572058001, "adjacency": "add_remove_zero_out", "k": 5, "b_participation": 50, "sampling_amplification": false}, "coefficients": [1.0, -0.53161943769869, -0.0779998119461293, -0.2795535556950146]}
sys:1: UserWarning: Full backward hook is firing when gradients are computed with respect to module outputs since no inputs require gradients. See https://docs.pytorch.org/docs/main/generated/torch.nn.Module.html#torch.nn.Module.register_full_backward_hook for more details.
{"progress_step": 10, "epoch": 1, "train_loss_so_far": 4.640984509277343, "clip_fraction_so_far": 1.0}
{"progress_step": 20, "epoch": 1, "train_loss_so_far": 4.358864010620117, "clip_fraction_so_far": 1.0}
{"progress_step": 30, "epoch": 1, "train_loss_so_far": 4.065388464355469, "clip_fraction_so_far": 0.9995333333333334}
{"progress_step": 40, "epoch": 1, "train_loss_so_far": 3.7965814346313476, "clip_fraction_so_far": 0.997725}
{"progress_step": 50, "epoch": 1, "train_loss_so_far": 3.564497835693359, "clip_fraction_so_far": 0.9944}
{"epoch": 1, "logical_steps": 50, "train_examples": 50000, "train_loss": 3.564497835693359, "test_loss": 2.1125391326904297, "test_top1": 0.4535, "clip_fraction": 0.9944, "gdp_mu": 0.7271304784322895, "gdp_epsilon": 3.037976902428692, "target_mu": 1.6660305978457184, "target_epsilon": 8.0, "delta": 1e-05, "noise_std": 0.08559034234029003, "noise_std_space": "gradient", "innovation_std_sum": 73.20888572058001, "augmentation_trace_sha256": "eb38061316bcc37b021a6fd5e35df885ea987663f026a0c19339760bf3e847d3", "seconds": 149.13930847495794}
{"progress_step": 60, "epoch": 2, "train_loss_so_far": 2.346881903076172, "clip_fraction_so_far": 0.9531}
{"progress_step": 70, "epoch": 2, "train_loss_so_far": 2.263148161315918, "clip_fraction_so_far": 0.93945}
{"progress_step": 80, "epoch": 2, "train_loss_so_far": 2.1763356536865235, "clip_fraction_so_far": 0.9248}
{"progress_step": 90, "epoch": 2, "train_loss_so_far": 2.101543344116211, "clip_fraction_so_far": 0.9106}
{"progress_step": 100, "epoch": 2, "train_loss_so_far": 2.0386856591796874, "clip_fraction_so_far": 0.89722}
{"epoch": 2, "logical_steps": 100, "train_examples": 50000, "train_loss": 2.0386856591796874, "test_loss": 1.2690298278808594, "test_top1": 0.6461, "clip_fraction": 0.89722, "gdp_mu": 1.0438331619280494, "gdp_epsilon": 4.600416946348178, "target_mu": 1.6660305978457184, "target_epsilon": 8.0, "delta": 1e-05, "noise_std": 0.08559034234029003, "noise_std_space": "gradient", "innovation_std_sum": 73.20888572058001, "augmentation_trace_sha256": "257e692163c8eed63984477e567ada19e94946ac2c058472d79dac1b521d4db7", "seconds": 136.9812777042389}
{"progress_step": 110, "epoch": 3, "train_loss_so_far": 1.682589077758789, "clip_fraction_so_far": 0.819}
{"progress_step": 120, "epoch": 3, "train_loss_so_far": 1.6604572036743164, "clip_fraction_so_far": 0.80835}
{"progress_step": 130, "epoch": 3, "train_loss_so_far": 1.643031265258789, "clip_fraction_so_far": 0.7992}
{"progress_step": 140, "epoch": 3, "train_loss_so_far": 1.617982048034668, "clip_fraction_so_far": 0.7886}
{"progress_step": 150, "epoch": 3, "train_loss_so_far": 1.5968806201171875, "clip_fraction_so_far": 0.77954}
{"epoch": 3, "logical_steps": 150, "train_examples": 50000, "train_loss": 1.5968806201171875, "test_loss": 0.9777260528564453, "test_top1": 0.7144, "clip_fraction": 0.77954, "gdp_mu": 1.2851399415460758, "gdp_epsilon": 5.868262919898993, "target_mu": 1.6660305978457184, "target_epsilon": 8.0, "delta": 1e-05, "noise_std": 0.08559034234029003, "noise_std_space": "gradient", "innovation_std_sum": 73.20888572058001, "augmentation_trace_sha256": "75b88e45730987647265e9b72d6e060cab185b673afd46d2d7a20342f7c95065", "seconds": 137.98677091673017}
{"progress_step": 160, "epoch": 4, "train_loss_so_far": 1.4611606170654297, "clip_fraction_so_far": 0.7225}
{"progress_step": 170, "epoch": 4, "train_loss_so_far": 1.4575343109130858, "clip_fraction_so_far": 0.7207}
{"progress_step": 180, "epoch": 4, "train_loss_so_far": 1.4521641418457032, "clip_fraction_so_far": 0.7162333333333334}
{"progress_step": 190, "epoch": 4, "train_loss_so_far": 1.4323706558227538, "clip_fraction_so_far": 0.7087}
{"progress_step": 200, "epoch": 4, "train_loss_so_far": 1.4236646600341798, "clip_fraction_so_far": 0.70476}
{"epoch": 4, "logical_steps": 200, "train_examples": 50000, "train_loss": 1.4236646600341798, "test_loss": 0.849094448852539, "test_top1": 0.7469, "clip_fraction": 0.70476, "gdp_mu": 1.4878241288541525, "gdp_epsilon": 6.9830197665238485, "target_mu": 1.6660305978457184, "target_epsilon": 8.0, "delta": 1e-05, "noise_std": 0.08559034234029003, "noise_std_space": "gradient", "innovation_std_sum": 73.20888572058001, "augmentation_trace_sha256": "18a9d1ac6e60f68aa1632f8377bc5e08252c728506236a6e55e3089e326bc967", "seconds": 142.67965126782656}
{"progress_step": 210, "epoch": 5, "train_loss_so_far": 1.3383810668945313, "clip_fraction_so_far": 0.671}
{"progress_step": 220, "epoch": 5, "train_loss_so_far": 1.344811361694336, "clip_fraction_so_far": 0.67075}
{"progress_step": 230, "epoch": 5, "train_loss_so_far": 1.3391759674072266, "clip_fraction_so_far": 0.6678}
{"progress_step": 240, "epoch": 5, "train_loss_so_far": 1.3350886253356933, "clip_fraction_so_far": 0.662525}
{"progress_step": 250, "epoch": 5, "train_loss_so_far": 1.3286952844238282, "clip_fraction_so_far": 0.65896}
{"epoch": 5, "logical_steps": 250, "train_examples": 50000, "train_loss": 1.3286952844238282, "test_loss": 0.7784873504638672, "test_top1": 0.7664, "clip_fraction": 0.65896, "gdp_mu": 1.6660305978457184, "gdp_epsilon": 8.000000000000005, "target_mu": 1.6660305978457184, "target_epsilon": 8.0, "delta": 1e-05, "noise_std": 0.08559034234029003, "noise_std_space": "gradient", "innovation_std_sum": 73.20888572058001, "augmentation_trace_sha256": "40c369f851729ec1bd8a4f0460438ddfe34ef997ab09028d6fc973b7b5af2252", "seconds": 136.79925624467432}
{"status": "completed", "results": "/media/data/data/lt/dp-adam-correlated/exp7b/results/final/trials/d535ff19045272c1"}
