Loading weights:   0%|          | 0/39 [00:00<?, ?it/s]Loading weights: 100%|██████████| 39/39 [00:00<00:00, 12722.86it/s]
[transformers] [1mBertModel LOAD REPORT[0m from: /media/data/data/lt/dp-adam-correlated/cache/bert-tiny
Key                                        | Status     |  | 
-------------------------------------------+------------+--+-
cls.seq_relationship.bias                  | UNEXPECTED |  | 
cls.predictions.transform.LayerNorm.bias   | UNEXPECTED |  | 
cls.predictions.decoder.bias               | UNEXPECTED |  | 
cls.predictions.transform.dense.weight     | UNEXPECTED |  | 
cls.predictions.transform.dense.bias       | UNEXPECTED |  | 
cls.seq_relationship.weight                | UNEXPECTED |  | 
cls.predictions.transform.LayerNorm.weight | UNEXPECTED |  | 
cls.predictions.bias                       | UNEXPECTED |  | 
cls.predictions.decoder.weight             | UNEXPECTED |  | 

Notes:
- UNEXPECTED:	can be ignored when loading from different task/architecture; not ok if you expect identical arch.
sys:1: UserWarning: Full backward hook is firing when gradients are computed with respect to module outputs since no inputs require gradients. See https://docs.pytorch.org/docs/main/generated/torch.nn.Module.html#torch.nn.Module.register_full_backward_hook for more details.
{"step": 10, "epoch": 1, "train_loss": 0.665725830078125, "clip_fraction": 0.236, "gradient_norm_mean": 8.231931640625, "gradient_norm_max": 13.288134574890137, "step_seconds": 0.2830088436603546, "innovation_std_sum": 45.72045876410015, "noise_marginal_std_sum": 63.06280027905789}
{"step": 20, "epoch": 1, "train_loss": 0.668610107421875, "clip_fraction": 0.531, "gradient_norm_mean": 11.166322265625, "gradient_norm_max": 24.766695022583008, "step_seconds": 0.27498169615864754, "innovation_std_sum": 45.72045876410015, "noise_marginal_std_sum": 63.06280027905789}
{"step": 30, "epoch": 1, "train_loss": 0.6431900634765625, "clip_fraction": 0.671, "gradient_norm_mean": 15.882388671875, "gradient_norm_max": 42.25188064575195, "step_seconds": 0.28366140089929104, "innovation_std_sum": 45.72045876410015, "noise_marginal_std_sum": 63.06280027905789}
{"step": 40, "epoch": 1, "train_loss": 0.6060681762695312, "clip_fraction": 0.709, "gradient_norm_mean": 21.69583984375, "gradient_norm_max": 67.6318130493164, "step_seconds": 0.2856453452259302, "innovation_std_sum": 45.72045876410015, "noise_marginal_std_sum": 63.06280027905789}
{"step": 50, "epoch": 1, "train_loss": 0.5970804443359375, "clip_fraction": 0.659, "gradient_norm_mean": 27.080390625, "gradient_norm_max": 106.05754089355469, "step_seconds": 0.28836583718657494, "innovation_std_sum": 45.72045876410015, "noise_marginal_std_sum": 63.06280027905789}
{"step": 60, "epoch": 1, "train_loss": 0.56126025390625, "clip_fraction": 0.581, "gradient_norm_mean": 31.49612109375, "gradient_norm_max": 147.5897674560547, "step_seconds": 0.288032790645957, "innovation_std_sum": 45.72045876410015, "noise_marginal_std_sum": 63.06280027905789}
{"epoch": 1, "step": 62, "train_loss": 0.6234486458070817, "clip_fraction": 0.5314516129032258, "epsilon": 2.983473211150575, "accuracy": 0.7247706422018348, "validation_loss": 0.653082921964313, "validation_examples": 872}
{"step": 70, "epoch": 2, "train_loss": 0.6215352783203125, "clip_fraction": 0.537, "gradient_norm_mean": 35.945640625, "gradient_norm_max": 187.0652313232422, "step_seconds": 0.29261026345193386, "innovation_std_sum": 45.72045876410015, "noise_marginal_std_sum": 63.06280027905789}
{"step": 80, "epoch": 2, "train_loss": 0.6581002197265625, "clip_fraction": 0.526, "gradient_norm_mean": 40.054, "gradient_norm_max": 221.3634490966797, "step_seconds": 0.27621668949723244, "innovation_std_sum": 45.72045876410015, "noise_marginal_std_sum": 63.06280027905789}
{"step": 90, "epoch": 2, "train_loss": 0.6627330322265625, "clip_fraction": 0.467, "gradient_norm_mean": 39.54640234375, "gradient_norm_max": 215.82968139648438, "step_seconds": 0.2871011160314083, "innovation_std_sum": 45.72045876410015, "noise_marginal_std_sum": 63.06280027905789}
{"step": 100, "epoch": 2, "train_loss": 0.6763341064453126, "clip_fraction": 0.491, "gradient_norm_mean": 42.33269140625, "gradient_norm_max": 268.57464599609375, "step_seconds": 0.29194373451173306, "innovation_std_sum": 45.72045876410015, "noise_marginal_std_sum": 63.06280027905789}
{"step": 110, "epoch": 2, "train_loss": 0.60266943359375, "clip_fraction": 0.462, "gradient_norm_mean": 41.52938671875, "gradient_norm_max": 291.2872619628906, "step_seconds": 0.2860726844519377, "innovation_std_sum": 45.72045876410015, "noise_marginal_std_sum": 63.06280027905789}
{"step": 120, "epoch": 2, "train_loss": 0.6556242065429687, "clip_fraction": 0.461, "gradient_norm_mean": 43.1656875, "gradient_norm_max": 278.4474182128906, "step_seconds": 0.2981450203806162, "innovation_std_sum": 45.72045876410015, "noise_marginal_std_sum": 63.06280027905789}
{"epoch": 2, "step": 124, "train_loss": 0.6447300631615424, "clip_fraction": 0.4933709677419355, "epsilon": 4.566965972959099, "accuracy": 0.7591743119266054, "validation_loss": 0.7760824150995377, "validation_examples": 872}
{"step": 130, "epoch": 3, "train_loss": 0.6339197998046875, "clip_fraction": 0.459, "gradient_norm_mean": 42.1035703125, "gradient_norm_max": 338.3248291015625, "step_seconds": 0.2930735982954502, "innovation_std_sum": 45.72045876410015, "noise_marginal_std_sum": 63.06280027905789}
{"step": 140, "epoch": 3, "train_loss": 0.6731285400390625, "clip_fraction": 0.444, "gradient_norm_mean": 41.052140625, "gradient_norm_max": 278.5890808105469, "step_seconds": 0.2902198638767004, "innovation_std_sum": 45.72045876410015, "noise_marginal_std_sum": 63.06280027905789}
{"step": 150, "epoch": 3, "train_loss": 0.650326904296875, "clip_fraction": 0.446, "gradient_norm_mean": 41.53542578125, "gradient_norm_max": 281.1936340332031, "step_seconds": 0.29844758100807667, "innovation_std_sum": 45.72045876410015, "noise_marginal_std_sum": 63.06280027905789}
{"step": 160, "epoch": 3, "train_loss": 0.6214488525390625, "clip_fraction": 0.439, "gradient_norm_mean": 41.93396484375, "gradient_norm_max": 271.94219970703125, "step_seconds": 0.29325318709015846, "innovation_std_sum": 45.72045876410015, "noise_marginal_std_sum": 63.06280027905789}
{"step": 170, "epoch": 3, "train_loss": 0.650732666015625, "clip_fraction": 0.439, "gradient_norm_mean": 41.5273515625, "gradient_norm_max": 297.8307189941406, "step_seconds": 0.2910254132002592, "innovation_std_sum": 45.72045876410015, "noise_marginal_std_sum": 63.06280027905789}
{"step": 180, "epoch": 3, "train_loss": 0.59670654296875, "clip_fraction": 0.421, "gradient_norm_mean": 38.91486328125, "gradient_norm_max": 296.8352355957031, "step_seconds": 0.28948384150862694, "innovation_std_sum": 45.72045876410015, "noise_marginal_std_sum": 63.06280027905789}
{"epoch": 3, "step": 186, "train_loss": 0.6219652089764995, "clip_fraction": 0.4281935483870968, "epsilon": 5.849088165717443, "accuracy": 0.7706422018348624, "validation_loss": 0.7491711957739033, "validation_examples": 872}
{"step": 190, "epoch": 4, "train_loss": 0.6476021728515625, "clip_fraction": 0.395, "gradient_norm_mean": 39.5083984375, "gradient_norm_max": 289.8281555175781, "step_seconds": 0.28798244521021843, "innovation_std_sum": 45.72045876410015, "noise_marginal_std_sum": 63.06280027905789}
{"step": 200, "epoch": 4, "train_loss": 0.6048228149414062, "clip_fraction": 0.399, "gradient_norm_mean": 39.833125, "gradient_norm_max": 313.1402893066406, "step_seconds": 0.29605324380099773, "innovation_std_sum": 45.72045876410015, "noise_marginal_std_sum": 63.06280027905789}
{"step": 210, "epoch": 4, "train_loss": 0.5529733276367188, "clip_fraction": 0.394, "gradient_norm_mean": 39.230734375, "gradient_norm_max": 293.7434997558594, "step_seconds": 0.28498382680118084, "innovation_std_sum": 45.72045876410015, "noise_marginal_std_sum": 63.06280027905789}
{"step": 220, "epoch": 4, "train_loss": 0.57068701171875, "clip_fraction": 0.397, "gradient_norm_mean": 40.02784375, "gradient_norm_max": 316.4261169433594, "step_seconds": 0.29620091803371906, "innovation_std_sum": 45.72045876410015, "noise_marginal_std_sum": 63.06280027905789}
{"step": 230, "epoch": 4, "train_loss": 0.5762274780273438, "clip_fraction": 0.383, "gradient_norm_mean": 37.1467109375, "gradient_norm_max": 318.1319885253906, "step_seconds": 0.2965491823852062, "innovation_std_sum": 45.72045876410015, "noise_marginal_std_sum": 63.06280027905789}
{"step": 240, "epoch": 4, "train_loss": 0.60529638671875, "clip_fraction": 0.403, "gradient_norm_mean": 41.3885078125, "gradient_norm_max": 340.3505859375, "step_seconds": 0.21922767162322998, "innovation_std_sum": 45.72045876410015, "noise_marginal_std_sum": 63.06280027905789}
{"epoch": 4, "step": 248, "train_loss": 0.5803529416976436, "clip_fraction": 0.3932258064516129, "epsilon": 6.974398475295221, "accuracy": 0.7740825688073395, "validation_loss": 0.7192532031907948, "validation_examples": 872}
{"step": 250, "epoch": 5, "train_loss": 0.5821994018554687, "clip_fraction": 0.391, "gradient_norm_mean": 36.78412890625, "gradient_norm_max": 290.6084289550781, "step_seconds": 0.27685912884771824, "innovation_std_sum": 45.72045876410015, "noise_marginal_std_sum": 63.06280027905789}
{"step": 260, "epoch": 5, "train_loss": 0.6088489990234375, "clip_fraction": 0.385, "gradient_norm_mean": 35.6473671875, "gradient_norm_max": 330.3000793457031, "step_seconds": 0.29911467246711254, "innovation_std_sum": 45.72045876410015, "noise_marginal_std_sum": 63.06280027905789}
{"step": 270, "epoch": 5, "train_loss": 0.61862109375, "clip_fraction": 0.385, "gradient_norm_mean": 38.6083359375, "gradient_norm_max": 319.6033630371094, "step_seconds": 0.2949019633233547, "innovation_std_sum": 45.72045876410015, "noise_marginal_std_sum": 63.06280027905789}
{"step": 280, "epoch": 5, "train_loss": 0.548884765625, "clip_fraction": 0.374, "gradient_norm_mean": 36.3035, "gradient_norm_max": 280.4099426269531, "step_seconds": 0.2961790356785059, "innovation_std_sum": 45.72045876410015, "noise_marginal_std_sum": 63.06280027905789}
{"step": 290, "epoch": 5, "train_loss": 0.4961343688964844, "clip_fraction": 0.357, "gradient_norm_mean": 34.365609375, "gradient_norm_max": 356.795166015625, "step_seconds": 0.2934218682348728, "innovation_std_sum": 45.72045876410015, "noise_marginal_std_sum": 63.06280027905789}
{"step": 300, "epoch": 5, "train_loss": 0.4747416381835938, "clip_fraction": 0.331, "gradient_norm_mean": 31.4509140625, "gradient_norm_max": 341.8166198730469, "step_seconds": 0.125780638307333, "innovation_std_sum": 45.72045876410015, "noise_marginal_std_sum": 63.06280027905789}
{"step": 310, "epoch": 5, "train_loss": 0.5452171630859375, "clip_fraction": 0.386, "gradient_norm_mean": 37.23310546875, "gradient_norm_max": 346.65570068359375, "step_seconds": 0.1323968917131424, "innovation_std_sum": 45.72045876410015, "noise_marginal_std_sum": 63.06280027905789}
{"epoch": 5, "step": 310, "train_loss": 0.548782487438571, "clip_fraction": 0.3675322580645161, "epsilon": 8.000000000000005, "accuracy": 0.7809633027522935, "validation_loss": 0.6838212450709912, "validation_examples": 872}
