/home/longt29/miniconda3/envs/curve/lib/python3.11/site-packages/torchvision/datasets/cifar.py:83: VisibleDeprecationWarning: dtype(): align should be passed as Python or NumPy boolean but got `align=0`. Did you mean to pass a tuple to create a subarray type? (Deprecated NumPy 2.4)
  entry = pickle.load(f, encoding="latin1")
{"method": "dp-adam-momentum-bandinvmf-scale", "smoke": false, "calibration": {"target_mu": 1.6660305978457184, "sensitivity": 7.852751308631718, "innovation_std_sum": 471.34496321891186, "adjacency": "add_remove_zero_out", "k": 5, "b_participation": 50, "sampling_amplification": false}, "coefficients": [1.0, -0.95, -0.0012500000000000844, -0.001187499999999897]}
sys:1: UserWarning: Full backward hook is firing when gradients are computed with respect to module outputs since no inputs require gradients. See https://docs.pytorch.org/docs/main/generated/torch.nn.Module.html#torch.nn.Module.register_full_backward_hook for more details.
{"progress_step": 10, "epoch": 1, "train_loss_so_far": 4.743061779785156, "clip_fraction_so_far": 1.0}
{"progress_step": 20, "epoch": 1, "train_loss_so_far": 4.52809013671875, "clip_fraction_so_far": 1.0}
{"progress_step": 30, "epoch": 1, "train_loss_so_far": 4.318915462239583, "clip_fraction_so_far": 1.0}
{"progress_step": 40, "epoch": 1, "train_loss_so_far": 4.1082344818115235, "clip_fraction_so_far": 1.0}
{"progress_step": 50, "epoch": 1, "train_loss_so_far": 3.9151972583007812, "clip_fraction_so_far": 0.9995}
{"epoch": 1, "logical_steps": 50, "train_examples": 50000, "train_loss": 3.9151972583007812, "test_loss": 2.7042959228515624, "test_top1": 0.3207, "clip_fraction": 0.9995, "gdp_mu": 0.692288791553462, "gdp_epsilon": 2.873426350654349, "target_mu": 1.6660305978457184, "target_epsilon": 8.0, "delta": 1e-05, "noise_std": 0.6501319995798853, "noise_std_space": "scaled", "innovation_std_sum": 471.34496321891186, "augmentation_trace_sha256": "53289bbf8c09b2bf7ccecc20b176a72c4ac2d432407c7d90dcdb95128404cce6", "seconds": 141.39933635666966}
{"progress_step": 60, "epoch": 2, "train_loss_so_far": 2.861921862792969, "clip_fraction_so_far": 0.9941}
{"progress_step": 70, "epoch": 2, "train_loss_so_far": 2.742398065185547, "clip_fraction_so_far": 0.9903}
{"progress_step": 80, "epoch": 2, "train_loss_so_far": 2.6351578348795575, "clip_fraction_so_far": 0.9848}
{"progress_step": 90, "epoch": 2, "train_loss_so_far": 2.550913158416748, "clip_fraction_so_far": 0.977825}
{"progress_step": 100, "epoch": 2, "train_loss_so_far": 2.479069697265625, "clip_fraction_so_far": 0.9701}
{"epoch": 2, "logical_steps": 100, "train_examples": 50000, "train_loss": 2.479069697265625, "test_loss": 1.6849696014404296, "test_top1": 0.546, "clip_fraction": 0.9701, "gdp_mu": 1.0231641324654879, "gdp_epsilon": 4.494876969944211, "target_mu": 1.6660305978457184, "target_epsilon": 8.0, "delta": 1e-05, "noise_std": 0.6501319995798853, "noise_std_space": "scaled", "innovation_std_sum": 471.34496321891186, "augmentation_trace_sha256": "c05c31e91768388ea5e6e704f5f7e9b99916875b88b7742e3cf33a3c245bbb77", "seconds": 134.956930661574}
{"progress_step": 110, "epoch": 3, "train_loss_so_far": 2.0846321960449217, "clip_fraction_so_far": 0.9229}
{"progress_step": 120, "epoch": 3, "train_loss_so_far": 2.0256063522338867, "clip_fraction_so_far": 0.9135}
{"progress_step": 130, "epoch": 3, "train_loss_so_far": 1.9672738789876303, "clip_fraction_so_far": 0.9030333333333334}
{"progress_step": 140, "epoch": 3, "train_loss_so_far": 1.9286975852966308, "clip_fraction_so_far": 0.893775}
{"progress_step": 150, "epoch": 3, "train_loss_so_far": 1.8976822583007813, "clip_fraction_so_far": 0.8853}
{"epoch": 3, "logical_steps": 150, "train_examples": 50000, "train_loss": 1.8976822583007813, "test_loss": 1.2643890777587892, "test_top1": 0.6451, "clip_fraction": 0.8853, "gdp_mu": 1.2738232467243236, "gdp_epsilon": 5.807351225535705, "target_mu": 1.6660305978457184, "target_epsilon": 8.0, "delta": 1e-05, "noise_std": 0.6501319995798853, "noise_std_space": "scaled", "innovation_std_sum": 471.34496321891186, "augmentation_trace_sha256": "7f6e623f16edd6ae586477bcc36997e8e1cf67a3d34ca78f394b9166a552b9dc", "seconds": 133.5134902652353}
{"progress_step": 160, "epoch": 4, "train_loss_so_far": 1.7311311218261718, "clip_fraction_so_far": 0.8379}
{"progress_step": 170, "epoch": 4, "train_loss_so_far": 1.6995837615966798, "clip_fraction_so_far": 0.831}
{"progress_step": 180, "epoch": 4, "train_loss_so_far": 1.669216850789388, "clip_fraction_so_far": 0.8210666666666666}
{"progress_step": 190, "epoch": 4, "train_loss_so_far": 1.6493866142272948, "clip_fraction_so_far": 0.814325}
{"progress_step": 200, "epoch": 4, "train_loss_so_far": 1.6327733880615234, "clip_fraction_so_far": 0.8085}
{"epoch": 4, "logical_steps": 200, "train_examples": 50000, "train_loss": 1.6327733880615234, "test_loss": 1.0419810012817383, "test_top1": 0.6978, "clip_fraction": 0.8085, "gdp_mu": 1.4829396001380057, "gdp_epsilon": 6.9556279168064306, "target_mu": 1.6660305978457184, "target_epsilon": 8.0, "delta": 1e-05, "noise_std": 0.6501319995798853, "noise_std_space": "scaled", "innovation_std_sum": 471.34496321891186, "augmentation_trace_sha256": "abade32e9ee0447292b54b758538d2bf0f03f23e96021682c57d1e38b5075007", "seconds": 133.7788410000503}
{"progress_step": 210, "epoch": 5, "train_loss_so_far": 1.551314535522461, "clip_fraction_so_far": 0.7757}
{"progress_step": 220, "epoch": 5, "train_loss_so_far": 1.5289964630126953, "clip_fraction_so_far": 0.76825}
{"progress_step": 230, "epoch": 5, "train_loss_so_far": 1.517361991373698, "clip_fraction_so_far": 0.7587666666666667}
{"progress_step": 240, "epoch": 5, "train_loss_so_far": 1.5002720375061036, "clip_fraction_so_far": 0.7523}
{"progress_step": 250, "epoch": 5, "train_loss_so_far": 1.492885874633789, "clip_fraction_so_far": 0.7481}
{"epoch": 5, "logical_steps": 250, "train_examples": 50000, "train_loss": 1.492885874633789, "test_loss": 0.9178967971801758, "test_top1": 0.7282, "clip_fraction": 0.7481, "gdp_mu": 1.6660305978457184, "gdp_epsilon": 8.000000000000005, "target_mu": 1.6660305978457184, "target_epsilon": 8.0, "delta": 1e-05, "noise_std": 0.6501319995798853, "noise_std_space": "scaled", "innovation_std_sum": 471.34496321891186, "augmentation_trace_sha256": "31fdc33111e9e65d3180131955e28c04e682472efd9d2a38da1bea02ac12430c", "seconds": 132.48561875149608}
{"status": "completed", "results": "/media/data/data/lt/dp-adam-correlated/exp7b/results/final/trials/4606e465a1ac264e"}
