Loading weights:   0%|          | 0/39 [00:00<?, ?it/s]Loading weights: 100%|██████████| 39/39 [00:00<00:00, 12210.95it/s]
[transformers] [1mBertModel LOAD REPORT[0m from: /media/data/data/lt/dp-adam-correlated/cache/bert-tiny
Key                                        | Status     |  | 
-------------------------------------------+------------+--+-
cls.seq_relationship.bias                  | UNEXPECTED |  | 
cls.seq_relationship.weight                | UNEXPECTED |  | 
cls.predictions.transform.LayerNorm.bias   | UNEXPECTED |  | 
cls.predictions.decoder.weight             | UNEXPECTED |  | 
cls.predictions.decoder.bias               | UNEXPECTED |  | 
cls.predictions.transform.LayerNorm.weight | UNEXPECTED |  | 
cls.predictions.transform.dense.bias       | UNEXPECTED |  | 
cls.predictions.transform.dense.weight     | UNEXPECTED |  | 
cls.predictions.bias                       | UNEXPECTED |  | 

Notes:
- UNEXPECTED:	can be ignored when loading from different task/architecture; not ok if you expect identical arch.
sys:1: UserWarning: Full backward hook is firing when gradients are computed with respect to module outputs since no inputs require gradients. See https://docs.pytorch.org/docs/main/generated/torch.nn.Module.html#torch.nn.Module.register_full_backward_hook for more details.
{"step": 62, "epoch": 1.0, "train_loss": 0.7011630485288559, "clip_fraction": 1.0, "validation_loss": 0.6873867536264171, "accuracy": 0.56608711908768, "validation_examples": 5349, "epsilon": 3.054089440266451}
{"step": 124, "epoch": 2.0, "train_loss": 0.6845122710197202, "clip_fraction": 1.0, "validation_loss": 0.6859179004862456, "accuracy": 0.557861282482707, "validation_examples": 5349, "epsilon": 4.610238743691153}
{"step": 186, "epoch": 3.0, "train_loss": 0.6937437025500882, "clip_fraction": 1.0, "validation_loss": 0.7154919197680149, "accuracy": 0.557861282482707, "validation_examples": 5349, "epsilon": 5.873890881586912}
{"step": 248, "epoch": 4.0, "train_loss": 0.7271392792732485, "clip_fraction": 1.0, "validation_loss": 0.7687084841982273, "accuracy": 0.557861282482707, "validation_examples": 5349, "epsilon": 6.985551657770655}
{"step": 310, "epoch": 5.0, "train_loss": 0.7809499324675528, "clip_fraction": 0.9878387096774193, "validation_loss": 0.8407851365553506, "accuracy": 0.557861282482707, "validation_examples": 5349, "epsilon": 8.000000000000005}
