/home/longt29/miniconda3/envs/curve/lib/python3.11/site-packages/torchvision/datasets/cifar.py:83: VisibleDeprecationWarning: dtype(): align should be passed as Python or NumPy boolean but got `align=0`. Did you mean to pass a tuple to create a subarray type? (Deprecated NumPy 2.4)
  entry = pickle.load(f, encoding="latin1")
sys:1: UserWarning: Full backward hook is firing when gradients are computed with respect to module outputs since no inputs require gradients. See https://docs.pytorch.org/docs/main/generated/torch.nn.Module.html#torch.nn.Module.register_full_backward_hook for more details.
{"step": 10, "epoch": 1, "train_loss": 4.050158325195312, "clip_fraction": 1.0, "gradient_norm_mean": 195.059234375, "gradient_norm_max": 508.2917785644531, "step_seconds": 1.9404746275395155, "innovation_std_sum": 170.95559353641727, "noise_marginal_std_sum": 192.62161197591644}
{"step": 20, "epoch": 1, "train_loss": 3.147113708496094, "clip_fraction": 0.992, "gradient_norm_mean": 325.184765625, "gradient_norm_max": 745.7576904296875, "step_seconds": 1.9965605791658163, "innovation_std_sum": 170.95559353641727, "noise_marginal_std_sum": 192.62161197591644}
{"step": 30, "epoch": 1, "train_loss": 2.6595999755859374, "clip_fraction": 0.962, "gradient_norm_mean": 339.9702890625, "gradient_norm_max": 1027.08935546875, "step_seconds": 2.007645208388567, "innovation_std_sum": 170.95559353641727, "noise_marginal_std_sum": 192.62161197591644}
{"step": 40, "epoch": 1, "train_loss": 2.4955431518554687, "clip_fraction": 0.927, "gradient_norm_mean": 364.5659453125, "gradient_norm_max": 1323.925537109375, "step_seconds": 2.0064210686832666, "innovation_std_sum": 170.95559353641727, "noise_marginal_std_sum": 192.62161197591644}
{"epoch": 1, "step": 45, "train_loss": 3.2716824761284724, "clip_fraction": 0.9708666666666667, "epsilon": 3.1232761473275077, "accuracy": 0.4772, "validation_loss": 1.8926754333496094, "validation_examples": 5000}
{"step": 50, "epoch": 2, "train_loss": 2.2966552734375, "clip_fraction": 0.897, "gradient_norm_mean": 358.131828125, "gradient_norm_max": 1492.922607421875, "step_seconds": 1.975909423083067, "innovation_std_sum": 170.95559353641727, "noise_marginal_std_sum": 192.62161197591644}
{"step": 60, "epoch": 2, "train_loss": 2.2945005493164063, "clip_fraction": 0.881, "gradient_norm_mean": 367.26040625, "gradient_norm_max": 1296.5703125, "step_seconds": 1.9709130972623825, "innovation_std_sum": 170.95559353641727, "noise_marginal_std_sum": 192.62161197591644}
{"step": 70, "epoch": 2, "train_loss": 2.0836403198242186, "clip_fraction": 0.855, "gradient_norm_mean": 347.662234375, "gradient_norm_max": 1325.9488525390625, "step_seconds": 1.9999143816530704, "innovation_std_sum": 170.95559353641727, "noise_marginal_std_sum": 192.62161197591644}
{"step": 80, "epoch": 2, "train_loss": 2.1913491821289064, "clip_fraction": 0.866, "gradient_norm_mean": 386.2409375, "gradient_norm_max": 2146.099365234375, "step_seconds": 1.9808406718075275, "innovation_std_sum": 170.95559353641727, "noise_marginal_std_sum": 192.62161197591644}
{"step": 90, "epoch": 2, "train_loss": 2.0807266845703123, "clip_fraction": 0.846, "gradient_norm_mean": 388.4519765625, "gradient_norm_max": 1950.6190185546875, "step_seconds": 1.9971791561692953, "innovation_std_sum": 170.95559353641727, "noise_marginal_std_sum": 192.62161197591644}
{"epoch": 2, "step": 90, "train_loss": 2.1827363878038195, "clip_fraction": 0.8725333333333334, "epsilon": 4.650911679155922, "accuracy": 0.564, "validation_loss": 1.5524501525878907, "validation_examples": 5000}
{"step": 100, "epoch": 3, "train_loss": 1.9830590209960937, "clip_fraction": 0.84, "gradient_norm_mean": 372.372390625, "gradient_norm_max": 1459.1373291015625, "step_seconds": 1.9634262081235647, "innovation_std_sum": 170.95559353641727, "noise_marginal_std_sum": 192.62161197591644}
{"step": 110, "epoch": 3, "train_loss": 1.9948061828613282, "clip_fraction": 0.831, "gradient_norm_mean": 393.9267109375, "gradient_norm_max": 1434.146484375, "step_seconds": 1.965379398316145, "innovation_std_sum": 170.95559353641727, "noise_marginal_std_sum": 192.62161197591644}
{"step": 120, "epoch": 3, "train_loss": 1.95747802734375, "clip_fraction": 0.811, "gradient_norm_mean": 380.93878125, "gradient_norm_max": 1349.7117919921875, "step_seconds": 1.9748166892677546, "innovation_std_sum": 170.95559353641727, "noise_marginal_std_sum": 192.62161197591644}
{"step": 130, "epoch": 3, "train_loss": 1.9756904296875, "clip_fraction": 0.818, "gradient_norm_mean": 397.5035625, "gradient_norm_max": 1661.4061279296875, "step_seconds": 1.9922195468097925, "innovation_std_sum": 170.95559353641727, "noise_marginal_std_sum": 192.62161197591644}
{"epoch": 3, "step": 135, "train_loss": 2.0232959716796874, "clip_fraction": 0.8268888888888889, "epsilon": 5.897166745944286, "accuracy": 0.5942, "validation_loss": 1.473055108642578, "validation_examples": 5000}
{"step": 140, "epoch": 4, "train_loss": 2.0017021179199217, "clip_fraction": 0.816, "gradient_norm_mean": 389.530359375, "gradient_norm_max": 1521.750244140625, "step_seconds": 1.960164973512292, "innovation_std_sum": 170.95559353641727, "noise_marginal_std_sum": 192.62161197591644}
{"step": 150, "epoch": 4, "train_loss": 2.080888153076172, "clip_fraction": 0.826, "gradient_norm_mean": 401.637921875, "gradient_norm_max": 1539.1597900390625, "step_seconds": 1.9697050619870424, "innovation_std_sum": 170.95559353641727, "noise_marginal_std_sum": 192.62161197591644}
{"step": 160, "epoch": 4, "train_loss": 2.057330535888672, "clip_fraction": 0.81, "gradient_norm_mean": 403.5599765625, "gradient_norm_max": 1665.0191650390625, "step_seconds": 2.0058857910335064, "innovation_std_sum": 170.95559353641727, "noise_marginal_std_sum": 192.62161197591644}
{"step": 170, "epoch": 4, "train_loss": 2.0449877319335936, "clip_fraction": 0.818, "gradient_norm_mean": 392.72459375, "gradient_norm_max": 1649.565185546875, "step_seconds": 1.9768151585012674, "innovation_std_sum": 170.95559353641727, "noise_marginal_std_sum": 192.62161197591644}
{"step": 180, "epoch": 4, "train_loss": 1.9979814758300782, "clip_fraction": 0.809, "gradient_norm_mean": 411.419875, "gradient_norm_max": 1560.726806640625, "step_seconds": 1.9990239832550287, "innovation_std_sum": 170.95559353641727, "noise_marginal_std_sum": 192.62161197591644}
{"epoch": 4, "step": 180, "train_loss": 2.0126695807562935, "clip_fraction": 0.8137555555555556, "epsilon": 6.9960307474663415, "accuracy": 0.5894, "validation_loss": 1.4791663330078124, "validation_examples": 5000}
{"step": 190, "epoch": 5, "train_loss": 2.001731719970703, "clip_fraction": 0.815, "gradient_norm_mean": 412.9323828125, "gradient_norm_max": 1807.14599609375, "step_seconds": 1.9697677697986364, "innovation_std_sum": 170.95559353641727, "noise_marginal_std_sum": 192.62161197591644}
{"step": 200, "epoch": 5, "train_loss": 2.078494140625, "clip_fraction": 0.818, "gradient_norm_mean": 424.0204765625, "gradient_norm_max": 1470.3546142578125, "step_seconds": 1.974992547184229, "innovation_std_sum": 170.95559353641727, "noise_marginal_std_sum": 192.62161197591644}
{"step": 210, "epoch": 5, "train_loss": 2.070244110107422, "clip_fraction": 0.802, "gradient_norm_mean": 406.9405625, "gradient_norm_max": 1239.6353759765625, "step_seconds": 1.9906873237341642, "innovation_std_sum": 170.95559353641727, "noise_marginal_std_sum": 192.62161197591644}
{"step": 220, "epoch": 5, "train_loss": 2.1046225280761717, "clip_fraction": 0.834, "gradient_norm_mean": 447.0999921875, "gradient_norm_max": 2239.44140625, "step_seconds": 2.003380933776498, "innovation_std_sum": 170.95559353641727, "noise_marginal_std_sum": 192.62161197591644}
{"epoch": 5, "step": 225, "train_loss": 2.033140123155382, "clip_fraction": 0.8131333333333334, "epsilon": 8.000000000000005, "accuracy": 0.5712, "validation_loss": 1.5568601745605468, "validation_examples": 5000}
