/home/longt29/miniconda3/envs/curve/lib/python3.11/site-packages/torchvision/datasets/cifar.py:83: VisibleDeprecationWarning: dtype(): align should be passed as Python or NumPy boolean but got `align=0`. Did you mean to pass a tuple to create a subarray type? (Deprecated NumPy 2.4)
  entry = pickle.load(f, encoding="latin1")
{"method": "dp-adam-sgd-bandinvmf", "smoke": false, "calibration": {"target_mu": 1.6660305978457184, "sensitivity": 2.8481628876299, "innovation_std_sum": 17.095501675135814, "adjacency": "add_remove_zero_out", "k": 5, "b_participation": 50, "sampling_amplification": false}, "coefficients": [1.0, -0.5, -0.125, -0.0625]}
sys:1: UserWarning: Full backward hook is firing when gradients are computed with respect to module outputs since no inputs require gradients. See https://docs.pytorch.org/docs/main/generated/torch.nn.Module.html#torch.nn.Module.register_full_backward_hook for more details.
{"progress_step": 10, "epoch": 1, "train_loss_so_far": 4.622909826660156, "clip_fraction_so_far": 1.0}
{"progress_step": 20, "epoch": 1, "train_loss_so_far": 4.296914282226562, "clip_fraction_so_far": 1.0}
{"progress_step": 30, "epoch": 1, "train_loss_so_far": 3.9782884745279947, "clip_fraction_so_far": 1.0}
{"progress_step": 40, "epoch": 1, "train_loss_so_far": 3.7034753540039063, "clip_fraction_so_far": 0.999625}
{"progress_step": 50, "epoch": 1, "train_loss_so_far": 3.4639207202148437, "clip_fraction_so_far": 0.99844}
{"epoch": 1, "logical_steps": 50, "train_examples": 50000, "train_loss": 3.4639207202148437, "test_loss": 1.9936301696777343, "test_top1": 0.4852, "clip_fraction": 0.99844, "gdp_mu": 0.7450706133874356, "gdp_epsilon": 3.1232881288764167, "target_mu": 1.6660305978457184, "target_epsilon": 8.0, "delta": 1e-05, "noise_std": 0.019262096209213344, "noise_std_space": "gradient", "innovation_std_sum": 17.095501675135814, "augmentation_trace_sha256": "0a82ef1c98ef26b05820e248be8ce93c4dfa5ec43fabeb1ff064b4ec4ee639dd", "seconds": 149.70326545089483}
{"progress_step": 60, "epoch": 2, "train_loss_so_far": 2.2380068939208986, "clip_fraction_so_far": 0.98}
{"progress_step": 70, "epoch": 2, "train_loss_so_far": 2.1632957626342773, "clip_fraction_so_far": 0.9737}
{"progress_step": 80, "epoch": 2, "train_loss_so_far": 2.0915394205729165, "clip_fraction_so_far": 0.9661666666666666}
{"progress_step": 90, "epoch": 2, "train_loss_so_far": 2.0337002029418945, "clip_fraction_so_far": 0.957325}
{"progress_step": 100, "epoch": 2, "train_loss_so_far": 1.9814332495117188, "clip_fraction_so_far": 0.94708}
{"epoch": 2, "logical_steps": 100, "train_examples": 50000, "train_loss": 1.9814332495117188, "test_loss": 1.242413458251953, "test_top1": 0.6495, "clip_fraction": 0.94708, "gdp_mu": 1.0536897799813885, "gdp_epsilon": 4.650918517225291, "target_mu": 1.6660305978457184, "target_epsilon": 8.0, "delta": 1e-05, "noise_std": 0.019262096209213344, "noise_std_space": "gradient", "innovation_std_sum": 17.095501675135814, "augmentation_trace_sha256": "35e4f6656689ece8d67b95f2fdc2cc0f320a2787bb26cbe32443a0b0eb0ff36c", "seconds": 140.66337555274367}
{"progress_step": 110, "epoch": 3, "train_loss_so_far": 1.6984981475830079, "clip_fraction_so_far": 0.8862}
{"progress_step": 120, "epoch": 3, "train_loss_so_far": 1.6834061416625976, "clip_fraction_so_far": 0.8822}
{"progress_step": 130, "epoch": 3, "train_loss_so_far": 1.6542053883870442, "clip_fraction_so_far": 0.8749333333333333}
{"progress_step": 140, "epoch": 3, "train_loss_so_far": 1.6383013488769531, "clip_fraction_so_far": 0.8689}
{"progress_step": 150, "epoch": 3, "train_loss_so_far": 1.615374794921875, "clip_fraction_so_far": 0.86164}
{"epoch": 3, "logical_steps": 150, "train_examples": 50000, "train_loss": 1.615374794921875, "test_loss": 1.0100264221191406, "test_top1": 0.7046, "clip_fraction": 0.86164, "gdp_mu": 1.2905014862231676, "gdp_epsilon": 5.897170660712959, "target_mu": 1.6660305978457184, "target_epsilon": 8.0, "delta": 1e-05, "noise_std": 0.019262096209213344, "noise_std_space": "gradient", "innovation_std_sum": 17.095501675135814, "augmentation_trace_sha256": "516c381dfc4d1767bda79b3787fa43a7fb9c63558e6fd7cf239884b870b532ab", "seconds": 140.56388181075454}
{"progress_step": 160, "epoch": 4, "train_loss_so_far": 1.4996374542236328, "clip_fraction_so_far": 0.8234}
{"progress_step": 170, "epoch": 4, "train_loss_so_far": 1.5116364685058594, "clip_fraction_so_far": 0.81975}
{"progress_step": 180, "epoch": 4, "train_loss_so_far": 1.4961067626953124, "clip_fraction_so_far": 0.8140333333333334}
{"progress_step": 190, "epoch": 4, "train_loss_so_far": 1.4903360855102539, "clip_fraction_so_far": 0.808175}
{"progress_step": 200, "epoch": 4, "train_loss_so_far": 1.4785612634277343, "clip_fraction_so_far": 0.80366}
{"epoch": 4, "logical_steps": 200, "train_examples": 50000, "train_loss": 1.4785612634277343, "test_loss": 0.902546810913086, "test_top1": 0.7352, "clip_fraction": 0.80366, "gdp_mu": 1.4901429526898362, "gdp_epsilon": 6.996032511238058, "target_mu": 1.6660305978457184, "target_epsilon": 8.0, "delta": 1e-05, "noise_std": 0.019262096209213344, "noise_std_space": "gradient", "innovation_std_sum": 17.095501675135814, "augmentation_trace_sha256": "f79c64ae547ce4a5916151652750e3f0192335976551aba79c8302e3541f4d42", "seconds": 139.6105129532516}
{"progress_step": 210, "epoch": 5, "train_loss_so_far": 1.4097295837402344, "clip_fraction_so_far": 0.7694}
{"progress_step": 220, "epoch": 5, "train_loss_so_far": 1.4230923553466797, "clip_fraction_so_far": 0.7716}
{"progress_step": 230, "epoch": 5, "train_loss_so_far": 1.4210387095133463, "clip_fraction_so_far": 0.7695}
{"progress_step": 240, "epoch": 5, "train_loss_so_far": 1.4278266159057618, "clip_fraction_so_far": 0.7674}
{"progress_step": 250, "epoch": 5, "train_loss_so_far": 1.4221607330322266, "clip_fraction_so_far": 0.7637}
{"epoch": 5, "logical_steps": 250, "train_examples": 50000, "train_loss": 1.4221607330322266, "test_loss": 0.8586848815917969, "test_top1": 0.7445, "clip_fraction": 0.7637, "gdp_mu": 1.6660305978457184, "gdp_epsilon": 8.000000000000005, "target_mu": 1.6660305978457184, "target_epsilon": 8.0, "delta": 1e-05, "noise_std": 0.019262096209213344, "noise_std_space": "gradient", "innovation_std_sum": 17.095501675135814, "augmentation_trace_sha256": "dcc2ff9b41c90d20ee48ba3ec127c8c65ed0e3f1c24814898f5bc24a291f7d15", "seconds": 143.2603096179664}
{"status": "completed", "results": "/media/data/data/lt/dp-adam-correlated/exp7b/results/final/trials/9de9686cc67d9e04"}
