/home/longt29/miniconda3/envs/curve/lib/python3.11/site-packages/torchvision/datasets/cifar.py:83: VisibleDeprecationWarning: dtype(): align should be passed as Python or NumPy boolean but got `align=0`. Did you mean to pass a tuple to create a subarray type? (Deprecated NumPy 2.4)
  entry = pickle.load(f, encoding="latin1")
{"method": "dp-adam-momentum-bias-bandinvmf-scale", "smoke": false, "calibration": {"target_mu": 1.6660305978457184, "sensitivity": 4.065608121489227, "innovation_std_sum": 244.02961906860006, "adjacency": "add_remove_zero_out", "k": 5, "b_participation": 50, "sampling_amplification": false}, "coefficients": [1.0, -0.53161943769869, -0.0779998119461293, -0.2795535556950146]}
sys:1: UserWarning: Full backward hook is firing when gradients are computed with respect to module outputs since no inputs require gradients. See https://docs.pytorch.org/docs/main/generated/torch.nn.Module.html#torch.nn.Module.register_full_backward_hook for more details.
{"progress_step": 10, "epoch": 1, "train_loss_so_far": 4.638777136230469, "clip_fraction_so_far": 1.0}
{"progress_step": 20, "epoch": 1, "train_loss_so_far": 4.3520682983398435, "clip_fraction_so_far": 1.0}
{"progress_step": 30, "epoch": 1, "train_loss_so_far": 4.0527812744140626, "clip_fraction_so_far": 0.9999333333333333}
{"progress_step": 40, "epoch": 1, "train_loss_so_far": 3.7790064346313477, "clip_fraction_so_far": 0.999625}
{"progress_step": 50, "epoch": 1, "train_loss_so_far": 3.542904377441406, "clip_fraction_so_far": 0.99868}
{"epoch": 1, "logical_steps": 50, "train_examples": 50000, "train_loss": 3.542904377441406, "test_loss": 2.071798239135742, "test_top1": 0.4597, "clip_fraction": 0.99868, "gdp_mu": 0.7271304784322894, "gdp_epsilon": 3.037976902428691, "target_mu": 1.6660305978457184, "target_epsilon": 8.0, "delta": 1e-05, "noise_std": 0.2853011411343001, "noise_std_space": "scaled", "innovation_std_sum": 244.02961906860006, "augmentation_trace_sha256": "eb38061316bcc37b021a6fd5e35df885ea987663f026a0c19339760bf3e847d3", "seconds": 140.68627243302763}
{"progress_step": 60, "epoch": 2, "train_loss_so_far": 2.3086191802978515, "clip_fraction_so_far": 0.9832}
{"progress_step": 70, "epoch": 2, "train_loss_so_far": 2.2226644775390625, "clip_fraction_so_far": 0.97355}
{"progress_step": 80, "epoch": 2, "train_loss_so_far": 2.1372076914469402, "clip_fraction_so_far": 0.9617333333333333}
{"progress_step": 90, "epoch": 2, "train_loss_so_far": 2.0644100006103514, "clip_fraction_so_far": 0.949975}
{"progress_step": 100, "epoch": 2, "train_loss_so_far": 2.0023808898925783, "clip_fraction_so_far": 0.93928}
{"epoch": 2, "logical_steps": 100, "train_examples": 50000, "train_loss": 2.0023808898925783, "test_loss": 1.2328769317626953, "test_top1": 0.6507, "clip_fraction": 0.93928, "gdp_mu": 1.0438331619280494, "gdp_epsilon": 4.600416946348178, "target_mu": 1.6660305978457184, "target_epsilon": 8.0, "delta": 1e-05, "noise_std": 0.2853011411343001, "noise_std_space": "scaled", "innovation_std_sum": 244.02961906860006, "augmentation_trace_sha256": "257e692163c8eed63984477e567ada19e94946ac2c058472d79dac1b521d4db7", "seconds": 134.52009113319218}
{"progress_step": 110, "epoch": 3, "train_loss_so_far": 1.6510865814208984, "clip_fraction_so_far": 0.8742}
{"progress_step": 120, "epoch": 3, "train_loss_so_far": 1.62894169921875, "clip_fraction_so_far": 0.8634}
{"progress_step": 130, "epoch": 3, "train_loss_so_far": 1.6115771830240886, "clip_fraction_so_far": 0.8554333333333334}
{"progress_step": 140, "epoch": 3, "train_loss_so_far": 1.5872906623840333, "clip_fraction_so_far": 0.845925}
{"progress_step": 150, "epoch": 3, "train_loss_so_far": 1.567529808959961, "clip_fraction_so_far": 0.838}
{"epoch": 3, "logical_steps": 150, "train_examples": 50000, "train_loss": 1.567529808959961, "test_loss": 0.9481644638061524, "test_top1": 0.7192, "clip_fraction": 0.838, "gdp_mu": 1.2851399415460758, "gdp_epsilon": 5.868262919898993, "target_mu": 1.6660305978457184, "target_epsilon": 8.0, "delta": 1e-05, "noise_std": 0.2853011411343001, "noise_std_space": "scaled", "innovation_std_sum": 244.02961906860006, "augmentation_trace_sha256": "75b88e45730987647265e9b72d6e060cab185b673afd46d2d7a20342f7c95065", "seconds": 134.51529384218156}
{"progress_step": 160, "epoch": 4, "train_loss_so_far": 1.4397155090332032, "clip_fraction_so_far": 0.7882}
{"progress_step": 170, "epoch": 4, "train_loss_so_far": 1.4371522613525392, "clip_fraction_so_far": 0.78515}
{"progress_step": 180, "epoch": 4, "train_loss_so_far": 1.4317533243815104, "clip_fraction_so_far": 0.7786}
{"progress_step": 190, "epoch": 4, "train_loss_so_far": 1.4127589111328125, "clip_fraction_so_far": 0.770925}
{"progress_step": 200, "epoch": 4, "train_loss_so_far": 1.4047514825439453, "clip_fraction_so_far": 0.76622}
{"epoch": 4, "logical_steps": 200, "train_examples": 50000, "train_loss": 1.4047514825439453, "test_loss": 0.8249889022827148, "test_top1": 0.7545, "clip_fraction": 0.76622, "gdp_mu": 1.4878241288541523, "gdp_epsilon": 6.983019766523851, "target_mu": 1.6660305978457184, "target_epsilon": 8.0, "delta": 1e-05, "noise_std": 0.2853011411343001, "noise_std_space": "scaled", "innovation_std_sum": 244.02961906860006, "augmentation_trace_sha256": "18a9d1ac6e60f68aa1632f8377bc5e08252c728506236a6e55e3089e326bc967", "seconds": 131.3293734304607}
{"progress_step": 210, "epoch": 5, "train_loss_so_far": 1.3241610260009766, "clip_fraction_so_far": 0.7263}
{"progress_step": 220, "epoch": 5, "train_loss_so_far": 1.3306588027954103, "clip_fraction_so_far": 0.72575}
{"progress_step": 230, "epoch": 5, "train_loss_so_far": 1.3252486501057943, "clip_fraction_so_far": 0.7218333333333333}
{"progress_step": 240, "epoch": 5, "train_loss_so_far": 1.3213774459838867, "clip_fraction_so_far": 0.716025}
{"progress_step": 250, "epoch": 5, "train_loss_so_far": 1.3162299365234376, "clip_fraction_so_far": 0.7128}
{"epoch": 5, "logical_steps": 250, "train_examples": 50000, "train_loss": 1.3162299365234376, "test_loss": 0.7608772171020508, "test_top1": 0.7698, "clip_fraction": 0.7128, "gdp_mu": 1.6660305978457184, "gdp_epsilon": 8.000000000000005, "target_mu": 1.6660305978457184, "target_epsilon": 8.0, "delta": 1e-05, "noise_std": 0.2853011411343001, "noise_std_space": "scaled", "innovation_std_sum": 244.02961906860006, "augmentation_trace_sha256": "40c369f851729ec1bd8a4f0460438ddfe34ef997ab09028d6fc973b7b5af2252", "seconds": 134.0144906155765}
{"status": "completed", "results": "/media/data/data/lt/dp-adam-correlated/exp7b/results/final/trials/494a6e0ba5bea94b"}
