/home/longt29/miniconda3/envs/curve/lib/python3.11/site-packages/torchvision/datasets/cifar.py:83: VisibleDeprecationWarning: dtype(): align should be passed as Python or NumPy boolean but got `align=0`. Did you mean to pass a tuple to create a subarray type? (Deprecated NumPy 2.4)
  entry = pickle.load(f, encoding="latin1")
sys:1: UserWarning: Full backward hook is firing when gradients are computed with respect to module outputs since no inputs require gradients. See https://docs.pytorch.org/docs/main/generated/torch.nn.Module.html#torch.nn.Module.register_full_backward_hook for more details.
{"step": 10, "epoch": 1, "train_loss": 4.501191650390625, "clip_fraction": 1.0, "gradient_norm_mean": 259.0940234375, "gradient_norm_max": 518.1334838867188, "step_seconds": 1.9357498213648796, "innovation_std_sum": 471.34496321891186, "noise_marginal_std_sum": 650.1319995798854}
{"step": 20, "epoch": 1, "train_loss": 4.204894775390625, "clip_fraction": 1.0, "gradient_norm_mean": 301.1603125, "gradient_norm_max": 577.3024291992188, "step_seconds": 1.9650245010852814, "innovation_std_sum": 471.34496321891186, "noise_marginal_std_sum": 650.1319995798854}
{"step": 30, "epoch": 1, "train_loss": 3.8227782592773436, "clip_fraction": 1.0, "gradient_norm_mean": 384.0998203125, "gradient_norm_max": 946.1934814453125, "step_seconds": 2.0085789524018764, "innovation_std_sum": 471.34496321891186, "noise_marginal_std_sum": 650.1319995798854}
{"step": 40, "epoch": 1, "train_loss": 3.4454171142578125, "clip_fraction": 0.999, "gradient_norm_mean": 444.628796875, "gradient_norm_max": 2138.41357421875, "step_seconds": 2.0660245288163424, "innovation_std_sum": 471.34496321891186, "noise_marginal_std_sum": 650.1319995798854}
{"step": 50, "epoch": 1, "train_loss": 3.0249146728515623, "clip_fraction": 0.998, "gradient_norm_mean": 462.3408828125, "gradient_norm_max": 1404.1298828125, "step_seconds": 2.005477385595441, "innovation_std_sum": 471.34496321891186, "noise_marginal_std_sum": 650.1319995798854}
{"epoch": 1, "step": 50, "train_loss": 3.98632515625, "clip_fraction": 0.99942, "epsilon": 2.873426350654349, "accuracy": 0.3033, "validation_loss": 2.8052355773925783, "validation_examples": 10000}
{"step": 60, "epoch": 2, "train_loss": 2.811960205078125, "clip_fraction": 0.994, "gradient_norm_mean": 472.6435625, "gradient_norm_max": 1907.0093994140625, "step_seconds": 1.9866805206984282, "innovation_std_sum": 471.34496321891186, "noise_marginal_std_sum": 650.1319995798854}
{"step": 70, "epoch": 2, "train_loss": 2.5671404418945314, "clip_fraction": 0.978, "gradient_norm_mean": 459.6698671875, "gradient_norm_max": 1769.8189697265625, "step_seconds": 1.990974212065339, "innovation_std_sum": 471.34496321891186, "noise_marginal_std_sum": 650.1319995798854}
{"step": 80, "epoch": 2, "train_loss": 2.4520809936523436, "clip_fraction": 0.966, "gradient_norm_mean": 480.4737890625, "gradient_norm_max": 2064.713134765625, "step_seconds": 1.9804628659039736, "innovation_std_sum": 471.34496321891186, "noise_marginal_std_sum": 650.1319995798854}
{"step": 90, "epoch": 2, "train_loss": 2.2442105712890625, "clip_fraction": 0.949, "gradient_norm_mean": 464.6547734375, "gradient_norm_max": 2036.53564453125, "step_seconds": 2.009959803894162, "innovation_std_sum": 471.34496321891186, "noise_marginal_std_sum": 650.1319995798854}
{"step": 100, "epoch": 2, "train_loss": 2.137675842285156, "clip_fraction": 0.929, "gradient_norm_mean": 457.2830390625, "gradient_norm_max": 2323.64208984375, "step_seconds": 2.018430456519127, "innovation_std_sum": 471.34496321891186, "noise_marginal_std_sum": 650.1319995798854}
{"epoch": 2, "step": 100, "train_loss": 2.521277490234375, "clip_fraction": 0.96856, "epsilon": 4.494876969944211, "accuracy": 0.5363, "validation_loss": 1.7173733795166015, "validation_examples": 10000}
{"step": 110, "epoch": 3, "train_loss": 2.0187792358398435, "clip_fraction": 0.906, "gradient_norm_mean": 461.926359375, "gradient_norm_max": 2542.947998046875, "step_seconds": 1.9983392283320427, "innovation_std_sum": 471.34496321891186, "noise_marginal_std_sum": 650.1319995798854}
{"step": 120, "epoch": 3, "train_loss": 1.9228348693847657, "clip_fraction": 0.888, "gradient_norm_mean": 445.189296875, "gradient_norm_max": 1905.4010009765625, "step_seconds": 1.98596528545022, "innovation_std_sum": 471.34496321891186, "noise_marginal_std_sum": 650.1319995798854}
{"step": 130, "epoch": 3, "train_loss": 1.8963606567382814, "clip_fraction": 0.869, "gradient_norm_mean": 449.2274140625, "gradient_norm_max": 2341.181396484375, "step_seconds": 2.036944378167391, "innovation_std_sum": 471.34496321891186, "noise_marginal_std_sum": 650.1319995798854}
{"step": 140, "epoch": 3, "train_loss": 1.8427395324707032, "clip_fraction": 0.871, "gradient_norm_mean": 439.6290546875, "gradient_norm_max": 2238.0654296875, "step_seconds": 2.0516455490142107, "innovation_std_sum": 471.34496321891186, "noise_marginal_std_sum": 650.1319995798854}
{"step": 150, "epoch": 3, "train_loss": 1.778983428955078, "clip_fraction": 0.856, "gradient_norm_mean": 450.697046875, "gradient_norm_max": 1965.484130859375, "step_seconds": 2.0422569699585438, "innovation_std_sum": 471.34496321891186, "noise_marginal_std_sum": 650.1319995798854}
{"epoch": 3, "step": 150, "train_loss": 1.9299233807373046, "clip_fraction": 0.88558, "epsilon": 5.807351225535705, "accuracy": 0.6347, "validation_loss": 1.2821275817871094, "validation_examples": 10000}
{"step": 160, "epoch": 4, "train_loss": 1.6576343994140625, "clip_fraction": 0.816, "gradient_norm_mean": 435.2178671875, "gradient_norm_max": 3079.68798828125, "step_seconds": 1.9747822470963001, "innovation_std_sum": 471.34496321891186, "noise_marginal_std_sum": 650.1319995798854}
{"step": 170, "epoch": 4, "train_loss": 1.6567833862304688, "clip_fraction": 0.801, "gradient_norm_mean": 428.7550234375, "gradient_norm_max": 2231.718505859375, "step_seconds": 2.0332619324326515, "innovation_std_sum": 471.34496321891186, "noise_marginal_std_sum": 650.1319995798854}
{"step": 180, "epoch": 4, "train_loss": 1.6292789001464845, "clip_fraction": 0.809, "gradient_norm_mean": 431.06859375, "gradient_norm_max": 2639.304931640625, "step_seconds": 2.041773235425353, "innovation_std_sum": 471.34496321891186, "noise_marginal_std_sum": 650.1319995798854}
{"step": 190, "epoch": 4, "train_loss": 1.569411376953125, "clip_fraction": 0.797, "gradient_norm_mean": 423.5368046875, "gradient_norm_max": 1978.37890625, "step_seconds": 2.0804692711681128, "innovation_std_sum": 471.34496321891186, "noise_marginal_std_sum": 650.1319995798854}
{"step": 200, "epoch": 4, "train_loss": 1.5593087158203125, "clip_fraction": 0.795, "gradient_norm_mean": 439.1848046875, "gradient_norm_max": 2294.445068359375, "step_seconds": 2.0400453824549913, "innovation_std_sum": 471.34496321891186, "noise_marginal_std_sum": 650.1319995798854}
{"epoch": 4, "step": 200, "train_loss": 1.64139484375, "clip_fraction": 0.80794, "epsilon": 6.9556279168064306, "accuracy": 0.6926, "validation_loss": 1.0617524856567382, "validation_examples": 10000}
{"step": 210, "epoch": 5, "train_loss": 1.5206990661621094, "clip_fraction": 0.767, "gradient_norm_mean": 433.563640625, "gradient_norm_max": 2713.1796875, "step_seconds": 2.0093903187662363, "innovation_std_sum": 471.34496321891186, "noise_marginal_std_sum": 650.1319995798854}
{"step": 220, "epoch": 5, "train_loss": 1.5114339599609374, "clip_fraction": 0.746, "gradient_norm_mean": 421.6410234375, "gradient_norm_max": 2624.220947265625, "step_seconds": 2.008265418931842, "innovation_std_sum": 471.34496321891186, "noise_marginal_std_sum": 650.1319995798854}
{"step": 230, "epoch": 5, "train_loss": 1.4094031372070313, "clip_fraction": 0.725, "gradient_norm_mean": 419.974125, "gradient_norm_max": 2815.482666015625, "step_seconds": 2.0199539083987474, "innovation_std_sum": 471.34496321891186, "noise_marginal_std_sum": 650.1319995798854}
{"step": 240, "epoch": 5, "train_loss": 1.4544918212890625, "clip_fraction": 0.75, "gradient_norm_mean": 423.1628359375, "gradient_norm_max": 2291.9814453125, "step_seconds": 2.039084143936634, "innovation_std_sum": 471.34496321891186, "noise_marginal_std_sum": 650.1319995798854}
{"step": 250, "epoch": 5, "train_loss": 1.4786722412109374, "clip_fraction": 0.729, "gradient_norm_mean": 426.68034375, "gradient_norm_max": 2362.75146484375, "step_seconds": 2.0483643114566803, "innovation_std_sum": 471.34496321891186, "noise_marginal_std_sum": 650.1319995798854}
{"epoch": 5, "step": 250, "train_loss": 1.4963226947021484, "clip_fraction": 0.74746, "epsilon": 8.000000000000005, "accuracy": 0.7309, "validation_loss": 0.9311653625488281, "validation_examples": 10000}
