Loading weights:   0%|          | 0/39 [00:00<?, ?it/s]Loading weights: 100%|██████████| 39/39 [00:00<00:00, 15418.78it/s]
[transformers] [1mBertModel LOAD REPORT[0m from: /media/data/data/lt/dp-adam-correlated/cache/bert-tiny
Key                                        | Status     |  | 
-------------------------------------------+------------+--+-
cls.predictions.bias                       | UNEXPECTED |  | 
cls.predictions.transform.LayerNorm.bias   | UNEXPECTED |  | 
cls.predictions.decoder.weight             | UNEXPECTED |  | 
cls.predictions.transform.LayerNorm.weight | UNEXPECTED |  | 
cls.seq_relationship.bias                  | UNEXPECTED |  | 
cls.seq_relationship.weight                | UNEXPECTED |  | 
cls.predictions.decoder.bias               | UNEXPECTED |  | 
cls.predictions.transform.dense.bias       | UNEXPECTED |  | 
cls.predictions.transform.dense.weight     | UNEXPECTED |  | 

Notes:
- UNEXPECTED:	can be ignored when loading from different task/architecture; not ok if you expect identical arch.
sys:1: UserWarning: Full backward hook is firing when gradients are computed with respect to module outputs since no inputs require gradients. See https://docs.pytorch.org/docs/main/generated/torch.nn.Module.html#torch.nn.Module.register_full_backward_hook for more details.
{"step": 10, "epoch": 1, "train_loss": 0.680954833984375, "clip_fraction": 0.0, "gradient_norm_mean": 27.59662109375, "gradient_norm_max": 48.506690979003906, "step_seconds": 0.2748447097837925, "innovation_std_sum": 753.4116773828302, "noise_marginal_std_sum": 879.9486554334685}
{"step": 20, "epoch": 1, "train_loss": 0.6671893310546875, "clip_fraction": 0.0, "gradient_norm_mean": 24.473369140625, "gradient_norm_max": 43.93935012817383, "step_seconds": 0.2764811385422945, "innovation_std_sum": 753.4116773828302, "noise_marginal_std_sum": 879.9486554334685}
{"step": 30, "epoch": 1, "train_loss": 0.6643995361328126, "clip_fraction": 0.0, "gradient_norm_mean": 23.987396484375, "gradient_norm_max": 40.844970703125, "step_seconds": 0.2764217369258404, "innovation_std_sum": 753.4116773828302, "noise_marginal_std_sum": 879.9486554334685}
{"step": 40, "epoch": 1, "train_loss": 0.6562554931640625, "clip_fraction": 0.0, "gradient_norm_mean": 24.158591796875, "gradient_norm_max": 44.78937530517578, "step_seconds": 0.1823627781122923, "innovation_std_sum": 753.4116773828302, "noise_marginal_std_sum": 879.9486554334685}
{"step": 50, "epoch": 1, "train_loss": 0.6524189453125, "clip_fraction": 0.0, "gradient_norm_mean": 24.65619140625, "gradient_norm_max": 46.03675079345703, "step_seconds": 0.13437253795564175, "innovation_std_sum": 753.4116773828302, "noise_marginal_std_sum": 879.9486554334685}
{"step": 60, "epoch": 1, "train_loss": 0.65135595703125, "clip_fraction": 0.0, "gradient_norm_mean": 25.603130859375, "gradient_norm_max": 47.75896453857422, "step_seconds": 0.2760934364050627, "innovation_std_sum": 753.4116773828302, "noise_marginal_std_sum": 879.9486554334685}
{"epoch": 1, "step": 62, "train_loss": 0.6643537381079889, "clip_fraction": 0.0, "epsilon": 3.0540894402664507, "accuracy": 0.6481585343054777, "validation_loss": 0.6414220321064776, "validation_examples": 5349}
{"step": 70, "epoch": 2, "train_loss": 0.6347606201171875, "clip_fraction": 0.0, "gradient_norm_mean": 25.93908203125, "gradient_norm_max": 47.24200439453125, "step_seconds": 0.20725136809051037, "innovation_std_sum": 753.4116773828302, "noise_marginal_std_sum": 879.9486554334685}
{"step": 80, "epoch": 2, "train_loss": 0.6399661254882812, "clip_fraction": 0.0, "gradient_norm_mean": 27.21721875, "gradient_norm_max": 53.060516357421875, "step_seconds": 0.2748739682137966, "innovation_std_sum": 753.4116773828302, "noise_marginal_std_sum": 879.9486554334685}
{"step": 90, "epoch": 2, "train_loss": 0.6230335693359375, "clip_fraction": 0.0, "gradient_norm_mean": 27.9413203125, "gradient_norm_max": 55.934078216552734, "step_seconds": 0.27620359137654305, "innovation_std_sum": 753.4116773828302, "noise_marginal_std_sum": 879.9486554334685}
{"step": 100, "epoch": 2, "train_loss": 0.6309389038085937, "clip_fraction": 0.0, "gradient_norm_mean": 29.26974609375, "gradient_norm_max": 55.65265655517578, "step_seconds": 0.27622430957853794, "innovation_std_sum": 753.4116773828302, "noise_marginal_std_sum": 879.9486554334685}
{"step": 110, "epoch": 2, "train_loss": 0.6200370483398437, "clip_fraction": 0.0, "gradient_norm_mean": 30.25360546875, "gradient_norm_max": 62.22529220581055, "step_seconds": 0.2767263501882553, "innovation_std_sum": 753.4116773828302, "noise_marginal_std_sum": 879.9486554334685}
{"step": 120, "epoch": 2, "train_loss": 0.6084931640625, "clip_fraction": 0.0, "gradient_norm_mean": 31.74507421875, "gradient_norm_max": 74.20758056640625, "step_seconds": 0.27653185464441776, "innovation_std_sum": 753.4116773828302, "noise_marginal_std_sum": 879.9486554334685}
{"epoch": 2, "step": 124, "train_loss": 0.6282085827242944, "clip_fraction": 0.0, "epsilon": 4.610238743691145, "accuracy": 0.6913441764815853, "validation_loss": 0.5971223856493967, "validation_examples": 5349}
{"step": 130, "epoch": 3, "train_loss": 0.5987688598632812, "clip_fraction": 0.0, "gradient_norm_mean": 32.5868203125, "gradient_norm_max": 76.06446075439453, "step_seconds": 0.2756904326379299, "innovation_std_sum": 753.4116773828302, "noise_marginal_std_sum": 879.9486554334685}
{"step": 140, "epoch": 3, "train_loss": 0.6004508056640625, "clip_fraction": 0.0, "gradient_norm_mean": 33.789703125, "gradient_norm_max": 80.9397964477539, "step_seconds": 0.2756280731409788, "innovation_std_sum": 753.4116773828302, "noise_marginal_std_sum": 879.9486554334685}
{"step": 150, "epoch": 3, "train_loss": 0.5829816284179687, "clip_fraction": 0.0, "gradient_norm_mean": 34.49384375, "gradient_norm_max": 75.76005554199219, "step_seconds": 0.27616235986351967, "innovation_std_sum": 753.4116773828302, "noise_marginal_std_sum": 879.9486554334685}
{"step": 160, "epoch": 3, "train_loss": 0.5923189697265625, "clip_fraction": 0.0, "gradient_norm_mean": 36.14759375, "gradient_norm_max": 94.44925689697266, "step_seconds": 0.27682136930525303, "innovation_std_sum": 753.4116773828302, "noise_marginal_std_sum": 879.9486554334685}
{"step": 170, "epoch": 3, "train_loss": 0.5799464111328125, "clip_fraction": 0.0, "gradient_norm_mean": 37.1010234375, "gradient_norm_max": 86.60315704345703, "step_seconds": 0.27471745386719704, "innovation_std_sum": 753.4116773828302, "noise_marginal_std_sum": 879.9486554334685}
{"step": 180, "epoch": 3, "train_loss": 0.5837222900390625, "clip_fraction": 0.0, "gradient_norm_mean": 37.89976953125, "gradient_norm_max": 88.1926498413086, "step_seconds": 0.2766498178243637, "innovation_std_sum": 753.4116773828302, "noise_marginal_std_sum": 879.9486554334685}
{"epoch": 3, "step": 186, "train_loss": 0.5886121304419732, "clip_fraction": 0.0, "epsilon": 5.873890881586911, "accuracy": 0.727986539540101, "validation_loss": 0.5507906644360822, "validation_examples": 5349}
{"step": 190, "epoch": 4, "train_loss": 0.5730338745117187, "clip_fraction": 0.0, "gradient_norm_mean": 40.5257734375, "gradient_norm_max": 97.4980239868164, "step_seconds": 0.2767033874988556, "innovation_std_sum": 753.4116773828302, "noise_marginal_std_sum": 879.9486554334685}
{"step": 200, "epoch": 4, "train_loss": 0.5624010009765625, "clip_fraction": 0.0, "gradient_norm_mean": 40.1846484375, "gradient_norm_max": 103.13471221923828, "step_seconds": 0.2762659341096878, "innovation_std_sum": 753.4116773828302, "noise_marginal_std_sum": 879.9486554334685}
{"step": 210, "epoch": 4, "train_loss": 0.5781209716796875, "clip_fraction": 0.0, "gradient_norm_mean": 41.75803125, "gradient_norm_max": 109.35030364990234, "step_seconds": 0.2769316416233778, "innovation_std_sum": 753.4116773828302, "noise_marginal_std_sum": 879.9486554334685}
{"step": 220, "epoch": 4, "train_loss": 0.551877197265625, "clip_fraction": 0.0, "gradient_norm_mean": 41.4633984375, "gradient_norm_max": 117.8496322631836, "step_seconds": 0.276747390627861, "innovation_std_sum": 753.4116773828302, "noise_marginal_std_sum": 879.9486554334685}
{"step": 230, "epoch": 4, "train_loss": 0.5421976318359375, "clip_fraction": 0.0, "gradient_norm_mean": 43.0263125, "gradient_norm_max": 125.42908477783203, "step_seconds": 0.2727829981595278, "innovation_std_sum": 753.4116773828302, "noise_marginal_std_sum": 879.9486554334685}
{"step": 240, "epoch": 4, "train_loss": 0.5272843017578125, "clip_fraction": 0.0, "gradient_norm_mean": 44.4597890625, "gradient_norm_max": 134.578125, "step_seconds": 0.2734094336628914, "innovation_std_sum": 753.4116773828302, "noise_marginal_std_sum": 879.9486554334685}
{"epoch": 4, "step": 248, "train_loss": 0.5510102096065398, "clip_fraction": 0.0, "epsilon": 6.985551657770655, "accuracy": 0.7543466068424004, "validation_loss": 0.5124932173413191, "validation_examples": 5349}
{"step": 250, "epoch": 5, "train_loss": 0.546465087890625, "clip_fraction": 0.0, "gradient_norm_mean": 42.87609375, "gradient_norm_max": 133.2335968017578, "step_seconds": 0.2707747742533684, "innovation_std_sum": 753.4116773828302, "noise_marginal_std_sum": 879.9486554334685}
{"step": 260, "epoch": 5, "train_loss": 0.5138427734375, "clip_fraction": 0.0, "gradient_norm_mean": 43.4553125, "gradient_norm_max": 132.55807495117188, "step_seconds": 0.27591066993772984, "innovation_std_sum": 753.4116773828302, "noise_marginal_std_sum": 879.9486554334685}
{"step": 270, "epoch": 5, "train_loss": 0.5310209350585937, "clip_fraction": 0.0, "gradient_norm_mean": 43.6893125, "gradient_norm_max": 135.4300537109375, "step_seconds": 0.2757683303207159, "innovation_std_sum": 753.4116773828302, "noise_marginal_std_sum": 879.9486554334685}
{"step": 280, "epoch": 5, "train_loss": 0.5114917602539063, "clip_fraction": 0.0, "gradient_norm_mean": 43.68304296875, "gradient_norm_max": 134.01058959960938, "step_seconds": 0.2766313664615154, "innovation_std_sum": 753.4116773828302, "noise_marginal_std_sum": 879.9486554334685}
{"step": 290, "epoch": 5, "train_loss": 0.5119696044921875, "clip_fraction": 0.0, "gradient_norm_mean": 44.13809765625, "gradient_norm_max": 160.0742645263672, "step_seconds": 0.13411500491201878, "innovation_std_sum": 753.4116773828302, "noise_marginal_std_sum": 879.9486554334685}
{"step": 300, "epoch": 5, "train_loss": 0.5036626586914063, "clip_fraction": 0.0, "gradient_norm_mean": 43.662921875, "gradient_norm_max": 139.24215698242188, "step_seconds": 0.13399625197052956, "innovation_std_sum": 753.4116773828302, "noise_marginal_std_sum": 879.9486554334685}
{"step": 310, "epoch": 5, "train_loss": 0.5285065307617187, "clip_fraction": 0.0, "gradient_norm_mean": 46.1456171875, "gradient_norm_max": 172.47508239746094, "step_seconds": 0.13328729756176472, "innovation_std_sum": 753.4116773828302, "noise_marginal_std_sum": 879.9486554334685}
{"epoch": 5, "step": 310, "train_loss": 0.5228528447305002, "clip_fraction": 0.0, "epsilon": 8.000000000000005, "accuracy": 0.7693026733968966, "validation_loss": 0.48663032725718025, "validation_examples": 5349}
