Loading weights:   0%|          | 0/39 [00:00<?, ?it/s]Loading weights: 100%|██████████| 39/39 [00:00<00:00, 19120.73it/s]
[transformers] [1mBertModel LOAD REPORT[0m from: /media/data/data/lt/dp-adam-correlated/cache/bert-tiny
Key                                        | Status     |  | 
-------------------------------------------+------------+--+-
cls.predictions.transform.dense.weight     | UNEXPECTED |  | 
cls.predictions.bias                       | UNEXPECTED |  | 
cls.predictions.decoder.weight             | UNEXPECTED |  | 
cls.predictions.decoder.bias               | UNEXPECTED |  | 
cls.predictions.transform.LayerNorm.weight | UNEXPECTED |  | 
cls.predictions.transform.dense.bias       | UNEXPECTED |  | 
cls.seq_relationship.bias                  | UNEXPECTED |  | 
cls.predictions.transform.LayerNorm.bias   | UNEXPECTED |  | 
cls.seq_relationship.weight                | UNEXPECTED |  | 

Notes:
- UNEXPECTED:	can be ignored when loading from different task/architecture; not ok if you expect identical arch.
sys:1: UserWarning: Full backward hook is firing when gradients are computed with respect to module outputs since no inputs require gradients. See https://docs.pytorch.org/docs/main/generated/torch.nn.Module.html#torch.nn.Module.register_full_backward_hook for more details.
{"step": 10, "epoch": 1, "train_loss": 0.6760807495117187, "clip_fraction": 0.0, "gradient_norm_mean": 75.26440625, "gradient_norm_max": 140.74697875976562, "step_seconds": 0.2676841225475073, "innovation_std_sum": 753.4116773828302, "noise_marginal_std_sum": 879.9486554334685}
{"step": 20, "epoch": 1, "train_loss": 0.651829833984375, "clip_fraction": 0.0, "gradient_norm_mean": 81.08428125, "gradient_norm_max": 165.31895446777344, "step_seconds": 0.26877992413938046, "innovation_std_sum": 753.4116773828302, "noise_marginal_std_sum": 879.9486554334685}
{"step": 30, "epoch": 1, "train_loss": 0.6317426147460937, "clip_fraction": 0.0, "gradient_norm_mean": 95.8168359375, "gradient_norm_max": 188.23587036132812, "step_seconds": 0.2700664009898901, "innovation_std_sum": 753.4116773828302, "noise_marginal_std_sum": 879.9486554334685}
{"step": 40, "epoch": 1, "train_loss": 0.6211472778320313, "clip_fraction": 0.0, "gradient_norm_mean": 109.272625, "gradient_norm_max": 233.7574920654297, "step_seconds": 0.2700796388089657, "innovation_std_sum": 753.4116773828302, "noise_marginal_std_sum": 879.9486554334685}
{"step": 50, "epoch": 1, "train_loss": 0.5948997802734375, "clip_fraction": 0.0, "gradient_norm_mean": 120.470015625, "gradient_norm_max": 274.51654052734375, "step_seconds": 0.27021761424839497, "innovation_std_sum": 753.4116773828302, "noise_marginal_std_sum": 879.9486554334685}
{"step": 60, "epoch": 1, "train_loss": 0.5756682739257812, "clip_fraction": 0.009, "gradient_norm_mean": 135.169296875, "gradient_norm_max": 372.63482666015625, "step_seconds": 0.26950517669320107, "innovation_std_sum": 753.4116773828302, "noise_marginal_std_sum": 879.9486554334685}
{"epoch": 1, "step": 62, "train_loss": 0.628497318390877, "clip_fraction": 0.0007903225806451613, "epsilon": 3.0540894402664507, "accuracy": 0.7195737521031969, "validation_loss": 0.5494381520743236, "validation_examples": 5349}
{"step": 70, "epoch": 2, "train_loss": 0.5464368896484375, "clip_fraction": 0.032, "gradient_norm_mean": 137.766796875, "gradient_norm_max": 374.8441467285156, "step_seconds": 0.26899252086877823, "innovation_std_sum": 753.4116773828302, "noise_marginal_std_sum": 879.9486554334685}
{"step": 80, "epoch": 2, "train_loss": 0.5385355224609375, "clip_fraction": 0.038, "gradient_norm_mean": 141.227328125, "gradient_norm_max": 402.62274169921875, "step_seconds": 0.2702600359916687, "innovation_std_sum": 753.4116773828302, "noise_marginal_std_sum": 879.9486554334685}
{"step": 90, "epoch": 2, "train_loss": 0.512816162109375, "clip_fraction": 0.066, "gradient_norm_mean": 138.2589375, "gradient_norm_max": 521.4716796875, "step_seconds": 0.27122912742197514, "innovation_std_sum": 753.4116773828302, "noise_marginal_std_sum": 879.9486554334685}
{"step": 100, "epoch": 2, "train_loss": 0.5095327758789062, "clip_fraction": 0.117, "gradient_norm_mean": 146.56953125, "gradient_norm_max": 483.79693603515625, "step_seconds": 0.2714942805469036, "innovation_std_sum": 753.4116773828302, "noise_marginal_std_sum": 879.9486554334685}
{"step": 110, "epoch": 2, "train_loss": 0.4895330810546875, "clip_fraction": 0.121, "gradient_norm_mean": 140.71346875, "gradient_norm_max": 527.8857421875, "step_seconds": 0.27132001891732216, "innovation_std_sum": 753.4116773828302, "noise_marginal_std_sum": 879.9486554334685}
{"step": 120, "epoch": 2, "train_loss": 0.45816220092773435, "clip_fraction": 0.127, "gradient_norm_mean": 143.59915625, "gradient_norm_max": 708.676025390625, "step_seconds": 0.2712917663156986, "innovation_std_sum": 753.4116773828302, "noise_marginal_std_sum": 879.9486554334685}
{"epoch": 2, "step": 124, "train_loss": 0.5163424382363596, "clip_fraction": 0.08261290322580646, "epsilon": 4.610238743691145, "accuracy": 0.7694896242288278, "validation_loss": 0.4797056985806251, "validation_examples": 5349}
{"step": 130, "epoch": 3, "train_loss": 0.46792919921875, "clip_fraction": 0.149, "gradient_norm_mean": 145.127171875, "gradient_norm_max": 560.98095703125, "step_seconds": 0.27113213762640953, "innovation_std_sum": 753.4116773828302, "noise_marginal_std_sum": 879.9486554334685}
{"step": 140, "epoch": 3, "train_loss": 0.4716248779296875, "clip_fraction": 0.173, "gradient_norm_mean": 150.40778125, "gradient_norm_max": 730.03076171875, "step_seconds": 0.27141826041042805, "innovation_std_sum": 753.4116773828302, "noise_marginal_std_sum": 879.9486554334685}
{"step": 150, "epoch": 3, "train_loss": 0.473172607421875, "clip_fraction": 0.16, "gradient_norm_mean": 141.61203125, "gradient_norm_max": 595.2982177734375, "step_seconds": 0.2710060626268387, "innovation_std_sum": 753.4116773828302, "noise_marginal_std_sum": 879.9486554334685}
{"step": 160, "epoch": 3, "train_loss": 0.5001097106933594, "clip_fraction": 0.176, "gradient_norm_mean": 148.067625, "gradient_norm_max": 644.06884765625, "step_seconds": 0.27153451927006245, "innovation_std_sum": 753.4116773828302, "noise_marginal_std_sum": 879.9486554334685}
{"step": 170, "epoch": 3, "train_loss": 0.47897198486328124, "clip_fraction": 0.155, "gradient_norm_mean": 141.20703125, "gradient_norm_max": 600.84033203125, "step_seconds": 0.26979732513427734, "innovation_std_sum": 753.4116773828302, "noise_marginal_std_sum": 879.9486554334685}
{"step": 180, "epoch": 3, "train_loss": 0.49276577758789064, "clip_fraction": 0.174, "gradient_norm_mean": 144.782, "gradient_norm_max": 786.0884399414062, "step_seconds": 0.27177336625754833, "innovation_std_sum": 753.4116773828302, "noise_marginal_std_sum": 879.9486554334685}
{"epoch": 3, "step": 186, "train_loss": 0.4669970048473727, "clip_fraction": 0.15488709677419354, "epsilon": 5.873890881586911, "accuracy": 0.7982800523462329, "validation_loss": 0.448703702397827, "validation_examples": 5349}
{"step": 190, "epoch": 4, "train_loss": 0.4191045532226563, "clip_fraction": 0.135, "gradient_norm_mean": 133.52871875, "gradient_norm_max": 772.8690185546875, "step_seconds": 0.27238144166767597, "innovation_std_sum": 753.4116773828302, "noise_marginal_std_sum": 879.9486554334685}
{"step": 200, "epoch": 4, "train_loss": 0.45573757934570314, "clip_fraction": 0.155, "gradient_norm_mean": 138.957328125, "gradient_norm_max": 791.1002807617188, "step_seconds": 0.2709515877068043, "innovation_std_sum": 753.4116773828302, "noise_marginal_std_sum": 879.9486554334685}
{"step": 210, "epoch": 4, "train_loss": 0.4423609008789062, "clip_fraction": 0.134, "gradient_norm_mean": 133.03675, "gradient_norm_max": 756.3821411132812, "step_seconds": 0.27171714790165424, "innovation_std_sum": 753.4116773828302, "noise_marginal_std_sum": 879.9486554334685}
{"step": 220, "epoch": 4, "train_loss": 0.43969366455078124, "clip_fraction": 0.129, "gradient_norm_mean": 126.3784375, "gradient_norm_max": 668.2006225585938, "step_seconds": 0.27181355096399784, "innovation_std_sum": 753.4116773828302, "noise_marginal_std_sum": 879.9486554334685}
{"step": 230, "epoch": 4, "train_loss": 0.4332809143066406, "clip_fraction": 0.152, "gradient_norm_mean": 135.860265625, "gradient_norm_max": 778.5918579101562, "step_seconds": 0.2707420289516449, "innovation_std_sum": 753.4116773828302, "noise_marginal_std_sum": 879.9486554334685}
{"step": 240, "epoch": 4, "train_loss": 0.43683447265625, "clip_fraction": 0.156, "gradient_norm_mean": 133.677828125, "gradient_norm_max": 702.3827514648438, "step_seconds": 0.26887572929263115, "innovation_std_sum": 753.4116773828302, "noise_marginal_std_sum": 879.9486554334685}
{"epoch": 4, "step": 248, "train_loss": 0.43999322460543727, "clip_fraction": 0.1405483870967742, "epsilon": 6.985551657770655, "accuracy": 0.8145447747242476, "validation_loss": 0.42311488608151515, "validation_examples": 5349}
{"step": 250, "epoch": 5, "train_loss": 0.45469305419921874, "clip_fraction": 0.142, "gradient_norm_mean": 125.24034375, "gradient_norm_max": 774.710205078125, "step_seconds": 0.2732916343957186, "innovation_std_sum": 753.4116773828302, "noise_marginal_std_sum": 879.9486554334685}
{"step": 260, "epoch": 5, "train_loss": 0.42078738403320315, "clip_fraction": 0.146, "gradient_norm_mean": 125.5532421875, "gradient_norm_max": 641.357421875, "step_seconds": 0.2695651091635227, "innovation_std_sum": 753.4116773828302, "noise_marginal_std_sum": 879.9486554334685}
{"step": 270, "epoch": 5, "train_loss": 0.4065031433105469, "clip_fraction": 0.132, "gradient_norm_mean": 122.7341875, "gradient_norm_max": 729.3890991210938, "step_seconds": 0.2728470452129841, "innovation_std_sum": 753.4116773828302, "noise_marginal_std_sum": 879.9486554334685}
{"step": 280, "epoch": 5, "train_loss": 0.4107683715820313, "clip_fraction": 0.136, "gradient_norm_mean": 124.419640625, "gradient_norm_max": 618.8524169921875, "step_seconds": 0.2723851390182972, "innovation_std_sum": 753.4116773828302, "noise_marginal_std_sum": 879.9486554334685}
{"step": 290, "epoch": 5, "train_loss": 0.4043614501953125, "clip_fraction": 0.121, "gradient_norm_mean": 117.557546875, "gradient_norm_max": 658.3685913085938, "step_seconds": 0.27212953194975853, "innovation_std_sum": 753.4116773828302, "noise_marginal_std_sum": 879.9486554334685}
{"step": 300, "epoch": 5, "train_loss": 0.4077974853515625, "clip_fraction": 0.121, "gradient_norm_mean": 117.6427578125, "gradient_norm_max": 682.3938598632812, "step_seconds": 0.27507887966930866, "innovation_std_sum": 753.4116773828302, "noise_marginal_std_sum": 879.9486554334685}
{"step": 310, "epoch": 5, "train_loss": 0.43532720947265624, "clip_fraction": 0.139, "gradient_norm_mean": 124.5596875, "gradient_norm_max": 746.3368530273438, "step_seconds": 0.1830605696886778, "innovation_std_sum": 753.4116773828302, "noise_marginal_std_sum": 879.9486554334685}
{"epoch": 5, "step": 310, "train_loss": 0.4194862286967616, "clip_fraction": 0.13791935483870968, "epsilon": 8.000000000000005, "accuracy": 0.8225836604972893, "validation_loss": 0.4064021952955895, "validation_examples": 5349}
