Loading weights:   0%|          | 0/39 [00:00<?, ?it/s]Loading weights: 100%|██████████| 39/39 [00:00<00:00, 14944.08it/s]
[transformers] [1mBertModel LOAD REPORT[0m from: /media/data/data/lt/dp-adam-correlated/cache/bert-tiny
Key                                        | Status     |  | 
-------------------------------------------+------------+--+-
cls.seq_relationship.weight                | UNEXPECTED |  | 
cls.predictions.transform.LayerNorm.bias   | UNEXPECTED |  | 
cls.predictions.decoder.weight             | UNEXPECTED |  | 
cls.predictions.transform.LayerNorm.weight | UNEXPECTED |  | 
cls.predictions.transform.dense.weight     | UNEXPECTED |  | 
cls.predictions.transform.dense.bias       | UNEXPECTED |  | 
cls.predictions.decoder.bias               | UNEXPECTED |  | 
cls.predictions.bias                       | UNEXPECTED |  | 
cls.seq_relationship.bias                  | UNEXPECTED |  | 

Notes:
- UNEXPECTED:	can be ignored when loading from different task/architecture; not ok if you expect identical arch.
sys:1: UserWarning: Full backward hook is firing when gradients are computed with respect to module outputs since no inputs require gradients. See https://docs.pytorch.org/docs/main/generated/torch.nn.Module.html#torch.nn.Module.register_full_backward_hook for more details.
{"step": 10, "epoch": 1, "train_loss": 0.7527742919921875, "clip_fraction": 0.572, "gradient_norm_mean": 515.28971875, "gradient_norm_max": 2518.338623046875, "step_seconds": 0.13131184689700603, "innovation_std_sum": 753.4116773828302, "noise_marginal_std_sum": 879.9486554334685}
{"step": 20, "epoch": 1, "train_loss": 0.7175465698242187, "clip_fraction": 0.651, "gradient_norm_mean": 1357.545, "gradient_norm_max": 5118.17041015625, "step_seconds": 0.1498320009559393, "innovation_std_sum": 753.4116773828302, "noise_marginal_std_sum": 879.9486554334685}
{"step": 30, "epoch": 1, "train_loss": 0.839052001953125, "clip_fraction": 0.508, "gradient_norm_mean": 1601.7415, "gradient_norm_max": 11677.841796875, "step_seconds": 0.27273513935506344, "innovation_std_sum": 753.4116773828302, "noise_marginal_std_sum": 879.9486554334685}
{"step": 40, "epoch": 1, "train_loss": 0.695784912109375, "clip_fraction": 0.486, "gradient_norm_mean": 1626.170875, "gradient_norm_max": 11975.5234375, "step_seconds": 0.2748151160776615, "innovation_std_sum": 753.4116773828302, "noise_marginal_std_sum": 879.9486554334685}
{"step": 50, "epoch": 1, "train_loss": 0.6827406005859376, "clip_fraction": 0.445, "gradient_norm_mean": 1406.688125, "gradient_norm_max": 10854.8408203125, "step_seconds": 0.2765793092548847, "innovation_std_sum": 753.4116773828302, "noise_marginal_std_sum": 879.9486554334685}
{"step": 60, "epoch": 1, "train_loss": 0.5826887817382812, "clip_fraction": 0.409, "gradient_norm_mean": 1311.350125, "gradient_norm_max": 10421.763671875, "step_seconds": 0.2745779138058424, "innovation_std_sum": 753.4116773828302, "noise_marginal_std_sum": 879.9486554334685}
{"epoch": 1, "step": 62, "train_loss": 0.7250345931514617, "clip_fraction": 0.5583387096774194, "epsilon": 3.0540894402664507, "accuracy": 0.7635071976070293, "validation_loss": 0.6833145033201117, "validation_examples": 5349}
{"step": 70, "epoch": 2, "train_loss": 0.613103515625, "clip_fraction": 0.399, "gradient_norm_mean": 1025.7955, "gradient_norm_max": 8112.220703125, "step_seconds": 0.19869818724691868, "innovation_std_sum": 753.4116773828302, "noise_marginal_std_sum": 879.9486554334685}
{"step": 80, "epoch": 2, "train_loss": 0.6755479125976562, "clip_fraction": 0.389, "gradient_norm_mean": 1196.53875, "gradient_norm_max": 9215.2392578125, "step_seconds": 0.18706651777029037, "innovation_std_sum": 753.4116773828302, "noise_marginal_std_sum": 879.9486554334685}
{"step": 90, "epoch": 2, "train_loss": 0.5223395385742188, "clip_fraction": 0.356, "gradient_norm_mean": 1048.721125, "gradient_norm_max": 10590.7685546875, "step_seconds": 0.13504055701196194, "innovation_std_sum": 753.4116773828302, "noise_marginal_std_sum": 879.9486554334685}
{"step": 100, "epoch": 2, "train_loss": 0.5303133544921875, "clip_fraction": 0.346, "gradient_norm_mean": 924.46675, "gradient_norm_max": 12999.8154296875, "step_seconds": 0.27645444869995117, "innovation_std_sum": 753.4116773828302, "noise_marginal_std_sum": 879.9486554334685}
{"step": 110, "epoch": 2, "train_loss": 0.5056719360351563, "clip_fraction": 0.327, "gradient_norm_mean": 966.1763125, "gradient_norm_max": 9848.771484375, "step_seconds": 0.27653015963733196, "innovation_std_sum": 753.4116773828302, "noise_marginal_std_sum": 879.9486554334685}
{"step": 120, "epoch": 2, "train_loss": 0.583476806640625, "clip_fraction": 0.328, "gradient_norm_mean": 1089.823125, "gradient_norm_max": 13278.048828125, "step_seconds": 0.27646551840007305, "innovation_std_sum": 753.4116773828302, "noise_marginal_std_sum": 879.9486554334685}
{"epoch": 2, "step": 124, "train_loss": 0.5614851694414692, "clip_fraction": 0.3613387096774194, "epsilon": 4.610238743691145, "accuracy": 0.8087492989343803, "validation_loss": 0.5481642667635241, "validation_examples": 5349}
{"step": 130, "epoch": 3, "train_loss": 0.4627578125, "clip_fraction": 0.313, "gradient_norm_mean": 925.159875, "gradient_norm_max": 12197.5048828125, "step_seconds": 0.2765677459537983, "innovation_std_sum": 753.4116773828302, "noise_marginal_std_sum": 879.9486554334685}
{"step": 140, "epoch": 3, "train_loss": 0.5520999755859375, "clip_fraction": 0.321, "gradient_norm_mean": 995.6714375, "gradient_norm_max": 13054.6005859375, "step_seconds": 0.27605827152729034, "innovation_std_sum": 753.4116773828302, "noise_marginal_std_sum": 879.9486554334685}
{"step": 150, "epoch": 3, "train_loss": 0.4581060791015625, "clip_fraction": 0.291, "gradient_norm_mean": 918.589375, "gradient_norm_max": 13883.966796875, "step_seconds": 0.27567578479647636, "innovation_std_sum": 753.4116773828302, "noise_marginal_std_sum": 879.9486554334685}
{"step": 160, "epoch": 3, "train_loss": 0.4657790832519531, "clip_fraction": 0.283, "gradient_norm_mean": 857.82075, "gradient_norm_max": 12694.8466796875, "step_seconds": 0.27701174281537533, "innovation_std_sum": 753.4116773828302, "noise_marginal_std_sum": 879.9486554334685}
{"step": 170, "epoch": 3, "train_loss": 0.4939226989746094, "clip_fraction": 0.284, "gradient_norm_mean": 875.138375, "gradient_norm_max": 13319.0498046875, "step_seconds": 0.2755485139787197, "innovation_std_sum": 753.4116773828302, "noise_marginal_std_sum": 879.9486554334685}
{"step": 180, "epoch": 3, "train_loss": 0.45889389038085937, "clip_fraction": 0.28, "gradient_norm_mean": 905.536625, "gradient_norm_max": 17326.62109375, "step_seconds": 0.2759040929377079, "innovation_std_sum": 753.4116773828302, "noise_marginal_std_sum": 879.9486554334685}
{"epoch": 3, "step": 186, "train_loss": 0.49924114399571573, "clip_fraction": 0.2930645161290323, "epsilon": 5.873890881586911, "accuracy": 0.8252009721443261, "validation_loss": 0.49704550698352185, "validation_examples": 5349}
{"step": 190, "epoch": 4, "train_loss": 0.5442371215820313, "clip_fraction": 0.285, "gradient_norm_mean": 892.9323125, "gradient_norm_max": 11664.095703125, "step_seconds": 0.2764467392116785, "innovation_std_sum": 753.4116773828302, "noise_marginal_std_sum": 879.9486554334685}
{"step": 200, "epoch": 4, "train_loss": 0.45962799072265625, "clip_fraction": 0.262, "gradient_norm_mean": 850.21825, "gradient_norm_max": 14931.51953125, "step_seconds": 0.273912001401186, "innovation_std_sum": 753.4116773828302, "noise_marginal_std_sum": 879.9486554334685}
{"step": 210, "epoch": 4, "train_loss": 0.4309911499023438, "clip_fraction": 0.242, "gradient_norm_mean": 746.194625, "gradient_norm_max": 18096.64453125, "step_seconds": 0.2744300961494446, "innovation_std_sum": 753.4116773828302, "noise_marginal_std_sum": 879.9486554334685}
{"step": 220, "epoch": 4, "train_loss": 0.4899134521484375, "clip_fraction": 0.261, "gradient_norm_mean": 728.8319375, "gradient_norm_max": 15264.2548828125, "step_seconds": 0.27549549378454685, "innovation_std_sum": 753.4116773828302, "noise_marginal_std_sum": 879.9486554334685}
{"step": 230, "epoch": 4, "train_loss": 0.450452392578125, "clip_fraction": 0.254, "gradient_norm_mean": 797.044625, "gradient_norm_max": 11785.6259765625, "step_seconds": 0.27423333935439587, "innovation_std_sum": 753.4116773828302, "noise_marginal_std_sum": 879.9486554334685}
{"step": 240, "epoch": 4, "train_loss": 0.5263877563476562, "clip_fraction": 0.26, "gradient_norm_mean": 804.639875, "gradient_norm_max": 12463.7021484375, "step_seconds": 0.2762743644416332, "innovation_std_sum": 753.4116773828302, "noise_marginal_std_sum": 879.9486554334685}
{"epoch": 4, "step": 248, "train_loss": 0.471350826140373, "clip_fraction": 0.2622741935483871, "epsilon": 6.985551657770655, "accuracy": 0.8338007104131613, "validation_loss": 0.4775937145102646, "validation_examples": 5349}
{"step": 250, "epoch": 5, "train_loss": 0.479961669921875, "clip_fraction": 0.261, "gradient_norm_mean": 724.8405625, "gradient_norm_max": 12134.525390625, "step_seconds": 0.2673299331218004, "innovation_std_sum": 753.4116773828302, "noise_marginal_std_sum": 879.9486554334685}
{"step": 260, "epoch": 5, "train_loss": 0.46208929443359376, "clip_fraction": 0.235, "gradient_norm_mean": 738.71225, "gradient_norm_max": 13855.9169921875, "step_seconds": 0.2726944871246815, "innovation_std_sum": 753.4116773828302, "noise_marginal_std_sum": 879.9486554334685}
{"step": 270, "epoch": 5, "train_loss": 0.42532342529296874, "clip_fraction": 0.233, "gradient_norm_mean": 691.2488125, "gradient_norm_max": 14600.9326171875, "step_seconds": 0.2808230631053448, "innovation_std_sum": 753.4116773828302, "noise_marginal_std_sum": 879.9486554334685}
{"step": 280, "epoch": 5, "train_loss": 0.43719451904296874, "clip_fraction": 0.233, "gradient_norm_mean": 748.86125, "gradient_norm_max": 12365.39453125, "step_seconds": 0.26885771937668324, "innovation_std_sum": 753.4116773828302, "noise_marginal_std_sum": 879.9486554334685}
{"step": 290, "epoch": 5, "train_loss": 0.4670755615234375, "clip_fraction": 0.227, "gradient_norm_mean": 690.365375, "gradient_norm_max": 11091.0859375, "step_seconds": 0.276156110689044, "innovation_std_sum": 753.4116773828302, "noise_marginal_std_sum": 879.9486554334685}
{"step": 300, "epoch": 5, "train_loss": 0.40647598266601564, "clip_fraction": 0.224, "gradient_norm_mean": 784.8745, "gradient_norm_max": 15239.5439453125, "step_seconds": 0.2748967483639717, "innovation_std_sum": 753.4116773828302, "noise_marginal_std_sum": 879.9486554334685}
{"step": 310, "epoch": 5, "train_loss": 0.49707086181640625, "clip_fraction": 0.237, "gradient_norm_mean": 741.508125, "gradient_norm_max": 16714.3046875, "step_seconds": 0.27235334925353527, "innovation_std_sum": 753.4116773828302, "noise_marginal_std_sum": 879.9486554334685}
{"epoch": 5, "step": 310, "train_loss": 0.4531300821611958, "clip_fraction": 0.2424193548387097, "epsilon": 8.000000000000005, "accuracy": 0.8401570386988222, "validation_loss": 0.4637090194824812, "validation_examples": 5349}
