Loading weights:   0%|          | 0/39 [00:00<?, ?it/s]Loading weights: 100%|██████████| 39/39 [00:00<00:00, 19839.64it/s]
[transformers] [1mBertModel LOAD REPORT[0m from: /media/data/data/lt/dp-adam-correlated/cache/bert-tiny
Key                                        | Status     |  | 
-------------------------------------------+------------+--+-
cls.predictions.transform.dense.bias       | UNEXPECTED |  | 
cls.predictions.transform.LayerNorm.weight | UNEXPECTED |  | 
cls.seq_relationship.weight                | UNEXPECTED |  | 
cls.predictions.bias                       | UNEXPECTED |  | 
cls.predictions.decoder.bias               | UNEXPECTED |  | 
cls.predictions.decoder.weight             | UNEXPECTED |  | 
cls.predictions.transform.LayerNorm.bias   | UNEXPECTED |  | 
cls.seq_relationship.bias                  | UNEXPECTED |  | 
cls.predictions.transform.dense.weight     | UNEXPECTED |  | 

Notes:
- UNEXPECTED:	can be ignored when loading from different task/architecture; not ok if you expect identical arch.
sys:1: UserWarning: Full backward hook is firing when gradients are computed with respect to module outputs since no inputs require gradients. See https://docs.pytorch.org/docs/main/generated/torch.nn.Module.html#torch.nn.Module.register_full_backward_hook for more details.
{"step": 62, "epoch": 1.0, "train_loss": 0.7342250553254158, "clip_fraction": 0.5993064516129034, "validation_loss": 0.6693475259355484, "accuracy": 0.7741633950271078, "validation_examples": 5349, "epsilon": 3.1232923300753557}
{"step": 124, "epoch": 2.0, "train_loss": 0.6338027983634703, "clip_fraction": 0.40954838709677416, "validation_loss": 0.5841157648981922, "accuracy": 0.8050102822957562, "validation_examples": 5349, "epsilon": 4.65092091490115}
{"step": 186, "epoch": 3.0, "train_loss": 0.5664699524910219, "clip_fraction": 0.3366290322580645, "validation_loss": 0.5510556999601635, "accuracy": 0.8173490372032155, "validation_examples": 5349, "epsilon": 5.8971720333737725}
{"step": 248, "epoch": 4.0, "train_loss": 0.541033691898469, "clip_fraction": 0.2993870967741935, "validation_loss": 0.5431322795606189, "accuracy": 0.8276313329594317, "validation_examples": 5349, "epsilon": 6.99603312968092}
{"step": 310, "epoch": 5.0, "train_loss": 0.5242271029564641, "clip_fraction": 0.27677419354838717, "validation_loss": 0.5328993427350067, "accuracy": 0.8328659562535053, "validation_examples": 5349, "epsilon": 8.000000000000005}
