Loading weights:   0%|          | 0/39 [00:00<?, ?it/s]Loading weights: 100%|██████████| 39/39 [00:00<00:00, 21158.69it/s]
[transformers] [1mBertModel LOAD REPORT[0m from: /media/data/data/lt/dp-adam-correlated/cache/bert-tiny
Key                                        | Status     |  | 
-------------------------------------------+------------+--+-
cls.seq_relationship.bias                  | UNEXPECTED |  | 
cls.predictions.decoder.bias               | UNEXPECTED |  | 
cls.seq_relationship.weight                | UNEXPECTED |  | 
cls.predictions.transform.dense.bias       | UNEXPECTED |  | 
cls.predictions.transform.dense.weight     | UNEXPECTED |  | 
cls.predictions.decoder.weight             | UNEXPECTED |  | 
cls.predictions.transform.LayerNorm.weight | UNEXPECTED |  | 
cls.predictions.transform.LayerNorm.bias   | UNEXPECTED |  | 
cls.predictions.bias                       | UNEXPECTED |  | 

Notes:
- UNEXPECTED:	can be ignored when loading from different task/architecture; not ok if you expect identical arch.
sys:1: UserWarning: Full backward hook is firing when gradients are computed with respect to module outputs since no inputs require gradients. See https://docs.pytorch.org/docs/main/generated/torch.nn.Module.html#torch.nn.Module.register_full_backward_hook for more details.
{"step": 10, "epoch": 1, "step_seconds": 0.26906439289450645, "innovation_std_sum": 1.7273655294376953, "noise_marginal_std_sum": 1.9368335451060459, "pure_mf_cumulative_momentum_noise_variance": 1.0777422716856956e-05, "preconditioner_mean": 563.7406616210938, "preconditioner_change_relative": 0.0932319164276123, "denominator_lag_relative": 0.0, "block_age": 0}
{"step": 20, "epoch": 1, "step_seconds": 0.26887802965939045, "innovation_std_sum": 1.7273655294376953, "noise_marginal_std_sum": 1.9368335451060459, "pure_mf_cumulative_momentum_noise_variance": 1.1247321802207244e-05, "preconditioner_mean": 532.5402221679688, "preconditioner_change_relative": 0.03997676819562912, "denominator_lag_relative": 0.0, "block_age": 0}
{"step": 30, "epoch": 1, "step_seconds": 0.2687612269073725, "innovation_std_sum": 1.7273655294376953, "noise_marginal_std_sum": 1.9368335451060459, "pure_mf_cumulative_momentum_noise_variance": 1.1613539605281318e-05, "preconditioner_mean": 524.46484375, "preconditioner_change_relative": 0.024614429101347923, "denominator_lag_relative": 0.0, "block_age": 0}
{"step": 40, "epoch": 1, "step_seconds": 0.2688097096979618, "innovation_std_sum": 1.7273655294376953, "noise_marginal_std_sum": 1.9368335451060459, "pure_mf_cumulative_momentum_noise_variance": 1.2026369822549559e-05, "preconditioner_mean": 520.9619140625, "preconditioner_change_relative": 0.01838202401995659, "denominator_lag_relative": 0.0, "block_age": 0}
{"step": 50, "epoch": 1, "step_seconds": 0.2658760007470846, "innovation_std_sum": 1.7273655294376953, "noise_marginal_std_sum": 1.9368335451060459, "pure_mf_cumulative_momentum_noise_variance": 1.2471126023441973e-05, "preconditioner_mean": 518.6183471679688, "preconditioner_change_relative": 0.015863273292779922, "denominator_lag_relative": 0.0, "block_age": 0}
{"step": 60, "epoch": 1, "step_seconds": 0.2670547869056463, "innovation_std_sum": 1.7273655294376953, "noise_marginal_std_sum": 1.9368335451060459, "pure_mf_cumulative_momentum_noise_variance": 1.293180378709957e-05, "preconditioner_mean": 517.1939086914062, "preconditioner_change_relative": 0.01297830045223236, "denominator_lag_relative": 0.0, "block_age": 0}
{"epoch": 1, "step": 62, "epsilon": 3.0817479262244762, "accuracy": 0.731651376146789, "validation_loss": 1.1563903913585418, "validation_examples": 872}
{"step": 70, "epoch": 2, "step_seconds": 0.26806958951056004, "innovation_std_sum": 1.7273655294376953, "noise_marginal_std_sum": 1.9368335451060459, "pure_mf_cumulative_momentum_noise_variance": 1.3399662425254163e-05, "preconditioner_mean": 515.64990234375, "preconditioner_change_relative": 0.01046653464436531, "denominator_lag_relative": 0.0, "block_age": 0}
{"step": 80, "epoch": 2, "step_seconds": 0.2662209514528513, "innovation_std_sum": 1.7273655294376953, "noise_marginal_std_sum": 1.9368335451060459, "pure_mf_cumulative_momentum_noise_variance": 1.387059160068999e-05, "preconditioner_mean": 515.3604125976562, "preconditioner_change_relative": 0.009249329566955566, "denominator_lag_relative": 0.0, "block_age": 0}
{"step": 90, "epoch": 2, "step_seconds": 0.26659942977130413, "innovation_std_sum": 1.7273655294376953, "noise_marginal_std_sum": 1.9368335451060459, "pure_mf_cumulative_momentum_noise_variance": 1.4342789226299584e-05, "preconditioner_mean": 515.560302734375, "preconditioner_change_relative": 0.008447866886854172, "denominator_lag_relative": 0.0, "block_age": 0}
{"step": 100, "epoch": 2, "step_seconds": 0.26643258705735207, "innovation_std_sum": 1.7273655294376953, "noise_marginal_std_sum": 1.9368335451060459, "pure_mf_cumulative_momentum_noise_variance": 1.481549818081484e-05, "preconditioner_mean": 515.1114501953125, "preconditioner_change_relative": 0.007943972945213318, "denominator_lag_relative": 0.0, "block_age": 0}
{"step": 110, "epoch": 2, "step_seconds": 0.26713340543210506, "innovation_std_sum": 1.7273655294376953, "noise_marginal_std_sum": 1.9368335451060459, "pure_mf_cumulative_momentum_noise_variance": 1.5288409514423992e-05, "preconditioner_mean": 514.6658935546875, "preconditioner_change_relative": 0.0070572965778410435, "denominator_lag_relative": 0.0, "block_age": 0}
{"step": 120, "epoch": 2, "step_seconds": 0.26719493232667446, "innovation_std_sum": 1.7273655294376953, "noise_marginal_std_sum": 1.9368335451060459, "pure_mf_cumulative_momentum_noise_variance": 1.5761399815237535e-05, "preconditioner_mean": 514.4736938476562, "preconditioner_change_relative": 0.006584235932677984, "denominator_lag_relative": 0.0, "block_age": 0}
{"epoch": 2, "step": 124, "epsilon": 4.626744139901174, "accuracy": 0.7626146788990825, "validation_loss": 1.1410708996134067, "validation_examples": 872}
{"step": 130, "epoch": 3, "step_seconds": 0.2670519333332777, "innovation_std_sum": 1.7273655294376953, "noise_marginal_std_sum": 1.9368335451060459, "pure_mf_cumulative_momentum_noise_variance": 1.623442058017555e-05, "preconditioner_mean": 514.4210205078125, "preconditioner_change_relative": 0.006040281616151333, "denominator_lag_relative": 0.0, "block_age": 0}
{"step": 140, "epoch": 3, "step_seconds": 0.2660586852580309, "innovation_std_sum": 1.7273655294376953, "noise_marginal_std_sum": 1.9368335451060459, "pure_mf_cumulative_momentum_noise_variance": 1.6707452988967284e-05, "preconditioner_mean": 514.065673828125, "preconditioner_change_relative": 0.0053250715136528015, "denominator_lag_relative": 0.0, "block_age": 0}
{"step": 150, "epoch": 3, "step_seconds": 0.26714466139674187, "innovation_std_sum": 1.7273655294376953, "noise_marginal_std_sum": 1.9368335451060459, "pure_mf_cumulative_momentum_noise_variance": 1.7180489813962117e-05, "preconditioner_mean": 513.7073974609375, "preconditioner_change_relative": 0.00512954406440258, "denominator_lag_relative": 0.0, "block_age": 0}
{"step": 160, "epoch": 3, "step_seconds": 0.266294252127409, "innovation_std_sum": 1.7273655294376953, "noise_marginal_std_sum": 1.9368335451060459, "pure_mf_cumulative_momentum_noise_variance": 1.76535283030069e-05, "preconditioner_mean": 513.4179077148438, "preconditioner_change_relative": 0.004847072996199131, "denominator_lag_relative": 0.0, "block_age": 0}
{"step": 170, "epoch": 3, "step_seconds": 0.2671315614134073, "innovation_std_sum": 1.7273655294376953, "noise_marginal_std_sum": 1.9368335451060459, "pure_mf_cumulative_momentum_noise_variance": 1.8126567415581323e-05, "preconditioner_mean": 513.4030151367188, "preconditioner_change_relative": 0.004259841050952673, "denominator_lag_relative": 0.0, "block_age": 0}
{"step": 180, "epoch": 3, "step_seconds": 0.26729754731059074, "innovation_std_sum": 1.7273655294376953, "noise_marginal_std_sum": 1.9368335451060459, "pure_mf_cumulative_momentum_noise_variance": 1.8599606760668814e-05, "preconditioner_mean": 513.4412231445312, "preconditioner_change_relative": 0.004285484552383423, "denominator_lag_relative": 0.0, "block_age": 0}
{"epoch": 3, "step": 186, "epsilon": 5.883337114624349, "accuracy": 0.7798165137614679, "validation_loss": 1.0561641378140232, "validation_examples": 872}
{"step": 190, "epoch": 4, "step_seconds": 0.2667152788490057, "innovation_std_sum": 1.7273655294376953, "noise_marginal_std_sum": 1.9368335451060459, "pure_mf_cumulative_momentum_noise_variance": 1.9072646192094252e-05, "preconditioner_mean": 513.2630004882812, "preconditioner_change_relative": 0.004159492440521717, "denominator_lag_relative": 0.0, "block_age": 0}
{"step": 200, "epoch": 4, "step_seconds": 0.2679904941469431, "innovation_std_sum": 1.7273655294376953, "noise_marginal_std_sum": 1.9368335451060459, "pure_mf_cumulative_momentum_noise_variance": 1.95456856554599e-05, "preconditioner_mean": 513.2365112304688, "preconditioner_change_relative": 0.003995203413069248, "denominator_lag_relative": 0.0, "block_age": 0}
{"step": 210, "epoch": 4, "step_seconds": 0.2663406413048506, "innovation_std_sum": 1.7273655294376953, "noise_marginal_std_sum": 1.9368335451060459, "pure_mf_cumulative_momentum_noise_variance": 2.0018725130602584e-05, "preconditioner_mean": 513.0338745117188, "preconditioner_change_relative": 0.0036877356469631195, "denominator_lag_relative": 0.0, "block_age": 0}
{"step": 220, "epoch": 4, "step_seconds": 0.26674494706094265, "innovation_std_sum": 1.7273655294376953, "noise_marginal_std_sum": 1.9368335451060459, "pure_mf_cumulative_momentum_noise_variance": 2.0491764610074888e-05, "preconditioner_mean": 513.1765747070312, "preconditioner_change_relative": 0.0035708018112927675, "denominator_lag_relative": 0.0, "block_age": 0}
{"step": 230, "epoch": 4, "step_seconds": 0.12650476768612862, "innovation_std_sum": 1.7273655294376953, "noise_marginal_std_sum": 1.9368335451060459, "pure_mf_cumulative_momentum_noise_variance": 2.096480409113467e-05, "preconditioner_mean": 513.1253051757812, "preconditioner_change_relative": 0.003484932938590646, "denominator_lag_relative": 0.0, "block_age": 0}
{"step": 240, "epoch": 4, "step_seconds": 0.266994159668684, "innovation_std_sum": 1.7273655294376953, "noise_marginal_std_sum": 1.9368335451060459, "pure_mf_cumulative_momentum_noise_variance": 2.1437843572775098e-05, "preconditioner_mean": 513.2066040039062, "preconditioner_change_relative": 0.003149791155010462, "denominator_lag_relative": 0.0, "block_age": 0}
{"epoch": 4, "step": 248, "epsilon": 6.989802718757768, "accuracy": 0.7752293577981652, "validation_loss": 1.0817293289604537, "validation_examples": 872}
{"step": 250, "epoch": 5, "step_seconds": 0.2649541776627302, "innovation_std_sum": 1.7273655294376953, "noise_marginal_std_sum": 1.9368335451060459, "pure_mf_cumulative_momentum_noise_variance": 2.191088305462746e-05, "preconditioner_mean": 513.26220703125, "preconditioner_change_relative": 0.0031344860326498747, "denominator_lag_relative": 0.0, "block_age": 0}
{"step": 260, "epoch": 5, "step_seconds": 0.26701124384999275, "innovation_std_sum": 1.7273655294376953, "noise_marginal_std_sum": 1.9368335451060459, "pure_mf_cumulative_momentum_noise_variance": 2.2383922536557016e-05, "preconditioner_mean": 513.2452392578125, "preconditioner_change_relative": 0.003469647141173482, "denominator_lag_relative": 0.0, "block_age": 0}
{"step": 270, "epoch": 5, "step_seconds": 0.26720794290304184, "innovation_std_sum": 1.7273655294376953, "noise_marginal_std_sum": 1.9368335451060459, "pure_mf_cumulative_momentum_noise_variance": 2.2856962018514633e-05, "preconditioner_mean": 513.170166015625, "preconditioner_change_relative": 0.0031027663499116898, "denominator_lag_relative": 0.0, "block_age": 0}
{"step": 280, "epoch": 5, "step_seconds": 0.26647765189409256, "innovation_std_sum": 1.7273655294376953, "noise_marginal_std_sum": 1.9368335451060459, "pure_mf_cumulative_momentum_noise_variance": 2.3330001500482442e-05, "preconditioner_mean": 513.1776733398438, "preconditioner_change_relative": 0.0027385582216084003, "denominator_lag_relative": 0.0, "block_age": 0}
{"step": 290, "epoch": 5, "step_seconds": 0.26753443479537964, "innovation_std_sum": 1.7273655294376953, "noise_marginal_std_sum": 1.9368335451060459, "pure_mf_cumulative_momentum_noise_variance": 2.380304098245394e-05, "preconditioner_mean": 513.1771850585938, "preconditioner_change_relative": 0.0026673877146095037, "denominator_lag_relative": 0.0, "block_age": 0}
{"step": 300, "epoch": 5, "step_seconds": 0.2665388025343418, "innovation_std_sum": 1.7273655294376953, "noise_marginal_std_sum": 1.9368335451060459, "pure_mf_cumulative_momentum_noise_variance": 2.4276080464426774e-05, "preconditioner_mean": 513.0897827148438, "preconditioner_change_relative": 0.00284316367469728, "denominator_lag_relative": 0.0, "block_age": 0}
{"step": 310, "epoch": 5, "step_seconds": 0.2672351263463497, "innovation_std_sum": 1.7273655294376953, "noise_marginal_std_sum": 1.9368335451060459, "pure_mf_cumulative_momentum_noise_variance": 2.4749119946400092e-05, "preconditioner_mean": 513.08544921875, "preconditioner_change_relative": 0.002641659928485751, "denominator_lag_relative": 0.0, "block_age": 0}
{"epoch": 5, "step": 310, "epsilon": 8.000000000000005, "accuracy": 0.7970183486238532, "validation_loss": 1.048345705784789, "validation_examples": 872}
