Loading weights:   0%|          | 0/39 [00:00<?, ?it/s]Loading weights: 100%|██████████| 39/39 [00:00<00:00, 19480.51it/s]
[transformers] [1mBertModel LOAD REPORT[0m from: /media/data/data/lt/dp-adam-correlated/cache/bert-tiny
Key                                        | Status     |  | 
-------------------------------------------+------------+--+-
cls.predictions.transform.dense.bias       | UNEXPECTED |  | 
cls.predictions.decoder.weight             | UNEXPECTED |  | 
cls.predictions.decoder.bias               | UNEXPECTED |  | 
cls.predictions.transform.dense.weight     | UNEXPECTED |  | 
cls.predictions.bias                       | UNEXPECTED |  | 
cls.predictions.transform.LayerNorm.weight | UNEXPECTED |  | 
cls.seq_relationship.bias                  | UNEXPECTED |  | 
cls.predictions.transform.LayerNorm.bias   | UNEXPECTED |  | 
cls.seq_relationship.weight                | UNEXPECTED |  | 

Notes:
- UNEXPECTED:	can be ignored when loading from different task/architecture; not ok if you expect identical arch.
sys:1: UserWarning: Full backward hook is firing when gradients are computed with respect to module outputs since no inputs require gradients. See https://docs.pytorch.org/docs/main/generated/torch.nn.Module.html#torch.nn.Module.register_full_backward_hook for more details.
{"step": 10, "epoch": 1, "train_loss": 0.6815615234375, "clip_fraction": 0.03, "gradient_norm_mean": 190.7794375, "gradient_norm_max": 401.0027770996094, "step_seconds": 0.13011617958545685, "innovation_std_sum": 753.4116773828302, "noise_marginal_std_sum": 879.9486554334685}
{"step": 20, "epoch": 1, "train_loss": 0.6238060913085938, "clip_fraction": 0.304, "gradient_norm_mean": 247.967375, "gradient_norm_max": 569.046630859375, "step_seconds": 0.1400270238518715, "innovation_std_sum": 753.4116773828302, "noise_marginal_std_sum": 879.9486554334685}
{"step": 30, "epoch": 1, "train_loss": 0.5708257446289062, "clip_fraction": 0.572, "gradient_norm_mean": 355.2201875, "gradient_norm_max": 1087.72607421875, "step_seconds": 0.27389099821448326, "innovation_std_sum": 753.4116773828302, "noise_marginal_std_sum": 879.9486554334685}
{"step": 40, "epoch": 1, "train_loss": 0.5593132934570313, "clip_fraction": 0.584, "gradient_norm_mean": 496.1175, "gradient_norm_max": 1883.96484375, "step_seconds": 0.27581439167261124, "innovation_std_sum": 753.4116773828302, "noise_marginal_std_sum": 879.9486554334685}
{"step": 50, "epoch": 1, "train_loss": 0.5711184692382812, "clip_fraction": 0.521, "gradient_norm_mean": 631.205875, "gradient_norm_max": 3011.048583984375, "step_seconds": 0.2759408410638571, "innovation_std_sum": 753.4116773828302, "noise_marginal_std_sum": 879.9486554334685}
{"step": 60, "epoch": 1, "train_loss": 0.586035400390625, "clip_fraction": 0.466, "gradient_norm_mean": 673.0458125, "gradient_norm_max": 4856.88427734375, "step_seconds": 0.2756337374448776, "innovation_std_sum": 753.4116773828302, "noise_marginal_std_sum": 879.9486554334685}
{"epoch": 1, "step": 62, "train_loss": 0.5977720991565335, "clip_fraction": 0.39679032258064517, "epsilon": 3.0540894402664507, "accuracy": 0.767807066741447, "validation_loss": 0.6000285823449039, "validation_examples": 5349}
{"step": 70, "epoch": 2, "train_loss": 0.58606982421875, "clip_fraction": 0.434, "gradient_norm_mean": 685.21675, "gradient_norm_max": 5130.6005859375, "step_seconds": 0.27275694347918034, "innovation_std_sum": 753.4116773828302, "noise_marginal_std_sum": 879.9486554334685}
{"step": 80, "epoch": 2, "train_loss": 0.5883753662109374, "clip_fraction": 0.43, "gradient_norm_mean": 651.96025, "gradient_norm_max": 3717.174072265625, "step_seconds": 0.2754650339484215, "innovation_std_sum": 753.4116773828302, "noise_marginal_std_sum": 879.9486554334685}
{"step": 90, "epoch": 2, "train_loss": 0.557447265625, "clip_fraction": 0.378, "gradient_norm_mean": 561.571875, "gradient_norm_max": 4396.8154296875, "step_seconds": 0.27700936049222946, "innovation_std_sum": 753.4116773828302, "noise_marginal_std_sum": 879.9486554334685}
{"step": 100, "epoch": 2, "train_loss": 0.550056640625, "clip_fraction": 0.374, "gradient_norm_mean": 550.8235, "gradient_norm_max": 3659.203125, "step_seconds": 0.2765177544206381, "innovation_std_sum": 753.4116773828302, "noise_marginal_std_sum": 879.9486554334685}
{"step": 110, "epoch": 2, "train_loss": 0.49655950927734377, "clip_fraction": 0.35, "gradient_norm_mean": 498.00115625, "gradient_norm_max": 3849.862548828125, "step_seconds": 0.2765399441123009, "innovation_std_sum": 753.4116773828302, "noise_marginal_std_sum": 879.9486554334685}
{"step": 120, "epoch": 2, "train_loss": 0.45747659301757815, "clip_fraction": 0.344, "gradient_norm_mean": 494.2223125, "gradient_norm_max": 8098.5439453125, "step_seconds": 0.2758327666670084, "innovation_std_sum": 753.4116773828302, "noise_marginal_std_sum": 879.9486554334685}
{"epoch": 2, "step": 124, "train_loss": 0.5469107798914755, "clip_fraction": 0.38943548387096777, "epsilon": 4.610238743691145, "accuracy": 0.800149560665545, "validation_loss": 0.5260478105471945, "validation_examples": 5349}
{"step": 130, "epoch": 3, "train_loss": 0.48574102783203127, "clip_fraction": 0.352, "gradient_norm_mean": 507.0141875, "gradient_norm_max": 4174.33251953125, "step_seconds": 0.2759954873472452, "innovation_std_sum": 753.4116773828302, "noise_marginal_std_sum": 879.9486554334685}
{"step": 140, "epoch": 3, "train_loss": 0.5002735900878906, "clip_fraction": 0.345, "gradient_norm_mean": 511.7375625, "gradient_norm_max": 4380.59326171875, "step_seconds": 0.27667841501533985, "innovation_std_sum": 753.4116773828302, "noise_marginal_std_sum": 879.9486554334685}
{"step": 150, "epoch": 3, "train_loss": 0.5029867553710937, "clip_fraction": 0.341, "gradient_norm_mean": 458.9688125, "gradient_norm_max": 4009.3837890625, "step_seconds": 0.27550196647644043, "innovation_std_sum": 753.4116773828302, "noise_marginal_std_sum": 879.9486554334685}
{"step": 160, "epoch": 3, "train_loss": 0.5133739013671875, "clip_fraction": 0.341, "gradient_norm_mean": 460.3706875, "gradient_norm_max": 5238.07421875, "step_seconds": 0.2761754263192415, "innovation_std_sum": 753.4116773828302, "noise_marginal_std_sum": 879.9486554334685}
{"step": 170, "epoch": 3, "train_loss": 0.5139594116210937, "clip_fraction": 0.339, "gradient_norm_mean": 480.766375, "gradient_norm_max": 3904.06787109375, "step_seconds": 0.27655287086963654, "innovation_std_sum": 753.4116773828302, "noise_marginal_std_sum": 879.9486554334685}
{"step": 180, "epoch": 3, "train_loss": 0.4977135009765625, "clip_fraction": 0.326, "gradient_norm_mean": 458.5708125, "gradient_norm_max": 5369.29052734375, "step_seconds": 0.27661269530653954, "innovation_std_sum": 753.4116773828302, "noise_marginal_std_sum": 879.9486554334685}
{"epoch": 3, "step": 186, "train_loss": 0.48508631207866054, "clip_fraction": 0.3327258064516129, "epsilon": 5.873890881586911, "accuracy": 0.8162273322116284, "validation_loss": 0.47492478535228366, "validation_examples": 5349}
{"step": 190, "epoch": 4, "train_loss": 0.4103485107421875, "clip_fraction": 0.295, "gradient_norm_mean": 415.18425, "gradient_norm_max": 4906.638671875, "step_seconds": 0.2752687372267246, "innovation_std_sum": 753.4116773828302, "noise_marginal_std_sum": 879.9486554334685}
{"step": 200, "epoch": 4, "train_loss": 0.474974609375, "clip_fraction": 0.329, "gradient_norm_mean": 467.4379375, "gradient_norm_max": 4449.689453125, "step_seconds": 0.27555680833756924, "innovation_std_sum": 753.4116773828302, "noise_marginal_std_sum": 879.9486554334685}
{"step": 210, "epoch": 4, "train_loss": 0.46192364501953126, "clip_fraction": 0.311, "gradient_norm_mean": 464.08484375, "gradient_norm_max": 5255.9638671875, "step_seconds": 0.27654443494975567, "innovation_std_sum": 753.4116773828302, "noise_marginal_std_sum": 879.9486554334685}
{"step": 220, "epoch": 4, "train_loss": 0.45558038330078127, "clip_fraction": 0.299, "gradient_norm_mean": 406.4453125, "gradient_norm_max": 4110.9892578125, "step_seconds": 0.27619211189448833, "innovation_std_sum": 753.4116773828302, "noise_marginal_std_sum": 879.9486554334685}
{"step": 230, "epoch": 4, "train_loss": 0.4448148193359375, "clip_fraction": 0.307, "gradient_norm_mean": 466.1835, "gradient_norm_max": 5355.04345703125, "step_seconds": 0.2756494712084532, "innovation_std_sum": 753.4116773828302, "noise_marginal_std_sum": 879.9486554334685}
{"step": 240, "epoch": 4, "train_loss": 0.4596631774902344, "clip_fraction": 0.296, "gradient_norm_mean": 431.16703125, "gradient_norm_max": 5025.59130859375, "step_seconds": 0.2759951073676348, "innovation_std_sum": 753.4116773828302, "noise_marginal_std_sum": 879.9486554334685}
{"epoch": 4, "step": 248, "train_loss": 0.45214975812358243, "clip_fraction": 0.2962741935483871, "epsilon": 6.985551657770655, "accuracy": 0.823331463825014, "validation_loss": 0.46299009061033514, "validation_examples": 5349}
{"step": 250, "epoch": 5, "train_loss": 0.4650362243652344, "clip_fraction": 0.274, "gradient_norm_mean": 390.44209375, "gradient_norm_max": 4956.83203125, "step_seconds": 0.26110127940773964, "innovation_std_sum": 753.4116773828302, "noise_marginal_std_sum": 879.9486554334685}
{"step": 260, "epoch": 5, "train_loss": 0.446469970703125, "clip_fraction": 0.276, "gradient_norm_mean": 403.427, "gradient_norm_max": 4952.76611328125, "step_seconds": 0.27312939427793026, "innovation_std_sum": 753.4116773828302, "noise_marginal_std_sum": 879.9486554334685}
{"step": 270, "epoch": 5, "train_loss": 0.4236690673828125, "clip_fraction": 0.274, "gradient_norm_mean": 344.83621875, "gradient_norm_max": 4701.71630859375, "step_seconds": 0.1847013607621193, "innovation_std_sum": 753.4116773828302, "noise_marginal_std_sum": 879.9486554334685}
{"step": 280, "epoch": 5, "train_loss": 0.4222476806640625, "clip_fraction": 0.274, "gradient_norm_mean": 383.161375, "gradient_norm_max": 5846.70458984375, "step_seconds": 0.13542218506336212, "innovation_std_sum": 753.4116773828302, "noise_marginal_std_sum": 879.9486554334685}
{"step": 290, "epoch": 5, "train_loss": 0.4138507080078125, "clip_fraction": 0.265, "gradient_norm_mean": 384.15925, "gradient_norm_max": 4845.44189453125, "step_seconds": 0.27585222385823727, "innovation_std_sum": 753.4116773828302, "noise_marginal_std_sum": 879.9486554334685}
{"step": 300, "epoch": 5, "train_loss": 0.41831619262695313, "clip_fraction": 0.259, "gradient_norm_mean": 364.0871875, "gradient_norm_max": 5434.9150390625, "step_seconds": 0.27542118914425373, "innovation_std_sum": 753.4116773828302, "noise_marginal_std_sum": 879.9486554334685}
{"step": 310, "epoch": 5, "train_loss": 0.4618332824707031, "clip_fraction": 0.286, "gradient_norm_mean": 387.50825, "gradient_norm_max": 5928.3935546875, "step_seconds": 0.27698249369859695, "innovation_std_sum": 753.4116773828302, "noise_marginal_std_sum": 879.9486554334685}
{"epoch": 5, "step": 310, "train_loss": 0.4340026535526399, "clip_fraction": 0.27316129032258063, "epsilon": 8.000000000000005, "accuracy": 0.8285660871190876, "validation_loss": 0.43761007245132066, "validation_examples": 5349}
