Loading weights:   0%|          | 0/39 [00:00<?, ?it/s]Loading weights: 100%|██████████| 39/39 [00:00<00:00, 28193.36it/s]
[transformers] [1mBertModel LOAD REPORT[0m from: /media/data/data/lt/dp-adam-correlated/cache/bert-tiny
Key                                        | Status     |  | 
-------------------------------------------+------------+--+-
cls.predictions.bias                       | UNEXPECTED |  | 
cls.predictions.transform.LayerNorm.weight | UNEXPECTED |  | 
cls.predictions.transform.dense.weight     | UNEXPECTED |  | 
cls.predictions.decoder.weight             | UNEXPECTED |  | 
cls.predictions.decoder.bias               | UNEXPECTED |  | 
cls.seq_relationship.bias                  | UNEXPECTED |  | 
cls.predictions.transform.dense.bias       | UNEXPECTED |  | 
cls.predictions.transform.LayerNorm.bias   | UNEXPECTED |  | 
cls.seq_relationship.weight                | UNEXPECTED |  | 

Notes:
- UNEXPECTED:	can be ignored when loading from different task/architecture; not ok if you expect identical arch.
sys:1: UserWarning: Full backward hook is firing when gradients are computed with respect to module outputs since no inputs require gradients. See https://docs.pytorch.org/docs/main/generated/torch.nn.Module.html#torch.nn.Module.register_full_backward_hook for more details.
{"step": 10, "epoch": 1, "train_loss": 0.6809276123046875, "clip_fraction": 0.0, "gradient_norm_mean": 19.175595703125, "gradient_norm_max": 27.224872589111328, "step_seconds": 0.26666454412043095, "innovation_std_sum": 914.409175282003, "noise_marginal_std_sum": 1261.2560055811578}
{"step": 20, "epoch": 1, "train_loss": 0.6688544921875, "clip_fraction": 0.0, "gradient_norm_mean": 14.2830517578125, "gradient_norm_max": 21.35743522644043, "step_seconds": 0.26312991604208946, "innovation_std_sum": 914.409175282003, "noise_marginal_std_sum": 1261.2560055811578}
{"step": 30, "epoch": 1, "train_loss": 0.6677031860351562, "clip_fraction": 0.0, "gradient_norm_mean": 12.40321484375, "gradient_norm_max": 19.289533615112305, "step_seconds": 0.26369174756109715, "innovation_std_sum": 914.409175282003, "noise_marginal_std_sum": 1261.2560055811578}
{"step": 40, "epoch": 1, "train_loss": 0.6613233642578125, "clip_fraction": 0.0, "gradient_norm_mean": 11.27551953125, "gradient_norm_max": 19.576295852661133, "step_seconds": 0.26431929878890514, "innovation_std_sum": 914.409175282003, "noise_marginal_std_sum": 1261.2560055811578}
{"step": 50, "epoch": 1, "train_loss": 0.6586287231445312, "clip_fraction": 0.0, "gradient_norm_mean": 10.563123046875, "gradient_norm_max": 17.494264602661133, "step_seconds": 0.26799071580171585, "innovation_std_sum": 914.409175282003, "noise_marginal_std_sum": 1261.2560055811578}
{"step": 60, "epoch": 1, "train_loss": 0.6590393676757812, "clip_fraction": 0.0, "gradient_norm_mean": 10.189857421875, "gradient_norm_max": 17.74240493774414, "step_seconds": 0.16880831122398376, "innovation_std_sum": 914.409175282003, "noise_marginal_std_sum": 1261.2560055811578}
{"epoch": 1, "step": 62, "train_loss": 0.6682546101231729, "clip_fraction": 0.0, "epsilon": 2.983473211150575, "accuracy": 0.6208637128435222, "validation_loss": 0.652399798735745, "validation_examples": 5349}
{"step": 70, "epoch": 2, "train_loss": 0.6475010986328125, "clip_fraction": 0.0, "gradient_norm_mean": 9.6927060546875, "gradient_norm_max": 16.72443389892578, "step_seconds": 0.27028943225741386, "innovation_std_sum": 914.409175282003, "noise_marginal_std_sum": 1261.2560055811578}
{"step": 80, "epoch": 2, "train_loss": 0.6529373779296875, "clip_fraction": 0.0, "gradient_norm_mean": 9.5713671875, "gradient_norm_max": 18.96051788330078, "step_seconds": 0.2652970626950264, "innovation_std_sum": 914.409175282003, "noise_marginal_std_sum": 1261.2560055811578}
{"step": 90, "epoch": 2, "train_loss": 0.6420455932617187, "clip_fraction": 0.0, "gradient_norm_mean": 9.4338828125, "gradient_norm_max": 18.23373794555664, "step_seconds": 0.2685339916497469, "innovation_std_sum": 914.409175282003, "noise_marginal_std_sum": 1261.2560055811578}
{"step": 100, "epoch": 2, "train_loss": 0.650880126953125, "clip_fraction": 0.0, "gradient_norm_mean": 9.3156962890625, "gradient_norm_max": 18.622079849243164, "step_seconds": 0.26819903403520584, "innovation_std_sum": 914.409175282003, "noise_marginal_std_sum": 1261.2560055811578}
{"step": 110, "epoch": 2, "train_loss": 0.6443933715820312, "clip_fraction": 0.0, "gradient_norm_mean": 9.1949130859375, "gradient_norm_max": 18.573068618774414, "step_seconds": 0.2684834189713001, "innovation_std_sum": 914.409175282003, "noise_marginal_std_sum": 1261.2560055811578}
{"step": 120, "epoch": 2, "train_loss": 0.643197998046875, "clip_fraction": 0.0, "gradient_norm_mean": 9.308072265625, "gradient_norm_max": 20.697370529174805, "step_seconds": 0.2694628108292818, "innovation_std_sum": 914.409175282003, "noise_marginal_std_sum": 1261.2560055811578}
{"epoch": 2, "step": 124, "train_loss": 0.6472781480358493, "clip_fraction": 0.0, "epsilon": 4.566965972959099, "accuracy": 0.6513366984483081, "validation_loss": 0.6328552682548176, "validation_examples": 5349}
{"step": 130, "epoch": 3, "train_loss": 0.63303564453125, "clip_fraction": 0.0, "gradient_norm_mean": 8.96659765625, "gradient_norm_max": 17.819103240966797, "step_seconds": 0.26904886588454247, "innovation_std_sum": 914.409175282003, "noise_marginal_std_sum": 1261.2560055811578}
{"step": 140, "epoch": 3, "train_loss": 0.6365040893554688, "clip_fraction": 0.0, "gradient_norm_mean": 8.948876953125, "gradient_norm_max": 16.721588134765625, "step_seconds": 0.2682028114795685, "innovation_std_sum": 914.409175282003, "noise_marginal_std_sum": 1261.2560055811578}
{"step": 150, "epoch": 3, "train_loss": 0.6271997680664062, "clip_fraction": 0.0, "gradient_norm_mean": 8.98570703125, "gradient_norm_max": 18.8468017578125, "step_seconds": 0.26763930916786194, "innovation_std_sum": 914.409175282003, "noise_marginal_std_sum": 1261.2560055811578}
{"step": 160, "epoch": 3, "train_loss": 0.6306116333007813, "clip_fraction": 0.0, "gradient_norm_mean": 8.854193359375, "gradient_norm_max": 18.036718368530273, "step_seconds": 0.2691302429884672, "innovation_std_sum": 914.409175282003, "noise_marginal_std_sum": 1261.2560055811578}
{"step": 170, "epoch": 3, "train_loss": 0.6240543823242187, "clip_fraction": 0.0, "gradient_norm_mean": 8.8290859375, "gradient_norm_max": 17.88469123840332, "step_seconds": 0.2683482766151428, "innovation_std_sum": 914.409175282003, "noise_marginal_std_sum": 1261.2560055811578}
{"step": 180, "epoch": 3, "train_loss": 0.6331788330078125, "clip_fraction": 0.0, "gradient_norm_mean": 8.754291015625, "gradient_norm_max": 19.509958267211914, "step_seconds": 0.2715976443141699, "innovation_std_sum": 914.409175282003, "noise_marginal_std_sum": 1261.2560055811578}
{"epoch": 3, "step": 186, "train_loss": 0.6313169565508443, "clip_fraction": 0.0, "epsilon": 5.849088165717443, "accuracy": 0.6711534866330156, "validation_loss": 0.6150954198917511, "validation_examples": 5349}
{"step": 190, "epoch": 4, "train_loss": 0.6318926391601563, "clip_fraction": 0.0, "gradient_norm_mean": 9.00546875, "gradient_norm_max": 18.220964431762695, "step_seconds": 0.2707781158387661, "innovation_std_sum": 914.409175282003, "noise_marginal_std_sum": 1261.2560055811578}
{"step": 200, "epoch": 4, "train_loss": 0.6224166259765626, "clip_fraction": 0.0, "gradient_norm_mean": 8.7991171875, "gradient_norm_max": 17.840885162353516, "step_seconds": 0.26650390960276127, "innovation_std_sum": 914.409175282003, "noise_marginal_std_sum": 1261.2560055811578}
{"step": 210, "epoch": 4, "train_loss": 0.6301470947265625, "clip_fraction": 0.0, "gradient_norm_mean": 8.877921875, "gradient_norm_max": 18.80699920654297, "step_seconds": 0.2573329135775566, "innovation_std_sum": 914.409175282003, "noise_marginal_std_sum": 1261.2560055811578}
{"step": 220, "epoch": 4, "train_loss": 0.6150733642578124, "clip_fraction": 0.0, "gradient_norm_mean": 8.688611328125, "gradient_norm_max": 19.78049087524414, "step_seconds": 0.2669480927288532, "innovation_std_sum": 914.409175282003, "noise_marginal_std_sum": 1261.2560055811578}
{"step": 230, "epoch": 4, "train_loss": 0.60825, "clip_fraction": 0.0, "gradient_norm_mean": 8.7899541015625, "gradient_norm_max": 21.60137939453125, "step_seconds": 0.2649995218962431, "innovation_std_sum": 914.409175282003, "noise_marginal_std_sum": 1261.2560055811578}
{"step": 240, "epoch": 4, "train_loss": 0.6105704345703125, "clip_fraction": 0.0, "gradient_norm_mean": 8.91579296875, "gradient_norm_max": 19.456619262695312, "step_seconds": 0.265274066478014, "innovation_std_sum": 914.409175282003, "noise_marginal_std_sum": 1261.2560055811578}
{"epoch": 4, "step": 248, "train_loss": 0.6167765079621346, "clip_fraction": 0.0, "epsilon": 6.974398475295221, "accuracy": 0.6913441764815853, "validation_loss": 0.5972536749919122, "validation_examples": 5349}
{"step": 250, "epoch": 5, "train_loss": 0.6105870361328125, "clip_fraction": 0.0, "gradient_norm_mean": 8.5270888671875, "gradient_norm_max": 19.23714256286621, "step_seconds": 0.2606978826224804, "innovation_std_sum": 914.409175282003, "noise_marginal_std_sum": 1261.2560055811578}
{"step": 260, "epoch": 5, "train_loss": 0.5925726928710937, "clip_fraction": 0.0, "gradient_norm_mean": 8.634060546875, "gradient_norm_max": 20.54155921936035, "step_seconds": 0.2689806204289198, "innovation_std_sum": 914.409175282003, "noise_marginal_std_sum": 1261.2560055811578}
{"step": 270, "epoch": 5, "train_loss": 0.604847900390625, "clip_fraction": 0.0, "gradient_norm_mean": 8.8011396484375, "gradient_norm_max": 20.984617233276367, "step_seconds": 0.26455965638160706, "innovation_std_sum": 914.409175282003, "noise_marginal_std_sum": 1261.2560055811578}
{"step": 280, "epoch": 5, "train_loss": 0.5984398193359375, "clip_fraction": 0.0, "gradient_norm_mean": 8.5214775390625, "gradient_norm_max": 18.984020233154297, "step_seconds": 0.2643647287040949, "innovation_std_sum": 914.409175282003, "noise_marginal_std_sum": 1261.2560055811578}
{"step": 290, "epoch": 5, "train_loss": 0.59353173828125, "clip_fraction": 0.0, "gradient_norm_mean": 8.608884765625, "gradient_norm_max": 20.405323028564453, "step_seconds": 0.2667559627443552, "innovation_std_sum": 914.409175282003, "noise_marginal_std_sum": 1261.2560055811578}
{"step": 300, "epoch": 5, "train_loss": 0.5983755493164062, "clip_fraction": 0.0, "gradient_norm_mean": 8.672103515625, "gradient_norm_max": 21.311485290527344, "step_seconds": 0.26543142832815647, "innovation_std_sum": 914.409175282003, "noise_marginal_std_sum": 1261.2560055811578}
{"step": 310, "epoch": 5, "train_loss": 0.6055999755859375, "clip_fraction": 0.0, "gradient_norm_mean": 8.7845029296875, "gradient_norm_max": 19.241453170776367, "step_seconds": 0.12829532474279404, "innovation_std_sum": 914.409175282003, "noise_marginal_std_sum": 1261.2560055811578}
{"epoch": 5, "step": 310, "train_loss": 0.6022501594789567, "clip_fraction": 0.0, "epsilon": 8.000000000000005, "accuracy": 0.7072349971957376, "validation_loss": 0.5805275746429495, "validation_examples": 5349}
