/home/longt29/miniconda3/envs/curve/lib/python3.11/site-packages/torchvision/datasets/cifar.py:83: VisibleDeprecationWarning: dtype(): align should be passed as Python or NumPy boolean but got `align=0`. Did you mean to pass a tuple to create a subarray type? (Deprecated NumPy 2.4)
  entry = pickle.load(f, encoding="latin1")
sys:1: UserWarning: Full backward hook is firing when gradients are computed with respect to module outputs since no inputs require gradients. See https://docs.pytorch.org/docs/main/generated/torch.nn.Module.html#torch.nn.Module.register_full_backward_hook for more details.
{"step": 10, "epoch": 1, "train_loss": 4.47743701171875, "clip_fraction": 1.0, "gradient_norm_mean": 137.33433203125, "gradient_norm_max": 295.7858581542969, "step_seconds": 2.0624026507139206, "innovation_std_sum": 144.0803108758691, "noise_marginal_std_sum": 198.73177379497218}
{"step": 20, "epoch": 1, "train_loss": 4.122721801757812, "clip_fraction": 1.0, "gradient_norm_mean": 170.74788671875, "gradient_norm_max": 336.7493591308594, "step_seconds": 2.1766581032425165, "innovation_std_sum": 144.0803108758691, "noise_marginal_std_sum": 198.73177379497218}
{"step": 30, "epoch": 1, "train_loss": 3.7326710205078126, "clip_fraction": 1.0, "gradient_norm_mean": 240.17721484375, "gradient_norm_max": 573.230712890625, "step_seconds": 2.1647494044154882, "innovation_std_sum": 144.0803108758691, "noise_marginal_std_sum": 198.73177379497218}
{"step": 40, "epoch": 1, "train_loss": 3.3603817138671874, "clip_fraction": 1.0, "gradient_norm_mean": 289.76315625, "gradient_norm_max": 743.076904296875, "step_seconds": 2.191156417131424, "innovation_std_sum": 144.0803108758691, "noise_marginal_std_sum": 198.73177379497218}
{"epoch": 1, "step": 45, "train_loss": 3.997825349934896, "clip_fraction": 1.0, "epsilon": 2.805247463992718, "accuracy": 0.3128, "validation_loss": 2.835588098144531, "validation_examples": 5000}
{"step": 50, "epoch": 2, "train_loss": 2.9270848999023436, "clip_fraction": 1.0, "gradient_norm_mean": 293.434453125, "gradient_norm_max": 891.9286499023438, "step_seconds": 2.0745713245123625, "innovation_std_sum": 144.0803108758691, "noise_marginal_std_sum": 198.73177379497218}
{"step": 60, "epoch": 2, "train_loss": 2.748563171386719, "clip_fraction": 0.998, "gradient_norm_mean": 303.734328125, "gradient_norm_max": 1297.1942138671875, "step_seconds": 2.1378576550632715, "innovation_std_sum": 144.0803108758691, "noise_marginal_std_sum": 198.73177379497218}
{"step": 70, "epoch": 2, "train_loss": 2.4369388427734373, "clip_fraction": 0.994, "gradient_norm_mean": 297.82096875, "gradient_norm_max": 1346.7835693359375, "step_seconds": 2.2443870678544044, "innovation_std_sum": 144.0803108758691, "noise_marginal_std_sum": 198.73177379497218}
{"step": 80, "epoch": 2, "train_loss": 2.396956787109375, "clip_fraction": 0.981, "gradient_norm_mean": 312.1533046875, "gradient_norm_max": 1605.0201416015625, "step_seconds": 2.182231267914176, "innovation_std_sum": 144.0803108758691, "noise_marginal_std_sum": 198.73177379497218}
{"step": 90, "epoch": 2, "train_loss": 2.2225120239257814, "clip_fraction": 0.979, "gradient_norm_mean": 314.864140625, "gradient_norm_max": 1704.5245361328125, "step_seconds": 2.22262648306787, "innovation_std_sum": 144.0803108758691, "noise_marginal_std_sum": 198.73177379497218}
{"epoch": 2, "step": 90, "train_loss": 2.575611113823785, "clip_fraction": 0.9914222222222222, "epsilon": 4.4474719255524375, "accuracy": 0.547, "validation_loss": 1.7593107482910155, "validation_examples": 5000}
{"step": 100, "epoch": 3, "train_loss": 2.0409718017578125, "clip_fraction": 0.959, "gradient_norm_mean": 304.1341328125, "gradient_norm_max": 1221.1766357421875, "step_seconds": 2.144697656854987, "innovation_std_sum": 144.0803108758691, "noise_marginal_std_sum": 198.73177379497218}
{"step": 110, "epoch": 3, "train_loss": 1.952512481689453, "clip_fraction": 0.949, "gradient_norm_mean": 300.6803046875, "gradient_norm_max": 1176.6392822265625, "step_seconds": 2.122372094541788, "innovation_std_sum": 144.0803108758691, "noise_marginal_std_sum": 198.73177379497218}
{"step": 120, "epoch": 3, "train_loss": 1.8655787963867188, "clip_fraction": 0.936, "gradient_norm_mean": 302.4965, "gradient_norm_max": 1455.070556640625, "step_seconds": 2.1204914432018995, "innovation_std_sum": 144.0803108758691, "noise_marginal_std_sum": 198.73177379497218}
{"step": 130, "epoch": 3, "train_loss": 1.7922804565429689, "clip_fraction": 0.923, "gradient_norm_mean": 297.708140625, "gradient_norm_max": 1493.7720947265625, "step_seconds": 2.1610574536025524, "innovation_std_sum": 144.0803108758691, "noise_marginal_std_sum": 198.73177379497218}
{"epoch": 3, "step": 135, "train_loss": 1.9670394605848525, "clip_fraction": 0.9424888888888889, "epsilon": 5.779485746307642, "accuracy": 0.6398, "validation_loss": 1.322592498779297, "validation_examples": 5000}
{"step": 140, "epoch": 4, "train_loss": 1.760152069091797, "clip_fraction": 0.894, "gradient_norm_mean": 293.5664609375, "gradient_norm_max": 1697.691650390625, "step_seconds": 2.10599721968174, "innovation_std_sum": 144.0803108758691, "noise_marginal_std_sum": 198.73177379497218}
{"step": 150, "epoch": 4, "train_loss": 1.7385239562988282, "clip_fraction": 0.884, "gradient_norm_mean": 300.1383125, "gradient_norm_max": 1783.5841064453125, "step_seconds": 2.189235031604767, "innovation_std_sum": 144.0803108758691, "noise_marginal_std_sum": 198.73177379497218}
{"step": 160, "epoch": 4, "train_loss": 1.7246497802734375, "clip_fraction": 0.873, "gradient_norm_mean": 304.1987421875, "gradient_norm_max": 1654.0570068359375, "step_seconds": 2.2007716074585915, "innovation_std_sum": 144.0803108758691, "noise_marginal_std_sum": 198.73177379497218}
{"step": 170, "epoch": 4, "train_loss": 1.6414687194824218, "clip_fraction": 0.873, "gradient_norm_mean": 293.6956484375, "gradient_norm_max": 1934.3955078125, "step_seconds": 2.1541677191853523, "innovation_std_sum": 144.0803108758691, "noise_marginal_std_sum": 198.73177379497218}
{"step": 180, "epoch": 4, "train_loss": 1.5969532470703125, "clip_fraction": 0.851, "gradient_norm_mean": 290.9168515625, "gradient_norm_max": 1221.553466796875, "step_seconds": 2.210313593968749, "innovation_std_sum": 144.0803108758691, "noise_marginal_std_sum": 198.73177379497218}
{"epoch": 4, "step": 180, "train_loss": 1.6962339124891492, "clip_fraction": 0.8810222222222223, "epsilon": 6.943065470652311, "accuracy": 0.6872, "validation_loss": 1.0964453826904297, "validation_examples": 5000}
{"step": 190, "epoch": 5, "train_loss": 1.5265137634277344, "clip_fraction": 0.852, "gradient_norm_mean": 293.0006328125, "gradient_norm_max": 1257.2220458984375, "step_seconds": 2.1630098931491375, "innovation_std_sum": 144.0803108758691, "noise_marginal_std_sum": 198.73177379497218}
{"step": 200, "epoch": 5, "train_loss": 1.5652447204589843, "clip_fraction": 0.85, "gradient_norm_mean": 297.7510546875, "gradient_norm_max": 1535.0177001953125, "step_seconds": 2.1707124058157206, "innovation_std_sum": 144.0803108758691, "noise_marginal_std_sum": 198.73177379497218}
{"step": 210, "epoch": 5, "train_loss": 1.5810025329589843, "clip_fraction": 0.814, "gradient_norm_mean": 300.1197265625, "gradient_norm_max": 1999.4564208984375, "step_seconds": 2.1900868620723486, "innovation_std_sum": 144.0803108758691, "noise_marginal_std_sum": 198.73177379497218}
{"step": 220, "epoch": 5, "train_loss": 1.4950700073242187, "clip_fraction": 0.824, "gradient_norm_mean": 301.1223515625, "gradient_norm_max": 1427.9727783203125, "step_seconds": 2.1984559185802937, "innovation_std_sum": 144.0803108758691, "noise_marginal_std_sum": 198.73177379497218}
{"epoch": 5, "step": 225, "train_loss": 1.5341509684244792, "clip_fraction": 0.828, "epsilon": 8.000000000000005, "accuracy": 0.7152, "validation_loss": 0.9673880187988281, "validation_examples": 5000}
