/home/longt29/miniconda3/envs/curve/lib/python3.11/site-packages/torchvision/datasets/cifar.py:83: VisibleDeprecationWarning: dtype(): align should be passed as Python or NumPy boolean but got `align=0`. Did you mean to pass a tuple to create a subarray type? (Deprecated NumPy 2.4)
  entry = pickle.load(f, encoding="latin1")
{"status": "running", "method": "iid_dp_hybrid", "seed": 20261001, "calibration": {"target_mu": 1.6660305978457184, "sensitivity": 2.23606797749979, "innovation_std_sum": 40.264590225254544, "adjacency": "add_remove_zero_out", "k": 5, "b_participation": 50, "sampling_amplification": false}, "coefficients": [1.0]}
sys:1: UserWarning: Full backward hook is firing when gradients are computed with respect to module outputs since no inputs require gradients. See https://docs.pytorch.org/docs/main/generated/torch.nn.Module.html#torch.nn.Module.register_full_backward_hook for more details.
{"event": "logical_progress", "step": 1, "train_loss": 5.1808095703125, "clip_fraction": 1.0}
{"event": "logical_progress", "step": 25, "train_loss": 4.863289428710938, "clip_fraction": 1.0}
{"event": "logical_progress", "step": 50, "train_loss": 4.662524753417968, "clip_fraction": 1.0}
{"epoch": 1, "logical_steps": 50, "train_examples": 50000, "train_loss": 4.662524753417968, "test_loss": 4.277871350097656, "test_top1": 0.0617, "clip_fraction": 1.0, "epsilon": 3.1232925162148586, "delta": 1e-05, "seconds": 134.93673550896347}
{"event": "logical_progress", "step": 75, "train_loss": 4.165230424804688, "clip_fraction": 1.0}
{"event": "logical_progress", "step": 100, "train_loss": 3.997996783447266, "clip_fraction": 1.0}
{"epoch": 2, "logical_steps": 100, "train_examples": 50000, "train_loss": 3.997996783447266, "test_loss": 3.4953514892578124, "test_top1": 0.2007, "clip_fraction": 1.0, "epsilon": 4.650921021133024, "delta": 1e-05, "seconds": 261.2545554032549}
{"event": "logical_progress", "step": 125, "train_loss": 3.476671396484375, "clip_fraction": 0.99992}
{"event": "logical_progress", "step": 150, "train_loss": 3.3164150146484377, "clip_fraction": 0.99918}
{"epoch": 3, "logical_steps": 150, "train_examples": 50000, "train_loss": 3.3164150146484377, "test_loss": 2.772162023925781, "test_top1": 0.3418, "clip_fraction": 0.99918, "epsilon": 5.897172094191148, "delta": 1e-05, "seconds": 387.23820573370904}
{"event": "logical_progress", "step": 175, "train_loss": 2.90038669921875, "clip_fraction": 0.9944}
{"event": "logical_progress", "step": 200, "train_loss": 2.7838188012695313, "clip_fraction": 0.99008}
{"epoch": 4, "logical_steps": 200, "train_examples": 50000, "train_loss": 2.7838188012695313, "test_loss": 2.2683711303710936, "test_top1": 0.4492, "clip_fraction": 0.99008, "epsilon": 6.99603315708177, "delta": 1e-05, "seconds": 512.3651627115905}
{"event": "logical_progress", "step": 225, "train_loss": 2.5089810766601564, "clip_fraction": 0.97592}
{"event": "logical_progress", "step": 250, "train_loss": 2.4184768298339843, "clip_fraction": 0.968}
{"epoch": 5, "logical_steps": 250, "train_examples": 50000, "train_loss": 2.4184768298339843, "test_loss": 1.9154448364257812, "test_top1": 0.5211, "clip_fraction": 0.968, "epsilon": 8.000000000000007, "delta": 1e-05, "seconds": 639.6105268942192}
{"status": "completed", "result_dir": "/media/data/data/lt/dp-adam-correlated/exp3/results/search/B/b08_adam_0.0003"}
