Loading weights:   0%|          | 0/39 [00:00<?, ?it/s]Loading weights: 100%|██████████| 39/39 [00:00<00:00, 19111.80it/s]
[transformers] [1mBertModel LOAD REPORT[0m from: /media/data/data/lt/dp-adam-correlated/cache/bert-tiny
Key                                        | Status     |  | 
-------------------------------------------+------------+--+-
cls.predictions.transform.LayerNorm.weight | UNEXPECTED |  | 
cls.predictions.transform.LayerNorm.bias   | UNEXPECTED |  | 
cls.predictions.transform.dense.weight     | UNEXPECTED |  | 
cls.predictions.bias                       | UNEXPECTED |  | 
cls.seq_relationship.bias                  | UNEXPECTED |  | 
cls.predictions.decoder.weight             | UNEXPECTED |  | 
cls.predictions.decoder.bias               | UNEXPECTED |  | 
cls.predictions.transform.dense.bias       | UNEXPECTED |  | 
cls.seq_relationship.weight                | UNEXPECTED |  | 

Notes:
- UNEXPECTED:	can be ignored when loading from different task/architecture; not ok if you expect identical arch.
sys:1: UserWarning: Full backward hook is firing when gradients are computed with respect to module outputs since no inputs require gradients. See https://docs.pytorch.org/docs/main/generated/torch.nn.Module.html#torch.nn.Module.register_full_backward_hook for more details.
{"step": 62, "epoch": 1.0, "train_loss": 1.5258355978688884, "clip_fraction": 0.8070483870967742, "validation_loss": 1.5587440980683773, "accuracy": 0.5091743119266054, "validation_examples": 872, "epsilon": 3.1232925162148586}
{"step": 124, "epoch": 2.0, "train_loss": 1.0877438443091605, "clip_fraction": 0.7064999999999999, "validation_loss": 1.3488169766347342, "accuracy": 0.7339449541284404, "validation_examples": 872, "epsilon": 4.650921021133028}
{"step": 186, "epoch": 3.0, "train_loss": 1.1339993227066532, "clip_fraction": 0.5029032258064516, "validation_loss": 1.3441415926732054, "accuracy": 0.7477064220183486, "validation_examples": 872, "epsilon": 5.897172094191148}
{"step": 248, "epoch": 4.0, "train_loss": 1.0553067636797504, "clip_fraction": 0.46099999999999997, "validation_loss": 1.2950277503477323, "accuracy": 0.7511467889908257, "validation_examples": 872, "epsilon": 6.99603315708177}
{"step": 310, "epoch": 5.0, "train_loss": 1.0233235345655871, "clip_fraction": 0.4269032258064516, "validation_loss": 1.268923182006276, "accuracy": 0.7591743119266054, "validation_examples": 872, "epsilon": 8.000000000000005}
