/home/longt29/miniconda3/envs/curve/lib/python3.11/site-packages/torchvision/datasets/cifar.py:83: VisibleDeprecationWarning: dtype(): align should be passed as Python or NumPy boolean but got `align=0`. Did you mean to pass a tuple to create a subarray type? (Deprecated NumPy 2.4)
  entry = pickle.load(f, encoding="latin1")
sys:1: UserWarning: Full backward hook is firing when gradients are computed with respect to module outputs since no inputs require gradients. See https://docs.pytorch.org/docs/main/generated/torch.nn.Module.html#torch.nn.Module.register_full_backward_hook for more details.
{"step": 10, "epoch": 1, "train_loss": 4.090640563964843, "clip_fraction": 1.0, "gradient_norm_mean": 941.97328125, "gradient_norm_max": 2106.200927734375, "step_seconds": 1.944450255483389, "innovation_std_sum": 341.91003350271626, "noise_marginal_std_sum": 385.24192418426685}
{"step": 20, "epoch": 1, "train_loss": 3.153919921875, "clip_fraction": 1.0, "gradient_norm_mean": 1341.161375, "gradient_norm_max": 3483.589599609375, "step_seconds": 1.963341573253274, "innovation_std_sum": 341.91003350271626, "noise_marginal_std_sum": 385.24192418426685}
{"step": 30, "epoch": 1, "train_loss": 2.738877868652344, "clip_fraction": 0.995, "gradient_norm_mean": 1485.57584375, "gradient_norm_max": 4590.94140625, "step_seconds": 1.9728636424988508, "innovation_std_sum": 341.91003350271626, "noise_marginal_std_sum": 385.24192418426685}
{"step": 40, "epoch": 1, "train_loss": 2.2745343017578126, "clip_fraction": 0.968, "gradient_norm_mean": 1409.3033125, "gradient_norm_max": 5346.74853515625, "step_seconds": 1.9878190867602825, "innovation_std_sum": 341.91003350271626, "noise_marginal_std_sum": 385.24192418426685}
{"step": 50, "epoch": 1, "train_loss": 2.075287658691406, "clip_fraction": 0.963, "gradient_norm_mean": 1462.25840625, "gradient_norm_max": 6767.59765625, "step_seconds": 1.999755498021841, "innovation_std_sum": 341.91003350271626, "noise_marginal_std_sum": 385.24192418426685}
{"epoch": 1, "step": 50, "train_loss": 3.112417990112305, "clip_fraction": 0.98992, "epsilon": 3.123288128876418, "accuracy": 0.5656, "validation_loss": 1.5917452423095704, "validation_examples": 10000}
{"step": 60, "epoch": 2, "train_loss": 1.8273916931152343, "clip_fraction": 0.906, "gradient_norm_mean": 1378.46125, "gradient_norm_max": 5349.45849609375, "step_seconds": 1.953126324340701, "innovation_std_sum": 341.91003350271626, "noise_marginal_std_sum": 385.24192418426685}
{"step": 70, "epoch": 2, "train_loss": 1.7299654541015625, "clip_fraction": 0.877, "gradient_norm_mean": 1433.5335625, "gradient_norm_max": 6525.115234375, "step_seconds": 1.9852902870625257, "innovation_std_sum": 341.91003350271626, "noise_marginal_std_sum": 385.24192418426685}
{"step": 80, "epoch": 2, "train_loss": 1.825449188232422, "clip_fraction": 0.886, "gradient_norm_mean": 1501.02009375, "gradient_norm_max": 6967.611328125, "step_seconds": 1.9828701633960009, "innovation_std_sum": 341.91003350271626, "noise_marginal_std_sum": 385.24192418426685}
{"step": 90, "epoch": 2, "train_loss": 1.6995365600585937, "clip_fraction": 0.86, "gradient_norm_mean": 1504.76715625, "gradient_norm_max": 7877.9169921875, "step_seconds": 1.9901707377284765, "innovation_std_sum": 341.91003350271626, "noise_marginal_std_sum": 385.24192418426685}
{"step": 100, "epoch": 2, "train_loss": 1.6634959411621093, "clip_fraction": 0.852, "gradient_norm_mean": 1547.83690625, "gradient_norm_max": 12407.7109375, "step_seconds": 1.997895259410143, "innovation_std_sum": 341.91003350271626, "noise_marginal_std_sum": 385.24192418426685}
{"epoch": 2, "step": 100, "train_loss": 1.7985596258544922, "clip_fraction": 0.88606, "epsilon": 4.650918517225292, "accuracy": 0.6809, "validation_loss": 1.1144831192016602, "validation_examples": 10000}
{"step": 110, "epoch": 3, "train_loss": 1.55422314453125, "clip_fraction": 0.813, "gradient_norm_mean": 1463.868, "gradient_norm_max": 5940.603515625, "step_seconds": 1.9545181952416897, "innovation_std_sum": 341.91003350271626, "noise_marginal_std_sum": 385.24192418426685}
{"step": 120, "epoch": 3, "train_loss": 1.5103935546875, "clip_fraction": 0.795, "gradient_norm_mean": 1523.72746875, "gradient_norm_max": 8886.8662109375, "step_seconds": 2.402581913396716, "innovation_std_sum": 341.91003350271626, "noise_marginal_std_sum": 385.24192418426685}
{"step": 130, "epoch": 3, "train_loss": 1.6089864501953124, "clip_fraction": 0.794, "gradient_norm_mean": 1585.119, "gradient_norm_max": 8153.73095703125, "step_seconds": 1.9996844083070755, "innovation_std_sum": 341.91003350271626, "noise_marginal_std_sum": 385.24192418426685}
{"step": 140, "epoch": 3, "train_loss": 1.5591383666992187, "clip_fraction": 0.788, "gradient_norm_mean": 1538.2183125, "gradient_norm_max": 7951.36572265625, "step_seconds": 2.025463053956628, "innovation_std_sum": 341.91003350271626, "noise_marginal_std_sum": 385.24192418426685}
{"step": 150, "epoch": 3, "train_loss": 1.5853628845214844, "clip_fraction": 0.79, "gradient_norm_mean": 1604.59559375, "gradient_norm_max": 9223.9384765625, "step_seconds": 2.0129278544336557, "innovation_std_sum": 341.91003350271626, "noise_marginal_std_sum": 385.24192418426685}
{"epoch": 3, "step": 150, "train_loss": 1.5864555181884765, "clip_fraction": 0.79934, "epsilon": 5.897170660712958, "accuracy": 0.7065, "validation_loss": 1.0071677337646485, "validation_examples": 10000}
{"step": 160, "epoch": 4, "train_loss": 1.5487884216308594, "clip_fraction": 0.773, "gradient_norm_mean": 1597.5486875, "gradient_norm_max": 8502.201171875, "step_seconds": 1.9866956043988466, "innovation_std_sum": 341.91003350271626, "noise_marginal_std_sum": 385.24192418426685}
{"step": 170, "epoch": 4, "train_loss": 1.41437158203125, "clip_fraction": 0.753, "gradient_norm_mean": 1493.92071875, "gradient_norm_max": 7649.15966796875, "step_seconds": 1.9822249747812748, "innovation_std_sum": 341.91003350271626, "noise_marginal_std_sum": 385.24192418426685}
{"step": 180, "epoch": 4, "train_loss": 1.6167380676269532, "clip_fraction": 0.773, "gradient_norm_mean": 1638.62634375, "gradient_norm_max": 9342.20703125, "step_seconds": 1.9872264619916677, "innovation_std_sum": 341.91003350271626, "noise_marginal_std_sum": 385.24192418426685}
{"step": 190, "epoch": 4, "train_loss": 1.5287869262695313, "clip_fraction": 0.749, "gradient_norm_mean": 1599.85959375, "gradient_norm_max": 8463.2177734375, "step_seconds": 1.9959998093545437, "innovation_std_sum": 341.91003350271626, "noise_marginal_std_sum": 385.24192418426685}
{"step": 200, "epoch": 4, "train_loss": 1.5225759887695312, "clip_fraction": 0.761, "gradient_norm_mean": 1618.04678125, "gradient_norm_max": 10289.9306640625, "step_seconds": 2.0130130909383297, "innovation_std_sum": 341.91003350271626, "noise_marginal_std_sum": 385.24192418426685}
{"epoch": 4, "step": 200, "train_loss": 1.5522322497558594, "clip_fraction": 0.76226, "epsilon": 6.996032511238058, "accuracy": 0.7162, "validation_loss": 0.9786081985473633, "validation_examples": 10000}
{"step": 210, "epoch": 5, "train_loss": 1.507758056640625, "clip_fraction": 0.746, "gradient_norm_mean": 1601.33765625, "gradient_norm_max": 10493.8095703125, "step_seconds": 1.9807591959834099, "innovation_std_sum": 341.91003350271626, "noise_marginal_std_sum": 385.24192418426685}
{"step": 220, "epoch": 5, "train_loss": 1.5097767639160156, "clip_fraction": 0.729, "gradient_norm_mean": 1638.5660625, "gradient_norm_max": 8671.5517578125, "step_seconds": 1.978877305984497, "innovation_std_sum": 341.91003350271626, "noise_marginal_std_sum": 385.24192418426685}
{"step": 230, "epoch": 5, "train_loss": 1.5739814453125, "clip_fraction": 0.771, "gradient_norm_mean": 1710.72553125, "gradient_norm_max": 14371.85546875, "step_seconds": 2.0142856873571873, "innovation_std_sum": 341.91003350271626, "noise_marginal_std_sum": 385.24192418426685}
{"step": 240, "epoch": 5, "train_loss": 1.4407179870605469, "clip_fraction": 0.709, "gradient_norm_mean": 1494.83, "gradient_norm_max": 7181.42431640625, "step_seconds": 1.988256810232997, "innovation_std_sum": 341.91003350271626, "noise_marginal_std_sum": 385.24192418426685}
{"step": 250, "epoch": 5, "train_loss": 1.5560641174316405, "clip_fraction": 0.748, "gradient_norm_mean": 1703.738375, "gradient_norm_max": 9598.5146484375, "step_seconds": 2.000314535573125, "innovation_std_sum": 341.91003350271626, "noise_marginal_std_sum": 385.24192418426685}
{"epoch": 5, "step": 250, "train_loss": 1.5437423455810546, "clip_fraction": 0.74538, "epsilon": 8.000000000000005, "accuracy": 0.7177, "validation_loss": 0.9868035232543946, "validation_examples": 10000}
