/home/longt29/miniconda3/envs/curve/lib/python3.11/site-packages/torchvision/datasets/cifar.py:83: VisibleDeprecationWarning: dtype(): align should be passed as Python or NumPy boolean but got `align=0`. Did you mean to pass a tuple to create a subarray type? (Deprecated NumPy 2.4)
  entry = pickle.load(f, encoding="latin1")
sys:1: UserWarning: Full backward hook is firing when gradients are computed with respect to module outputs since no inputs require gradients. See https://docs.pytorch.org/docs/main/generated/torch.nn.Module.html#torch.nn.Module.register_full_backward_hook for more details.
{"step": 10, "epoch": 1, "train_loss": 4.48559423828125, "clip_fraction": 1.0, "gradient_norm_mean": 43.61762890625, "gradient_norm_max": 84.51051330566406, "step_seconds": 2.3091702312231064, "innovation_std_sum": 14.408031087586908, "noise_marginal_std_sum": 19.873177379497214}
{"step": 20, "epoch": 1, "train_loss": 4.107971435546875, "clip_fraction": 1.0, "gradient_norm_mean": 68.603822265625, "gradient_norm_max": 147.00946044921875, "step_seconds": 2.3701549638062716, "innovation_std_sum": 14.408031087586908, "noise_marginal_std_sum": 19.873177379497214}
{"step": 30, "epoch": 1, "train_loss": 3.7050545654296876, "clip_fraction": 1.0, "gradient_norm_mean": 95.6693984375, "gradient_norm_max": 298.8606872558594, "step_seconds": 2.4708622246980667, "innovation_std_sum": 14.408031087586908, "noise_marginal_std_sum": 19.873177379497214}
{"step": 40, "epoch": 1, "train_loss": 3.2985995483398436, "clip_fraction": 1.0, "gradient_norm_mean": 110.760759765625, "gradient_norm_max": 317.6250915527344, "step_seconds": 2.453561259433627, "innovation_std_sum": 14.408031087586908, "noise_marginal_std_sum": 19.873177379497214}
{"epoch": 1, "step": 45, "train_loss": 3.976646609157986, "clip_fraction": 1.0, "epsilon": 2.805247463992718, "accuracy": 0.3052, "validation_loss": 2.7730583618164064, "validation_examples": 5000}
{"step": 50, "epoch": 2, "train_loss": 2.9142902221679687, "clip_fraction": 1.0, "gradient_norm_mean": 118.483033203125, "gradient_norm_max": 476.4424133300781, "step_seconds": 2.2409594170749187, "innovation_std_sum": 14.408031087586908, "noise_marginal_std_sum": 19.873177379497214}
{"step": 60, "epoch": 2, "train_loss": 2.7633253173828125, "clip_fraction": 1.0, "gradient_norm_mean": 122.223466796875, "gradient_norm_max": 606.8482055664062, "step_seconds": 2.4489386714994907, "innovation_std_sum": 14.408031087586908, "noise_marginal_std_sum": 19.873177379497214}
{"step": 70, "epoch": 2, "train_loss": 2.4368097534179687, "clip_fraction": 0.998, "gradient_norm_mean": 117.026876953125, "gradient_norm_max": 529.3143920898438, "step_seconds": 2.4311354756355286, "innovation_std_sum": 14.408031087586908, "noise_marginal_std_sum": 19.873177379497214}
{"step": 80, "epoch": 2, "train_loss": 2.424467346191406, "clip_fraction": 0.995, "gradient_norm_mean": 125.077923828125, "gradient_norm_max": 465.3787536621094, "step_seconds": 2.4812591541558504, "innovation_std_sum": 14.408031087586908, "noise_marginal_std_sum": 19.873177379497214}
{"step": 90, "epoch": 2, "train_loss": 2.2324874267578125, "clip_fraction": 0.995, "gradient_norm_mean": 125.710728515625, "gradient_norm_max": 452.2647399902344, "step_seconds": 2.42985949665308, "innovation_std_sum": 14.408031087586908, "noise_marginal_std_sum": 19.873177379497214}
{"epoch": 2, "step": 90, "train_loss": 2.568087208387587, "clip_fraction": 0.9979333333333333, "epsilon": 4.447471925552444, "accuracy": 0.5234, "validation_loss": 1.7547744689941407, "validation_examples": 5000}
{"step": 100, "epoch": 3, "train_loss": 2.05157958984375, "clip_fraction": 0.981, "gradient_norm_mean": 118.421998046875, "gradient_norm_max": 427.67626953125, "step_seconds": 2.355902824550867, "innovation_std_sum": 14.408031087586908, "noise_marginal_std_sum": 19.873177379497214}
{"step": 110, "epoch": 3, "train_loss": 1.9918018188476563, "clip_fraction": 0.977, "gradient_norm_mean": 121.481453125, "gradient_norm_max": 643.3191528320312, "step_seconds": 2.4718150217086077, "innovation_std_sum": 14.408031087586908, "noise_marginal_std_sum": 19.873177379497214}
{"step": 120, "epoch": 3, "train_loss": 1.884595947265625, "clip_fraction": 0.972, "gradient_norm_mean": 120.5734453125, "gradient_norm_max": 560.9649047851562, "step_seconds": 2.5057684294879436, "innovation_std_sum": 14.408031087586908, "noise_marginal_std_sum": 19.873177379497214}
{"step": 130, "epoch": 3, "train_loss": 1.8602115783691406, "clip_fraction": 0.963, "gradient_norm_mean": 118.9395859375, "gradient_norm_max": 547.0144653320312, "step_seconds": 2.476132083684206, "innovation_std_sum": 14.408031087586908, "noise_marginal_std_sum": 19.873177379497214}
{"epoch": 3, "step": 135, "train_loss": 2.0016684665256075, "clip_fraction": 0.9715777777777778, "epsilon": 5.779485746307641, "accuracy": 0.6202, "validation_loss": 1.3398804626464844, "validation_examples": 5000}
{"step": 140, "epoch": 4, "train_loss": 1.806014404296875, "clip_fraction": 0.936, "gradient_norm_mean": 116.60421875, "gradient_norm_max": 569.1011962890625, "step_seconds": 2.2988592348992825, "innovation_std_sum": 14.408031087586908, "noise_marginal_std_sum": 19.873177379497214}
{"step": 150, "epoch": 4, "train_loss": 1.7747928771972656, "clip_fraction": 0.933, "gradient_norm_mean": 119.05944921875, "gradient_norm_max": 665.6751098632812, "step_seconds": 2.3951143845915794, "innovation_std_sum": 14.408031087586908, "noise_marginal_std_sum": 19.873177379497214}
{"step": 160, "epoch": 4, "train_loss": 1.738167999267578, "clip_fraction": 0.919, "gradient_norm_mean": 119.994953125, "gradient_norm_max": 629.9089965820312, "step_seconds": 2.441064776852727, "innovation_std_sum": 14.408031087586908, "noise_marginal_std_sum": 19.873177379497214}
{"step": 170, "epoch": 4, "train_loss": 1.718933380126953, "clip_fraction": 0.92, "gradient_norm_mean": 117.19523046875, "gradient_norm_max": 672.8425903320312, "step_seconds": 2.463115433230996, "innovation_std_sum": 14.408031087586908, "noise_marginal_std_sum": 19.873177379497214}
{"step": 180, "epoch": 4, "train_loss": 1.6522936096191407, "clip_fraction": 0.897, "gradient_norm_mean": 119.938931640625, "gradient_norm_max": 528.6171875, "step_seconds": 2.434645311906934, "innovation_std_sum": 14.408031087586908, "noise_marginal_std_sum": 19.873177379497214}
{"epoch": 4, "step": 180, "train_loss": 1.7506217156304253, "clip_fraction": 0.9254666666666667, "epsilon": 6.943065470652319, "accuracy": 0.667, "validation_loss": 1.1431958953857422, "validation_examples": 5000}
{"step": 190, "epoch": 5, "train_loss": 1.5867821044921875, "clip_fraction": 0.902, "gradient_norm_mean": 120.796310546875, "gradient_norm_max": 511.7733154296875, "step_seconds": 2.4026875514537096, "innovation_std_sum": 14.408031087586908, "noise_marginal_std_sum": 19.873177379497214}
{"step": 200, "epoch": 5, "train_loss": 1.6549595642089843, "clip_fraction": 0.892, "gradient_norm_mean": 122.162986328125, "gradient_norm_max": 656.1179809570312, "step_seconds": 2.4666578974574804, "innovation_std_sum": 14.408031087586908, "noise_marginal_std_sum": 19.873177379497214}
{"step": 210, "epoch": 5, "train_loss": 1.6322330322265626, "clip_fraction": 0.865, "gradient_norm_mean": 118.03130859375, "gradient_norm_max": 594.6940307617188, "step_seconds": 2.447201518341899, "innovation_std_sum": 14.408031087586908, "noise_marginal_std_sum": 19.873177379497214}
{"step": 220, "epoch": 5, "train_loss": 1.5756798095703124, "clip_fraction": 0.885, "gradient_norm_mean": 122.84430078125, "gradient_norm_max": 653.1275024414062, "step_seconds": 2.386222992092371, "innovation_std_sum": 14.408031087586908, "noise_marginal_std_sum": 19.873177379497214}
{"epoch": 5, "step": 225, "train_loss": 1.6049264255099827, "clip_fraction": 0.8811777777777777, "epsilon": 8.000000000000005, "accuracy": 0.7018, "validation_loss": 1.0270910125732422, "validation_examples": 5000}
