/home/longt29/miniconda3/envs/curve/lib/python3.11/site-packages/torchvision/datasets/cifar.py:83: VisibleDeprecationWarning: dtype(): align should be passed as Python or NumPy boolean but got `align=0`. Did you mean to pass a tuple to create a subarray type? (Deprecated NumPy 2.4)
  entry = pickle.load(f, encoding="latin1")
sys:1: UserWarning: Full backward hook is firing when gradients are computed with respect to module outputs since no inputs require gradients. See https://docs.pytorch.org/docs/main/generated/torch.nn.Module.html#torch.nn.Module.register_full_backward_hook for more details.
{"step": 10, "epoch": 1, "train_loss": 4.6521142578125, "clip_fraction": 1.0, "gradient_norm_mean": 638.85871875, "gradient_norm_max": 1332.84765625, "step_seconds": 1.9415037389844656, "innovation_std_sum": 481.51987677654046, "noise_marginal_std_sum": 563.3284436196507}
{"step": 20, "epoch": 1, "train_loss": 4.450385498046875, "clip_fraction": 1.0, "gradient_norm_mean": 540.467703125, "gradient_norm_max": 1003.0955200195312, "step_seconds": 1.9706768076866865, "innovation_std_sum": 481.51987677654046, "noise_marginal_std_sum": 563.3284436196507}
{"step": 30, "epoch": 1, "train_loss": 4.297567749023438, "clip_fraction": 1.0, "gradient_norm_mean": 589.389125, "gradient_norm_max": 1045.306884765625, "step_seconds": 1.9951876439154148, "innovation_std_sum": 481.51987677654046, "noise_marginal_std_sum": 563.3284436196507}
{"step": 40, "epoch": 1, "train_loss": 4.0856583862304685, "clip_fraction": 1.0, "gradient_norm_mean": 696.721375, "gradient_norm_max": 1451.0079345703125, "step_seconds": 2.02182749658823, "innovation_std_sum": 481.51987677654046, "noise_marginal_std_sum": 563.3284436196507}
{"epoch": 1, "step": 45, "train_loss": 4.409237635633681, "clip_fraction": 1.0, "epsilon": 3.0297011451528837, "accuracy": 0.1544, "validation_loss": 3.743949304199219, "validation_examples": 5000}
{"step": 50, "epoch": 2, "train_loss": 3.744151672363281, "clip_fraction": 1.0, "gradient_norm_mean": 797.941234375, "gradient_norm_max": 1550.51953125, "step_seconds": 1.947079023346305, "innovation_std_sum": 481.51987677654046, "noise_marginal_std_sum": 563.3284436196507}
{"step": 60, "epoch": 2, "train_loss": 3.5277804565429687, "clip_fraction": 1.0, "gradient_norm_mean": 898.069484375, "gradient_norm_max": 2706.7275390625, "step_seconds": 2.0106490701436996, "innovation_std_sum": 481.51987677654046, "noise_marginal_std_sum": 563.3284436196507}
{"step": 70, "epoch": 2, "train_loss": 3.21330517578125, "clip_fraction": 1.0, "gradient_norm_mean": 935.925640625, "gradient_norm_max": 2610.08740234375, "step_seconds": 1.9907512459903955, "innovation_std_sum": 481.51987677654046, "noise_marginal_std_sum": 563.3284436196507}
{"step": 80, "epoch": 2, "train_loss": 3.084840515136719, "clip_fraction": 0.999, "gradient_norm_mean": 972.033234375, "gradient_norm_max": 3335.93115234375, "step_seconds": 1.9795693010091782, "innovation_std_sum": 481.51987677654046, "noise_marginal_std_sum": 563.3284436196507}
{"step": 90, "epoch": 2, "train_loss": 2.9220213623046876, "clip_fraction": 1.0, "gradient_norm_mean": 994.91115625, "gradient_norm_max": 3434.4912109375, "step_seconds": 2.0070571936666965, "innovation_std_sum": 481.51987677654046, "noise_marginal_std_sum": 563.3284436196507}
{"epoch": 2, "step": 90, "train_loss": 3.344477796766493, "clip_fraction": 0.9997111111111111, "epsilon": 4.5953206372907065, "accuracy": 0.3808, "validation_loss": 2.5884274291992186, "validation_examples": 5000}
{"step": 100, "epoch": 3, "train_loss": 2.7087599487304685, "clip_fraction": 0.991, "gradient_norm_mean": 1006.4975625, "gradient_norm_max": 3013.11669921875, "step_seconds": 1.9648322369903326, "innovation_std_sum": 481.51987677654046, "noise_marginal_std_sum": 563.3284436196507}
{"step": 110, "epoch": 3, "train_loss": 2.5430986328125, "clip_fraction": 0.986, "gradient_norm_mean": 992.808078125, "gradient_norm_max": 3319.101318359375, "step_seconds": 1.965830598026514, "innovation_std_sum": 481.51987677654046, "noise_marginal_std_sum": 563.3284436196507}
{"step": 120, "epoch": 3, "train_loss": 2.469505859375, "clip_fraction": 0.98, "gradient_norm_mean": 1012.83584375, "gradient_norm_max": 3519.0986328125, "step_seconds": 2.032728161662817, "innovation_std_sum": 481.51987677654046, "noise_marginal_std_sum": 563.3284436196507}
{"step": 130, "epoch": 3, "train_loss": 2.311267578125, "clip_fraction": 0.974, "gradient_norm_mean": 1004.717484375, "gradient_norm_max": 4861.8427734375, "step_seconds": 2.0423199851065874, "innovation_std_sum": 481.51987677654046, "noise_marginal_std_sum": 563.3284436196507}
{"epoch": 3, "step": 135, "train_loss": 2.557709187825521, "clip_fraction": 0.9852, "epsilon": 5.865340104265841, "accuracy": 0.5232, "validation_loss": 1.9335069702148437, "validation_examples": 5000}
{"step": 140, "epoch": 4, "train_loss": 2.220243896484375, "clip_fraction": 0.959, "gradient_norm_mean": 983.533171875, "gradient_norm_max": 4893.51025390625, "step_seconds": 1.9424693398177624, "innovation_std_sum": 481.51987677654046, "noise_marginal_std_sum": 563.3284436196507}
{"step": 150, "epoch": 4, "train_loss": 2.209157287597656, "clip_fraction": 0.955, "gradient_norm_mean": 1008.18740625, "gradient_norm_max": 5383.189453125, "step_seconds": 1.9640653971582651, "innovation_std_sum": 481.51987677654046, "noise_marginal_std_sum": 563.3284436196507}
{"step": 160, "epoch": 4, "train_loss": 2.158280303955078, "clip_fraction": 0.946, "gradient_norm_mean": 1027.70725, "gradient_norm_max": 4767.25390625, "step_seconds": 1.98458905890584, "innovation_std_sum": 481.51987677654046, "noise_marginal_std_sum": 563.3284436196507}
{"step": 170, "epoch": 4, "train_loss": 2.0266697998046874, "clip_fraction": 0.932, "gradient_norm_mean": 991.073453125, "gradient_norm_max": 4320.52978515625, "step_seconds": 1.99821487814188, "innovation_std_sum": 481.51987677654046, "noise_marginal_std_sum": 563.3284436196507}
{"step": 180, "epoch": 4, "train_loss": 1.9978276977539062, "clip_fraction": 0.936, "gradient_norm_mean": 982.128875, "gradient_norm_max": 4144.416015625, "step_seconds": 2.0073051638901234, "innovation_std_sum": 481.51987677654046, "noise_marginal_std_sum": 563.3284436196507}
{"epoch": 4, "step": 180, "train_loss": 2.1274955186631943, "clip_fraction": 0.9452666666666667, "epsilon": 6.9817050448149836, "accuracy": 0.599, "validation_loss": 1.5579846984863281, "validation_examples": 5000}
{"step": 190, "epoch": 5, "train_loss": 1.929819580078125, "clip_fraction": 0.914, "gradient_norm_mean": 999.837578125, "gradient_norm_max": 4708.92236328125, "step_seconds": 1.9672421272844076, "innovation_std_sum": 481.51987677654046, "noise_marginal_std_sum": 563.3284436196507}
{"step": 200, "epoch": 5, "train_loss": 1.9006280517578125, "clip_fraction": 0.905, "gradient_norm_mean": 1002.896015625, "gradient_norm_max": 5279.16015625, "step_seconds": 1.9724213685840368, "innovation_std_sum": 481.51987677654046, "noise_marginal_std_sum": 563.3284436196507}
{"step": 210, "epoch": 5, "train_loss": 1.9203826293945312, "clip_fraction": 0.883, "gradient_norm_mean": 993.194859375, "gradient_norm_max": 4360.9033203125, "step_seconds": 1.979963669553399, "innovation_std_sum": 481.51987677654046, "noise_marginal_std_sum": 563.3284436196507}
{"step": 220, "epoch": 5, "train_loss": 1.812354705810547, "clip_fraction": 0.888, "gradient_norm_mean": 1007.663421875, "gradient_norm_max": 5116.22216796875, "step_seconds": 2.005990533158183, "innovation_std_sum": 481.51987677654046, "noise_marginal_std_sum": 563.3284436196507}
{"epoch": 5, "step": 225, "train_loss": 1.8680188205295138, "clip_fraction": 0.8970444444444444, "epsilon": 8.000000000000005, "accuracy": 0.6454, "validation_loss": 1.3257341369628906, "validation_examples": 5000}
