Loading weights:   0%|          | 0/39 [00:00<?, ?it/s]Loading weights: 100%|██████████| 39/39 [00:00<00:00, 28266.43it/s]
[transformers] [1mBertModel LOAD REPORT[0m from: /media/data/data/lt/dp-adam-correlated/cache/bert-tiny
Key                                        | Status     |  | 
-------------------------------------------+------------+--+-
cls.predictions.bias                       | UNEXPECTED |  | 
cls.predictions.transform.dense.weight     | UNEXPECTED |  | 
cls.predictions.decoder.bias               | UNEXPECTED |  | 
cls.predictions.transform.dense.bias       | UNEXPECTED |  | 
cls.predictions.transform.LayerNorm.bias   | UNEXPECTED |  | 
cls.predictions.decoder.weight             | UNEXPECTED |  | 
cls.predictions.transform.LayerNorm.weight | UNEXPECTED |  | 
cls.seq_relationship.bias                  | UNEXPECTED |  | 
cls.seq_relationship.weight                | UNEXPECTED |  | 

Notes:
- UNEXPECTED:	can be ignored when loading from different task/architecture; not ok if you expect identical arch.
sys:1: UserWarning: Full backward hook is firing when gradients are computed with respect to module outputs since no inputs require gradients. See https://docs.pytorch.org/docs/main/generated/torch.nn.Module.html#torch.nn.Module.register_full_backward_hook for more details.
{"step": 62, "epoch": 1.0, "train_loss": 0.6646109491163684, "clip_fraction": 0.0, "validation_loss": 0.6198797463078124, "accuracy": 0.6380631893811928, "validation_examples": 5349, "epsilon": 3.1232925162148586}
{"step": 124, "epoch": 2.0, "train_loss": 0.5851383804813507, "clip_fraction": 0.10501612903225808, "validation_loss": 0.5212167549810803, "accuracy": 0.7435034585903907, "validation_examples": 5349, "epsilon": 4.650921021133024}
{"step": 186, "epoch": 3.0, "train_loss": 0.5268076836370653, "clip_fraction": 0.3724032258064516, "validation_loss": 0.4932479380580683, "accuracy": 0.7730416900355207, "validation_examples": 5349, "epsilon": 5.897172094191148}
{"step": 248, "epoch": 4.0, "train_loss": 0.5075380475444178, "clip_fraction": 0.3722258064516129, "validation_loss": 0.487731991359777, "accuracy": 0.7807066741447, "validation_examples": 5349, "epsilon": 6.99603315708177}
{"step": 310, "epoch": 5.0, "train_loss": 0.4921891016806326, "clip_fraction": 0.3493064516129033, "validation_loss": 0.4716783289286238, "accuracy": 0.7906150682370536, "validation_examples": 5349, "epsilon": 8.000000000000007}
