Loading weights:   0%|          | 0/39 [00:00<?, ?it/s]Loading weights: 100%|██████████| 39/39 [00:00<00:00, 19977.75it/s]
[transformers] [1mBertModel LOAD REPORT[0m from: /media/data/data/lt/dp-adam-correlated/cache/bert-tiny
Key                                        | Status     |  | 
-------------------------------------------+------------+--+-
cls.seq_relationship.weight                | UNEXPECTED |  | 
cls.predictions.transform.dense.weight     | UNEXPECTED |  | 
cls.predictions.bias                       | UNEXPECTED |  | 
cls.predictions.transform.LayerNorm.bias   | UNEXPECTED |  | 
cls.predictions.transform.LayerNorm.weight | UNEXPECTED |  | 
cls.predictions.decoder.weight             | UNEXPECTED |  | 
cls.predictions.transform.dense.bias       | UNEXPECTED |  | 
cls.seq_relationship.bias                  | UNEXPECTED |  | 
cls.predictions.decoder.bias               | UNEXPECTED |  | 

Notes:
- UNEXPECTED:	can be ignored when loading from different task/architecture; not ok if you expect identical arch.
sys:1: UserWarning: Full backward hook is firing when gradients are computed with respect to module outputs since no inputs require gradients. See https://docs.pytorch.org/docs/main/generated/torch.nn.Module.html#torch.nn.Module.register_full_backward_hook for more details.
{"step": 10, "epoch": 1, "step_seconds": 0.2609042152762413, "innovation_std_sum": 18.18056540675466, "noise_marginal_std_sum": 20.109526391892718, "pure_mf_cumulative_momentum_noise_variance": 0.001449677851333464, "preconditioner_mean": 54.22319030761719, "preconditioner_change_relative": 0.08956242352724075, "denominator_lag_relative": 0.0, "block_age": 0}
{"step": 20, "epoch": 1, "step_seconds": 0.2645856700837612, "innovation_std_sum": 18.18056540675466, "noise_marginal_std_sum": 20.109526391892718, "pure_mf_cumulative_momentum_noise_variance": 0.0016524464407524123, "preconditioner_mean": 51.52446746826172, "preconditioner_change_relative": 0.03792732581496239, "denominator_lag_relative": 0.0, "block_age": 0}
{"step": 30, "epoch": 1, "step_seconds": 0.26101141422986984, "innovation_std_sum": 18.18056540675466, "noise_marginal_std_sum": 20.109526391892718, "pure_mf_cumulative_momentum_noise_variance": 0.0017957261824324436, "preconditioner_mean": 50.672821044921875, "preconditioner_change_relative": 0.02641211450099945, "denominator_lag_relative": 0.0, "block_age": 0}
{"step": 40, "epoch": 1, "step_seconds": 0.26410555839538574, "innovation_std_sum": 18.18056540675466, "noise_marginal_std_sum": 20.109526391892718, "pure_mf_cumulative_momentum_noise_variance": 0.0019261479207798588, "preconditioner_mean": 50.209232330322266, "preconditioner_change_relative": 0.019650930538773537, "denominator_lag_relative": 0.0, "block_age": 0}
{"step": 50, "epoch": 1, "step_seconds": 0.26216633804142475, "innovation_std_sum": 18.18056540675466, "noise_marginal_std_sum": 20.109526391892718, "pure_mf_cumulative_momentum_noise_variance": 0.0020529145211999156, "preconditioner_mean": 50.09300994873047, "preconditioner_change_relative": 0.015776880085468292, "denominator_lag_relative": 0.0, "block_age": 0}
{"step": 60, "epoch": 1, "step_seconds": 0.2625877186655998, "innovation_std_sum": 18.18056540675466, "noise_marginal_std_sum": 20.109526391892718, "pure_mf_cumulative_momentum_noise_variance": 0.0021785592046681527, "preconditioner_mean": 49.94312286376953, "preconditioner_change_relative": 0.012924505397677422, "denominator_lag_relative": 0.0, "block_age": 0}
{"epoch": 1, "step": 62, "epsilon": 3.1189885091449114, "accuracy": 0.7653767059263413, "validation_loss": 0.6834796399886551, "validation_examples": 5349}
{"step": 70, "epoch": 2, "step_seconds": 0.2615601886063814, "innovation_std_sum": 18.18056540675466, "noise_marginal_std_sum": 20.109526391892718, "pure_mf_cumulative_momentum_noise_variance": 0.002303852328587416, "preconditioner_mean": 49.82366943359375, "preconditioner_change_relative": 0.01092261727899313, "denominator_lag_relative": 0.0, "block_age": 0}
{"step": 80, "epoch": 2, "step_seconds": 0.26219562627375126, "innovation_std_sum": 18.18056540675466, "noise_marginal_std_sum": 20.109526391892718, "pure_mf_cumulative_momentum_noise_variance": 0.0024290351922130827, "preconditioner_mean": 49.69327926635742, "preconditioner_change_relative": 0.009686499834060669, "denominator_lag_relative": 0.0, "block_age": 0}
{"step": 90, "epoch": 2, "step_seconds": 0.26176591217517853, "innovation_std_sum": 18.18056540675466, "noise_marginal_std_sum": 20.109526391892718, "pure_mf_cumulative_momentum_noise_variance": 0.002554183735667805, "preconditioner_mean": 49.643795013427734, "preconditioner_change_relative": 0.009047671221196651, "denominator_lag_relative": 0.0, "block_age": 0}
{"step": 100, "epoch": 2, "step_seconds": 0.26665417291224003, "innovation_std_sum": 18.18056540675466, "noise_marginal_std_sum": 20.109526391892718, "pure_mf_cumulative_momentum_noise_variance": 0.0026793217310920893, "preconditioner_mean": 49.598602294921875, "preconditioner_change_relative": 0.007873834110796452, "denominator_lag_relative": 0.0, "block_age": 0}
{"step": 110, "epoch": 2, "step_seconds": 0.26589090190827847, "innovation_std_sum": 18.18056540675466, "noise_marginal_std_sum": 20.109526391892718, "pure_mf_cumulative_momentum_noise_variance": 0.002804456541029548, "preconditioner_mean": 49.56367874145508, "preconditioner_change_relative": 0.00718019250780344, "denominator_lag_relative": 0.0, "block_age": 0}
{"step": 120, "epoch": 2, "step_seconds": 0.26641141436994076, "innovation_std_sum": 18.18056540675466, "noise_marginal_std_sum": 20.109526391892718, "pure_mf_cumulative_momentum_noise_variance": 0.0029295904116772163, "preconditioner_mean": 49.530609130859375, "preconditioner_change_relative": 0.006619449704885483, "denominator_lag_relative": 0.0, "block_age": 0}
{"epoch": 2, "step": 124, "epsilon": 4.648458915040102, "accuracy": 0.7962235931949897, "validation_loss": 0.5997995471793884, "validation_examples": 5349}
{"step": 130, "epoch": 3, "step_seconds": 0.26705661229789257, "innovation_std_sum": 18.18056540675466, "noise_marginal_std_sum": 20.109526391892718, "pure_mf_cumulative_momentum_noise_variance": 0.0030547240145552307, "preconditioner_mean": 49.51252746582031, "preconditioner_change_relative": 0.005685413256287575, "denominator_lag_relative": 0.0, "block_age": 0}
{"step": 140, "epoch": 3, "step_seconds": 0.26579485833644867, "innovation_std_sum": 18.18056540675466, "noise_marginal_std_sum": 20.109526391892718, "pure_mf_cumulative_momentum_noise_variance": 0.003179857544894466, "preconditioner_mean": 49.46772766113281, "preconditioner_change_relative": 0.005677209701389074, "denominator_lag_relative": 0.0, "block_age": 0}
{"step": 150, "epoch": 3, "step_seconds": 0.26654740050435066, "innovation_std_sum": 18.18056540675466, "noise_marginal_std_sum": 20.109526391892718, "pure_mf_cumulative_momentum_noise_variance": 0.003304991057202423, "preconditioner_mean": 49.480621337890625, "preconditioner_change_relative": 0.0050157648511230946, "denominator_lag_relative": 0.0, "block_age": 0}
{"step": 160, "epoch": 3, "step_seconds": 0.26167257875204086, "innovation_std_sum": 18.18056540675466, "noise_marginal_std_sum": 20.109526391892718, "pure_mf_cumulative_momentum_noise_variance": 0.0034301245657551212, "preconditioner_mean": 49.47406768798828, "preconditioner_change_relative": 0.0049326238222420216, "denominator_lag_relative": 0.0, "block_age": 0}
{"step": 170, "epoch": 3, "step_seconds": 0.2579494509845972, "innovation_std_sum": 18.18056540675466, "noise_marginal_std_sum": 20.109526391892718, "pure_mf_cumulative_momentum_noise_variance": 0.003555258073881242, "preconditioner_mean": 49.458526611328125, "preconditioner_change_relative": 0.004547244869172573, "denominator_lag_relative": 0.0, "block_age": 0}
{"step": 180, "epoch": 3, "step_seconds": 0.26271367631852627, "innovation_std_sum": 18.18056540675466, "noise_marginal_std_sum": 20.109526391892718, "pure_mf_cumulative_momentum_noise_variance": 0.003680391582166438, "preconditioner_mean": 49.46446228027344, "preconditioner_change_relative": 0.004142221994698048, "denominator_lag_relative": 0.0, "block_age": 0}
{"epoch": 3, "step": 186, "epsilon": 5.895762677487766, "accuracy": 0.8128622172368667, "validation_loss": 0.5404073130774663, "validation_examples": 5349}
{"step": 190, "epoch": 4, "step_seconds": 0.26225757598876953, "innovation_std_sum": 18.18056540675466, "noise_marginal_std_sum": 20.109526391892718, "pure_mf_cumulative_momentum_noise_variance": 0.0038055250906144254, "preconditioner_mean": 49.45701217651367, "preconditioner_change_relative": 0.00420563155785203, "denominator_lag_relative": 0.0, "block_age": 0}
{"step": 200, "epoch": 4, "step_seconds": 0.2654809169471264, "innovation_std_sum": 18.18056540675466, "noise_marginal_std_sum": 20.109526391892718, "pure_mf_cumulative_momentum_noise_variance": 0.003930658599156599, "preconditioner_mean": 49.45115280151367, "preconditioner_change_relative": 0.003958465065807104, "denominator_lag_relative": 0.0, "block_age": 0}
{"step": 210, "epoch": 4, "step_seconds": 0.26616790518164635, "innovation_std_sum": 18.18056540675466, "noise_marginal_std_sum": 20.109526391892718, "pure_mf_cumulative_momentum_noise_variance": 0.00405579210774466, "preconditioner_mean": 49.437217712402344, "preconditioner_change_relative": 0.003734201891347766, "denominator_lag_relative": 0.0, "block_age": 0}
{"step": 220, "epoch": 4, "step_seconds": 0.2628764361143112, "innovation_std_sum": 18.18056540675466, "noise_marginal_std_sum": 20.109526391892718, "pure_mf_cumulative_momentum_noise_variance": 0.004180925616353274, "preconditioner_mean": 49.435951232910156, "preconditioner_change_relative": 0.0035717703867703676, "denominator_lag_relative": 0.0, "block_age": 0}
{"step": 230, "epoch": 4, "step_seconds": 0.26564767956733704, "innovation_std_sum": 18.18056540675466, "noise_marginal_std_sum": 20.109526391892718, "pure_mf_cumulative_momentum_noise_variance": 0.004306059124970638, "preconditioner_mean": 49.44524002075195, "preconditioner_change_relative": 0.0034453957341611385, "denominator_lag_relative": 0.0, "block_age": 0}
{"step": 240, "epoch": 4, "step_seconds": 0.26618792675435543, "innovation_std_sum": 18.18056540675466, "noise_marginal_std_sum": 20.109526391892718, "pure_mf_cumulative_momentum_noise_variance": 0.004431192633591606, "preconditioner_mean": 49.454620361328125, "preconditioner_change_relative": 0.0034544963855296373, "denominator_lag_relative": 0.0, "block_age": 0}
{"epoch": 4, "step": 248, "epsilon": 6.995398184192, "accuracy": 0.8179098896990091, "validation_loss": 0.5271211750018394, "validation_examples": 5349}
{"step": 250, "epoch": 5, "step_seconds": 0.2666921317577362, "innovation_std_sum": 18.18056540675466, "noise_marginal_std_sum": 20.109526391892718, "pure_mf_cumulative_momentum_noise_variance": 0.0045563261422140264, "preconditioner_mean": 49.43597412109375, "preconditioner_change_relative": 0.003355657448992133, "denominator_lag_relative": 0.0, "block_age": 0}
{"step": 260, "epoch": 5, "step_seconds": 0.2576826214790344, "innovation_std_sum": 18.18056540675466, "noise_marginal_std_sum": 20.109526391892718, "pure_mf_cumulative_momentum_noise_variance": 0.004681459650837019, "preconditioner_mean": 49.437530517578125, "preconditioner_change_relative": 0.0030302414670586586, "denominator_lag_relative": 0.0, "block_age": 0}
{"step": 270, "epoch": 5, "step_seconds": 0.26476521231234074, "innovation_std_sum": 18.18056540675466, "noise_marginal_std_sum": 20.109526391892718, "pure_mf_cumulative_momentum_noise_variance": 0.004806593159460233, "preconditioner_mean": 49.441184997558594, "preconditioner_change_relative": 0.0031254396308213472, "denominator_lag_relative": 0.0, "block_age": 0}
{"step": 280, "epoch": 5, "step_seconds": 0.2665672581642866, "innovation_std_sum": 18.18056540675466, "noise_marginal_std_sum": 20.109526391892718, "pure_mf_cumulative_momentum_noise_variance": 0.004931726668083535, "preconditioner_mean": 49.46140670776367, "preconditioner_change_relative": 0.00280770193785429, "denominator_lag_relative": 0.0, "block_age": 0}
{"step": 290, "epoch": 5, "step_seconds": 0.2666884008795023, "innovation_std_sum": 18.18056540675466, "noise_marginal_std_sum": 20.109526391892718, "pure_mf_cumulative_momentum_noise_variance": 0.005056860176706868, "preconditioner_mean": 49.47236633300781, "preconditioner_change_relative": 0.0028808731585741043, "denominator_lag_relative": 0.0, "block_age": 0}
{"step": 300, "epoch": 5, "step_seconds": 0.2665863614529371, "innovation_std_sum": 18.18056540675466, "noise_marginal_std_sum": 20.109526391892718, "pure_mf_cumulative_momentum_noise_variance": 0.005181993685330214, "preconditioner_mean": 49.486976623535156, "preconditioner_change_relative": 0.0026906535495072603, "denominator_lag_relative": 0.0, "block_age": 0}
{"step": 310, "epoch": 5, "step_seconds": 0.26239040680229664, "innovation_std_sum": 18.18056540675466, "noise_marginal_std_sum": 20.109526391892718, "pure_mf_cumulative_momentum_noise_variance": 0.005307127193953564, "preconditioner_mean": 49.48125076293945, "preconditioner_change_relative": 0.0027132295072078705, "denominator_lag_relative": 0.0, "block_age": 0}
{"epoch": 5, "step": 310, "epsilon": 8.000000000000007, "accuracy": 0.8244531688166012, "validation_loss": 0.5179770757247631, "validation_examples": 5349}
