Generating train split: 0 examples [00:00, ? examples/s]Generating train split: 872 examples [00:00, 182215.68 examples/s]
final: {'method': 'dp-adam-iid', 'seed': 20261011, 'lr': 0.001, 'C': 0.31622776601683794, 'eps_scale': None}
final: {'method': 'dp-adam-sgd-bandinvmf', 'seed': 20261011, 'lr': 0.003, 'C': 10.0, 'eps_scale': None}
final: {'method': 'dp-adam-sgd-bandinvmf-scale', 'seed': 20261011, 'lr': 0.003, 'C': 236.80201530456546, 'eps_scale': 0.03}
final: {'method': 'dp-adam-momentum-bandinvmf-scale', 'seed': 20261011, 'lr': 0.003, 'C': 163.07783497332343, 'eps_scale': 0.01}
final: {'method': 'dp-adam-momentum-bias-bandinvmf-scale', 'seed': 20261011, 'lr': 0.003, 'C': 216.7785169551871, 'eps_scale': 0.03}
final: {'method': 'dp-adam-iid', 'seed': 20261012, 'lr': 0.001, 'C': 0.31622776601683794, 'eps_scale': None}
final: {'method': 'dp-adam-sgd-bandinvmf', 'seed': 20261012, 'lr': 0.003, 'C': 10.0, 'eps_scale': None}
final: {'method': 'dp-adam-momentum-bandinvmf', 'seed': 20261012, 'lr': 0.003, 'C': 10.0, 'eps_scale': None}
final: {'method': 'dp-adam-momentum-bias-bandinvmf', 'seed': 20261012, 'lr': 0.003, 'C': 10.0, 'eps_scale': None}
final: {'method': 'dp-adam-sgd-bandinvmf-scale', 'seed': 20261012, 'lr': 0.003, 'C': 236.80201530456546, 'eps_scale': 0.03}
final: {'method': 'dp-adam-momentum-bandinvmf-scale', 'seed': 20261012, 'lr': 0.003, 'C': 163.07783497332343, 'eps_scale': 0.01}
final: {'method': 'dp-adam-momentum-bias-bandinvmf-scale', 'seed': 20261012, 'lr': 0.003, 'C': 216.7785169551871, 'eps_scale': 0.03}
final: {'method': 'dp-adam-iid', 'seed': 20261013, 'lr': 0.001, 'C': 0.31622776601683794, 'eps_scale': None}
final: {'method': 'dp-adam-sgd-bandinvmf', 'seed': 20261013, 'lr': 0.003, 'C': 10.0, 'eps_scale': None}
final: {'method': 'dp-adam-momentum-bandinvmf', 'seed': 20261013, 'lr': 0.003, 'C': 10.0, 'eps_scale': None}
final: {'method': 'dp-adam-momentum-bias-bandinvmf', 'seed': 20261013, 'lr': 0.003, 'C': 10.0, 'eps_scale': None}
final: {'method': 'dp-adam-sgd-bandinvmf-scale', 'seed': 20261013, 'lr': 0.003, 'C': 236.80201530456546, 'eps_scale': 0.03}
final: {'method': 'dp-adam-momentum-bandinvmf-scale', 'seed': 20261013, 'lr': 0.003, 'C': 163.07783497332343, 'eps_scale': 0.01}
final: {'method': 'dp-adam-momentum-bias-bandinvmf-scale', 'seed': 20261013, 'lr': 0.003, 'C': 216.7785169551871, 'eps_scale': 0.03}
final: {'method': 'dp-adam-iid', 'seed': 20261014, 'lr': 0.001, 'C': 0.31622776601683794, 'eps_scale': None}
final: {'method': 'dp-adam-sgd-bandinvmf', 'seed': 20261014, 'lr': 0.003, 'C': 10.0, 'eps_scale': None}
final: {'method': 'dp-adam-momentum-bandinvmf', 'seed': 20261014, 'lr': 0.003, 'C': 10.0, 'eps_scale': None}
final: {'method': 'dp-adam-momentum-bias-bandinvmf', 'seed': 20261014, 'lr': 0.003, 'C': 10.0, 'eps_scale': None}
final: {'method': 'dp-adam-sgd-bandinvmf-scale', 'seed': 20261014, 'lr': 0.003, 'C': 236.80201530456546, 'eps_scale': 0.03}
final: {'method': 'dp-adam-momentum-bandinvmf-scale', 'seed': 20261014, 'lr': 0.003, 'C': 163.07783497332343, 'eps_scale': 0.01}
final: {'method': 'dp-adam-momentum-bias-bandinvmf-scale', 'seed': 20261014, 'lr': 0.003, 'C': 216.7785169551871, 'eps_scale': 0.03}
final: {'method': 'dp-adam-iid', 'seed': 20261015, 'lr': 0.001, 'C': 0.31622776601683794, 'eps_scale': None}
final: {'method': 'dp-adam-sgd-bandinvmf', 'seed': 20261015, 'lr': 0.003, 'C': 10.0, 'eps_scale': None}
final: {'method': 'dp-adam-momentum-bandinvmf', 'seed': 20261015, 'lr': 0.003, 'C': 10.0, 'eps_scale': None}
final: {'method': 'dp-adam-momentum-bias-bandinvmf', 'seed': 20261015, 'lr': 0.003, 'C': 10.0, 'eps_scale': None}
final: {'method': 'dp-adam-sgd-bandinvmf-scale', 'seed': 20261015, 'lr': 0.003, 'C': 236.80201530456546, 'eps_scale': 0.03}
final: {'method': 'dp-adam-momentum-bandinvmf-scale', 'seed': 20261015, 'lr': 0.003, 'C': 163.07783497332343, 'eps_scale': 0.01}
final: {'method': 'dp-adam-momentum-bias-bandinvmf-scale', 'seed': 20261015, 'lr': 0.003, 'C': 216.7785169551871, 'eps_scale': 0.03}
final: {'method': 'dp-adam-iid', 'seed': 20261016, 'lr': 0.001, 'C': 0.31622776601683794, 'eps_scale': None}
final: {'method': 'dp-adam-sgd-bandinvmf', 'seed': 20261016, 'lr': 0.003, 'C': 10.0, 'eps_scale': None}
final: {'method': 'dp-adam-momentum-bandinvmf', 'seed': 20261016, 'lr': 0.003, 'C': 10.0, 'eps_scale': None}
final: {'method': 'dp-adam-momentum-bias-bandinvmf', 'seed': 20261016, 'lr': 0.003, 'C': 10.0, 'eps_scale': None}
final: {'method': 'dp-adam-sgd-bandinvmf-scale', 'seed': 20261016, 'lr': 0.003, 'C': 236.80201530456546, 'eps_scale': 0.03}
final: {'method': 'dp-adam-momentum-bandinvmf-scale', 'seed': 20261016, 'lr': 0.003, 'C': 163.07783497332343, 'eps_scale': 0.01}
final: {'method': 'dp-adam-momentum-bias-bandinvmf-scale', 'seed': 20261016, 'lr': 0.003, 'C': 216.7785169551871, 'eps_scale': 0.03}
final: {'method': 'dp-adam-iid', 'seed': 20261017, 'lr': 0.001, 'C': 0.31622776601683794, 'eps_scale': None}
final: {'method': 'dp-adam-sgd-bandinvmf', 'seed': 20261017, 'lr': 0.003, 'C': 10.0, 'eps_scale': None}
final: {'method': 'dp-adam-momentum-bandinvmf', 'seed': 20261017, 'lr': 0.003, 'C': 10.0, 'eps_scale': None}
final: {'method': 'dp-adam-momentum-bias-bandinvmf', 'seed': 20261017, 'lr': 0.003, 'C': 10.0, 'eps_scale': None}
final: {'method': 'dp-adam-sgd-bandinvmf-scale', 'seed': 20261017, 'lr': 0.003, 'C': 236.80201530456546, 'eps_scale': 0.03}
final: {'method': 'dp-adam-momentum-bandinvmf-scale', 'seed': 20261017, 'lr': 0.003, 'C': 163.07783497332343, 'eps_scale': 0.01}
final: {'method': 'dp-adam-momentum-bias-bandinvmf-scale', 'seed': 20261017, 'lr': 0.003, 'C': 216.7785169551871, 'eps_scale': 0.03}
final: {'method': 'dp-adam-iid', 'seed': 20261018, 'lr': 0.001, 'C': 0.31622776601683794, 'eps_scale': None}
final: {'method': 'dp-adam-sgd-bandinvmf', 'seed': 20261018, 'lr': 0.003, 'C': 10.0, 'eps_scale': None}
final: {'method': 'dp-adam-momentum-bandinvmf', 'seed': 20261018, 'lr': 0.003, 'C': 10.0, 'eps_scale': None}
final: {'method': 'dp-adam-momentum-bias-bandinvmf', 'seed': 20261018, 'lr': 0.003, 'C': 10.0, 'eps_scale': None}
final: {'method': 'dp-adam-sgd-bandinvmf-scale', 'seed': 20261018, 'lr': 0.003, 'C': 236.80201530456546, 'eps_scale': 0.03}
final: {'method': 'dp-adam-momentum-bandinvmf-scale', 'seed': 20261018, 'lr': 0.003, 'C': 163.07783497332343, 'eps_scale': 0.01}
final: {'method': 'dp-adam-momentum-bias-bandinvmf-scale', 'seed': 20261018, 'lr': 0.003, 'C': 216.7785169551871, 'eps_scale': 0.03}
final: {'method': 'dp-adam-iid', 'seed': 20261019, 'lr': 0.001, 'C': 0.31622776601683794, 'eps_scale': None}
final: {'method': 'dp-adam-sgd-bandinvmf', 'seed': 20261019, 'lr': 0.003, 'C': 10.0, 'eps_scale': None}
final: {'method': 'dp-adam-momentum-bandinvmf', 'seed': 20261019, 'lr': 0.003, 'C': 10.0, 'eps_scale': None}
final: {'method': 'dp-adam-momentum-bias-bandinvmf', 'seed': 20261019, 'lr': 0.003, 'C': 10.0, 'eps_scale': None}
final: {'method': 'dp-adam-sgd-bandinvmf-scale', 'seed': 20261019, 'lr': 0.003, 'C': 236.80201530456546, 'eps_scale': 0.03}
final: {'method': 'dp-adam-momentum-bandinvmf-scale', 'seed': 20261019, 'lr': 0.003, 'C': 163.07783497332343, 'eps_scale': 0.01}
final: {'method': 'dp-adam-momentum-bias-bandinvmf-scale', 'seed': 20261019, 'lr': 0.003, 'C': 216.7785169551871, 'eps_scale': 0.03}
final: {'method': 'dp-adam-iid', 'seed': 20261020, 'lr': 0.001, 'C': 0.31622776601683794, 'eps_scale': None}
final: {'method': 'dp-adam-sgd-bandinvmf', 'seed': 20261020, 'lr': 0.003, 'C': 10.0, 'eps_scale': None}
final: {'method': 'dp-adam-momentum-bandinvmf', 'seed': 20261020, 'lr': 0.003, 'C': 10.0, 'eps_scale': None}
final: {'method': 'dp-adam-momentum-bias-bandinvmf', 'seed': 20261020, 'lr': 0.003, 'C': 10.0, 'eps_scale': None}
final: {'method': 'dp-adam-sgd-bandinvmf-scale', 'seed': 20261020, 'lr': 0.003, 'C': 236.80201530456546, 'eps_scale': 0.03}
final: {'method': 'dp-adam-momentum-bandinvmf-scale', 'seed': 20261020, 'lr': 0.003, 'C': 163.07783497332343, 'eps_scale': 0.01}
final: {'method': 'dp-adam-momentum-bias-bandinvmf-scale', 'seed': 20261020, 'lr': 0.003, 'C': 216.7785169551871, 'eps_scale': 0.03}
