/home/longt29/miniconda3/envs/curve/lib/python3.11/site-packages/torchvision/datasets/cifar.py:83: VisibleDeprecationWarning: dtype(): align should be passed as Python or NumPy boolean but got `align=0`. Did you mean to pass a tuple to create a subarray type? (Deprecated NumPy 2.4)
  entry = pickle.load(f, encoding="latin1")
{"method": "dp-adam-momentum-bandinvmf-scale", "smoke": false, "calibration": {"target_mu": 1.6660305978457184, "sensitivity": 7.852751308631718, "innovation_std_sum": 1571.1498773963729, "adjacency": "add_remove_zero_out", "k": 5, "b_participation": 50, "sampling_amplification": false}, "coefficients": [1.0, -0.95, -0.0012500000000000844, -0.001187499999999897]}
sys:1: UserWarning: Full backward hook is firing when gradients are computed with respect to module outputs since no inputs require gradients. See https://docs.pytorch.org/docs/main/generated/torch.nn.Module.html#torch.nn.Module.register_full_backward_hook for more details.
{"progress_step": 10, "epoch": 1, "train_loss_so_far": 4.734424072265625, "clip_fraction_so_far": 0.6892}
{"progress_step": 20, "epoch": 1, "train_loss_so_far": 4.580489172363281, "clip_fraction_so_far": 0.34565}
{"progress_step": 30, "epoch": 1, "train_loss_so_far": 4.489773221842448, "clip_fraction_so_far": 0.23043333333333332}
{"progress_step": 40, "epoch": 1, "train_loss_so_far": 4.4235623199462895, "clip_fraction_so_far": 0.172825}
{"progress_step": 50, "epoch": 1, "train_loss_so_far": 4.371520141601563, "clip_fraction_so_far": 0.13826}
{"epoch": 1, "logical_steps": 50, "train_examples": 50000, "train_loss": 4.371520141601563, "test_loss": 4.066464630126953, "test_top1": 0.0941, "clip_fraction": 0.13826, "gdp_mu": 0.6922887915534621, "gdp_epsilon": 2.8734263506543494, "target_mu": 1.6660305978457184, "target_epsilon": 8.0, "delta": 1e-05, "noise_std": 2.1671066652662843, "noise_std_space": "scaled", "innovation_std_sum": 1571.1498773963729, "augmentation_trace_sha256": "d63da21bdb0b5208efde32fe6efd500a1dd8422cf2de8538c5d20df0af3afa1c", "seconds": 140.70185949467123}
{"progress_step": 60, "epoch": 2, "train_loss_so_far": 4.10965791015625, "clip_fraction_so_far": 0.0}
{"progress_step": 70, "epoch": 2, "train_loss_so_far": 4.10301711730957, "clip_fraction_so_far": 0.0}
{"progress_step": 80, "epoch": 2, "train_loss_so_far": 4.085085972086588, "clip_fraction_so_far": 0.0}
{"progress_step": 90, "epoch": 2, "train_loss_so_far": 4.072246299743652, "clip_fraction_so_far": 0.0}
{"progress_step": 100, "epoch": 2, "train_loss_so_far": 4.0624118005371095, "clip_fraction_so_far": 0.0}
{"epoch": 2, "logical_steps": 100, "train_examples": 50000, "train_loss": 4.0624118005371095, "test_loss": 3.926889013671875, "test_top1": 0.112, "clip_fraction": 0.0, "gdp_mu": 1.0231641324654879, "gdp_epsilon": 4.494876969944211, "target_mu": 1.6660305978457184, "target_epsilon": 8.0, "delta": 1e-05, "noise_std": 2.1671066652662843, "noise_std_space": "scaled", "innovation_std_sum": 1571.1498773963729, "augmentation_trace_sha256": "eba11842858511941e69682cb3174b7d5e6fd73ab7d8425892c6d4fc55cf418b", "seconds": 136.7769769001752}
{"progress_step": 110, "epoch": 3, "train_loss_so_far": 4.004303546142578, "clip_fraction_so_far": 0.0}
{"progress_step": 120, "epoch": 3, "train_loss_so_far": 4.003009463500977, "clip_fraction_so_far": 0.0}
{"progress_step": 130, "epoch": 3, "train_loss_so_far": 3.9951948201497394, "clip_fraction_so_far": 0.0}
{"progress_step": 140, "epoch": 3, "train_loss_so_far": 3.995073336791992, "clip_fraction_so_far": 0.0}
{"progress_step": 150, "epoch": 3, "train_loss_so_far": 3.992303807373047, "clip_fraction_so_far": 0.0}
{"epoch": 3, "logical_steps": 150, "train_examples": 50000, "train_loss": 3.992303807373047, "test_loss": 3.8801417419433593, "test_top1": 0.1197, "clip_fraction": 0.0, "gdp_mu": 1.273823246724324, "gdp_epsilon": 5.807351225535705, "target_mu": 1.6660305978457184, "target_epsilon": 8.0, "delta": 1e-05, "noise_std": 2.1671066652662843, "noise_std_space": "scaled", "innovation_std_sum": 1571.1498773963729, "augmentation_trace_sha256": "f4ab582ea37ff08d6c3ec209d5c76a6a59fcdd228971935ccfe60255636fc688", "seconds": 134.3563278540969}
{"progress_step": 160, "epoch": 4, "train_loss_so_far": 3.9695011291503906, "clip_fraction_so_far": 0.0}
{"progress_step": 170, "epoch": 4, "train_loss_so_far": 3.9787059204101562, "clip_fraction_so_far": 0.0}
{"progress_step": 180, "epoch": 4, "train_loss_so_far": 3.9752490478515625, "clip_fraction_so_far": 0.0}
{"progress_step": 190, "epoch": 4, "train_loss_so_far": 3.9762806533813477, "clip_fraction_so_far": 0.0}
{"progress_step": 200, "epoch": 4, "train_loss_so_far": 3.9754706652832033, "clip_fraction_so_far": 0.0}
{"epoch": 4, "logical_steps": 200, "train_examples": 50000, "train_loss": 3.9754706652832033, "test_loss": 3.8766221252441406, "test_top1": 0.1125, "clip_fraction": 0.0, "gdp_mu": 1.4829396001380057, "gdp_epsilon": 6.9556279168064306, "target_mu": 1.6660305978457184, "target_epsilon": 8.0, "delta": 1e-05, "noise_std": 2.1671066652662843, "noise_std_space": "scaled", "innovation_std_sum": 1571.1498773963729, "augmentation_trace_sha256": "eeab75a2450d737b335b1b301c8415d8e4847a2415b1acc4f6665e5915aa923a", "seconds": 133.64253291487694}
{"progress_step": 210, "epoch": 5, "train_loss_so_far": 3.968604772949219, "clip_fraction_so_far": 0.0}
{"progress_step": 220, "epoch": 5, "train_loss_so_far": 3.978177114868164, "clip_fraction_so_far": 0.0}
{"progress_step": 230, "epoch": 5, "train_loss_so_far": 3.9777600321451825, "clip_fraction_so_far": 0.0}
{"progress_step": 240, "epoch": 5, "train_loss_so_far": 3.9802817840576172, "clip_fraction_so_far": 0.0}
{"progress_step": 250, "epoch": 5, "train_loss_so_far": 3.982375319824219, "clip_fraction_so_far": 0.0}
{"epoch": 5, "logical_steps": 250, "train_examples": 50000, "train_loss": 3.982375319824219, "test_loss": 3.8706002685546874, "test_top1": 0.1147, "clip_fraction": 0.0, "gdp_mu": 1.6660305978457184, "gdp_epsilon": 8.000000000000005, "target_mu": 1.6660305978457184, "target_epsilon": 8.0, "delta": 1e-05, "noise_std": 2.1671066652662843, "noise_std_space": "scaled", "innovation_std_sum": 1571.1498773963729, "augmentation_trace_sha256": "41f1cb58f0307df20ce87cfb313693105a3d89f587b34546eb06562652fb22c3", "seconds": 131.65571077167988}
{"status": "completed", "results": "/media/data/data/lt/dp-adam-correlated/exp7b/results/search/trials/b28a0861aaeb364b"}
