/home/longt29/miniconda3/envs/curve/lib/python3.11/site-packages/torchvision/datasets/cifar.py:83: VisibleDeprecationWarning: dtype(): align should be passed as Python or NumPy boolean but got `align=0`. Did you mean to pass a tuple to create a subarray type? (Deprecated NumPy 2.4)
  entry = pickle.load(f, encoding="latin1")
sys:1: UserWarning: Full backward hook is firing when gradients are computed with respect to module outputs since no inputs require gradients. See https://docs.pytorch.org/docs/main/generated/torch.nn.Module.html#torch.nn.Module.register_full_backward_hook for more details.
{"step": 10, "epoch": 1, "train_loss": 4.718550048828125, "clip_fraction": 1.0, "gradient_norm_mean": 66.287994140625, "gradient_norm_max": 169.0660400390625, "step_seconds": 2.1097608897835016, "innovation_std_sum": 469.70739875061986, "noise_marginal_std_sum": 647.8732864392143}
{"step": 20, "epoch": 1, "train_loss": 4.557517211914062, "clip_fraction": 1.0, "gradient_norm_mean": 55.739138671875, "gradient_norm_max": 111.87783813476562, "step_seconds": 2.128348309546709, "innovation_std_sum": 469.70739875061986, "noise_marginal_std_sum": 647.8732864392143}
{"step": 30, "epoch": 1, "train_loss": 4.4731295166015625, "clip_fraction": 1.0, "gradient_norm_mean": 53.9388896484375, "gradient_norm_max": 114.38727569580078, "step_seconds": 2.126546908169985, "innovation_std_sum": 469.70739875061986, "noise_marginal_std_sum": 647.8732864392143}
{"step": 40, "epoch": 1, "train_loss": 4.398739501953125, "clip_fraction": 1.0, "gradient_norm_mean": 59.09285546875, "gradient_norm_max": 136.5093231201172, "step_seconds": 2.1723821125924587, "innovation_std_sum": 469.70739875061986, "noise_marginal_std_sum": 647.8732864392143}
{"step": 50, "epoch": 1, "train_loss": 4.260299072265625, "clip_fraction": 1.0, "gradient_norm_mean": 65.805123046875, "gradient_norm_max": 119.05513000488281, "step_seconds": 2.1813611276447773, "innovation_std_sum": 469.70739875061986, "noise_marginal_std_sum": 647.8732864392143}
{"epoch": 1, "step": 50, "train_loss": 4.5546959765625, "clip_fraction": 1.0, "epsilon": 0.7589568848812397, "accuracy": 0.0713, "validation_loss": 4.183774353027344, "validation_examples": 10000}
{"step": 60, "epoch": 2, "train_loss": 4.139468627929688, "clip_fraction": 1.0, "gradient_norm_mean": 74.10422265625, "gradient_norm_max": 147.83045959472656, "step_seconds": 2.169557973742485, "innovation_std_sum": 469.70739875061986, "noise_marginal_std_sum": 647.8732864392143}
{"step": 70, "epoch": 2, "train_loss": 4.024577453613281, "clip_fraction": 1.0, "gradient_norm_mean": 83.7085078125, "gradient_norm_max": 180.9079132080078, "step_seconds": 2.1700734235346317, "innovation_std_sum": 469.70739875061986, "noise_marginal_std_sum": 647.8732864392143}
{"step": 80, "epoch": 2, "train_loss": 3.905741882324219, "clip_fraction": 1.0, "gradient_norm_mean": 92.7387578125, "gradient_norm_max": 203.7698516845703, "step_seconds": 2.2129696924239397, "innovation_std_sum": 469.70739875061986, "noise_marginal_std_sum": 647.8732864392143}
{"step": 90, "epoch": 2, "train_loss": 3.8019371337890626, "clip_fraction": 1.0, "gradient_norm_mean": 99.788896484375, "gradient_norm_max": 253.31820678710938, "step_seconds": 2.2351683974266052, "innovation_std_sum": 469.70739875061986, "noise_marginal_std_sum": 647.8732864392143}
{"step": 100, "epoch": 2, "train_loss": 3.691861511230469, "clip_fraction": 1.0, "gradient_norm_mean": 104.767681640625, "gradient_norm_max": 347.46588134765625, "step_seconds": 2.242365535348654, "innovation_std_sum": 469.70739875061986, "noise_marginal_std_sum": 647.8732864392143}
{"epoch": 2, "step": 100, "train_loss": 3.9469212036132815, "clip_fraction": 1.0, "epsilon": 1.165123967245735, "accuracy": 0.1919, "validation_loss": 3.4573310546875, "validation_examples": 10000}
{"step": 110, "epoch": 3, "train_loss": 3.492289489746094, "clip_fraction": 1.0, "gradient_norm_mean": 108.78370703125, "gradient_norm_max": 279.0621337890625, "step_seconds": 2.1324705220758915, "innovation_std_sum": 469.70739875061986, "noise_marginal_std_sum": 647.8732864392143}
{"step": 120, "epoch": 3, "train_loss": 3.4453204345703123, "clip_fraction": 1.0, "gradient_norm_mean": 113.8512265625, "gradient_norm_max": 376.2037048339844, "step_seconds": 2.1870488841086626, "innovation_std_sum": 469.70739875061986, "noise_marginal_std_sum": 647.8732864392143}
{"step": 130, "epoch": 3, "train_loss": 3.301460205078125, "clip_fraction": 1.0, "gradient_norm_mean": 115.4939765625, "gradient_norm_max": 298.19384765625, "step_seconds": 2.21425024792552, "innovation_std_sum": 469.70739875061986, "noise_marginal_std_sum": 647.8732864392143}
{"step": 140, "epoch": 3, "train_loss": 3.2313262939453127, "clip_fraction": 1.0, "gradient_norm_mean": 120.221923828125, "gradient_norm_max": 388.65960693359375, "step_seconds": 2.2251219246536493, "innovation_std_sum": 469.70739875061986, "noise_marginal_std_sum": 647.8732864392143}
{"step": 150, "epoch": 3, "train_loss": 3.197257568359375, "clip_fraction": 0.999, "gradient_norm_mean": 124.114919921875, "gradient_norm_max": 372.8667907714844, "step_seconds": 2.240787683054805, "innovation_std_sum": 469.70739875061986, "noise_marginal_std_sum": 647.8732864392143}
{"epoch": 3, "step": 150, "train_loss": 3.372578017578125, "clip_fraction": 0.99978, "epsilon": 1.4839967071211742, "accuracy": 0.3062, "validation_loss": 2.8719982971191405, "validation_examples": 10000}
{"step": 160, "epoch": 4, "train_loss": 2.975084777832031, "clip_fraction": 0.999, "gradient_norm_mean": 119.023548828125, "gradient_norm_max": 362.4474182128906, "step_seconds": 2.137824922800064, "innovation_std_sum": 469.70739875061986, "noise_marginal_std_sum": 647.8732864392143}
{"step": 170, "epoch": 4, "train_loss": 3.050904968261719, "clip_fraction": 0.998, "gradient_norm_mean": 124.627376953125, "gradient_norm_max": 411.20379638671875, "step_seconds": 2.172127967700362, "innovation_std_sum": 469.70739875061986, "noise_marginal_std_sum": 647.8732864392143}
{"step": 180, "epoch": 4, "train_loss": 2.88444091796875, "clip_fraction": 0.996, "gradient_norm_mean": 123.245099609375, "gradient_norm_max": 347.5365295410156, "step_seconds": 2.207929950207472, "innovation_std_sum": 469.70739875061986, "noise_marginal_std_sum": 647.8732864392143}
{"step": 190, "epoch": 4, "train_loss": 2.8554544677734377, "clip_fraction": 0.996, "gradient_norm_mean": 124.865548828125, "gradient_norm_max": 366.54376220703125, "step_seconds": 2.199070055037737, "innovation_std_sum": 469.70739875061986, "noise_marginal_std_sum": 647.8732864392143}
{"step": 200, "epoch": 4, "train_loss": 2.858214599609375, "clip_fraction": 0.995, "gradient_norm_mean": 127.771693359375, "gradient_norm_max": 407.27642822265625, "step_seconds": 2.2337392941117287, "innovation_std_sum": 469.70739875061986, "noise_marginal_std_sum": 647.8732864392143}
{"epoch": 4, "step": 200, "train_loss": 2.9419380395507813, "clip_fraction": 0.9972, "epsilon": 1.7566399764276337, "accuracy": 0.3875, "validation_loss": 2.4548972290039064, "validation_examples": 10000}
{"step": 210, "epoch": 5, "train_loss": 2.7221411743164063, "clip_fraction": 0.993, "gradient_norm_mean": 126.486025390625, "gradient_norm_max": 423.5726623535156, "step_seconds": 2.134563134983182, "innovation_std_sum": 469.70739875061986, "noise_marginal_std_sum": 647.8732864392143}
{"step": 220, "epoch": 5, "train_loss": 2.7565928344726562, "clip_fraction": 0.985, "gradient_norm_mean": 126.418953125, "gradient_norm_max": 378.7720642089844, "step_seconds": 2.156769171357155, "innovation_std_sum": 469.70739875061986, "noise_marginal_std_sum": 647.8732864392143}
{"step": 230, "epoch": 5, "train_loss": 2.633463806152344, "clip_fraction": 0.99, "gradient_norm_mean": 125.32286328125, "gradient_norm_max": 484.9887390136719, "step_seconds": 2.194678584113717, "innovation_std_sum": 469.70739875061986, "noise_marginal_std_sum": 647.8732864392143}
{"step": 240, "epoch": 5, "train_loss": 2.5875371704101564, "clip_fraction": 0.979, "gradient_norm_mean": 127.232333984375, "gradient_norm_max": 615.8208618164062, "step_seconds": 2.2082107327878475, "innovation_std_sum": 469.70739875061986, "noise_marginal_std_sum": 647.8732864392143}
{"step": 250, "epoch": 5, "train_loss": 2.5670014038085935, "clip_fraction": 0.98, "gradient_norm_mean": 127.749, "gradient_norm_max": 565.423583984375, "step_seconds": 2.2084083259105682, "innovation_std_sum": 469.70739875061986, "noise_marginal_std_sum": 647.8732864392143}
{"epoch": 5, "step": 250, "train_loss": 2.6450068200683594, "clip_fraction": 0.9859, "epsilon": 2.0000000000008775, "accuracy": 0.4505, "validation_loss": 2.150554837036133, "validation_examples": 10000}
