/home/longt29/miniconda3/envs/curve/lib/python3.11/site-packages/torchvision/datasets/cifar.py:83: VisibleDeprecationWarning: dtype(): align should be passed as Python or NumPy boolean but got `align=0`. Did you mean to pass a tuple to create a subarray type? (Deprecated NumPy 2.4)
  entry = pickle.load(f, encoding="latin1")
sys:1: UserWarning: Full backward hook is firing when gradients are computed with respect to module outputs since no inputs require gradients. See https://docs.pytorch.org/docs/main/generated/torch.nn.Module.html#torch.nn.Module.register_full_backward_hook for more details.
{"step": 10, "epoch": 1, "train_loss": 4.563665405273437, "clip_fraction": 1.0, "gradient_norm_mean": 169.74811328125, "gradient_norm_max": 399.681640625, "step_seconds": 2.0022265762090683, "innovation_std_sum": 849.0095128662748, "noise_marginal_std_sum": 1171.0494337153636}
{"step": 20, "epoch": 1, "train_loss": 4.390333862304687, "clip_fraction": 0.81, "gradient_norm_mean": 123.112546875, "gradient_norm_max": 239.5227813720703, "step_seconds": 1.9965867269784212, "innovation_std_sum": 849.0095128662748, "noise_marginal_std_sum": 1171.0494337153636}
{"step": 30, "epoch": 1, "train_loss": 4.191058959960937, "clip_fraction": 0.81, "gradient_norm_mean": 127.57605078125, "gradient_norm_max": 302.6109924316406, "step_seconds": 2.0027853548526764, "innovation_std_sum": 849.0095128662748, "noise_marginal_std_sum": 1171.0494337153636}
{"step": 40, "epoch": 1, "train_loss": 3.9404573364257813, "clip_fraction": 0.912, "gradient_norm_mean": 140.58251953125, "gradient_norm_max": 299.0300598144531, "step_seconds": 2.00891549885273, "innovation_std_sum": 849.0095128662748, "noise_marginal_std_sum": 1171.0494337153636}
{"step": 50, "epoch": 1, "train_loss": 3.6930530395507812, "clip_fraction": 0.959, "gradient_norm_mean": 148.5907109375, "gradient_norm_max": 420.5655822753906, "step_seconds": 2.013434160500765, "innovation_std_sum": 849.0095128662748, "noise_marginal_std_sum": 1171.0494337153636}
{"epoch": 1, "step": 50, "train_loss": 4.27913916381836, "clip_fraction": 0.91056, "epsilon": 1.4876774306847862, "accuracy": 0.1866, "validation_loss": 3.490502899169922, "validation_examples": 10000}
{"step": 60, "epoch": 2, "train_loss": 3.3927536010742188, "clip_fraction": 0.951, "gradient_norm_mean": 151.9732109375, "gradient_norm_max": 458.6905517578125, "step_seconds": 2.025960875675082, "innovation_std_sum": 849.0095128662748, "noise_marginal_std_sum": 1171.0494337153636}
{"step": 70, "epoch": 2, "train_loss": 3.223938537597656, "clip_fraction": 0.943, "gradient_norm_mean": 155.6049140625, "gradient_norm_max": 484.3929443359375, "step_seconds": 2.0382331013679504, "innovation_std_sum": 849.0095128662748, "noise_marginal_std_sum": 1171.0494337153636}
{"step": 80, "epoch": 2, "train_loss": 3.063112060546875, "clip_fraction": 0.906, "gradient_norm_mean": 153.97955859375, "gradient_norm_max": 468.02606201171875, "step_seconds": 2.03602597117424, "innovation_std_sum": 849.0095128662748, "noise_marginal_std_sum": 1171.0494337153636}
{"step": 90, "epoch": 2, "train_loss": 2.814484191894531, "clip_fraction": 0.864, "gradient_norm_mean": 148.49822265625, "gradient_norm_max": 506.6789245605469, "step_seconds": 2.060165563598275, "innovation_std_sum": 849.0095128662748, "noise_marginal_std_sum": 1171.0494337153636}
{"step": 100, "epoch": 2, "train_loss": 2.7047301635742187, "clip_fraction": 0.822, "gradient_norm_mean": 139.86426171875, "gradient_norm_max": 761.2631225585938, "step_seconds": 2.008906716480851, "innovation_std_sum": 849.0095128662748, "noise_marginal_std_sum": 1171.0494337153636}
{"epoch": 2, "step": 100, "train_loss": 3.1159549926757815, "clip_fraction": 0.90636, "epsilon": 2.299035157951723, "accuracy": 0.403, "validation_loss": 2.3845614990234374, "validation_examples": 10000}
{"step": 110, "epoch": 3, "train_loss": 2.559987060546875, "clip_fraction": 0.759, "gradient_norm_mean": 135.02275390625, "gradient_norm_max": 527.7982788085938, "step_seconds": 2.0033733900636435, "innovation_std_sum": 849.0095128662748, "noise_marginal_std_sum": 1171.0494337153636}
{"step": 120, "epoch": 3, "train_loss": 2.4116614379882813, "clip_fraction": 0.738, "gradient_norm_mean": 133.001341796875, "gradient_norm_max": 592.8765258789062, "step_seconds": 1.9990680925548077, "innovation_std_sum": 849.0095128662748, "noise_marginal_std_sum": 1171.0494337153636}
{"step": 130, "epoch": 3, "train_loss": 2.4279888305664064, "clip_fraction": 0.73, "gradient_norm_mean": 132.061353515625, "gradient_norm_max": 459.0708923339844, "step_seconds": 2.042813705280423, "innovation_std_sum": 849.0095128662748, "noise_marginal_std_sum": 1171.0494337153636}
{"step": 140, "epoch": 3, "train_loss": 2.3301329956054686, "clip_fraction": 0.68, "gradient_norm_mean": 129.9993203125, "gradient_norm_max": 482.78057861328125, "step_seconds": 2.011511789634824, "innovation_std_sum": 849.0095128662748, "noise_marginal_std_sum": 1171.0494337153636}
{"step": 150, "epoch": 3, "train_loss": 2.268086669921875, "clip_fraction": 0.655, "gradient_norm_mean": 123.107673828125, "gradient_norm_max": 438.8025207519531, "step_seconds": 2.0100063290446997, "innovation_std_sum": 849.0095128662748, "noise_marginal_std_sum": 1171.0494337153636}
{"epoch": 3, "step": 150, "train_loss": 2.4389203552246093, "clip_fraction": 0.72684, "epsilon": 2.943613189843086, "accuracy": 0.5195, "validation_loss": 1.8271078979492188, "validation_examples": 10000}
{"step": 160, "epoch": 4, "train_loss": 2.1911196899414063, "clip_fraction": 0.604, "gradient_norm_mean": 119.5060078125, "gradient_norm_max": 395.79925537109375, "step_seconds": 2.000013303011656, "innovation_std_sum": 849.0095128662748, "noise_marginal_std_sum": 1171.0494337153636}
{"step": 170, "epoch": 4, "train_loss": 2.12880810546875, "clip_fraction": 0.592, "gradient_norm_mean": 120.123982421875, "gradient_norm_max": 857.2206420898438, "step_seconds": 2.0335708763450384, "innovation_std_sum": 849.0095128662748, "noise_marginal_std_sum": 1171.0494337153636}
{"step": 180, "epoch": 4, "train_loss": 2.096945495605469, "clip_fraction": 0.577, "gradient_norm_mean": 116.572716796875, "gradient_norm_max": 634.6939697265625, "step_seconds": 2.0467509422451258, "innovation_std_sum": 849.0095128662748, "noise_marginal_std_sum": 1171.0494337153636}
{"step": 190, "epoch": 4, "train_loss": 2.0707096557617186, "clip_fraction": 0.552, "gradient_norm_mean": 114.196974609375, "gradient_norm_max": 486.4668884277344, "step_seconds": 2.013377796858549, "innovation_std_sum": 849.0095128662748, "noise_marginal_std_sum": 1171.0494337153636}
{"step": 200, "epoch": 4, "train_loss": 2.0459483947753907, "clip_fraction": 0.557, "gradient_norm_mean": 111.53049609375, "gradient_norm_max": 539.04052734375, "step_seconds": 2.0145587027072906, "innovation_std_sum": 849.0095128662748, "noise_marginal_std_sum": 1171.0494337153636}
{"epoch": 4, "step": 200, "train_loss": 2.087002138671875, "clip_fraction": 0.57776, "epsilon": 3.499789156439893, "accuracy": 0.5941, "validation_loss": 1.5191429656982423, "validation_examples": 10000}
{"step": 210, "epoch": 5, "train_loss": 1.890892364501953, "clip_fraction": 0.498, "gradient_norm_mean": 103.45432421875, "gradient_norm_max": 489.75494384765625, "step_seconds": 2.0099745020270348, "innovation_std_sum": 849.0095128662748, "noise_marginal_std_sum": 1171.0494337153636}
{"step": 220, "epoch": 5, "train_loss": 1.8919794006347657, "clip_fraction": 0.495, "gradient_norm_mean": 104.641517578125, "gradient_norm_max": 697.8560180664062, "step_seconds": 2.023924758657813, "innovation_std_sum": 849.0095128662748, "noise_marginal_std_sum": 1171.0494337153636}
{"step": 230, "epoch": 5, "train_loss": 1.8805376281738282, "clip_fraction": 0.485, "gradient_norm_mean": 104.53347265625, "gradient_norm_max": 541.60888671875, "step_seconds": 2.018701408058405, "innovation_std_sum": 849.0095128662748, "noise_marginal_std_sum": 1171.0494337153636}
{"step": 240, "epoch": 5, "train_loss": 1.8670264282226563, "clip_fraction": 0.461, "gradient_norm_mean": 102.46916796875, "gradient_norm_max": 555.8385009765625, "step_seconds": 2.0101208593696356, "innovation_std_sum": 849.0095128662748, "noise_marginal_std_sum": 1171.0494337153636}
{"step": 250, "epoch": 5, "train_loss": 1.8675148010253906, "clip_fraction": 0.468, "gradient_norm_mean": 99.2518046875, "gradient_norm_max": 564.061767578125, "step_seconds": 2.019458718597889, "innovation_std_sum": 849.0095128662748, "noise_marginal_std_sum": 1171.0494337153636}
{"epoch": 5, "step": 250, "train_loss": 1.881874782104492, "clip_fraction": 0.48646, "epsilon": 3.9999999999999685, "accuracy": 0.6371, "validation_loss": 1.3368503814697266, "validation_examples": 10000}
