/home/longt29/miniconda3/envs/curve/lib/python3.11/site-packages/torchvision/datasets/cifar.py:83: VisibleDeprecationWarning: dtype(): align should be passed as Python or NumPy boolean but got `align=0`. Did you mean to pass a tuple to create a subarray type? (Deprecated NumPy 2.4)
  entry = pickle.load(f, encoding="latin1")
{"method": "dp-adam-momentum-bandinvmf-scale", "smoke": false, "calibration": {"target_mu": 1.6660305978457184, "sensitivity": 7.852751308631718, "innovation_std_sum": 471.34496321891186, "adjacency": "add_remove_zero_out", "k": 5, "b_participation": 50, "sampling_amplification": false}, "coefficients": [1.0, -0.95, -0.0012500000000000844, -0.001187499999999897]}
sys:1: UserWarning: Full backward hook is firing when gradients are computed with respect to module outputs since no inputs require gradients. See https://docs.pytorch.org/docs/main/generated/torch.nn.Module.html#torch.nn.Module.register_full_backward_hook for more details.
{"progress_step": 10, "epoch": 1, "train_loss_so_far": 4.694040258789062, "clip_fraction_so_far": 1.0}
{"progress_step": 20, "epoch": 1, "train_loss_so_far": 4.456525186157227, "clip_fraction_so_far": 1.0}
{"progress_step": 30, "epoch": 1, "train_loss_so_far": 4.229069376627604, "clip_fraction_so_far": 1.0}
{"progress_step": 40, "epoch": 1, "train_loss_so_far": 4.010285383605957, "clip_fraction_so_far": 0.99985}
{"progress_step": 50, "epoch": 1, "train_loss_so_far": 3.8033004345703123, "clip_fraction_so_far": 0.999}
{"epoch": 1, "logical_steps": 50, "train_examples": 50000, "train_loss": 3.8033004345703123, "test_loss": 2.5365154724121095, "test_top1": 0.3704, "clip_fraction": 0.999, "gdp_mu": 0.692288791553462, "gdp_epsilon": 2.873426350654349, "target_mu": 1.6660305978457184, "target_epsilon": 8.0, "delta": 1e-05, "noise_std": 0.6501319995798853, "noise_std_space": "scaled", "innovation_std_sum": 471.34496321891186, "augmentation_trace_sha256": "0a82ef1c98ef26b05820e248be8ce93c4dfa5ec43fabeb1ff064b4ec4ee639dd", "seconds": 143.27837681770325}
{"progress_step": 60, "epoch": 2, "train_loss_so_far": 2.6797234741210936, "clip_fraction_so_far": 0.984}
{"progress_step": 70, "epoch": 2, "train_loss_so_far": 2.5839327880859373, "clip_fraction_so_far": 0.9796}
{"progress_step": 80, "epoch": 2, "train_loss_so_far": 2.4927002848307294, "clip_fraction_so_far": 0.9725666666666667}
{"progress_step": 90, "epoch": 2, "train_loss_so_far": 2.4135554779052732, "clip_fraction_so_far": 0.964525}
{"progress_step": 100, "epoch": 2, "train_loss_so_far": 2.342644073486328, "clip_fraction_so_far": 0.95344}
{"epoch": 2, "logical_steps": 100, "train_examples": 50000, "train_loss": 2.342644073486328, "test_loss": 1.5560366577148437, "test_top1": 0.5849, "clip_fraction": 0.95344, "gdp_mu": 1.0231641324654879, "gdp_epsilon": 4.494876969944211, "target_mu": 1.6660305978457184, "target_epsilon": 8.0, "delta": 1e-05, "noise_std": 0.6501319995798853, "noise_std_space": "scaled", "innovation_std_sum": 471.34496321891186, "augmentation_trace_sha256": "35e4f6656689ece8d67b95f2fdc2cc0f320a2787bb26cbe32443a0b0eb0ff36c", "seconds": 139.28308189287782}
{"progress_step": 110, "epoch": 3, "train_loss_so_far": 1.9500774047851563, "clip_fraction_so_far": 0.8902}
{"progress_step": 120, "epoch": 3, "train_loss_so_far": 1.916057958984375, "clip_fraction_so_far": 0.88375}
{"progress_step": 130, "epoch": 3, "train_loss_so_far": 1.8738086669921874, "clip_fraction_so_far": 0.8738666666666667}
{"progress_step": 140, "epoch": 3, "train_loss_so_far": 1.8435676780700683, "clip_fraction_so_far": 0.866325}
{"progress_step": 150, "epoch": 3, "train_loss_so_far": 1.8074072607421876, "clip_fraction_so_far": 0.85722}
{"epoch": 3, "logical_steps": 150, "train_examples": 50000, "train_loss": 1.8074072607421876, "test_loss": 1.1686175750732422, "test_top1": 0.6732, "clip_fraction": 0.85722, "gdp_mu": 1.2738232467243236, "gdp_epsilon": 5.807351225535705, "target_mu": 1.6660305978457184, "target_epsilon": 8.0, "delta": 1e-05, "noise_std": 0.6501319995798853, "noise_std_space": "scaled", "innovation_std_sum": 471.34496321891186, "augmentation_trace_sha256": "516c381dfc4d1767bda79b3787fa43a7fb9c63558e6fd7cf239884b870b532ab", "seconds": 134.90275240130723}
{"progress_step": 160, "epoch": 4, "train_loss_so_far": 1.6148663970947266, "clip_fraction_so_far": 0.8039}
{"progress_step": 170, "epoch": 4, "train_loss_so_far": 1.6122041000366212, "clip_fraction_so_far": 0.8021}
{"progress_step": 180, "epoch": 4, "train_loss_so_far": 1.585730864461263, "clip_fraction_so_far": 0.7941333333333334}
{"progress_step": 190, "epoch": 4, "train_loss_so_far": 1.5690627006530762, "clip_fraction_so_far": 0.78635}
{"progress_step": 200, "epoch": 4, "train_loss_so_far": 1.5514598516845703, "clip_fraction_so_far": 0.77986}
{"epoch": 4, "logical_steps": 200, "train_examples": 50000, "train_loss": 1.5514598516845703, "test_loss": 0.9665960494995117, "test_top1": 0.7221, "clip_fraction": 0.77986, "gdp_mu": 1.4829396001380057, "gdp_epsilon": 6.9556279168064306, "target_mu": 1.6660305978457184, "target_epsilon": 8.0, "delta": 1e-05, "noise_std": 0.6501319995798853, "noise_std_space": "scaled", "innovation_std_sum": 471.34496321891186, "augmentation_trace_sha256": "f79c64ae547ce4a5916151652750e3f0192335976551aba79c8302e3541f4d42", "seconds": 137.6412564702332}
{"progress_step": 210, "epoch": 5, "train_loss_so_far": 1.4476244262695313, "clip_fraction_so_far": 0.7329}
{"progress_step": 220, "epoch": 5, "train_loss_so_far": 1.451482861328125, "clip_fraction_so_far": 0.7345}
{"progress_step": 230, "epoch": 5, "train_loss_so_far": 1.4399986979166666, "clip_fraction_so_far": 0.7297666666666667}
{"progress_step": 240, "epoch": 5, "train_loss_so_far": 1.4410476463317872, "clip_fraction_so_far": 0.726025}
{"progress_step": 250, "epoch": 5, "train_loss_so_far": 1.4309850122070313, "clip_fraction_so_far": 0.72062}
{"epoch": 5, "logical_steps": 250, "train_examples": 50000, "train_loss": 1.4309850122070313, "test_loss": 0.8592241439819336, "test_top1": 0.7476, "clip_fraction": 0.72062, "gdp_mu": 1.6660305978457184, "gdp_epsilon": 8.000000000000005, "target_mu": 1.6660305978457184, "target_epsilon": 8.0, "delta": 1e-05, "noise_std": 0.6501319995798853, "noise_std_space": "scaled", "innovation_std_sum": 471.34496321891186, "augmentation_trace_sha256": "dcc2ff9b41c90d20ee48ba3ec127c8c65ed0e3f1c24814898f5bc24a291f7d15", "seconds": 136.37471306324005}
{"status": "completed", "results": "/media/data/data/lt/dp-adam-correlated/exp7b/results/final/trials/ba18c2846bf86a64"}
