/home/longt29/miniconda3/envs/curve/lib/python3.11/site-packages/torchvision/datasets/cifar.py:83: VisibleDeprecationWarning: dtype(): align should be passed as Python or NumPy boolean but got `align=0`. Did you mean to pass a tuple to create a subarray type? (Deprecated NumPy 2.4)
  entry = pickle.load(f, encoding="latin1")
sys:1: UserWarning: Full backward hook is firing when gradients are computed with respect to module outputs since no inputs require gradients. See https://docs.pytorch.org/docs/main/generated/torch.nn.Module.html#torch.nn.Module.register_full_backward_hook for more details.
{"step": 10, "epoch": 1, "train_loss": 4.50549755859375, "clip_fraction": 1.0, "gradient_norm_mean": 49.5233369140625, "gradient_norm_max": 97.1205825805664, "step_seconds": 2.148970378562808, "innovation_std_sum": 141.40348896567355, "noise_marginal_std_sum": 195.03959987396559}
{"step": 20, "epoch": 1, "train_loss": 4.191537475585937, "clip_fraction": 1.0, "gradient_norm_mean": 64.1375322265625, "gradient_norm_max": 113.56748962402344, "step_seconds": 2.1685961820185184, "innovation_std_sum": 141.40348896567355, "noise_marginal_std_sum": 195.03959987396559}
{"step": 30, "epoch": 1, "train_loss": 3.8116904907226563, "clip_fraction": 1.0, "gradient_norm_mean": 91.123775390625, "gradient_norm_max": 216.01559448242188, "step_seconds": 2.1834412459284067, "innovation_std_sum": 141.40348896567355, "noise_marginal_std_sum": 195.03959987396559}
{"step": 40, "epoch": 1, "train_loss": 3.3250821533203125, "clip_fraction": 0.999, "gradient_norm_mean": 105.511935546875, "gradient_norm_max": 268.4510803222656, "step_seconds": 2.179616779088974, "innovation_std_sum": 141.40348896567355, "noise_marginal_std_sum": 195.03959987396559}
{"step": 50, "epoch": 1, "train_loss": 3.1188599853515626, "clip_fraction": 0.998, "gradient_norm_mean": 113.279482421875, "gradient_norm_max": 515.1239624023438, "step_seconds": 2.1721499487757683, "innovation_std_sum": 141.40348896567355, "noise_marginal_std_sum": 195.03959987396559}
{"epoch": 1, "step": 50, "train_loss": 3.973015693359375, "clip_fraction": 0.99968, "epsilon": 2.8734263506543494, "accuracy": 0.2975, "validation_loss": 2.849038006591797, "validation_examples": 10000}
{"step": 60, "epoch": 2, "train_loss": 2.93666162109375, "clip_fraction": 0.995, "gradient_norm_mean": 118.575169921875, "gradient_norm_max": 503.31689453125, "step_seconds": 2.168299976736307, "innovation_std_sum": 141.40348896567355, "noise_marginal_std_sum": 195.03959987396559}
{"step": 70, "epoch": 2, "train_loss": 2.626706298828125, "clip_fraction": 0.982, "gradient_norm_mean": 115.984673828125, "gradient_norm_max": 456.77142333984375, "step_seconds": 2.1785059440881014, "innovation_std_sum": 141.40348896567355, "noise_marginal_std_sum": 195.03959987396559}
{"step": 80, "epoch": 2, "train_loss": 2.4808343505859374, "clip_fraction": 0.971, "gradient_norm_mean": 116.477232421875, "gradient_norm_max": 471.1282958984375, "step_seconds": 2.1770063042640686, "innovation_std_sum": 141.40348896567355, "noise_marginal_std_sum": 195.03959987396559}
{"step": 90, "epoch": 2, "train_loss": 2.245045959472656, "clip_fraction": 0.932, "gradient_norm_mean": 111.14365625, "gradient_norm_max": 431.8420104980469, "step_seconds": 2.18625682964921, "innovation_std_sum": 141.40348896567355, "noise_marginal_std_sum": 195.03959987396559}
{"step": 100, "epoch": 2, "train_loss": 2.1893565673828124, "clip_fraction": 0.938, "gradient_norm_mean": 112.554220703125, "gradient_norm_max": 432.27178955078125, "step_seconds": 2.179086836054921, "innovation_std_sum": 141.40348896567355, "noise_marginal_std_sum": 195.03959987396559}
{"epoch": 2, "step": 100, "train_loss": 2.5846877294921873, "clip_fraction": 0.97272, "epsilon": 4.494876969944211, "accuracy": 0.5171, "validation_loss": 1.8072677276611329, "validation_examples": 10000}
{"step": 110, "epoch": 3, "train_loss": 2.2141715087890623, "clip_fraction": 0.91, "gradient_norm_mean": 116.39324609375, "gradient_norm_max": 688.9220581054688, "step_seconds": 2.165394861251116, "innovation_std_sum": 141.40348896567355, "noise_marginal_std_sum": 195.03959987396559}
{"step": 120, "epoch": 3, "train_loss": 2.0710744018554688, "clip_fraction": 0.908, "gradient_norm_mean": 118.622876953125, "gradient_norm_max": 500.8031311035156, "step_seconds": 2.1687866169959307, "innovation_std_sum": 141.40348896567355, "noise_marginal_std_sum": 195.03959987396559}
{"step": 130, "epoch": 3, "train_loss": 1.9641055603027344, "clip_fraction": 0.866, "gradient_norm_mean": 115.29823828125, "gradient_norm_max": 646.1622314453125, "step_seconds": 2.1740625593811274, "innovation_std_sum": 141.40348896567355, "noise_marginal_std_sum": 195.03959987396559}
{"step": 140, "epoch": 3, "train_loss": 1.752060760498047, "clip_fraction": 0.824, "gradient_norm_mean": 109.1530234375, "gradient_norm_max": 546.2688598632812, "step_seconds": 2.18583289347589, "innovation_std_sum": 141.40348896567355, "noise_marginal_std_sum": 195.03959987396559}
{"step": 150, "epoch": 3, "train_loss": 1.8073983154296875, "clip_fraction": 0.863, "gradient_norm_mean": 115.0904765625, "gradient_norm_max": 966.22705078125, "step_seconds": 2.18269707262516, "innovation_std_sum": 141.40348896567355, "noise_marginal_std_sum": 195.03959987396559}
{"epoch": 3, "step": 150, "train_loss": 1.9903432501220704, "clip_fraction": 0.88898, "epsilon": 5.807351225535705, "accuracy": 0.6252, "validation_loss": 1.3445175415039063, "validation_examples": 10000}
{"step": 160, "epoch": 4, "train_loss": 1.8163540954589843, "clip_fraction": 0.827, "gradient_norm_mean": 119.175689453125, "gradient_norm_max": 570.9842529296875, "step_seconds": 2.1907102819532156, "innovation_std_sum": 141.40348896567355, "noise_marginal_std_sum": 195.03959987396559}
{"step": 170, "epoch": 4, "train_loss": 1.7015464782714844, "clip_fraction": 0.825, "gradient_norm_mean": 112.92109375, "gradient_norm_max": 657.6028442382812, "step_seconds": 2.174863336607814, "innovation_std_sum": 141.40348896567355, "noise_marginal_std_sum": 195.03959987396559}
{"step": 180, "epoch": 4, "train_loss": 1.654200653076172, "clip_fraction": 0.785, "gradient_norm_mean": 111.58553515625, "gradient_norm_max": 607.5358276367188, "step_seconds": 2.189401099458337, "innovation_std_sum": 141.40348896567355, "noise_marginal_std_sum": 195.03959987396559}
{"step": 190, "epoch": 4, "train_loss": 1.4907781982421875, "clip_fraction": 0.755, "gradient_norm_mean": 104.566890625, "gradient_norm_max": 517.8634033203125, "step_seconds": 2.1823166627436876, "innovation_std_sum": 141.40348896567355, "noise_marginal_std_sum": 195.03959987396559}
{"step": 200, "epoch": 4, "train_loss": 1.6398471374511718, "clip_fraction": 0.79, "gradient_norm_mean": 113.6352890625, "gradient_norm_max": 564.839111328125, "step_seconds": 2.1823024787008762, "innovation_std_sum": 141.40348896567355, "noise_marginal_std_sum": 195.03959987396559}
{"epoch": 4, "step": 200, "train_loss": 1.6944833807373048, "clip_fraction": 0.81112, "epsilon": 6.955627916806438, "accuracy": 0.6842, "validation_loss": 1.1023390518188476, "validation_examples": 10000}
{"step": 210, "epoch": 5, "train_loss": 1.6698733215332031, "clip_fraction": 0.777, "gradient_norm_mean": 115.572740234375, "gradient_norm_max": 763.0695190429688, "step_seconds": 2.1679133400321007, "innovation_std_sum": 141.40348896567355, "noise_marginal_std_sum": 195.03959987396559}
{"step": 220, "epoch": 5, "train_loss": 1.471355926513672, "clip_fraction": 0.745, "gradient_norm_mean": 108.365623046875, "gradient_norm_max": 682.24609375, "step_seconds": 2.1768698543310165, "innovation_std_sum": 141.40348896567355, "noise_marginal_std_sum": 195.03959987396559}
{"step": 230, "epoch": 5, "train_loss": 1.5927740478515624, "clip_fraction": 0.754, "gradient_norm_mean": 116.159568359375, "gradient_norm_max": 713.4832763671875, "step_seconds": 2.186354488134384, "innovation_std_sum": 141.40348896567355, "noise_marginal_std_sum": 195.03959987396559}
{"step": 240, "epoch": 5, "train_loss": 1.466676971435547, "clip_fraction": 0.715, "gradient_norm_mean": 109.03715625, "gradient_norm_max": 710.146484375, "step_seconds": 2.1894119288772345, "innovation_std_sum": 141.40348896567355, "noise_marginal_std_sum": 195.03959987396559}
{"step": 250, "epoch": 5, "train_loss": 1.4967603149414062, "clip_fraction": 0.729, "gradient_norm_mean": 113.07027734375, "gradient_norm_max": 699.59130859375, "step_seconds": 2.181177793070674, "innovation_std_sum": 141.40348896567355, "noise_marginal_std_sum": 195.03959987396559}
{"epoch": 5, "step": 250, "train_loss": 1.537905126953125, "clip_fraction": 0.75364, "epsilon": 8.000000000000005, "accuracy": 0.7166, "validation_loss": 0.9659740341186523, "validation_examples": 10000}
