Loading weights:   0%|          | 0/39 [00:00<?, ?it/s]Loading weights: 100%|██████████| 39/39 [00:00<00:00, 19397.35it/s]
[transformers] [1mBertModel LOAD REPORT[0m from: /media/data/data/lt/dp-adam-correlated/cache/bert-tiny
Key                                        | Status     |  | 
-------------------------------------------+------------+--+-
cls.predictions.transform.dense.bias       | UNEXPECTED |  | 
cls.predictions.transform.LayerNorm.weight | UNEXPECTED |  | 
cls.seq_relationship.weight                | UNEXPECTED |  | 
cls.predictions.bias                       | UNEXPECTED |  | 
cls.predictions.decoder.weight             | UNEXPECTED |  | 
cls.predictions.decoder.bias               | UNEXPECTED |  | 
cls.seq_relationship.bias                  | UNEXPECTED |  | 
cls.predictions.transform.dense.weight     | UNEXPECTED |  | 
cls.predictions.transform.LayerNorm.bias   | UNEXPECTED |  | 

Notes:
- UNEXPECTED:	can be ignored when loading from different task/architecture; not ok if you expect identical arch.
sys:1: UserWarning: Full backward hook is firing when gradients are computed with respect to module outputs since no inputs require gradients. See https://docs.pytorch.org/docs/main/generated/torch.nn.Module.html#torch.nn.Module.register_full_backward_hook for more details.
{"step": 10, "epoch": 1, "train_loss": 0.6670924072265625, "clip_fraction": 0.0, "gradient_norm_mean": 8.2391318359375, "gradient_norm_max": 13.684440612792969, "step_seconds": 0.129972904920578, "innovation_std_sum": 50.227445158855346, "noise_marginal_std_sum": 58.66324369556456}
{"step": 20, "epoch": 1, "train_loss": 0.6329943237304687, "clip_fraction": 0.019, "gradient_norm_mean": 12.2685078125, "gradient_norm_max": 25.26062774658203, "step_seconds": 0.2686364781111479, "innovation_std_sum": 50.227445158855346, "noise_marginal_std_sum": 58.66324369556456}
{"step": 30, "epoch": 1, "train_loss": 0.578151123046875, "clip_fraction": 0.332, "gradient_norm_mean": 16.131419921875, "gradient_norm_max": 42.9597053527832, "step_seconds": 0.26267657801508904, "innovation_std_sum": 50.227445158855346, "noise_marginal_std_sum": 58.66324369556456}
{"step": 40, "epoch": 1, "train_loss": 0.5416844482421875, "clip_fraction": 0.483, "gradient_norm_mean": 21.9529921875, "gradient_norm_max": 84.69375610351562, "step_seconds": 0.2695889547467232, "innovation_std_sum": 50.227445158855346, "noise_marginal_std_sum": 58.66324369556456}
{"step": 50, "epoch": 1, "train_loss": 0.5470712280273438, "clip_fraction": 0.491, "gradient_norm_mean": 27.593482421875, "gradient_norm_max": 117.98155212402344, "step_seconds": 0.2693644855171442, "innovation_std_sum": 50.227445158855346, "noise_marginal_std_sum": 58.66324369556456}
{"step": 60, "epoch": 1, "train_loss": 0.5893173828125, "clip_fraction": 0.45, "gradient_norm_mean": 30.80300390625, "gradient_norm_max": 155.1095428466797, "step_seconds": 0.26919311098754406, "innovation_std_sum": 50.227445158855346, "noise_marginal_std_sum": 58.66324369556456}
{"epoch": 1, "step": 62, "train_loss": 0.5989532628213206, "clip_fraction": 0.26906451612903226, "epsilon": 3.054089440266451, "accuracy": 0.7488532110091743, "validation_loss": 0.6157776456360423, "validation_examples": 872}
{"step": 70, "epoch": 2, "train_loss": 0.54443359375, "clip_fraction": 0.397, "gradient_norm_mean": 30.77119140625, "gradient_norm_max": 167.14773559570312, "step_seconds": 0.2692664936184883, "innovation_std_sum": 50.227445158855346, "noise_marginal_std_sum": 58.66324369556456}
{"step": 80, "epoch": 2, "train_loss": 0.5392154541015625, "clip_fraction": 0.403, "gradient_norm_mean": 31.035025390625, "gradient_norm_max": 167.42977905273438, "step_seconds": 0.26948639564216137, "innovation_std_sum": 50.227445158855346, "noise_marginal_std_sum": 58.66324369556456}
{"step": 90, "epoch": 2, "train_loss": 0.5498424682617188, "clip_fraction": 0.417, "gradient_norm_mean": 34.5954765625, "gradient_norm_max": 188.4091033935547, "step_seconds": 0.2668079733848572, "innovation_std_sum": 50.227445158855346, "noise_marginal_std_sum": 58.66324369556456}
{"step": 100, "epoch": 2, "train_loss": 0.47743145751953125, "clip_fraction": 0.354, "gradient_norm_mean": 29.68714453125, "gradient_norm_max": 215.5681610107422, "step_seconds": 0.26193677447736263, "innovation_std_sum": 50.227445158855346, "noise_marginal_std_sum": 58.66324369556456}
{"step": 110, "epoch": 2, "train_loss": 0.5009938354492187, "clip_fraction": 0.372, "gradient_norm_mean": 31.4509140625, "gradient_norm_max": 205.40957641601562, "step_seconds": 0.2663023993372917, "innovation_std_sum": 50.227445158855346, "noise_marginal_std_sum": 58.66324369556456}
{"step": 120, "epoch": 2, "train_loss": 0.514087890625, "clip_fraction": 0.367, "gradient_norm_mean": 32.6979921875, "gradient_norm_max": 202.95822143554688, "step_seconds": 0.2672080472111702, "innovation_std_sum": 50.227445158855346, "noise_marginal_std_sum": 58.66324369556456}
{"epoch": 2, "step": 124, "train_loss": 0.5441045980145854, "clip_fraction": 0.3956612903225806, "epsilon": 4.610238743691153, "accuracy": 0.7614678899082569, "validation_loss": 0.654099665650534, "validation_examples": 872}
{"step": 130, "epoch": 3, "train_loss": 0.4877030944824219, "clip_fraction": 0.35, "gradient_norm_mean": 29.991109375, "gradient_norm_max": 223.0490264892578, "step_seconds": 0.2669192459434271, "innovation_std_sum": 50.227445158855346, "noise_marginal_std_sum": 58.66324369556456}
{"step": 140, "epoch": 3, "train_loss": 0.4830415954589844, "clip_fraction": 0.346, "gradient_norm_mean": 30.651283203125, "gradient_norm_max": 199.79739379882812, "step_seconds": 0.2667919024825096, "innovation_std_sum": 50.227445158855346, "noise_marginal_std_sum": 58.66324369556456}
{"step": 150, "epoch": 3, "train_loss": 0.4429913940429687, "clip_fraction": 0.338, "gradient_norm_mean": 30.35051171875, "gradient_norm_max": 201.05136108398438, "step_seconds": 0.26717180758714676, "innovation_std_sum": 50.227445158855346, "noise_marginal_std_sum": 58.66324369556456}
{"step": 160, "epoch": 3, "train_loss": 0.537137451171875, "clip_fraction": 0.352, "gradient_norm_mean": 34.00007421875, "gradient_norm_max": 222.2783203125, "step_seconds": 0.1260713580995798, "innovation_std_sum": 50.227445158855346, "noise_marginal_std_sum": 58.66324369556456}
{"step": 170, "epoch": 3, "train_loss": 0.48971664428710937, "clip_fraction": 0.331, "gradient_norm_mean": 30.5188671875, "gradient_norm_max": 205.65023803710938, "step_seconds": 0.2680002301931381, "innovation_std_sum": 50.227445158855346, "noise_marginal_std_sum": 58.66324369556456}
{"step": 180, "epoch": 3, "train_loss": 0.48385598754882814, "clip_fraction": 0.334, "gradient_norm_mean": 31.22619921875, "gradient_norm_max": 217.03370666503906, "step_seconds": 0.267224321141839, "innovation_std_sum": 50.227445158855346, "noise_marginal_std_sum": 58.66324369556456}
{"epoch": 3, "step": 186, "train_loss": 0.49596119000834804, "clip_fraction": 0.3429032258064516, "epsilon": 5.873890881586911, "accuracy": 0.7740825688073395, "validation_loss": 0.6177262997408526, "validation_examples": 872}
{"step": 190, "epoch": 4, "train_loss": 0.4746314697265625, "clip_fraction": 0.33, "gradient_norm_mean": 28.118005859375, "gradient_norm_max": 213.73565673828125, "step_seconds": 0.2665521204471588, "innovation_std_sum": 50.227445158855346, "noise_marginal_std_sum": 58.66324369556456}
{"step": 200, "epoch": 4, "train_loss": 0.42928271484375, "clip_fraction": 0.305, "gradient_norm_mean": 26.94788671875, "gradient_norm_max": 268.60858154296875, "step_seconds": 0.26954782009124756, "innovation_std_sum": 50.227445158855346, "noise_marginal_std_sum": 58.66324369556456}
{"step": 210, "epoch": 4, "train_loss": 0.4825400390625, "clip_fraction": 0.289, "gradient_norm_mean": 26.47223046875, "gradient_norm_max": 251.27735900878906, "step_seconds": 0.2692138161510229, "innovation_std_sum": 50.227445158855346, "noise_marginal_std_sum": 58.66324369556456}
{"step": 220, "epoch": 4, "train_loss": 0.47828469848632815, "clip_fraction": 0.32, "gradient_norm_mean": 27.73603515625, "gradient_norm_max": 279.0330505371094, "step_seconds": 0.270297983661294, "innovation_std_sum": 50.227445158855346, "noise_marginal_std_sum": 58.66324369556456}
{"step": 230, "epoch": 4, "train_loss": 0.45530255126953123, "clip_fraction": 0.32, "gradient_norm_mean": 27.7294453125, "gradient_norm_max": 223.45391845703125, "step_seconds": 0.2692338991910219, "innovation_std_sum": 50.227445158855346, "noise_marginal_std_sum": 58.66324369556456}
{"step": 240, "epoch": 4, "train_loss": 0.4772047119140625, "clip_fraction": 0.321, "gradient_norm_mean": 29.091197265625, "gradient_norm_max": 256.62847900390625, "step_seconds": 0.2691721264272928, "innovation_std_sum": 50.227445158855346, "noise_marginal_std_sum": 58.66324369556456}
{"epoch": 4, "step": 248, "train_loss": 0.4629060821533203, "clip_fraction": 0.31370967741935485, "epsilon": 6.985551657770655, "accuracy": 0.783256880733945, "validation_loss": 0.585172530707963, "validation_examples": 872}
{"step": 250, "epoch": 5, "train_loss": 0.4250499267578125, "clip_fraction": 0.276, "gradient_norm_mean": 23.75496484375, "gradient_norm_max": 207.1343231201172, "step_seconds": 0.26648577116429806, "innovation_std_sum": 50.227445158855346, "noise_marginal_std_sum": 58.66324369556456}
{"step": 260, "epoch": 5, "train_loss": 0.3984154357910156, "clip_fraction": 0.281, "gradient_norm_mean": 24.7415234375, "gradient_norm_max": 231.77389526367188, "step_seconds": 0.26492371782660484, "innovation_std_sum": 50.227445158855346, "noise_marginal_std_sum": 58.66324369556456}
{"step": 270, "epoch": 5, "train_loss": 0.373541748046875, "clip_fraction": 0.272, "gradient_norm_mean": 23.315953125, "gradient_norm_max": 220.97816467285156, "step_seconds": 0.2699564900249243, "innovation_std_sum": 50.227445158855346, "noise_marginal_std_sum": 58.66324369556456}
{"step": 280, "epoch": 5, "train_loss": 0.45722537231445315, "clip_fraction": 0.303, "gradient_norm_mean": 27.59753125, "gradient_norm_max": 255.48605346679688, "step_seconds": 0.2672815416008234, "innovation_std_sum": 50.227445158855346, "noise_marginal_std_sum": 58.66324369556456}
{"step": 290, "epoch": 5, "train_loss": 0.40510284423828125, "clip_fraction": 0.271, "gradient_norm_mean": 25.07150390625, "gradient_norm_max": 232.4046630859375, "step_seconds": 0.2610470037907362, "innovation_std_sum": 50.227445158855346, "noise_marginal_std_sum": 58.66324369556456}
{"step": 300, "epoch": 5, "train_loss": 0.44540673828125, "clip_fraction": 0.281, "gradient_norm_mean": 25.777447265625, "gradient_norm_max": 274.6070556640625, "step_seconds": 0.2644872460514307, "innovation_std_sum": 50.227445158855346, "noise_marginal_std_sum": 58.66324369556456}
{"step": 310, "epoch": 5, "train_loss": 0.424914794921875, "clip_fraction": 0.279, "gradient_norm_mean": 24.830712890625, "gradient_norm_max": 247.3353729248047, "step_seconds": 0.2667722459882498, "innovation_std_sum": 50.227445158855346, "noise_marginal_std_sum": 58.66324369556456}
{"epoch": 5, "step": 310, "train_loss": 0.43741535309822327, "clip_fraction": 0.2909193548387097, "epsilon": 8.000000000000005, "accuracy": 0.7786697247706422, "validation_loss": 0.5824392607452673, "validation_examples": 872}
