Loading weights:   0%|          | 0/39 [00:00<?, ?it/s]Loading weights: 100%|██████████| 39/39 [00:00<00:00, 22102.13it/s]
[transformers] [1mBertModel LOAD REPORT[0m from: /media/data/data/lt/dp-adam-correlated/cache/bert-tiny
Key                                        | Status     |  | 
-------------------------------------------+------------+--+-
cls.predictions.transform.LayerNorm.weight | UNEXPECTED |  | 
cls.predictions.transform.LayerNorm.bias   | UNEXPECTED |  | 
cls.predictions.transform.dense.bias       | UNEXPECTED |  | 
cls.seq_relationship.bias                  | UNEXPECTED |  | 
cls.predictions.bias                       | UNEXPECTED |  | 
cls.predictions.decoder.bias               | UNEXPECTED |  | 
cls.seq_relationship.weight                | UNEXPECTED |  | 
cls.predictions.decoder.weight             | UNEXPECTED |  | 
cls.predictions.transform.dense.weight     | UNEXPECTED |  | 

Notes:
- UNEXPECTED:	can be ignored when loading from different task/architecture; not ok if you expect identical arch.
sys:1: UserWarning: Full backward hook is firing when gradients are computed with respect to module outputs since no inputs require gradients. See https://docs.pytorch.org/docs/main/generated/torch.nn.Module.html#torch.nn.Module.register_full_backward_hook for more details.
{"step": 10, "epoch": 1, "train_loss": 1.6476240234375, "clip_fraction": 0.898, "gradient_norm_mean": 6.92029833984375, "gradient_norm_max": 24.583940505981445, "step_seconds": 0.2657162956893444, "innovation_std_sum": 0.2308812379317026, "noise_marginal_std_sum": 0.2308812379317026}
{"step": 20, "epoch": 1, "train_loss": 1.86407080078125, "clip_fraction": 0.686, "gradient_norm_mean": 11.512693359375, "gradient_norm_max": 42.84532928466797, "step_seconds": 0.26622771844267845, "innovation_std_sum": 0.2308812379317026, "noise_marginal_std_sum": 0.2308812379317026}
{"step": 30, "epoch": 1, "train_loss": 1.43030419921875, "clip_fraction": 0.824, "gradient_norm_mean": 28.96159765625, "gradient_norm_max": 114.9074478149414, "step_seconds": 0.2647405043244362, "innovation_std_sum": 0.2308812379317026, "noise_marginal_std_sum": 0.2308812379317026}
{"step": 40, "epoch": 1, "train_loss": 0.801311767578125, "clip_fraction": 0.823, "gradient_norm_mean": 46.50637109375, "gradient_norm_max": 347.04541015625, "step_seconds": 0.26528425700962543, "innovation_std_sum": 0.2308812379317026, "noise_marginal_std_sum": 0.2308812379317026}
{"step": 50, "epoch": 1, "train_loss": 1.2002794189453125, "clip_fraction": 0.516, "gradient_norm_mean": 65.996453125, "gradient_norm_max": 661.3265991210938, "step_seconds": 0.2664974331855774, "innovation_std_sum": 0.2308812379317026, "noise_marginal_std_sum": 0.2308812379317026}
{"step": 60, "epoch": 1, "train_loss": 1.361190185546875, "clip_fraction": 0.431, "gradient_norm_mean": 77.0683125, "gradient_norm_max": 922.416259765625, "step_seconds": 0.26154399663209915, "innovation_std_sum": 0.2308812379317026, "noise_marginal_std_sum": 0.2308812379317026}
{"epoch": 1, "step": 62, "train_loss": 1.3306898921843497, "clip_fraction": 0.7153064516129032, "epsilon": 5.945052941010145, "accuracy": 0.7305045871559633, "validation_loss": 1.6252651914544063, "validation_examples": 872}
{"step": 70, "epoch": 2, "train_loss": 1.1751268310546874, "clip_fraction": 0.447, "gradient_norm_mean": 64.22496875, "gradient_norm_max": 834.7363891601562, "step_seconds": 0.26422666013240814, "innovation_std_sum": 0.2308812379317026, "noise_marginal_std_sum": 0.2308812379317026}
{"step": 80, "epoch": 2, "train_loss": 1.118302490234375, "clip_fraction": 0.469, "gradient_norm_mean": 63.1277578125, "gradient_norm_max": 1260.790771484375, "step_seconds": 0.2625035513192415, "innovation_std_sum": 0.2308812379317026, "noise_marginal_std_sum": 0.2308812379317026}
{"step": 90, "epoch": 2, "train_loss": 1.074758544921875, "clip_fraction": 0.427, "gradient_norm_mean": 60.78328125, "gradient_norm_max": 789.13525390625, "step_seconds": 0.2600921429693699, "innovation_std_sum": 0.2308812379317026, "noise_marginal_std_sum": 0.2308812379317026}
{"step": 100, "epoch": 2, "train_loss": 1.11680419921875, "clip_fraction": 0.406, "gradient_norm_mean": 63.7932890625, "gradient_norm_max": 1125.05517578125, "step_seconds": 0.26136248372495174, "innovation_std_sum": 0.2308812379317026, "noise_marginal_std_sum": 0.2308812379317026}
{"step": 110, "epoch": 2, "train_loss": 0.9353026123046875, "clip_fraction": 0.374, "gradient_norm_mean": 56.831, "gradient_norm_max": 1096.640625, "step_seconds": 0.26080014929175377, "innovation_std_sum": 0.2308812379317026, "noise_marginal_std_sum": 0.2308812379317026}
{"step": 120, "epoch": 2, "train_loss": 1.01443115234375, "clip_fraction": 0.389, "gradient_norm_mean": 54.3493828125, "gradient_norm_max": 1079.9564208984375, "step_seconds": 0.26195286959409714, "innovation_std_sum": 0.2308812379317026, "noise_marginal_std_sum": 0.2308812379317026}
{"epoch": 2, "step": 124, "train_loss": 1.1087695489698841, "clip_fraction": 0.41885483870967744, "epsilon": 9.01117355132764, "accuracy": 0.7580275229357798, "validation_loss": 1.2800533224683288, "validation_examples": 872}
{"step": 130, "epoch": 3, "train_loss": 1.079739501953125, "clip_fraction": 0.375, "gradient_norm_mean": 62.00257421875, "gradient_norm_max": 968.8492431640625, "step_seconds": 0.2646857500076294, "innovation_std_sum": 0.2308812379317026, "noise_marginal_std_sum": 0.2308812379317026}
{"step": 140, "epoch": 3, "train_loss": 1.099713134765625, "clip_fraction": 0.363, "gradient_norm_mean": 60.5170390625, "gradient_norm_max": 1048.6641845703125, "step_seconds": 0.2606650460511446, "innovation_std_sum": 0.2308812379317026, "noise_marginal_std_sum": 0.2308812379317026}
{"step": 150, "epoch": 3, "train_loss": 1.0044654541015625, "clip_fraction": 0.356, "gradient_norm_mean": 51.7697890625, "gradient_norm_max": 1296.6126708984375, "step_seconds": 0.2654021829366684, "innovation_std_sum": 0.2308812379317026, "noise_marginal_std_sum": 0.2308812379317026}
{"step": 160, "epoch": 3, "train_loss": 1.045775634765625, "clip_fraction": 0.362, "gradient_norm_mean": 61.3755625, "gradient_norm_max": 1467.81005859375, "step_seconds": 0.2663640212267637, "innovation_std_sum": 0.2308812379317026, "noise_marginal_std_sum": 0.2308812379317026}
{"step": 170, "epoch": 3, "train_loss": 1.0941591796875, "clip_fraction": 0.357, "gradient_norm_mean": 60.633359375, "gradient_norm_max": 1148.89208984375, "step_seconds": 0.2613536212593317, "innovation_std_sum": 0.2308812379317026, "noise_marginal_std_sum": 0.2308812379317026}
{"step": 180, "epoch": 3, "train_loss": 0.9789512939453126, "clip_fraction": 0.333, "gradient_norm_mean": 53.726921875, "gradient_norm_max": 1105.6619873046875, "step_seconds": 0.26634559594094753, "innovation_std_sum": 0.2308812379317026, "noise_marginal_std_sum": 0.2308812379317026}
{"epoch": 3, "step": 186, "train_loss": 1.0146903942477319, "clip_fraction": 0.3534032258064516, "epsilon": 11.573037572156496, "accuracy": 0.7729357798165137, "validation_loss": 1.2626516884620036, "validation_examples": 872}
{"step": 190, "epoch": 4, "train_loss": 1.05959423828125, "clip_fraction": 0.345, "gradient_norm_mean": 58.10511328125, "gradient_norm_max": 1287.6375732421875, "step_seconds": 0.266363138332963, "innovation_std_sum": 0.2308812379317026, "noise_marginal_std_sum": 0.2308812379317026}
{"step": 200, "epoch": 4, "train_loss": 1.0077861328125, "clip_fraction": 0.322, "gradient_norm_mean": 59.5903203125, "gradient_norm_max": 1170.8546142578125, "step_seconds": 0.26669722609221935, "innovation_std_sum": 0.2308812379317026, "noise_marginal_std_sum": 0.2308812379317026}
{"step": 210, "epoch": 4, "train_loss": 0.9890050048828125, "clip_fraction": 0.316, "gradient_norm_mean": 49.7619453125, "gradient_norm_max": 1680.5081787109375, "step_seconds": 0.2676199618726969, "innovation_std_sum": 0.2308812379317026, "noise_marginal_std_sum": 0.2308812379317026}
{"step": 220, "epoch": 4, "train_loss": 1.052058349609375, "clip_fraction": 0.344, "gradient_norm_mean": 50.55928125, "gradient_norm_max": 1471.6806640625, "step_seconds": 0.26798461750149727, "innovation_std_sum": 0.2308812379317026, "noise_marginal_std_sum": 0.2308812379317026}
{"step": 230, "epoch": 4, "train_loss": 0.9162447509765625, "clip_fraction": 0.315, "gradient_norm_mean": 61.239234375, "gradient_norm_max": 1319.64794921875, "step_seconds": 0.12790289893746376, "innovation_std_sum": 0.2308812379317026, "noise_marginal_std_sum": 0.2308812379317026}
{"step": 240, "epoch": 4, "train_loss": 1.049647705078125, "clip_fraction": 0.329, "gradient_norm_mean": 54.1161875, "gradient_norm_max": 1739.5477294921875, "step_seconds": 0.26680799946188927, "innovation_std_sum": 0.2308812379317026, "noise_marginal_std_sum": 0.2308812379317026}
{"epoch": 4, "step": 248, "train_loss": 0.9720000049221901, "clip_fraction": 0.32156451612903225, "epsilon": 13.87126818349437, "accuracy": 0.7717889908256881, "validation_loss": 1.1880444692909171, "validation_examples": 872}
{"step": 250, "epoch": 5, "train_loss": 0.895615478515625, "clip_fraction": 0.329, "gradient_norm_mean": 53.525171875, "gradient_norm_max": 1639.66259765625, "step_seconds": 0.26104075461626053, "innovation_std_sum": 0.2308812379317026, "noise_marginal_std_sum": 0.2308812379317026}
{"step": 260, "epoch": 5, "train_loss": 1.077178955078125, "clip_fraction": 0.326, "gradient_norm_mean": 57.97967578125, "gradient_norm_max": 1348.40625, "step_seconds": 0.2661138530820608, "innovation_std_sum": 0.2308812379317026, "noise_marginal_std_sum": 0.2308812379317026}
{"step": 270, "epoch": 5, "train_loss": 1.069047119140625, "clip_fraction": 0.308, "gradient_norm_mean": 59.26440625, "gradient_norm_max": 1768.1427001953125, "step_seconds": 0.26726678386330605, "innovation_std_sum": 0.2308812379317026, "noise_marginal_std_sum": 0.2308812379317026}
{"step": 280, "epoch": 5, "train_loss": 0.9098187866210937, "clip_fraction": 0.304, "gradient_norm_mean": 49.9272109375, "gradient_norm_max": 1570.3818359375, "step_seconds": 0.26727306470274925, "innovation_std_sum": 0.2308812379317026, "noise_marginal_std_sum": 0.2308812379317026}
{"step": 290, "epoch": 5, "train_loss": 0.919937255859375, "clip_fraction": 0.303, "gradient_norm_mean": 58.9928828125, "gradient_norm_max": 1720.345458984375, "step_seconds": 0.2640161458402872, "innovation_std_sum": 0.2308812379317026, "noise_marginal_std_sum": 0.2308812379317026}
{"step": 300, "epoch": 5, "train_loss": 0.8421956787109375, "clip_fraction": 0.271, "gradient_norm_mean": 49.860390625, "gradient_norm_max": 2054.93505859375, "step_seconds": 0.26673623733222485, "innovation_std_sum": 0.2308812379317026, "noise_marginal_std_sum": 0.2308812379317026}
{"step": 310, "epoch": 5, "train_loss": 0.982002197265625, "clip_fraction": 0.33, "gradient_norm_mean": 56.9436640625, "gradient_norm_max": 1545.2630615234375, "step_seconds": 0.2685881908982992, "innovation_std_sum": 0.2308812379317026, "noise_marginal_std_sum": 0.2308812379317026}
{"epoch": 5, "step": 310, "train_loss": 0.9481458799300655, "clip_fraction": 0.30683870967741933, "epsilon": 16.000000000000018, "accuracy": 0.7717889908256881, "validation_loss": 1.2499122969601133, "validation_examples": 872}
