Loading weights:   0%|          | 0/39 [00:00<?, ?it/s]Loading weights: 100%|██████████| 39/39 [00:00<00:00, 5194.76it/s]
[transformers] [1mBertModel LOAD REPORT[0m from: /media/data/data/lt/dp-adam-correlated/cache/bert-tiny
Key                                        | Status     |  | 
-------------------------------------------+------------+--+-
cls.predictions.transform.LayerNorm.weight | UNEXPECTED |  | 
cls.predictions.transform.dense.bias       | UNEXPECTED |  | 
cls.predictions.decoder.bias               | UNEXPECTED |  | 
cls.seq_relationship.weight                | UNEXPECTED |  | 
cls.predictions.decoder.weight             | UNEXPECTED |  | 
cls.predictions.transform.LayerNorm.bias   | UNEXPECTED |  | 
cls.predictions.bias                       | UNEXPECTED |  | 
cls.predictions.transform.dense.weight     | UNEXPECTED |  | 
cls.seq_relationship.bias                  | UNEXPECTED |  | 

Notes:
- UNEXPECTED:	can be ignored when loading from different task/architecture; not ok if you expect identical arch.
sys:1: UserWarning: Full backward hook is firing when gradients are computed with respect to module outputs since no inputs require gradients. See https://docs.pytorch.org/docs/main/generated/torch.nn.Module.html#torch.nn.Module.register_full_backward_hook for more details.
{"step": 10, "epoch": 1, "train_loss": 0.6772548217773438, "clip_fraction": 0.0, "gradient_norm_mean": 28.06675390625, "gradient_norm_max": 45.57367706298828, "step_seconds": 0.25588345155119896, "innovation_std_sum": 753.4116773828302, "noise_marginal_std_sum": 879.9486554334685}
{"step": 20, "epoch": 1, "train_loss": 0.660084716796875, "clip_fraction": 0.0, "gradient_norm_mean": 26.64460546875, "gradient_norm_max": 59.88954544067383, "step_seconds": 0.252273129299283, "innovation_std_sum": 753.4116773828302, "noise_marginal_std_sum": 879.9486554334685}
{"step": 30, "epoch": 1, "train_loss": 0.652120849609375, "clip_fraction": 0.0, "gradient_norm_mean": 27.65602734375, "gradient_norm_max": 52.605674743652344, "step_seconds": 0.26403502374887466, "innovation_std_sum": 753.4116773828302, "noise_marginal_std_sum": 879.9486554334685}
{"step": 40, "epoch": 1, "train_loss": 0.6443084106445313, "clip_fraction": 0.0, "gradient_norm_mean": 28.77239453125, "gradient_norm_max": 49.749053955078125, "step_seconds": 0.26861351914703846, "innovation_std_sum": 753.4116773828302, "noise_marginal_std_sum": 879.9486554334685}
{"step": 50, "epoch": 1, "train_loss": 0.63522021484375, "clip_fraction": 0.0, "gradient_norm_mean": 30.1919453125, "gradient_norm_max": 66.04508209228516, "step_seconds": 0.26853150501847267, "innovation_std_sum": 753.4116773828302, "noise_marginal_std_sum": 879.9486554334685}
{"step": 60, "epoch": 1, "train_loss": 0.6286549072265625, "clip_fraction": 0.0, "gradient_norm_mean": 31.933564453125, "gradient_norm_max": 61.70435333251953, "step_seconds": 0.27049060724675655, "innovation_std_sum": 753.4116773828302, "noise_marginal_std_sum": 879.9486554334685}
{"epoch": 1, "step": 62, "train_loss": 0.652839104437059, "clip_fraction": 0.0, "epsilon": 3.0540894402664507, "accuracy": 0.6877921106748925, "validation_loss": 0.6089175387083158, "validation_examples": 5349}
{"step": 70, "epoch": 2, "train_loss": 0.604607666015625, "clip_fraction": 0.0, "gradient_norm_mean": 32.92883203125, "gradient_norm_max": 60.81327438354492, "step_seconds": 0.19361689500510693, "innovation_std_sum": 753.4116773828302, "noise_marginal_std_sum": 879.9486554334685}
{"step": 80, "epoch": 2, "train_loss": 0.609140625, "clip_fraction": 0.0, "gradient_norm_mean": 35.109234375, "gradient_norm_max": 70.05989074707031, "step_seconds": 0.27052368596196175, "innovation_std_sum": 753.4116773828302, "noise_marginal_std_sum": 879.9486554334685}
{"step": 90, "epoch": 2, "train_loss": 0.5859068603515625, "clip_fraction": 0.0, "gradient_norm_mean": 36.72921875, "gradient_norm_max": 89.53011322021484, "step_seconds": 0.27164256013929844, "innovation_std_sum": 753.4116773828302, "noise_marginal_std_sum": 879.9486554334685}
{"step": 100, "epoch": 2, "train_loss": 0.585897705078125, "clip_fraction": 0.0, "gradient_norm_mean": 38.1257109375, "gradient_norm_max": 87.07440948486328, "step_seconds": 0.2667327765375376, "innovation_std_sum": 753.4116773828302, "noise_marginal_std_sum": 879.9486554334685}
{"step": 110, "epoch": 2, "train_loss": 0.562287841796875, "clip_fraction": 0.0, "gradient_norm_mean": 38.9192734375, "gradient_norm_max": 98.23078155517578, "step_seconds": 0.2673245929181576, "innovation_std_sum": 753.4116773828302, "noise_marginal_std_sum": 879.9486554334685}
{"step": 120, "epoch": 2, "train_loss": 0.5455902099609375, "clip_fraction": 0.0, "gradient_norm_mean": 41.07990625, "gradient_norm_max": 122.55979919433594, "step_seconds": 0.2674300763756037, "innovation_std_sum": 753.4116773828302, "noise_marginal_std_sum": 879.9486554334685}
{"epoch": 2, "step": 124, "train_loss": 0.5875966629520539, "clip_fraction": 0.0, "epsilon": 4.610238743691145, "accuracy": 0.7356515236492802, "validation_loss": 0.5353010893982356, "validation_examples": 5349}
{"step": 130, "epoch": 3, "train_loss": 0.5432286987304688, "clip_fraction": 0.0, "gradient_norm_mean": 42.1343125, "gradient_norm_max": 133.0035858154297, "step_seconds": 0.26882117986679077, "innovation_std_sum": 753.4116773828302, "noise_marginal_std_sum": 879.9486554334685}
{"step": 140, "epoch": 3, "train_loss": 0.5466285400390625, "clip_fraction": 0.0, "gradient_norm_mean": 44.2536953125, "gradient_norm_max": 128.27130126953125, "step_seconds": 0.27008431777358055, "innovation_std_sum": 753.4116773828302, "noise_marginal_std_sum": 879.9486554334685}
{"step": 150, "epoch": 3, "train_loss": 0.5276322021484375, "clip_fraction": 0.0, "gradient_norm_mean": 43.9855390625, "gradient_norm_max": 127.9752426147461, "step_seconds": 0.27083954215049744, "innovation_std_sum": 753.4116773828302, "noise_marginal_std_sum": 879.9486554334685}
{"step": 160, "epoch": 3, "train_loss": 0.5430587158203125, "clip_fraction": 0.0, "gradient_norm_mean": 45.0637890625, "gradient_norm_max": 141.40866088867188, "step_seconds": 0.27112650126218796, "innovation_std_sum": 753.4116773828302, "noise_marginal_std_sum": 879.9486554334685}
{"step": 170, "epoch": 3, "train_loss": 0.5251239013671875, "clip_fraction": 0.0, "gradient_norm_mean": 45.61933203125, "gradient_norm_max": 145.79815673828125, "step_seconds": 0.2706698998808861, "innovation_std_sum": 753.4116773828302, "noise_marginal_std_sum": 879.9486554334685}
{"step": 180, "epoch": 3, "train_loss": 0.5328245849609375, "clip_fraction": 0.0, "gradient_norm_mean": 45.927796875, "gradient_norm_max": 147.08116149902344, "step_seconds": 0.18248945102095604, "innovation_std_sum": 753.4116773828302, "noise_marginal_std_sum": 879.9486554334685}
{"epoch": 3, "step": 186, "train_loss": 0.532396243187689, "clip_fraction": 0.0, "epsilon": 5.873890881586911, "accuracy": 0.764068050102823, "validation_loss": 0.4882289788771576, "validation_examples": 5349}
{"step": 190, "epoch": 4, "train_loss": 0.5020369567871094, "clip_fraction": 0.0, "gradient_norm_mean": 47.86991796875, "gradient_norm_max": 171.02401733398438, "step_seconds": 0.2695389874279499, "innovation_std_sum": 753.4116773828302, "noise_marginal_std_sum": 879.9486554334685}
{"step": 200, "epoch": 4, "train_loss": 0.51553662109375, "clip_fraction": 0.0, "gradient_norm_mean": 47.2382265625, "gradient_norm_max": 160.82618713378906, "step_seconds": 0.27060277573764324, "innovation_std_sum": 753.4116773828302, "noise_marginal_std_sum": 879.9486554334685}
{"step": 210, "epoch": 4, "train_loss": 0.5222807006835938, "clip_fraction": 0.0, "gradient_norm_mean": 48.62038671875, "gradient_norm_max": 169.56007385253906, "step_seconds": 0.2697840444743633, "innovation_std_sum": 753.4116773828302, "noise_marginal_std_sum": 879.9486554334685}
{"step": 220, "epoch": 4, "train_loss": 0.5007116088867187, "clip_fraction": 0.0, "gradient_norm_mean": 45.5707109375, "gradient_norm_max": 171.72183227539062, "step_seconds": 0.2701623644679785, "innovation_std_sum": 753.4116773828302, "noise_marginal_std_sum": 879.9486554334685}
{"step": 230, "epoch": 4, "train_loss": 0.4937962646484375, "clip_fraction": 0.0, "gradient_norm_mean": 45.8915390625, "gradient_norm_max": 167.23117065429688, "step_seconds": 0.2713069934397936, "innovation_std_sum": 753.4116773828302, "noise_marginal_std_sum": 879.9486554334685}
{"step": 240, "epoch": 4, "train_loss": 0.4789783020019531, "clip_fraction": 0.0, "gradient_norm_mean": 47.1356796875, "gradient_norm_max": 206.57057189941406, "step_seconds": 0.27211688831448555, "innovation_std_sum": 753.4116773828302, "noise_marginal_std_sum": 879.9486554334685}
{"epoch": 4, "step": 248, "train_loss": 0.49895392190256427, "clip_fraction": 0.0, "epsilon": 6.985551657770655, "accuracy": 0.7805197233127688, "validation_loss": 0.46531299056906994, "validation_examples": 5349}
{"step": 250, "epoch": 5, "train_loss": 0.50993994140625, "clip_fraction": 0.0, "gradient_norm_mean": 45.45027734375, "gradient_norm_max": 165.8208465576172, "step_seconds": 0.26202188059687614, "innovation_std_sum": 753.4116773828302, "noise_marginal_std_sum": 879.9486554334685}
{"step": 260, "epoch": 5, "train_loss": 0.472979736328125, "clip_fraction": 0.0, "gradient_norm_mean": 45.527890625, "gradient_norm_max": 170.754638671875, "step_seconds": 0.27108016051352024, "innovation_std_sum": 753.4116773828302, "noise_marginal_std_sum": 879.9486554334685}
{"step": 270, "epoch": 5, "train_loss": 0.47361944580078125, "clip_fraction": 0.0, "gradient_norm_mean": 44.66359375, "gradient_norm_max": 172.24012756347656, "step_seconds": 0.2697184160351753, "innovation_std_sum": 753.4116773828302, "noise_marginal_std_sum": 879.9486554334685}
{"step": 280, "epoch": 5, "train_loss": 0.4710933837890625, "clip_fraction": 0.0, "gradient_norm_mean": 44.3221328125, "gradient_norm_max": 184.40728759765625, "step_seconds": 0.2689799480140209, "innovation_std_sum": 753.4116773828302, "noise_marginal_std_sum": 879.9486554334685}
{"step": 290, "epoch": 5, "train_loss": 0.46966616821289064, "clip_fraction": 0.0, "gradient_norm_mean": 44.231859375, "gradient_norm_max": 170.6253204345703, "step_seconds": 0.27095746248960495, "innovation_std_sum": 753.4116773828302, "noise_marginal_std_sum": 879.9486554334685}
{"step": 300, "epoch": 5, "train_loss": 0.45578192138671875, "clip_fraction": 0.0, "gradient_norm_mean": 42.905921875, "gradient_norm_max": 206.8849639892578, "step_seconds": 0.2698227446526289, "innovation_std_sum": 753.4116773828302, "noise_marginal_std_sum": 879.9486554334685}
{"step": 310, "epoch": 5, "train_loss": 0.48559417724609377, "clip_fraction": 0.0, "gradient_norm_mean": 45.1016015625, "gradient_norm_max": 190.3130645751953, "step_seconds": 0.1332274954766035, "innovation_std_sum": 753.4116773828302, "noise_marginal_std_sum": 879.9486554334685}
{"epoch": 5, "step": 310, "train_loss": 0.4784045129591419, "clip_fraction": 0.0, "epsilon": 8.000000000000005, "accuracy": 0.7941671340437465, "validation_loss": 0.4470354198941473, "validation_examples": 5349}
