/home/longt29/miniconda3/envs/curve/lib/python3.11/site-packages/torchvision/datasets/cifar.py:83: VisibleDeprecationWarning: dtype(): align should be passed as Python or NumPy boolean but got `align=0`. Did you mean to pass a tuple to create a subarray type? (Deprecated NumPy 2.4)
  entry = pickle.load(f, encoding="latin1")
{"status": "running", "method": "mf_muon_standard", "seed": 20261001, "calibration": {"target_mu": 1.6660305978457184, "sensitivity": 7.852751308631718, "innovation_std_sum": 141.40348896567355, "adjacency": "add_remove_zero_out", "k": 5, "b_participation": 50, "sampling_amplification": false}, "coefficients": [1.0, -0.95, -0.0012500000000000844, -0.001187499999999897]}
sys:1: UserWarning: Full backward hook is firing when gradients are computed with respect to module outputs since no inputs require gradients. See https://docs.pytorch.org/docs/main/generated/torch.nn.Module.html#torch.nn.Module.register_full_backward_hook for more details.
{"event": "logical_progress", "step": 1, "train_loss": 5.1808095703125, "clip_fraction": 1.0}
{"event": "logical_progress", "step": 25, "train_loss": 4.186794309082031, "clip_fraction": 1.0}
{"event": "logical_progress", "step": 50, "train_loss": 3.4942422326660156, "clip_fraction": 0.98832}
{"epoch": 1, "logical_steps": 50, "train_examples": 50000, "train_loss": 3.4942422326660156, "test_loss": 1.918063198852539, "test_top1": 0.4819, "clip_fraction": 0.98832, "epsilon": 2.8734263506543494, "delta": 1e-05, "seconds": 132.26462992466986}
{"event": "logical_progress", "step": 75, "train_loss": 2.0711866918945314, "clip_fraction": 0.89372}
{"event": "logical_progress", "step": 100, "train_loss": 1.8989397436523439, "clip_fraction": 0.85102}
{"epoch": 2, "logical_steps": 100, "train_examples": 50000, "train_loss": 1.8989397436523439, "test_loss": 1.1000003723144531, "test_top1": 0.6796, "clip_fraction": 0.85102, "epsilon": 4.494876969944211, "delta": 1e-05, "seconds": 260.4361624857411}
{"event": "logical_progress", "step": 125, "train_loss": 1.5587149938964844, "clip_fraction": 0.74644}
{"event": "logical_progress", "step": 150, "train_loss": 1.4977387957763673, "clip_fraction": 0.72406}
{"epoch": 3, "logical_steps": 150, "train_examples": 50000, "train_loss": 1.4977387957763673, "test_loss": 0.857015412902832, "test_top1": 0.7457, "clip_fraction": 0.72406, "epsilon": 5.807351225535705, "delta": 1e-05, "seconds": 386.1624327516183}
{"event": "logical_progress", "step": 175, "train_loss": 1.392946864013672, "clip_fraction": 0.67192}
{"event": "logical_progress", "step": 200, "train_loss": 1.3534840435791016, "clip_fraction": 0.65618}
{"epoch": 4, "logical_steps": 200, "train_examples": 50000, "train_loss": 1.3534840435791016, "test_loss": 0.7582802627563476, "test_top1": 0.7728, "clip_fraction": 0.65618, "epsilon": 6.955627916806438, "delta": 1e-05, "seconds": 512.7983172712848}
{"event": "logical_progress", "step": 225, "train_loss": 1.30456279296875, "clip_fraction": 0.6246}
{"event": "logical_progress", "step": 250, "train_loss": 1.2724237963867187, "clip_fraction": 0.61406}
{"epoch": 5, "logical_steps": 250, "train_examples": 50000, "train_loss": 1.2724237963867187, "test_loss": 0.7011346374511719, "test_top1": 0.7905, "clip_fraction": 0.61406, "epsilon": 8.000000000000005, "delta": 1e-05, "seconds": 640.0506156925112}
{"status": "completed", "result_dir": "/media/data/data/lt/dp-adam-correlated/exp3/results/search/C/c10_muon_0.006_adam_0.012"}
