Loading weights:   0%|          | 0/39 [00:00<?, ?it/s]Loading weights: 100%|██████████| 39/39 [00:00<00:00, 20162.44it/s]
[transformers] [1mBertModel LOAD REPORT[0m from: /media/data/data/lt/dp-adam-correlated/cache/bert-tiny
Key                                        | Status     |  | 
-------------------------------------------+------------+--+-
cls.predictions.decoder.bias               | UNEXPECTED |  | 
cls.predictions.transform.dense.weight     | UNEXPECTED |  | 
cls.predictions.decoder.weight             | UNEXPECTED |  | 
cls.predictions.transform.dense.bias       | UNEXPECTED |  | 
cls.seq_relationship.weight                | UNEXPECTED |  | 
cls.predictions.transform.LayerNorm.bias   | UNEXPECTED |  | 
cls.predictions.transform.LayerNorm.weight | UNEXPECTED |  | 
cls.seq_relationship.bias                  | UNEXPECTED |  | 
cls.predictions.bias                       | UNEXPECTED |  | 

Notes:
- UNEXPECTED:	can be ignored when loading from different task/architecture; not ok if you expect identical arch.
sys:1: UserWarning: Full backward hook is firing when gradients are computed with respect to module outputs since no inputs require gradients. See https://docs.pytorch.org/docs/main/generated/torch.nn.Module.html#torch.nn.Module.register_full_backward_hook for more details.
{"step": 62, "epoch": 1.0, "train_loss": 0.9979325600900957, "clip_fraction": 0.8519193548387097, "validation_loss": 1.433983161485536, "accuracy": 0.557861282482707, "validation_examples": 5349, "epsilon": 2.983473211150575}
{"step": 124, "epoch": 2.0, "train_loss": 1.3413133643365673, "clip_fraction": 0.6851290322580645, "validation_loss": 1.4761124384650606, "accuracy": 0.557861282482707, "validation_examples": 5349, "epsilon": 4.566965972959099}
{"step": 186, "epoch": 3.0, "train_loss": 1.3352466568485384, "clip_fraction": 0.7526935483870969, "validation_loss": 1.4441567101998292, "accuracy": 0.557861282482707, "validation_examples": 5349, "epsilon": 5.849088165717443}
{"step": 248, "epoch": 4.0, "train_loss": 1.2071066559822328, "clip_fraction": 0.7937903225806452, "validation_loss": 1.2852399522599873, "accuracy": 0.5576743316507758, "validation_examples": 5349, "epsilon": 6.974398475295221}
{"step": 310, "epoch": 5.0, "train_loss": 0.9963715731713081, "clip_fraction": 0.8121451612903227, "validation_loss": 1.008765001880006, "accuracy": 0.618807253692279, "validation_examples": 5349, "epsilon": 8.000000000000005}
