Loading weights:   0%|          | 0/39 [00:00<?, ?it/s]Loading weights: 100%|██████████| 39/39 [00:00<00:00, 14959.11it/s]
[transformers] [1mBertModel LOAD REPORT[0m from: /media/data/data/lt/dp-adam-correlated/cache/bert-tiny
Key                                        | Status     |  | 
-------------------------------------------+------------+--+-
cls.predictions.decoder.bias               | UNEXPECTED |  | 
cls.predictions.transform.dense.bias       | UNEXPECTED |  | 
cls.predictions.bias                       | UNEXPECTED |  | 
cls.predictions.transform.dense.weight     | UNEXPECTED |  | 
cls.predictions.decoder.weight             | UNEXPECTED |  | 
cls.seq_relationship.weight                | UNEXPECTED |  | 
cls.predictions.transform.LayerNorm.bias   | UNEXPECTED |  | 
cls.predictions.transform.LayerNorm.weight | UNEXPECTED |  | 
cls.seq_relationship.bias                  | UNEXPECTED |  | 

Notes:
- UNEXPECTED:	can be ignored when loading from different task/architecture; not ok if you expect identical arch.
sys:1: UserWarning: Full backward hook is firing when gradients are computed with respect to module outputs since no inputs require gradients. See https://docs.pytorch.org/docs/main/generated/torch.nn.Module.html#torch.nn.Module.register_full_backward_hook for more details.
{"step": 10, "epoch": 1, "step_seconds": 0.2693953812122345, "innovation_std_sum": 1.7273655294376953, "noise_marginal_std_sum": 1.9368335451060459, "pure_mf_cumulative_momentum_noise_variance": 1.0777422716856956e-05, "preconditioner_mean": 572.9263916015625, "preconditioner_change_relative": 0.09720858186483383, "denominator_lag_relative": 0.0, "block_age": 0}
{"step": 20, "epoch": 1, "step_seconds": 0.26553535275161266, "innovation_std_sum": 1.7273655294376953, "noise_marginal_std_sum": 1.9368335451060459, "pure_mf_cumulative_momentum_noise_variance": 1.1247321802207244e-05, "preconditioner_mean": 535.3739624023438, "preconditioner_change_relative": 0.04289107397198677, "denominator_lag_relative": 0.0, "block_age": 0}
{"step": 30, "epoch": 1, "step_seconds": 0.26638470217585564, "innovation_std_sum": 1.7273655294376953, "noise_marginal_std_sum": 1.9368335451060459, "pure_mf_cumulative_momentum_noise_variance": 1.1613539605281318e-05, "preconditioner_mean": 526.2341918945312, "preconditioner_change_relative": 0.027049195021390915, "denominator_lag_relative": 0.0, "block_age": 0}
{"step": 40, "epoch": 1, "step_seconds": 0.26641229167580605, "innovation_std_sum": 1.7273655294376953, "noise_marginal_std_sum": 1.9368335451060459, "pure_mf_cumulative_momentum_noise_variance": 1.2026369822549559e-05, "preconditioner_mean": 521.6156005859375, "preconditioner_change_relative": 0.018593804910779, "denominator_lag_relative": 0.0, "block_age": 0}
{"step": 50, "epoch": 1, "step_seconds": 0.26587716303765774, "innovation_std_sum": 1.7273655294376953, "noise_marginal_std_sum": 1.9368335451060459, "pure_mf_cumulative_momentum_noise_variance": 1.2471126023441973e-05, "preconditioner_mean": 520.3577880859375, "preconditioner_change_relative": 0.014176946133375168, "denominator_lag_relative": 0.0, "block_age": 0}
{"step": 60, "epoch": 1, "step_seconds": 0.26638611778616905, "innovation_std_sum": 1.7273655294376953, "noise_marginal_std_sum": 1.9368335451060459, "pure_mf_cumulative_momentum_noise_variance": 1.293180378709957e-05, "preconditioner_mean": 519.5248413085938, "preconditioner_change_relative": 0.012397018261253834, "denominator_lag_relative": 0.0, "block_age": 0}
{"epoch": 1, "step": 62, "epsilon": 3.0817479262244762, "accuracy": 0.7339449541284404, "validation_loss": 1.2381050739813289, "validation_examples": 872}
{"step": 70, "epoch": 2, "step_seconds": 0.2708812151104212, "innovation_std_sum": 1.7273655294376953, "noise_marginal_std_sum": 1.9368335451060459, "pure_mf_cumulative_momentum_noise_variance": 1.3399662425254163e-05, "preconditioner_mean": 518.311279296875, "preconditioner_change_relative": 0.01109506655484438, "denominator_lag_relative": 0.0, "block_age": 0}
{"step": 80, "epoch": 2, "step_seconds": 0.26995315961539745, "innovation_std_sum": 1.7273655294376953, "noise_marginal_std_sum": 1.9368335451060459, "pure_mf_cumulative_momentum_noise_variance": 1.387059160068999e-05, "preconditioner_mean": 516.67626953125, "preconditioner_change_relative": 0.009539292193949223, "denominator_lag_relative": 0.0, "block_age": 0}
{"step": 90, "epoch": 2, "step_seconds": 0.26559751108288765, "innovation_std_sum": 1.7273655294376953, "noise_marginal_std_sum": 1.9368335451060459, "pure_mf_cumulative_momentum_noise_variance": 1.4342789226299584e-05, "preconditioner_mean": 516.1026611328125, "preconditioner_change_relative": 0.008912972174584866, "denominator_lag_relative": 0.0, "block_age": 0}
{"step": 100, "epoch": 2, "step_seconds": 0.26633204333484173, "innovation_std_sum": 1.7273655294376953, "noise_marginal_std_sum": 1.9368335451060459, "pure_mf_cumulative_momentum_noise_variance": 1.481549818081484e-05, "preconditioner_mean": 515.533935546875, "preconditioner_change_relative": 0.008109345100820065, "denominator_lag_relative": 0.0, "block_age": 0}
{"step": 110, "epoch": 2, "step_seconds": 0.26651298627257347, "innovation_std_sum": 1.7273655294376953, "noise_marginal_std_sum": 1.9368335451060459, "pure_mf_cumulative_momentum_noise_variance": 1.5288409514423992e-05, "preconditioner_mean": 515.196533203125, "preconditioner_change_relative": 0.007209844421595335, "denominator_lag_relative": 0.0, "block_age": 0}
{"step": 120, "epoch": 2, "step_seconds": 0.2666264809668064, "innovation_std_sum": 1.7273655294376953, "noise_marginal_std_sum": 1.9368335451060459, "pure_mf_cumulative_momentum_noise_variance": 1.5761399815237535e-05, "preconditioner_mean": 514.6786499023438, "preconditioner_change_relative": 0.006467869039624929, "denominator_lag_relative": 0.0, "block_age": 0}
{"epoch": 2, "step": 124, "epsilon": 4.626744139901174, "accuracy": 0.768348623853211, "validation_loss": 1.064110834664161, "validation_examples": 872}
{"step": 130, "epoch": 3, "step_seconds": 0.2833056338131428, "innovation_std_sum": 1.7273655294376953, "noise_marginal_std_sum": 1.9368335451060459, "pure_mf_cumulative_momentum_noise_variance": 1.623442058017555e-05, "preconditioner_mean": 514.8087768554688, "preconditioner_change_relative": 0.0057888999581336975, "denominator_lag_relative": 0.0, "block_age": 0}
{"step": 140, "epoch": 3, "step_seconds": 0.26636642403900623, "innovation_std_sum": 1.7273655294376953, "noise_marginal_std_sum": 1.9368335451060459, "pure_mf_cumulative_momentum_noise_variance": 1.6707452988967284e-05, "preconditioner_mean": 514.3971557617188, "preconditioner_change_relative": 0.0051150936633348465, "denominator_lag_relative": 0.0, "block_age": 0}
{"step": 150, "epoch": 3, "step_seconds": 0.26706694811582565, "innovation_std_sum": 1.7273655294376953, "noise_marginal_std_sum": 1.9368335451060459, "pure_mf_cumulative_momentum_noise_variance": 1.7180489813962117e-05, "preconditioner_mean": 514.1383666992188, "preconditioner_change_relative": 0.005460986401885748, "denominator_lag_relative": 0.0, "block_age": 0}
{"step": 160, "epoch": 3, "step_seconds": 0.2670049499720335, "innovation_std_sum": 1.7273655294376953, "noise_marginal_std_sum": 1.9368335451060459, "pure_mf_cumulative_momentum_noise_variance": 1.76535283030069e-05, "preconditioner_mean": 513.897705078125, "preconditioner_change_relative": 0.004890047013759613, "denominator_lag_relative": 0.0, "block_age": 0}
{"step": 170, "epoch": 3, "step_seconds": 0.2668889481574297, "innovation_std_sum": 1.7273655294376953, "noise_marginal_std_sum": 1.9368335451060459, "pure_mf_cumulative_momentum_noise_variance": 1.8126567415581323e-05, "preconditioner_mean": 513.51171875, "preconditioner_change_relative": 0.004614812787622213, "denominator_lag_relative": 0.0, "block_age": 0}
{"step": 180, "epoch": 3, "step_seconds": 0.26679909601807594, "innovation_std_sum": 1.7273655294376953, "noise_marginal_std_sum": 1.9368335451060459, "pure_mf_cumulative_momentum_noise_variance": 1.8599606760668814e-05, "preconditioner_mean": 513.3888549804688, "preconditioner_change_relative": 0.004216932225972414, "denominator_lag_relative": 0.0, "block_age": 0}
{"epoch": 3, "step": 186, "epsilon": 5.883337114624349, "accuracy": 0.768348623853211, "validation_loss": 1.0847720399909062, "validation_examples": 872}
{"step": 190, "epoch": 4, "step_seconds": 0.26627139933407307, "innovation_std_sum": 1.7273655294376953, "noise_marginal_std_sum": 1.9368335451060459, "pure_mf_cumulative_momentum_noise_variance": 1.9072646192094252e-05, "preconditioner_mean": 513.1538696289062, "preconditioner_change_relative": 0.004341051448136568, "denominator_lag_relative": 0.0, "block_age": 0}
{"step": 200, "epoch": 4, "step_seconds": 0.26998620107769966, "innovation_std_sum": 1.7273655294376953, "noise_marginal_std_sum": 1.9368335451060459, "pure_mf_cumulative_momentum_noise_variance": 1.95456856554599e-05, "preconditioner_mean": 513.1314086914062, "preconditioner_change_relative": 0.003967433702200651, "denominator_lag_relative": 0.0, "block_age": 0}
{"step": 210, "epoch": 4, "step_seconds": 0.2667264025658369, "innovation_std_sum": 1.7273655294376953, "noise_marginal_std_sum": 1.9368335451060459, "pure_mf_cumulative_momentum_noise_variance": 2.0018725130602584e-05, "preconditioner_mean": 512.9905395507812, "preconditioner_change_relative": 0.0038765021599829197, "denominator_lag_relative": 0.0, "block_age": 0}
{"step": 220, "epoch": 4, "step_seconds": 0.25317456759512424, "innovation_std_sum": 1.7273655294376953, "noise_marginal_std_sum": 1.9368335451060459, "pure_mf_cumulative_momentum_noise_variance": 2.0491764610074888e-05, "preconditioner_mean": 513.0958251953125, "preconditioner_change_relative": 0.003633097279816866, "denominator_lag_relative": 0.0, "block_age": 0}
{"step": 230, "epoch": 4, "step_seconds": 0.2589841578155756, "innovation_std_sum": 1.7273655294376953, "noise_marginal_std_sum": 1.9368335451060459, "pure_mf_cumulative_momentum_noise_variance": 2.096480409113467e-05, "preconditioner_mean": 513.2921752929688, "preconditioner_change_relative": 0.003434868296608329, "denominator_lag_relative": 0.0, "block_age": 0}
{"step": 240, "epoch": 4, "step_seconds": 0.2701748311519623, "innovation_std_sum": 1.7273655294376953, "noise_marginal_std_sum": 1.9368335451060459, "pure_mf_cumulative_momentum_noise_variance": 2.1437843572775098e-05, "preconditioner_mean": 513.0355834960938, "preconditioner_change_relative": 0.0033112401142716408, "denominator_lag_relative": 0.0, "block_age": 0}
{"epoch": 4, "step": 248, "epsilon": 6.989802718757768, "accuracy": 0.7752293577981652, "validation_loss": 1.0706786934388888, "validation_examples": 872}
{"step": 250, "epoch": 5, "step_seconds": 0.2667204160243273, "innovation_std_sum": 1.7273655294376953, "noise_marginal_std_sum": 1.9368335451060459, "pure_mf_cumulative_momentum_noise_variance": 2.191088305462746e-05, "preconditioner_mean": 512.9483642578125, "preconditioner_change_relative": 0.003202869091182947, "denominator_lag_relative": 0.0, "block_age": 0}
{"step": 260, "epoch": 5, "step_seconds": 0.26749989204108715, "innovation_std_sum": 1.7273655294376953, "noise_marginal_std_sum": 1.9368335451060459, "pure_mf_cumulative_momentum_noise_variance": 2.2383922536557016e-05, "preconditioner_mean": 512.8822021484375, "preconditioner_change_relative": 0.0029184611048549414, "denominator_lag_relative": 0.0, "block_age": 0}
{"step": 270, "epoch": 5, "step_seconds": 0.2617487981915474, "innovation_std_sum": 1.7273655294376953, "noise_marginal_std_sum": 1.9368335451060459, "pure_mf_cumulative_momentum_noise_variance": 2.2856962018514633e-05, "preconditioner_mean": 512.9285888671875, "preconditioner_change_relative": 0.002801206661388278, "denominator_lag_relative": 0.0, "block_age": 0}
{"step": 280, "epoch": 5, "step_seconds": 0.26034302078187466, "innovation_std_sum": 1.7273655294376953, "noise_marginal_std_sum": 1.9368335451060459, "pure_mf_cumulative_momentum_noise_variance": 2.3330001500482442e-05, "preconditioner_mean": 513.0693969726562, "preconditioner_change_relative": 0.002886009868234396, "denominator_lag_relative": 0.0, "block_age": 0}
{"step": 290, "epoch": 5, "step_seconds": 0.2641416359692812, "innovation_std_sum": 1.7273655294376953, "noise_marginal_std_sum": 1.9368335451060459, "pure_mf_cumulative_momentum_noise_variance": 2.380304098245394e-05, "preconditioner_mean": 512.9876708984375, "preconditioner_change_relative": 0.002739806892350316, "denominator_lag_relative": 0.0, "block_age": 0}
{"step": 300, "epoch": 5, "step_seconds": 0.1266145259141922, "innovation_std_sum": 1.7273655294376953, "noise_marginal_std_sum": 1.9368335451060459, "pure_mf_cumulative_momentum_noise_variance": 2.4276080464426774e-05, "preconditioner_mean": 512.9013061523438, "preconditioner_change_relative": 0.002997753908857703, "denominator_lag_relative": 0.0, "block_age": 0}
{"step": 310, "epoch": 5, "step_seconds": 0.26170265674591064, "innovation_std_sum": 1.7273655294376953, "noise_marginal_std_sum": 1.9368335451060459, "pure_mf_cumulative_momentum_noise_variance": 2.4749119946400092e-05, "preconditioner_mean": 513.016845703125, "preconditioner_change_relative": 0.00272930134087801, "denominator_lag_relative": 0.0, "block_age": 0}
{"epoch": 5, "step": 310, "epsilon": 8.000000000000005, "accuracy": 0.7752293577981652, "validation_loss": 1.102647256413731, "validation_examples": 872}
