/home/longt29/miniconda3/envs/curve/lib/python3.11/site-packages/torchvision/datasets/cifar.py:83: VisibleDeprecationWarning: dtype(): align should be passed as Python or NumPy boolean but got `align=0`. Did you mean to pass a tuple to create a subarray type? (Deprecated NumPy 2.4)
  entry = pickle.load(f, encoding="latin1")
sys:1: UserWarning: Full backward hook is firing when gradients are computed with respect to module outputs since no inputs require gradients. See https://docs.pytorch.org/docs/main/generated/torch.nn.Module.html#torch.nn.Module.register_full_backward_hook for more details.
{"step": 10, "epoch": 1, "train_loss": 4.246869384765625, "clip_fraction": 1.0, "gradient_norm_mean": 56.1053212890625, "gradient_norm_max": 130.82125854492188, "step_seconds": 2.1592714078724384, "innovation_std_sum": 5.128667806092518, "noise_marginal_std_sum": 5.7786483592774935}
{"step": 20, "epoch": 1, "train_loss": 3.4271758422851564, "clip_fraction": 1.0, "gradient_norm_mean": 99.584134765625, "gradient_norm_max": 302.7363586425781, "step_seconds": 2.168958742171526, "innovation_std_sum": 5.128667806092518, "noise_marginal_std_sum": 5.7786483592774935}
{"step": 30, "epoch": 1, "train_loss": 2.8634581298828126, "clip_fraction": 1.0, "gradient_norm_mean": 112.72461328125, "gradient_norm_max": 344.7502746582031, "step_seconds": 2.179951246827841, "innovation_std_sum": 5.128667806092518, "noise_marginal_std_sum": 5.7786483592774935}
{"step": 40, "epoch": 1, "train_loss": 2.51606494140625, "clip_fraction": 0.999, "gradient_norm_mean": 120.2265625, "gradient_norm_max": 359.0067443847656, "step_seconds": 2.1641242168843746, "innovation_std_sum": 5.128667806092518, "noise_marginal_std_sum": 5.7786483592774935}
{"epoch": 1, "step": 45, "train_loss": 3.40607223578559, "clip_fraction": 0.9994222222222222, "epsilon": 3.1232761473275077, "accuracy": 0.4994, "validation_loss": 1.8890549011230469, "validation_examples": 5000}
{"step": 50, "epoch": 2, "train_loss": 2.2228334350585937, "clip_fraction": 0.993, "gradient_norm_mean": 119.45698828125, "gradient_norm_max": 837.3267211914062, "step_seconds": 2.161679644137621, "innovation_std_sum": 5.128667806092518, "noise_marginal_std_sum": 5.7786483592774935}
{"step": 60, "epoch": 2, "train_loss": 2.142726318359375, "clip_fraction": 0.986, "gradient_norm_mean": 121.4687421875, "gradient_norm_max": 515.880859375, "step_seconds": 2.185343310236931, "innovation_std_sum": 5.128667806092518, "noise_marginal_std_sum": 5.7786483592774935}
{"step": 70, "epoch": 2, "train_loss": 1.9222915649414063, "clip_fraction": 0.958, "gradient_norm_mean": 116.384994140625, "gradient_norm_max": 770.3125, "step_seconds": 2.190392481163144, "innovation_std_sum": 5.128667806092518, "noise_marginal_std_sum": 5.7786483592774935}
{"step": 80, "epoch": 2, "train_loss": 1.9780314331054687, "clip_fraction": 0.963, "gradient_norm_mean": 124.730287109375, "gradient_norm_max": 648.2520751953125, "step_seconds": 2.1890184711664915, "innovation_std_sum": 5.128667806092518, "noise_marginal_std_sum": 5.7786483592774935}
{"step": 90, "epoch": 2, "train_loss": 1.8246786499023437, "clip_fraction": 0.944, "gradient_norm_mean": 124.917654296875, "gradient_norm_max": 791.210205078125, "step_seconds": 2.1857948545366526, "innovation_std_sum": 5.128667806092518, "noise_marginal_std_sum": 5.7786483592774935}
{"epoch": 2, "step": 90, "train_loss": 2.031560030110677, "clip_fraction": 0.9710888888888889, "epsilon": 4.650911679155916, "accuracy": 0.631, "validation_loss": 1.3059207275390625, "validation_examples": 5000}
{"step": 100, "epoch": 3, "train_loss": 1.7214489440917968, "clip_fraction": 0.931, "gradient_norm_mean": 121.987421875, "gradient_norm_max": 570.7459106445312, "step_seconds": 2.1577738244086504, "innovation_std_sum": 5.128667806092518, "noise_marginal_std_sum": 5.7786483592774935}
{"step": 110, "epoch": 3, "train_loss": 1.6833148498535155, "clip_fraction": 0.917, "gradient_norm_mean": 124.083791015625, "gradient_norm_max": 836.6221313476562, "step_seconds": 2.2179145757108927, "innovation_std_sum": 5.128667806092518, "noise_marginal_std_sum": 5.7786483592774935}
{"step": 120, "epoch": 3, "train_loss": 1.6489823303222657, "clip_fraction": 0.898, "gradient_norm_mean": 126.36243359375, "gradient_norm_max": 984.437255859375, "step_seconds": 2.2198299299925566, "innovation_std_sum": 5.128667806092518, "noise_marginal_std_sum": 5.7786483592774935}
{"step": 130, "epoch": 3, "train_loss": 1.6570016479492187, "clip_fraction": 0.888, "gradient_norm_mean": 129.59676953125, "gradient_norm_max": 673.4193725585938, "step_seconds": 2.189360808581114, "innovation_std_sum": 5.128667806092518, "noise_marginal_std_sum": 5.7786483592774935}
{"epoch": 3, "step": 135, "train_loss": 1.7360018961588541, "clip_fraction": 0.9116444444444445, "epsilon": 5.897166745944287, "accuracy": 0.678, "validation_loss": 1.1221502807617187, "validation_examples": 5000}
{"step": 140, "epoch": 4, "train_loss": 1.6881981506347656, "clip_fraction": 0.869, "gradient_norm_mean": 126.4105546875, "gradient_norm_max": 648.087646484375, "step_seconds": 2.169811073690653, "innovation_std_sum": 5.128667806092518, "noise_marginal_std_sum": 5.7786483592774935}
{"step": 150, "epoch": 4, "train_loss": 1.6690882568359375, "clip_fraction": 0.87, "gradient_norm_mean": 129.08226953125, "gradient_norm_max": 881.7039794921875, "step_seconds": 2.1624811701476574, "innovation_std_sum": 5.128667806092518, "noise_marginal_std_sum": 5.7786483592774935}
{"step": 160, "epoch": 4, "train_loss": 1.66904736328125, "clip_fraction": 0.861, "gradient_norm_mean": 132.109625, "gradient_norm_max": 645.6395874023438, "step_seconds": 2.190195793285966, "innovation_std_sum": 5.128667806092518, "noise_marginal_std_sum": 5.7786483592774935}
{"step": 170, "epoch": 4, "train_loss": 1.6834427795410156, "clip_fraction": 0.871, "gradient_norm_mean": 129.754619140625, "gradient_norm_max": 794.9083251953125, "step_seconds": 2.1946248691529036, "innovation_std_sum": 5.128667806092518, "noise_marginal_std_sum": 5.7786483592774935}
{"step": 180, "epoch": 4, "train_loss": 1.5989317932128906, "clip_fraction": 0.846, "gradient_norm_mean": 132.795345703125, "gradient_norm_max": 936.7761840820312, "step_seconds": 2.18843081779778, "innovation_std_sum": 5.128667806092518, "noise_marginal_std_sum": 5.7786483592774935}
{"epoch": 4, "step": 180, "train_loss": 1.6455233072916666, "clip_fraction": 0.8694444444444445, "epsilon": 6.9960307474663415, "accuracy": 0.6924, "validation_loss": 1.0687558502197265, "validation_examples": 5000}
{"step": 190, "epoch": 5, "train_loss": 1.5557748107910156, "clip_fraction": 0.857, "gradient_norm_mean": 130.12991015625, "gradient_norm_max": 1060.850830078125, "step_seconds": 2.16246847063303, "innovation_std_sum": 5.128667806092518, "noise_marginal_std_sum": 5.7786483592774935}
{"step": 200, "epoch": 5, "train_loss": 1.6727133178710938, "clip_fraction": 0.856, "gradient_norm_mean": 138.0051796875, "gradient_norm_max": 782.9108276367188, "step_seconds": 2.1822946071624756, "innovation_std_sum": 5.128667806092518, "noise_marginal_std_sum": 5.7786483592774935}
{"step": 210, "epoch": 5, "train_loss": 1.70321435546875, "clip_fraction": 0.822, "gradient_norm_mean": 134.74821875, "gradient_norm_max": 660.8239135742188, "step_seconds": 2.1954219602048397, "innovation_std_sum": 5.128667806092518, "noise_marginal_std_sum": 5.7786483592774935}
{"step": 220, "epoch": 5, "train_loss": 1.6443565673828124, "clip_fraction": 0.866, "gradient_norm_mean": 146.819984375, "gradient_norm_max": 770.7197265625, "step_seconds": 2.1930882800370455, "innovation_std_sum": 5.128667806092518, "noise_marginal_std_sum": 5.7786483592774935}
{"epoch": 5, "step": 225, "train_loss": 1.6186158291286892, "clip_fraction": 0.8422222222222222, "epsilon": 8.000000000000005, "accuracy": 0.7042, "validation_loss": 1.054907241821289, "validation_examples": 5000}
