/home/longt29/miniconda3/envs/curve/lib/python3.11/site-packages/torchvision/datasets/cifar.py:83: VisibleDeprecationWarning: dtype(): align should be passed as Python or NumPy boolean but got `align=0`. Did you mean to pass a tuple to create a subarray type? (Deprecated NumPy 2.4)
  entry = pickle.load(f, encoding="latin1")
sys:1: UserWarning: Full backward hook is firing when gradients are computed with respect to module outputs since no inputs require gradients. See https://docs.pytorch.org/docs/main/generated/torch.nn.Module.html#torch.nn.Module.register_full_backward_hook for more details.
{"step": 10, "epoch": 1, "train_loss": 4.553126586914063, "clip_fraction": 0.0, "gradient_norm_mean": 49.8762421875, "gradient_norm_max": 89.54869842529297, "step_seconds": 2.1078502852469683, "innovation_std_sum": 481.51987677654046, "noise_marginal_std_sum": 563.3284436196507}
{"step": 20, "epoch": 1, "train_loss": 4.428170654296875, "clip_fraction": 0.0, "gradient_norm_mean": 47.745748046875, "gradient_norm_max": 92.2777328491211, "step_seconds": 2.0999391302466393, "innovation_std_sum": 481.51987677654046, "noise_marginal_std_sum": 563.3284436196507}
{"step": 30, "epoch": 1, "train_loss": 4.27400634765625, "clip_fraction": 0.0, "gradient_norm_mean": 59.762837890625, "gradient_norm_max": 115.86581420898438, "step_seconds": 2.1165766175836325, "innovation_std_sum": 481.51987677654046, "noise_marginal_std_sum": 563.3284436196507}
{"step": 40, "epoch": 1, "train_loss": 4.0979549560546875, "clip_fraction": 0.0, "gradient_norm_mean": 81.0872265625, "gradient_norm_max": 179.17160034179688, "step_seconds": 2.1233376748859882, "innovation_std_sum": 481.51987677654046, "noise_marginal_std_sum": 563.3284436196507}
{"epoch": 1, "step": 45, "train_loss": 4.378285709635417, "clip_fraction": 6.666666666666667e-05, "epsilon": 3.0297011451528837, "accuracy": 0.1478, "validation_loss": 3.7464887329101564, "validation_examples": 5000}
{"step": 50, "epoch": 2, "train_loss": 3.7361087646484377, "clip_fraction": 0.003, "gradient_norm_mean": 96.0978515625, "gradient_norm_max": 292.7895202636719, "step_seconds": 2.1003146078437567, "innovation_std_sum": 481.51987677654046, "noise_marginal_std_sum": 563.3284436196507}
{"step": 60, "epoch": 2, "train_loss": 3.5050269775390626, "clip_fraction": 0.017, "gradient_norm_mean": 107.830896484375, "gradient_norm_max": 323.7494812011719, "step_seconds": 2.114111753180623, "innovation_std_sum": 481.51987677654046, "noise_marginal_std_sum": 563.3284436196507}
{"step": 70, "epoch": 2, "train_loss": 3.1170565185546875, "clip_fraction": 0.014, "gradient_norm_mean": 112.389939453125, "gradient_norm_max": 315.0973205566406, "step_seconds": 2.1235052924603224, "innovation_std_sum": 481.51987677654046, "noise_marginal_std_sum": 563.3284436196507}
{"step": 80, "epoch": 2, "train_loss": 2.948906982421875, "clip_fraction": 0.029, "gradient_norm_mean": 118.958119140625, "gradient_norm_max": 264.976318359375, "step_seconds": 2.129557866603136, "innovation_std_sum": 481.51987677654046, "noise_marginal_std_sum": 563.3284436196507}
{"step": 90, "epoch": 2, "train_loss": 2.7191954345703127, "clip_fraction": 0.055, "gradient_norm_mean": 125.803716796875, "gradient_norm_max": 409.2247314453125, "step_seconds": 2.123953999951482, "innovation_std_sum": 481.51987677654046, "noise_marginal_std_sum": 563.3284436196507}
{"epoch": 2, "step": 90, "train_loss": 3.2374281494140624, "clip_fraction": 0.019244444444444446, "epsilon": 4.5953206372907065, "accuracy": 0.4202, "validation_loss": 2.3104606323242187, "validation_examples": 5000}
{"step": 100, "epoch": 3, "train_loss": 2.4389967041015623, "clip_fraction": 0.042, "gradient_norm_mean": 119.43305859375, "gradient_norm_max": 428.6121826171875, "step_seconds": 2.1028154883533716, "innovation_std_sum": 481.51987677654046, "noise_marginal_std_sum": 563.3284436196507}
{"step": 110, "epoch": 3, "train_loss": 2.337268310546875, "clip_fraction": 0.057, "gradient_norm_mean": 120.472751953125, "gradient_norm_max": 485.4817810058594, "step_seconds": 2.123001478612423, "innovation_std_sum": 481.51987677654046, "noise_marginal_std_sum": 563.3284436196507}
{"step": 120, "epoch": 3, "train_loss": 2.2163527221679686, "clip_fraction": 0.077, "gradient_norm_mean": 119.536623046875, "gradient_norm_max": 441.8118591308594, "step_seconds": 2.1241966411471367, "innovation_std_sum": 481.51987677654046, "noise_marginal_std_sum": 563.3284436196507}
{"step": 130, "epoch": 3, "train_loss": 2.15385693359375, "clip_fraction": 0.077, "gradient_norm_mean": 118.935349609375, "gradient_norm_max": 356.7021179199219, "step_seconds": 2.134204391390085, "innovation_std_sum": 481.51987677654046, "noise_marginal_std_sum": 563.3284436196507}
{"epoch": 3, "step": 135, "train_loss": 2.3512104241265193, "clip_fraction": 0.07068888888888888, "epsilon": 5.865340104265841, "accuracy": 0.5584, "validation_loss": 1.6681533264160155, "validation_examples": 5000}
{"step": 140, "epoch": 4, "train_loss": 2.0611768798828125, "clip_fraction": 0.074, "gradient_norm_mean": 115.2978984375, "gradient_norm_max": 482.2265625, "step_seconds": 2.120331110432744, "innovation_std_sum": 481.51987677654046, "noise_marginal_std_sum": 563.3284436196507}
{"step": 150, "epoch": 4, "train_loss": 2.0324857482910157, "clip_fraction": 0.093, "gradient_norm_mean": 118.61109375, "gradient_norm_max": 588.9151611328125, "step_seconds": 2.0966184306889772, "innovation_std_sum": 481.51987677654046, "noise_marginal_std_sum": 563.3284436196507}
{"step": 160, "epoch": 4, "train_loss": 1.9801583862304688, "clip_fraction": 0.1, "gradient_norm_mean": 115.625693359375, "gradient_norm_max": 440.42291259765625, "step_seconds": 2.1223765406757593, "innovation_std_sum": 481.51987677654046, "noise_marginal_std_sum": 563.3284436196507}
{"step": 170, "epoch": 4, "train_loss": 1.925059326171875, "clip_fraction": 0.086, "gradient_norm_mean": 114.051177734375, "gradient_norm_max": 491.9824523925781, "step_seconds": 2.1192342657595873, "innovation_std_sum": 481.51987677654046, "noise_marginal_std_sum": 563.3284436196507}
{"step": 180, "epoch": 4, "train_loss": 1.8650994567871093, "clip_fraction": 0.084, "gradient_norm_mean": 114.6397578125, "gradient_norm_max": 437.29522705078125, "step_seconds": 2.1173192858695984, "innovation_std_sum": 481.51987677654046, "noise_marginal_std_sum": 563.3284436196507}
{"epoch": 4, "step": 180, "train_loss": 1.9743805284288194, "clip_fraction": 0.09208888888888889, "epsilon": 6.9817050448149836, "accuracy": 0.6212, "validation_loss": 1.3793724731445312, "validation_examples": 5000}
{"step": 190, "epoch": 5, "train_loss": 1.7889217529296875, "clip_fraction": 0.107, "gradient_norm_mean": 115.055177734375, "gradient_norm_max": 471.9332580566406, "step_seconds": 2.113096233457327, "innovation_std_sum": 481.51987677654046, "noise_marginal_std_sum": 563.3284436196507}
{"step": 200, "epoch": 5, "train_loss": 1.8272396240234374, "clip_fraction": 0.12, "gradient_norm_mean": 116.805548828125, "gradient_norm_max": 425.3451232910156, "step_seconds": 2.1367679573595524, "innovation_std_sum": 481.51987677654046, "noise_marginal_std_sum": 563.3284436196507}
{"step": 210, "epoch": 5, "train_loss": 1.8120398559570312, "clip_fraction": 0.101, "gradient_norm_mean": 112.325517578125, "gradient_norm_max": 395.6943054199219, "step_seconds": 2.1262673065066338, "innovation_std_sum": 481.51987677654046, "noise_marginal_std_sum": 563.3284436196507}
{"step": 220, "epoch": 5, "train_loss": 1.7270085144042968, "clip_fraction": 0.135, "gradient_norm_mean": 117.6583671875, "gradient_norm_max": 554.0285034179688, "step_seconds": 2.1283634826540947, "innovation_std_sum": 481.51987677654046, "noise_marginal_std_sum": 563.3284436196507}
{"epoch": 5, "step": 225, "train_loss": 1.7761727532280815, "clip_fraction": 0.1077111111111111, "epsilon": 8.000000000000005, "accuracy": 0.6586, "validation_loss": 1.2294840087890626, "validation_examples": 5000}
