Loading weights:   0%|          | 0/39 [00:00<?, ?it/s]Loading weights: 100%|██████████| 39/39 [00:00<00:00, 18980.95it/s]
[transformers] [1mBertModel LOAD REPORT[0m from: /media/data/data/lt/dp-adam-correlated/cache/bert-tiny
Key                                        | Status     |  | 
-------------------------------------------+------------+--+-
cls.predictions.transform.LayerNorm.bias   | UNEXPECTED |  | 
cls.predictions.bias                       | UNEXPECTED |  | 
cls.predictions.transform.LayerNorm.weight | UNEXPECTED |  | 
cls.seq_relationship.bias                  | UNEXPECTED |  | 
cls.predictions.decoder.weight             | UNEXPECTED |  | 
cls.predictions.transform.dense.bias       | UNEXPECTED |  | 
cls.predictions.decoder.bias               | UNEXPECTED |  | 
cls.predictions.transform.dense.weight     | UNEXPECTED |  | 
cls.seq_relationship.weight                | UNEXPECTED |  | 

Notes:
- UNEXPECTED:	can be ignored when loading from different task/architecture; not ok if you expect identical arch.
sys:1: UserWarning: Full backward hook is firing when gradients are computed with respect to module outputs since no inputs require gradients. See https://docs.pytorch.org/docs/main/generated/torch.nn.Module.html#torch.nn.Module.register_full_backward_hook for more details.
{"step": 10, "epoch": 1, "train_loss": 0.6700511474609375, "clip_fraction": 0.037, "gradient_norm_mean": 7.73243310546875, "gradient_norm_max": 12.712045669555664, "step_seconds": 0.16925763338804245, "innovation_std_sum": 82.35391794205516, "noise_marginal_std_sum": 113.59178844145096}
{"step": 20, "epoch": 1, "train_loss": 0.6602471923828125, "clip_fraction": 0.429, "gradient_norm_mean": 9.524171875, "gradient_norm_max": 15.672784805297852, "step_seconds": 0.26781886629760265, "innovation_std_sum": 82.35391794205516, "noise_marginal_std_sum": 113.59178844145096}
{"step": 30, "epoch": 1, "train_loss": 0.6503890991210938, "clip_fraction": 0.609, "gradient_norm_mean": 11.862412109375, "gradient_norm_max": 22.60832977294922, "step_seconds": 0.2674408983439207, "innovation_std_sum": 82.35391794205516, "noise_marginal_std_sum": 113.59178844145096}
{"step": 40, "epoch": 1, "train_loss": 0.65468359375, "clip_fraction": 0.664, "gradient_norm_mean": 14.666806640625, "gradient_norm_max": 35.54888916015625, "step_seconds": 0.2676937710493803, "innovation_std_sum": 82.35391794205516, "noise_marginal_std_sum": 113.59178844145096}
{"step": 50, "epoch": 1, "train_loss": 0.6045093994140625, "clip_fraction": 0.769, "gradient_norm_mean": 17.64496875, "gradient_norm_max": 46.46449279785156, "step_seconds": 0.26497011817991734, "innovation_std_sum": 82.35391794205516, "noise_marginal_std_sum": 113.59178844145096}
{"step": 60, "epoch": 1, "train_loss": 0.58087451171875, "clip_fraction": 0.695, "gradient_norm_mean": 20.9725703125, "gradient_norm_max": 65.43971252441406, "step_seconds": 0.2675777319818735, "innovation_std_sum": 82.35391794205516, "noise_marginal_std_sum": 113.59178844145096}
{"epoch": 1, "step": 62, "train_loss": 0.6420276971632435, "clip_fraction": 0.491258064516129, "epsilon": 1.5433263319653634, "accuracy": 0.6972477064220184, "validation_loss": 0.5709153096610253, "validation_examples": 872}
{"step": 70, "epoch": 2, "train_loss": 0.5822219848632812, "clip_fraction": 0.698, "gradient_norm_mean": 24.812615234375, "gradient_norm_max": 83.3179702758789, "step_seconds": 0.2686717286705971, "innovation_std_sum": 82.35391794205516, "noise_marginal_std_sum": 113.59178844145096}
{"step": 80, "epoch": 2, "train_loss": 0.5882632446289062, "clip_fraction": 0.678, "gradient_norm_mean": 28.82184765625, "gradient_norm_max": 110.73774719238281, "step_seconds": 0.2666054740548134, "innovation_std_sum": 82.35391794205516, "noise_marginal_std_sum": 113.59178844145096}
{"step": 90, "epoch": 2, "train_loss": 0.5854660034179687, "clip_fraction": 0.607, "gradient_norm_mean": 30.095640625, "gradient_norm_max": 134.212158203125, "step_seconds": 0.26747648417949677, "innovation_std_sum": 82.35391794205516, "noise_marginal_std_sum": 113.59178844145096}
{"step": 100, "epoch": 2, "train_loss": 0.6017149658203125, "clip_fraction": 0.61, "gradient_norm_mean": 34.441828125, "gradient_norm_max": 159.80291748046875, "step_seconds": 0.2671195976436138, "innovation_std_sum": 82.35391794205516, "noise_marginal_std_sum": 113.59178844145096}
{"step": 110, "epoch": 2, "train_loss": 0.5843404541015625, "clip_fraction": 0.584, "gradient_norm_mean": 37.17715625, "gradient_norm_max": 194.79444885253906, "step_seconds": 0.26757547818124294, "innovation_std_sum": 82.35391794205516, "noise_marginal_std_sum": 113.59178844145096}
{"step": 120, "epoch": 2, "train_loss": 0.6265462646484375, "clip_fraction": 0.556, "gradient_norm_mean": 39.0305078125, "gradient_norm_max": 188.47250366210938, "step_seconds": 0.26896679401397705, "innovation_std_sum": 82.35391794205516, "noise_marginal_std_sum": 113.59178844145096}
{"epoch": 2, "step": 124, "train_loss": 0.5934681573683216, "clip_fraction": 0.6265645161290323, "epsilon": 2.334704889281947, "accuracy": 0.7350917431192661, "validation_loss": 0.6902366778172484, "validation_examples": 872}
{"step": 130, "epoch": 3, "train_loss": 0.6129360961914062, "clip_fraction": 0.53, "gradient_norm_mean": 39.90563671875, "gradient_norm_max": 231.79005432128906, "step_seconds": 0.2683587558567524, "innovation_std_sum": 82.35391794205516, "noise_marginal_std_sum": 113.59178844145096}
{"step": 140, "epoch": 3, "train_loss": 0.6749238891601562, "clip_fraction": 0.526, "gradient_norm_mean": 41.18873828125, "gradient_norm_max": 220.88092041015625, "step_seconds": 0.26758405938744545, "innovation_std_sum": 82.35391794205516, "noise_marginal_std_sum": 113.59178844145096}
{"step": 150, "epoch": 3, "train_loss": 0.6619204711914063, "clip_fraction": 0.524, "gradient_norm_mean": 43.86090234375, "gradient_norm_max": 261.85479736328125, "step_seconds": 0.2679887246340513, "innovation_std_sum": 82.35391794205516, "noise_marginal_std_sum": 113.59178844145096}
{"step": 160, "epoch": 3, "train_loss": 0.642545654296875, "clip_fraction": 0.503, "gradient_norm_mean": 43.41867578125, "gradient_norm_max": 251.40760803222656, "step_seconds": 0.26783409900963306, "innovation_std_sum": 82.35391794205516, "noise_marginal_std_sum": 113.59178844145096}
{"step": 170, "epoch": 3, "train_loss": 0.6832136840820312, "clip_fraction": 0.5, "gradient_norm_mean": 44.1469453125, "gradient_norm_max": 246.3939666748047, "step_seconds": 0.2722641546279192, "innovation_std_sum": 82.35391794205516, "noise_marginal_std_sum": 113.59178844145096}
{"step": 180, "epoch": 3, "train_loss": 0.6434202270507813, "clip_fraction": 0.498, "gradient_norm_mean": 43.57476953125, "gradient_norm_max": 273.9554748535156, "step_seconds": 0.27138421311974525, "innovation_std_sum": 82.35391794205516, "noise_marginal_std_sum": 113.59178844145096}
{"epoch": 3, "step": 186, "train_loss": 0.6400008308656754, "clip_fraction": 0.4983225806451613, "epsilon": 2.963950102283805, "accuracy": 0.7603211009174312, "validation_loss": 0.7592284570046521, "validation_examples": 872}
{"step": 190, "epoch": 4, "train_loss": 0.6785894775390625, "clip_fraction": 0.447, "gradient_norm_mean": 41.908015625, "gradient_norm_max": 264.149658203125, "step_seconds": 0.2697144113481045, "innovation_std_sum": 82.35391794205516, "noise_marginal_std_sum": 113.59178844145096}
{"step": 200, "epoch": 4, "train_loss": 0.6486709594726563, "clip_fraction": 0.466, "gradient_norm_mean": 44.0377890625, "gradient_norm_max": 280.0492248535156, "step_seconds": 0.25610671751201153, "innovation_std_sum": 82.35391794205516, "noise_marginal_std_sum": 113.59178844145096}
{"step": 210, "epoch": 4, "train_loss": 0.6453731689453125, "clip_fraction": 0.458, "gradient_norm_mean": 43.61508984375, "gradient_norm_max": 265.88482666015625, "step_seconds": 0.27061378210783005, "innovation_std_sum": 82.35391794205516, "noise_marginal_std_sum": 113.59178844145096}
{"step": 220, "epoch": 4, "train_loss": 0.614477294921875, "clip_fraction": 0.446, "gradient_norm_mean": 42.7604296875, "gradient_norm_max": 246.62503051757812, "step_seconds": 0.27116054482758045, "innovation_std_sum": 82.35391794205516, "noise_marginal_std_sum": 113.59178844145096}
{"step": 230, "epoch": 4, "train_loss": 0.6477791748046875, "clip_fraction": 0.43, "gradient_norm_mean": 41.895921875, "gradient_norm_max": 305.3850402832031, "step_seconds": 0.27314029447734356, "innovation_std_sum": 82.35391794205516, "noise_marginal_std_sum": 113.59178844145096}
{"step": 240, "epoch": 4, "train_loss": 0.6639739990234375, "clip_fraction": 0.472, "gradient_norm_mean": 46.010328125, "gradient_norm_max": 276.36712646484375, "step_seconds": 0.27232732996344566, "innovation_std_sum": 82.35391794205516, "noise_marginal_std_sum": 113.59178844145096}
{"epoch": 4, "step": 248, "train_loss": 0.6397215044575353, "clip_fraction": 0.4511774193548387, "epsilon": 3.508825226192087, "accuracy": 0.7649082568807339, "validation_loss": 0.7632729372846971, "validation_examples": 872}
{"step": 250, "epoch": 5, "train_loss": 0.6316700439453125, "clip_fraction": 0.452, "gradient_norm_mean": 42.2966796875, "gradient_norm_max": 346.5699462890625, "step_seconds": 0.2367320917546749, "innovation_std_sum": 82.35391794205516, "noise_marginal_std_sum": 113.59178844145096}
{"step": 260, "epoch": 5, "train_loss": 0.6986305541992187, "clip_fraction": 0.438, "gradient_norm_mean": 43.2005078125, "gradient_norm_max": 273.15972900390625, "step_seconds": 0.2727045565843582, "innovation_std_sum": 82.35391794205516, "noise_marginal_std_sum": 113.59178844145096}
{"step": 270, "epoch": 5, "train_loss": 0.69338916015625, "clip_fraction": 0.454, "gradient_norm_mean": 46.2692265625, "gradient_norm_max": 308.0920715332031, "step_seconds": 0.27501053735613823, "innovation_std_sum": 82.35391794205516, "noise_marginal_std_sum": 113.59178844145096}
{"step": 280, "epoch": 5, "train_loss": 0.6018823852539062, "clip_fraction": 0.441, "gradient_norm_mean": 43.11968359375, "gradient_norm_max": 308.4269714355469, "step_seconds": 0.27413357608020306, "innovation_std_sum": 82.35391794205516, "noise_marginal_std_sum": 113.59178844145096}
{"step": 290, "epoch": 5, "train_loss": 0.5593907470703126, "clip_fraction": 0.418, "gradient_norm_mean": 40.79876171875, "gradient_norm_max": 278.3063049316406, "step_seconds": 0.2694589626044035, "innovation_std_sum": 82.35391794205516, "noise_marginal_std_sum": 113.59178844145096}
{"step": 300, "epoch": 5, "train_loss": 0.5494112548828125, "clip_fraction": 0.408, "gradient_norm_mean": 37.63765625, "gradient_norm_max": 273.9377746582031, "step_seconds": 0.2680561523884535, "innovation_std_sum": 82.35391794205516, "noise_marginal_std_sum": 113.59178844145096}
{"step": 310, "epoch": 5, "train_loss": 0.625637451171875, "clip_fraction": 0.439, "gradient_norm_mean": 44.2554375, "gradient_norm_max": 303.0976867675781, "step_seconds": 0.26875365525484085, "innovation_std_sum": 82.35391794205516, "noise_marginal_std_sum": 113.59178844145096}
{"epoch": 5, "step": 310, "train_loss": 0.6160958330708165, "clip_fraction": 0.42838709677419357, "epsilon": 3.9999999999999716, "accuracy": 0.7672018348623854, "validation_loss": 0.7589788699368818, "validation_examples": 872}
