Loading weights:   0%|          | 0/39 [00:00<?, ?it/s]Loading weights: 100%|██████████| 39/39 [00:00<00:00, 19020.68it/s]
[transformers] [1mBertModel LOAD REPORT[0m from: /media/data/data/lt/dp-adam-correlated/cache/bert-tiny
Key                                        | Status     |  | 
-------------------------------------------+------------+--+-
cls.predictions.bias                       | UNEXPECTED |  | 
cls.predictions.decoder.bias               | UNEXPECTED |  | 
cls.predictions.transform.LayerNorm.weight | UNEXPECTED |  | 
cls.predictions.transform.dense.bias       | UNEXPECTED |  | 
cls.predictions.decoder.weight             | UNEXPECTED |  | 
cls.seq_relationship.bias                  | UNEXPECTED |  | 
cls.predictions.transform.LayerNorm.bias   | UNEXPECTED |  | 
cls.seq_relationship.weight                | UNEXPECTED |  | 
cls.predictions.transform.dense.weight     | UNEXPECTED |  | 

Notes:
- UNEXPECTED:	can be ignored when loading from different task/architecture; not ok if you expect identical arch.
sys:1: UserWarning: Full backward hook is firing when gradients are computed with respect to module outputs since no inputs require gradients. See https://docs.pytorch.org/docs/main/generated/torch.nn.Module.html#torch.nn.Module.register_full_backward_hook for more details.
{"step": 10, "epoch": 1, "train_loss": 0.6714590454101562, "clip_fraction": 0.0, "gradient_norm_mean": 7.8563076171875, "gradient_norm_max": 11.71298885345459, "step_seconds": 0.26862334460020065, "innovation_std_sum": 113.57391789117393, "noise_marginal_std_sum": 127.96768265998892}
{"step": 20, "epoch": 1, "train_loss": 0.6617053833007812, "clip_fraction": 0.0, "gradient_norm_mean": 9.27201171875, "gradient_norm_max": 15.23619556427002, "step_seconds": 0.2644986789673567, "innovation_std_sum": 113.57391789117393, "noise_marginal_std_sum": 127.96768265998892}
{"step": 30, "epoch": 1, "train_loss": 0.6425213012695312, "clip_fraction": 0.0, "gradient_norm_mean": 11.291369140625, "gradient_norm_max": 19.19367790222168, "step_seconds": 0.27006921730935574, "innovation_std_sum": 113.57391789117393, "noise_marginal_std_sum": 127.96768265998892}
{"step": 40, "epoch": 1, "train_loss": 0.6227647705078125, "clip_fraction": 0.036, "gradient_norm_mean": 12.95176953125, "gradient_norm_max": 24.473281860351562, "step_seconds": 0.2698485963046551, "innovation_std_sum": 113.57391789117393, "noise_marginal_std_sum": 127.96768265998892}
{"step": 50, "epoch": 1, "train_loss": 0.6075978393554687, "clip_fraction": 0.165, "gradient_norm_mean": 14.453974609375, "gradient_norm_max": 31.508390426635742, "step_seconds": 0.27176531590521336, "innovation_std_sum": 113.57391789117393, "noise_marginal_std_sum": 127.96768265998892}
{"step": 60, "epoch": 1, "train_loss": 0.5650811157226563, "clip_fraction": 0.33, "gradient_norm_mean": 16.332109375, "gradient_norm_max": 38.602195739746094, "step_seconds": 0.2711612246930599, "innovation_std_sum": 113.57391789117393, "noise_marginal_std_sum": 127.96768265998892}
{"epoch": 1, "step": 62, "train_loss": 0.6370114125897808, "clip_fraction": 0.07259677419354839, "epsilon": 0.8225143388537287, "accuracy": 0.6961009174311926, "validation_loss": 0.5721367521023532, "validation_examples": 872}
{"step": 70, "epoch": 2, "train_loss": 0.5644414672851562, "clip_fraction": 0.463, "gradient_norm_mean": 19.50864453125, "gradient_norm_max": 53.98653030395508, "step_seconds": 0.2706369124352932, "innovation_std_sum": 113.57391789117393, "noise_marginal_std_sum": 127.96768265998892}
{"step": 80, "epoch": 2, "train_loss": 0.5582200927734375, "clip_fraction": 0.507, "gradient_norm_mean": 22.8941171875, "gradient_norm_max": 71.4783706665039, "step_seconds": 0.2736134771257639, "innovation_std_sum": 113.57391789117393, "noise_marginal_std_sum": 127.96768265998892}
{"step": 90, "epoch": 2, "train_loss": 0.54109130859375, "clip_fraction": 0.468, "gradient_norm_mean": 24.22472265625, "gradient_norm_max": 81.94932556152344, "step_seconds": 0.2746159043163061, "innovation_std_sum": 113.57391789117393, "noise_marginal_std_sum": 127.96768265998892}
{"step": 100, "epoch": 2, "train_loss": 0.55358935546875, "clip_fraction": 0.506, "gradient_norm_mean": 27.47696484375, "gradient_norm_max": 104.40025329589844, "step_seconds": 0.2746942602097988, "innovation_std_sum": 113.57391789117393, "noise_marginal_std_sum": 127.96768265998892}
{"step": 110, "epoch": 2, "train_loss": 0.5379818115234375, "clip_fraction": 0.492, "gradient_norm_mean": 29.632240234375, "gradient_norm_max": 129.28033447265625, "step_seconds": 0.2744777873158455, "innovation_std_sum": 113.57391789117393, "noise_marginal_std_sum": 127.96768265998892}
{"step": 120, "epoch": 2, "train_loss": 0.5494163208007813, "clip_fraction": 0.465, "gradient_norm_mean": 30.7986953125, "gradient_norm_max": 145.43450927734375, "step_seconds": 0.27474442310631275, "innovation_std_sum": 113.57391789117393, "noise_marginal_std_sum": 127.96768265998892}
{"epoch": 2, "step": 124, "train_loss": 0.5549179923765121, "clip_fraction": 0.477758064516129, "epsilon": 1.2034712805138874, "accuracy": 0.7282110091743119, "validation_loss": 0.6093054867665703, "validation_examples": 872}
{"step": 130, "epoch": 3, "train_loss": 0.5415333251953125, "clip_fraction": 0.447, "gradient_norm_mean": 30.96347265625, "gradient_norm_max": 143.71005249023438, "step_seconds": 0.27187554351985455, "innovation_std_sum": 113.57391789117393, "noise_marginal_std_sum": 127.96768265998892}
{"step": 140, "epoch": 3, "train_loss": 0.606024658203125, "clip_fraction": 0.453, "gradient_norm_mean": 32.01719921875, "gradient_norm_max": 152.9236602783203, "step_seconds": 0.2724365070462227, "innovation_std_sum": 113.57391789117393, "noise_marginal_std_sum": 127.96768265998892}
{"step": 150, "epoch": 3, "train_loss": 0.582757080078125, "clip_fraction": 0.456, "gradient_norm_mean": 33.612890625, "gradient_norm_max": 212.99415588378906, "step_seconds": 0.2727653458714485, "innovation_std_sum": 113.57391789117393, "noise_marginal_std_sum": 127.96768265998892}
{"step": 160, "epoch": 3, "train_loss": 0.550901123046875, "clip_fraction": 0.448, "gradient_norm_mean": 32.35596875, "gradient_norm_max": 163.50161743164062, "step_seconds": 0.2720254585146904, "innovation_std_sum": 113.57391789117393, "noise_marginal_std_sum": 127.96768265998892}
{"step": 170, "epoch": 3, "train_loss": 0.5808416137695313, "clip_fraction": 0.448, "gradient_norm_mean": 33.431375, "gradient_norm_max": 170.4454345703125, "step_seconds": 0.27184591442346573, "innovation_std_sum": 113.57391789117393, "noise_marginal_std_sum": 127.96768265998892}
{"step": 180, "epoch": 3, "train_loss": 0.5603599853515625, "clip_fraction": 0.432, "gradient_norm_mean": 32.396515625, "gradient_norm_max": 176.40951538085938, "step_seconds": 0.2710964009165764, "innovation_std_sum": 113.57391789117393, "noise_marginal_std_sum": 127.96768265998892}
{"epoch": 3, "step": 186, "train_loss": 0.5631727285077495, "clip_fraction": 0.44320967741935485, "epsilon": 1.5055272783178328, "accuracy": 0.7534403669724771, "validation_loss": 0.6173028333471455, "validation_examples": 872}
{"step": 190, "epoch": 4, "train_loss": 0.5994682006835937, "clip_fraction": 0.417, "gradient_norm_mean": 33.25056640625, "gradient_norm_max": 166.6407928466797, "step_seconds": 0.272272065281868, "innovation_std_sum": 113.57391789117393, "noise_marginal_std_sum": 127.96768265998892}
{"step": 200, "epoch": 4, "train_loss": 0.576188232421875, "clip_fraction": 0.419, "gradient_norm_mean": 33.223515625, "gradient_norm_max": 165.85667419433594, "step_seconds": 0.2726184241473675, "innovation_std_sum": 113.57391789117393, "noise_marginal_std_sum": 127.96768265998892}
{"step": 210, "epoch": 4, "train_loss": 0.5739500732421875, "clip_fraction": 0.421, "gradient_norm_mean": 34.78046484375, "gradient_norm_max": 187.56971740722656, "step_seconds": 0.27014716155827045, "innovation_std_sum": 113.57391789117393, "noise_marginal_std_sum": 127.96768265998892}
{"step": 220, "epoch": 4, "train_loss": 0.575592529296875, "clip_fraction": 0.416, "gradient_norm_mean": 33.18661328125, "gradient_norm_max": 188.5487060546875, "step_seconds": 0.2719353586435318, "innovation_std_sum": 113.57391789117393, "noise_marginal_std_sum": 127.96768265998892}
{"step": 230, "epoch": 4, "train_loss": 0.5327689208984375, "clip_fraction": 0.385, "gradient_norm_mean": 31.4826796875, "gradient_norm_max": 171.40855407714844, "step_seconds": 0.2735332939773798, "innovation_std_sum": 113.57391789117393, "noise_marginal_std_sum": 127.96768265998892}
{"step": 240, "epoch": 4, "train_loss": 0.555504150390625, "clip_fraction": 0.414, "gradient_norm_mean": 33.3706640625, "gradient_norm_max": 181.93524169921875, "step_seconds": 0.16106949001550674, "innovation_std_sum": 113.57391789117393, "noise_marginal_std_sum": 127.96768265998892}
{"epoch": 4, "step": 248, "train_loss": 0.5551949541645665, "clip_fraction": 0.41303225806451616, "epsilon": 1.7661340803270051, "accuracy": 0.7580275229357798, "validation_loss": 0.5981503757861776, "validation_examples": 872}
{"step": 250, "epoch": 5, "train_loss": 0.5444437866210937, "clip_fraction": 0.409, "gradient_norm_mean": 32.10921484375, "gradient_norm_max": 197.18519592285156, "step_seconds": 0.22269161976873875, "innovation_std_sum": 113.57391789117393, "noise_marginal_std_sum": 127.96768265998892}
{"step": 260, "epoch": 5, "train_loss": 0.6039078979492187, "clip_fraction": 0.411, "gradient_norm_mean": 32.75362890625, "gradient_norm_max": 176.6846466064453, "step_seconds": 0.2723341416567564, "innovation_std_sum": 113.57391789117393, "noise_marginal_std_sum": 127.96768265998892}
{"step": 270, "epoch": 5, "train_loss": 0.5764696044921875, "clip_fraction": 0.401, "gradient_norm_mean": 34.03144140625, "gradient_norm_max": 187.87948608398438, "step_seconds": 0.272601718083024, "innovation_std_sum": 113.57391789117393, "noise_marginal_std_sum": 127.96768265998892}
{"step": 280, "epoch": 5, "train_loss": 0.5175218505859375, "clip_fraction": 0.406, "gradient_norm_mean": 33.4033359375, "gradient_norm_max": 188.86993408203125, "step_seconds": 0.2722946424037218, "innovation_std_sum": 113.57391789117393, "noise_marginal_std_sum": 127.96768265998892}
{"step": 290, "epoch": 5, "train_loss": 0.5023816528320313, "clip_fraction": 0.391, "gradient_norm_mean": 31.676419921875, "gradient_norm_max": 205.3328857421875, "step_seconds": 0.27260269597172737, "innovation_std_sum": 113.57391789117393, "noise_marginal_std_sum": 127.96768265998892}
{"step": 300, "epoch": 5, "train_loss": 0.49015997314453125, "clip_fraction": 0.348, "gradient_norm_mean": 29.4778515625, "gradient_norm_max": 190.98402404785156, "step_seconds": 0.2725789938122034, "innovation_std_sum": 113.57391789117393, "noise_marginal_std_sum": 127.96768265998892}
{"step": 310, "epoch": 5, "train_loss": 0.55813720703125, "clip_fraction": 0.407, "gradient_norm_mean": 33.645609375, "gradient_norm_max": 190.62179565429688, "step_seconds": 0.13252726383507252, "innovation_std_sum": 113.57391789117393, "noise_marginal_std_sum": 127.96768265998892}
{"epoch": 5, "step": 310, "train_loss": 0.5374076670985068, "clip_fraction": 0.3916774193548387, "epsilon": 2.0000000000008775, "accuracy": 0.7626146788990825, "validation_loss": 0.6133954546867161, "validation_examples": 872}
