/home/longt29/miniconda3/envs/curve/lib/python3.11/site-packages/torchvision/datasets/cifar.py:83: VisibleDeprecationWarning: dtype(): align should be passed as Python or NumPy boolean but got `align=0`. Did you mean to pass a tuple to create a subarray type? (Deprecated NumPy 2.4)
  entry = pickle.load(f, encoding="latin1")
sys:1: UserWarning: Full backward hook is firing when gradients are computed with respect to module outputs since no inputs require gradients. See https://docs.pytorch.org/docs/main/generated/torch.nn.Module.html#torch.nn.Module.register_full_backward_hook for more details.
{"step": 10, "epoch": 1, "train_loss": 4.764087524414062, "clip_fraction": 0.0, "gradient_norm_mean": 67.0769609375, "gradient_norm_max": 162.66653442382812, "step_seconds": 2.1898612156510353, "innovation_std_sum": 960.5354058391272, "noise_marginal_std_sum": 1324.878491966481}
{"step": 20, "epoch": 1, "train_loss": 4.635235229492188, "clip_fraction": 0.0, "gradient_norm_mean": 56.252130859375, "gradient_norm_max": 110.08021545410156, "step_seconds": 2.194938352331519, "innovation_std_sum": 960.5354058391272, "noise_marginal_std_sum": 1324.878491966481}
{"step": 30, "epoch": 1, "train_loss": 4.584060791015625, "clip_fraction": 0.0, "gradient_norm_mean": 53.7208408203125, "gradient_norm_max": 106.44890594482422, "step_seconds": 2.2034780979156494, "innovation_std_sum": 960.5354058391272, "noise_marginal_std_sum": 1324.878491966481}
{"step": 40, "epoch": 1, "train_loss": 4.519985229492187, "clip_fraction": 0.0, "gradient_norm_mean": 53.5796416015625, "gradient_norm_max": 105.38764953613281, "step_seconds": 2.2040723990648985, "innovation_std_sum": 960.5354058391272, "noise_marginal_std_sum": 1324.878491966481}
{"epoch": 1, "step": 45, "train_loss": 4.64459752875434, "clip_fraction": 4.4444444444444447e-05, "epsilon": 2.805247463992718, "accuracy": 0.0344, "validation_loss": 4.4150099853515625, "validation_examples": 5000}
{"step": 50, "epoch": 2, "train_loss": 4.42594287109375, "clip_fraction": 0.0, "gradient_norm_mean": 54.8911669921875, "gradient_norm_max": 129.28260803222656, "step_seconds": 2.176814988255501, "innovation_std_sum": 960.5354058391272, "noise_marginal_std_sum": 1324.878491966481}
{"step": 60, "epoch": 2, "train_loss": 4.362113891601562, "clip_fraction": 0.0, "gradient_norm_mean": 57.4578896484375, "gradient_norm_max": 124.22769927978516, "step_seconds": 2.1911788657307625, "innovation_std_sum": 960.5354058391272, "noise_marginal_std_sum": 1324.878491966481}
{"step": 70, "epoch": 2, "train_loss": 4.249974975585937, "clip_fraction": 0.0, "gradient_norm_mean": 60.09116015625, "gradient_norm_max": 108.43401336669922, "step_seconds": 2.189588410779834, "innovation_std_sum": 960.5354058391272, "noise_marginal_std_sum": 1324.878491966481}
{"step": 80, "epoch": 2, "train_loss": 4.229375122070312, "clip_fraction": 0.0, "gradient_norm_mean": 63.5879833984375, "gradient_norm_max": 130.89151000976562, "step_seconds": 2.180561363697052, "innovation_std_sum": 960.5354058391272, "noise_marginal_std_sum": 1324.878491966481}
{"step": 90, "epoch": 2, "train_loss": 4.15901708984375, "clip_fraction": 0.0, "gradient_norm_mean": 70.25875390625, "gradient_norm_max": 145.3450164794922, "step_seconds": 2.188602117821574, "innovation_std_sum": 960.5354058391272, "noise_marginal_std_sum": 1324.878491966481}
{"epoch": 2, "step": 90, "train_loss": 4.2971103325737845, "clip_fraction": 0.0, "epsilon": 4.447471925552444, "accuracy": 0.0956, "validation_loss": 4.031903503417968, "validation_examples": 5000}
{"step": 100, "epoch": 3, "train_loss": 4.030446594238281, "clip_fraction": 0.0, "gradient_norm_mean": 75.306701171875, "gradient_norm_max": 149.00856018066406, "step_seconds": 2.1834357362240553, "innovation_std_sum": 960.5354058391272, "noise_marginal_std_sum": 1324.878491966481}
{"step": 110, "epoch": 3, "train_loss": 3.9195833129882813, "clip_fraction": 0.0, "gradient_norm_mean": 80.70763671875, "gradient_norm_max": 158.08743286132812, "step_seconds": 2.1916155237704515, "innovation_std_sum": 960.5354058391272, "noise_marginal_std_sum": 1324.878491966481}
{"step": 120, "epoch": 3, "train_loss": 3.8428243408203127, "clip_fraction": 0.001, "gradient_norm_mean": 85.986677734375, "gradient_norm_max": 204.63638305664062, "step_seconds": 2.1881522089242935, "innovation_std_sum": 960.5354058391272, "noise_marginal_std_sum": 1324.878491966481}
{"step": 130, "epoch": 3, "train_loss": 3.7090684814453123, "clip_fraction": 0.002, "gradient_norm_mean": 89.089650390625, "gradient_norm_max": 212.17486572265625, "step_seconds": 2.1992584727704525, "innovation_std_sum": 960.5354058391272, "noise_marginal_std_sum": 1324.878491966481}
{"epoch": 3, "step": 135, "train_loss": 3.879784878200955, "clip_fraction": 0.00046666666666666666, "epsilon": 5.779485746307642, "accuracy": 0.2082, "validation_loss": 3.4528378662109374, "validation_examples": 5000}
{"step": 140, "epoch": 4, "train_loss": 3.5377201538085936, "clip_fraction": 0.002, "gradient_norm_mean": 92.546263671875, "gradient_norm_max": 215.70530700683594, "step_seconds": 2.183550663292408, "innovation_std_sum": 960.5354058391272, "noise_marginal_std_sum": 1324.878491966481}
{"step": 150, "epoch": 4, "train_loss": 3.454781982421875, "clip_fraction": 0.002, "gradient_norm_mean": 98.33265234375, "gradient_norm_max": 233.32208251953125, "step_seconds": 2.1878142934292555, "innovation_std_sum": 960.5354058391272, "noise_marginal_std_sum": 1324.878491966481}
{"step": 160, "epoch": 4, "train_loss": 3.334645568847656, "clip_fraction": 0.006, "gradient_norm_mean": 100.58129296875, "gradient_norm_max": 232.99017333984375, "step_seconds": 2.1955202482640743, "innovation_std_sum": 960.5354058391272, "noise_marginal_std_sum": 1324.878491966481}
{"step": 170, "epoch": 4, "train_loss": 3.208316162109375, "clip_fraction": 0.005, "gradient_norm_mean": 101.81364453125, "gradient_norm_max": 242.69619750976562, "step_seconds": 2.1917221266776323, "innovation_std_sum": 960.5354058391272, "noise_marginal_std_sum": 1324.878491966481}
{"step": 180, "epoch": 4, "train_loss": 3.1332093505859375, "clip_fraction": 0.012, "gradient_norm_mean": 104.1551015625, "gradient_norm_max": 271.80035400390625, "step_seconds": 2.1918408200144768, "innovation_std_sum": 960.5354058391272, "noise_marginal_std_sum": 1324.878491966481}
{"epoch": 4, "step": 180, "train_loss": 3.354780334472656, "clip_fraction": 0.004422222222222222, "epsilon": 6.943065470652319, "accuracy": 0.335, "validation_loss": 2.8437574340820313, "validation_examples": 5000}
{"step": 190, "epoch": 5, "train_loss": 2.995023498535156, "clip_fraction": 0.013, "gradient_norm_mean": 106.43651171875, "gradient_norm_max": 359.1573181152344, "step_seconds": 2.176810221746564, "innovation_std_sum": 960.5354058391272, "noise_marginal_std_sum": 1324.878491966481}
{"step": 200, "epoch": 5, "train_loss": 2.923651550292969, "clip_fraction": 0.023, "gradient_norm_mean": 109.00437890625, "gradient_norm_max": 259.11187744140625, "step_seconds": 2.199481528252363, "innovation_std_sum": 960.5354058391272, "noise_marginal_std_sum": 1324.878491966481}
{"step": 210, "epoch": 5, "train_loss": 2.848052429199219, "clip_fraction": 0.022, "gradient_norm_mean": 108.50505859375, "gradient_norm_max": 291.51190185546875, "step_seconds": 2.1902025267481804, "innovation_std_sum": 960.5354058391272, "noise_marginal_std_sum": 1324.878491966481}
{"step": 220, "epoch": 5, "train_loss": 2.727720031738281, "clip_fraction": 0.029, "gradient_norm_mean": 109.45630859375, "gradient_norm_max": 390.519775390625, "step_seconds": 2.2076502181589603, "innovation_std_sum": 960.5354058391272, "noise_marginal_std_sum": 1324.878491966481}
{"epoch": 5, "step": 225, "train_loss": 2.872905377875434, "clip_fraction": 0.01911111111111111, "epsilon": 8.000000000000005, "accuracy": 0.4328, "validation_loss": 2.3567625122070313, "validation_examples": 5000}
