Loading weights:   0%|          | 0/39 [00:00<?, ?it/s]Loading weights: 100%|██████████| 39/39 [00:00<00:00, 15330.63it/s]
[transformers] [1mBertModel LOAD REPORT[0m from: /media/data/data/lt/dp-adam-correlated/cache/bert-tiny
Key                                        | Status     |  | 
-------------------------------------------+------------+--+-
cls.predictions.transform.LayerNorm.bias   | UNEXPECTED |  | 
cls.predictions.transform.dense.bias       | UNEXPECTED |  | 
cls.predictions.bias                       | UNEXPECTED |  | 
cls.predictions.decoder.weight             | UNEXPECTED |  | 
cls.predictions.decoder.bias               | UNEXPECTED |  | 
cls.predictions.transform.dense.weight     | UNEXPECTED |  | 
cls.seq_relationship.bias                  | UNEXPECTED |  | 
cls.predictions.transform.LayerNorm.weight | UNEXPECTED |  | 
cls.seq_relationship.weight                | UNEXPECTED |  | 

Notes:
- UNEXPECTED:	can be ignored when loading from different task/architecture; not ok if you expect identical arch.
sys:1: UserWarning: Full backward hook is firing when gradients are computed with respect to module outputs since no inputs require gradients. See https://docs.pytorch.org/docs/main/generated/torch.nn.Module.html#torch.nn.Module.register_full_backward_hook for more details.
{"step": 10, "epoch": 1, "train_loss": 0.689033447265625, "clip_fraction": 0.271, "gradient_norm_mean": 7.8274404296875, "gradient_norm_max": 13.562353134155273, "step_seconds": 0.26471186615526676, "innovation_std_sum": 25.113722579427673, "noise_marginal_std_sum": 29.33162184778228}
{"step": 20, "epoch": 1, "train_loss": 0.6455997314453125, "clip_fraction": 0.567, "gradient_norm_mean": 10.866724609375, "gradient_norm_max": 25.36754035949707, "step_seconds": 0.26814079470932484, "innovation_std_sum": 25.113722579427673, "noise_marginal_std_sum": 29.33162184778228}
{"step": 30, "epoch": 1, "train_loss": 0.5911505126953125, "clip_fraction": 0.708, "gradient_norm_mean": 16.689787109375, "gradient_norm_max": 44.91799545288086, "step_seconds": 0.2660179156810045, "innovation_std_sum": 25.113722579427673, "noise_marginal_std_sum": 29.33162184778228}
{"step": 40, "epoch": 1, "train_loss": 0.6197293701171875, "clip_fraction": 0.673, "gradient_norm_mean": 24.005212890625, "gradient_norm_max": 88.93930053710938, "step_seconds": 0.2670288309454918, "innovation_std_sum": 25.113722579427673, "noise_marginal_std_sum": 29.33162184778228}
{"step": 50, "epoch": 1, "train_loss": 0.6425303344726563, "clip_fraction": 0.579, "gradient_norm_mean": 30.79373828125, "gradient_norm_max": 175.00636291503906, "step_seconds": 0.2547616846859455, "innovation_std_sum": 25.113722579427673, "noise_marginal_std_sum": 29.33162184778228}
{"step": 60, "epoch": 1, "train_loss": 0.6402138671875, "clip_fraction": 0.542, "gradient_norm_mean": 35.94840625, "gradient_norm_max": 282.9818420410156, "step_seconds": 0.26650061644613743, "innovation_std_sum": 25.113722579427673, "noise_marginal_std_sum": 29.33162184778228}
{"epoch": 1, "step": 62, "train_loss": 0.6278832072596396, "clip_fraction": 0.47833870967741937, "epsilon": 3.054089440266451, "accuracy": 0.7457468685735652, "validation_loss": 0.6749357571889807, "validation_examples": 5349}
{"step": 70, "epoch": 2, "train_loss": 0.6464884033203125, "clip_fraction": 0.488, "gradient_norm_mean": 39.195171875, "gradient_norm_max": 282.7731018066406, "step_seconds": 0.25477947667241096, "innovation_std_sum": 25.113722579427673, "noise_marginal_std_sum": 29.33162184778228}
{"step": 80, "epoch": 2, "train_loss": 0.6896889038085937, "clip_fraction": 0.477, "gradient_norm_mean": 41.9217578125, "gradient_norm_max": 251.93374633789062, "step_seconds": 0.2674873396754265, "innovation_std_sum": 25.113722579427673, "noise_marginal_std_sum": 29.33162184778228}
{"step": 90, "epoch": 2, "train_loss": 0.6386568603515625, "clip_fraction": 0.432, "gradient_norm_mean": 37.04991015625, "gradient_norm_max": 286.4878845214844, "step_seconds": 0.2697630897164345, "innovation_std_sum": 25.113722579427673, "noise_marginal_std_sum": 29.33162184778228}
{"step": 100, "epoch": 2, "train_loss": 0.6550935668945312, "clip_fraction": 0.419, "gradient_norm_mean": 38.1166953125, "gradient_norm_max": 348.1928405761719, "step_seconds": 0.2672666795551777, "innovation_std_sum": 25.113722579427673, "noise_marginal_std_sum": 29.33162184778228}
{"step": 110, "epoch": 2, "train_loss": 0.58988623046875, "clip_fraction": 0.406, "gradient_norm_mean": 36.42119140625, "gradient_norm_max": 297.9315490722656, "step_seconds": 0.27227331325411797, "innovation_std_sum": 25.113722579427673, "noise_marginal_std_sum": 29.33162184778228}
{"step": 120, "epoch": 2, "train_loss": 0.5579343872070313, "clip_fraction": 0.402, "gradient_norm_mean": 37.2137109375, "gradient_norm_max": 460.57183837890625, "step_seconds": 0.2705794367939234, "innovation_std_sum": 25.113722579427673, "noise_marginal_std_sum": 29.33162184778228}
{"epoch": 2, "step": 124, "train_loss": 0.630149895452684, "clip_fraction": 0.44264516129032255, "epsilon": 4.610238743691153, "accuracy": 0.7865021499345672, "validation_loss": 0.6217531178193263, "validation_examples": 5349}
{"step": 130, "epoch": 3, "train_loss": 0.5737891845703125, "clip_fraction": 0.395, "gradient_norm_mean": 36.953390625, "gradient_norm_max": 336.9806213378906, "step_seconds": 0.25738605856895447, "innovation_std_sum": 25.113722579427673, "noise_marginal_std_sum": 29.33162184778228}
{"step": 140, "epoch": 3, "train_loss": 0.5914788818359376, "clip_fraction": 0.402, "gradient_norm_mean": 41.212359375, "gradient_norm_max": 362.12725830078125, "step_seconds": 0.26788789965212345, "innovation_std_sum": 25.113722579427673, "noise_marginal_std_sum": 29.33162184778228}
{"step": 150, "epoch": 3, "train_loss": 0.62779541015625, "clip_fraction": 0.394, "gradient_norm_mean": 36.2775390625, "gradient_norm_max": 342.2971496582031, "step_seconds": 0.2722147051244974, "innovation_std_sum": 25.113722579427673, "noise_marginal_std_sum": 29.33162184778228}
{"step": 160, "epoch": 3, "train_loss": 0.6204837036132812, "clip_fraction": 0.387, "gradient_norm_mean": 36.7696640625, "gradient_norm_max": 428.54461669921875, "step_seconds": 0.27192672342061996, "innovation_std_sum": 25.113722579427673, "noise_marginal_std_sum": 29.33162184778228}
{"step": 170, "epoch": 3, "train_loss": 0.6005913696289062, "clip_fraction": 0.377, "gradient_norm_mean": 36.45690625, "gradient_norm_max": 366.7997741699219, "step_seconds": 0.26254427060484886, "innovation_std_sum": 25.113722579427673, "noise_marginal_std_sum": 29.33162184778228}
{"step": 180, "epoch": 3, "train_loss": 0.5944625854492187, "clip_fraction": 0.374, "gradient_norm_mean": 37.53678125, "gradient_norm_max": 400.41546630859375, "step_seconds": 0.2688414826989174, "innovation_std_sum": 25.113722579427673, "noise_marginal_std_sum": 29.33162184778228}
{"epoch": 3, "step": 186, "train_loss": 0.5857073083692982, "clip_fraction": 0.3816290322580645, "epsilon": 5.873890881586911, "accuracy": 0.802953823144513, "validation_loss": 0.5677931438452464, "validation_examples": 5349}
{"step": 190, "epoch": 4, "train_loss": 0.4864942016601562, "clip_fraction": 0.366, "gradient_norm_mean": 36.2115625, "gradient_norm_max": 471.1612548828125, "step_seconds": 0.1595030091702938, "innovation_std_sum": 25.113722579427673, "noise_marginal_std_sum": 29.33162184778228}
{"step": 200, "epoch": 4, "train_loss": 0.5836746826171875, "clip_fraction": 0.374, "gradient_norm_mean": 38.9323984375, "gradient_norm_max": 443.710693359375, "step_seconds": 0.27036068215966225, "innovation_std_sum": 25.113722579427673, "noise_marginal_std_sum": 29.33162184778228}
{"step": 210, "epoch": 4, "train_loss": 0.5725847778320312, "clip_fraction": 0.368, "gradient_norm_mean": 38.1630234375, "gradient_norm_max": 464.66986083984375, "step_seconds": 0.2733056955039501, "innovation_std_sum": 25.113722579427673, "noise_marginal_std_sum": 29.33162184778228}
{"step": 220, "epoch": 4, "train_loss": 0.5531474609375, "clip_fraction": 0.339, "gradient_norm_mean": 32.397671875, "gradient_norm_max": 485.6519470214844, "step_seconds": 0.2701350972056389, "innovation_std_sum": 25.113722579427673, "noise_marginal_std_sum": 29.33162184778228}
{"step": 230, "epoch": 4, "train_loss": 0.5422268676757812, "clip_fraction": 0.352, "gradient_norm_mean": 37.6023125, "gradient_norm_max": 505.2572326660156, "step_seconds": 0.27073414623737335, "innovation_std_sum": 25.113722579427673, "noise_marginal_std_sum": 29.33162184778228}
{"step": 240, "epoch": 4, "train_loss": 0.5642318725585938, "clip_fraction": 0.336, "gradient_norm_mean": 38.13026171875, "gradient_norm_max": 487.2943420410156, "step_seconds": 0.26773182302713394, "innovation_std_sum": 25.113722579427673, "noise_marginal_std_sum": 29.33162184778228}
{"epoch": 4, "step": 248, "train_loss": 0.5463224792480469, "clip_fraction": 0.3434032258064516, "epsilon": 6.985551657770655, "accuracy": 0.8124883155730043, "validation_loss": 0.5551295662889036, "validation_examples": 5349}
{"step": 250, "epoch": 5, "train_loss": 0.5803385009765625, "clip_fraction": 0.313, "gradient_norm_mean": 33.5760859375, "gradient_norm_max": 559.1093139648438, "step_seconds": 0.17726715095341206, "innovation_std_sum": 25.113722579427673, "noise_marginal_std_sum": 29.33162184778228}
{"step": 260, "epoch": 5, "train_loss": 0.5314047241210937, "clip_fraction": 0.309, "gradient_norm_mean": 35.28845703125, "gradient_norm_max": 541.3758544921875, "step_seconds": 0.2587003968656063, "innovation_std_sum": 25.113722579427673, "noise_marginal_std_sum": 29.33162184778228}
{"step": 270, "epoch": 5, "train_loss": 0.512959716796875, "clip_fraction": 0.321, "gradient_norm_mean": 30.29555078125, "gradient_norm_max": 416.1312561035156, "step_seconds": 0.2677721604704857, "innovation_std_sum": 25.113722579427673, "noise_marginal_std_sum": 29.33162184778228}
{"step": 280, "epoch": 5, "train_loss": 0.49247967529296877, "clip_fraction": 0.327, "gradient_norm_mean": 34.0464140625, "gradient_norm_max": 569.9218139648438, "step_seconds": 0.2730829678475857, "innovation_std_sum": 25.113722579427673, "noise_marginal_std_sum": 29.33162184778228}
{"step": 290, "epoch": 5, "train_loss": 0.492907958984375, "clip_fraction": 0.296, "gradient_norm_mean": 30.473029296875, "gradient_norm_max": 507.5063781738281, "step_seconds": 0.271398589015007, "innovation_std_sum": 25.113722579427673, "noise_marginal_std_sum": 29.33162184778228}
{"step": 300, "epoch": 5, "train_loss": 0.4941300964355469, "clip_fraction": 0.295, "gradient_norm_mean": 31.23452734375, "gradient_norm_max": 522.1773681640625, "step_seconds": 0.27214118279516697, "innovation_std_sum": 25.113722579427673, "noise_marginal_std_sum": 29.33162184778228}
{"step": 310, "epoch": 5, "train_loss": 0.5574991455078125, "clip_fraction": 0.322, "gradient_norm_mean": 30.5155234375, "gradient_norm_max": 463.7946472167969, "step_seconds": 0.2674203533679247, "innovation_std_sum": 25.113722579427673, "noise_marginal_std_sum": 29.33162184778228}
{"epoch": 5, "step": 310, "train_loss": 0.5234895733248803, "clip_fraction": 0.3143225806451613, "epsilon": 8.000000000000005, "accuracy": 0.8197793980183212, "validation_loss": 0.5216207794885498, "validation_examples": 5349}
