/home/longt29/miniconda3/envs/curve/lib/python3.11/site-packages/torchvision/datasets/cifar.py:83: VisibleDeprecationWarning: dtype(): align should be passed as Python or NumPy boolean but got `align=0`. Did you mean to pass a tuple to create a subarray type? (Deprecated NumPy 2.4)
  entry = pickle.load(f, encoding="latin1")
sys:1: UserWarning: Full backward hook is firing when gradients are computed with respect to module outputs since no inputs require gradients. See https://docs.pytorch.org/docs/main/generated/torch.nn.Module.html#torch.nn.Module.register_full_backward_hook for more details.
{"step": 10, "epoch": 1, "train_loss": 4.440864013671875, "clip_fraction": 1.0, "gradient_norm_mean": 51.593224609375, "gradient_norm_max": 114.5871810913086, "step_seconds": 2.0966467428952456, "innovation_std_sum": 141.40348896567355, "noise_marginal_std_sum": 195.03959987396559}
{"step": 20, "epoch": 1, "train_loss": 4.080600524902343, "clip_fraction": 1.0, "gradient_norm_mean": 67.903931640625, "gradient_norm_max": 180.2084197998047, "step_seconds": 2.098963860422373, "innovation_std_sum": 141.40348896567355, "noise_marginal_std_sum": 195.03959987396559}
{"step": 30, "epoch": 1, "train_loss": 3.7059690551757813, "clip_fraction": 1.0, "gradient_norm_mean": 94.14137109375, "gradient_norm_max": 280.2688903808594, "step_seconds": 2.114867927506566, "innovation_std_sum": 141.40348896567355, "noise_marginal_std_sum": 195.03959987396559}
{"step": 40, "epoch": 1, "train_loss": 3.27036962890625, "clip_fraction": 1.0, "gradient_norm_mean": 104.721751953125, "gradient_norm_max": 265.1694641113281, "step_seconds": 2.1256344337016344, "innovation_std_sum": 141.40348896567355, "noise_marginal_std_sum": 195.03959987396559}
{"step": 50, "epoch": 1, "train_loss": 3.00160986328125, "clip_fraction": 0.996, "gradient_norm_mean": 111.277884765625, "gradient_norm_max": 343.2679443359375, "step_seconds": 2.12461269646883, "innovation_std_sum": 141.40348896567355, "noise_marginal_std_sum": 195.03959987396559}
{"epoch": 1, "step": 50, "train_loss": 3.8641445239257814, "clip_fraction": 0.99952, "epsilon": 2.8734263506543494, "accuracy": 0.3462, "validation_loss": 2.641840789794922, "validation_examples": 10000}
{"step": 60, "epoch": 2, "train_loss": 2.6651707763671877, "clip_fraction": 0.98, "gradient_norm_mean": 112.956552734375, "gradient_norm_max": 348.3267517089844, "step_seconds": 2.114651832729578, "innovation_std_sum": 141.40348896567355, "noise_marginal_std_sum": 195.03959987396559}
{"step": 70, "epoch": 2, "train_loss": 2.5359326171875, "clip_fraction": 0.974, "gradient_norm_mean": 114.601359375, "gradient_norm_max": 570.0428466796875, "step_seconds": 2.1367977764457464, "innovation_std_sum": 141.40348896567355, "noise_marginal_std_sum": 195.03959987396559}
{"step": 80, "epoch": 2, "train_loss": 2.37939208984375, "clip_fraction": 0.946, "gradient_norm_mean": 115.097982421875, "gradient_norm_max": 427.1825866699219, "step_seconds": 2.1428652442991734, "innovation_std_sum": 141.40348896567355, "noise_marginal_std_sum": 195.03959987396559}
{"step": 90, "epoch": 2, "train_loss": 2.134868469238281, "clip_fraction": 0.937, "gradient_norm_mean": 115.16413671875, "gradient_norm_max": 487.024169921875, "step_seconds": 2.1653918847441673, "innovation_std_sum": 141.40348896567355, "noise_marginal_std_sum": 195.03959987396559}
{"step": 100, "epoch": 2, "train_loss": 2.116324523925781, "clip_fraction": 0.898, "gradient_norm_mean": 111.564765625, "gradient_norm_max": 473.0043029785156, "step_seconds": 2.1887936759740114, "innovation_std_sum": 141.40348896567355, "noise_marginal_std_sum": 195.03959987396559}
{"epoch": 2, "step": 100, "train_loss": 2.4276553021240233, "clip_fraction": 0.95546, "epsilon": 4.494876969944211, "accuracy": 0.5589, "validation_loss": 1.6445819396972656, "validation_examples": 10000}
{"step": 110, "epoch": 3, "train_loss": 1.9722621765136719, "clip_fraction": 0.885, "gradient_norm_mean": 112.445876953125, "gradient_norm_max": 824.8980102539062, "step_seconds": 2.146351618692279, "innovation_std_sum": 141.40348896567355, "noise_marginal_std_sum": 195.03959987396559}
{"step": 120, "epoch": 3, "train_loss": 1.8420984802246094, "clip_fraction": 0.867, "gradient_norm_mean": 112.26416015625, "gradient_norm_max": 535.91943359375, "step_seconds": 2.148859540000558, "innovation_std_sum": 141.40348896567355, "noise_marginal_std_sum": 195.03959987396559}
{"step": 130, "epoch": 3, "train_loss": 1.9029453125, "clip_fraction": 0.867, "gradient_norm_mean": 116.40446875, "gradient_norm_max": 498.2366943359375, "step_seconds": 2.150900909677148, "innovation_std_sum": 141.40348896567355, "noise_marginal_std_sum": 195.03959987396559}
{"step": 140, "epoch": 3, "train_loss": 1.8116129150390625, "clip_fraction": 0.852, "gradient_norm_mean": 115.621365234375, "gradient_norm_max": 412.4767150878906, "step_seconds": 2.192602425813675, "innovation_std_sum": 141.40348896567355, "noise_marginal_std_sum": 195.03959987396559}
{"step": 150, "epoch": 3, "train_loss": 1.8038345642089844, "clip_fraction": 0.812, "gradient_norm_mean": 111.522609375, "gradient_norm_max": 593.3972778320312, "step_seconds": 2.174557626247406, "innovation_std_sum": 141.40348896567355, "noise_marginal_std_sum": 195.03959987396559}
{"epoch": 3, "step": 150, "train_loss": 1.8847711566162109, "clip_fraction": 0.86052, "epsilon": 5.807351225535705, "accuracy": 0.6489, "validation_loss": 1.2478134582519531, "validation_examples": 10000}
{"step": 160, "epoch": 4, "train_loss": 1.719336181640625, "clip_fraction": 0.797, "gradient_norm_mean": 113.7075, "gradient_norm_max": 706.4439697265625, "step_seconds": 2.1304312963038683, "innovation_std_sum": 141.40348896567355, "noise_marginal_std_sum": 195.03959987396559}
{"step": 170, "epoch": 4, "train_loss": 1.6499869995117187, "clip_fraction": 0.782, "gradient_norm_mean": 114.7812734375, "gradient_norm_max": 849.24169921875, "step_seconds": 2.147721018642187, "innovation_std_sum": 141.40348896567355, "noise_marginal_std_sum": 195.03959987396559}
{"step": 180, "epoch": 4, "train_loss": 1.6710535278320313, "clip_fraction": 0.804, "gradient_norm_mean": 114.635462890625, "gradient_norm_max": 678.5101318359375, "step_seconds": 2.1757186371833086, "innovation_std_sum": 141.40348896567355, "noise_marginal_std_sum": 195.03959987396559}
{"step": 190, "epoch": 4, "train_loss": 1.702369140625, "clip_fraction": 0.761, "gradient_norm_mean": 112.020439453125, "gradient_norm_max": 453.2464294433594, "step_seconds": 2.195485934615135, "innovation_std_sum": 141.40348896567355, "noise_marginal_std_sum": 195.03959987396559}
{"step": 200, "epoch": 4, "train_loss": 1.6222119140625, "clip_fraction": 0.75, "gradient_norm_mean": 111.526470703125, "gradient_norm_max": 788.1260986328125, "step_seconds": 2.1786890663206577, "innovation_std_sum": 141.40348896567355, "noise_marginal_std_sum": 195.03959987396559}
{"epoch": 4, "step": 200, "train_loss": 1.6345056036376953, "clip_fraction": 0.7838, "epsilon": 6.955627916806438, "accuracy": 0.7001, "validation_loss": 1.045770068359375, "validation_examples": 10000}
{"step": 210, "epoch": 5, "train_loss": 1.500087860107422, "clip_fraction": 0.739, "gradient_norm_mean": 108.260154296875, "gradient_norm_max": 553.0586547851562, "step_seconds": 2.1164651177823544, "innovation_std_sum": 141.40348896567355, "noise_marginal_std_sum": 195.03959987396559}
{"step": 220, "epoch": 5, "train_loss": 1.4989374084472655, "clip_fraction": 0.753, "gradient_norm_mean": 113.145908203125, "gradient_norm_max": 638.2581176757812, "step_seconds": 2.1187634468078613, "innovation_std_sum": 141.40348896567355, "noise_marginal_std_sum": 195.03959987396559}
{"step": 230, "epoch": 5, "train_loss": 1.4728912658691407, "clip_fraction": 0.736, "gradient_norm_mean": 111.23941015625, "gradient_norm_max": 577.7908325195312, "step_seconds": 2.2004624232649803, "innovation_std_sum": 141.40348896567355, "noise_marginal_std_sum": 195.03959987396559}
{"step": 240, "epoch": 5, "train_loss": 1.5066459350585937, "clip_fraction": 0.711, "gradient_norm_mean": 112.485310546875, "gradient_norm_max": 706.64013671875, "step_seconds": 2.197332398965955, "innovation_std_sum": 141.40348896567355, "noise_marginal_std_sum": 195.03959987396559}
{"step": 250, "epoch": 5, "train_loss": 1.501388916015625, "clip_fraction": 0.703, "gradient_norm_mean": 111.6080390625, "gradient_norm_max": 683.68115234375, "step_seconds": 2.1871644407510757, "innovation_std_sum": 141.40348896567355, "noise_marginal_std_sum": 195.03959987396559}
{"epoch": 5, "step": 250, "train_loss": 1.489471600341797, "clip_fraction": 0.72702, "epsilon": 8.000000000000005, "accuracy": 0.7309, "validation_loss": 0.9265953750610352, "validation_examples": 10000}
