/home/longt29/miniconda3/envs/curve/lib/python3.11/site-packages/torchvision/datasets/cifar.py:83: VisibleDeprecationWarning: dtype(): align should be passed as Python or NumPy boolean but got `align=0`. Did you mean to pass a tuple to create a subarray type? (Deprecated NumPy 2.4)
  entry = pickle.load(f, encoding="latin1")
{"method": "dp-adam-momentum-bias-bandinvmf-scale", "smoke": false, "calibration": {"target_mu": 1.6660305978457184, "sensitivity": 4.065608121489227, "innovation_std_sum": 813.4320635620003, "adjacency": "add_remove_zero_out", "k": 5, "b_participation": 50, "sampling_amplification": false}, "coefficients": [1.0, -0.53161943769869, -0.0779998119461293, -0.2795535556950146]}
sys:1: UserWarning: Full backward hook is firing when gradients are computed with respect to module outputs since no inputs require gradients. See https://docs.pytorch.org/docs/main/generated/torch.nn.Module.html#torch.nn.Module.register_full_backward_hook for more details.
{"progress_step": 10, "epoch": 1, "train_loss_so_far": 4.570907067871094, "clip_fraction_so_far": 1.0}
{"progress_step": 20, "epoch": 1, "train_loss_so_far": 4.183587442016601, "clip_fraction_so_far": 0.9997}
{"progress_step": 30, "epoch": 1, "train_loss_so_far": 3.806053192138672, "clip_fraction_so_far": 0.9953333333333333}
{"progress_step": 40, "epoch": 1, "train_loss_so_far": 3.5001970443725585, "clip_fraction_so_far": 0.983375}
{"progress_step": 50, "epoch": 1, "train_loss_so_far": 3.2506626489257813, "clip_fraction_so_far": 0.96628}
{"epoch": 1, "logical_steps": 50, "train_examples": 50000, "train_loss": 3.2506626489257813, "test_loss": 1.669550180053711, "test_top1": 0.5463, "clip_fraction": 0.96628, "gdp_mu": 0.7271304784322895, "gdp_epsilon": 3.037976902428692, "target_mu": 1.6660305978457184, "target_epsilon": 8.0, "delta": 1e-05, "noise_std": 0.9510038037810006, "noise_std_space": "scaled", "innovation_std_sum": 813.4320635620003, "augmentation_trace_sha256": "d63da21bdb0b5208efde32fe6efd500a1dd8422cf2de8538c5d20df0af3afa1c", "seconds": 138.5113180000335}
{"progress_step": 60, "epoch": 2, "train_loss_so_far": 2.0175490814208983, "clip_fraction_so_far": 0.8492}
{"progress_step": 70, "epoch": 2, "train_loss_so_far": 1.9601203308105468, "clip_fraction_so_far": 0.8278}
{"progress_step": 80, "epoch": 2, "train_loss_so_far": 1.8945165690104167, "clip_fraction_so_far": 0.8070333333333334}
{"progress_step": 90, "epoch": 2, "train_loss_so_far": 1.8482867660522462, "clip_fraction_so_far": 0.787775}
{"progress_step": 100, "epoch": 2, "train_loss_so_far": 1.7982590490722656, "clip_fraction_so_far": 0.77166}
{"epoch": 2, "logical_steps": 100, "train_examples": 50000, "train_loss": 1.7982590490722656, "test_loss": 1.0809657012939453, "test_top1": 0.6822, "clip_fraction": 0.77166, "gdp_mu": 1.0438331619280494, "gdp_epsilon": 4.600416946348178, "target_mu": 1.6660305978457184, "target_epsilon": 8.0, "delta": 1e-05, "noise_std": 0.9510038037810006, "noise_std_space": "scaled", "innovation_std_sum": 813.4320635620003, "augmentation_trace_sha256": "eba11842858511941e69682cb3174b7d5e6fd73ab7d8425892c6d4fc55cf418b", "seconds": 130.22651207633317}
{"progress_step": 110, "epoch": 3, "train_loss_so_far": 1.5676961303710937, "clip_fraction_so_far": 0.6856}
{"progress_step": 120, "epoch": 3, "train_loss_so_far": 1.554339517211914, "clip_fraction_so_far": 0.6762}
{"progress_step": 130, "epoch": 3, "train_loss_so_far": 1.5291172495524088, "clip_fraction_so_far": 0.6670666666666667}
{"progress_step": 140, "epoch": 3, "train_loss_so_far": 1.5192287788391112, "clip_fraction_so_far": 0.6594}
{"progress_step": 150, "epoch": 3, "train_loss_so_far": 1.5079671685791016, "clip_fraction_so_far": 0.65348}
{"epoch": 3, "logical_steps": 150, "train_examples": 50000, "train_loss": 1.5079671685791016, "test_loss": 0.9119720748901368, "test_top1": 0.7247, "clip_fraction": 0.65348, "gdp_mu": 1.2851399415460758, "gdp_epsilon": 5.868262919898993, "target_mu": 1.6660305978457184, "target_epsilon": 8.0, "delta": 1e-05, "noise_std": 0.9510038037810006, "noise_std_space": "scaled", "innovation_std_sum": 813.4320635620003, "augmentation_trace_sha256": "f4ab582ea37ff08d6c3ec209d5c76a6a59fcdd228971935ccfe60255636fc688", "seconds": 131.86992612294853}
{"progress_step": 160, "epoch": 4, "train_loss_so_far": 1.4264874114990234, "clip_fraction_so_far": 0.6126}
{"progress_step": 170, "epoch": 4, "train_loss_so_far": 1.415852522277832, "clip_fraction_so_far": 0.61035}
{"progress_step": 180, "epoch": 4, "train_loss_so_far": 1.3985616556803386, "clip_fraction_so_far": 0.6064666666666667}
{"progress_step": 190, "epoch": 4, "train_loss_so_far": 1.393095472717285, "clip_fraction_so_far": 0.603425}
{"progress_step": 200, "epoch": 4, "train_loss_so_far": 1.3870277954101562, "clip_fraction_so_far": 0.59948}
{"epoch": 4, "logical_steps": 200, "train_examples": 50000, "train_loss": 1.3870277954101562, "test_loss": 0.8351186660766602, "test_top1": 0.7466, "clip_fraction": 0.59948, "gdp_mu": 1.4878241288541525, "gdp_epsilon": 6.9830197665238485, "target_mu": 1.6660305978457184, "target_epsilon": 8.0, "delta": 1e-05, "noise_std": 0.9510038037810006, "noise_std_space": "scaled", "innovation_std_sum": 813.4320635620003, "augmentation_trace_sha256": "eeab75a2450d737b335b1b301c8415d8e4847a2415b1acc4f6665e5915aa923a", "seconds": 130.88727747648954}
{"progress_step": 210, "epoch": 5, "train_loss_so_far": 1.3610220153808594, "clip_fraction_so_far": 0.5748}
{"progress_step": 220, "epoch": 5, "train_loss_so_far": 1.3548849243164063, "clip_fraction_so_far": 0.5741}
{"progress_step": 230, "epoch": 5, "train_loss_so_far": 1.3424317810058595, "clip_fraction_so_far": 0.5726333333333333}
{"progress_step": 240, "epoch": 5, "train_loss_so_far": 1.346396467590332, "clip_fraction_so_far": 0.572175}
{"progress_step": 250, "epoch": 5, "train_loss_so_far": 1.3401550946044922, "clip_fraction_so_far": 0.56958}
{"epoch": 5, "logical_steps": 250, "train_examples": 50000, "train_loss": 1.3401550946044922, "test_loss": 0.8038958801269531, "test_top1": 0.7565, "clip_fraction": 0.56958, "gdp_mu": 1.6660305978457184, "gdp_epsilon": 8.000000000000005, "target_mu": 1.6660305978457184, "target_epsilon": 8.0, "delta": 1e-05, "noise_std": 0.9510038037810006, "noise_std_space": "scaled", "innovation_std_sum": 813.4320635620003, "augmentation_trace_sha256": "41f1cb58f0307df20ce87cfb313693105a3d89f587b34546eb06562652fb22c3", "seconds": 133.37602999061346}
{"status": "completed", "results": "/media/data/data/lt/dp-adam-correlated/exp7b/results/search/trials/f561d1584c2d0a85"}
