/home/longt29/miniconda3/envs/curve/lib/python3.11/site-packages/torchvision/datasets/cifar.py:83: VisibleDeprecationWarning: dtype(): align should be passed as Python or NumPy boolean but got `align=0`. Did you mean to pass a tuple to create a subarray type? (Deprecated NumPy 2.4)
  entry = pickle.load(f, encoding="latin1")
{"method": "dp-adam-momentum-bias-bandinvmf", "smoke": false, "calibration": {"target_mu": 1.6660305978457184, "sensitivity": 4.065608121489227, "innovation_std_sum": 7.320888572058002, "adjacency": "add_remove_zero_out", "k": 5, "b_participation": 50, "sampling_amplification": false}, "coefficients": [1.0, -0.53161943769869, -0.0779998119461293, -0.2795535556950146]}
sys:1: UserWarning: Full backward hook is firing when gradients are computed with respect to module outputs since no inputs require gradients. See https://docs.pytorch.org/docs/main/generated/torch.nn.Module.html#torch.nn.Module.register_full_backward_hook for more details.
{"progress_step": 10, "epoch": 1, "train_loss_so_far": 4.58304521484375, "clip_fraction_so_far": 1.0}
{"progress_step": 20, "epoch": 1, "train_loss_so_far": 4.203005899047851, "clip_fraction_so_far": 1.0}
{"progress_step": 30, "epoch": 1, "train_loss_so_far": 3.8405992818196615, "clip_fraction_so_far": 0.9999666666666667}
{"progress_step": 40, "epoch": 1, "train_loss_so_far": 3.5490522079467772, "clip_fraction_so_far": 0.999525}
{"progress_step": 50, "epoch": 1, "train_loss_so_far": 3.3120311364746096, "clip_fraction_so_far": 0.99872}
{"epoch": 1, "logical_steps": 50, "train_examples": 50000, "train_loss": 3.3120311364746096, "test_loss": 1.80599326171875, "test_top1": 0.5027, "clip_fraction": 0.99872, "gdp_mu": 0.7271304784322894, "gdp_epsilon": 3.037976902428691, "target_mu": 1.6660305978457184, "target_epsilon": 8.0, "delta": 1e-05, "noise_std": 0.008559034234029005, "noise_std_space": "gradient", "innovation_std_sum": 7.320888572058002, "augmentation_trace_sha256": "d63da21bdb0b5208efde32fe6efd500a1dd8422cf2de8538c5d20df0af3afa1c", "seconds": 149.53690746612847}
{"progress_step": 60, "epoch": 2, "train_loss_so_far": 2.1307858276367186, "clip_fraction_so_far": 0.9869}
{"progress_step": 70, "epoch": 2, "train_loss_so_far": 2.069828399658203, "clip_fraction_so_far": 0.9815}
{"progress_step": 80, "epoch": 2, "train_loss_so_far": 1.9972810424804688, "clip_fraction_so_far": 0.9716333333333333}
{"progress_step": 90, "epoch": 2, "train_loss_so_far": 1.949436678314209, "clip_fraction_so_far": 0.962775}
{"progress_step": 100, "epoch": 2, "train_loss_so_far": 1.8978626904296876, "clip_fraction_so_far": 0.9537}
{"epoch": 2, "logical_steps": 100, "train_examples": 50000, "train_loss": 1.8978626904296876, "test_loss": 1.1794792526245117, "test_top1": 0.6541, "clip_fraction": 0.9537, "gdp_mu": 1.0438331619280494, "gdp_epsilon": 4.600416946348178, "target_mu": 1.6660305978457184, "target_epsilon": 8.0, "delta": 1e-05, "noise_std": 0.008559034234029005, "noise_std_space": "gradient", "innovation_std_sum": 7.320888572058002, "augmentation_trace_sha256": "eba11842858511941e69682cb3174b7d5e6fd73ab7d8425892c6d4fc55cf418b", "seconds": 139.43191830441356}
{"progress_step": 110, "epoch": 3, "train_loss_so_far": 1.6510188354492188, "clip_fraction_so_far": 0.9045}
{"progress_step": 120, "epoch": 3, "train_loss_so_far": 1.6371678176879882, "clip_fraction_so_far": 0.89745}
{"progress_step": 130, "epoch": 3, "train_loss_so_far": 1.6052239562988282, "clip_fraction_so_far": 0.8885666666666666}
{"progress_step": 140, "epoch": 3, "train_loss_so_far": 1.5952581924438476, "clip_fraction_so_far": 0.88045}
{"progress_step": 150, "epoch": 3, "train_loss_so_far": 1.584085076904297, "clip_fraction_so_far": 0.87408}
{"epoch": 3, "logical_steps": 150, "train_examples": 50000, "train_loss": 1.584085076904297, "test_loss": 0.9664831100463868, "test_top1": 0.7095, "clip_fraction": 0.87408, "gdp_mu": 1.2851399415460758, "gdp_epsilon": 5.868262919898993, "target_mu": 1.6660305978457184, "target_epsilon": 8.0, "delta": 1e-05, "noise_std": 0.008559034234029005, "noise_std_space": "gradient", "innovation_std_sum": 7.320888572058002, "augmentation_trace_sha256": "f4ab582ea37ff08d6c3ec209d5c76a6a59fcdd228971935ccfe60255636fc688", "seconds": 140.73785704374313}
{"progress_step": 160, "epoch": 4, "train_loss_so_far": 1.5040983306884765, "clip_fraction_so_far": 0.8338}
{"progress_step": 170, "epoch": 4, "train_loss_so_far": 1.4903885330200195, "clip_fraction_so_far": 0.82835}
{"progress_step": 180, "epoch": 4, "train_loss_so_far": 1.473069839477539, "clip_fraction_so_far": 0.8208}
{"progress_step": 190, "epoch": 4, "train_loss_so_far": 1.4641796737670898, "clip_fraction_so_far": 0.8161}
{"progress_step": 200, "epoch": 4, "train_loss_so_far": 1.460327085571289, "clip_fraction_so_far": 0.81088}
{"epoch": 4, "logical_steps": 200, "train_examples": 50000, "train_loss": 1.460327085571289, "test_loss": 0.8865539871215821, "test_top1": 0.7394, "clip_fraction": 0.81088, "gdp_mu": 1.4878241288541525, "gdp_epsilon": 6.9830197665238485, "target_mu": 1.6660305978457184, "target_epsilon": 8.0, "delta": 1e-05, "noise_std": 0.008559034234029005, "noise_std_space": "gradient", "innovation_std_sum": 7.320888572058002, "augmentation_trace_sha256": "eeab75a2450d737b335b1b301c8415d8e4847a2415b1acc4f6665e5915aa923a", "seconds": 142.5391965340823}
{"progress_step": 210, "epoch": 5, "train_loss_so_far": 1.4428273132324219, "clip_fraction_so_far": 0.7791}
{"progress_step": 220, "epoch": 5, "train_loss_so_far": 1.4358942977905274, "clip_fraction_so_far": 0.7756}
{"progress_step": 230, "epoch": 5, "train_loss_so_far": 1.4175767008463542, "clip_fraction_so_far": 0.7708}
{"progress_step": 240, "epoch": 5, "train_loss_so_far": 1.419355926513672, "clip_fraction_so_far": 0.767925}
{"progress_step": 250, "epoch": 5, "train_loss_so_far": 1.4131967419433593, "clip_fraction_so_far": 0.7646}
{"epoch": 5, "logical_steps": 250, "train_examples": 50000, "train_loss": 1.4131967419433593, "test_loss": 0.8631678268432618, "test_top1": 0.7534, "clip_fraction": 0.7646, "gdp_mu": 1.6660305978457184, "gdp_epsilon": 8.000000000000005, "target_mu": 1.6660305978457184, "target_epsilon": 8.0, "delta": 1e-05, "noise_std": 0.008559034234029005, "noise_std_space": "gradient", "innovation_std_sum": 7.320888572058002, "augmentation_trace_sha256": "41f1cb58f0307df20ce87cfb313693105a3d89f587b34546eb06562652fb22c3", "seconds": 143.85743403434753}
{"status": "completed", "results": "/media/data/data/lt/dp-adam-correlated/exp7b/results/search/trials/3189d26fe1db3ff2"}
