/home/longt29/miniconda3/envs/curve/lib/python3.11/site-packages/torchvision/datasets/cifar.py:83: VisibleDeprecationWarning: dtype(): align should be passed as Python or NumPy boolean but got `align=0`. Did you mean to pass a tuple to create a subarray type? (Deprecated NumPy 2.4)
  entry = pickle.load(f, encoding="latin1")
sys:1: UserWarning: Full backward hook is firing when gradients are computed with respect to module outputs since no inputs require gradients. See https://docs.pytorch.org/docs/main/generated/torch.nn.Module.html#torch.nn.Module.register_full_backward_hook for more details.
{"step": 10, "epoch": 1, "train_loss": 4.316729248046875, "clip_fraction": 1.0, "gradient_norm_mean": 61.731861328125, "gradient_norm_max": 129.21585083007812, "step_seconds": 2.1166808996349573, "innovation_std_sum": 51.28650502540745, "noise_marginal_std_sum": 57.78628862764004}
{"step": 20, "epoch": 1, "train_loss": 3.533026306152344, "clip_fraction": 1.0, "gradient_norm_mean": 104.207361328125, "gradient_norm_max": 353.9061279296875, "step_seconds": 2.1191983334720135, "innovation_std_sum": 51.28650502540745, "noise_marginal_std_sum": 57.78628862764004}
{"step": 30, "epoch": 1, "train_loss": 3.032993103027344, "clip_fraction": 0.993, "gradient_norm_mean": 119.395224609375, "gradient_norm_max": 506.1567687988281, "step_seconds": 2.134135775268078, "innovation_std_sum": 51.28650502540745, "noise_marginal_std_sum": 57.78628862764004}
{"step": 40, "epoch": 1, "train_loss": 2.4309660034179688, "clip_fraction": 0.967, "gradient_norm_mean": 109.965166015625, "gradient_norm_max": 339.5910339355469, "step_seconds": 2.1519487276673317, "innovation_std_sum": 51.28650502540745, "noise_marginal_std_sum": 57.78628862764004}
{"step": 50, "epoch": 1, "train_loss": 2.3702457275390625, "clip_fraction": 0.95, "gradient_norm_mean": 118.237208984375, "gradient_norm_max": 497.5922546386719, "step_seconds": 2.1609110105782747, "innovation_std_sum": 51.28650502540745, "noise_marginal_std_sum": 57.78628862764004}
{"epoch": 1, "step": 50, "train_loss": 3.3813155920410156, "clip_fraction": 0.98754, "epsilon": 3.1232881288764163, "accuracy": 0.4972, "validation_loss": 1.8731488067626954, "validation_examples": 10000}
{"step": 60, "epoch": 2, "train_loss": 2.2662529296875, "clip_fraction": 0.908, "gradient_norm_mean": 122.913462890625, "gradient_norm_max": 548.61376953125, "step_seconds": 2.1065170038491488, "innovation_std_sum": 51.28650502540745, "noise_marginal_std_sum": 57.78628862764004}
{"step": 70, "epoch": 2, "train_loss": 1.9647114868164062, "clip_fraction": 0.886, "gradient_norm_mean": 121.3749375, "gradient_norm_max": 583.9320678710938, "step_seconds": 2.13835365511477, "innovation_std_sum": 51.28650502540745, "noise_marginal_std_sum": 57.78628862764004}
{"step": 80, "epoch": 2, "train_loss": 1.9369105224609375, "clip_fraction": 0.851, "gradient_norm_mean": 118.988142578125, "gradient_norm_max": 565.4041137695312, "step_seconds": 2.133787866681814, "innovation_std_sum": 51.28650502540745, "noise_marginal_std_sum": 57.78628862764004}
{"step": 90, "epoch": 2, "train_loss": 1.735314727783203, "clip_fraction": 0.812, "gradient_norm_mean": 112.7984921875, "gradient_norm_max": 618.1417236328125, "step_seconds": 2.1437946762889624, "innovation_std_sum": 51.28650502540745, "noise_marginal_std_sum": 57.78628862764004}
{"step": 100, "epoch": 2, "train_loss": 1.780150634765625, "clip_fraction": 0.816, "gradient_norm_mean": 120.702091796875, "gradient_norm_max": 593.8645629882812, "step_seconds": 2.168010851368308, "innovation_std_sum": 51.28650502540745, "noise_marginal_std_sum": 57.78628862764004}
{"epoch": 2, "step": 100, "train_loss": 1.9881812438964843, "clip_fraction": 0.87088, "epsilon": 4.6509185172252945, "accuracy": 0.6416, "validation_loss": 1.2671550384521484, "validation_examples": 10000}
{"step": 110, "epoch": 3, "train_loss": 1.8427129821777344, "clip_fraction": 0.828, "gradient_norm_mean": 124.11354296875, "gradient_norm_max": 516.8457641601562, "step_seconds": 2.1157461907714605, "innovation_std_sum": 51.28650502540745, "noise_marginal_std_sum": 57.78628862764004}
{"step": 120, "epoch": 3, "train_loss": 1.7403071899414062, "clip_fraction": 0.792, "gradient_norm_mean": 125.494107421875, "gradient_norm_max": 767.4974365234375, "step_seconds": 2.156204342842102, "innovation_std_sum": 51.28650502540745, "noise_marginal_std_sum": 57.78628862764004}
{"step": 130, "epoch": 3, "train_loss": 1.7418432006835938, "clip_fraction": 0.765, "gradient_norm_mean": 121.702908203125, "gradient_norm_max": 691.4750366210938, "step_seconds": 2.1453097239136696, "innovation_std_sum": 51.28650502540745, "noise_marginal_std_sum": 57.78628862764004}
{"step": 140, "epoch": 3, "train_loss": 1.5809366760253907, "clip_fraction": 0.737, "gradient_norm_mean": 115.82816796875, "gradient_norm_max": 577.3312377929688, "step_seconds": 2.380903460085392, "innovation_std_sum": 51.28650502540745, "noise_marginal_std_sum": 57.78628862764004}
{"step": 150, "epoch": 3, "train_loss": 1.635335693359375, "clip_fraction": 0.767, "gradient_norm_mean": 127.9234765625, "gradient_norm_max": 1198.6226806640625, "step_seconds": 2.170801728963852, "innovation_std_sum": 51.28650502540745, "noise_marginal_std_sum": 57.78628862764004}
{"epoch": 3, "step": 150, "train_loss": 1.7065704895019531, "clip_fraction": 0.78594, "epsilon": 5.89717066071296, "accuracy": 0.6763, "validation_loss": 1.0992220291137695, "validation_examples": 10000}
{"step": 160, "epoch": 4, "train_loss": 1.7026365966796875, "clip_fraction": 0.755, "gradient_norm_mean": 127.333875, "gradient_norm_max": 578.4974365234375, "step_seconds": 2.1097170431166887, "innovation_std_sum": 51.28650502540745, "noise_marginal_std_sum": 57.78628862764004}
{"step": 170, "epoch": 4, "train_loss": 1.628508026123047, "clip_fraction": 0.752, "gradient_norm_mean": 128.883318359375, "gradient_norm_max": 700.9120483398438, "step_seconds": 2.1370129957795143, "innovation_std_sum": 51.28650502540745, "noise_marginal_std_sum": 57.78628862764004}
{"step": 180, "epoch": 4, "train_loss": 1.6553573303222657, "clip_fraction": 0.737, "gradient_norm_mean": 129.74135546875, "gradient_norm_max": 646.891357421875, "step_seconds": 2.1437383219599724, "innovation_std_sum": 51.28650502540745, "noise_marginal_std_sum": 57.78628862764004}
{"step": 190, "epoch": 4, "train_loss": 1.5016526794433593, "clip_fraction": 0.713, "gradient_norm_mean": 122.0167265625, "gradient_norm_max": 715.3513793945312, "step_seconds": 2.1643115635961294, "innovation_std_sum": 51.28650502540745, "noise_marginal_std_sum": 57.78628862764004}
{"step": 200, "epoch": 4, "train_loss": 1.635582305908203, "clip_fraction": 0.738, "gradient_norm_mean": 132.6286875, "gradient_norm_max": 747.9220581054688, "step_seconds": 2.1754800342023373, "innovation_std_sum": 51.28650502540745, "noise_marginal_std_sum": 57.78628862764004}
{"epoch": 4, "step": 200, "train_loss": 1.620639345703125, "clip_fraction": 0.74428, "epsilon": 6.996032511238057, "accuracy": 0.6926, "validation_loss": 1.0392352630615234, "validation_examples": 10000}
{"step": 210, "epoch": 5, "train_loss": 1.7334090881347657, "clip_fraction": 0.741, "gradient_norm_mean": 135.53059765625, "gradient_norm_max": 801.8598022460938, "step_seconds": 2.1124313585460186, "innovation_std_sum": 51.28650502540745, "noise_marginal_std_sum": 57.78628862764004}
{"step": 220, "epoch": 5, "train_loss": 1.4994520263671876, "clip_fraction": 0.706, "gradient_norm_mean": 123.102677734375, "gradient_norm_max": 725.0288696289062, "step_seconds": 2.133972927927971, "innovation_std_sum": 51.28650502540745, "noise_marginal_std_sum": 57.78628862764004}
{"step": 230, "epoch": 5, "train_loss": 1.6439127502441406, "clip_fraction": 0.719, "gradient_norm_mean": 131.171849609375, "gradient_norm_max": 599.539794921875, "step_seconds": 2.152524396777153, "innovation_std_sum": 51.28650502540745, "noise_marginal_std_sum": 57.78628862764004}
{"step": 240, "epoch": 5, "train_loss": 1.5722273559570312, "clip_fraction": 0.704, "gradient_norm_mean": 128.30703515625, "gradient_norm_max": 736.2063598632812, "step_seconds": 2.1542255207896233, "innovation_std_sum": 51.28650502540745, "noise_marginal_std_sum": 57.78628862764004}
{"step": 250, "epoch": 5, "train_loss": 1.6010418395996093, "clip_fraction": 0.734, "gradient_norm_mean": 133.57683984375, "gradient_norm_max": 614.8134765625, "step_seconds": 2.1543721482157707, "innovation_std_sum": 51.28650502540745, "noise_marginal_std_sum": 57.78628862764004}
{"epoch": 5, "step": 250, "train_loss": 1.5930718463134765, "clip_fraction": 0.72284, "epsilon": 8.000000000000005, "accuracy": 0.6956, "validation_loss": 1.0364189483642579, "validation_examples": 10000}
