/home/longt29/miniconda3/envs/curve/lib/python3.11/site-packages/torchvision/datasets/cifar.py:83: VisibleDeprecationWarning: dtype(): align should be passed as Python or NumPy boolean but got `align=0`. Did you mean to pass a tuple to create a subarray type? (Deprecated NumPy 2.4)
  entry = pickle.load(f, encoding="latin1")
{"method": "dp-adam-sgd-bandinvmf-scale", "smoke": false, "calibration": {"target_mu": 1.6660305978457184, "sensitivity": 2.8481628876299, "innovation_std_sum": 170.95501675135813, "adjacency": "add_remove_zero_out", "k": 5, "b_participation": 50, "sampling_amplification": false}, "coefficients": [1.0, -0.5, -0.125, -0.0625]}
sys:1: UserWarning: Full backward hook is firing when gradients are computed with respect to module outputs since no inputs require gradients. See https://docs.pytorch.org/docs/main/generated/torch.nn.Module.html#torch.nn.Module.register_full_backward_hook for more details.
{"progress_step": 10, "epoch": 1, "train_loss_so_far": 4.782397839355469, "clip_fraction_so_far": 1.0}
{"progress_step": 20, "epoch": 1, "train_loss_so_far": 4.604997680664063, "clip_fraction_so_far": 1.0}
{"progress_step": 30, "epoch": 1, "train_loss_so_far": 4.4526297465006515, "clip_fraction_so_far": 1.0}
{"progress_step": 40, "epoch": 1, "train_loss_so_far": 4.295496165466308, "clip_fraction_so_far": 1.0}
{"progress_step": 50, "epoch": 1, "train_loss_so_far": 4.133017297363281, "clip_fraction_so_far": 1.0}
{"epoch": 1, "logical_steps": 50, "train_examples": 50000, "train_loss": 4.133017297363281, "test_loss": 3.1133819946289063, "test_top1": 0.2609, "clip_fraction": 1.0, "gdp_mu": 0.7450706133874357, "gdp_epsilon": 3.123288128876418, "target_mu": 1.6660305978457184, "target_epsilon": 8.0, "delta": 1e-05, "noise_std": 0.19262096209213342, "noise_std_space": "scaled", "innovation_std_sum": 170.95501675135813, "augmentation_trace_sha256": "d63da21bdb0b5208efde32fe6efd500a1dd8422cf2de8538c5d20df0af3afa1c", "seconds": 137.26898334547877}
{"progress_step": 60, "epoch": 2, "train_loss_so_far": 3.146685607910156, "clip_fraction_so_far": 1.0}
{"progress_step": 70, "epoch": 2, "train_loss_so_far": 3.0373591949462893, "clip_fraction_so_far": 0.9998}
{"progress_step": 80, "epoch": 2, "train_loss_so_far": 2.9202238362630206, "clip_fraction_so_far": 0.9987}
{"progress_step": 90, "epoch": 2, "train_loss_so_far": 2.821685919189453, "clip_fraction_so_far": 0.997625}
{"progress_step": 100, "epoch": 2, "train_loss_so_far": 2.7314335986328127, "clip_fraction_so_far": 0.99592}
{"epoch": 2, "logical_steps": 100, "train_examples": 50000, "train_loss": 2.7314335986328127, "test_loss": 1.9590601196289064, "test_top1": 0.5064, "clip_fraction": 0.99592, "gdp_mu": 1.0536897799813887, "gdp_epsilon": 4.650918517225292, "target_mu": 1.6660305978457184, "target_epsilon": 8.0, "delta": 1e-05, "noise_std": 0.19262096209213342, "noise_std_space": "scaled", "innovation_std_sum": 170.95501675135813, "augmentation_trace_sha256": "eba11842858511941e69682cb3174b7d5e6fd73ab7d8425892c6d4fc55cf418b", "seconds": 129.38731163926423}
{"progress_step": 110, "epoch": 3, "train_loss_so_far": 2.238554064941406, "clip_fraction_so_far": 0.9839}
{"progress_step": 120, "epoch": 3, "train_loss_so_far": 2.1931250854492186, "clip_fraction_so_far": 0.97955}
{"progress_step": 130, "epoch": 3, "train_loss_so_far": 2.1386930623372398, "clip_fraction_so_far": 0.9731666666666666}
{"progress_step": 140, "epoch": 3, "train_loss_so_far": 2.0999809951782225, "clip_fraction_so_far": 0.96805}
{"progress_step": 150, "epoch": 3, "train_loss_so_far": 2.0611715191650393, "clip_fraction_so_far": 0.96316}
{"epoch": 3, "logical_steps": 150, "train_examples": 50000, "train_loss": 2.0611715191650393, "test_loss": 1.4360599029541015, "test_top1": 0.6158, "clip_fraction": 0.96316, "gdp_mu": 1.2905014862231678, "gdp_epsilon": 5.897170660712958, "target_mu": 1.6660305978457184, "target_epsilon": 8.0, "delta": 1e-05, "noise_std": 0.19262096209213342, "noise_std_space": "scaled", "innovation_std_sum": 170.95501675135813, "augmentation_trace_sha256": "f4ab582ea37ff08d6c3ec209d5c76a6a59fcdd228971935ccfe60255636fc688", "seconds": 129.87743139266968}
{"progress_step": 160, "epoch": 4, "train_loss_so_far": 1.8377012390136718, "clip_fraction_so_far": 0.9271}
{"progress_step": 170, "epoch": 4, "train_loss_so_far": 1.8135119323730469, "clip_fraction_so_far": 0.9232}
{"progress_step": 180, "epoch": 4, "train_loss_so_far": 1.780695718383789, "clip_fraction_so_far": 0.9175}
{"progress_step": 190, "epoch": 4, "train_loss_so_far": 1.758390803527832, "clip_fraction_so_far": 0.912625}
{"progress_step": 200, "epoch": 4, "train_loss_so_far": 1.736973720703125, "clip_fraction_so_far": 0.90738}
{"epoch": 4, "logical_steps": 200, "train_examples": 50000, "train_loss": 1.736973720703125, "test_loss": 1.1592439575195312, "test_top1": 0.6757, "clip_fraction": 0.90738, "gdp_mu": 1.4901429526898362, "gdp_epsilon": 6.996032511238058, "target_mu": 1.6660305978457184, "target_epsilon": 8.0, "delta": 1e-05, "noise_std": 0.19262096209213342, "noise_std_space": "scaled", "innovation_std_sum": 170.95501675135813, "augmentation_trace_sha256": "eeab75a2450d737b335b1b301c8415d8e4847a2415b1acc4f6665e5915aa923a", "seconds": 129.97481820173562}
{"progress_step": 210, "epoch": 5, "train_loss_so_far": 1.6182736694335937, "clip_fraction_so_far": 0.8711}
{"progress_step": 220, "epoch": 5, "train_loss_so_far": 1.605803091430664, "clip_fraction_so_far": 0.8661}
{"progress_step": 230, "epoch": 5, "train_loss_so_far": 1.5844135538736979, "clip_fraction_so_far": 0.8597333333333333}
{"progress_step": 240, "epoch": 5, "train_loss_so_far": 1.5778668182373048, "clip_fraction_so_far": 0.855775}
{"progress_step": 250, "epoch": 5, "train_loss_so_far": 1.5633949053955079, "clip_fraction_so_far": 0.8522}
{"epoch": 5, "logical_steps": 250, "train_examples": 50000, "train_loss": 1.5633949053955079, "test_loss": 1.001005081176758, "test_top1": 0.7135, "clip_fraction": 0.8522, "gdp_mu": 1.6660305978457184, "gdp_epsilon": 8.000000000000005, "target_mu": 1.6660305978457184, "target_epsilon": 8.0, "delta": 1e-05, "noise_std": 0.19262096209213342, "noise_std_space": "scaled", "innovation_std_sum": 170.95501675135813, "augmentation_trace_sha256": "41f1cb58f0307df20ce87cfb313693105a3d89f587b34546eb06562652fb22c3", "seconds": 131.91521481238306}
{"status": "completed", "results": "/media/data/data/lt/dp-adam-correlated/exp7/results/trials/5b7f4e72bfe5b4f9"}
