/home/longt29/miniconda3/envs/curve/lib/python3.11/site-packages/torchvision/datasets/cifar.py:83: VisibleDeprecationWarning: dtype(): align should be passed as Python or NumPy boolean but got `align=0`. Did you mean to pass a tuple to create a subarray type? (Deprecated NumPy 2.4)
  entry = pickle.load(f, encoding="latin1")
sys:1: UserWarning: Full backward hook is firing when gradients are computed with respect to module outputs since no inputs require gradients. See https://docs.pytorch.org/docs/main/generated/torch.nn.Module.html#torch.nn.Module.register_full_backward_hook for more details.
{"step": 10, "epoch": 1, "train_loss": 4.22195947265625, "clip_fraction": 0.996, "gradient_norm_mean": 331.79553125, "gradient_norm_max": 700.8179931640625, "step_seconds": 2.0612936206161976, "innovation_std_sum": 481.51987677654046, "noise_marginal_std_sum": 563.3284436196507}
{"step": 20, "epoch": 1, "train_loss": 3.3633220825195314, "clip_fraction": 1.0, "gradient_norm_mean": 541.496984375, "gradient_norm_max": 1305.2425537109375, "step_seconds": 2.141348287463188, "innovation_std_sum": 481.51987677654046, "noise_marginal_std_sum": 563.3284436196507}
{"step": 30, "epoch": 1, "train_loss": 2.7606919555664065, "clip_fraction": 0.973, "gradient_norm_mean": 565.6245625, "gradient_norm_max": 1620.029052734375, "step_seconds": 2.185848830267787, "innovation_std_sum": 481.51987677654046, "noise_marginal_std_sum": 563.3284436196507}
{"step": 40, "epoch": 1, "train_loss": 2.42856494140625, "clip_fraction": 0.924, "gradient_norm_mean": 580.991859375, "gradient_norm_max": 2047.6842041015625, "step_seconds": 2.2102555967867374, "innovation_std_sum": 481.51987677654046, "noise_marginal_std_sum": 563.3284436196507}
{"epoch": 1, "step": 45, "train_loss": 3.3516581312391494, "clip_fraction": 0.9738888888888889, "epsilon": 3.0297011451528837, "accuracy": 0.5242, "validation_loss": 1.782613787841797, "validation_examples": 5000}
{"step": 50, "epoch": 2, "train_loss": 2.1291641845703126, "clip_fraction": 0.858, "gradient_norm_mean": 551.551140625, "gradient_norm_max": 2291.1796875, "step_seconds": 2.089210655540228, "innovation_std_sum": 481.51987677654046, "noise_marginal_std_sum": 563.3284436196507}
{"step": 60, "epoch": 2, "train_loss": 2.0319840393066406, "clip_fraction": 0.83, "gradient_norm_mean": 559.390515625, "gradient_norm_max": 2632.1005859375, "step_seconds": 2.1884208880364895, "innovation_std_sum": 481.51987677654046, "noise_marginal_std_sum": 563.3284436196507}
{"step": 70, "epoch": 2, "train_loss": 1.7972362365722656, "clip_fraction": 0.777, "gradient_norm_mean": 512.31065625, "gradient_norm_max": 2314.937255859375, "step_seconds": 2.2034516148269176, "innovation_std_sum": 481.51987677654046, "noise_marginal_std_sum": 563.3284436196507}
{"step": 80, "epoch": 2, "train_loss": 1.8199684143066406, "clip_fraction": 0.78, "gradient_norm_mean": 555.39828125, "gradient_norm_max": 3361.330810546875, "step_seconds": 2.2084494680166245, "innovation_std_sum": 481.51987677654046, "noise_marginal_std_sum": 563.3284436196507}
{"step": 90, "epoch": 2, "train_loss": 1.7005994873046875, "clip_fraction": 0.76, "gradient_norm_mean": 541.631765625, "gradient_norm_max": 3100.87744140625, "step_seconds": 2.1906957030296326, "innovation_std_sum": 481.51987677654046, "noise_marginal_std_sum": 563.3284436196507}
{"epoch": 2, "step": 90, "train_loss": 1.9050323459201388, "clip_fraction": 0.8104444444444444, "epsilon": 4.5953206372907065, "accuracy": 0.6692, "validation_loss": 1.15839892578125, "validation_examples": 5000}
{"step": 100, "epoch": 3, "train_loss": 1.5436674499511718, "clip_fraction": 0.736, "gradient_norm_mean": 514.524765625, "gradient_norm_max": 2706.987548828125, "step_seconds": 2.1466862000524998, "innovation_std_sum": 481.51987677654046, "noise_marginal_std_sum": 563.3284436196507}
{"step": 110, "epoch": 3, "train_loss": 1.5184744262695313, "clip_fraction": 0.712, "gradient_norm_mean": 520.1941796875, "gradient_norm_max": 3296.165771484375, "step_seconds": 2.204345814883709, "innovation_std_sum": 481.51987677654046, "noise_marginal_std_sum": 563.3284436196507}
{"step": 120, "epoch": 3, "train_loss": 1.472579833984375, "clip_fraction": 0.678, "gradient_norm_mean": 514.338765625, "gradient_norm_max": 4444.8125, "step_seconds": 2.232344564050436, "innovation_std_sum": 481.51987677654046, "noise_marginal_std_sum": 563.3284436196507}
{"step": 130, "epoch": 3, "train_loss": 1.4597969055175781, "clip_fraction": 0.672, "gradient_norm_mean": 516.815546875, "gradient_norm_max": 4814.4677734375, "step_seconds": 2.385710695758462, "innovation_std_sum": 481.51987677654046, "noise_marginal_std_sum": 563.3284436196507}
{"epoch": 3, "step": 135, "train_loss": 1.5581680582682291, "clip_fraction": 0.7006666666666667, "epsilon": 5.865340104265841, "accuracy": 0.7224, "validation_loss": 0.9505748321533203, "validation_examples": 5000}
{"step": 140, "epoch": 4, "train_loss": 1.5057525634765625, "clip_fraction": 0.648, "gradient_norm_mean": 506.5245625, "gradient_norm_max": 2984.122802734375, "step_seconds": 2.069920839741826, "innovation_std_sum": 481.51987677654046, "noise_marginal_std_sum": 563.3284436196507}
{"step": 150, "epoch": 4, "train_loss": 1.4530386657714844, "clip_fraction": 0.642, "gradient_norm_mean": 517.279859375, "gradient_norm_max": 3343.097412109375, "step_seconds": 2.1976150777190924, "innovation_std_sum": 481.51987677654046, "noise_marginal_std_sum": 563.3284436196507}
{"step": 160, "epoch": 4, "train_loss": 1.471552001953125, "clip_fraction": 0.651, "gradient_norm_mean": 513.25378125, "gradient_norm_max": 3032.57666015625, "step_seconds": 2.225058665499091, "innovation_std_sum": 481.51987677654046, "noise_marginal_std_sum": 563.3284436196507}
{"step": 170, "epoch": 4, "train_loss": 1.445697235107422, "clip_fraction": 0.629, "gradient_norm_mean": 498.8745234375, "gradient_norm_max": 3163.803466796875, "step_seconds": 2.231908280402422, "innovation_std_sum": 481.51987677654046, "noise_marginal_std_sum": 563.3284436196507}
{"step": 180, "epoch": 4, "train_loss": 1.3973543090820313, "clip_fraction": 0.626, "gradient_norm_mean": 505.68771875, "gradient_norm_max": 4101.4296875, "step_seconds": 2.188148908317089, "innovation_std_sum": 481.51987677654046, "noise_marginal_std_sum": 563.3284436196507}
{"epoch": 4, "step": 180, "train_loss": 1.4370902065700955, "clip_fraction": 0.6442, "epsilon": 6.9817050448149836, "accuracy": 0.744, "validation_loss": 0.8723002716064453, "validation_examples": 5000}
{"step": 190, "epoch": 5, "train_loss": 1.3271299743652343, "clip_fraction": 0.612, "gradient_norm_mean": 492.7783125, "gradient_norm_max": 2912.876220703125, "step_seconds": 2.1103089451789856, "innovation_std_sum": 481.51987677654046, "noise_marginal_std_sum": 563.3284436196507}
{"step": 200, "epoch": 5, "train_loss": 1.410885009765625, "clip_fraction": 0.632, "gradient_norm_mean": 516.43525, "gradient_norm_max": 2926.641357421875, "step_seconds": 2.1771837268024683, "innovation_std_sum": 481.51987677654046, "noise_marginal_std_sum": 563.3284436196507}
{"step": 210, "epoch": 5, "train_loss": 1.4444673156738281, "clip_fraction": 0.603, "gradient_norm_mean": 505.3284140625, "gradient_norm_max": 2750.80517578125, "step_seconds": 2.151232736185193, "innovation_std_sum": 481.51987677654046, "noise_marginal_std_sum": 563.3284436196507}
{"step": 220, "epoch": 5, "train_loss": 1.3679375, "clip_fraction": 0.632, "gradient_norm_mean": 533.278796875, "gradient_norm_max": 3483.033203125, "step_seconds": 2.193971060216427, "innovation_std_sum": 481.51987677654046, "noise_marginal_std_sum": 563.3284436196507}
{"epoch": 5, "step": 225, "train_loss": 1.3713072360568577, "clip_fraction": 0.6122222222222222, "epsilon": 8.000000000000005, "accuracy": 0.7556, "validation_loss": 0.8367162780761719, "validation_examples": 5000}
