/home/longt29/miniconda3/envs/curve/lib/python3.11/site-packages/torchvision/datasets/cifar.py:83: VisibleDeprecationWarning: dtype(): align should be passed as Python or NumPy boolean but got `align=0`. Did you mean to pass a tuple to create a subarray type? (Deprecated NumPy 2.4)
  entry = pickle.load(f, encoding="latin1")
sys:1: UserWarning: Full backward hook is firing when gradients are computed with respect to module outputs since no inputs require gradients. See https://docs.pytorch.org/docs/main/generated/torch.nn.Module.html#torch.nn.Module.register_full_backward_hook for more details.
{"step": 10, "epoch": 1, "train_loss": 4.371788452148437, "clip_fraction": 1.0, "gradient_norm_mean": 594.54928125, "gradient_norm_max": 1222.593994140625, "step_seconds": 2.0129453744739294, "innovation_std_sum": 481.51987677654046, "noise_marginal_std_sum": 563.3284436196507}
{"step": 20, "epoch": 1, "train_loss": 3.75758984375, "clip_fraction": 1.0, "gradient_norm_mean": 860.14221875, "gradient_norm_max": 1968.5606689453125, "step_seconds": 1.9965298250317574, "innovation_std_sum": 481.51987677654046, "noise_marginal_std_sum": 563.3284436196507}
{"step": 30, "epoch": 1, "train_loss": 3.18670361328125, "clip_fraction": 1.0, "gradient_norm_mean": 1046.7334375, "gradient_norm_max": 3219.008056640625, "step_seconds": 2.0095505509525537, "innovation_std_sum": 481.51987677654046, "noise_marginal_std_sum": 563.3284436196507}
{"step": 40, "epoch": 1, "train_loss": 2.759129943847656, "clip_fraction": 0.993, "gradient_norm_mean": 1084.533609375, "gradient_norm_max": 3223.226318359375, "step_seconds": 2.0096631105989218, "innovation_std_sum": 481.51987677654046, "noise_marginal_std_sum": 563.3284436196507}
{"epoch": 1, "step": 45, "train_loss": 3.6408325005425346, "clip_fraction": 0.9976666666666667, "epsilon": 3.0297011451528837, "accuracy": 0.4602, "validation_loss": 2.1570059143066405, "validation_examples": 5000}
{"step": 50, "epoch": 2, "train_loss": 2.37835986328125, "clip_fraction": 0.97, "gradient_norm_mean": 1078.29828125, "gradient_norm_max": 5309.00048828125, "step_seconds": 2.037371378391981, "innovation_std_sum": 481.51987677654046, "noise_marginal_std_sum": 563.3284436196507}
{"step": 60, "epoch": 2, "train_loss": 2.235167724609375, "clip_fraction": 0.952, "gradient_norm_mean": 1078.98334375, "gradient_norm_max": 5378.4951171875, "step_seconds": 2.0294048003852367, "innovation_std_sum": 481.51987677654046, "noise_marginal_std_sum": 563.3284436196507}
{"step": 70, "epoch": 2, "train_loss": 1.9542503356933594, "clip_fraction": 0.898, "gradient_norm_mean": 1009.53365625, "gradient_norm_max": 4691.5380859375, "step_seconds": 2.029733821749687, "innovation_std_sum": 481.51987677654046, "noise_marginal_std_sum": 563.3284436196507}
{"step": 80, "epoch": 2, "train_loss": 1.9410783386230468, "clip_fraction": 0.907, "gradient_norm_mean": 1064.15290625, "gradient_norm_max": 6138.98095703125, "step_seconds": 2.00531461648643, "innovation_std_sum": 481.51987677654046, "noise_marginal_std_sum": 563.3284436196507}
{"step": 90, "epoch": 2, "train_loss": 1.8179443359375, "clip_fraction": 0.876, "gradient_norm_mean": 1047.567, "gradient_norm_max": 4990.93603515625, "step_seconds": 2.0063697062432766, "innovation_std_sum": 481.51987677654046, "noise_marginal_std_sum": 563.3284436196507}
{"epoch": 2, "step": 90, "train_loss": 2.0892799675835505, "clip_fraction": 0.9272222222222222, "epsilon": 4.5953206372907065, "accuracy": 0.6408, "validation_loss": 1.298253399658203, "validation_examples": 5000}
{"step": 100, "epoch": 3, "train_loss": 1.6599053344726562, "clip_fraction": 0.842, "gradient_norm_mean": 1025.34290625, "gradient_norm_max": 5906.2646484375, "step_seconds": 1.997601194307208, "innovation_std_sum": 481.51987677654046, "noise_marginal_std_sum": 563.3284436196507}
{"step": 110, "epoch": 3, "train_loss": 1.6005846557617187, "clip_fraction": 0.826, "gradient_norm_mean": 997.339671875, "gradient_norm_max": 4903.9345703125, "step_seconds": 1.9784062802791595, "innovation_std_sum": 481.51987677654046, "noise_marginal_std_sum": 563.3284436196507}
{"step": 120, "epoch": 3, "train_loss": 1.54315869140625, "clip_fraction": 0.786, "gradient_norm_mean": 1005.792140625, "gradient_norm_max": 4709.60400390625, "step_seconds": 2.0074829049408436, "innovation_std_sum": 481.51987677654046, "noise_marginal_std_sum": 563.3284436196507}
{"step": 130, "epoch": 3, "train_loss": 1.4883280029296875, "clip_fraction": 0.793, "gradient_norm_mean": 994.559515625, "gradient_norm_max": 7074.40966796875, "step_seconds": 2.2513638865202665, "innovation_std_sum": 481.51987677654046, "noise_marginal_std_sum": 563.3284436196507}
{"epoch": 3, "step": 135, "train_loss": 1.6278194607204861, "clip_fraction": 0.8188, "epsilon": 5.865340104265841, "accuracy": 0.7086, "validation_loss": 1.013453091430664, "validation_examples": 5000}
{"step": 140, "epoch": 4, "train_loss": 1.5141669616699218, "clip_fraction": 0.758, "gradient_norm_mean": 960.532578125, "gradient_norm_max": 7982.6611328125, "step_seconds": 1.9970321133732796, "innovation_std_sum": 481.51987677654046, "noise_marginal_std_sum": 563.3284436196507}
{"step": 150, "epoch": 4, "train_loss": 1.4824759826660157, "clip_fraction": 0.748, "gradient_norm_mean": 1011.764078125, "gradient_norm_max": 5962.876953125, "step_seconds": 1.999316357076168, "innovation_std_sum": 481.51987677654046, "noise_marginal_std_sum": 563.3284436196507}
{"step": 160, "epoch": 4, "train_loss": 1.501918212890625, "clip_fraction": 0.749, "gradient_norm_mean": 1027.90940625, "gradient_norm_max": 6459.21533203125, "step_seconds": 2.008616141974926, "innovation_std_sum": 481.51987677654046, "noise_marginal_std_sum": 563.3284436196507}
{"step": 170, "epoch": 4, "train_loss": 1.4255995788574218, "clip_fraction": 0.722, "gradient_norm_mean": 969.0644375, "gradient_norm_max": 6342.89208984375, "step_seconds": 2.007797919213772, "innovation_std_sum": 481.51987677654046, "noise_marginal_std_sum": 563.3284436196507}
{"step": 180, "epoch": 4, "train_loss": 1.3850335388183594, "clip_fraction": 0.704, "gradient_norm_mean": 965.75765625, "gradient_norm_max": 5551.9228515625, "step_seconds": 1.9895081389695406, "innovation_std_sum": 481.51987677654046, "noise_marginal_std_sum": 563.3284436196507}
{"epoch": 4, "step": 180, "train_loss": 1.454364912923177, "clip_fraction": 0.7440444444444444, "epsilon": 6.9817050448149836, "accuracy": 0.7422, "validation_loss": 0.8715416076660156, "validation_examples": 5000}
{"step": 190, "epoch": 5, "train_loss": 1.3158132629394532, "clip_fraction": 0.728, "gradient_norm_mean": 961.323484375, "gradient_norm_max": 4593.48828125, "step_seconds": 1.9986571837216616, "innovation_std_sum": 481.51987677654046, "noise_marginal_std_sum": 563.3284436196507}
{"step": 200, "epoch": 5, "train_loss": 1.3740428771972657, "clip_fraction": 0.725, "gradient_norm_mean": 986.19, "gradient_norm_max": 5679.82177734375, "step_seconds": 2.007841056212783, "innovation_std_sum": 481.51987677654046, "noise_marginal_std_sum": 563.3284436196507}
{"step": 210, "epoch": 5, "train_loss": 1.4208080444335938, "clip_fraction": 0.696, "gradient_norm_mean": 997.230515625, "gradient_norm_max": 5939.5810546875, "step_seconds": 2.0390699580311775, "innovation_std_sum": 481.51987677654046, "noise_marginal_std_sum": 563.3284436196507}
{"step": 220, "epoch": 5, "train_loss": 1.3449871520996093, "clip_fraction": 0.701, "gradient_norm_mean": 1014.90315625, "gradient_norm_max": 5810.16064453125, "step_seconds": 2.011059431359172, "innovation_std_sum": 481.51987677654046, "noise_marginal_std_sum": 563.3284436196507}
{"epoch": 5, "step": 225, "train_loss": 1.3547505174424914, "clip_fraction": 0.6987111111111111, "epsilon": 8.000000000000005, "accuracy": 0.7672, "validation_loss": 0.8018298675537109, "validation_examples": 5000}
