Loading weights:   0%|          | 0/39 [00:00<?, ?it/s]Loading weights: 100%|██████████| 39/39 [00:00<00:00, 22503.49it/s]
[transformers] [1mBertModel LOAD REPORT[0m from: /media/data/data/lt/dp-adam-correlated/cache/bert-tiny
Key                                        | Status     |  | 
-------------------------------------------+------------+--+-
cls.predictions.bias                       | UNEXPECTED |  | 
cls.predictions.transform.dense.weight     | UNEXPECTED |  | 
cls.predictions.transform.LayerNorm.weight | UNEXPECTED |  | 
cls.predictions.transform.LayerNorm.bias   | UNEXPECTED |  | 
cls.predictions.decoder.bias               | UNEXPECTED |  | 
cls.seq_relationship.bias                  | UNEXPECTED |  | 
cls.predictions.transform.dense.bias       | UNEXPECTED |  | 
cls.predictions.decoder.weight             | UNEXPECTED |  | 
cls.seq_relationship.weight                | UNEXPECTED |  | 

Notes:
- UNEXPECTED:	can be ignored when loading from different task/architecture; not ok if you expect identical arch.
sys:1: UserWarning: Full backward hook is firing when gradients are computed with respect to module outputs since no inputs require gradients. See https://docs.pytorch.org/docs/main/generated/torch.nn.Module.html#torch.nn.Module.register_full_backward_hook for more details.
{"step": 10, "epoch": 1, "train_loss": 0.9330404663085937, "clip_fraction": 0.991, "gradient_norm_mean": 439.3905, "gradient_norm_max": 1264.4189453125, "step_seconds": 0.2639040034264326, "innovation_std_sum": 170.95481450824957, "noise_marginal_std_sum": 192.6207342177903}
{"step": 20, "epoch": 1, "train_loss": 1.234030517578125, "clip_fraction": 0.533, "gradient_norm_mean": 556.825, "gradient_norm_max": 2060.9453125, "step_seconds": 0.26603287644684315, "innovation_std_sum": 170.95481450824957, "noise_marginal_std_sum": 192.6207342177903}
{"step": 30, "epoch": 1, "train_loss": 1.139660888671875, "clip_fraction": 0.725, "gradient_norm_mean": 744.44175, "gradient_norm_max": 3021.92431640625, "step_seconds": 0.2660667151212692, "innovation_std_sum": 170.95481450824957, "noise_marginal_std_sum": 192.6207342177903}
{"step": 40, "epoch": 1, "train_loss": 1.135426513671875, "clip_fraction": 0.747, "gradient_norm_mean": 1054.222875, "gradient_norm_max": 4372.2724609375, "step_seconds": 0.1709430981427431, "innovation_std_sum": 170.95481450824957, "noise_marginal_std_sum": 192.6207342177903}
{"step": 50, "epoch": 1, "train_loss": 1.16085791015625, "clip_fraction": 0.729, "gradient_norm_mean": 1571.46875, "gradient_norm_max": 6343.24658203125, "step_seconds": 0.26630229502916336, "innovation_std_sum": 170.95481450824957, "noise_marginal_std_sum": 192.6207342177903}
{"step": 60, "epoch": 1, "train_loss": 0.767530029296875, "clip_fraction": 0.873, "gradient_norm_mean": 2110.39, "gradient_norm_max": 9917.8330078125, "step_seconds": 0.26481692865490913, "innovation_std_sum": 170.95481450824957, "noise_marginal_std_sum": 192.6207342177903}
{"epoch": 1, "step": 62, "train_loss": 1.0529776325841105, "clip_fraction": 0.756758064516129, "epsilon": 3.1232923300753557, "accuracy": 0.6831183398766124, "validation_loss": 0.6395636469565902, "validation_examples": 5349}
{"step": 70, "epoch": 2, "train_loss": 0.847609375, "clip_fraction": 0.739, "gradient_norm_mean": 2740.1805, "gradient_norm_max": 17405.650390625, "step_seconds": 0.26827525720000267, "innovation_std_sum": 170.95481450824957, "noise_marginal_std_sum": 192.6207342177903}
{"step": 80, "epoch": 2, "train_loss": 0.792623046875, "clip_fraction": 0.765, "gradient_norm_mean": 2887.16425, "gradient_norm_max": 20118.796875, "step_seconds": 0.2638483587652445, "innovation_std_sum": 170.95481450824957, "noise_marginal_std_sum": 192.6207342177903}
{"step": 90, "epoch": 2, "train_loss": 0.8757002563476562, "clip_fraction": 0.613, "gradient_norm_mean": 3564.642, "gradient_norm_max": 26134.1640625, "step_seconds": 0.2639783136546612, "innovation_std_sum": 170.95481450824957, "noise_marginal_std_sum": 192.6207342177903}
{"step": 100, "epoch": 2, "train_loss": 0.934033203125, "clip_fraction": 0.559, "gradient_norm_mean": 4398.005, "gradient_norm_max": 37550.51171875, "step_seconds": 0.2641633693128824, "innovation_std_sum": 170.95481450824957, "noise_marginal_std_sum": 192.6207342177903}
{"step": 110, "epoch": 2, "train_loss": 0.965097412109375, "clip_fraction": 0.509, "gradient_norm_mean": 4594.553, "gradient_norm_max": 50551.5546875, "step_seconds": 0.26386623457074165, "innovation_std_sum": 170.95481450824957, "noise_marginal_std_sum": 192.6207342177903}
{"step": 120, "epoch": 2, "train_loss": 0.9154396362304688, "clip_fraction": 0.497, "gradient_norm_mean": 4201.1695, "gradient_norm_max": 40684.09765625, "step_seconds": 0.26631148532032967, "innovation_std_sum": 170.95481450824957, "noise_marginal_std_sum": 192.6207342177903}
{"epoch": 2, "step": 124, "train_loss": 0.8680918982721144, "clip_fraction": 0.640774193548387, "epsilon": 4.65092091490115, "accuracy": 0.7582725743129557, "validation_loss": 1.022487773741934, "validation_examples": 5349}
{"step": 130, "epoch": 3, "train_loss": 0.9250446166992188, "clip_fraction": 0.495, "gradient_norm_mean": 4732.9005, "gradient_norm_max": 38905.9140625, "step_seconds": 0.2638522144407034, "innovation_std_sum": 170.95481450824957, "noise_marginal_std_sum": 192.6207342177903}
{"step": 140, "epoch": 3, "train_loss": 0.9945599365234375, "clip_fraction": 0.478, "gradient_norm_mean": 5001.034, "gradient_norm_max": 54874.67578125, "step_seconds": 0.2662704326212406, "innovation_std_sum": 170.95481450824957, "noise_marginal_std_sum": 192.6207342177903}
{"step": 150, "epoch": 3, "train_loss": 0.9956614379882812, "clip_fraction": 0.473, "gradient_norm_mean": 4661.2605, "gradient_norm_max": 52589.05859375, "step_seconds": 0.264224411919713, "innovation_std_sum": 170.95481450824957, "noise_marginal_std_sum": 192.6207342177903}
{"step": 160, "epoch": 3, "train_loss": 0.9959255981445313, "clip_fraction": 0.485, "gradient_norm_mean": 4880.963, "gradient_norm_max": 51281.20703125, "step_seconds": 0.2653493173420429, "innovation_std_sum": 170.95481450824957, "noise_marginal_std_sum": 192.6207342177903}
{"step": 170, "epoch": 3, "train_loss": 1.010392822265625, "clip_fraction": 0.465, "gradient_norm_mean": 4651.101, "gradient_norm_max": 45075.30859375, "step_seconds": 0.2660570256412029, "innovation_std_sum": 170.95481450824957, "noise_marginal_std_sum": 192.6207342177903}
{"step": 180, "epoch": 3, "train_loss": 1.03195458984375, "clip_fraction": 0.468, "gradient_norm_mean": 4613.5475, "gradient_norm_max": 57858.6171875, "step_seconds": 0.26402682811021805, "innovation_std_sum": 170.95481450824957, "noise_marginal_std_sum": 192.6207342177903}
{"epoch": 3, "step": 186, "train_loss": 0.9341275910408267, "clip_fraction": 0.4732903225806452, "epsilon": 5.8971720333737725, "accuracy": 0.7769676575060759, "validation_loss": 0.9439262023572054, "validation_examples": 5349}
{"step": 190, "epoch": 4, "train_loss": 0.8034224243164062, "clip_fraction": 0.451, "gradient_norm_mean": 4578.725, "gradient_norm_max": 63325.1875, "step_seconds": 0.26570602878928185, "innovation_std_sum": 170.95481450824957, "noise_marginal_std_sum": 192.6207342177903}
{"step": 200, "epoch": 4, "train_loss": 0.889702392578125, "clip_fraction": 0.461, "gradient_norm_mean": 4458.941, "gradient_norm_max": 60427.5859375, "step_seconds": 0.2669365834444761, "innovation_std_sum": 170.95481450824957, "noise_marginal_std_sum": 192.6207342177903}
{"step": 210, "epoch": 4, "train_loss": 0.93380517578125, "clip_fraction": 0.449, "gradient_norm_mean": 4598.3015, "gradient_norm_max": 66101.875, "step_seconds": 0.2663345132023096, "innovation_std_sum": 170.95481450824957, "noise_marginal_std_sum": 192.6207342177903}
{"step": 220, "epoch": 4, "train_loss": 0.8286598510742188, "clip_fraction": 0.438, "gradient_norm_mean": 3886.578, "gradient_norm_max": 55623.890625, "step_seconds": 0.26436618342995644, "innovation_std_sum": 170.95481450824957, "noise_marginal_std_sum": 192.6207342177903}
{"step": 230, "epoch": 4, "train_loss": 0.922351318359375, "clip_fraction": 0.435, "gradient_norm_mean": 4422.9765, "gradient_norm_max": 40054.24609375, "step_seconds": 0.17262305319309235, "innovation_std_sum": 170.95481450824957, "noise_marginal_std_sum": 192.6207342177903}
{"step": 240, "epoch": 4, "train_loss": 0.88726123046875, "clip_fraction": 0.424, "gradient_norm_mean": 4003.81375, "gradient_norm_max": 61857.46484375, "step_seconds": 0.26406568847596645, "innovation_std_sum": 170.95481450824957, "noise_marginal_std_sum": 192.6207342177903}
{"epoch": 4, "step": 248, "train_loss": 0.884193858485068, "clip_fraction": 0.43374193548387097, "epsilon": 6.99603312968092, "accuracy": 0.7879977565900168, "validation_loss": 0.9000492128039503, "validation_examples": 5349}
{"step": 250, "epoch": 5, "train_loss": 0.9651670532226563, "clip_fraction": 0.402, "gradient_norm_mean": 3933.1345, "gradient_norm_max": 60997.41015625, "step_seconds": 0.2660767789930105, "innovation_std_sum": 170.95481450824957, "noise_marginal_std_sum": 192.6207342177903}
{"step": 260, "epoch": 5, "train_loss": 0.9345857543945313, "clip_fraction": 0.413, "gradient_norm_mean": 3925.904, "gradient_norm_max": 53324.10546875, "step_seconds": 0.2642547991126776, "innovation_std_sum": 170.95481450824957, "noise_marginal_std_sum": 192.6207342177903}
{"step": 270, "epoch": 5, "train_loss": 0.8169462890625, "clip_fraction": 0.385, "gradient_norm_mean": 3929.0225, "gradient_norm_max": 66432.1875, "step_seconds": 0.26446816325187683, "innovation_std_sum": 170.95481450824957, "noise_marginal_std_sum": 192.6207342177903}
{"step": 280, "epoch": 5, "train_loss": 0.8626966552734375, "clip_fraction": 0.404, "gradient_norm_mean": 4220.6305, "gradient_norm_max": 70787.625, "step_seconds": 0.265684450045228, "innovation_std_sum": 170.95481450824957, "noise_marginal_std_sum": 192.6207342177903}
{"step": 290, "epoch": 5, "train_loss": 0.8342078247070313, "clip_fraction": 0.389, "gradient_norm_mean": 3840.5085, "gradient_norm_max": 48781.63671875, "step_seconds": 0.26898097805678844, "innovation_std_sum": 170.95481450824957, "noise_marginal_std_sum": 192.6207342177903}
{"step": 300, "epoch": 5, "train_loss": 0.771297607421875, "clip_fraction": 0.379, "gradient_norm_mean": 3872.6935, "gradient_norm_max": 57036.0078125, "step_seconds": 0.12917152978479862, "innovation_std_sum": 170.95481450824957, "noise_marginal_std_sum": 192.6207342177903}
{"step": 310, "epoch": 5, "train_loss": 0.9053612060546875, "clip_fraction": 0.401, "gradient_norm_mean": 3975.90425, "gradient_norm_max": 64944.796875, "step_seconds": 0.12891947478055954, "innovation_std_sum": 170.95481450824957, "noise_marginal_std_sum": 192.6207342177903}
{"epoch": 5, "step": 310, "train_loss": 0.8539497405021421, "clip_fraction": 0.3991774193548387, "epsilon": 8.000000000000005, "accuracy": 0.7975322490185082, "validation_loss": 0.8571274629551175, "validation_examples": 5349}
