Loading weights:   0%|          | 0/39 [00:00<?, ?it/s]Loading weights: 100%|██████████| 39/39 [00:00<00:00, 26572.10it/s]
[transformers] [1mBertModel LOAD REPORT[0m from: /media/data/data/lt/dp-adam-correlated/cache/bert-tiny
Key                                        | Status     |  | 
-------------------------------------------+------------+--+-
cls.predictions.bias                       | UNEXPECTED |  | 
cls.predictions.transform.dense.bias       | UNEXPECTED |  | 
cls.predictions.decoder.bias               | UNEXPECTED |  | 
cls.predictions.decoder.weight             | UNEXPECTED |  | 
cls.seq_relationship.bias                  | UNEXPECTED |  | 
cls.predictions.transform.LayerNorm.bias   | UNEXPECTED |  | 
cls.predictions.transform.dense.weight     | UNEXPECTED |  | 
cls.predictions.transform.LayerNorm.weight | UNEXPECTED |  | 
cls.seq_relationship.weight                | UNEXPECTED |  | 

Notes:
- UNEXPECTED:	can be ignored when loading from different task/architecture; not ok if you expect identical arch.
sys:1: UserWarning: Full backward hook is firing when gradients are computed with respect to module outputs since no inputs require gradients. See https://docs.pytorch.org/docs/main/generated/torch.nn.Module.html#torch.nn.Module.register_full_backward_hook for more details.
{"step": 10, "epoch": 1, "train_loss": 0.81831787109375, "clip_fraction": 1.0, "gradient_norm_mean": 7.3365791015625, "gradient_norm_max": 17.089853286743164, "step_seconds": 0.27567181922495365, "innovation_std_sum": 4.572045876410015, "noise_marginal_std_sum": 6.306280027905788}
{"step": 20, "epoch": 1, "train_loss": 1.145093994140625, "clip_fraction": 0.969, "gradient_norm_mean": 8.0247724609375, "gradient_norm_max": 29.636737823486328, "step_seconds": 0.28068447671830654, "innovation_std_sum": 4.572045876410015, "noise_marginal_std_sum": 6.306280027905788}
{"step": 30, "epoch": 1, "train_loss": 1.44599951171875, "clip_fraction": 0.478, "gradient_norm_mean": 8.7383984375, "gradient_norm_max": 31.990798950195312, "step_seconds": 0.2734242156147957, "innovation_std_sum": 4.572045876410015, "noise_marginal_std_sum": 6.306280027905788}
{"step": 40, "epoch": 1, "train_loss": 1.31011669921875, "clip_fraction": 0.616, "gradient_norm_mean": 9.005548828125, "gradient_norm_max": 37.757835388183594, "step_seconds": 0.27924501709640026, "innovation_std_sum": 4.572045876410015, "noise_marginal_std_sum": 6.306280027905788}
{"step": 50, "epoch": 1, "train_loss": 1.3593779296875, "clip_fraction": 0.629, "gradient_norm_mean": 9.81141015625, "gradient_norm_max": 39.13195037841797, "step_seconds": 0.2756924796849489, "innovation_std_sum": 4.572045876410015, "noise_marginal_std_sum": 6.306280027905788}
{"step": 60, "epoch": 1, "train_loss": 1.4339091796875, "clip_fraction": 0.629, "gradient_norm_mean": 10.966134765625, "gradient_norm_max": 60.30408477783203, "step_seconds": 0.28577954694628716, "innovation_std_sum": 4.572045876410015, "noise_marginal_std_sum": 6.306280027905788}
{"epoch": 1, "step": 62, "train_loss": 1.2094879593387726, "clip_fraction": 0.7304354838709678, "epsilon": 2.9834732111505753, "accuracy": 0.557861282482707, "validation_loss": 1.397845615023964, "validation_examples": 5349}
{"step": 70, "epoch": 2, "train_loss": 1.334380615234375, "clip_fraction": 0.665, "gradient_norm_mean": 11.648396484375, "gradient_norm_max": 44.66378402709961, "step_seconds": 0.2883022762835026, "innovation_std_sum": 4.572045876410015, "noise_marginal_std_sum": 6.306280027905788}
{"step": 80, "epoch": 2, "train_loss": 1.40986083984375, "clip_fraction": 0.685, "gradient_norm_mean": 14.0021572265625, "gradient_norm_max": 55.80940246582031, "step_seconds": 0.28615652956068516, "innovation_std_sum": 4.572045876410015, "noise_marginal_std_sum": 6.306280027905788}
{"step": 90, "epoch": 2, "train_loss": 1.27538916015625, "clip_fraction": 0.747, "gradient_norm_mean": 16.38640625, "gradient_norm_max": 78.906005859375, "step_seconds": 0.28982656821608543, "innovation_std_sum": 4.572045876410015, "noise_marginal_std_sum": 6.306280027905788}
{"step": 100, "epoch": 2, "train_loss": 1.408743408203125, "clip_fraction": 0.736, "gradient_norm_mean": 19.50700390625, "gradient_norm_max": 85.20933532714844, "step_seconds": 0.286773381754756, "innovation_std_sum": 4.572045876410015, "noise_marginal_std_sum": 6.306280027905788}
{"step": 110, "epoch": 2, "train_loss": 1.35441064453125, "clip_fraction": 0.726, "gradient_norm_mean": 23.0343515625, "gradient_norm_max": 99.98587036132812, "step_seconds": 0.29156588576734066, "innovation_std_sum": 4.572045876410015, "noise_marginal_std_sum": 6.306280027905788}
{"step": 120, "epoch": 2, "train_loss": 1.2851068115234374, "clip_fraction": 0.788, "gradient_norm_mean": 27.3800703125, "gradient_norm_max": 99.30409240722656, "step_seconds": 0.18971711583435535, "innovation_std_sum": 4.572045876410015, "noise_marginal_std_sum": 6.306280027905788}
{"epoch": 2, "step": 124, "train_loss": 1.3406873759608116, "clip_fraction": 0.7268709677419355, "epsilon": 4.5669659729591, "accuracy": 0.5696391848943728, "validation_loss": 1.0750044321519099, "validation_examples": 5349}
{"step": 130, "epoch": 3, "train_loss": 1.08614453125, "clip_fraction": 0.783, "gradient_norm_mean": 29.45154296875, "gradient_norm_max": 143.26058959960938, "step_seconds": 0.28582723811268806, "innovation_std_sum": 4.572045876410015, "noise_marginal_std_sum": 6.306280027905788}
{"step": 140, "epoch": 3, "train_loss": 1.174601318359375, "clip_fraction": 0.787, "gradient_norm_mean": 34.613421875, "gradient_norm_max": 150.5103759765625, "step_seconds": 0.2928523737937212, "innovation_std_sum": 4.572045876410015, "noise_marginal_std_sum": 6.306280027905788}
{"step": 150, "epoch": 3, "train_loss": 0.8977747802734375, "clip_fraction": 0.827, "gradient_norm_mean": 37.3421796875, "gradient_norm_max": 157.2821807861328, "step_seconds": 0.2956310622394085, "innovation_std_sum": 4.572045876410015, "noise_marginal_std_sum": 6.306280027905788}
{"step": 160, "epoch": 3, "train_loss": 0.9451859130859375, "clip_fraction": 0.793, "gradient_norm_mean": 40.680125, "gradient_norm_max": 213.44558715820312, "step_seconds": 0.13310709595680237, "innovation_std_sum": 4.572045876410015, "noise_marginal_std_sum": 6.306280027905788}
{"step": 170, "epoch": 3, "train_loss": 0.81953076171875, "clip_fraction": 0.802, "gradient_norm_mean": 42.191296875, "gradient_norm_max": 255.9036102294922, "step_seconds": 0.28735983557999134, "innovation_std_sum": 4.572045876410015, "noise_marginal_std_sum": 6.306280027905788}
{"step": 180, "epoch": 3, "train_loss": 0.899087646484375, "clip_fraction": 0.816, "gradient_norm_mean": 46.3518828125, "gradient_norm_max": 291.43817138671875, "step_seconds": 0.2948626410216093, "innovation_std_sum": 4.572045876410015, "noise_marginal_std_sum": 6.306280027905788}
{"epoch": 3, "step": 186, "train_loss": 0.9526095206968246, "clip_fraction": 0.8089193548387097, "epsilon": 5.849088165717442, "accuracy": 0.6960179472798654, "validation_loss": 0.7508962170880272, "validation_examples": 5349}
{"step": 190, "epoch": 4, "train_loss": 0.73735302734375, "clip_fraction": 0.863, "gradient_norm_mean": 47.77940234375, "gradient_norm_max": 254.88198852539062, "step_seconds": 0.2934067025780678, "innovation_std_sum": 4.572045876410015, "noise_marginal_std_sum": 6.306280027905788}
{"step": 200, "epoch": 4, "train_loss": 0.8320217895507812, "clip_fraction": 0.79, "gradient_norm_mean": 51.82779296875, "gradient_norm_max": 282.1480712890625, "step_seconds": 0.28991379402577877, "innovation_std_sum": 4.572045876410015, "noise_marginal_std_sum": 6.306280027905788}
{"step": 210, "epoch": 4, "train_loss": 0.8639508666992187, "clip_fraction": 0.776, "gradient_norm_mean": 53.640015625, "gradient_norm_max": 343.0198974609375, "step_seconds": 0.29229968786239624, "innovation_std_sum": 4.572045876410015, "noise_marginal_std_sum": 6.306280027905788}
{"step": 220, "epoch": 4, "train_loss": 0.8765651245117188, "clip_fraction": 0.716, "gradient_norm_mean": 59.44042578125, "gradient_norm_max": 389.83575439453125, "step_seconds": 0.2813075892627239, "innovation_std_sum": 4.572045876410015, "noise_marginal_std_sum": 6.306280027905788}
{"step": 230, "epoch": 4, "train_loss": 0.969997802734375, "clip_fraction": 0.708, "gradient_norm_mean": 60.2728359375, "gradient_norm_max": 413.69000244140625, "step_seconds": 0.2968317065387964, "innovation_std_sum": 4.572045876410015, "noise_marginal_std_sum": 6.306280027905788}
{"step": 240, "epoch": 4, "train_loss": 0.87935595703125, "clip_fraction": 0.68, "gradient_norm_mean": 63.51393359375, "gradient_norm_max": 407.3876037597656, "step_seconds": 0.28900220803916454, "innovation_std_sum": 4.572045876410015, "noise_marginal_std_sum": 6.306280027905788}
{"epoch": 4, "step": 248, "train_loss": 0.8737555935767389, "clip_fraction": 0.7291774193548387, "epsilon": 6.974398475295216, "accuracy": 0.7182650962796785, "validation_loss": 1.036213710611614, "validation_examples": 5349}
{"step": 250, "epoch": 5, "train_loss": 1.10783935546875, "clip_fraction": 0.613, "gradient_norm_mean": 64.0394296875, "gradient_norm_max": 543.296142578125, "step_seconds": 0.29018982499837875, "innovation_std_sum": 4.572045876410015, "noise_marginal_std_sum": 6.306280027905788}
{"step": 260, "epoch": 5, "train_loss": 0.9876673583984374, "clip_fraction": 0.624, "gradient_norm_mean": 68.32321875, "gradient_norm_max": 467.5827331542969, "step_seconds": 0.29019705206155777, "innovation_std_sum": 4.572045876410015, "noise_marginal_std_sum": 6.306280027905788}
{"step": 270, "epoch": 5, "train_loss": 0.95063525390625, "clip_fraction": 0.59, "gradient_norm_mean": 64.2648828125, "gradient_norm_max": 570.1749877929688, "step_seconds": 0.2832016572356224, "innovation_std_sum": 4.572045876410015, "noise_marginal_std_sum": 6.306280027905788}
{"step": 280, "epoch": 5, "train_loss": 0.9942467041015625, "clip_fraction": 0.599, "gradient_norm_mean": 68.079328125, "gradient_norm_max": 677.22216796875, "step_seconds": 0.29833933897316456, "innovation_std_sum": 4.572045876410015, "noise_marginal_std_sum": 6.306280027905788}
{"step": 290, "epoch": 5, "train_loss": 0.9837322998046875, "clip_fraction": 0.579, "gradient_norm_mean": 71.773421875, "gradient_norm_max": 592.9930419921875, "step_seconds": 0.2916147615760565, "innovation_std_sum": 4.572045876410015, "noise_marginal_std_sum": 6.306280027905788}
{"step": 300, "epoch": 5, "train_loss": 0.906091064453125, "clip_fraction": 0.56, "gradient_norm_mean": 67.765375, "gradient_norm_max": 677.169921875, "step_seconds": 0.2974197920411825, "innovation_std_sum": 4.572045876410015, "noise_marginal_std_sum": 6.306280027905788}
{"step": 310, "epoch": 5, "train_loss": 1.0244111328125, "clip_fraction": 0.57, "gradient_norm_mean": 72.318078125, "gradient_norm_max": 663.71240234375, "step_seconds": 0.1930638998746872, "innovation_std_sum": 4.572045876410015, "noise_marginal_std_sum": 6.306280027905788}
{"epoch": 5, "step": 310, "train_loss": 0.9912107849121093, "clip_fraction": 0.5942419354838709, "epsilon": 8.000000000000005, "accuracy": 0.7453729669097028, "validation_loss": 1.064857092098023, "validation_examples": 5349}
