/home/longt29/miniconda3/envs/curve/lib/python3.11/site-packages/torchvision/datasets/cifar.py:83: VisibleDeprecationWarning: dtype(): align should be passed as Python or NumPy boolean but got `align=0`. Did you mean to pass a tuple to create a subarray type? (Deprecated NumPy 2.4)
  entry = pickle.load(f, encoding="latin1")
{"method": "dp-adam-sgd-bandinvmf", "smoke": false, "calibration": {"target_mu": 1.6660305978457184, "sensitivity": 2.8481628876299, "innovation_std_sum": 17.095501675135814, "adjacency": "add_remove_zero_out", "k": 5, "b_participation": 50, "sampling_amplification": false}, "coefficients": [1.0, -0.5, -0.125, -0.0625]}
sys:1: UserWarning: Full backward hook is firing when gradients are computed with respect to module outputs since no inputs require gradients. See https://docs.pytorch.org/docs/main/generated/torch.nn.Module.html#torch.nn.Module.register_full_backward_hook for more details.
{"progress_step": 10, "epoch": 1, "train_loss_so_far": 4.572657543945312, "clip_fraction_so_far": 1.0}
{"progress_step": 20, "epoch": 1, "train_loss_so_far": 4.182620181274414, "clip_fraction_so_far": 1.0}
{"progress_step": 30, "epoch": 1, "train_loss_so_far": 3.8144491902669273, "clip_fraction_so_far": 0.9996666666666667}
{"progress_step": 40, "epoch": 1, "train_loss_so_far": 3.520584225463867, "clip_fraction_so_far": 0.9982}
{"progress_step": 50, "epoch": 1, "train_loss_so_far": 3.2845980261230467, "clip_fraction_so_far": 0.99514}
{"epoch": 1, "logical_steps": 50, "train_examples": 50000, "train_loss": 3.2845980261230467, "test_loss": 1.7992696746826171, "test_top1": 0.5128, "clip_fraction": 0.99514, "gdp_mu": 0.7450706133874356, "gdp_epsilon": 3.1232881288764167, "target_mu": 1.6660305978457184, "target_epsilon": 8.0, "delta": 1e-05, "noise_std": 0.019262096209213344, "noise_std_space": "gradient", "innovation_std_sum": 17.095501675135814, "augmentation_trace_sha256": "d63da21bdb0b5208efde32fe6efd500a1dd8422cf2de8538c5d20df0af3afa1c", "seconds": 152.68152789771557}
{"progress_step": 60, "epoch": 2, "train_loss_so_far": 2.1280908752441405, "clip_fraction_so_far": 0.9656}
{"progress_step": 70, "epoch": 2, "train_loss_so_far": 2.0731494857788086, "clip_fraction_so_far": 0.9551}
{"progress_step": 80, "epoch": 2, "train_loss_so_far": 2.0081270741780597, "clip_fraction_so_far": 0.9422333333333334}
{"progress_step": 90, "epoch": 2, "train_loss_so_far": 1.965948235321045, "clip_fraction_so_far": 0.93185}
{"progress_step": 100, "epoch": 2, "train_loss_so_far": 1.920833236694336, "clip_fraction_so_far": 0.92242}
{"epoch": 2, "logical_steps": 100, "train_examples": 50000, "train_loss": 1.920833236694336, "test_loss": 1.232975308227539, "test_top1": 0.6395, "clip_fraction": 0.92242, "gdp_mu": 1.0536897799813885, "gdp_epsilon": 4.650918517225291, "target_mu": 1.6660305978457184, "target_epsilon": 8.0, "delta": 1e-05, "noise_std": 0.019262096209213344, "noise_std_space": "gradient", "innovation_std_sum": 17.095501675135814, "augmentation_trace_sha256": "eba11842858511941e69682cb3174b7d5e6fd73ab7d8425892c6d4fc55cf418b", "seconds": 143.67704268358648}
{"progress_step": 110, "epoch": 3, "train_loss_so_far": 1.7095363403320312, "clip_fraction_so_far": 0.8727}
{"progress_step": 120, "epoch": 3, "train_loss_so_far": 1.6936898544311523, "clip_fraction_so_far": 0.86545}
{"progress_step": 130, "epoch": 3, "train_loss_so_far": 1.6708356089274088, "clip_fraction_so_far": 0.8576333333333334}
{"progress_step": 140, "epoch": 3, "train_loss_so_far": 1.6646321182250976, "clip_fraction_so_far": 0.851975}
{"progress_step": 150, "epoch": 3, "train_loss_so_far": 1.6559469244384766, "clip_fraction_so_far": 0.84682}
{"epoch": 3, "logical_steps": 150, "train_examples": 50000, "train_loss": 1.6559469244384766, "test_loss": 1.0689708969116212, "test_top1": 0.6865, "clip_fraction": 0.84682, "gdp_mu": 1.2905014862231676, "gdp_epsilon": 5.897170660712959, "target_mu": 1.6660305978457184, "target_epsilon": 8.0, "delta": 1e-05, "noise_std": 0.019262096209213344, "noise_std_space": "gradient", "innovation_std_sum": 17.095501675135814, "augmentation_trace_sha256": "f4ab582ea37ff08d6c3ec209d5c76a6a59fcdd228971935ccfe60255636fc688", "seconds": 139.34412595629692}
{"progress_step": 160, "epoch": 4, "train_loss_so_far": 1.600545147705078, "clip_fraction_so_far": 0.8165}
{"progress_step": 170, "epoch": 4, "train_loss_so_far": 1.5988394927978515, "clip_fraction_so_far": 0.81305}
{"progress_step": 180, "epoch": 4, "train_loss_so_far": 1.5826656463623048, "clip_fraction_so_far": 0.8080333333333334}
{"progress_step": 190, "epoch": 4, "train_loss_so_far": 1.5787352432250976, "clip_fraction_so_far": 0.80365}
{"progress_step": 200, "epoch": 4, "train_loss_so_far": 1.5774888665771485, "clip_fraction_so_far": 0.80112}
{"epoch": 4, "logical_steps": 200, "train_examples": 50000, "train_loss": 1.5774888665771485, "test_loss": 1.019756086730957, "test_top1": 0.6998, "clip_fraction": 0.80112, "gdp_mu": 1.4901429526898362, "gdp_epsilon": 6.996032511238058, "target_mu": 1.6660305978457184, "target_epsilon": 8.0, "delta": 1e-05, "noise_std": 0.019262096209213344, "noise_std_space": "gradient", "innovation_std_sum": 17.095501675135814, "augmentation_trace_sha256": "eeab75a2450d737b335b1b301c8415d8e4847a2415b1acc4f6665e5915aa923a", "seconds": 142.14610413834453}
{"progress_step": 210, "epoch": 5, "train_loss_so_far": 1.580244403076172, "clip_fraction_so_far": 0.7805}
{"progress_step": 220, "epoch": 5, "train_loss_so_far": 1.5697477264404296, "clip_fraction_so_far": 0.7803}
{"progress_step": 230, "epoch": 5, "train_loss_so_far": 1.5580379028320313, "clip_fraction_so_far": 0.7786666666666666}
{"progress_step": 240, "epoch": 5, "train_loss_so_far": 1.5629893241882324, "clip_fraction_so_far": 0.7786}
{"progress_step": 250, "epoch": 5, "train_loss_so_far": 1.5634328326416016, "clip_fraction_so_far": 0.77774}
{"epoch": 5, "logical_steps": 250, "train_examples": 50000, "train_loss": 1.5634328326416016, "test_loss": 1.0261528381347655, "test_top1": 0.7069, "clip_fraction": 0.77774, "gdp_mu": 1.6660305978457184, "gdp_epsilon": 8.000000000000005, "target_mu": 1.6660305978457184, "target_epsilon": 8.0, "delta": 1e-05, "noise_std": 0.019262096209213344, "noise_std_space": "gradient", "innovation_std_sum": 17.095501675135814, "augmentation_trace_sha256": "41f1cb58f0307df20ce87cfb313693105a3d89f587b34546eb06562652fb22c3", "seconds": 139.7581422328949}
{"status": "completed", "results": "/media/data/data/lt/dp-adam-correlated/exp7b/results/search/trials/2f467315a5967ade"}
