Loading weights:   0%|          | 0/39 [00:00<?, ?it/s]Loading weights: 100%|██████████| 39/39 [00:00<00:00, 3535.06it/s]
[transformers] [1mBertModel LOAD REPORT[0m from: /media/data/data/lt/dp-adam-correlated/cache/bert-tiny
Key                                        | Status     |  | 
-------------------------------------------+------------+--+-
cls.predictions.bias                       | UNEXPECTED |  | 
cls.predictions.transform.dense.weight     | UNEXPECTED |  | 
cls.seq_relationship.bias                  | UNEXPECTED |  | 
cls.predictions.transform.dense.bias       | UNEXPECTED |  | 
cls.predictions.decoder.weight             | UNEXPECTED |  | 
cls.predictions.transform.LayerNorm.bias   | UNEXPECTED |  | 
cls.predictions.transform.LayerNorm.weight | UNEXPECTED |  | 
cls.seq_relationship.weight                | UNEXPECTED |  | 
cls.predictions.decoder.bias               | UNEXPECTED |  | 

Notes:
- UNEXPECTED:	can be ignored when loading from different task/architecture; not ok if you expect identical arch.
sys:1: UserWarning: Full backward hook is firing when gradients are computed with respect to module outputs since no inputs require gradients. See https://docs.pytorch.org/docs/main/generated/torch.nn.Module.html#torch.nn.Module.register_full_backward_hook for more details.
{"step": 62, "epoch": 1.0, "train_loss": 1.7969693721648186, "clip_fraction": 0.854, "validation_loss": 2.282293816418665, "accuracy": 0.557861282482707, "validation_examples": 5349, "epsilon": 3.1232923300753557}
{"step": 124, "epoch": 2.0, "train_loss": 1.3710694432412422, "clip_fraction": 0.8149354838709679, "validation_loss": 1.3139885763160133, "accuracy": 0.7291082445316882, "validation_examples": 5349, "epsilon": 4.65092091490115}
{"step": 186, "epoch": 3.0, "train_loss": 1.3928323305191534, "clip_fraction": 0.5705483870967744, "validation_loss": 1.433618971645821, "accuracy": 0.7693026733968966, "validation_examples": 5349, "epsilon": 5.897172033373774}
{"step": 248, "epoch": 4.0, "train_loss": 1.335660398421749, "clip_fraction": 0.4950806451612905, "validation_loss": 1.3818039693527522, "accuracy": 0.7792110674892503, "validation_examples": 5349, "epsilon": 6.996033129680917}
{"step": 310, "epoch": 5.0, "train_loss": 1.2780510824880293, "clip_fraction": 0.45561290322580655, "validation_loss": 1.3227930944374642, "accuracy": 0.7904281174051224, "validation_examples": 5349, "epsilon": 8.000000000000005}
