Loading weights:   0%|          | 0/39 [00:00<?, ?it/s]Loading weights: 100%|██████████| 39/39 [00:00<00:00, 20070.90it/s]
[transformers] [1mBertModel LOAD REPORT[0m from: /media/data/data/lt/dp-adam-correlated/cache/bert-tiny
Key                                        | Status     |  | 
-------------------------------------------+------------+--+-
cls.predictions.decoder.weight             | UNEXPECTED |  | 
cls.seq_relationship.bias                  | UNEXPECTED |  | 
cls.seq_relationship.weight                | UNEXPECTED |  | 
cls.predictions.decoder.bias               | UNEXPECTED |  | 
cls.predictions.transform.LayerNorm.weight | UNEXPECTED |  | 
cls.predictions.transform.dense.bias       | UNEXPECTED |  | 
cls.predictions.transform.dense.weight     | UNEXPECTED |  | 
cls.predictions.bias                       | UNEXPECTED |  | 
cls.predictions.transform.LayerNorm.bias   | UNEXPECTED |  | 

Notes:
- UNEXPECTED:	can be ignored when loading from different task/architecture; not ok if you expect identical arch.
sys:1: UserWarning: Full backward hook is firing when gradients are computed with respect to module outputs since no inputs require gradients. See https://docs.pytorch.org/docs/main/generated/torch.nn.Module.html#torch.nn.Module.register_full_backward_hook for more details.
{"step": 10, "epoch": 1, "train_loss": 0.62740283203125, "clip_fraction": 0.794, "gradient_norm_mean": 463.8331875, "gradient_norm_max": 1048.7529296875, "step_seconds": 0.12713229097425938, "innovation_std_sum": 432.013885583381, "noise_marginal_std_sum": 504.57147023289264}
{"step": 20, "epoch": 1, "train_loss": 0.659746337890625, "clip_fraction": 0.553, "gradient_norm_mean": 1210.480625, "gradient_norm_max": 5411.74609375, "step_seconds": 0.1281041968613863, "innovation_std_sum": 432.013885583381, "noise_marginal_std_sum": 504.57147023289264}
{"step": 30, "epoch": 1, "train_loss": 0.805096435546875, "clip_fraction": 0.427, "gradient_norm_mean": 1586.472, "gradient_norm_max": 12840.150390625, "step_seconds": 0.12739048711955547, "innovation_std_sum": 432.013885583381, "noise_marginal_std_sum": 504.57147023289264}
{"step": 40, "epoch": 1, "train_loss": 0.61073193359375, "clip_fraction": 0.411, "gradient_norm_mean": 1357.71175, "gradient_norm_max": 10856.5458984375, "step_seconds": 0.127024844288826, "innovation_std_sum": 432.013885583381, "noise_marginal_std_sum": 504.57147023289264}
{"step": 50, "epoch": 1, "train_loss": 0.6201510620117188, "clip_fraction": 0.395, "gradient_norm_mean": 1260.68725, "gradient_norm_max": 9915.2666015625, "step_seconds": 0.1294670533388853, "innovation_std_sum": 432.013885583381, "noise_marginal_std_sum": 504.57147023289264}
{"step": 60, "epoch": 1, "train_loss": 0.5070951843261718, "clip_fraction": 0.364, "gradient_norm_mean": 1215.63825, "gradient_norm_max": 10247.369140625, "step_seconds": 0.12718962505459785, "innovation_std_sum": 432.013885583381, "noise_marginal_std_sum": 504.57147023289264}
{"epoch": 1, "step": 62, "train_loss": 0.6531511501189201, "clip_fraction": 0.480758064516129, "epsilon": 5.808307688816871, "accuracy": 0.7614678899082569, "validation_loss": 0.7067061433004677, "validation_examples": 872}
{"step": 70, "epoch": 2, "train_loss": 0.5752371215820312, "clip_fraction": 0.353, "gradient_norm_mean": 1224.442375, "gradient_norm_max": 15376.376953125, "step_seconds": 0.12830766290426254, "innovation_std_sum": 432.013885583381, "noise_marginal_std_sum": 504.57147023289264}
{"step": 80, "epoch": 2, "train_loss": 0.4978683166503906, "clip_fraction": 0.298, "gradient_norm_mean": 968.2205, "gradient_norm_max": 13301.7880859375, "step_seconds": 0.1265642698854208, "innovation_std_sum": 432.013885583381, "noise_marginal_std_sum": 504.57147023289264}
{"step": 90, "epoch": 2, "train_loss": 0.5050155944824218, "clip_fraction": 0.327, "gradient_norm_mean": 1103.571125, "gradient_norm_max": 15313.978515625, "step_seconds": 0.12653391063213348, "innovation_std_sum": 432.013885583381, "noise_marginal_std_sum": 504.57147023289264}
{"step": 100, "epoch": 2, "train_loss": 0.5268994750976562, "clip_fraction": 0.303, "gradient_norm_mean": 1015.21125, "gradient_norm_max": 16795.052734375, "step_seconds": 0.12710628658533096, "innovation_std_sum": 432.013885583381, "noise_marginal_std_sum": 504.57147023289264}
{"step": 110, "epoch": 2, "train_loss": 0.4844095458984375, "clip_fraction": 0.284, "gradient_norm_mean": 927.16875, "gradient_norm_max": 12255.03125, "step_seconds": 0.1268310360610485, "innovation_std_sum": 432.013885583381, "noise_marginal_std_sum": 504.57147023289264}
{"step": 120, "epoch": 2, "train_loss": 0.5516812133789063, "clip_fraction": 0.29, "gradient_norm_mean": 1033.1025, "gradient_norm_max": 16420.12109375, "step_seconds": 0.12812943011522293, "innovation_std_sum": 432.013885583381, "noise_marginal_std_sum": 504.57147023289264}
{"epoch": 2, "step": 124, "train_loss": 0.5104353726294732, "clip_fraction": 0.30790322580645163, "epsilon": 8.92841099823688, "accuracy": 0.7878440366972477, "validation_loss": 0.6262894376702265, "validation_examples": 872}
{"step": 130, "epoch": 3, "train_loss": 0.45404510498046874, "clip_fraction": 0.265, "gradient_norm_mean": 1074.705125, "gradient_norm_max": 16363.3701171875, "step_seconds": 0.12743664719164371, "innovation_std_sum": 432.013885583381, "noise_marginal_std_sum": 504.57147023289264}
{"step": 140, "epoch": 3, "train_loss": 0.45062875366210936, "clip_fraction": 0.246, "gradient_norm_mean": 888.4375, "gradient_norm_max": 12943.2109375, "step_seconds": 0.12751059979200363, "innovation_std_sum": 432.013885583381, "noise_marginal_std_sum": 504.57147023289264}
{"step": 150, "epoch": 3, "train_loss": 0.510330078125, "clip_fraction": 0.265, "gradient_norm_mean": 1042.6900625, "gradient_norm_max": 18066.15625, "step_seconds": 0.12682475335896015, "innovation_std_sum": 432.013885583381, "noise_marginal_std_sum": 504.57147023289264}
{"step": 160, "epoch": 3, "train_loss": 0.49389276123046877, "clip_fraction": 0.261, "gradient_norm_mean": 958.1705625, "gradient_norm_max": 17819.48828125, "step_seconds": 0.12744970619678497, "innovation_std_sum": 432.013885583381, "noise_marginal_std_sum": 504.57147023289264}
{"step": 170, "epoch": 3, "train_loss": 0.4286993713378906, "clip_fraction": 0.242, "gradient_norm_mean": 902.375, "gradient_norm_max": 15755.7255859375, "step_seconds": 0.12720831111073494, "innovation_std_sum": 432.013885583381, "noise_marginal_std_sum": 504.57147023289264}
{"step": 180, "epoch": 3, "train_loss": 0.49947601318359375, "clip_fraction": 0.265, "gradient_norm_mean": 1016.8225, "gradient_norm_max": 18421.35546875, "step_seconds": 0.12736976705491543, "innovation_std_sum": 432.013885583381, "noise_marginal_std_sum": 504.57147023289264}
{"epoch": 3, "step": 186, "train_loss": 0.4745632107642389, "clip_fraction": 0.259241935483871, "epsilon": 11.524728508666009, "accuracy": 0.7924311926605505, "validation_loss": 0.6346982903436783, "validation_examples": 872}
{"step": 190, "epoch": 4, "train_loss": 0.5066696166992187, "clip_fraction": 0.252, "gradient_norm_mean": 964.5685625, "gradient_norm_max": 13732.796875, "step_seconds": 0.12707004137337208, "innovation_std_sum": 432.013885583381, "noise_marginal_std_sum": 504.57147023289264}
{"step": 200, "epoch": 4, "train_loss": 0.43515838623046876, "clip_fraction": 0.232, "gradient_norm_mean": 852.0346875, "gradient_norm_max": 17338.22265625, "step_seconds": 0.12733787670731544, "innovation_std_sum": 432.013885583381, "noise_marginal_std_sum": 504.57147023289264}
{"step": 210, "epoch": 4, "train_loss": 0.41445208740234374, "clip_fraction": 0.218, "gradient_norm_mean": 812.3475625, "gradient_norm_max": 14523.2548828125, "step_seconds": 0.1277806367725134, "innovation_std_sum": 432.013885583381, "noise_marginal_std_sum": 504.57147023289264}
{"step": 220, "epoch": 4, "train_loss": 0.4474497375488281, "clip_fraction": 0.226, "gradient_norm_mean": 783.8205625, "gradient_norm_max": 21256.03515625, "step_seconds": 0.1283613983541727, "innovation_std_sum": 432.013885583381, "noise_marginal_std_sum": 504.57147023289264}
{"step": 230, "epoch": 4, "train_loss": 0.4854164733886719, "clip_fraction": 0.245, "gradient_norm_mean": 970.3569375, "gradient_norm_max": 19062.908203125, "step_seconds": 0.1280260942876339, "innovation_std_sum": 432.013885583381, "noise_marginal_std_sum": 504.57147023289264}
{"step": 240, "epoch": 4, "train_loss": 0.3850081787109375, "clip_fraction": 0.209, "gradient_norm_mean": 803.463625, "gradient_norm_max": 19312.24609375, "step_seconds": 0.1270438078790903, "innovation_std_sum": 432.013885583381, "noise_marginal_std_sum": 504.57147023289264}
{"epoch": 4, "step": 248, "train_loss": 0.45857850499306957, "clip_fraction": 0.23433870967741935, "epsilon": 13.849185106256193, "accuracy": 0.8038990825688074, "validation_loss": 0.6356924520720035, "validation_examples": 872}
{"step": 250, "epoch": 5, "train_loss": 0.41930206298828127, "clip_fraction": 0.22, "gradient_norm_mean": 972.436625, "gradient_norm_max": 18814.576171875, "step_seconds": 0.12851771339774132, "innovation_std_sum": 432.013885583381, "noise_marginal_std_sum": 504.57147023289264}
{"step": 260, "epoch": 5, "train_loss": 0.4592410888671875, "clip_fraction": 0.213, "gradient_norm_mean": 996.2081875, "gradient_norm_max": 18108.896484375, "step_seconds": 0.12800534814596176, "innovation_std_sum": 432.013885583381, "noise_marginal_std_sum": 504.57147023289264}
{"step": 270, "epoch": 5, "train_loss": 0.479956787109375, "clip_fraction": 0.235, "gradient_norm_mean": 931.2503125, "gradient_norm_max": 17867.705078125, "step_seconds": 0.12814654596149921, "innovation_std_sum": 432.013885583381, "noise_marginal_std_sum": 504.57147023289264}
{"step": 280, "epoch": 5, "train_loss": 0.3985443115234375, "clip_fraction": 0.204, "gradient_norm_mean": 926.66025, "gradient_norm_max": 27190.998046875, "step_seconds": 0.12669585272669792, "innovation_std_sum": 432.013885583381, "noise_marginal_std_sum": 504.57147023289264}
{"step": 290, "epoch": 5, "train_loss": 0.4027297668457031, "clip_fraction": 0.204, "gradient_norm_mean": 842.1545625, "gradient_norm_max": 16782.330078125, "step_seconds": 0.12906178645789623, "innovation_std_sum": 432.013885583381, "noise_marginal_std_sum": 504.57147023289264}
{"step": 300, "epoch": 5, "train_loss": 0.42635064697265623, "clip_fraction": 0.205, "gradient_norm_mean": 878.9521875, "gradient_norm_max": 24290.390625, "step_seconds": 0.1280715223401785, "innovation_std_sum": 432.013885583381, "noise_marginal_std_sum": 504.57147023289264}
{"step": 310, "epoch": 5, "train_loss": 0.4252585754394531, "clip_fraction": 0.212, "gradient_norm_mean": 829.6235625, "gradient_norm_max": 19996.640625, "step_seconds": 0.12938566878437996, "innovation_std_sum": 432.013885583381, "noise_marginal_std_sum": 504.57147023289264}
{"epoch": 5, "step": 310, "train_loss": 0.4445493621826172, "clip_fraction": 0.21735483870967742, "epsilon": 16.000000000000018, "accuracy": 0.805045871559633, "validation_loss": 0.6584580841414426, "validation_examples": 872}
