/home/longt29/miniconda3/envs/curve/lib/python3.11/site-packages/torchvision/datasets/cifar.py:83: VisibleDeprecationWarning: dtype(): align should be passed as Python or NumPy boolean but got `align=0`. Did you mean to pass a tuple to create a subarray type? (Deprecated NumPy 2.4)
  entry = pickle.load(f, encoding="latin1")
{"status": "running", "method": "mf_muon_standard", "seed": 20261001, "calibration": {"target_mu": 1.6660305978457184, "sensitivity": 7.852751308631718, "innovation_std_sum": 47.134496321891184, "adjacency": "add_remove_zero_out", "k": 5, "b_participation": 50, "sampling_amplification": false}, "coefficients": [1.0, -0.95, -0.0012500000000000844, -0.001187499999999897]}
sys:1: UserWarning: Full backward hook is firing when gradients are computed with respect to module outputs since no inputs require gradients. See https://docs.pytorch.org/docs/main/generated/torch.nn.Module.html#torch.nn.Module.register_full_backward_hook for more details.
{"event": "logical_progress", "step": 1, "train_loss": 5.1808095703125, "clip_fraction": 1.0}
{"event": "logical_progress", "step": 25, "train_loss": 4.642356982421875, "clip_fraction": 1.0}
{"event": "logical_progress", "step": 50, "train_loss": 4.288533375244141, "clip_fraction": 1.0}
{"epoch": 1, "logical_steps": 50, "train_examples": 50000, "train_loss": 4.288533375244141, "test_loss": 3.399150231933594, "test_top1": 0.2117, "clip_fraction": 1.0, "epsilon": 2.8734263506543494, "delta": 1e-05, "seconds": 133.41778868902475}
{"event": "logical_progress", "step": 75, "train_loss": 3.2491529150390623, "clip_fraction": 1.0}
{"event": "logical_progress", "step": 100, "train_loss": 2.9786973962402343, "clip_fraction": 0.9994}
{"epoch": 2, "logical_steps": 100, "train_examples": 50000, "train_loss": 2.9786973962402343, "test_loss": 2.1559171600341798, "test_top1": 0.4764, "clip_fraction": 0.9994, "epsilon": 4.494876969944211, "delta": 1e-05, "seconds": 264.3053749278188}
{"event": "logical_progress", "step": 125, "train_loss": 2.3280326635742186, "clip_fraction": 0.99392}
{"event": "logical_progress", "step": 150, "train_loss": 2.1885918988037107, "clip_fraction": 0.98742}
{"epoch": 3, "logical_steps": 150, "train_examples": 50000, "train_loss": 2.1885918988037107, "test_loss": 1.5276571533203125, "test_top1": 0.6028, "clip_fraction": 0.98742, "epsilon": 5.80735122553571, "delta": 1e-05, "seconds": 393.5100101651624}
{"event": "logical_progress", "step": 175, "train_loss": 1.8772288024902344, "clip_fraction": 0.95964}
{"event": "logical_progress", "step": 200, "train_loss": 1.7960437890625, "clip_fraction": 0.9449}
{"epoch": 4, "logical_steps": 200, "train_examples": 50000, "train_loss": 1.7960437890625, "test_loss": 1.2037551818847656, "test_top1": 0.67, "clip_fraction": 0.9449, "epsilon": 6.9556279168064306, "delta": 1e-05, "seconds": 522.3197825476527}
{"event": "logical_progress", "step": 225, "train_loss": 1.6349754846191407, "clip_fraction": 0.90584}
{"event": "logical_progress", "step": 250, "train_loss": 1.5787711297607423, "clip_fraction": 0.89088}
{"epoch": 5, "logical_steps": 250, "train_examples": 50000, "train_loss": 1.5787711297607423, "test_loss": 1.0154394744873048, "test_top1": 0.7125, "clip_fraction": 0.89088, "epsilon": 8.000000000000005, "delta": 1e-05, "seconds": 651.8662119321525}
{"status": "completed", "result_dir": "/media/data/data/lt/dp-adam-correlated/exp3/results/search/C/c06_clip_10"}
