Loading weights:   0%|          | 0/39 [00:00<?, ?it/s]Loading weights: 100%|██████████| 39/39 [00:00<00:00, 8142.66it/s]
[transformers] [1mBertModel LOAD REPORT[0m from: /media/data/data/lt/dp-adam-correlated/cache/bert-tiny
Key                                        | Status     |  | 
-------------------------------------------+------------+--+-
cls.predictions.transform.LayerNorm.bias   | UNEXPECTED |  | 
cls.predictions.decoder.weight             | UNEXPECTED |  | 
cls.predictions.transform.dense.bias       | UNEXPECTED |  | 
cls.predictions.transform.LayerNorm.weight | UNEXPECTED |  | 
cls.seq_relationship.bias                  | UNEXPECTED |  | 
cls.predictions.bias                       | UNEXPECTED |  | 
cls.seq_relationship.weight                | UNEXPECTED |  | 
cls.predictions.decoder.bias               | UNEXPECTED |  | 
cls.predictions.transform.dense.weight     | UNEXPECTED |  | 

Notes:
- UNEXPECTED:	can be ignored when loading from different task/architecture; not ok if you expect identical arch.
sys:1: UserWarning: Full backward hook is firing when gradients are computed with respect to module outputs since no inputs require gradients. See https://docs.pytorch.org/docs/main/generated/torch.nn.Module.html#torch.nn.Module.register_full_backward_hook for more details.
{"step": 10, "epoch": 1, "train_loss": 0.6867047729492187, "clip_fraction": 0.002, "gradient_norm_mean": 101.5166875, "gradient_norm_max": 206.89599609375, "step_seconds": 0.2666578646749258, "innovation_std_sum": 502.27445158855346, "noise_marginal_std_sum": 586.6324369556456}
{"step": 20, "epoch": 1, "train_loss": 0.635052978515625, "clip_fraction": 0.061, "gradient_norm_mean": 134.585734375, "gradient_norm_max": 264.80413818359375, "step_seconds": 0.26568492129445076, "innovation_std_sum": 502.27445158855346, "noise_marginal_std_sum": 586.6324369556456}
{"step": 30, "epoch": 1, "train_loss": 0.5919942016601563, "clip_fraction": 0.443, "gradient_norm_mean": 187.4604375, "gradient_norm_max": 508.5676574707031, "step_seconds": 0.26510672084987164, "innovation_std_sum": 502.27445158855346, "noise_marginal_std_sum": 586.6324369556456}
{"step": 40, "epoch": 1, "train_loss": 0.5663955078125, "clip_fraction": 0.587, "gradient_norm_mean": 264.192375, "gradient_norm_max": 896.5029907226562, "step_seconds": 0.27002735435962677, "innovation_std_sum": 502.27445158855346, "noise_marginal_std_sum": 586.6324369556456}
{"step": 50, "epoch": 1, "train_loss": 0.559838134765625, "clip_fraction": 0.554, "gradient_norm_mean": 353.3755, "gradient_norm_max": 1450.537109375, "step_seconds": 0.26968601904809475, "innovation_std_sum": 502.27445158855346, "noise_marginal_std_sum": 586.6324369556456}
{"step": 60, "epoch": 1, "train_loss": 0.5669689331054687, "clip_fraction": 0.497, "gradient_norm_mean": 409.9565625, "gradient_norm_max": 2353.876708984375, "step_seconds": 0.2710845898836851, "innovation_std_sum": 502.27445158855346, "noise_marginal_std_sum": 586.6324369556456}
{"epoch": 1, "step": 62, "train_loss": 0.6010665785266507, "clip_fraction": 0.33011290322580644, "epsilon": 3.054089440266451, "accuracy": 0.7573378201532996, "validation_loss": 0.5840623413074527, "validation_examples": 5349}
{"step": 70, "epoch": 2, "train_loss": 0.5846177368164063, "clip_fraction": 0.447, "gradient_norm_mean": 448.2400625, "gradient_norm_max": 3145.5009765625, "step_seconds": 0.2663231883198023, "innovation_std_sum": 502.27445158855346, "noise_marginal_std_sum": 586.6324369556456}
{"step": 80, "epoch": 2, "train_loss": 0.593666259765625, "clip_fraction": 0.448, "gradient_norm_mean": 439.9305625, "gradient_norm_max": 2768.620849609375, "step_seconds": 0.2714685034006834, "innovation_std_sum": 502.27445158855346, "noise_marginal_std_sum": 586.6324369556456}
{"step": 90, "epoch": 2, "train_loss": 0.583229248046875, "clip_fraction": 0.396, "gradient_norm_mean": 390.57859375, "gradient_norm_max": 2819.37841796875, "step_seconds": 0.2715055216103792, "innovation_std_sum": 502.27445158855346, "noise_marginal_std_sum": 586.6324369556456}
{"step": 100, "epoch": 2, "train_loss": 0.574269775390625, "clip_fraction": 0.38, "gradient_norm_mean": 392.01846875, "gradient_norm_max": 2610.612548828125, "step_seconds": 0.2710255663841963, "innovation_std_sum": 502.27445158855346, "noise_marginal_std_sum": 586.6324369556456}
{"step": 110, "epoch": 2, "train_loss": 0.5127705078125, "clip_fraction": 0.359, "gradient_norm_mean": 358.087375, "gradient_norm_max": 2518.26416015625, "step_seconds": 0.27146896347403526, "innovation_std_sum": 502.27445158855346, "noise_marginal_std_sum": 586.6324369556456}
{"step": 120, "epoch": 2, "train_loss": 0.4793487548828125, "clip_fraction": 0.349, "gradient_norm_mean": 358.9775625, "gradient_norm_max": 3734.665771484375, "step_seconds": 0.27084240689873695, "innovation_std_sum": 502.27445158855346, "noise_marginal_std_sum": 586.6324369556456}
{"epoch": 2, "step": 124, "train_loss": 0.5588300909226941, "clip_fraction": 0.4058709677419355, "epsilon": 4.610238743691153, "accuracy": 0.792858478220228, "validation_loss": 0.5405834531044154, "validation_examples": 5349}
{"step": 130, "epoch": 3, "train_loss": 0.5004744262695312, "clip_fraction": 0.368, "gradient_norm_mean": 368.99128125, "gradient_norm_max": 3214.490234375, "step_seconds": 0.18053223565220833, "innovation_std_sum": 502.27445158855346, "noise_marginal_std_sum": 586.6324369556456}
{"step": 140, "epoch": 3, "train_loss": 0.5191837768554688, "clip_fraction": 0.362, "gradient_norm_mean": 394.48859375, "gradient_norm_max": 2990.84033203125, "step_seconds": 0.27164049074053764, "innovation_std_sum": 502.27445158855346, "noise_marginal_std_sum": 586.6324369556456}
{"step": 150, "epoch": 3, "train_loss": 0.5275555419921875, "clip_fraction": 0.348, "gradient_norm_mean": 351.54625, "gradient_norm_max": 3246.825439453125, "step_seconds": 0.27157536521553993, "innovation_std_sum": 502.27445158855346, "noise_marginal_std_sum": 586.6324369556456}
{"step": 160, "epoch": 3, "train_loss": 0.5361123657226563, "clip_fraction": 0.359, "gradient_norm_mean": 355.49146875, "gradient_norm_max": 3709.14501953125, "step_seconds": 0.2705689799040556, "innovation_std_sum": 502.27445158855346, "noise_marginal_std_sum": 586.6324369556456}
{"step": 170, "epoch": 3, "train_loss": 0.5368258056640625, "clip_fraction": 0.353, "gradient_norm_mean": 371.98575, "gradient_norm_max": 2944.141357421875, "step_seconds": 0.2707064412534237, "innovation_std_sum": 502.27445158855346, "noise_marginal_std_sum": 586.6324369556456}
{"step": 180, "epoch": 3, "train_loss": 0.5143258056640625, "clip_fraction": 0.335, "gradient_norm_mean": 350.585125, "gradient_norm_max": 3078.5576171875, "step_seconds": 0.2707112021744251, "innovation_std_sum": 502.27445158855346, "noise_marginal_std_sum": 586.6324369556456}
{"epoch": 3, "step": 186, "train_loss": 0.506803705523091, "clip_fraction": 0.3468225806451613, "epsilon": 5.873890881586911, "accuracy": 0.8149186763881099, "validation_loss": 0.48993474083495914, "validation_examples": 5349}
{"step": 190, "epoch": 4, "train_loss": 0.4285465087890625, "clip_fraction": 0.317, "gradient_norm_mean": 324.38428125, "gradient_norm_max": 3371.50390625, "step_seconds": 0.270772822201252, "innovation_std_sum": 502.27445158855346, "noise_marginal_std_sum": 586.6324369556456}
{"step": 200, "epoch": 4, "train_loss": 0.5000343627929688, "clip_fraction": 0.343, "gradient_norm_mean": 369.052, "gradient_norm_max": 4072.464599609375, "step_seconds": 0.1328679472208023, "innovation_std_sum": 502.27445158855346, "noise_marginal_std_sum": 586.6324369556456}
{"step": 210, "epoch": 4, "train_loss": 0.48794955444335936, "clip_fraction": 0.324, "gradient_norm_mean": 368.4113125, "gradient_norm_max": 3563.822509765625, "step_seconds": 0.27080625854432583, "innovation_std_sum": 502.27445158855346, "noise_marginal_std_sum": 586.6324369556456}
{"step": 220, "epoch": 4, "train_loss": 0.47709930419921875, "clip_fraction": 0.302, "gradient_norm_mean": 310.74934375, "gradient_norm_max": 3687.190185546875, "step_seconds": 0.2706146687269211, "innovation_std_sum": 502.27445158855346, "noise_marginal_std_sum": 586.6324369556456}
{"step": 230, "epoch": 4, "train_loss": 0.4677724609375, "clip_fraction": 0.329, "gradient_norm_mean": 364.700875, "gradient_norm_max": 3870.842529296875, "step_seconds": 0.2707994971424341, "innovation_std_sum": 502.27445158855346, "noise_marginal_std_sum": 586.6324369556456}
{"step": 240, "epoch": 4, "train_loss": 0.4850248718261719, "clip_fraction": 0.309, "gradient_norm_mean": 359.8213125, "gradient_norm_max": 4401.234375, "step_seconds": 0.2711578235030174, "innovation_std_sum": 502.27445158855346, "noise_marginal_std_sum": 586.6324369556456}
{"epoch": 4, "step": 248, "train_loss": 0.4748993397374307, "clip_fraction": 0.31, "epsilon": 6.985551657770655, "accuracy": 0.8188446438586652, "validation_loss": 0.4829963199845829, "validation_examples": 5349}
{"step": 250, "epoch": 5, "train_loss": 0.4938990173339844, "clip_fraction": 0.283, "gradient_norm_mean": 327.107375, "gradient_norm_max": 3910.27490234375, "step_seconds": 0.2659617643803358, "innovation_std_sum": 502.27445158855346, "noise_marginal_std_sum": 586.6324369556456}
{"step": 260, "epoch": 5, "train_loss": 0.46400579833984373, "clip_fraction": 0.288, "gradient_norm_mean": 327.762625, "gradient_norm_max": 4433.6943359375, "step_seconds": 0.2668415531516075, "innovation_std_sum": 502.27445158855346, "noise_marginal_std_sum": 586.6324369556456}
{"step": 270, "epoch": 5, "train_loss": 0.44602398681640626, "clip_fraction": 0.295, "gradient_norm_mean": 289.670125, "gradient_norm_max": 4101.275390625, "step_seconds": 0.26827913150191307, "innovation_std_sum": 502.27445158855346, "noise_marginal_std_sum": 586.6324369556456}
{"step": 280, "epoch": 5, "train_loss": 0.4425810241699219, "clip_fraction": 0.294, "gradient_norm_mean": 314.311125, "gradient_norm_max": 4329.29931640625, "step_seconds": 0.2692321725189686, "innovation_std_sum": 502.27445158855346, "noise_marginal_std_sum": 586.6324369556456}
{"step": 290, "epoch": 5, "train_loss": 0.42872955322265627, "clip_fraction": 0.277, "gradient_norm_mean": 294.33028125, "gradient_norm_max": 3782.764892578125, "step_seconds": 0.27118517830967903, "innovation_std_sum": 502.27445158855346, "noise_marginal_std_sum": 586.6324369556456}
{"step": 300, "epoch": 5, "train_loss": 0.43275961303710936, "clip_fraction": 0.267, "gradient_norm_mean": 291.9355, "gradient_norm_max": 4834.6767578125, "step_seconds": 0.27097962237894535, "innovation_std_sum": 502.27445158855346, "noise_marginal_std_sum": 586.6324369556456}
{"step": 310, "epoch": 5, "train_loss": 0.48793505859375, "clip_fraction": 0.296, "gradient_norm_mean": 312.6369375, "gradient_norm_max": 3516.883056640625, "step_seconds": 0.26996124163269997, "innovation_std_sum": 502.27445158855346, "noise_marginal_std_sum": 586.6324369556456}
{"epoch": 5, "step": 310, "train_loss": 0.45632964644893526, "clip_fraction": 0.28616129032258064, "epsilon": 8.000000000000005, "accuracy": 0.8244531688166012, "validation_loss": 0.46236349110470504, "validation_examples": 5349}
