Loading weights:   0%|          | 0/39 [00:00<?, ?it/s]Loading weights: 100%|██████████| 39/39 [00:00<00:00, 19172.28it/s]
[transformers] [1mBertModel LOAD REPORT[0m from: /media/data/data/lt/dp-adam-correlated/cache/bert-tiny
Key                                        | Status     |  | 
-------------------------------------------+------------+--+-
cls.predictions.transform.dense.weight     | UNEXPECTED |  | 
cls.predictions.bias                       | UNEXPECTED |  | 
cls.seq_relationship.weight                | UNEXPECTED |  | 
cls.predictions.decoder.bias               | UNEXPECTED |  | 
cls.seq_relationship.bias                  | UNEXPECTED |  | 
cls.predictions.decoder.weight             | UNEXPECTED |  | 
cls.predictions.transform.LayerNorm.bias   | UNEXPECTED |  | 
cls.predictions.transform.dense.bias       | UNEXPECTED |  | 
cls.predictions.transform.LayerNorm.weight | UNEXPECTED |  | 

Notes:
- UNEXPECTED:	can be ignored when loading from different task/architecture; not ok if you expect identical arch.
sys:1: UserWarning: Full backward hook is firing when gradients are computed with respect to module outputs since no inputs require gradients. See https://docs.pytorch.org/docs/main/generated/torch.nn.Module.html#torch.nn.Module.register_full_backward_hook for more details.
{"step": 10, "epoch": 1, "train_loss": 0.6415377197265625, "clip_fraction": 0.386, "gradient_norm_mean": 281.604, "gradient_norm_max": 615.5784912109375, "step_seconds": 0.17481562122702599, "innovation_std_sum": 753.4116773828302, "noise_marginal_std_sum": 879.9486554334685}
{"step": 20, "epoch": 1, "train_loss": 0.5856497802734375, "clip_fraction": 0.595, "gradient_norm_mean": 424.5578125, "gradient_norm_max": 1290.0247802734375, "step_seconds": 0.2592581082135439, "innovation_std_sum": 753.4116773828302, "noise_marginal_std_sum": 879.9486554334685}
{"step": 30, "epoch": 1, "train_loss": 0.6357440185546875, "clip_fraction": 0.519, "gradient_norm_mean": 659.405125, "gradient_norm_max": 2670.4296875, "step_seconds": 0.2597955409437418, "innovation_std_sum": 753.4116773828302, "noise_marginal_std_sum": 879.9486554334685}
{"step": 40, "epoch": 1, "train_loss": 0.6433760986328125, "clip_fraction": 0.427, "gradient_norm_mean": 717.54675, "gradient_norm_max": 3959.39453125, "step_seconds": 0.25948369316756725, "innovation_std_sum": 753.4116773828302, "noise_marginal_std_sum": 879.9486554334685}
{"step": 50, "epoch": 1, "train_loss": 0.6340836181640624, "clip_fraction": 0.424, "gradient_norm_mean": 674.059625, "gradient_norm_max": 5026.203125, "step_seconds": 0.260425191372633, "innovation_std_sum": 753.4116773828302, "noise_marginal_std_sum": 879.9486554334685}
{"step": 60, "epoch": 1, "train_loss": 0.48700909423828126, "clip_fraction": 0.395, "gradient_norm_mean": 586.1795, "gradient_norm_max": 3925.69384765625, "step_seconds": 0.2612229213118553, "innovation_std_sum": 753.4116773828302, "noise_marginal_std_sum": 879.9486554334685}
{"epoch": 1, "step": 62, "train_loss": 0.6163352917086694, "clip_fraction": 0.46366129032258063, "epsilon": 3.0540894402664507, "accuracy": 0.7477064220183486, "validation_loss": 0.652178834337707, "validation_examples": 872}
{"step": 70, "epoch": 2, "train_loss": 0.5961484985351563, "clip_fraction": 0.395, "gradient_norm_mean": 605.0739375, "gradient_norm_max": 4702.96533203125, "step_seconds": 0.26650082506239414, "innovation_std_sum": 753.4116773828302, "noise_marginal_std_sum": 879.9486554334685}
{"step": 80, "epoch": 2, "train_loss": 0.47553607177734375, "clip_fraction": 0.331, "gradient_norm_mean": 478.5465625, "gradient_norm_max": 4207.1767578125, "step_seconds": 0.268384026363492, "innovation_std_sum": 753.4116773828302, "noise_marginal_std_sum": 879.9486554334685}
{"step": 90, "epoch": 2, "train_loss": 0.5101826171875, "clip_fraction": 0.355, "gradient_norm_mean": 507.0583125, "gradient_norm_max": 3449.013427734375, "step_seconds": 0.26708470843732357, "innovation_std_sum": 753.4116773828302, "noise_marginal_std_sum": 879.9486554334685}
{"step": 100, "epoch": 2, "train_loss": 0.49069537353515624, "clip_fraction": 0.339, "gradient_norm_mean": 470.35175, "gradient_norm_max": 4107.03466796875, "step_seconds": 0.27059567905962467, "innovation_std_sum": 753.4116773828302, "noise_marginal_std_sum": 879.9486554334685}
{"step": 110, "epoch": 2, "train_loss": 0.474326171875, "clip_fraction": 0.326, "gradient_norm_mean": 430.9359375, "gradient_norm_max": 4501.2470703125, "step_seconds": 0.27210804261267185, "innovation_std_sum": 753.4116773828302, "noise_marginal_std_sum": 879.9486554334685}
{"step": 120, "epoch": 2, "train_loss": 0.51481396484375, "clip_fraction": 0.329, "gradient_norm_mean": 427.7104375, "gradient_norm_max": 3680.960693359375, "step_seconds": 0.2577743586152792, "innovation_std_sum": 753.4116773828302, "noise_marginal_std_sum": 879.9486554334685}
{"epoch": 2, "step": 124, "train_loss": 0.4987741418653919, "clip_fraction": 0.34469354838709676, "epsilon": 4.610238743691145, "accuracy": 0.7729357798165137, "validation_loss": 0.5582429597137171, "validation_examples": 872}
{"step": 130, "epoch": 3, "train_loss": 0.43302206420898437, "clip_fraction": 0.305, "gradient_norm_mean": 423.064625, "gradient_norm_max": 3880.971435546875, "step_seconds": 0.2698273751884699, "innovation_std_sum": 753.4116773828302, "noise_marginal_std_sum": 879.9486554334685}
{"step": 140, "epoch": 3, "train_loss": 0.418757080078125, "clip_fraction": 0.276, "gradient_norm_mean": 365.25371875, "gradient_norm_max": 3630.568603515625, "step_seconds": 0.27210100553929806, "innovation_std_sum": 753.4116773828302, "noise_marginal_std_sum": 879.9486554334685}
{"step": 150, "epoch": 3, "train_loss": 0.45827862548828124, "clip_fraction": 0.29, "gradient_norm_mean": 407.86315625, "gradient_norm_max": 3991.71142578125, "step_seconds": 0.2699774894863367, "innovation_std_sum": 753.4116773828302, "noise_marginal_std_sum": 879.9486554334685}
{"step": 160, "epoch": 3, "train_loss": 0.4417260131835937, "clip_fraction": 0.29, "gradient_norm_mean": 381.83284375, "gradient_norm_max": 3867.51513671875, "step_seconds": 0.27089621499180794, "innovation_std_sum": 753.4116773828302, "noise_marginal_std_sum": 879.9486554334685}
{"step": 170, "epoch": 3, "train_loss": 0.39654931640625, "clip_fraction": 0.27, "gradient_norm_mean": 347.539875, "gradient_norm_max": 3549.852783203125, "step_seconds": 0.25357391871511936, "innovation_std_sum": 753.4116773828302, "noise_marginal_std_sum": 879.9486554334685}
{"step": 180, "epoch": 3, "train_loss": 0.4552076416015625, "clip_fraction": 0.297, "gradient_norm_mean": 381.2540625, "gradient_norm_max": 3734.026611328125, "step_seconds": 0.26683344691991806, "innovation_std_sum": 753.4116773828302, "noise_marginal_std_sum": 879.9486554334685}
{"epoch": 3, "step": 186, "train_loss": 0.4416958308066091, "clip_fraction": 0.2919516129032258, "epsilon": 5.873890881586911, "accuracy": 0.7786697247706422, "validation_loss": 0.552108524042532, "validation_examples": 872}
{"step": 190, "epoch": 4, "train_loss": 0.4624451904296875, "clip_fraction": 0.28, "gradient_norm_mean": 353.7821875, "gradient_norm_max": 3953.51708984375, "step_seconds": 0.2702467832714319, "innovation_std_sum": 753.4116773828302, "noise_marginal_std_sum": 879.9486554334685}
{"step": 200, "epoch": 4, "train_loss": 0.40652935791015626, "clip_fraction": 0.258, "gradient_norm_mean": 327.9246875, "gradient_norm_max": 4643.041015625, "step_seconds": 0.26919217593967915, "innovation_std_sum": 753.4116773828302, "noise_marginal_std_sum": 879.9486554334685}
{"step": 210, "epoch": 4, "train_loss": 0.3833119812011719, "clip_fraction": 0.253, "gradient_norm_mean": 314.97796875, "gradient_norm_max": 3894.712158203125, "step_seconds": 0.2729750871658325, "innovation_std_sum": 753.4116773828302, "noise_marginal_std_sum": 879.9486554334685}
{"step": 220, "epoch": 4, "train_loss": 0.4131253662109375, "clip_fraction": 0.26, "gradient_norm_mean": 323.34475, "gradient_norm_max": 4501.62841796875, "step_seconds": 0.2737594936043024, "innovation_std_sum": 753.4116773828302, "noise_marginal_std_sum": 879.9486554334685}
{"step": 230, "epoch": 4, "train_loss": 0.4315331420898437, "clip_fraction": 0.282, "gradient_norm_mean": 359.26440625, "gradient_norm_max": 4024.883056640625, "step_seconds": 0.27552247792482376, "innovation_std_sum": 753.4116773828302, "noise_marginal_std_sum": 879.9486554334685}
{"step": 240, "epoch": 4, "train_loss": 0.3499961547851563, "clip_fraction": 0.232, "gradient_norm_mean": 300.04465625, "gradient_norm_max": 4014.688720703125, "step_seconds": 0.27334164083004, "innovation_std_sum": 753.4116773828302, "noise_marginal_std_sum": 879.9486554334685}
{"epoch": 4, "step": 248, "train_loss": 0.41737193150674146, "clip_fraction": 0.2608548387096774, "epsilon": 6.985551657770655, "accuracy": 0.7763761467889908, "validation_loss": 0.5530603347568337, "validation_examples": 872}
{"step": 250, "epoch": 5, "train_loss": 0.39660675048828126, "clip_fraction": 0.24, "gradient_norm_mean": 358.0445, "gradient_norm_max": 4609.05029296875, "step_seconds": 0.2781773302704096, "innovation_std_sum": 753.4116773828302, "noise_marginal_std_sum": 879.9486554334685}
{"step": 260, "epoch": 5, "train_loss": 0.42173306274414063, "clip_fraction": 0.248, "gradient_norm_mean": 318.051125, "gradient_norm_max": 4098.46875, "step_seconds": 0.2696354314684868, "innovation_std_sum": 753.4116773828302, "noise_marginal_std_sum": 879.9486554334685}
{"step": 270, "epoch": 5, "train_loss": 0.42510763549804687, "clip_fraction": 0.259, "gradient_norm_mean": 339.1094375, "gradient_norm_max": 4212.5986328125, "step_seconds": 0.27122873067855835, "innovation_std_sum": 753.4116773828302, "noise_marginal_std_sum": 879.9486554334685}
{"step": 280, "epoch": 5, "train_loss": 0.3657598876953125, "clip_fraction": 0.233, "gradient_norm_mean": 328.3575625, "gradient_norm_max": 5217.77001953125, "step_seconds": 0.2682045605033636, "innovation_std_sum": 753.4116773828302, "noise_marginal_std_sum": 879.9486554334685}
{"step": 290, "epoch": 5, "train_loss": 0.38901022338867186, "clip_fraction": 0.248, "gradient_norm_mean": 340.83065625, "gradient_norm_max": 4483.568359375, "step_seconds": 0.2719742991030216, "innovation_std_sum": 753.4116773828302, "noise_marginal_std_sum": 879.9486554334685}
{"step": 300, "epoch": 5, "train_loss": 0.3744952392578125, "clip_fraction": 0.228, "gradient_norm_mean": 325.61975, "gradient_norm_max": 5023.4462890625, "step_seconds": 0.12995009310543537, "innovation_std_sum": 753.4116773828302, "noise_marginal_std_sum": 879.9486554334685}
{"step": 310, "epoch": 5, "train_loss": 0.39507952880859376, "clip_fraction": 0.24, "gradient_norm_mean": 318.59978125, "gradient_norm_max": 4783.87060546875, "step_seconds": 0.1320669688284397, "innovation_std_sum": 753.4116773828302, "noise_marginal_std_sum": 879.9486554334685}
{"epoch": 5, "step": 310, "train_loss": 0.4028870618266444, "clip_fraction": 0.2432258064516129, "epsilon": 8.000000000000005, "accuracy": 0.7878440366972477, "validation_loss": 0.5514746018505972, "validation_examples": 872}
