Loading weights:   0%|          | 0/39 [00:00<?, ?it/s]Loading weights: 100%|██████████| 39/39 [00:00<00:00, 18326.00it/s]
[transformers] [1mBertModel LOAD REPORT[0m from: /media/data/data/lt/dp-adam-correlated/cache/bert-tiny
Key                                        | Status     |  | 
-------------------------------------------+------------+--+-
cls.seq_relationship.weight                | UNEXPECTED |  | 
cls.predictions.transform.LayerNorm.bias   | UNEXPECTED |  | 
cls.predictions.transform.dense.bias       | UNEXPECTED |  | 
cls.seq_relationship.bias                  | UNEXPECTED |  | 
cls.predictions.bias                       | UNEXPECTED |  | 
cls.predictions.decoder.bias               | UNEXPECTED |  | 
cls.predictions.transform.dense.weight     | UNEXPECTED |  | 
cls.predictions.decoder.weight             | UNEXPECTED |  | 
cls.predictions.transform.LayerNorm.weight | UNEXPECTED |  | 

Notes:
- UNEXPECTED:	can be ignored when loading from different task/architecture; not ok if you expect identical arch.
sys:1: UserWarning: Full backward hook is firing when gradients are computed with respect to module outputs since no inputs require gradients. See https://docs.pytorch.org/docs/main/generated/torch.nn.Module.html#torch.nn.Module.register_full_backward_hook for more details.
{"step": 62, "epoch": 1.0, "train_loss": 0.6374189197171117, "clip_fraction": 0.48733870967741927, "validation_loss": 0.5980701140307505, "accuracy": 0.6938073394495413, "validation_examples": 872, "epsilon": 2.983473211150575}
{"step": 124, "epoch": 2.0, "train_loss": 0.607176052954889, "clip_fraction": 0.5828548387096775, "validation_loss": 0.7139252347683688, "accuracy": 0.7350917431192661, "validation_examples": 872, "epsilon": 4.566965972959099}
{"step": 186, "epoch": 3.0, "train_loss": 0.6350771838772683, "clip_fraction": 0.47714516129032264, "validation_loss": 0.7428494899644764, "accuracy": 0.7545871559633027, "validation_examples": 872, "epsilon": 5.849088165717443}
{"step": 248, "epoch": 4.0, "train_loss": 0.6206504998976183, "clip_fraction": 0.4376935483870969, "validation_loss": 0.7483718592092532, "accuracy": 0.7580275229357798, "validation_examples": 872, "epsilon": 6.974398475295221}
{"step": 310, "epoch": 5.0, "train_loss": 0.604700662920552, "clip_fraction": 0.4118709677419355, "validation_loss": 0.7488983311784376, "accuracy": 0.7580275229357798, "validation_examples": 872, "epsilon": 8.000000000000005}
