Loading weights:   0%|          | 0/39 [00:00<?, ?it/s]Loading weights: 100%|██████████| 39/39 [00:00<00:00, 9412.93it/s]
[transformers] [1mBertModel LOAD REPORT[0m from: /media/data/data/lt/dp-adam-correlated/cache/bert-tiny
Key                                        | Status     |  | 
-------------------------------------------+------------+--+-
cls.predictions.transform.LayerNorm.weight | UNEXPECTED |  | 
cls.predictions.transform.LayerNorm.bias   | UNEXPECTED |  | 
cls.predictions.decoder.bias               | UNEXPECTED |  | 
cls.predictions.decoder.weight             | UNEXPECTED |  | 
cls.predictions.transform.dense.weight     | UNEXPECTED |  | 
cls.seq_relationship.bias                  | UNEXPECTED |  | 
cls.predictions.bias                       | UNEXPECTED |  | 
cls.seq_relationship.weight                | UNEXPECTED |  | 
cls.predictions.transform.dense.bias       | UNEXPECTED |  | 

Notes:
- UNEXPECTED:	can be ignored when loading from different task/architecture; not ok if you expect identical arch.
sys:1: UserWarning: Full backward hook is firing when gradients are computed with respect to module outputs since no inputs require gradients. See https://docs.pytorch.org/docs/main/generated/torch.nn.Module.html#torch.nn.Module.register_full_backward_hook for more details.
{"step": 10, "epoch": 1, "train_loss": 0.6884754638671875, "clip_fraction": 0.0, "gradient_norm_mean": 36.7028984375, "gradient_norm_max": 57.22434616088867, "step_seconds": 0.2332825716584921, "innovation_std_sum": 502.27445158855346, "noise_marginal_std_sum": 586.6324369556456}
{"step": 20, "epoch": 1, "train_loss": 0.673643798828125, "clip_fraction": 0.0, "gradient_norm_mean": 34.5679609375, "gradient_norm_max": 57.184627532958984, "step_seconds": 0.2747250907123089, "innovation_std_sum": 502.27445158855346, "noise_marginal_std_sum": 586.6324369556456}
{"step": 30, "epoch": 1, "train_loss": 0.6711568603515625, "clip_fraction": 0.0, "gradient_norm_mean": 34.37287109375, "gradient_norm_max": 52.607967376708984, "step_seconds": 0.2759291026741266, "innovation_std_sum": 502.27445158855346, "noise_marginal_std_sum": 586.6324369556456}
{"step": 40, "epoch": 1, "train_loss": 0.6638587646484375, "clip_fraction": 0.0, "gradient_norm_mean": 34.8776171875, "gradient_norm_max": 56.31732940673828, "step_seconds": 0.2755300421267748, "innovation_std_sum": 502.27445158855346, "noise_marginal_std_sum": 586.6324369556456}
{"step": 50, "epoch": 1, "train_loss": 0.6631700439453125, "clip_fraction": 0.0, "gradient_norm_mean": 35.995625, "gradient_norm_max": 56.285400390625, "step_seconds": 0.2752555422484875, "innovation_std_sum": 502.27445158855346, "noise_marginal_std_sum": 586.6324369556456}
{"step": 60, "epoch": 1, "train_loss": 0.6631198120117188, "clip_fraction": 0.0, "gradient_norm_mean": 37.32275, "gradient_norm_max": 67.21371459960938, "step_seconds": 0.27599453181028366, "innovation_std_sum": 502.27445158855346, "noise_marginal_std_sum": 586.6324369556456}
{"epoch": 1, "step": 62, "train_loss": 0.6718792281612274, "clip_fraction": 0.0, "epsilon": 3.054089440266451, "accuracy": 0.6161899420452421, "validation_loss": 0.6561119363427853, "validation_examples": 5349}
{"step": 70, "epoch": 2, "train_loss": 0.65065283203125, "clip_fraction": 0.0, "gradient_norm_mean": 38.1655078125, "gradient_norm_max": 64.97234344482422, "step_seconds": 0.27623882330954075, "innovation_std_sum": 502.27445158855346, "noise_marginal_std_sum": 586.6324369556456}
{"step": 80, "epoch": 2, "train_loss": 0.6544962158203125, "clip_fraction": 0.0, "gradient_norm_mean": 40.2727421875, "gradient_norm_max": 75.83467864990234, "step_seconds": 0.27583923004567623, "innovation_std_sum": 502.27445158855346, "noise_marginal_std_sum": 586.6324369556456}
{"step": 90, "epoch": 2, "train_loss": 0.6427064208984375, "clip_fraction": 0.0, "gradient_norm_mean": 41.6010546875, "gradient_norm_max": 76.87765502929688, "step_seconds": 0.2757522650063038, "innovation_std_sum": 502.27445158855346, "noise_marginal_std_sum": 586.6324369556456}
{"step": 100, "epoch": 2, "train_loss": 0.6485929565429688, "clip_fraction": 0.0, "gradient_norm_mean": 44.04825, "gradient_norm_max": 80.08586120605469, "step_seconds": 0.27654826641082764, "innovation_std_sum": 502.27445158855346, "noise_marginal_std_sum": 586.6324369556456}
{"step": 110, "epoch": 2, "train_loss": 0.6398551025390625, "clip_fraction": 0.0, "gradient_norm_mean": 46.1191953125, "gradient_norm_max": 95.73943328857422, "step_seconds": 0.27783698216080666, "innovation_std_sum": 502.27445158855346, "noise_marginal_std_sum": 586.6324369556456}
{"step": 120, "epoch": 2, "train_loss": 0.6351058959960938, "clip_fraction": 0.0, "gradient_norm_mean": 48.93519921875, "gradient_norm_max": 91.15013885498047, "step_seconds": 0.2764461673796177, "innovation_std_sum": 502.27445158855346, "noise_marginal_std_sum": 586.6324369556456}
{"epoch": 2, "step": 124, "train_loss": 0.6457261618337323, "clip_fraction": 0.0, "epsilon": 4.610238743691153, "accuracy": 0.671527388296878, "validation_loss": 0.6232655179859389, "validation_examples": 5349}
{"step": 130, "epoch": 3, "train_loss": 0.6224436645507813, "clip_fraction": 0.0, "gradient_norm_mean": 50.45166796875, "gradient_norm_max": 118.45553588867188, "step_seconds": 0.2742810398340225, "innovation_std_sum": 502.27445158855346, "noise_marginal_std_sum": 586.6324369556456}
{"step": 140, "epoch": 3, "train_loss": 0.6241683959960938, "clip_fraction": 0.0, "gradient_norm_mean": 52.97340234375, "gradient_norm_max": 104.57144927978516, "step_seconds": 0.27113533951342106, "innovation_std_sum": 502.27445158855346, "noise_marginal_std_sum": 586.6324369556456}
{"step": 150, "epoch": 3, "train_loss": 0.6089761352539063, "clip_fraction": 0.0, "gradient_norm_mean": 54.81173828125, "gradient_norm_max": 125.52843475341797, "step_seconds": 0.27674044482409954, "innovation_std_sum": 502.27445158855346, "noise_marginal_std_sum": 586.6324369556456}
{"step": 160, "epoch": 3, "train_loss": 0.6160716552734375, "clip_fraction": 0.0, "gradient_norm_mean": 57.93025, "gradient_norm_max": 133.9197998046875, "step_seconds": 0.27615264244377613, "innovation_std_sum": 502.27445158855346, "noise_marginal_std_sum": 586.6324369556456}
{"step": 170, "epoch": 3, "train_loss": 0.6044599609375, "clip_fraction": 0.0, "gradient_norm_mean": 60.535734375, "gradient_norm_max": 134.5927734375, "step_seconds": 0.2884360682219267, "innovation_std_sum": 502.27445158855346, "noise_marginal_std_sum": 586.6324369556456}
{"step": 180, "epoch": 3, "train_loss": 0.6076576538085937, "clip_fraction": 0.0, "gradient_norm_mean": 62.9461640625, "gradient_norm_max": 142.300048828125, "step_seconds": 0.270885756239295, "innovation_std_sum": 502.27445158855346, "noise_marginal_std_sum": 586.6324369556456}
{"epoch": 3, "step": 186, "train_loss": 0.6131346346947455, "clip_fraction": 0.0, "epsilon": 5.873890881586911, "accuracy": 0.7096653580108432, "validation_loss": 0.5805853955833505, "validation_examples": 5349}
{"step": 190, "epoch": 4, "train_loss": 0.6016458740234375, "clip_fraction": 0.0, "gradient_norm_mean": 67.35771875, "gradient_norm_max": 150.71083068847656, "step_seconds": 0.27257225289940834, "innovation_std_sum": 502.27445158855346, "noise_marginal_std_sum": 586.6324369556456}
{"step": 200, "epoch": 4, "train_loss": 0.586572021484375, "clip_fraction": 0.0, "gradient_norm_mean": 67.332703125, "gradient_norm_max": 158.44180297851562, "step_seconds": 0.2739738132804632, "innovation_std_sum": 502.27445158855346, "noise_marginal_std_sum": 586.6324369556456}
{"step": 210, "epoch": 4, "train_loss": 0.5993953247070313, "clip_fraction": 0.0, "gradient_norm_mean": 70.6574375, "gradient_norm_max": 191.3965606689453, "step_seconds": 0.27371871657669544, "innovation_std_sum": 502.27445158855346, "noise_marginal_std_sum": 586.6324369556456}
{"step": 220, "epoch": 4, "train_loss": 0.5755494995117187, "clip_fraction": 0.0, "gradient_norm_mean": 71.6799921875, "gradient_norm_max": 181.39462280273438, "step_seconds": 0.2736961077898741, "innovation_std_sum": 502.27445158855346, "noise_marginal_std_sum": 586.6324369556456}
{"step": 230, "epoch": 4, "train_loss": 0.5693057250976562, "clip_fraction": 0.001, "gradient_norm_mean": 74.438859375, "gradient_norm_max": 209.09060668945312, "step_seconds": 0.17979294247925282, "innovation_std_sum": 502.27445158855346, "noise_marginal_std_sum": 586.6324369556456}
{"step": 240, "epoch": 4, "train_loss": 0.5579200439453125, "clip_fraction": 0.002, "gradient_norm_mean": 78.046515625, "gradient_norm_max": 215.74154663085938, "step_seconds": 0.1290645580738783, "innovation_std_sum": 502.27445158855346, "noise_marginal_std_sum": 586.6324369556456}
{"epoch": 4, "step": 248, "train_loss": 0.576667969734438, "clip_fraction": 0.00024193548387096774, "epsilon": 6.985551657770655, "accuracy": 0.7392035894559731, "validation_loss": 0.5376168712987524, "validation_examples": 5349}
{"step": 250, "epoch": 5, "train_loss": 0.56442431640625, "clip_fraction": 0.004, "gradient_norm_mean": 76.936625, "gradient_norm_max": 220.26959228515625, "step_seconds": 0.2703456934541464, "innovation_std_sum": 502.27445158855346, "noise_marginal_std_sum": 586.6324369556456}
{"step": 260, "epoch": 5, "train_loss": 0.5369486694335938, "clip_fraction": 0.003, "gradient_norm_mean": 79.209546875, "gradient_norm_max": 212.39974975585938, "step_seconds": 0.2728819455951452, "innovation_std_sum": 502.27445158855346, "noise_marginal_std_sum": 586.6324369556456}
{"step": 270, "epoch": 5, "train_loss": 0.545061279296875, "clip_fraction": 0.007, "gradient_norm_mean": 81.4664453125, "gradient_norm_max": 221.3428955078125, "step_seconds": 0.2735243886709213, "innovation_std_sum": 502.27445158855346, "noise_marginal_std_sum": 586.6324369556456}
{"step": 280, "epoch": 5, "train_loss": 0.53677978515625, "clip_fraction": 0.008, "gradient_norm_mean": 82.408640625, "gradient_norm_max": 227.17123413085938, "step_seconds": 0.2755560502409935, "innovation_std_sum": 502.27445158855346, "noise_marginal_std_sum": 586.6324369556456}
{"step": 290, "epoch": 5, "train_loss": 0.5298746337890625, "clip_fraction": 0.013, "gradient_norm_mean": 82.496046875, "gradient_norm_max": 259.37322998046875, "step_seconds": 0.269856259226799, "innovation_std_sum": 502.27445158855346, "noise_marginal_std_sum": 586.6324369556456}
{"step": 300, "epoch": 5, "train_loss": 0.52583544921875, "clip_fraction": 0.012, "gradient_norm_mean": 82.635359375, "gradient_norm_max": 247.91824340820312, "step_seconds": 0.13048222847282887, "innovation_std_sum": 502.27445158855346, "noise_marginal_std_sum": 586.6324369556456}
{"step": 310, "epoch": 5, "train_loss": 0.5437163696289062, "clip_fraction": 0.029, "gradient_norm_mean": 88.055390625, "gradient_norm_max": 285.6255187988281, "step_seconds": 0.13107785023748875, "innovation_std_sum": 502.27445158855346, "noise_marginal_std_sum": 586.6324369556456}
{"epoch": 5, "step": 310, "train_loss": 0.5426330792826991, "clip_fraction": 0.010790322580645162, "epsilon": 8.000000000000005, "accuracy": 0.7543466068424004, "validation_loss": 0.5053132250278235, "validation_examples": 5349}
