Loading weights:   0%|          | 0/39 [00:00<?, ?it/s]Loading weights: 100%|██████████| 39/39 [00:00<00:00, 19073.91it/s]
[transformers] [1mBertModel LOAD REPORT[0m from: /media/data/data/lt/dp-adam-correlated/cache/bert-tiny
Key                                        | Status     |  | 
-------------------------------------------+------------+--+-
cls.predictions.transform.dense.weight     | UNEXPECTED |  | 
cls.predictions.decoder.bias               | UNEXPECTED |  | 
cls.predictions.transform.LayerNorm.bias   | UNEXPECTED |  | 
cls.predictions.bias                       | UNEXPECTED |  | 
cls.predictions.transform.LayerNorm.weight | UNEXPECTED |  | 
cls.seq_relationship.bias                  | UNEXPECTED |  | 
cls.predictions.transform.dense.bias       | UNEXPECTED |  | 
cls.predictions.decoder.weight             | UNEXPECTED |  | 
cls.seq_relationship.weight                | UNEXPECTED |  | 

Notes:
- UNEXPECTED:	can be ignored when loading from different task/architecture; not ok if you expect identical arch.
sys:1: UserWarning: Full backward hook is firing when gradients are computed with respect to module outputs since no inputs require gradients. See https://docs.pytorch.org/docs/main/generated/torch.nn.Module.html#torch.nn.Module.register_full_backward_hook for more details.
{"step": 62, "epoch": 1.0, "train_loss": 1.4613614797284522, "clip_fraction": 0.8206612903225807, "validation_loss": 0.826286867124225, "accuracy": 0.6628440366972477, "validation_examples": 872, "epsilon": 3.1232925162148586}
{"step": 124, "epoch": 2.0, "train_loss": 1.097689188311177, "clip_fraction": 0.6521612903225807, "validation_loss": 1.4243075432033714, "accuracy": 0.7419724770642202, "validation_examples": 872, "epsilon": 4.650921021133028}
{"step": 186, "epoch": 3.0, "train_loss": 1.1519602789109753, "clip_fraction": 0.4883548387096774, "validation_loss": 1.349902502987363, "accuracy": 0.7534403669724771, "validation_examples": 872, "epsilon": 5.897172094191148}
{"step": 248, "epoch": 4.0, "train_loss": 1.0993905738092236, "clip_fraction": 0.4435483870967743, "validation_loss": 1.3248166600498585, "accuracy": 0.7557339449541285, "validation_examples": 872, "epsilon": 6.99603315708177}
{"step": 310, "epoch": 5.0, "train_loss": 1.058275399484942, "clip_fraction": 0.4148709677419355, "validation_loss": 1.3091821758025284, "accuracy": 0.7637614678899083, "validation_examples": 872, "epsilon": 8.000000000000005}
