Loading weights:   0%|          | 0/39 [00:00<?, ?it/s]Loading weights: 100%|██████████| 39/39 [00:00<00:00, 19009.63it/s]
[transformers] [1mBertModel LOAD REPORT[0m from: /media/data/data/lt/dp-adam-correlated/cache/bert-tiny
Key                                        | Status     |  | 
-------------------------------------------+------------+--+-
cls.predictions.decoder.weight             | UNEXPECTED |  | 
cls.predictions.transform.dense.bias       | UNEXPECTED |  | 
cls.predictions.decoder.bias               | UNEXPECTED |  | 
cls.predictions.bias                       | UNEXPECTED |  | 
cls.seq_relationship.weight                | UNEXPECTED |  | 
cls.predictions.transform.LayerNorm.bias   | UNEXPECTED |  | 
cls.seq_relationship.bias                  | UNEXPECTED |  | 
cls.predictions.transform.dense.weight     | UNEXPECTED |  | 
cls.predictions.transform.LayerNorm.weight | UNEXPECTED |  | 

Notes:
- UNEXPECTED:	can be ignored when loading from different task/architecture; not ok if you expect identical arch.
sys:1: UserWarning: Full backward hook is firing when gradients are computed with respect to module outputs since no inputs require gradients. See https://docs.pytorch.org/docs/main/generated/torch.nn.Module.html#torch.nn.Module.register_full_backward_hook for more details.
{"step": 10, "epoch": 1, "step_seconds": 0.26323086582124233, "innovation_std_sum": 2.290350584469516, "noise_marginal_std_sum": 2.5788827829474052, "pure_mf_cumulative_momentum_noise_variance": 1.7512576589066363e-05, "preconditioner_mean": 423.27447509765625, "preconditioner_change_relative": 0.08857282996177673, "denominator_lag_relative": 0.0, "block_age": 0}
{"step": 20, "epoch": 1, "step_seconds": 0.26181429997086525, "innovation_std_sum": 2.290350584469516, "noise_marginal_std_sum": 2.5788827829474052, "pure_mf_cumulative_momentum_noise_variance": 1.802331747445693e-05, "preconditioner_mean": 402.0875549316406, "preconditioner_change_relative": 0.03774586319923401, "denominator_lag_relative": 0.0, "block_age": 0}
{"step": 30, "epoch": 1, "step_seconds": 0.26481875218451023, "innovation_std_sum": 2.290350584469516, "noise_marginal_std_sum": 2.5788827829474052, "pure_mf_cumulative_momentum_noise_variance": 1.8461572619719523e-05, "preconditioner_mean": 395.6704406738281, "preconditioner_change_relative": 0.026699576526880264, "denominator_lag_relative": 0.0, "block_age": 0}
{"step": 40, "epoch": 1, "step_seconds": 0.2653880249708891, "innovation_std_sum": 2.290350584469516, "noise_marginal_std_sum": 2.5788827829474052, "pure_mf_cumulative_momentum_noise_variance": 1.901046982406614e-05, "preconditioner_mean": 392.17755126953125, "preconditioner_change_relative": 0.019644029438495636, "denominator_lag_relative": 0.0, "block_age": 0}
{"step": 50, "epoch": 1, "step_seconds": 0.26163679733872414, "innovation_std_sum": 2.290350584469516, "noise_marginal_std_sum": 2.5788827829474052, "pure_mf_cumulative_momentum_noise_variance": 1.962478148580399e-05, "preconditioner_mean": 391.225341796875, "preconditioner_change_relative": 0.015541475266218185, "denominator_lag_relative": 0.0, "block_age": 0}
{"step": 60, "epoch": 1, "step_seconds": 0.12577850744128227, "innovation_std_sum": 2.290350584469516, "noise_marginal_std_sum": 2.5788827829474052, "pure_mf_cumulative_momentum_noise_variance": 2.0270275510613554e-05, "preconditioner_mean": 390.0635681152344, "preconditioner_change_relative": 0.012879162095487118, "denominator_lag_relative": 0.0, "block_age": 0}
{"epoch": 1, "step": 62, "epsilon": 3.0662551940943854, "accuracy": 0.766872312581791, "validation_loss": 1.0825548255793467, "validation_examples": 5349}
{"step": 70, "epoch": 2, "step_seconds": 0.2618389390408993, "innovation_std_sum": 2.290350584469516, "noise_marginal_std_sum": 2.5788827829474052, "pure_mf_cumulative_momentum_noise_variance": 2.092951209974931e-05, "preconditioner_mean": 389.0097961425781, "preconditioner_change_relative": 0.011025420390069485, "denominator_lag_relative": 0.0, "block_age": 0}
{"step": 80, "epoch": 2, "step_seconds": 0.262580206617713, "innovation_std_sum": 2.290350584469516, "noise_marginal_std_sum": 2.5788827829474052, "pure_mf_cumulative_momentum_noise_variance": 2.1594541191305176e-05, "preconditioner_mean": 387.8895263671875, "preconditioner_change_relative": 0.009782569482922554, "denominator_lag_relative": 0.0, "block_age": 0}
{"step": 90, "epoch": 2, "step_seconds": 0.26645825430750847, "innovation_std_sum": 2.290350584469516, "noise_marginal_std_sum": 2.5788827829474052, "pure_mf_cumulative_momentum_noise_variance": 2.2261939638424868e-05, "preconditioner_mean": 387.4658203125, "preconditioner_change_relative": 0.009002035483717918, "denominator_lag_relative": 0.0, "block_age": 0}
{"step": 100, "epoch": 2, "step_seconds": 0.2650082875043154, "innovation_std_sum": 2.290350584469516, "noise_marginal_std_sum": 2.5788827829474052, "pure_mf_cumulative_momentum_noise_variance": 2.2930286303379973e-05, "preconditioner_mean": 387.19140625, "preconditioner_change_relative": 0.007751952391117811, "denominator_lag_relative": 0.0, "block_age": 0}
{"step": 110, "epoch": 2, "step_seconds": 0.12655400857329369, "innovation_std_sum": 2.290350584469516, "noise_marginal_std_sum": 2.5788827829474052, "pure_mf_cumulative_momentum_noise_variance": 2.3599006186005503e-05, "preconditioner_mean": 387.013916015625, "preconditioner_change_relative": 0.007164160721004009, "denominator_lag_relative": 0.0, "block_age": 0}
{"step": 120, "epoch": 2, "step_seconds": 0.1757015809416771, "innovation_std_sum": 2.290350584469516, "noise_marginal_std_sum": 2.5788827829474052, "pure_mf_cumulative_momentum_noise_variance": 2.426787105819351e-05, "preconditioner_mean": 386.7430725097656, "preconditioner_change_relative": 0.006592173129320145, "denominator_lag_relative": 0.0, "block_age": 0}
{"epoch": 2, "step": 124, "epsilon": 4.617524156181054, "accuracy": 0.7951018882034026, "validation_loss": 0.9106703505245942, "validation_examples": 5349}
{"step": 130, "epoch": 3, "step_seconds": 0.26524421386420727, "innovation_std_sum": 2.290350584469516, "noise_marginal_std_sum": 2.5788827829474052, "pure_mf_cumulative_momentum_noise_variance": 2.4936791666022976e-05, "preconditioner_mean": 386.5535583496094, "preconditioner_change_relative": 0.005695377942174673, "denominator_lag_relative": 0.0, "block_age": 0}
{"step": 140, "epoch": 3, "step_seconds": 0.2641060408204794, "innovation_std_sum": 2.290350584469516, "noise_marginal_std_sum": 2.5788827829474052, "pure_mf_cumulative_momentum_noise_variance": 2.560573351424564e-05, "preconditioner_mean": 386.126220703125, "preconditioner_change_relative": 0.005781350191682577, "denominator_lag_relative": 0.0, "block_age": 0}
{"step": 150, "epoch": 3, "step_seconds": 0.26744315028190613, "innovation_std_sum": 2.290350584469516, "noise_marginal_std_sum": 2.5788827829474052, "pure_mf_cumulative_momentum_noise_variance": 2.6274683398464805e-05, "preconditioner_mean": 386.2343444824219, "preconditioner_change_relative": 0.005025423597544432, "denominator_lag_relative": 0.0, "block_age": 0}
{"step": 160, "epoch": 3, "step_seconds": 0.26708086393773556, "innovation_std_sum": 2.290350584469516, "noise_marginal_std_sum": 2.5788827829474052, "pure_mf_cumulative_momentum_noise_variance": 2.6943636304307573e-05, "preconditioner_mean": 386.2056579589844, "preconditioner_change_relative": 0.004878095351159573, "denominator_lag_relative": 0.0, "block_age": 0}
{"step": 170, "epoch": 3, "step_seconds": 0.2633224241435528, "innovation_std_sum": 2.290350584469516, "noise_marginal_std_sum": 2.5788827829474052, "pure_mf_cumulative_momentum_noise_variance": 2.7612590340311075e-05, "preconditioner_mean": 386.07080078125, "preconditioner_change_relative": 0.004581771325320005, "denominator_lag_relative": 0.0, "block_age": 0}
{"step": 180, "epoch": 3, "step_seconds": 0.26305445469915867, "innovation_std_sum": 2.290350584469516, "noise_marginal_std_sum": 2.5788827829474052, "pure_mf_cumulative_momentum_noise_variance": 2.828154479708107e-05, "preconditioner_mean": 386.08660888671875, "preconditioner_change_relative": 0.004136261530220509, "denominator_lag_relative": 0.0, "block_age": 0}
{"epoch": 3, "step": 186, "epsilon": 5.878060668355694, "accuracy": 0.813983922228454, "validation_loss": 0.8379500113284171, "validation_examples": 5349}
{"step": 190, "epoch": 4, "step_seconds": 0.26194529607892036, "innovation_std_sum": 2.290350584469516, "noise_marginal_std_sum": 2.5788827829474052, "pure_mf_cumulative_momentum_noise_variance": 2.895049940987433e-05, "preconditioner_mean": 386.0131530761719, "preconditioner_change_relative": 0.0042000156827270985, "denominator_lag_relative": 0.0, "block_age": 0}
{"step": 200, "epoch": 4, "step_seconds": 0.263943949714303, "innovation_std_sum": 2.290350584469516, "noise_marginal_std_sum": 2.5788827829474052, "pure_mf_cumulative_momentum_noise_variance": 2.961945408031611e-05, "preconditioner_mean": 385.977783203125, "preconditioner_change_relative": 0.003963989671319723, "denominator_lag_relative": 0.0, "block_age": 0}
{"step": 210, "epoch": 4, "step_seconds": 0.263143265619874, "innovation_std_sum": 2.290350584469516, "noise_marginal_std_sum": 2.5788827829474052, "pure_mf_cumulative_momentum_noise_variance": 3.028840877199067e-05, "preconditioner_mean": 385.84722900390625, "preconditioner_change_relative": 0.0036625165957957506, "denominator_lag_relative": 0.0, "block_age": 0}
{"step": 220, "epoch": 4, "step_seconds": 0.2634313125163317, "innovation_std_sum": 2.290350584469516, "noise_marginal_std_sum": 2.5788827829474052, "pure_mf_cumulative_momentum_noise_variance": 3.095736347146337e-05, "preconditioner_mean": 385.80810546875, "preconditioner_change_relative": 0.0035859104245901108, "denominator_lag_relative": 0.0, "block_age": 0}
{"step": 230, "epoch": 4, "step_seconds": 0.26393665559589863, "innovation_std_sum": 2.290350584469516, "noise_marginal_std_sum": 2.5788827829474052, "pure_mf_cumulative_momentum_noise_variance": 3.1626318173792745e-05, "preconditioner_mean": 385.87091064453125, "preconditioner_change_relative": 0.003479163395240903, "denominator_lag_relative": 0.0, "block_age": 0}
{"step": 240, "epoch": 4, "step_seconds": 0.2644178345799446, "innovation_std_sum": 2.290350584469516, "noise_marginal_std_sum": 2.5788827829474052, "pure_mf_cumulative_momentum_noise_variance": 3.229527287716616e-05, "preconditioner_mean": 385.9883728027344, "preconditioner_change_relative": 0.00341778970323503, "denominator_lag_relative": 0.0, "block_age": 0}
{"epoch": 4, "step": 248, "epsilon": 6.987427898844202, "accuracy": 0.8207141521779772, "validation_loss": 0.8467850955229292, "validation_examples": 5349}
{"step": 250, "epoch": 5, "step_seconds": 0.2625774685293436, "innovation_std_sum": 2.290350584469516, "noise_marginal_std_sum": 2.5788827829474052, "pure_mf_cumulative_momentum_noise_variance": 3.2964227580920334e-05, "preconditioner_mean": 385.85302734375, "preconditioner_change_relative": 0.003335184883326292, "denominator_lag_relative": 0.0, "block_age": 0}
{"step": 260, "epoch": 5, "step_seconds": 0.2636806834489107, "innovation_std_sum": 2.290350584469516, "noise_marginal_std_sum": 2.5788827829474052, "pure_mf_cumulative_momentum_noise_variance": 3.363318228481312e-05, "preconditioner_mean": 385.86236572265625, "preconditioner_change_relative": 0.0030471947975456715, "denominator_lag_relative": 0.0, "block_age": 0}
{"step": 270, "epoch": 5, "step_seconds": 0.264469051733613, "innovation_std_sum": 2.290350584469516, "noise_marginal_std_sum": 2.5788827829474052, "pure_mf_cumulative_momentum_noise_variance": 3.430213698875626e-05, "preconditioner_mean": 385.879638671875, "preconditioner_change_relative": 0.0031452130060642958, "denominator_lag_relative": 0.0, "block_age": 0}
{"step": 280, "epoch": 5, "step_seconds": 0.2640971913933754, "innovation_std_sum": 2.290350584469516, "noise_marginal_std_sum": 2.5788827829474052, "pure_mf_cumulative_momentum_noise_variance": 3.497109169271767e-05, "preconditioner_mean": 386.05584716796875, "preconditioner_change_relative": 0.002766745164990425, "denominator_lag_relative": 0.0, "block_age": 0}
{"step": 290, "epoch": 5, "step_seconds": 0.26792342215776443, "innovation_std_sum": 2.290350584469516, "noise_marginal_std_sum": 2.5788827829474052, "pure_mf_cumulative_momentum_noise_variance": 3.564004639668569e-05, "preconditioner_mean": 386.14703369140625, "preconditioner_change_relative": 0.002888544462621212, "denominator_lag_relative": 0.0, "block_age": 0}
{"step": 300, "epoch": 5, "step_seconds": 0.2665737718343735, "innovation_std_sum": 2.290350584469516, "noise_marginal_std_sum": 2.5788827829474052, "pure_mf_cumulative_momentum_noise_variance": 3.63090011006561e-05, "preconditioner_mean": 386.2611083984375, "preconditioner_change_relative": 0.002650332869961858, "denominator_lag_relative": 0.0, "block_age": 0}
{"step": 310, "epoch": 5, "step_seconds": 0.13029246404767036, "innovation_std_sum": 2.290350584469516, "noise_marginal_std_sum": 2.5788827829474052, "pure_mf_cumulative_momentum_noise_variance": 3.697795580462739e-05, "preconditioner_mean": 386.21148681640625, "preconditioner_change_relative": 0.002732316730543971, "denominator_lag_relative": 0.0, "block_age": 0}
{"epoch": 5, "step": 310, "epsilon": 8.000000000000005, "accuracy": 0.8302486446064685, "validation_loss": 0.8192663280111224, "validation_examples": 5349}
