Loading weights:   0%|          | 0/39 [00:00<?, ?it/s]Loading weights: 100%|██████████| 39/39 [00:00<00:00, 12939.24it/s]
[transformers] [1mBertModel LOAD REPORT[0m from: /media/data/data/lt/dp-adam-correlated/cache/bert-tiny
Key                                        | Status     |  | 
-------------------------------------------+------------+--+-
cls.predictions.decoder.weight             | UNEXPECTED |  | 
cls.predictions.transform.dense.weight     | UNEXPECTED |  | 
cls.predictions.transform.LayerNorm.bias   | UNEXPECTED |  | 
cls.seq_relationship.bias                  | UNEXPECTED |  | 
cls.predictions.bias                       | UNEXPECTED |  | 
cls.seq_relationship.weight                | UNEXPECTED |  | 
cls.predictions.transform.LayerNorm.weight | UNEXPECTED |  | 
cls.predictions.transform.dense.bias       | UNEXPECTED |  | 
cls.predictions.decoder.bias               | UNEXPECTED |  | 

Notes:
- UNEXPECTED:	can be ignored when loading from different task/architecture; not ok if you expect identical arch.
sys:1: UserWarning: Full backward hook is firing when gradients are computed with respect to module outputs since no inputs require gradients. See https://docs.pytorch.org/docs/main/generated/torch.nn.Module.html#torch.nn.Module.register_full_backward_hook for more details.
{"step": 10, "epoch": 1, "train_loss": 0.6970091552734375, "clip_fraction": 0.0, "gradient_norm_mean": 7.75557666015625, "gradient_norm_max": 14.500725746154785, "step_seconds": 0.12577387318015099, "innovation_std_sum": 34.19096290164991, "noise_marginal_std_sum": 38.52414684355806}
{"step": 20, "epoch": 1, "train_loss": 0.6251261596679687, "clip_fraction": 0.001, "gradient_norm_mean": 9.9631611328125, "gradient_norm_max": 21.07353973388672, "step_seconds": 0.26668956130743027, "innovation_std_sum": 34.19096290164991, "noise_marginal_std_sum": 38.52414684355806}
{"step": 30, "epoch": 1, "train_loss": 0.5756444091796875, "clip_fraction": 0.222, "gradient_norm_mean": 14.647017578125, "gradient_norm_max": 33.74550247192383, "step_seconds": 0.26739624701440334, "innovation_std_sum": 34.19096290164991, "noise_marginal_std_sum": 38.52414684355806}
{"step": 40, "epoch": 1, "train_loss": 0.5512020263671875, "clip_fraction": 0.478, "gradient_norm_mean": 21.3232578125, "gradient_norm_max": 65.37091064453125, "step_seconds": 0.2674006447196007, "innovation_std_sum": 34.19096290164991, "noise_marginal_std_sum": 38.52414684355806}
{"step": 50, "epoch": 1, "train_loss": 0.5401642456054687, "clip_fraction": 0.466, "gradient_norm_mean": 28.119537109375, "gradient_norm_max": 123.28897857666016, "step_seconds": 0.26720718666911125, "innovation_std_sum": 34.19096290164991, "noise_marginal_std_sum": 38.52414684355806}
{"step": 60, "epoch": 1, "train_loss": 0.60073876953125, "clip_fraction": 0.452, "gradient_norm_mean": 32.78548828125, "gradient_norm_max": 169.11865234375, "step_seconds": 0.17297206446528435, "innovation_std_sum": 34.19096290164991, "noise_marginal_std_sum": 38.52414684355806}
{"epoch": 1, "step": 62, "train_loss": 0.600087892101657, "clip_fraction": 0.23124193548387098, "epsilon": 3.123292330075361, "accuracy": 0.7657506075902037, "validation_loss": 0.6340745307949464, "validation_examples": 5349}
{"step": 70, "epoch": 2, "train_loss": 0.5438843383789063, "clip_fraction": 0.402, "gradient_norm_mean": 32.0898046875, "gradient_norm_max": 176.99366760253906, "step_seconds": 0.26734253019094467, "innovation_std_sum": 34.19096290164991, "noise_marginal_std_sum": 38.52414684355806}
{"step": 80, "epoch": 2, "train_loss": 0.5595208740234375, "clip_fraction": 0.399, "gradient_norm_mean": 31.665884765625, "gradient_norm_max": 198.4439239501953, "step_seconds": 0.2686467655003071, "innovation_std_sum": 34.19096290164991, "noise_marginal_std_sum": 38.52414684355806}
{"step": 90, "epoch": 2, "train_loss": 0.566289794921875, "clip_fraction": 0.353, "gradient_norm_mean": 29.56684765625, "gradient_norm_max": 176.45382690429688, "step_seconds": 0.2696017771959305, "innovation_std_sum": 34.19096290164991, "noise_marginal_std_sum": 38.52414684355806}
{"step": 100, "epoch": 2, "train_loss": 0.5652638549804687, "clip_fraction": 0.364, "gradient_norm_mean": 30.304720703125, "gradient_norm_max": 185.43179321289062, "step_seconds": 0.2726561985909939, "innovation_std_sum": 34.19096290164991, "noise_marginal_std_sum": 38.52414684355806}
{"step": 110, "epoch": 2, "train_loss": 0.463005859375, "clip_fraction": 0.329, "gradient_norm_mean": 26.733640625, "gradient_norm_max": 173.0908203125, "step_seconds": 0.12874904461205006, "innovation_std_sum": 34.19096290164991, "noise_marginal_std_sum": 38.52414684355806}
{"step": 120, "epoch": 2, "train_loss": 0.4553908081054687, "clip_fraction": 0.341, "gradient_norm_mean": 24.981271484375, "gradient_norm_max": 172.39625549316406, "step_seconds": 0.2679128348827362, "innovation_std_sum": 34.19096290164991, "noise_marginal_std_sum": 38.52414684355806}
{"epoch": 2, "step": 124, "train_loss": 0.5315936210386215, "clip_fraction": 0.3772258064516129, "epsilon": 4.650920914901151, "accuracy": 0.7982800523462329, "validation_loss": 0.5383141817701578, "validation_examples": 5349}
{"step": 130, "epoch": 3, "train_loss": 0.5191160278320313, "clip_fraction": 0.357, "gradient_norm_mean": 28.45273046875, "gradient_norm_max": 199.5226287841797, "step_seconds": 0.26664844155311584, "innovation_std_sum": 34.19096290164991, "noise_marginal_std_sum": 38.52414684355806}
{"step": 140, "epoch": 3, "train_loss": 0.4705279235839844, "clip_fraction": 0.351, "gradient_norm_mean": 28.1509921875, "gradient_norm_max": 177.84642028808594, "step_seconds": 0.26229177601635456, "innovation_std_sum": 34.19096290164991, "noise_marginal_std_sum": 38.52414684355806}
{"step": 150, "epoch": 3, "train_loss": 0.49436651611328125, "clip_fraction": 0.358, "gradient_norm_mean": 28.582744140625, "gradient_norm_max": 176.63551330566406, "step_seconds": 0.26519997604191303, "innovation_std_sum": 34.19096290164991, "noise_marginal_std_sum": 38.52414684355806}
{"step": 160, "epoch": 3, "train_loss": 0.5043839416503906, "clip_fraction": 0.345, "gradient_norm_mean": 28.261953125, "gradient_norm_max": 187.87245178222656, "step_seconds": 0.2670653071254492, "innovation_std_sum": 34.19096290164991, "noise_marginal_std_sum": 38.52414684355806}
{"step": 170, "epoch": 3, "train_loss": 0.49723236083984373, "clip_fraction": 0.327, "gradient_norm_mean": 27.393806640625, "gradient_norm_max": 185.19300842285156, "step_seconds": 0.2658896427601576, "innovation_std_sum": 34.19096290164991, "noise_marginal_std_sum": 38.52414684355806}
{"step": 180, "epoch": 3, "train_loss": 0.5125107421875, "clip_fraction": 0.311, "gradient_norm_mean": 25.51302734375, "gradient_norm_max": 184.11846923828125, "step_seconds": 0.2652050293982029, "innovation_std_sum": 34.19096290164991, "noise_marginal_std_sum": 38.52414684355806}
{"epoch": 3, "step": 186, "train_loss": 0.47750104448872227, "clip_fraction": 0.333241935483871, "epsilon": 5.8971720333737725, "accuracy": 0.8087492989343803, "validation_loss": 0.5270818623678107, "validation_examples": 5349}
{"step": 190, "epoch": 4, "train_loss": 0.42526071166992185, "clip_fraction": 0.324, "gradient_norm_mean": 24.19165234375, "gradient_norm_max": 176.6334991455078, "step_seconds": 0.27132109738886356, "innovation_std_sum": 34.19096290164991, "noise_marginal_std_sum": 38.52414684355806}
{"step": 200, "epoch": 4, "train_loss": 0.5030198364257813, "clip_fraction": 0.327, "gradient_norm_mean": 27.57098046875, "gradient_norm_max": 198.8682098388672, "step_seconds": 0.2687918432056904, "innovation_std_sum": 34.19096290164991, "noise_marginal_std_sum": 38.52414684355806}
{"step": 210, "epoch": 4, "train_loss": 0.448666259765625, "clip_fraction": 0.313, "gradient_norm_mean": 23.17216015625, "gradient_norm_max": 202.0676727294922, "step_seconds": 0.12967877835035324, "innovation_std_sum": 34.19096290164991, "noise_marginal_std_sum": 38.52414684355806}
{"step": 220, "epoch": 4, "train_loss": 0.43582443237304686, "clip_fraction": 0.304, "gradient_norm_mean": 24.067859375, "gradient_norm_max": 185.05015563964844, "step_seconds": 0.27038791589438915, "innovation_std_sum": 34.19096290164991, "noise_marginal_std_sum": 38.52414684355806}
{"step": 230, "epoch": 4, "train_loss": 0.42908114624023436, "clip_fraction": 0.302, "gradient_norm_mean": 24.558125, "gradient_norm_max": 221.68075561523438, "step_seconds": 0.2718187104910612, "innovation_std_sum": 34.19096290164991, "noise_marginal_std_sum": 38.52414684355806}
{"step": 240, "epoch": 4, "train_loss": 0.474623046875, "clip_fraction": 0.312, "gradient_norm_mean": 24.24924609375, "gradient_norm_max": 185.98963928222656, "step_seconds": 0.26528953202068806, "innovation_std_sum": 34.19096290164991, "noise_marginal_std_sum": 38.52414684355806}
{"epoch": 4, "step": 248, "train_loss": 0.4447402132095829, "clip_fraction": 0.29901612903225805, "epsilon": 6.996033129680921, "accuracy": 0.8229575621611516, "validation_loss": 0.4592742966277329, "validation_examples": 5349}
{"step": 250, "epoch": 5, "train_loss": 0.4372246704101562, "clip_fraction": 0.276, "gradient_norm_mean": 21.39803125, "gradient_norm_max": 220.4290008544922, "step_seconds": 0.2732180766761303, "innovation_std_sum": 34.19096290164991, "noise_marginal_std_sum": 38.52414684355806}
{"step": 260, "epoch": 5, "train_loss": 0.46559393310546876, "clip_fraction": 0.274, "gradient_norm_mean": 23.4340859375, "gradient_norm_max": 260.3403625488281, "step_seconds": 0.27766801603138447, "innovation_std_sum": 34.19096290164991, "noise_marginal_std_sum": 38.52414684355806}
{"step": 270, "epoch": 5, "train_loss": 0.42407708740234373, "clip_fraction": 0.273, "gradient_norm_mean": 22.080890625, "gradient_norm_max": 221.05532836914062, "step_seconds": 0.2740226574242115, "innovation_std_sum": 34.19096290164991, "noise_marginal_std_sum": 38.52414684355806}
{"step": 280, "epoch": 5, "train_loss": 0.403992431640625, "clip_fraction": 0.265, "gradient_norm_mean": 20.908693359375, "gradient_norm_max": 201.47154235839844, "step_seconds": 0.2672577127814293, "innovation_std_sum": 34.19096290164991, "noise_marginal_std_sum": 38.52414684355806}
{"step": 290, "epoch": 5, "train_loss": 0.415695068359375, "clip_fraction": 0.275, "gradient_norm_mean": 22.870921875, "gradient_norm_max": 257.1355285644531, "step_seconds": 0.26888506300747395, "innovation_std_sum": 34.19096290164991, "noise_marginal_std_sum": 38.52414684355806}
{"step": 300, "epoch": 5, "train_loss": 0.39586456298828127, "clip_fraction": 0.252, "gradient_norm_mean": 19.860765625, "gradient_norm_max": 192.16146850585938, "step_seconds": 0.27174652367830276, "innovation_std_sum": 34.19096290164991, "noise_marginal_std_sum": 38.52414684355806}
{"step": 310, "epoch": 5, "train_loss": 0.45195477294921876, "clip_fraction": 0.285, "gradient_norm_mean": 23.94887890625, "gradient_norm_max": 248.6063232421875, "step_seconds": 0.13030904904007912, "innovation_std_sum": 34.19096290164991, "noise_marginal_std_sum": 38.52414684355806}
{"epoch": 5, "step": 310, "train_loss": 0.42530656285439766, "clip_fraction": 0.27419354838709675, "epsilon": 8.000000000000007, "accuracy": 0.8287530379510188, "validation_loss": 0.46343122479803744, "validation_examples": 5349}
