/home/longt29/miniconda3/envs/curve/lib/python3.11/site-packages/torchvision/datasets/cifar.py:83: VisibleDeprecationWarning: dtype(): align should be passed as Python or NumPy boolean but got `align=0`. Did you mean to pass a tuple to create a subarray type? (Deprecated NumPy 2.4)
  entry = pickle.load(f, encoding="latin1")
sys:1: UserWarning: Full backward hook is firing when gradients are computed with respect to module outputs since no inputs require gradients. See https://docs.pytorch.org/docs/main/generated/torch.nn.Module.html#torch.nn.Module.register_full_backward_hook for more details.
{"step": 10, "epoch": 1, "train_loss": 4.439889404296875, "clip_fraction": 1.0, "gradient_norm_mean": 300.176859375, "gradient_norm_max": 649.7869262695312, "step_seconds": 2.0075599290430546, "innovation_std_sum": 471.34496321891186, "noise_marginal_std_sum": 650.1319995798854}
{"step": 20, "epoch": 1, "train_loss": 4.041666870117187, "clip_fraction": 1.0, "gradient_norm_mean": 323.6361171875, "gradient_norm_max": 678.4091796875, "step_seconds": 1.9483358282595873, "innovation_std_sum": 471.34496321891186, "noise_marginal_std_sum": 650.1319995798854}
{"step": 30, "epoch": 1, "train_loss": 3.5927865600585935, "clip_fraction": 0.999, "gradient_norm_mean": 413.45125, "gradient_norm_max": 1075.548095703125, "step_seconds": 1.9507466051727533, "innovation_std_sum": 471.34496321891186, "noise_marginal_std_sum": 650.1319995798854}
{"step": 40, "epoch": 1, "train_loss": 3.136552001953125, "clip_fraction": 0.995, "gradient_norm_mean": 452.7516875, "gradient_norm_max": 1274.1112060546875, "step_seconds": 1.9530811198055744, "innovation_std_sum": 471.34496321891186, "noise_marginal_std_sum": 650.1319995798854}
{"step": 50, "epoch": 1, "train_loss": 2.7921171875, "clip_fraction": 0.978, "gradient_norm_mean": 457.9015390625, "gradient_norm_max": 1397.7015380859375, "step_seconds": 1.9544282760471106, "innovation_std_sum": 471.34496321891186, "noise_marginal_std_sum": 650.1319995798854}
{"epoch": 1, "step": 50, "train_loss": 3.7746451013183595, "clip_fraction": 0.99842, "epsilon": 2.873426350654349, "accuracy": 0.3913, "validation_loss": 2.4440623413085936, "validation_examples": 10000}
{"step": 60, "epoch": 2, "train_loss": 2.446234069824219, "clip_fraction": 0.974, "gradient_norm_mean": 451.7603203125, "gradient_norm_max": 1309.94140625, "step_seconds": 1.9508061055094004, "innovation_std_sum": 471.34496321891186, "noise_marginal_std_sum": 650.1319995798854}
{"step": 70, "epoch": 2, "train_loss": 2.268072204589844, "clip_fraction": 0.971, "gradient_norm_mean": 457.4433984375, "gradient_norm_max": 2377.140625, "step_seconds": 1.9342771470546722, "innovation_std_sum": 471.34496321891186, "noise_marginal_std_sum": 650.1319995798854}
{"step": 80, "epoch": 2, "train_loss": 2.2626165161132814, "clip_fraction": 0.946, "gradient_norm_mean": 478.9457578125, "gradient_norm_max": 1730.0877685546875, "step_seconds": 1.9474536571651697, "innovation_std_sum": 471.34496321891186, "noise_marginal_std_sum": 650.1319995798854}
{"step": 90, "epoch": 2, "train_loss": 1.9368533935546874, "clip_fraction": 0.913, "gradient_norm_mean": 434.32615625, "gradient_norm_max": 1892.8673095703125, "step_seconds": 1.9540291354060173, "innovation_std_sum": 471.34496321891186, "noise_marginal_std_sum": 650.1319995798854}
{"step": 100, "epoch": 2, "train_loss": 1.9097625427246094, "clip_fraction": 0.894, "gradient_norm_mean": 436.08140625, "gradient_norm_max": 2229.74462890625, "step_seconds": 1.9726417679339647, "innovation_std_sum": 471.34496321891186, "noise_marginal_std_sum": 650.1319995798854}
{"epoch": 2, "step": 100, "train_loss": 2.254334296875, "clip_fraction": 0.94718, "epsilon": 4.494876969944211, "accuracy": 0.6012, "validation_loss": 1.4605864074707031, "validation_examples": 10000}
{"step": 110, "epoch": 3, "train_loss": 1.7795787658691407, "clip_fraction": 0.858, "gradient_norm_mean": 418.6548203125, "gradient_norm_max": 2072.44091796875, "step_seconds": 1.952771632000804, "innovation_std_sum": 471.34496321891186, "noise_marginal_std_sum": 650.1319995798854}
{"step": 120, "epoch": 3, "train_loss": 1.7862208251953124, "clip_fraction": 0.866, "gradient_norm_mean": 426.8579921875, "gradient_norm_max": 2835.10302734375, "step_seconds": 1.9579644855111837, "innovation_std_sum": 471.34496321891186, "noise_marginal_std_sum": 650.1319995798854}
{"step": 130, "epoch": 3, "train_loss": 1.7145325927734374, "clip_fraction": 0.846, "gradient_norm_mean": 439.0058515625, "gradient_norm_max": 3065.654296875, "step_seconds": 1.9596870299428701, "innovation_std_sum": 471.34496321891186, "noise_marginal_std_sum": 650.1319995798854}
{"step": 140, "epoch": 3, "train_loss": 1.5575213928222655, "clip_fraction": 0.8, "gradient_norm_mean": 421.3486875, "gradient_norm_max": 2509.31396484375, "step_seconds": 1.9578108806163073, "innovation_std_sum": 471.34496321891186, "noise_marginal_std_sum": 650.1319995798854}
{"step": 150, "epoch": 3, "train_loss": 1.612569091796875, "clip_fraction": 0.796, "gradient_norm_mean": 414.523734375, "gradient_norm_max": 1979.878173828125, "step_seconds": 1.9642988722771406, "innovation_std_sum": 471.34496321891186, "noise_marginal_std_sum": 650.1319995798854}
{"epoch": 3, "step": 150, "train_loss": 1.7351909832763672, "clip_fraction": 0.84398, "epsilon": 5.807351225535705, "accuracy": 0.6855, "validation_loss": 1.1038259902954102, "validation_examples": 10000}
{"step": 160, "epoch": 4, "train_loss": 1.4679788818359376, "clip_fraction": 0.779, "gradient_norm_mean": 416.8122265625, "gradient_norm_max": 2287.812744140625, "step_seconds": 1.9520415905863047, "innovation_std_sum": 471.34496321891186, "noise_marginal_std_sum": 650.1319995798854}
{"step": 170, "epoch": 4, "train_loss": 1.5847385864257812, "clip_fraction": 0.79, "gradient_norm_mean": 431.0390078125, "gradient_norm_max": 2962.142822265625, "step_seconds": 1.9518211483955383, "innovation_std_sum": 471.34496321891186, "noise_marginal_std_sum": 650.1319995798854}
{"step": 180, "epoch": 4, "train_loss": 1.5646187438964845, "clip_fraction": 0.768, "gradient_norm_mean": 422.858265625, "gradient_norm_max": 2243.219970703125, "step_seconds": 2.0040655955672264, "innovation_std_sum": 471.34496321891186, "noise_marginal_std_sum": 650.1319995798854}
{"step": 190, "epoch": 4, "train_loss": 1.3841921691894532, "clip_fraction": 0.737, "gradient_norm_mean": 405.8878125, "gradient_norm_max": 2965.749267578125, "step_seconds": 1.9557162672281265, "innovation_std_sum": 471.34496321891186, "noise_marginal_std_sum": 650.1319995798854}
{"step": 200, "epoch": 4, "train_loss": 1.5075975952148437, "clip_fraction": 0.727, "gradient_norm_mean": 426.19475, "gradient_norm_max": 2722.060546875, "step_seconds": 1.9533217381685972, "innovation_std_sum": 471.34496321891186, "noise_marginal_std_sum": 650.1319995798854}
{"epoch": 4, "step": 200, "train_loss": 1.5158769451904297, "clip_fraction": 0.76554, "epsilon": 6.9556279168064306, "accuracy": 0.7229, "validation_loss": 0.9371742370605469, "validation_examples": 10000}
{"step": 210, "epoch": 5, "train_loss": 1.3724489135742188, "clip_fraction": 0.725, "gradient_norm_mean": 397.7077265625, "gradient_norm_max": 2491.896240234375, "step_seconds": 1.9505616761744022, "innovation_std_sum": 471.34496321891186, "noise_marginal_std_sum": 650.1319995798854}
{"step": 220, "epoch": 5, "train_loss": 1.5135470275878906, "clip_fraction": 0.745, "gradient_norm_mean": 434.171296875, "gradient_norm_max": 2603.376953125, "step_seconds": 1.949828764423728, "innovation_std_sum": 471.34496321891186, "noise_marginal_std_sum": 650.1319995798854}
{"step": 230, "epoch": 5, "train_loss": 1.3048567504882813, "clip_fraction": 0.703, "gradient_norm_mean": 396.4945703125, "gradient_norm_max": 2240.169921875, "step_seconds": 1.9423302579671144, "innovation_std_sum": 471.34496321891186, "noise_marginal_std_sum": 650.1319995798854}
{"step": 240, "epoch": 5, "train_loss": 1.3173887939453126, "clip_fraction": 0.703, "gradient_norm_mean": 414.8250859375, "gradient_norm_max": 2375.0869140625, "step_seconds": 1.9785764496773481, "innovation_std_sum": 471.34496321891186, "noise_marginal_std_sum": 650.1319995798854}
{"step": 250, "epoch": 5, "train_loss": 1.463172149658203, "clip_fraction": 0.698, "gradient_norm_mean": 420.65490625, "gradient_norm_max": 3091.939208984375, "step_seconds": 1.9629080537706614, "innovation_std_sum": 471.34496321891186, "noise_marginal_std_sum": 650.1319995798854}
{"epoch": 5, "step": 250, "train_loss": 1.4093970379638672, "clip_fraction": 0.71274, "epsilon": 8.000000000000005, "accuracy": 0.7474, "validation_loss": 0.8419295440673829, "validation_examples": 10000}
