/home/longt29/miniconda3/envs/curve/lib/python3.11/site-packages/torchvision/datasets/cifar.py:83: VisibleDeprecationWarning: dtype(): align should be passed as Python or NumPy boolean but got `align=0`. Did you mean to pass a tuple to create a subarray type? (Deprecated NumPy 2.4)
  entry = pickle.load(f, encoding="latin1")
{"method": "dp-adam-momentum-bias-bandinvmf-scale", "smoke": false, "calibration": {"target_mu": 1.6660305978457184, "sensitivity": 4.065608121489227, "innovation_std_sum": 406.71603178100014, "adjacency": "add_remove_zero_out", "k": 5, "b_participation": 50, "sampling_amplification": false}, "coefficients": [1.0, -0.53161943769869, -0.0779998119461293, -0.2795535556950146]}
sys:1: UserWarning: Full backward hook is firing when gradients are computed with respect to module outputs since no inputs require gradients. See https://docs.pytorch.org/docs/main/generated/torch.nn.Module.html#torch.nn.Module.register_full_backward_hook for more details.
{"progress_step": 10, "epoch": 1, "train_loss_so_far": 4.569113610839843, "clip_fraction_so_far": 1.0}
{"progress_step": 20, "epoch": 1, "train_loss_so_far": 4.174195568847656, "clip_fraction_so_far": 1.0}
{"progress_step": 30, "epoch": 1, "train_loss_so_far": 3.795686470540365, "clip_fraction_so_far": 0.9996666666666667}
{"progress_step": 40, "epoch": 1, "train_loss_so_far": 3.493040650939941, "clip_fraction_so_far": 0.997725}
{"progress_step": 50, "epoch": 1, "train_loss_so_far": 3.2472898651123048, "clip_fraction_so_far": 0.99418}
{"epoch": 1, "logical_steps": 50, "train_examples": 50000, "train_loss": 3.2472898651123048, "test_loss": 1.6893985748291016, "test_top1": 0.5384, "clip_fraction": 0.99418, "gdp_mu": 0.7271304784322895, "gdp_epsilon": 3.037976902428692, "target_mu": 1.6660305978457184, "target_epsilon": 8.0, "delta": 1e-05, "noise_std": 0.4755019018905003, "noise_std_space": "scaled", "innovation_std_sum": 406.71603178100014, "augmentation_trace_sha256": "d63da21bdb0b5208efde32fe6efd500a1dd8422cf2de8538c5d20df0af3afa1c", "seconds": 138.9377305135131}
{"progress_step": 60, "epoch": 2, "train_loss_so_far": 2.030801776123047, "clip_fraction_so_far": 0.9555}
{"progress_step": 70, "epoch": 2, "train_loss_so_far": 1.9732621154785157, "clip_fraction_so_far": 0.9438}
{"progress_step": 80, "epoch": 2, "train_loss_so_far": 1.9051985280354817, "clip_fraction_so_far": 0.9283333333333333}
{"progress_step": 90, "epoch": 2, "train_loss_so_far": 1.8591632217407226, "clip_fraction_so_far": 0.914875}
{"progress_step": 100, "epoch": 2, "train_loss_so_far": 1.808701953125, "clip_fraction_so_far": 0.90276}
{"epoch": 2, "logical_steps": 100, "train_examples": 50000, "train_loss": 1.808701953125, "test_loss": 1.0854815139770508, "test_top1": 0.678, "clip_fraction": 0.90276, "gdp_mu": 1.0438331619280494, "gdp_epsilon": 4.600416946348178, "target_mu": 1.6660305978457184, "target_epsilon": 8.0, "delta": 1e-05, "noise_std": 0.4755019018905003, "noise_std_space": "scaled", "innovation_std_sum": 406.71603178100014, "augmentation_trace_sha256": "eba11842858511941e69682cb3174b7d5e6fd73ab7d8425892c6d4fc55cf418b", "seconds": 133.64398236386478}
{"progress_step": 110, "epoch": 3, "train_loss_so_far": 1.572785498046875, "clip_fraction_so_far": 0.8391}
{"progress_step": 120, "epoch": 3, "train_loss_so_far": 1.5589635208129884, "clip_fraction_so_far": 0.82885}
{"progress_step": 130, "epoch": 3, "train_loss_so_far": 1.5322025970458983, "clip_fraction_so_far": 0.8186666666666667}
{"progress_step": 140, "epoch": 3, "train_loss_so_far": 1.5240761810302734, "clip_fraction_so_far": 0.810025}
{"progress_step": 150, "epoch": 3, "train_loss_so_far": 1.5143478985595704, "clip_fraction_so_far": 0.80308}
{"epoch": 3, "logical_steps": 150, "train_examples": 50000, "train_loss": 1.5143478985595704, "test_loss": 0.9039000534057617, "test_top1": 0.7261, "clip_fraction": 0.80308, "gdp_mu": 1.2851399415460758, "gdp_epsilon": 5.868262919898993, "target_mu": 1.6660305978457184, "target_epsilon": 8.0, "delta": 1e-05, "noise_std": 0.4755019018905003, "noise_std_space": "scaled", "innovation_std_sum": 406.71603178100014, "augmentation_trace_sha256": "f4ab582ea37ff08d6c3ec209d5c76a6a59fcdd228971935ccfe60255636fc688", "seconds": 133.0453535206616}
{"progress_step": 160, "epoch": 4, "train_loss_so_far": 1.4352815155029297, "clip_fraction_so_far": 0.7601}
{"progress_step": 170, "epoch": 4, "train_loss_so_far": 1.424413801574707, "clip_fraction_so_far": 0.7562}
{"progress_step": 180, "epoch": 4, "train_loss_so_far": 1.4085208201090496, "clip_fraction_so_far": 0.7482}
{"progress_step": 190, "epoch": 4, "train_loss_so_far": 1.400771630859375, "clip_fraction_so_far": 0.743425}
{"progress_step": 200, "epoch": 4, "train_loss_so_far": 1.3965881927490233, "clip_fraction_so_far": 0.73868}
{"epoch": 4, "logical_steps": 200, "train_examples": 50000, "train_loss": 1.3965881927490233, "test_loss": 0.832836961364746, "test_top1": 0.7517, "clip_fraction": 0.73868, "gdp_mu": 1.4878241288541525, "gdp_epsilon": 6.9830197665238485, "target_mu": 1.6660305978457184, "target_epsilon": 8.0, "delta": 1e-05, "noise_std": 0.4755019018905003, "noise_std_space": "scaled", "innovation_std_sum": 406.71603178100014, "augmentation_trace_sha256": "eeab75a2450d737b335b1b301c8415d8e4847a2415b1acc4f6665e5915aa923a", "seconds": 130.4159085061401}
{"progress_step": 210, "epoch": 5, "train_loss_so_far": 1.377052212524414, "clip_fraction_so_far": 0.7087}
{"progress_step": 220, "epoch": 5, "train_loss_so_far": 1.3717862243652343, "clip_fraction_so_far": 0.70725}
{"progress_step": 230, "epoch": 5, "train_loss_so_far": 1.3566590749104819, "clip_fraction_so_far": 0.7043333333333334}
{"progress_step": 240, "epoch": 5, "train_loss_so_far": 1.360348713684082, "clip_fraction_so_far": 0.7027}
{"progress_step": 250, "epoch": 5, "train_loss_so_far": 1.3543258435058594, "clip_fraction_so_far": 0.70062}
{"epoch": 5, "logical_steps": 250, "train_examples": 50000, "train_loss": 1.3543258435058594, "test_loss": 0.8102644104003907, "test_top1": 0.7611, "clip_fraction": 0.70062, "gdp_mu": 1.6660305978457184, "gdp_epsilon": 8.000000000000005, "target_mu": 1.6660305978457184, "target_epsilon": 8.0, "delta": 1e-05, "noise_std": 0.4755019018905003, "noise_std_space": "scaled", "innovation_std_sum": 406.71603178100014, "augmentation_trace_sha256": "41f1cb58f0307df20ce87cfb313693105a3d89f587b34546eb06562652fb22c3", "seconds": 133.44088068045676}
{"status": "completed", "results": "/media/data/data/lt/dp-adam-correlated/exp7b/results/search/trials/e87f6b51680e2eac"}
