/home/longt29/miniconda3/envs/curve/lib/python3.11/site-packages/torchvision/datasets/cifar.py:83: VisibleDeprecationWarning: dtype(): align should be passed as Python or NumPy boolean but got `align=0`. Did you mean to pass a tuple to create a subarray type? (Deprecated NumPy 2.4)
  entry = pickle.load(f, encoding="latin1")
sys:1: UserWarning: Full backward hook is firing when gradients are computed with respect to module outputs since no inputs require gradients. See https://docs.pytorch.org/docs/main/generated/torch.nn.Module.html#torch.nn.Module.register_full_backward_hook for more details.
{"step": 10, "epoch": 1, "train_loss": 4.600806396484375, "clip_fraction": 0.002, "gradient_norm_mean": 54.8403310546875, "gradient_norm_max": 106.34080505371094, "step_seconds": 2.120875956490636, "innovation_std_sum": 134.21530075084846, "noise_marginal_std_sum": 134.21530075084846}
{"step": 20, "epoch": 1, "train_loss": 4.414163208007812, "clip_fraction": 0.002, "gradient_norm_mean": 55.1994150390625, "gradient_norm_max": 100.21302795410156, "step_seconds": 2.1111902687698603, "innovation_std_sum": 134.21530075084846, "noise_marginal_std_sum": 134.21530075084846}
{"step": 30, "epoch": 1, "train_loss": 4.2704097900390625, "clip_fraction": 0.023, "gradient_norm_mean": 65.75149609375, "gradient_norm_max": 140.48428344726562, "step_seconds": 2.139580376446247, "innovation_std_sum": 134.21530075084846, "noise_marginal_std_sum": 134.21530075084846}
{"step": 40, "epoch": 1, "train_loss": 4.05746533203125, "clip_fraction": 0.186, "gradient_norm_mean": 83.24804296875, "gradient_norm_max": 184.13534545898438, "step_seconds": 2.1192674227058887, "innovation_std_sum": 134.21530075084846, "noise_marginal_std_sum": 134.21530075084846}
{"epoch": 1, "step": 45, "train_loss": 4.374355449761285, "clip_fraction": 0.058, "epsilon": 3.1232925162148555, "accuracy": 0.1608, "validation_loss": 3.692704528808594, "validation_examples": 5000}
{"step": 50, "epoch": 2, "train_loss": 3.7348413696289064, "clip_fraction": 0.38, "gradient_norm_mean": 94.4797265625, "gradient_norm_max": 264.1356506347656, "step_seconds": 2.102065537124872, "innovation_std_sum": 134.21530075084846, "noise_marginal_std_sum": 134.21530075084846}
{"step": 60, "epoch": 2, "train_loss": 3.4755696411132813, "clip_fraction": 0.529, "gradient_norm_mean": 105.817265625, "gradient_norm_max": 295.4673156738281, "step_seconds": 2.1180573012679815, "innovation_std_sum": 134.21530075084846, "noise_marginal_std_sum": 134.21530075084846}
{"step": 70, "epoch": 2, "train_loss": 3.1548212280273438, "clip_fraction": 0.656, "gradient_norm_mean": 113.67557421875, "gradient_norm_max": 291.67486572265625, "step_seconds": 2.119489448145032, "innovation_std_sum": 134.21530075084846, "noise_marginal_std_sum": 134.21530075084846}
{"step": 80, "epoch": 2, "train_loss": 3.0655731201171874, "clip_fraction": 0.713, "gradient_norm_mean": 119.479599609375, "gradient_norm_max": 342.8397216796875, "step_seconds": 2.1214391477406025, "innovation_std_sum": 134.21530075084846, "noise_marginal_std_sum": 134.21530075084846}
{"step": 90, "epoch": 2, "train_loss": 2.85366015625, "clip_fraction": 0.761, "gradient_norm_mean": 127.60975390625, "gradient_norm_max": 338.2403259277344, "step_seconds": 2.1202435418963432, "innovation_std_sum": 134.21530075084846, "noise_marginal_std_sum": 134.21530075084846}
{"epoch": 2, "step": 90, "train_loss": 3.2894174479166667, "clip_fraction": 0.6022222222222222, "epsilon": 4.650921021133028, "accuracy": 0.3892, "validation_loss": 2.461560241699219, "validation_examples": 5000}
{"step": 100, "epoch": 3, "train_loss": 2.649171630859375, "clip_fraction": 0.758, "gradient_norm_mean": 128.53721484375, "gradient_norm_max": 458.7682800292969, "step_seconds": 2.111982172355056, "innovation_std_sum": 134.21530075084846, "noise_marginal_std_sum": 134.21530075084846}
{"step": 110, "epoch": 3, "train_loss": 2.542018859863281, "clip_fraction": 0.745, "gradient_norm_mean": 132.214236328125, "gradient_norm_max": 690.9537963867188, "step_seconds": 2.1032496243715286, "innovation_std_sum": 134.21530075084846, "noise_marginal_std_sum": 134.21530075084846}
{"step": 120, "epoch": 3, "train_loss": 2.4865014038085937, "clip_fraction": 0.748, "gradient_norm_mean": 132.443328125, "gradient_norm_max": 476.6757507324219, "step_seconds": 2.1266171000897884, "innovation_std_sum": 134.21530075084846, "noise_marginal_std_sum": 134.21530075084846}
{"step": 130, "epoch": 3, "train_loss": 2.4121646728515627, "clip_fraction": 0.732, "gradient_norm_mean": 133.04133203125, "gradient_norm_max": 582.8370971679688, "step_seconds": 2.151360174641013, "innovation_std_sum": 134.21530075084846, "noise_marginal_std_sum": 134.21530075084846}
{"epoch": 3, "step": 135, "train_loss": 2.5865130194769965, "clip_fraction": 0.7471777777777778, "epsilon": 5.897172094191146, "accuracy": 0.4854, "validation_loss": 1.9884178833007813, "validation_examples": 5000}
{"step": 140, "epoch": 4, "train_loss": 2.399558349609375, "clip_fraction": 0.754, "gradient_norm_mean": 135.55655078125, "gradient_norm_max": 411.6786193847656, "step_seconds": 2.106143146753311, "innovation_std_sum": 134.21530075084846, "noise_marginal_std_sum": 134.21530075084846}
{"step": 150, "epoch": 4, "train_loss": 2.419887451171875, "clip_fraction": 0.731, "gradient_norm_mean": 139.973359375, "gradient_norm_max": 497.01422119140625, "step_seconds": 2.117974592372775, "innovation_std_sum": 134.21530075084846, "noise_marginal_std_sum": 134.21530075084846}
{"step": 160, "epoch": 4, "train_loss": 2.366574890136719, "clip_fraction": 0.713, "gradient_norm_mean": 139.42664453125, "gradient_norm_max": 572.1973266601562, "step_seconds": 2.11885679140687, "innovation_std_sum": 134.21530075084846, "noise_marginal_std_sum": 134.21530075084846}
{"step": 170, "epoch": 4, "train_loss": 2.325459228515625, "clip_fraction": 0.745, "gradient_norm_mean": 139.51537890625, "gradient_norm_max": 554.9336547851562, "step_seconds": 2.1230890098959208, "innovation_std_sum": 134.21530075084846, "noise_marginal_std_sum": 134.21530075084846}
{"step": 180, "epoch": 4, "train_loss": 2.2703636474609374, "clip_fraction": 0.732, "gradient_norm_mean": 142.0351484375, "gradient_norm_max": 440.9339294433594, "step_seconds": 2.1202528551220894, "innovation_std_sum": 134.21530075084846, "noise_marginal_std_sum": 134.21530075084846}
{"epoch": 4, "step": 180, "train_loss": 2.3417907430013023, "clip_fraction": 0.7314666666666667, "epsilon": 6.996033157081771, "accuracy": 0.5202, "validation_loss": 1.7953049438476563, "validation_examples": 5000}
{"step": 190, "epoch": 5, "train_loss": 2.226866943359375, "clip_fraction": 0.728, "gradient_norm_mean": 142.95334765625, "gradient_norm_max": 486.6710205078125, "step_seconds": 2.1101874820888042, "innovation_std_sum": 134.21530075084846, "noise_marginal_std_sum": 134.21530075084846}
{"step": 200, "epoch": 5, "train_loss": 2.271260009765625, "clip_fraction": 0.722, "gradient_norm_mean": 145.74705859375, "gradient_norm_max": 453.11956787109375, "step_seconds": 2.12324339710176, "innovation_std_sum": 134.21530075084846, "noise_marginal_std_sum": 134.21530075084846}
{"step": 210, "epoch": 5, "train_loss": 2.2263519287109377, "clip_fraction": 0.716, "gradient_norm_mean": 141.359859375, "gradient_norm_max": 433.7170715332031, "step_seconds": 2.100494062528014, "innovation_std_sum": 134.21530075084846, "noise_marginal_std_sum": 134.21530075084846}
{"step": 220, "epoch": 5, "train_loss": 2.2616839599609375, "clip_fraction": 0.751, "gradient_norm_mean": 154.58137890625, "gradient_norm_max": 584.602294921875, "step_seconds": 2.1117185410112143, "innovation_std_sum": 134.21530075084846, "noise_marginal_std_sum": 134.21530075084846}
{"epoch": 5, "step": 225, "train_loss": 2.237925855170356, "clip_fraction": 0.7262222222222222, "epsilon": 8.000000000000007, "accuracy": 0.5288, "validation_loss": 1.7318879028320313, "validation_examples": 5000}
