/home/longt29/miniconda3/envs/curve/lib/python3.11/site-packages/torchvision/datasets/cifar.py:83: VisibleDeprecationWarning: dtype(): align should be passed as Python or NumPy boolean but got `align=0`. Did you mean to pass a tuple to create a subarray type? (Deprecated NumPy 2.4)
  entry = pickle.load(f, encoding="latin1")
{"method": "dp-adam-momentum-bandinvmf", "smoke": false, "calibration": {"target_mu": 1.6660305978457184, "sensitivity": 7.852751308631718, "innovation_std_sum": 141.40348896567355, "adjacency": "add_remove_zero_out", "k": 5, "b_participation": 50, "sampling_amplification": false}, "coefficients": [1.0, -0.95, -0.0012500000000000844, -0.001187499999999897]}
sys:1: UserWarning: Full backward hook is firing when gradients are computed with respect to module outputs since no inputs require gradients. See https://docs.pytorch.org/docs/main/generated/torch.nn.Module.html#torch.nn.Module.register_full_backward_hook for more details.
{"progress_step": 10, "epoch": 1, "train_loss_so_far": 4.690656530761719, "clip_fraction_so_far": 1.0}
{"progress_step": 20, "epoch": 1, "train_loss_so_far": 4.484022088623047, "clip_fraction_so_far": 1.0}
{"progress_step": 30, "epoch": 1, "train_loss_so_far": 4.276635422770182, "clip_fraction_so_far": 0.9999333333333333}
{"progress_step": 40, "epoch": 1, "train_loss_so_far": 4.069282258605957, "clip_fraction_so_far": 0.99955}
{"progress_step": 50, "epoch": 1, "train_loss_so_far": 3.878671817626953, "clip_fraction_so_far": 0.999}
{"epoch": 1, "logical_steps": 50, "train_examples": 50000, "train_loss": 3.878671817626953, "test_loss": 2.6842587280273436, "test_top1": 0.3315, "clip_fraction": 0.999, "gdp_mu": 0.6922887915534621, "gdp_epsilon": 2.8734263506543494, "target_mu": 1.6660305978457184, "target_epsilon": 8.0, "delta": 1e-05, "noise_std": 0.19503959987396557, "noise_std_space": "gradient", "innovation_std_sum": 141.40348896567355, "augmentation_trace_sha256": "eb38061316bcc37b021a6fd5e35df885ea987663f026a0c19339760bf3e847d3", "seconds": 149.3855850249529}
{"progress_step": 60, "epoch": 2, "train_loss_so_far": 2.815221728515625, "clip_fraction_so_far": 0.9909}
{"progress_step": 70, "epoch": 2, "train_loss_so_far": 2.722442868041992, "clip_fraction_so_far": 0.98515}
{"progress_step": 80, "epoch": 2, "train_loss_so_far": 2.627432057698568, "clip_fraction_so_far": 0.9777666666666667}
{"progress_step": 90, "epoch": 2, "train_loss_so_far": 2.5399044029235838, "clip_fraction_so_far": 0.969475}
{"progress_step": 100, "epoch": 2, "train_loss_so_far": 2.4647544720458985, "clip_fraction_so_far": 0.96032}
{"epoch": 2, "logical_steps": 100, "train_examples": 50000, "train_loss": 2.4647544720458985, "test_loss": 1.685303109741211, "test_top1": 0.5499, "clip_fraction": 0.96032, "gdp_mu": 1.0231641324654879, "gdp_epsilon": 4.494876969944211, "target_mu": 1.6660305978457184, "target_epsilon": 8.0, "delta": 1e-05, "noise_std": 0.19503959987396557, "noise_std_space": "gradient", "innovation_std_sum": 141.40348896567355, "augmentation_trace_sha256": "257e692163c8eed63984477e567ada19e94946ac2c058472d79dac1b521d4db7", "seconds": 141.54746629670262}
{"progress_step": 110, "epoch": 3, "train_loss_so_far": 2.0308646423339844, "clip_fraction_so_far": 0.9052}
{"progress_step": 120, "epoch": 3, "train_loss_so_far": 1.9980405364990235, "clip_fraction_so_far": 0.8962}
{"progress_step": 130, "epoch": 3, "train_loss_so_far": 1.9669381652832032, "clip_fraction_so_far": 0.8875333333333333}
{"progress_step": 140, "epoch": 3, "train_loss_so_far": 1.9282843742370606, "clip_fraction_so_far": 0.876875}
{"progress_step": 150, "epoch": 3, "train_loss_so_far": 1.8958998400878906, "clip_fraction_so_far": 0.86876}
{"epoch": 3, "logical_steps": 150, "train_examples": 50000, "train_loss": 1.8958998400878906, "test_loss": 1.2584703521728515, "test_top1": 0.646, "clip_fraction": 0.86876, "gdp_mu": 1.273823246724324, "gdp_epsilon": 5.807351225535705, "target_mu": 1.6660305978457184, "target_epsilon": 8.0, "delta": 1e-05, "noise_std": 0.19503959987396557, "noise_std_space": "gradient", "innovation_std_sum": 141.40348896567355, "augmentation_trace_sha256": "75b88e45730987647265e9b72d6e060cab185b673afd46d2d7a20342f7c95065", "seconds": 140.07985013350844}
{"progress_step": 160, "epoch": 4, "train_loss_so_far": 1.6974815063476563, "clip_fraction_so_far": 0.819}
{"progress_step": 170, "epoch": 4, "train_loss_so_far": 1.6883696228027343, "clip_fraction_so_far": 0.8143}
{"progress_step": 180, "epoch": 4, "train_loss_so_far": 1.6762961730957031, "clip_fraction_so_far": 0.8083}
{"progress_step": 190, "epoch": 4, "train_loss_so_far": 1.6488770332336427, "clip_fraction_so_far": 0.800225}
{"progress_step": 200, "epoch": 4, "train_loss_so_far": 1.6343149871826173, "clip_fraction_so_far": 0.79424}
{"epoch": 4, "logical_steps": 200, "train_examples": 50000, "train_loss": 1.6343149871826173, "test_loss": 1.041380792236328, "test_top1": 0.7001, "clip_fraction": 0.79424, "gdp_mu": 1.482939600138006, "gdp_epsilon": 6.955627916806438, "target_mu": 1.6660305978457184, "target_epsilon": 8.0, "delta": 1e-05, "noise_std": 0.19503959987396557, "noise_std_space": "gradient", "innovation_std_sum": 141.40348896567355, "augmentation_trace_sha256": "18a9d1ac6e60f68aa1632f8377bc5e08252c728506236a6e55e3089e326bc967", "seconds": 142.66040447726846}
{"progress_step": 210, "epoch": 5, "train_loss_so_far": 1.5053714263916016, "clip_fraction_so_far": 0.7535}
{"progress_step": 220, "epoch": 5, "train_loss_so_far": 1.508752621459961, "clip_fraction_so_far": 0.7502}
{"progress_step": 230, "epoch": 5, "train_loss_so_far": 1.4988468088785807, "clip_fraction_so_far": 0.7451333333333333}
{"progress_step": 240, "epoch": 5, "train_loss_so_far": 1.490959031677246, "clip_fraction_so_far": 0.739625}
{"progress_step": 250, "epoch": 5, "train_loss_so_far": 1.4818828717041015, "clip_fraction_so_far": 0.73568}
{"epoch": 5, "logical_steps": 250, "train_examples": 50000, "train_loss": 1.4818828717041015, "test_loss": 0.9197489730834961, "test_top1": 0.7297, "clip_fraction": 0.73568, "gdp_mu": 1.6660305978457184, "gdp_epsilon": 8.000000000000005, "target_mu": 1.6660305978457184, "target_epsilon": 8.0, "delta": 1e-05, "noise_std": 0.19503959987396557, "noise_std_space": "gradient", "innovation_std_sum": 141.40348896567355, "augmentation_trace_sha256": "40c369f851729ec1bd8a4f0460438ddfe34ef997ab09028d6fc973b7b5af2252", "seconds": 142.52234401926398}
{"status": "completed", "results": "/media/data/data/lt/dp-adam-correlated/exp7b/results/final/trials/4246e3cb0f07039b"}
