Loading weights:   0%|          | 0/39 [00:00<?, ?it/s]Loading weights: 100%|██████████| 39/39 [00:00<00:00, 7576.91it/s]
[transformers] [1mBertModel LOAD REPORT[0m from: /media/data/data/lt/dp-adam-correlated/cache/bert-tiny
Key                                        | Status     |  | 
-------------------------------------------+------------+--+-
cls.predictions.transform.LayerNorm.weight | UNEXPECTED |  | 
cls.predictions.decoder.weight             | UNEXPECTED |  | 
cls.predictions.transform.LayerNorm.bias   | UNEXPECTED |  | 
cls.predictions.bias                       | UNEXPECTED |  | 
cls.predictions.decoder.bias               | UNEXPECTED |  | 
cls.seq_relationship.weight                | UNEXPECTED |  | 
cls.predictions.transform.dense.weight     | UNEXPECTED |  | 
cls.seq_relationship.bias                  | UNEXPECTED |  | 
cls.predictions.transform.dense.bias       | UNEXPECTED |  | 

Notes:
- UNEXPECTED:	can be ignored when loading from different task/architecture; not ok if you expect identical arch.
sys:1: UserWarning: Full backward hook is firing when gradients are computed with respect to module outputs since no inputs require gradients. See https://docs.pytorch.org/docs/main/generated/torch.nn.Module.html#torch.nn.Module.register_full_backward_hook for more details.
{"step": 10, "epoch": 1, "step_seconds": 0.2657506000250578, "innovation_std_sum": 19.857925962845872, "noise_marginal_std_sum": 22.163248594441427, "pure_mf_cumulative_momentum_noise_variance": 0.001565217621510551, "preconditioner_mean": 49.38419723510742, "preconditioner_change_relative": 0.09000466018915176, "denominator_lag_relative": 0.0, "block_age": 0}
{"step": 20, "epoch": 1, "step_seconds": 0.26347109116613865, "innovation_std_sum": 19.857925962845872, "noise_marginal_std_sum": 22.163248594441427, "pure_mf_cumulative_momentum_noise_variance": 0.0016890021930952655, "preconditioner_mean": 46.88409423828125, "preconditioner_change_relative": 0.03795360028743744, "denominator_lag_relative": 0.0, "block_age": 0}
{"step": 30, "epoch": 1, "step_seconds": 0.2632737420499325, "innovation_std_sum": 19.857925962845872, "noise_marginal_std_sum": 22.163248594441427, "pure_mf_cumulative_momentum_noise_variance": 0.0017781526312534688, "preconditioner_mean": 46.09357833862305, "preconditioner_change_relative": 0.02649720571935177, "denominator_lag_relative": 0.0, "block_age": 0}
{"step": 40, "epoch": 1, "step_seconds": 0.2610989063978195, "innovation_std_sum": 19.857925962845872, "noise_marginal_std_sum": 22.163248594441427, "pure_mf_cumulative_momentum_noise_variance": 0.0018662007933097301, "preconditioner_mean": 45.65285873413086, "preconditioner_change_relative": 0.01976807601749897, "denominator_lag_relative": 0.0, "block_age": 0}
{"step": 50, "epoch": 1, "step_seconds": 0.17326075583696365, "innovation_std_sum": 19.857925962845872, "noise_marginal_std_sum": 22.163248594441427, "pure_mf_cumulative_momentum_noise_variance": 0.001955687356111112, "preconditioner_mean": 45.53169631958008, "preconditioner_change_relative": 0.015750037506222725, "denominator_lag_relative": 0.0, "block_age": 0}
{"step": 60, "epoch": 1, "step_seconds": 0.26795512810349464, "innovation_std_sum": 19.857925962845872, "noise_marginal_std_sum": 22.163248594441427, "pure_mf_cumulative_momentum_noise_variance": 0.0020461931103519493, "preconditioner_mean": 45.387149810791016, "preconditioner_change_relative": 0.01287340372800827, "denominator_lag_relative": 0.0, "block_age": 0}
{"epoch": 1, "step": 62, "epsilon": 3.104703687900395, "accuracy": 0.7618246401196486, "validation_loss": 0.6667372667359334, "validation_examples": 5349}
{"step": 70, "epoch": 2, "step_seconds": 0.2622184380888939, "innovation_std_sum": 19.857925962845872, "noise_marginal_std_sum": 22.163248594441427, "pure_mf_cumulative_momentum_noise_variance": 0.0021372255024337504, "preconditioner_mean": 45.283382415771484, "preconditioner_change_relative": 0.010934658348560333, "denominator_lag_relative": 0.0, "block_age": 0}
{"step": 80, "epoch": 2, "step_seconds": 0.26297780871391296, "innovation_std_sum": 19.857925962845872, "noise_marginal_std_sum": 22.163248594441427, "pure_mf_cumulative_momentum_noise_variance": 0.0022285005146389673, "preconditioner_mean": 45.17525100708008, "preconditioner_change_relative": 0.009690587408840656, "denominator_lag_relative": 0.0, "block_age": 0}
{"step": 90, "epoch": 2, "step_seconds": 0.2682747431099415, "innovation_std_sum": 19.857925962845872, "noise_marginal_std_sum": 22.163248594441427, "pure_mf_cumulative_momentum_noise_variance": 0.002319880646054102, "preconditioner_mean": 45.126197814941406, "preconditioner_change_relative": 0.009063685312867165, "denominator_lag_relative": 0.0, "block_age": 0}
{"step": 100, "epoch": 2, "step_seconds": 0.26848953031003475, "innovation_std_sum": 19.857925962845872, "noise_marginal_std_sum": 22.163248594441427, "pure_mf_cumulative_momentum_noise_variance": 0.002411304585240108, "preconditioner_mean": 45.077415466308594, "preconditioner_change_relative": 0.00786890834569931, "denominator_lag_relative": 0.0, "block_age": 0}
{"step": 110, "epoch": 2, "step_seconds": 0.2629677392542362, "innovation_std_sum": 19.857925962845872, "noise_marginal_std_sum": 22.163248594441427, "pure_mf_cumulative_momentum_noise_variance": 0.0025027462945008913, "preconditioner_mean": 45.04332733154297, "preconditioner_change_relative": 0.0071908640675246716, "denominator_lag_relative": 0.0, "block_age": 0}
{"step": 120, "epoch": 2, "step_seconds": 0.26479637436568737, "innovation_std_sum": 19.857925962845872, "noise_marginal_std_sum": 22.163248594441427, "pure_mf_cumulative_momentum_noise_variance": 0.0025941950699696183, "preconditioner_mean": 45.01255798339844, "preconditioner_change_relative": 0.006610670126974583, "denominator_lag_relative": 0.0, "block_age": 0}
{"epoch": 2, "step": 124, "epsilon": 4.640212577140874, "accuracy": 0.7932323798840905, "validation_loss": 0.6112694775062001, "validation_examples": 5349}
{"step": 130, "epoch": 3, "step_seconds": 0.2635425440967083, "innovation_std_sum": 19.857925962845872, "noise_marginal_std_sum": 22.163248594441427, "pure_mf_cumulative_momentum_noise_variance": 0.0026856466127046247, "preconditioner_mean": 44.99216079711914, "preconditioner_change_relative": 0.005681722424924374, "denominator_lag_relative": 0.0, "block_age": 0}
{"step": 140, "epoch": 3, "step_seconds": 0.26556780003011227, "innovation_std_sum": 19.857925962845872, "noise_marginal_std_sum": 22.163248594441427, "pure_mf_cumulative_momentum_noise_variance": 0.0027770992261298144, "preconditioner_mean": 44.947776794433594, "preconditioner_change_relative": 0.005692200269550085, "denominator_lag_relative": 0.0, "block_age": 0}
{"step": 150, "epoch": 3, "step_seconds": 0.26927621476352215, "innovation_std_sum": 19.857925962845872, "noise_marginal_std_sum": 22.163248594441427, "pure_mf_cumulative_momentum_noise_variance": 0.002868552249773791, "preconditioner_mean": 44.95780944824219, "preconditioner_change_relative": 0.00501807639375329, "denominator_lag_relative": 0.0, "block_age": 0}
{"step": 160, "epoch": 3, "step_seconds": 0.2688021082431078, "innovation_std_sum": 19.857925962845872, "noise_marginal_std_sum": 22.163248594441427, "pure_mf_cumulative_momentum_noise_variance": 0.00296000542931582, "preconditioner_mean": 44.94804382324219, "preconditioner_change_relative": 0.004918573424220085, "denominator_lag_relative": 0.0, "block_age": 0}
{"step": 170, "epoch": 3, "step_seconds": 0.2685610465705395, "innovation_std_sum": 19.857925962845872, "noise_marginal_std_sum": 22.163248594441427, "pure_mf_cumulative_momentum_noise_variance": 0.0030514586677014136, "preconditioner_mean": 44.93263244628906, "preconditioner_change_relative": 0.004547599703073502, "denominator_lag_relative": 0.0, "block_age": 0}
{"step": 180, "epoch": 3, "step_seconds": 0.26290369406342506, "innovation_std_sum": 19.857925962845872, "noise_marginal_std_sum": 22.163248594441427, "pure_mf_cumulative_momentum_noise_variance": 0.00314291192816841, "preconditioner_mean": 44.9383430480957, "preconditioner_change_relative": 0.004141415469348431, "denominator_lag_relative": 0.0, "block_age": 0}
{"epoch": 3, "step": 186, "epsilon": 5.891043470673902, "accuracy": 0.8123013647410731, "validation_loss": 0.5466774330559925, "validation_examples": 5349}
{"step": 190, "epoch": 4, "step_seconds": 0.26049955375492573, "innovation_std_sum": 19.857925962845872, "noise_marginal_std_sum": 22.163248594441427, "pure_mf_cumulative_momentum_noise_variance": 0.00323436519688002, "preconditioner_mean": 44.93110656738281, "preconditioner_change_relative": 0.00420272396877408, "denominator_lag_relative": 0.0, "block_age": 0}
{"step": 200, "epoch": 4, "step_seconds": 0.2510188277810812, "innovation_std_sum": 19.857925962845872, "noise_marginal_std_sum": 22.163248594441427, "pure_mf_cumulative_momentum_noise_variance": 0.0033258184686564864, "preconditioner_mean": 44.92521667480469, "preconditioner_change_relative": 0.0039723580703139305, "denominator_lag_relative": 0.0, "block_age": 0}
{"step": 210, "epoch": 4, "step_seconds": 0.2631853837519884, "innovation_std_sum": 19.857925962845872, "noise_marginal_std_sum": 22.163248594441427, "pure_mf_cumulative_momentum_noise_variance": 0.0034172717415678973, "preconditioner_mean": 44.91187286376953, "preconditioner_change_relative": 0.0037231328897178173, "denominator_lag_relative": 0.0, "block_age": 0}
{"step": 220, "epoch": 4, "step_seconds": 0.26789955608546734, "innovation_std_sum": 19.857925962845872, "noise_marginal_std_sum": 22.163248594441427, "pure_mf_cumulative_momentum_noise_variance": 0.0035087250148981572, "preconditioner_mean": 44.90861129760742, "preconditioner_change_relative": 0.003571686800569296, "denominator_lag_relative": 0.0, "block_age": 0}
{"step": 230, "epoch": 4, "step_seconds": 0.2622672226279974, "innovation_std_sum": 19.857925962845872, "noise_marginal_std_sum": 22.163248594441427, "pure_mf_cumulative_momentum_noise_variance": 0.003600178288382519, "preconditioner_mean": 44.91573715209961, "preconditioner_change_relative": 0.00345664587803185, "denominator_lag_relative": 0.0, "block_age": 0}
{"step": 240, "epoch": 4, "step_seconds": 0.17303272895514965, "innovation_std_sum": 19.857925962845872, "noise_marginal_std_sum": 22.163248594441427, "pure_mf_cumulative_momentum_noise_variance": 0.0036916315619234235, "preconditioner_mean": 44.924644470214844, "preconditioner_change_relative": 0.0034490739926695824, "denominator_lag_relative": 0.0, "block_age": 0}
{"epoch": 4, "step": 248, "epsilon": 6.99327251356882, "accuracy": 0.8166012338754908, "validation_loss": 0.5347624825281303, "validation_examples": 5349}
{"step": 250, "epoch": 5, "step_seconds": 0.12443974614143372, "innovation_std_sum": 19.857925962845872, "noise_marginal_std_sum": 22.163248594441427, "pure_mf_cumulative_momentum_noise_variance": 0.0037830848354850244, "preconditioner_mean": 44.906673431396484, "preconditioner_change_relative": 0.0033586386125534773, "denominator_lag_relative": 0.0, "block_age": 0}
{"step": 260, "epoch": 5, "step_seconds": 0.2600107751786709, "innovation_std_sum": 19.857925962845872, "noise_marginal_std_sum": 22.163248594441427, "pure_mf_cumulative_momentum_noise_variance": 0.0038745381090541818, "preconditioner_mean": 44.90682601928711, "preconditioner_change_relative": 0.00302924239076674, "denominator_lag_relative": 0.0, "block_age": 0}
{"step": 270, "epoch": 5, "step_seconds": 0.2636893391609192, "innovation_std_sum": 19.857925962845872, "noise_marginal_std_sum": 22.163248594441427, "pure_mf_cumulative_momentum_noise_variance": 0.003965991382626094, "preconditioner_mean": 44.90896987915039, "preconditioner_change_relative": 0.0031296450179070234, "denominator_lag_relative": 0.0, "block_age": 0}
{"step": 280, "epoch": 5, "step_seconds": 0.263270465657115, "innovation_std_sum": 19.857925962845872, "noise_marginal_std_sum": 22.163248594441427, "pure_mf_cumulative_momentum_noise_variance": 0.004057444656199009, "preconditioner_mean": 44.92645263671875, "preconditioner_change_relative": 0.002802338683977723, "denominator_lag_relative": 0.0, "block_age": 0}
{"step": 290, "epoch": 5, "step_seconds": 0.26155771501362324, "innovation_std_sum": 19.857925962845872, "noise_marginal_std_sum": 22.163248594441427, "pure_mf_cumulative_momentum_noise_variance": 0.0041488979297722856, "preconditioner_mean": 44.9355354309082, "preconditioner_change_relative": 0.002872858662158251, "denominator_lag_relative": 0.0, "block_age": 0}
{"step": 300, "epoch": 5, "step_seconds": 0.2666851934045553, "innovation_std_sum": 19.857925962845872, "noise_marginal_std_sum": 22.163248594441427, "pure_mf_cumulative_momentum_noise_variance": 0.004240351203345695, "preconditioner_mean": 44.94901657104492, "preconditioner_change_relative": 0.002680637873709202, "denominator_lag_relative": 0.0, "block_age": 0}
{"step": 310, "epoch": 5, "step_seconds": 0.12528597004711628, "innovation_std_sum": 19.857925962845872, "noise_marginal_std_sum": 22.163248594441427, "pure_mf_cumulative_momentum_noise_variance": 0.0043318044769191525, "preconditioner_mean": 44.942657470703125, "preconditioner_change_relative": 0.002720216754823923, "denominator_lag_relative": 0.0, "block_age": 0}
{"epoch": 5, "step": 310, "epsilon": 8.000000000000005, "accuracy": 0.8227706113292205, "validation_loss": 0.5210395395076036, "validation_examples": 5349}
