Loading weights:   0%|          | 0/39 [00:00<?, ?it/s]Loading weights: 100%|██████████| 39/39 [00:00<00:00, 18802.05it/s]
[transformers] [1mBertModel LOAD REPORT[0m from: /media/data/data/lt/dp-adam-correlated/cache/bert-tiny
Key                                        | Status     |  | 
-------------------------------------------+------------+--+-
cls.seq_relationship.weight                | UNEXPECTED |  | 
cls.predictions.decoder.weight             | UNEXPECTED |  | 
cls.predictions.transform.LayerNorm.weight | UNEXPECTED |  | 
cls.predictions.transform.dense.bias       | UNEXPECTED |  | 
cls.predictions.decoder.bias               | UNEXPECTED |  | 
cls.seq_relationship.bias                  | UNEXPECTED |  | 
cls.predictions.bias                       | UNEXPECTED |  | 
cls.predictions.transform.dense.weight     | UNEXPECTED |  | 
cls.predictions.transform.LayerNorm.bias   | UNEXPECTED |  | 

Notes:
- UNEXPECTED:	can be ignored when loading from different task/architecture; not ok if you expect identical arch.
sys:1: UserWarning: Full backward hook is firing when gradients are computed with respect to module outputs since no inputs require gradients. See https://docs.pytorch.org/docs/main/generated/torch.nn.Module.html#torch.nn.Module.register_full_backward_hook for more details.
{"step": 10, "epoch": 1, "train_loss": 0.8051271362304687, "clip_fraction": 1.0, "gradient_norm_mean": 587.878375, "gradient_norm_max": 1507.79638671875, "step_seconds": 0.25672534853219986, "innovation_std_sum": 457.2045876410015, "noise_marginal_std_sum": 630.6280027905789}
{"step": 20, "epoch": 1, "train_loss": 1.121687255859375, "clip_fraction": 0.783, "gradient_norm_mean": 615.746625, "gradient_norm_max": 2539.422119140625, "step_seconds": 0.26267992332577705, "innovation_std_sum": 457.2045876410015, "noise_marginal_std_sum": 630.6280027905789}
{"step": 30, "epoch": 1, "train_loss": 1.310021240234375, "clip_fraction": 0.494, "gradient_norm_mean": 665.4455, "gradient_norm_max": 2647.053955078125, "step_seconds": 0.2637831438332796, "innovation_std_sum": 457.2045876410015, "noise_marginal_std_sum": 630.6280027905789}
{"step": 40, "epoch": 1, "train_loss": 1.176804931640625, "clip_fraction": 0.665, "gradient_norm_mean": 682.906875, "gradient_norm_max": 2875.947998046875, "step_seconds": 0.263350173830986, "innovation_std_sum": 457.2045876410015, "noise_marginal_std_sum": 630.6280027905789}
{"step": 50, "epoch": 1, "train_loss": 1.27158837890625, "clip_fraction": 0.596, "gradient_norm_mean": 755.141875, "gradient_norm_max": 3001.62060546875, "step_seconds": 0.269134821370244, "innovation_std_sum": 457.2045876410015, "noise_marginal_std_sum": 630.6280027905789}
{"step": 60, "epoch": 1, "train_loss": 1.291111083984375, "clip_fraction": 0.647, "gradient_norm_mean": 856.691875, "gradient_norm_max": 4558.83203125, "step_seconds": 0.23260118812322617, "innovation_std_sum": 457.2045876410015, "noise_marginal_std_sum": 630.6280027905789}
{"epoch": 1, "step": 62, "train_loss": 1.1282465456070438, "clip_fraction": 0.7208387096774194, "epsilon": 2.983473211150575, "accuracy": 0.557861282482707, "validation_loss": 1.2467770664730704, "validation_examples": 5349}
{"step": 70, "epoch": 2, "train_loss": 1.2190511474609376, "clip_fraction": 0.674, "gradient_norm_mean": 936.209625, "gradient_norm_max": 3661.496826171875, "step_seconds": 0.26900486648082733, "innovation_std_sum": 457.2045876410015, "noise_marginal_std_sum": 630.6280027905789}
{"step": 80, "epoch": 2, "train_loss": 1.29111279296875, "clip_fraction": 0.695, "gradient_norm_mean": 1162.560625, "gradient_norm_max": 4603.642578125, "step_seconds": 0.2707070857286453, "innovation_std_sum": 457.2045876410015, "noise_marginal_std_sum": 630.6280027905789}
{"step": 90, "epoch": 2, "train_loss": 1.133140625, "clip_fraction": 0.764, "gradient_norm_mean": 1399.66125, "gradient_norm_max": 5806.59912109375, "step_seconds": 0.27053315192461014, "innovation_std_sum": 457.2045876410015, "noise_marginal_std_sum": 630.6280027905789}
{"step": 100, "epoch": 2, "train_loss": 1.2733773193359375, "clip_fraction": 0.744, "gradient_norm_mean": 1659.4785, "gradient_norm_max": 6951.6845703125, "step_seconds": 0.26916683837771416, "innovation_std_sum": 457.2045876410015, "noise_marginal_std_sum": 630.6280027905789}
{"step": 110, "epoch": 2, "train_loss": 1.2008919677734375, "clip_fraction": 0.744, "gradient_norm_mean": 1949.3855, "gradient_norm_max": 7660.0009765625, "step_seconds": 0.2538306824862957, "innovation_std_sum": 457.2045876410015, "noise_marginal_std_sum": 630.6280027905789}
{"step": 120, "epoch": 2, "train_loss": 1.109507568359375, "clip_fraction": 0.797, "gradient_norm_mean": 2242.307, "gradient_norm_max": 8099.07470703125, "step_seconds": 0.17744346894323826, "innovation_std_sum": 457.2045876410015, "noise_marginal_std_sum": 630.6280027905789}
{"epoch": 2, "step": 124, "train_loss": 1.2011625799363659, "clip_fraction": 0.7420645161290322, "epsilon": 4.566965972959099, "accuracy": 0.593008038885773, "validation_loss": 0.8950062400716602, "validation_examples": 5349}
{"step": 130, "epoch": 3, "train_loss": 0.9308059692382813, "clip_fraction": 0.795, "gradient_norm_mean": 2349.77975, "gradient_norm_max": 10200.7333984375, "step_seconds": 0.2701035179197788, "innovation_std_sum": 457.2045876410015, "noise_marginal_std_sum": 630.6280027905789}
{"step": 140, "epoch": 3, "train_loss": 0.98382275390625, "clip_fraction": 0.795, "gradient_norm_mean": 2782.5845, "gradient_norm_max": 13247.58203125, "step_seconds": 0.26934446580708027, "innovation_std_sum": 457.2045876410015, "noise_marginal_std_sum": 630.6280027905789}
{"step": 150, "epoch": 3, "train_loss": 0.7473831787109375, "clip_fraction": 0.832, "gradient_norm_mean": 2770.2455, "gradient_norm_max": 13268.9541015625, "step_seconds": 0.27316111885011196, "innovation_std_sum": 457.2045876410015, "noise_marginal_std_sum": 630.6280027905789}
{"step": 160, "epoch": 3, "train_loss": 0.8213157958984375, "clip_fraction": 0.797, "gradient_norm_mean": 3111.662, "gradient_norm_max": 15771.9228515625, "step_seconds": 0.2468351162970066, "innovation_std_sum": 457.2045876410015, "noise_marginal_std_sum": 630.6280027905789}
{"step": 170, "epoch": 3, "train_loss": 0.74233349609375, "clip_fraction": 0.801, "gradient_norm_mean": 3232.2585, "gradient_norm_max": 19153.669921875, "step_seconds": 0.27229930087924004, "innovation_std_sum": 457.2045876410015, "noise_marginal_std_sum": 630.6280027905789}
{"step": 180, "epoch": 3, "train_loss": 0.85131201171875, "clip_fraction": 0.786, "gradient_norm_mean": 3588.498, "gradient_norm_max": 24566.7265625, "step_seconds": 0.28030868992209435, "innovation_std_sum": 457.2045876410015, "noise_marginal_std_sum": 630.6280027905789}
{"epoch": 3, "step": 186, "train_loss": 0.8345283035770539, "clip_fraction": 0.8071774193548387, "epsilon": 5.849088165717443, "accuracy": 0.6948962422882782, "validation_loss": 0.8188323140211207, "validation_examples": 5349}
{"step": 190, "epoch": 4, "train_loss": 0.7605196533203125, "clip_fraction": 0.797, "gradient_norm_mean": 3837.185, "gradient_norm_max": 23181.0234375, "step_seconds": 0.2719251364469528, "innovation_std_sum": 457.2045876410015, "noise_marginal_std_sum": 630.6280027905789}
{"step": 200, "epoch": 4, "train_loss": 0.8236605834960937, "clip_fraction": 0.742, "gradient_norm_mean": 4084.24825, "gradient_norm_max": 29719.888671875, "step_seconds": 0.266836853697896, "innovation_std_sum": 457.2045876410015, "noise_marginal_std_sum": 630.6280027905789}
{"step": 210, "epoch": 4, "train_loss": 0.8787330322265625, "clip_fraction": 0.706, "gradient_norm_mean": 4263.231, "gradient_norm_max": 26061.91796875, "step_seconds": 0.2730866763740778, "innovation_std_sum": 457.2045876410015, "noise_marginal_std_sum": 630.6280027905789}
{"step": 220, "epoch": 4, "train_loss": 0.879161376953125, "clip_fraction": 0.668, "gradient_norm_mean": 4495.412, "gradient_norm_max": 32624.80078125, "step_seconds": 0.2725368868559599, "innovation_std_sum": 457.2045876410015, "noise_marginal_std_sum": 630.6280027905789}
{"step": 230, "epoch": 4, "train_loss": 0.9630936279296874, "clip_fraction": 0.648, "gradient_norm_mean": 4514.01, "gradient_norm_max": 28947.939453125, "step_seconds": 0.2742348536849022, "innovation_std_sum": 457.2045876410015, "noise_marginal_std_sum": 630.6280027905789}
{"step": 240, "epoch": 4, "train_loss": 0.8455654296875, "clip_fraction": 0.627, "gradient_norm_mean": 4538.382, "gradient_norm_max": 46614.75390625, "step_seconds": 0.18403211422264576, "innovation_std_sum": 457.2045876410015, "noise_marginal_std_sum": 630.6280027905789}
{"epoch": 4, "step": 248, "train_loss": 0.8696069847845262, "clip_fraction": 0.6713225806451613, "epsilon": 6.974398475295221, "accuracy": 0.7304169003552066, "validation_loss": 1.0013932081712118, "validation_examples": 5349}
{"step": 250, "epoch": 5, "train_loss": 1.062125, "clip_fraction": 0.578, "gradient_norm_mean": 4735.371, "gradient_norm_max": 36910.23046875, "step_seconds": 0.2681793291121721, "innovation_std_sum": 457.2045876410015, "noise_marginal_std_sum": 630.6280027905789}
{"step": 260, "epoch": 5, "train_loss": 0.972947998046875, "clip_fraction": 0.594, "gradient_norm_mean": 4893.86, "gradient_norm_max": 44981.84375, "step_seconds": 0.2512551546096802, "innovation_std_sum": 457.2045876410015, "noise_marginal_std_sum": 630.6280027905789}
{"step": 270, "epoch": 5, "train_loss": 0.9124140014648437, "clip_fraction": 0.568, "gradient_norm_mean": 4641.77, "gradient_norm_max": 47373.359375, "step_seconds": 0.27267481200397015, "innovation_std_sum": 457.2045876410015, "noise_marginal_std_sum": 630.6280027905789}
{"step": 280, "epoch": 5, "train_loss": 0.9450641479492188, "clip_fraction": 0.572, "gradient_norm_mean": 4783.957, "gradient_norm_max": 41117.640625, "step_seconds": 0.2712171748280525, "innovation_std_sum": 457.2045876410015, "noise_marginal_std_sum": 630.6280027905789}
{"step": 290, "epoch": 5, "train_loss": 0.9421787719726562, "clip_fraction": 0.555, "gradient_norm_mean": 5135.6625, "gradient_norm_max": 43738.65234375, "step_seconds": 0.2724130470305681, "innovation_std_sum": 457.2045876410015, "noise_marginal_std_sum": 630.6280027905789}
{"step": 300, "epoch": 5, "train_loss": 0.863580322265625, "clip_fraction": 0.532, "gradient_norm_mean": 4731.549, "gradient_norm_max": 47876.53515625, "step_seconds": 0.2749543618410826, "innovation_std_sum": 457.2045876410015, "noise_marginal_std_sum": 630.6280027905789}
{"step": 310, "epoch": 5, "train_loss": 0.9732583618164062, "clip_fraction": 0.542, "gradient_norm_mean": 5016.054, "gradient_norm_max": 48672.71875, "step_seconds": 0.1343675944954157, "innovation_std_sum": 457.2045876410015, "noise_marginal_std_sum": 630.6280027905789}
{"epoch": 5, "step": 310, "train_loss": 0.9514014124716482, "clip_fraction": 0.5630322580645162, "epsilon": 8.000000000000005, "accuracy": 0.7487380818844643, "validation_loss": 1.0122361082432536, "validation_examples": 5349}
