/home/longt29/miniconda3/envs/curve/lib/python3.11/site-packages/torchvision/datasets/cifar.py:83: VisibleDeprecationWarning: dtype(): align should be passed as Python or NumPy boolean but got `align=0`. Did you mean to pass a tuple to create a subarray type? (Deprecated NumPy 2.4)
  entry = pickle.load(f, encoding="latin1")
{"status": "running", "method": "mf_muon_normscale", "seed": 20261001, "calibration": {"target_mu": 1.6660305978457184, "sensitivity": 7.852751308631718, "innovation_std_sum": 141.40348896567355, "adjacency": "add_remove_zero_out", "k": 5, "b_participation": 50, "sampling_amplification": false}, "coefficients": [1.0, -0.95, -0.0012500000000000844, -0.001187499999999897]}
sys:1: UserWarning: Full backward hook is firing when gradients are computed with respect to module outputs since no inputs require gradients. See https://docs.pytorch.org/docs/main/generated/torch.nn.Module.html#torch.nn.Module.register_full_backward_hook for more details.
{"event": "logical_progress", "step": 1, "train_loss": 5.1808095703125, "clip_fraction": 1.0}
{"event": "logical_progress", "step": 25, "train_loss": 4.269297255859375, "clip_fraction": 1.0}
{"event": "logical_progress", "step": 50, "train_loss": 3.678792354736328, "clip_fraction": 0.99618}
{"epoch": 1, "logical_steps": 50, "train_examples": 50000, "train_loss": 3.678792354736328, "test_loss": 2.2713561828613282, "test_top1": 0.4078, "clip_fraction": 0.99618, "epsilon": 2.8734263506543494, "delta": 1e-05, "seconds": 149.16541449259967}
{"event": "logical_progress", "step": 75, "train_loss": 2.3987830908203125, "clip_fraction": 0.95164}
{"event": "logical_progress", "step": 100, "train_loss": 2.2147569549560546, "clip_fraction": 0.92388}
{"epoch": 2, "logical_steps": 100, "train_examples": 50000, "train_loss": 2.2147569549560546, "test_loss": 1.4069037689208985, "test_top1": 0.6034, "clip_fraction": 0.92388, "epsilon": 4.494876969944211, "delta": 1e-05, "seconds": 291.2244662484154}
{"event": "logical_progress", "step": 125, "train_loss": 1.8452186804199218, "clip_fraction": 0.84932}
{"event": "logical_progress", "step": 150, "train_loss": 1.7840760321044922, "clip_fraction": 0.83044}
{"epoch": 3, "logical_steps": 150, "train_examples": 50000, "train_loss": 1.7840760321044922, "test_loss": 1.133779231262207, "test_top1": 0.6734, "clip_fraction": 0.83044, "epsilon": 5.807351225535705, "delta": 1e-05, "seconds": 432.4105569627136}
{"event": "logical_progress", "step": 175, "train_loss": 1.6662768762207032, "clip_fraction": 0.78784}
{"event": "logical_progress", "step": 200, "train_loss": 1.6262359857177735, "clip_fraction": 0.7744}
{"epoch": 4, "logical_steps": 200, "train_examples": 50000, "train_loss": 1.6262359857177735, "test_loss": 1.0090177764892578, "test_top1": 0.7033, "clip_fraction": 0.7744, "epsilon": 6.955627916806438, "delta": 1e-05, "seconds": 573.470577178523}
{"event": "logical_progress", "step": 225, "train_loss": 1.5917484326171876, "clip_fraction": 0.7488}
{"event": "logical_progress", "step": 250, "train_loss": 1.5574833001708985, "clip_fraction": 0.73894}
{"epoch": 5, "logical_steps": 250, "train_examples": 50000, "train_loss": 1.5574833001708985, "test_loss": 0.9639679153442383, "test_top1": 0.7169, "clip_fraction": 0.73894, "epsilon": 8.000000000000005, "delta": 1e-05, "seconds": 716.4067973541096}
{"status": "completed", "result_dir": "/media/data/data/lt/dp-adam-correlated/exp3/results/search/D/d02_lambda_0.0001"}
