Loading weights:   0%|          | 0/39 [00:00<?, ?it/s]Loading weights: 100%|██████████| 39/39 [00:00<00:00, 18352.73it/s]
[transformers] [1mBertModel LOAD REPORT[0m from: /media/data/data/lt/dp-adam-correlated/cache/bert-tiny
Key                                        | Status     |  | 
-------------------------------------------+------------+--+-
cls.predictions.transform.LayerNorm.bias   | UNEXPECTED |  | 
cls.predictions.bias                       | UNEXPECTED |  | 
cls.predictions.decoder.weight             | UNEXPECTED |  | 
cls.seq_relationship.bias                  | UNEXPECTED |  | 
cls.predictions.transform.dense.bias       | UNEXPECTED |  | 
cls.seq_relationship.weight                | UNEXPECTED |  | 
cls.predictions.transform.dense.weight     | UNEXPECTED |  | 
cls.predictions.transform.LayerNorm.weight | UNEXPECTED |  | 
cls.predictions.decoder.bias               | UNEXPECTED |  | 

Notes:
- UNEXPECTED:	can be ignored when loading from different task/architecture; not ok if you expect identical arch.
sys:1: UserWarning: Full backward hook is firing when gradients are computed with respect to module outputs since no inputs require gradients. See https://docs.pytorch.org/docs/main/generated/torch.nn.Module.html#torch.nn.Module.register_full_backward_hook for more details.
{"step": 10, "epoch": 1, "step_seconds": 0.15612171590328217, "innovation_std_sum": 36.36113081350932, "noise_marginal_std_sum": 40.219052783785436, "pure_mf_cumulative_momentum_noise_variance": 0.005798711405333856, "preconditioner_mean": 27.475872039794922, "preconditioner_change_relative": 0.0891578197479248, "denominator_lag_relative": 0.0, "block_age": 0}
{"step": 20, "epoch": 1, "step_seconds": 0.26691692508757114, "innovation_std_sum": 36.36113081350932, "noise_marginal_std_sum": 40.219052783785436, "pure_mf_cumulative_momentum_noise_variance": 0.006609785763009649, "preconditioner_mean": 26.107572555541992, "preconditioner_change_relative": 0.03789670765399933, "denominator_lag_relative": 0.0, "block_age": 0}
{"step": 30, "epoch": 1, "step_seconds": 0.26908435113728046, "innovation_std_sum": 36.36113081350932, "noise_marginal_std_sum": 40.219052783785436, "pure_mf_cumulative_momentum_noise_variance": 0.007182904729729774, "preconditioner_mean": 25.645505905151367, "preconditioner_change_relative": 0.02644316479563713, "denominator_lag_relative": 0.0, "block_age": 0}
{"step": 40, "epoch": 1, "step_seconds": 0.26653148606419563, "innovation_std_sum": 36.36113081350932, "noise_marginal_std_sum": 40.219052783785436, "pure_mf_cumulative_momentum_noise_variance": 0.007704591683119435, "preconditioner_mean": 25.38484001159668, "preconditioner_change_relative": 0.020074589177966118, "denominator_lag_relative": 0.0, "block_age": 0}
{"step": 50, "epoch": 1, "step_seconds": 0.2665775790810585, "innovation_std_sum": 36.36113081350932, "noise_marginal_std_sum": 40.219052783785436, "pure_mf_cumulative_momentum_noise_variance": 0.008211658084799662, "preconditioner_mean": 25.27903938293457, "preconditioner_change_relative": 0.01574060507118702, "denominator_lag_relative": 0.0, "block_age": 0}
{"step": 60, "epoch": 1, "step_seconds": 0.2671647425740957, "innovation_std_sum": 36.36113081350932, "noise_marginal_std_sum": 40.219052783785436, "pure_mf_cumulative_momentum_noise_variance": 0.00871423681867261, "preconditioner_mean": 25.15169906616211, "preconditioner_change_relative": 0.01368157472461462, "denominator_lag_relative": 0.0, "block_age": 0}
{"epoch": 1, "step": 62, "epsilon": 3.1189885091449114, "accuracy": 0.7457468685735652, "validation_loss": 0.5901681190785971, "validation_examples": 5349}
{"step": 70, "epoch": 2, "step_seconds": 0.267839889973402, "innovation_std_sum": 36.36113081350932, "noise_marginal_std_sum": 40.219052783785436, "pure_mf_cumulative_momentum_noise_variance": 0.009215409314349663, "preconditioner_mean": 25.049545288085938, "preconditioner_change_relative": 0.01109358575195074, "denominator_lag_relative": 0.0, "block_age": 0}
{"step": 80, "epoch": 2, "step_seconds": 0.2717498578131199, "innovation_std_sum": 36.36113081350932, "noise_marginal_std_sum": 40.219052783785436, "pure_mf_cumulative_momentum_noise_variance": 0.00971614076885233, "preconditioner_mean": 24.958133697509766, "preconditioner_change_relative": 0.009680175222456455, "denominator_lag_relative": 0.0, "block_age": 0}
{"step": 90, "epoch": 2, "step_seconds": 0.2671070620417595, "innovation_std_sum": 36.36113081350932, "noise_marginal_std_sum": 40.219052783785436, "pure_mf_cumulative_momentum_noise_variance": 0.01021673494267122, "preconditioner_mean": 24.92486572265625, "preconditioner_change_relative": 0.009011437185108662, "denominator_lag_relative": 0.0, "block_age": 0}
{"step": 100, "epoch": 2, "step_seconds": 0.26773163489997387, "innovation_std_sum": 36.36113081350932, "noise_marginal_std_sum": 40.219052783785436, "pure_mf_cumulative_momentum_noise_variance": 0.010717286924368357, "preconditioner_mean": 24.89852523803711, "preconditioner_change_relative": 0.00787015538662672, "denominator_lag_relative": 0.0, "block_age": 0}
{"step": 110, "epoch": 2, "step_seconds": 0.2628531791269779, "innovation_std_sum": 36.36113081350932, "noise_marginal_std_sum": 40.219052783785436, "pure_mf_cumulative_momentum_noise_variance": 0.011217826164118191, "preconditioner_mean": 24.87753677368164, "preconditioner_change_relative": 0.007193733472377062, "denominator_lag_relative": 0.0, "block_age": 0}
{"step": 120, "epoch": 2, "step_seconds": 0.2628634087741375, "innovation_std_sum": 36.36113081350932, "noise_marginal_std_sum": 40.219052783785436, "pure_mf_cumulative_momentum_noise_variance": 0.011718361646708865, "preconditioner_mean": 24.85651397705078, "preconditioner_change_relative": 0.006673329975455999, "denominator_lag_relative": 0.0, "block_age": 0}
{"epoch": 2, "step": 124, "epsilon": 4.648458915040102, "accuracy": 0.7915498223967097, "validation_loss": 0.5346922283418648, "validation_examples": 5349}
{"step": 130, "epoch": 3, "step_seconds": 0.2630651071667671, "innovation_std_sum": 36.36113081350932, "noise_marginal_std_sum": 40.219052783785436, "pure_mf_cumulative_momentum_noise_variance": 0.012218896058220923, "preconditioner_mean": 24.841768264770508, "preconditioner_change_relative": 0.005677154753357172, "denominator_lag_relative": 0.0, "block_age": 0}
{"step": 140, "epoch": 3, "step_seconds": 0.26382312923669815, "innovation_std_sum": 36.36113081350932, "noise_marginal_std_sum": 40.219052783785436, "pure_mf_cumulative_momentum_noise_variance": 0.012719430179577863, "preconditioner_mean": 24.815265655517578, "preconditioner_change_relative": 0.005680468864738941, "denominator_lag_relative": 0.0, "block_age": 0}
{"step": 150, "epoch": 3, "step_seconds": 0.26388475112617016, "innovation_std_sum": 36.36113081350932, "noise_marginal_std_sum": 40.219052783785436, "pure_mf_cumulative_momentum_noise_variance": 0.013219964228809692, "preconditioner_mean": 24.817272186279297, "preconditioner_change_relative": 0.0050159841775894165, "denominator_lag_relative": 0.0, "block_age": 0}
{"step": 160, "epoch": 3, "step_seconds": 0.2630287744104862, "innovation_std_sum": 36.36113081350932, "noise_marginal_std_sum": 40.219052783785436, "pure_mf_cumulative_momentum_noise_variance": 0.013720498263020485, "preconditioner_mean": 24.81141471862793, "preconditioner_change_relative": 0.004932520445436239, "denominator_lag_relative": 0.0, "block_age": 0}
{"step": 170, "epoch": 3, "step_seconds": 0.2719319071620703, "innovation_std_sum": 36.36113081350932, "noise_marginal_std_sum": 40.219052783785436, "pure_mf_cumulative_momentum_noise_variance": 0.014221032295524969, "preconditioner_mean": 24.80076789855957, "preconditioner_change_relative": 0.004550703801214695, "denominator_lag_relative": 0.0, "block_age": 0}
{"step": 180, "epoch": 3, "step_seconds": 0.27166005596518517, "innovation_std_sum": 36.36113081350932, "noise_marginal_std_sum": 40.219052783785436, "pure_mf_cumulative_momentum_noise_variance": 0.014721566328665753, "preconditioner_mean": 24.798362731933594, "preconditioner_change_relative": 0.004153004847466946, "denominator_lag_relative": 0.0, "block_age": 0}
{"epoch": 3, "step": 186, "epsilon": 5.895762677487766, "accuracy": 0.8123013647410731, "validation_loss": 0.4791397783639922, "validation_examples": 5349}
{"step": 190, "epoch": 4, "step_seconds": 0.2687232904136181, "innovation_std_sum": 36.36113081350932, "noise_marginal_std_sum": 40.219052783785436, "pure_mf_cumulative_momentum_noise_variance": 0.015222100362457702, "preconditioner_mean": 24.790653228759766, "preconditioner_change_relative": 0.004203789867460728, "denominator_lag_relative": 0.0, "block_age": 0}
{"step": 200, "epoch": 4, "step_seconds": 0.2673001401126385, "innovation_std_sum": 36.36113081350932, "noise_marginal_std_sum": 40.219052783785436, "pure_mf_cumulative_momentum_noise_variance": 0.015722634396626398, "preconditioner_mean": 24.783702850341797, "preconditioner_change_relative": 0.0039812978357076645, "denominator_lag_relative": 0.0, "block_age": 0}
{"step": 210, "epoch": 4, "step_seconds": 0.2717586159706116, "innovation_std_sum": 36.36113081350932, "noise_marginal_std_sum": 40.219052783785436, "pure_mf_cumulative_momentum_noise_variance": 0.01622316843097864, "preconditioner_mean": 24.772245407104492, "preconditioner_change_relative": 0.0037410249933600426, "denominator_lag_relative": 0.0, "block_age": 0}
{"step": 220, "epoch": 4, "step_seconds": 0.265956012532115, "innovation_std_sum": 36.36113081350932, "noise_marginal_std_sum": 40.219052783785436, "pure_mf_cumulative_momentum_noise_variance": 0.016723702465413097, "preconditioner_mean": 24.769865036010742, "preconditioner_change_relative": 0.0035718639846891165, "denominator_lag_relative": 0.0, "block_age": 0}
{"step": 230, "epoch": 4, "step_seconds": 0.2720486018806696, "innovation_std_sum": 36.36113081350932, "noise_marginal_std_sum": 40.219052783785436, "pure_mf_cumulative_momentum_noise_variance": 0.017224236499882552, "preconditioner_mean": 24.772804260253906, "preconditioner_change_relative": 0.0034449188970029354, "denominator_lag_relative": 0.0, "block_age": 0}
{"step": 240, "epoch": 4, "step_seconds": 0.27189088240265846, "innovation_std_sum": 36.36113081350932, "noise_marginal_std_sum": 40.219052783785436, "pure_mf_cumulative_momentum_noise_variance": 0.017724770534366423, "preconditioner_mean": 24.77472686767578, "preconditioner_change_relative": 0.0034625439438968897, "denominator_lag_relative": 0.0, "block_age": 0}
{"epoch": 4, "step": 248, "epsilon": 6.995398184192, "accuracy": 0.821461955505702, "validation_loss": 0.4634473219076525, "validation_examples": 5349}
{"step": 250, "epoch": 5, "step_seconds": 0.2661798894405365, "innovation_std_sum": 36.36113081350932, "noise_marginal_std_sum": 40.219052783785436, "pure_mf_cumulative_momentum_noise_variance": 0.018225304568856106, "preconditioner_mean": 24.76362419128418, "preconditioner_change_relative": 0.0033643972128629684, "denominator_lag_relative": 0.0, "block_age": 0}
{"step": 260, "epoch": 5, "step_seconds": 0.26932699233293533, "innovation_std_sum": 36.36113081350932, "noise_marginal_std_sum": 40.219052783785436, "pure_mf_cumulative_momentum_noise_variance": 0.018725838603348074, "preconditioner_mean": 24.76237678527832, "preconditioner_change_relative": 0.003038957482203841, "denominator_lag_relative": 0.0, "block_age": 0}
{"step": 270, "epoch": 5, "step_seconds": 0.2681660149246454, "innovation_std_sum": 36.36113081350932, "noise_marginal_std_sum": 40.219052783785436, "pure_mf_cumulative_momentum_noise_variance": 0.01922637263784093, "preconditioner_mean": 24.762168884277344, "preconditioner_change_relative": 0.003134236205369234, "denominator_lag_relative": 0.0, "block_age": 0}
{"step": 280, "epoch": 5, "step_seconds": 0.26759571582078934, "innovation_std_sum": 36.36113081350932, "noise_marginal_std_sum": 40.219052783785436, "pure_mf_cumulative_momentum_noise_variance": 0.01972690667233414, "preconditioner_mean": 24.770790100097656, "preconditioner_change_relative": 0.002811029553413391, "denominator_lag_relative": 0.0, "block_age": 0}
{"step": 290, "epoch": 5, "step_seconds": 0.26818604208528996, "innovation_std_sum": 36.36113081350932, "noise_marginal_std_sum": 40.219052783785436, "pure_mf_cumulative_momentum_noise_variance": 0.02022744070682747, "preconditioner_mean": 24.77457046508789, "preconditioner_change_relative": 0.0028912557754665613, "denominator_lag_relative": 0.0, "block_age": 0}
{"step": 300, "epoch": 5, "step_seconds": 0.26862314715981483, "innovation_std_sum": 36.36113081350932, "noise_marginal_std_sum": 40.219052783785436, "pure_mf_cumulative_momentum_noise_variance": 0.020727974741320855, "preconditioner_mean": 24.77968978881836, "preconditioner_change_relative": 0.002706932369619608, "denominator_lag_relative": 0.0, "block_age": 0}
{"step": 310, "epoch": 5, "step_seconds": 0.2688097581267357, "innovation_std_sum": 36.36113081350932, "noise_marginal_std_sum": 40.219052783785436, "pure_mf_cumulative_momentum_noise_variance": 0.021228508775814257, "preconditioner_mean": 24.775726318359375, "preconditioner_change_relative": 0.0027240810450166464, "denominator_lag_relative": 0.0, "block_age": 0}
{"epoch": 5, "step": 310, "epsilon": 8.000000000000007, "accuracy": 0.8255748738081884, "validation_loss": 0.4515225950145882, "validation_examples": 5349}
