Loading weights:   0%|          | 0/39 [00:00<?, ?it/s]Loading weights: 100%|██████████| 39/39 [00:00<00:00, 19221.84it/s]
[transformers] [1mBertModel LOAD REPORT[0m from: /media/data/data/lt/dp-adam-correlated/cache/bert-tiny
Key                                        | Status     |  | 
-------------------------------------------+------------+--+-
cls.predictions.bias                       | UNEXPECTED |  | 
cls.predictions.decoder.bias               | UNEXPECTED |  | 
cls.seq_relationship.weight                | UNEXPECTED |  | 
cls.predictions.transform.LayerNorm.bias   | UNEXPECTED |  | 
cls.predictions.transform.LayerNorm.weight | UNEXPECTED |  | 
cls.seq_relationship.bias                  | UNEXPECTED |  | 
cls.predictions.transform.dense.bias       | UNEXPECTED |  | 
cls.predictions.decoder.weight             | UNEXPECTED |  | 
cls.predictions.transform.dense.weight     | UNEXPECTED |  | 

Notes:
- UNEXPECTED:	can be ignored when loading from different task/architecture; not ok if you expect identical arch.
sys:1: UserWarning: Full backward hook is firing when gradients are computed with respect to module outputs since no inputs require gradients. See https://docs.pytorch.org/docs/main/generated/torch.nn.Module.html#torch.nn.Module.register_full_backward_hook for more details.
{"step": 62, "epoch": 1.0, "train_loss": 1.5878124271515879, "clip_fraction": 0.7389032258064518, "validation_loss": 1.4894941240454371, "accuracy": 0.7597681809684053, "validation_examples": 5349, "epsilon": 3.1232925162148586}
{"step": 124, "epoch": 2.0, "train_loss": 1.3414842037077874, "clip_fraction": 0.49212903225806454, "validation_loss": 1.3602531948007586, "accuracy": 0.7840717891194616, "validation_examples": 5349, "epsilon": 4.650921021133028}
{"step": 186, "epoch": 3.0, "train_loss": 1.2733296882875507, "clip_fraction": 0.4218387096774194, "validation_loss": 1.3319189528434783, "accuracy": 0.7874369040942232, "validation_examples": 5349, "epsilon": 5.897172094191146}
{"step": 248, "epoch": 4.0, "train_loss": 1.2303128110824095, "clip_fraction": 0.3834193548387097, "validation_loss": 1.3064198931659978, "accuracy": 0.7982800523462329, "validation_examples": 5349, "epsilon": 6.99603315708177}
{"step": 310, "epoch": 5.0, "train_loss": 1.2268309877457158, "clip_fraction": 0.36, "validation_loss": 1.2733218110505833, "accuracy": 0.7988409048420265, "validation_examples": 5349, "epsilon": 8.000000000000005}
