/home/longt29/miniconda3/envs/curve/lib/python3.11/site-packages/torchvision/datasets/cifar.py:83: VisibleDeprecationWarning: dtype(): align should be passed as Python or NumPy boolean but got `align=0`. Did you mean to pass a tuple to create a subarray type? (Deprecated NumPy 2.4)
  entry = pickle.load(f, encoding="latin1")
{"method": "dp-adam-momentum-bias-bandinvmf-scale", "smoke": false, "calibration": {"target_mu": 1.6660305978457184, "sensitivity": 4.065608121489227, "innovation_std_sum": 122.01480953430003, "adjacency": "add_remove_zero_out", "k": 5, "b_participation": 50, "sampling_amplification": false}, "coefficients": [1.0, -0.53161943769869, -0.0779998119461293, -0.2795535556950146]}
sys:1: UserWarning: Full backward hook is firing when gradients are computed with respect to module outputs since no inputs require gradients. See https://docs.pytorch.org/docs/main/generated/torch.nn.Module.html#torch.nn.Module.register_full_backward_hook for more details.
{"progress_step": 10, "epoch": 1, "train_loss_so_far": 4.576640600585938, "clip_fraction_so_far": 1.0}
{"progress_step": 20, "epoch": 1, "train_loss_so_far": 4.188747439575195, "clip_fraction_so_far": 1.0}
{"progress_step": 30, "epoch": 1, "train_loss_so_far": 3.8184757446289064, "clip_fraction_so_far": 0.9998}
{"progress_step": 40, "epoch": 1, "train_loss_so_far": 3.522031607055664, "clip_fraction_so_far": 0.998825}
{"progress_step": 50, "epoch": 1, "train_loss_so_far": 3.2815276977539063, "clip_fraction_so_far": 0.99696}
{"epoch": 1, "logical_steps": 50, "train_examples": 50000, "train_loss": 3.2815276977539063, "test_loss": 1.7542682250976562, "test_top1": 0.5193, "clip_fraction": 0.99696, "gdp_mu": 0.7271304784322894, "gdp_epsilon": 3.037976902428691, "target_mu": 1.6660305978457184, "target_epsilon": 8.0, "delta": 1e-05, "noise_std": 0.14265057056715005, "noise_std_space": "scaled", "innovation_std_sum": 122.01480953430003, "augmentation_trace_sha256": "d63da21bdb0b5208efde32fe6efd500a1dd8422cf2de8538c5d20df0af3afa1c", "seconds": 143.34146935120225}
{"progress_step": 60, "epoch": 2, "train_loss_so_far": 2.086022463989258, "clip_fraction_so_far": 0.9739}
{"progress_step": 70, "epoch": 2, "train_loss_so_far": 2.0259524780273437, "clip_fraction_so_far": 0.9641}
{"progress_step": 80, "epoch": 2, "train_loss_so_far": 1.9547734883626302, "clip_fraction_so_far": 0.952}
{"progress_step": 90, "epoch": 2, "train_loss_so_far": 1.907443115234375, "clip_fraction_so_far": 0.9411}
{"progress_step": 100, "epoch": 2, "train_loss_so_far": 1.8560773529052734, "clip_fraction_so_far": 0.93032}
{"epoch": 2, "logical_steps": 100, "train_examples": 50000, "train_loss": 1.8560773529052734, "test_loss": 1.1328564331054687, "test_top1": 0.6679, "clip_fraction": 0.93032, "gdp_mu": 1.0438331619280494, "gdp_epsilon": 4.600416946348178, "target_mu": 1.6660305978457184, "target_epsilon": 8.0, "delta": 1e-05, "noise_std": 0.14265057056715005, "noise_std_space": "scaled", "innovation_std_sum": 122.01480953430003, "augmentation_trace_sha256": "eba11842858511941e69682cb3174b7d5e6fd73ab7d8425892c6d4fc55cf418b", "seconds": 132.6305886209011}
{"progress_step": 110, "epoch": 3, "train_loss_so_far": 1.610309927368164, "clip_fraction_so_far": 0.8711}
{"progress_step": 120, "epoch": 3, "train_loss_so_far": 1.5966760482788085, "clip_fraction_so_far": 0.86215}
{"progress_step": 130, "epoch": 3, "train_loss_so_far": 1.566814185587565, "clip_fraction_so_far": 0.8526}
{"progress_step": 140, "epoch": 3, "train_loss_so_far": 1.5575805488586425, "clip_fraction_so_far": 0.84475}
{"progress_step": 150, "epoch": 3, "train_loss_so_far": 1.5470032916259766, "clip_fraction_so_far": 0.83818}
{"epoch": 3, "logical_steps": 150, "train_examples": 50000, "train_loss": 1.5470032916259766, "test_loss": 0.9324697052001953, "test_top1": 0.718, "clip_fraction": 0.83818, "gdp_mu": 1.2851399415460758, "gdp_epsilon": 5.868262919898993, "target_mu": 1.6660305978457184, "target_epsilon": 8.0, "delta": 1e-05, "noise_std": 0.14265057056715005, "noise_std_space": "scaled", "innovation_std_sum": 122.01480953430003, "augmentation_trace_sha256": "f4ab582ea37ff08d6c3ec209d5c76a6a59fcdd228971935ccfe60255636fc688", "seconds": 134.029250793159}
{"progress_step": 160, "epoch": 4, "train_loss_so_far": 1.4669791717529297, "clip_fraction_so_far": 0.7956}
{"progress_step": 170, "epoch": 4, "train_loss_so_far": 1.4542989654541016, "clip_fraction_so_far": 0.79125}
{"progress_step": 180, "epoch": 4, "train_loss_so_far": 1.4374934214274089, "clip_fraction_so_far": 0.7830666666666667}
{"progress_step": 190, "epoch": 4, "train_loss_so_far": 1.4285606178283692, "clip_fraction_so_far": 0.777825}
{"progress_step": 200, "epoch": 4, "train_loss_so_far": 1.4246803381347657, "clip_fraction_so_far": 0.77294}
{"epoch": 4, "logical_steps": 200, "train_examples": 50000, "train_loss": 1.4246803381347657, "test_loss": 0.8558723205566406, "test_top1": 0.7457, "clip_fraction": 0.77294, "gdp_mu": 1.4878241288541523, "gdp_epsilon": 6.983019766523851, "target_mu": 1.6660305978457184, "target_epsilon": 8.0, "delta": 1e-05, "noise_std": 0.14265057056715005, "noise_std_space": "scaled", "innovation_std_sum": 122.01480953430003, "augmentation_trace_sha256": "eeab75a2450d737b335b1b301c8415d8e4847a2415b1acc4f6665e5915aa923a", "seconds": 134.1687193159014}
{"progress_step": 210, "epoch": 5, "train_loss_so_far": 1.4063819274902343, "clip_fraction_so_far": 0.7427}
{"progress_step": 220, "epoch": 5, "train_loss_so_far": 1.3990346481323241, "clip_fraction_so_far": 0.73895}
{"progress_step": 230, "epoch": 5, "train_loss_so_far": 1.3818357655843099, "clip_fraction_so_far": 0.7341666666666666}
{"progress_step": 240, "epoch": 5, "train_loss_so_far": 1.3844096366882324, "clip_fraction_so_far": 0.732975}
{"progress_step": 250, "epoch": 5, "train_loss_so_far": 1.3783678747558594, "clip_fraction_so_far": 0.73006}
{"epoch": 5, "logical_steps": 250, "train_examples": 50000, "train_loss": 1.3783678747558594, "test_loss": 0.832814665222168, "test_top1": 0.7591, "clip_fraction": 0.73006, "gdp_mu": 1.6660305978457184, "gdp_epsilon": 8.000000000000005, "target_mu": 1.6660305978457184, "target_epsilon": 8.0, "delta": 1e-05, "noise_std": 0.14265057056715005, "noise_std_space": "scaled", "innovation_std_sum": 122.01480953430003, "augmentation_trace_sha256": "41f1cb58f0307df20ce87cfb313693105a3d89f587b34546eb06562652fb22c3", "seconds": 135.78655409626663}
{"status": "completed", "results": "/media/data/data/lt/dp-adam-correlated/exp7b/results/search/trials/3553a6e012fa2f9b"}
