/home/longt29/miniconda3/envs/curve/lib/python3.11/site-packages/torchvision/datasets/cifar.py:83: VisibleDeprecationWarning: dtype(): align should be passed as Python or NumPy boolean but got `align=0`. Did you mean to pass a tuple to create a subarray type? (Deprecated NumPy 2.4)
  entry = pickle.load(f, encoding="latin1")
sys:1: UserWarning: Full backward hook is firing when gradients are computed with respect to module outputs since no inputs require gradients. See https://docs.pytorch.org/docs/main/generated/torch.nn.Module.html#torch.nn.Module.register_full_backward_hook for more details.
{"step": 10, "epoch": 1, "train_loss": 4.77532666015625, "clip_fraction": 1.0, "gradient_norm_mean": 66.4198916015625, "gradient_norm_max": 154.3816680908203, "step_seconds": 2.161940660327673, "innovation_std_sum": 14.408031087586908, "noise_marginal_std_sum": 19.873177379497214}
{"step": 20, "epoch": 1, "train_loss": 4.651599609375, "clip_fraction": 1.0, "gradient_norm_mean": 57.2807294921875, "gradient_norm_max": 108.4075698852539, "step_seconds": 2.1578960865736008, "innovation_std_sum": 14.408031087586908, "noise_marginal_std_sum": 19.873177379497214}
{"step": 30, "epoch": 1, "train_loss": 4.594081909179687, "clip_fraction": 1.0, "gradient_norm_mean": 54.3886494140625, "gradient_norm_max": 101.57353210449219, "step_seconds": 2.150762628763914, "innovation_std_sum": 14.408031087586908, "noise_marginal_std_sum": 19.873177379497214}
{"step": 40, "epoch": 1, "train_loss": 4.50927587890625, "clip_fraction": 1.0, "gradient_norm_mean": 54.2749326171875, "gradient_norm_max": 113.17327880859375, "step_seconds": 2.1739846505224705, "innovation_std_sum": 14.408031087586908, "noise_marginal_std_sum": 19.873177379497214}
{"epoch": 1, "step": 45, "train_loss": 4.66081304796007, "clip_fraction": 1.0, "epsilon": 2.805247463992718, "accuracy": 0.0426, "validation_loss": 4.39340244140625, "validation_examples": 5000}
{"step": 50, "epoch": 2, "train_loss": 4.383603271484375, "clip_fraction": 1.0, "gradient_norm_mean": 56.18462109375, "gradient_norm_max": 111.70976257324219, "step_seconds": 2.1169733181595802, "innovation_std_sum": 14.408031087586908, "noise_marginal_std_sum": 19.873177379497214}
{"step": 60, "epoch": 2, "train_loss": 4.304756958007813, "clip_fraction": 1.0, "gradient_norm_mean": 59.1910546875, "gradient_norm_max": 117.3205795288086, "step_seconds": 2.138865649700165, "innovation_std_sum": 14.408031087586908, "noise_marginal_std_sum": 19.873177379497214}
{"step": 70, "epoch": 2, "train_loss": 4.188343872070313, "clip_fraction": 1.0, "gradient_norm_mean": 63.613509765625, "gradient_norm_max": 141.33448791503906, "step_seconds": 2.1631406024098396, "innovation_std_sum": 14.408031087586908, "noise_marginal_std_sum": 19.873177379497214}
{"step": 80, "epoch": 2, "train_loss": 4.124527954101563, "clip_fraction": 1.0, "gradient_norm_mean": 67.679451171875, "gradient_norm_max": 139.49142456054688, "step_seconds": 2.1768532395362854, "innovation_std_sum": 14.408031087586908, "noise_marginal_std_sum": 19.873177379497214}
{"step": 90, "epoch": 2, "train_loss": 4.046960510253906, "clip_fraction": 1.0, "gradient_norm_mean": 74.192302734375, "gradient_norm_max": 163.3745880126953, "step_seconds": 2.1807237304747105, "innovation_std_sum": 14.408031087586908, "noise_marginal_std_sum": 19.873177379497214}
{"epoch": 2, "step": 90, "train_loss": 4.230053352864584, "clip_fraction": 1.0, "epsilon": 4.447471925552444, "accuracy": 0.1204, "validation_loss": 3.9100919311523437, "validation_examples": 5000}
{"step": 100, "epoch": 3, "train_loss": 3.9234632568359373, "clip_fraction": 1.0, "gradient_norm_mean": 79.762234375, "gradient_norm_max": 172.9205780029297, "step_seconds": 2.131186591461301, "innovation_std_sum": 14.408031087586908, "noise_marginal_std_sum": 19.873177379497214}
{"step": 110, "epoch": 3, "train_loss": 3.7706339111328124, "clip_fraction": 1.0, "gradient_norm_mean": 84.255953125, "gradient_norm_max": 169.15118408203125, "step_seconds": 2.162474537268281, "innovation_std_sum": 14.408031087586908, "noise_marginal_std_sum": 19.873177379497214}
{"step": 120, "epoch": 3, "train_loss": 3.733228271484375, "clip_fraction": 1.0, "gradient_norm_mean": 89.42352734375, "gradient_norm_max": 206.76742553710938, "step_seconds": 2.2325409948825836, "innovation_std_sum": 14.408031087586908, "noise_marginal_std_sum": 19.873177379497214}
{"step": 130, "epoch": 3, "train_loss": 3.6073857421875, "clip_fraction": 1.0, "gradient_norm_mean": 92.241599609375, "gradient_norm_max": 220.81475830078125, "step_seconds": 2.195886790752411, "innovation_std_sum": 14.408031087586908, "noise_marginal_std_sum": 19.873177379497214}
{"epoch": 3, "step": 135, "train_loss": 3.765413388400608, "clip_fraction": 1.0, "epsilon": 5.779485746307641, "accuracy": 0.2236, "validation_loss": 3.3590886962890627, "validation_examples": 5000}
{"step": 140, "epoch": 4, "train_loss": 3.4450806884765623, "clip_fraction": 1.0, "gradient_norm_mean": 95.380537109375, "gradient_norm_max": 284.9570617675781, "step_seconds": 2.1565495152026415, "innovation_std_sum": 14.408031087586908, "noise_marginal_std_sum": 19.873177379497214}
{"step": 150, "epoch": 4, "train_loss": 3.409047119140625, "clip_fraction": 1.0, "gradient_norm_mean": 98.81174609375, "gradient_norm_max": 284.6285095214844, "step_seconds": 2.1662144772708416, "innovation_std_sum": 14.408031087586908, "noise_marginal_std_sum": 19.873177379497214}
{"step": 160, "epoch": 4, "train_loss": 3.308425231933594, "clip_fraction": 1.0, "gradient_norm_mean": 100.37495703125, "gradient_norm_max": 233.49427795410156, "step_seconds": 2.2033542580902576, "innovation_std_sum": 14.408031087586908, "noise_marginal_std_sum": 19.873177379497214}
{"step": 170, "epoch": 4, "train_loss": 3.1970726318359377, "clip_fraction": 1.0, "gradient_norm_mean": 101.619939453125, "gradient_norm_max": 250.41818237304688, "step_seconds": 2.221802894026041, "innovation_std_sum": 14.408031087586908, "noise_marginal_std_sum": 19.873177379497214}
{"step": 180, "epoch": 4, "train_loss": 3.158888671875, "clip_fraction": 1.0, "gradient_norm_mean": 103.541634765625, "gradient_norm_max": 276.8222961425781, "step_seconds": 2.2360958382487297, "innovation_std_sum": 14.408031087586908, "noise_marginal_std_sum": 19.873177379497214}
{"epoch": 4, "step": 180, "train_loss": 3.3157959988064234, "clip_fraction": 1.0, "epsilon": 6.943065470652319, "accuracy": 0.3204, "validation_loss": 2.8788883544921875, "validation_examples": 5000}
{"step": 190, "epoch": 5, "train_loss": 3.0612947998046875, "clip_fraction": 1.0, "gradient_norm_mean": 104.466244140625, "gradient_norm_max": 277.53564453125, "step_seconds": 2.138252617791295, "innovation_std_sum": 14.408031087586908, "noise_marginal_std_sum": 19.873177379497214}
{"step": 200, "epoch": 5, "train_loss": 2.9799750366210938, "clip_fraction": 1.0, "gradient_norm_mean": 106.65476953125, "gradient_norm_max": 286.8818359375, "step_seconds": 2.1906382087618113, "innovation_std_sum": 14.408031087586908, "noise_marginal_std_sum": 19.873177379497214}
{"step": 210, "epoch": 5, "train_loss": 2.9533790283203123, "clip_fraction": 1.0, "gradient_norm_mean": 106.725689453125, "gradient_norm_max": 279.8277587890625, "step_seconds": 2.2082669641822577, "innovation_std_sum": 14.408031087586908, "noise_marginal_std_sum": 19.873177379497214}
{"step": 220, "epoch": 5, "train_loss": 2.842416320800781, "clip_fraction": 1.0, "gradient_norm_mean": 107.68794921875, "gradient_norm_max": 317.09716796875, "step_seconds": 2.1983955148607492, "innovation_std_sum": 14.408031087586908, "noise_marginal_std_sum": 19.873177379497214}
{"epoch": 5, "step": 225, "train_loss": 2.9439877536349828, "clip_fraction": 1.0, "epsilon": 8.000000000000005, "accuracy": 0.4016, "validation_loss": 2.503058935546875, "validation_examples": 5000}
