/home/longt29/miniconda3/envs/curve/lib/python3.11/site-packages/torchvision/datasets/cifar.py:83: VisibleDeprecationWarning: dtype(): align should be passed as Python or NumPy boolean but got `align=0`. Did you mean to pass a tuple to create a subarray type? (Deprecated NumPy 2.4)
  entry = pickle.load(f, encoding="latin1")
sys:1: UserWarning: Full backward hook is firing when gradients are computed with respect to module outputs since no inputs require gradients. See https://docs.pytorch.org/docs/main/generated/torch.nn.Module.html#torch.nn.Module.register_full_backward_hook for more details.
{"step": 10, "epoch": 1, "train_loss": 3.5177899169921876, "clip_fraction": 0.999, "gradient_norm_mean": 1416.03278125, "gradient_norm_max": 3665.108642578125, "step_seconds": 1.962629396468401, "innovation_std_sum": 196.05467572066416, "noise_marginal_std_sum": 220.90162065791233}
{"step": 20, "epoch": 1, "train_loss": 2.5415098876953124, "clip_fraction": 0.991, "gradient_norm_mean": 1813.43684375, "gradient_norm_max": 6474.07275390625, "step_seconds": 1.9723916575312614, "innovation_std_sum": 196.05467572066416, "noise_marginal_std_sum": 220.90162065791233}
{"step": 30, "epoch": 1, "train_loss": 2.1243314819335937, "clip_fraction": 0.947, "gradient_norm_mean": 1723.7425, "gradient_norm_max": 7356.90283203125, "step_seconds": 1.995713647454977, "innovation_std_sum": 196.05467572066416, "noise_marginal_std_sum": 220.90162065791233}
{"step": 40, "epoch": 1, "train_loss": 1.9462156982421874, "clip_fraction": 0.905, "gradient_norm_mean": 1836.05259375, "gradient_norm_max": 9850.7783203125, "step_seconds": 2.001339577138424, "innovation_std_sum": 196.05467572066416, "noise_marginal_std_sum": 220.90162065791233}
{"step": 50, "epoch": 1, "train_loss": 1.7282154846191407, "clip_fraction": 0.868, "gradient_norm_mean": 1838.39734375, "gradient_norm_max": 13452.2685546875, "step_seconds": 2.0307984203100204, "innovation_std_sum": 196.05467572066416, "noise_marginal_std_sum": 220.90162065791233}
{"epoch": 1, "step": 50, "train_loss": 2.6268905725097658, "clip_fraction": 0.95188, "epsilon": 5.94504426534263, "accuracy": 0.6576, "validation_loss": 1.1810754455566406, "validation_examples": 10000}
{"step": 60, "epoch": 2, "train_loss": 1.6713646240234374, "clip_fraction": 0.817, "gradient_norm_mean": 1775.75609375, "gradient_norm_max": 8398.23046875, "step_seconds": 1.9726767633110285, "innovation_std_sum": 196.05467572066416, "noise_marginal_std_sum": 220.90162065791233}
{"step": 70, "epoch": 2, "train_loss": 1.5351778564453125, "clip_fraction": 0.801, "gradient_norm_mean": 1836.3058125, "gradient_norm_max": 9209.5341796875, "step_seconds": 1.9738964978605509, "innovation_std_sum": 196.05467572066416, "noise_marginal_std_sum": 220.90162065791233}
{"step": 80, "epoch": 2, "train_loss": 1.5252880859375, "clip_fraction": 0.776, "gradient_norm_mean": 1786.3791875, "gradient_norm_max": 10347.7255859375, "step_seconds": 1.9966732878237963, "innovation_std_sum": 196.05467572066416, "noise_marginal_std_sum": 220.90162065791233}
{"step": 90, "epoch": 2, "train_loss": 1.549209991455078, "clip_fraction": 0.759, "gradient_norm_mean": 1955.910875, "gradient_norm_max": 10754.634765625, "step_seconds": 2.027109006419778, "innovation_std_sum": 196.05467572066416, "noise_marginal_std_sum": 220.90162065791233}
{"step": 100, "epoch": 2, "train_loss": 1.4792156982421876, "clip_fraction": 0.74, "gradient_norm_mean": 1848.9, "gradient_norm_max": 9492.5810546875, "step_seconds": 2.0153965204954147, "innovation_std_sum": 196.05467572066416, "noise_marginal_std_sum": 220.90162065791233}
{"epoch": 2, "step": 100, "train_loss": 1.551941336669922, "clip_fraction": 0.78752, "epsilon": 9.011168455707674, "accuracy": 0.7314, "validation_loss": 0.9172422088623047, "validation_examples": 10000}
{"step": 110, "epoch": 3, "train_loss": 1.4767596740722657, "clip_fraction": 0.72, "gradient_norm_mean": 1881.21715625, "gradient_norm_max": 13272.9560546875, "step_seconds": 1.9979210682213306, "innovation_std_sum": 196.05467572066416, "noise_marginal_std_sum": 220.90162065791233}
{"step": 120, "epoch": 3, "train_loss": 1.4215156860351563, "clip_fraction": 0.709, "gradient_norm_mean": 1821.3534375, "gradient_norm_max": 10736.408203125, "step_seconds": 2.2699445448815823, "innovation_std_sum": 196.05467572066416, "noise_marginal_std_sum": 220.90162065791233}
{"step": 130, "epoch": 3, "train_loss": 1.421397430419922, "clip_fraction": 0.714, "gradient_norm_mean": 1863.812, "gradient_norm_max": 12248.2333984375, "step_seconds": 1.9883736167103052, "innovation_std_sum": 196.05467572066416, "noise_marginal_std_sum": 220.90162065791233}
{"step": 140, "epoch": 3, "train_loss": 1.4373256225585938, "clip_fraction": 0.718, "gradient_norm_mean": 1850.3724375, "gradient_norm_max": 11813.30078125, "step_seconds": 2.008671035990119, "innovation_std_sum": 196.05467572066416, "noise_marginal_std_sum": 220.90162065791233}
{"step": 150, "epoch": 3, "train_loss": 1.420790557861328, "clip_fraction": 0.709, "gradient_norm_mean": 1945.9254375, "gradient_norm_max": 11337.0703125, "step_seconds": 2.0136124584823847, "innovation_std_sum": 196.05467572066416, "noise_marginal_std_sum": 220.90162065791233}
{"epoch": 3, "step": 150, "train_loss": 1.4397100817871094, "clip_fraction": 0.71992, "epsilon": 11.5730345971491, "accuracy": 0.7477, "validation_loss": 0.8696345672607422, "validation_examples": 10000}
{"step": 160, "epoch": 4, "train_loss": 1.432619659423828, "clip_fraction": 0.723, "gradient_norm_mean": 2027.870125, "gradient_norm_max": 15936.6044921875, "step_seconds": 1.965238068252802, "innovation_std_sum": 196.05467572066416, "noise_marginal_std_sum": 220.90162065791233}
{"step": 170, "epoch": 4, "train_loss": 1.4255158386230469, "clip_fraction": 0.715, "gradient_norm_mean": 1942.60103125, "gradient_norm_max": 12520.4140625, "step_seconds": 1.9760677348822355, "innovation_std_sum": 196.05467572066416, "noise_marginal_std_sum": 220.90162065791233}
{"step": 180, "epoch": 4, "train_loss": 1.384650177001953, "clip_fraction": 0.684, "gradient_norm_mean": 1845.75496875, "gradient_norm_max": 11797.423828125, "step_seconds": 1.9787522461265326, "innovation_std_sum": 196.05467572066416, "noise_marginal_std_sum": 220.90162065791233}
{"step": 190, "epoch": 4, "train_loss": 1.4699741821289063, "clip_fraction": 0.695, "gradient_norm_mean": 1978.9118125, "gradient_norm_max": 17029.0, "step_seconds": 2.0022026002407074, "innovation_std_sum": 196.05467572066416, "noise_marginal_std_sum": 220.90162065791233}
{"step": 200, "epoch": 4, "train_loss": 1.311219970703125, "clip_fraction": 0.692, "gradient_norm_mean": 1886.69178125, "gradient_norm_max": 17371.484375, "step_seconds": 2.006665837019682, "innovation_std_sum": 196.05467572066416, "noise_marginal_std_sum": 220.90162065791233}
{"epoch": 4, "step": 200, "train_loss": 1.4030826971435546, "clip_fraction": 0.68922, "epsilon": 13.871266822698008, "accuracy": 0.7538, "validation_loss": 0.8740000625610351, "validation_examples": 10000}
{"step": 210, "epoch": 5, "train_loss": 1.4830738525390625, "clip_fraction": 0.687, "gradient_norm_mean": 2032.1635, "gradient_norm_max": 9956.6279296875, "step_seconds": 1.9670885372906923, "innovation_std_sum": 196.05467572066416, "noise_marginal_std_sum": 220.90162065791233}
{"step": 220, "epoch": 5, "train_loss": 1.3904590148925782, "clip_fraction": 0.682, "gradient_norm_mean": 2050.52615625, "gradient_norm_max": 12738.2900390625, "step_seconds": 1.9968086015433073, "innovation_std_sum": 196.05467572066416, "noise_marginal_std_sum": 220.90162065791233}
{"step": 230, "epoch": 5, "train_loss": 1.4428140258789062, "clip_fraction": 0.689, "gradient_norm_mean": 1983.49625, "gradient_norm_max": 11212.193359375, "step_seconds": 1.9858391527086496, "innovation_std_sum": 196.05467572066416, "noise_marginal_std_sum": 220.90162065791233}
{"step": 240, "epoch": 5, "train_loss": 1.5220273132324218, "clip_fraction": 0.678, "gradient_norm_mean": 2103.717875, "gradient_norm_max": 11729.8740234375, "step_seconds": 2.010574508458376, "innovation_std_sum": 196.05467572066416, "noise_marginal_std_sum": 220.90162065791233}
{"step": 250, "epoch": 5, "train_loss": 1.3804931030273437, "clip_fraction": 0.701, "gradient_norm_mean": 2082.219125, "gradient_norm_max": 14750.376953125, "step_seconds": 2.0214651338756084, "innovation_std_sum": 196.05467572066416, "noise_marginal_std_sum": 220.90162065791233}
{"epoch": 5, "step": 250, "train_loss": 1.4094036602783202, "clip_fraction": 0.67688, "epsilon": 16.000000000000018, "accuracy": 0.7503, "validation_loss": 0.9021142349243164, "validation_examples": 10000}
