/home/longt29/miniconda3/envs/curve/lib/python3.11/site-packages/torchvision/datasets/cifar.py:83: VisibleDeprecationWarning: dtype(): align should be passed as Python or NumPy boolean but got `align=0`. Did you mean to pass a tuple to create a subarray type? (Deprecated NumPy 2.4)
  entry = pickle.load(f, encoding="latin1")
sys:1: UserWarning: Full backward hook is firing when gradients are computed with respect to module outputs since no inputs require gradients. See https://docs.pytorch.org/docs/main/generated/torch.nn.Module.html#torch.nn.Module.register_full_backward_hook for more details.
{"step": 10, "epoch": 1, "train_loss": 4.711241821289063, "clip_fraction": 1.0, "gradient_norm_mean": 59.9737880859375, "gradient_norm_max": 119.37677001953125, "step_seconds": 2.0854931697249413, "innovation_std_sum": 13.421530075084847, "noise_marginal_std_sum": 13.421530075084847}
{"step": 20, "epoch": 1, "train_loss": 4.501871459960937, "clip_fraction": 1.0, "gradient_norm_mean": 52.19987109375, "gradient_norm_max": 103.87242889404297, "step_seconds": 2.0884767528623343, "innovation_std_sum": 13.421530075084847, "noise_marginal_std_sum": 13.421530075084847}
{"step": 30, "epoch": 1, "train_loss": 4.3740302734375, "clip_fraction": 1.0, "gradient_norm_mean": 53.8761953125, "gradient_norm_max": 111.09740447998047, "step_seconds": 2.0917445681989193, "innovation_std_sum": 13.421530075084847, "noise_marginal_std_sum": 13.421530075084847}
{"step": 40, "epoch": 1, "train_loss": 4.145101745605468, "clip_fraction": 1.0, "gradient_norm_mean": 60.794787109375, "gradient_norm_max": 118.97248840332031, "step_seconds": 2.095030479133129, "innovation_std_sum": 13.421530075084847, "noise_marginal_std_sum": 13.421530075084847}
{"epoch": 1, "step": 45, "train_loss": 4.486652684190538, "clip_fraction": 1.0, "epsilon": 3.1232925162148586, "accuracy": 0.1096, "validation_loss": 3.9562500366210935, "validation_examples": 5000}
{"step": 50, "epoch": 2, "train_loss": 3.9104537963867188, "clip_fraction": 1.0, "gradient_norm_mean": 73.182337890625, "gradient_norm_max": 139.97911071777344, "step_seconds": 2.1013470012694597, "innovation_std_sum": 13.421530075084847, "noise_marginal_std_sum": 13.421530075084847}
{"step": 60, "epoch": 2, "train_loss": 3.7002102661132814, "clip_fraction": 1.0, "gradient_norm_mean": 82.204548828125, "gradient_norm_max": 197.66122436523438, "step_seconds": 2.113730702549219, "innovation_std_sum": 13.421530075084847, "noise_marginal_std_sum": 13.421530075084847}
{"step": 70, "epoch": 2, "train_loss": 3.4944341430664063, "clip_fraction": 1.0, "gradient_norm_mean": 93.4933828125, "gradient_norm_max": 306.8428039550781, "step_seconds": 2.119943995028734, "innovation_std_sum": 13.421530075084847, "noise_marginal_std_sum": 13.421530075084847}
{"step": 80, "epoch": 2, "train_loss": 3.2803253173828124, "clip_fraction": 1.0, "gradient_norm_mean": 100.496685546875, "gradient_norm_max": 259.1899719238281, "step_seconds": 2.1278533451259136, "innovation_std_sum": 13.421530075084847, "noise_marginal_std_sum": 13.421530075084847}
{"step": 90, "epoch": 2, "train_loss": 3.1653348388671874, "clip_fraction": 1.0, "gradient_norm_mean": 104.949583984375, "gradient_norm_max": 349.1563720703125, "step_seconds": 2.122074069455266, "innovation_std_sum": 13.421530075084847, "noise_marginal_std_sum": 13.421530075084847}
{"epoch": 2, "step": 90, "train_loss": 3.5801143513997395, "clip_fraction": 1.0, "epsilon": 4.650921021133028, "accuracy": 0.2906, "validation_loss": 2.9500209716796877, "validation_examples": 5000}
{"step": 100, "epoch": 3, "train_loss": 3.0291798706054687, "clip_fraction": 1.0, "gradient_norm_mean": 109.992716796875, "gradient_norm_max": 517.141845703125, "step_seconds": 2.1048686392605305, "innovation_std_sum": 13.421530075084847, "noise_marginal_std_sum": 13.421530075084847}
{"step": 110, "epoch": 3, "train_loss": 2.9175498657226564, "clip_fraction": 1.0, "gradient_norm_mean": 110.894869140625, "gradient_norm_max": 358.3297119140625, "step_seconds": 2.1055630538612604, "innovation_std_sum": 13.421530075084847, "noise_marginal_std_sum": 13.421530075084847}
{"step": 120, "epoch": 3, "train_loss": 2.838857177734375, "clip_fraction": 1.0, "gradient_norm_mean": 113.6236640625, "gradient_norm_max": 563.5352172851562, "step_seconds": 2.120078321546316, "innovation_std_sum": 13.421530075084847, "noise_marginal_std_sum": 13.421530075084847}
{"step": 130, "epoch": 3, "train_loss": 2.6129349365234376, "clip_fraction": 0.998, "gradient_norm_mean": 115.2964453125, "gradient_norm_max": 425.8322448730469, "step_seconds": 2.163090543821454, "innovation_std_sum": 13.421530075084847, "noise_marginal_std_sum": 13.421530075084847}
{"epoch": 3, "step": 135, "train_loss": 2.860668503146701, "clip_fraction": 0.9997555555555555, "epsilon": 5.897172094191148, "accuracy": 0.4434, "validation_loss": 2.2690525390625, "validation_examples": 5000}
{"step": 140, "epoch": 4, "train_loss": 2.5128233032226563, "clip_fraction": 0.998, "gradient_norm_mean": 115.3360625, "gradient_norm_max": 510.93182373046875, "step_seconds": 2.107063291594386, "innovation_std_sum": 13.421530075084847, "noise_marginal_std_sum": 13.421530075084847}
{"step": 150, "epoch": 4, "train_loss": 2.4575884399414063, "clip_fraction": 0.997, "gradient_norm_mean": 118.6991875, "gradient_norm_max": 639.21533203125, "step_seconds": 2.104793854057789, "innovation_std_sum": 13.421530075084847, "noise_marginal_std_sum": 13.421530075084847}
{"step": 160, "epoch": 4, "train_loss": 2.3690665893554685, "clip_fraction": 0.995, "gradient_norm_mean": 118.392669921875, "gradient_norm_max": 441.37469482421875, "step_seconds": 2.1456068512052298, "innovation_std_sum": 13.421530075084847, "noise_marginal_std_sum": 13.421530075084847}
{"step": 170, "epoch": 4, "train_loss": 2.2040277709960936, "clip_fraction": 0.988, "gradient_norm_mean": 116.544689453125, "gradient_norm_max": 587.3417358398438, "step_seconds": 2.1592512391507626, "innovation_std_sum": 13.421530075084847, "noise_marginal_std_sum": 13.421530075084847}
{"step": 180, "epoch": 4, "train_loss": 2.3330977783203126, "clip_fraction": 0.988, "gradient_norm_mean": 121.79759765625, "gradient_norm_max": 446.37493896484375, "step_seconds": 2.1492312904447317, "innovation_std_sum": 13.421530075084847, "noise_marginal_std_sum": 13.421530075084847}
{"epoch": 4, "step": 180, "train_loss": 2.4156660617404513, "clip_fraction": 0.9946444444444444, "epsilon": 6.99603315708177, "accuracy": 0.525, "validation_loss": 1.8625641235351562, "validation_examples": 5000}
{"step": 190, "epoch": 5, "train_loss": 2.206080871582031, "clip_fraction": 0.982, "gradient_norm_mean": 114.323630859375, "gradient_norm_max": 492.2566833496094, "step_seconds": 2.1457316260784864, "innovation_std_sum": 13.421530075084847, "noise_marginal_std_sum": 13.421530075084847}
{"step": 200, "epoch": 5, "train_loss": 2.1869362182617187, "clip_fraction": 0.98, "gradient_norm_mean": 122.1293515625, "gradient_norm_max": 811.3753662109375, "step_seconds": 2.1252993419766426, "innovation_std_sum": 13.421530075084847, "noise_marginal_std_sum": 13.421530075084847}
{"step": 210, "epoch": 5, "train_loss": 2.1819660034179686, "clip_fraction": 0.977, "gradient_norm_mean": 121.578994140625, "gradient_norm_max": 473.6601257324219, "step_seconds": 2.1519419085234404, "innovation_std_sum": 13.421530075084847, "noise_marginal_std_sum": 13.421530075084847}
{"step": 220, "epoch": 5, "train_loss": 2.1109332275390624, "clip_fraction": 0.98, "gradient_norm_mean": 123.5514375, "gradient_norm_max": 573.8751220703125, "step_seconds": 2.1720281168818474, "innovation_std_sum": 13.421530075084847, "noise_marginal_std_sum": 13.421530075084847}
{"epoch": 5, "step": 225, "train_loss": 2.1556777737087676, "clip_fraction": 0.9778222222222223, "epsilon": 8.000000000000005, "accuracy": 0.5772, "validation_loss": 1.6214440368652343, "validation_examples": 5000}
