Loading weights:   0%|          | 0/39 [00:00<?, ?it/s]Loading weights: 100%|██████████| 39/39 [00:00<00:00, 14802.09it/s]
[transformers] [1mBertModel LOAD REPORT[0m from: /media/data/data/lt/dp-adam-correlated/cache/bert-tiny
Key                                        | Status     |  | 
-------------------------------------------+------------+--+-
cls.predictions.transform.LayerNorm.weight | UNEXPECTED |  | 
cls.predictions.transform.LayerNorm.bias   | UNEXPECTED |  | 
cls.seq_relationship.weight                | UNEXPECTED |  | 
cls.predictions.transform.dense.bias       | UNEXPECTED |  | 
cls.predictions.transform.dense.weight     | UNEXPECTED |  | 
cls.seq_relationship.bias                  | UNEXPECTED |  | 
cls.predictions.bias                       | UNEXPECTED |  | 
cls.predictions.decoder.weight             | UNEXPECTED |  | 
cls.predictions.decoder.bias               | UNEXPECTED |  | 

Notes:
- UNEXPECTED:	can be ignored when loading from different task/architecture; not ok if you expect identical arch.
sys:1: UserWarning: Full backward hook is firing when gradients are computed with respect to module outputs since no inputs require gradients. See https://docs.pytorch.org/docs/main/generated/torch.nn.Module.html#torch.nn.Module.register_full_backward_hook for more details.
{"step": 62, "epoch": 1.0, "train_loss": 2.020348372920867, "clip_fraction": 0.8790967741935485, "validation_loss": 2.4747542179640396, "accuracy": 0.557861282482707, "validation_examples": 5349, "epsilon": 3.1232925162148586}
{"step": 124, "epoch": 2.0, "train_loss": 1.4995397023847026, "clip_fraction": 0.7763548387096775, "validation_loss": 1.6659008517490856, "accuracy": 0.7498597868760516, "validation_examples": 5349, "epsilon": 4.650921021133028}
{"step": 186, "epoch": 3.0, "train_loss": 1.584934964087702, "clip_fraction": 0.5224354838709678, "validation_loss": 1.5751200340957057, "accuracy": 0.7767807066741447, "validation_examples": 5349, "epsilon": 5.897172094191146}
{"step": 248, "epoch": 4.0, "train_loss": 1.457868916173135, "clip_fraction": 0.47538709677419355, "validation_loss": 1.5142812424005583, "accuracy": 0.7865021499345672, "validation_examples": 5349, "epsilon": 6.99603315708177}
{"step": 310, "epoch": 5.0, "train_loss": 1.3973636317099292, "clip_fraction": 0.4348709677419355, "validation_loss": 1.461990481961618, "accuracy": 0.8003365114974762, "validation_examples": 5349, "epsilon": 8.000000000000005}
