Loading weights:   0%|          | 0/39 [00:00<?, ?it/s]Loading weights: 100%|██████████| 39/39 [00:00<00:00, 20936.63it/s]
[transformers] [1mBertModel LOAD REPORT[0m from: /media/data/data/lt/dp-adam-correlated/cache/bert-tiny
Key                                        | Status     |  | 
-------------------------------------------+------------+--+-
cls.predictions.decoder.weight             | UNEXPECTED |  | 
cls.seq_relationship.weight                | UNEXPECTED |  | 
cls.predictions.transform.LayerNorm.weight | UNEXPECTED |  | 
cls.predictions.transform.dense.bias       | UNEXPECTED |  | 
cls.seq_relationship.bias                  | UNEXPECTED |  | 
cls.predictions.transform.dense.weight     | UNEXPECTED |  | 
cls.predictions.transform.LayerNorm.bias   | UNEXPECTED |  | 
cls.predictions.decoder.bias               | UNEXPECTED |  | 
cls.predictions.bias                       | UNEXPECTED |  | 

Notes:
- UNEXPECTED:	can be ignored when loading from different task/architecture; not ok if you expect identical arch.
sys:1: UserWarning: Full backward hook is firing when gradients are computed with respect to module outputs since no inputs require gradients. See https://docs.pytorch.org/docs/main/generated/torch.nn.Module.html#torch.nn.Module.register_full_backward_hook for more details.
{"step": 10, "epoch": 1, "train_loss": 0.6985613403320312, "clip_fraction": 0.0, "gradient_norm_mean": 7.41793017578125, "gradient_norm_max": 14.197311401367188, "step_seconds": 0.12547297216951847, "innovation_std_sum": 34.19096290164991, "noise_marginal_std_sum": 38.52414684355806}
{"step": 20, "epoch": 1, "train_loss": 0.6311965942382812, "clip_fraction": 0.0, "gradient_norm_mean": 9.98308203125, "gradient_norm_max": 19.182682037353516, "step_seconds": 0.26523323357105255, "innovation_std_sum": 34.19096290164991, "noise_marginal_std_sum": 38.52414684355806}
{"step": 30, "epoch": 1, "train_loss": 0.63188427734375, "clip_fraction": 0.403, "gradient_norm_mean": 17.589814453125, "gradient_norm_max": 53.63253402709961, "step_seconds": 0.265264431014657, "innovation_std_sum": 34.19096290164991, "noise_marginal_std_sum": 38.52414684355806}
{"step": 40, "epoch": 1, "train_loss": 0.5495917358398438, "clip_fraction": 0.463, "gradient_norm_mean": 23.479734375, "gradient_norm_max": 88.00862884521484, "step_seconds": 0.26663547940552235, "innovation_std_sum": 34.19096290164991, "noise_marginal_std_sum": 38.52414684355806}
{"step": 50, "epoch": 1, "train_loss": 0.5891784057617188, "clip_fraction": 0.441, "gradient_norm_mean": 33.97652734375, "gradient_norm_max": 206.13453674316406, "step_seconds": 0.2665979489684105, "innovation_std_sum": 34.19096290164991, "noise_marginal_std_sum": 38.52414684355806}
{"step": 60, "epoch": 1, "train_loss": 0.5721227416992187, "clip_fraction": 0.379, "gradient_norm_mean": 33.80633203125, "gradient_norm_max": 205.8941650390625, "step_seconds": 0.267154011875391, "innovation_std_sum": 34.19096290164991, "noise_marginal_std_sum": 38.52414684355806}
{"epoch": 1, "step": 62, "train_loss": 0.616052977531187, "clip_fraction": 0.2516290322580645, "epsilon": 3.123292330075361, "accuracy": 0.7477064220183486, "validation_loss": 0.6411826807424563, "validation_examples": 872}
{"step": 70, "epoch": 2, "train_loss": 0.5576715087890625, "clip_fraction": 0.383, "gradient_norm_mean": 31.68380078125, "gradient_norm_max": 236.8721466064453, "step_seconds": 0.2673560827970505, "innovation_std_sum": 34.19096290164991, "noise_marginal_std_sum": 38.52414684355806}
{"step": 80, "epoch": 2, "train_loss": 0.542344970703125, "clip_fraction": 0.389, "gradient_norm_mean": 30.38821875, "gradient_norm_max": 226.73773193359375, "step_seconds": 0.266951821744442, "innovation_std_sum": 34.19096290164991, "noise_marginal_std_sum": 38.52414684355806}
{"step": 90, "epoch": 2, "train_loss": 0.528081298828125, "clip_fraction": 0.349, "gradient_norm_mean": 27.51741796875, "gradient_norm_max": 232.53135681152344, "step_seconds": 0.2661632001399994, "innovation_std_sum": 34.19096290164991, "noise_marginal_std_sum": 38.52414684355806}
{"step": 100, "epoch": 2, "train_loss": 0.5107881774902344, "clip_fraction": 0.34, "gradient_norm_mean": 28.7685390625, "gradient_norm_max": 250.13577270507812, "step_seconds": 0.26692542620003223, "innovation_std_sum": 34.19096290164991, "noise_marginal_std_sum": 38.52414684355806}
{"step": 110, "epoch": 2, "train_loss": 0.5355189208984374, "clip_fraction": 0.332, "gradient_norm_mean": 28.456685546875, "gradient_norm_max": 296.35040283203125, "step_seconds": 0.26831394247710705, "innovation_std_sum": 34.19096290164991, "noise_marginal_std_sum": 38.52414684355806}
{"step": 120, "epoch": 2, "train_loss": 0.5038524475097657, "clip_fraction": 0.303, "gradient_norm_mean": 25.00816796875, "gradient_norm_max": 306.3966369628906, "step_seconds": 0.26666337065398693, "innovation_std_sum": 34.19096290164991, "noise_marginal_std_sum": 38.52414684355806}
{"epoch": 2, "step": 124, "train_loss": 0.5150514875842679, "clip_fraction": 0.3494032258064516, "epsilon": 4.650920914901151, "accuracy": 0.7545871559633027, "validation_loss": 0.5661893459635043, "validation_examples": 872}
{"step": 130, "epoch": 3, "train_loss": 0.50809716796875, "clip_fraction": 0.325, "gradient_norm_mean": 27.742048828125, "gradient_norm_max": 294.0416564941406, "step_seconds": 0.267000675201416, "innovation_std_sum": 34.19096290164991, "noise_marginal_std_sum": 38.52414684355806}
{"step": 140, "epoch": 3, "train_loss": 0.5287876586914062, "clip_fraction": 0.305, "gradient_norm_mean": 27.94471875, "gradient_norm_max": 313.82318115234375, "step_seconds": 0.26683252304792404, "innovation_std_sum": 34.19096290164991, "noise_marginal_std_sum": 38.52414684355806}
{"step": 150, "epoch": 3, "train_loss": 0.47978680419921876, "clip_fraction": 0.292, "gradient_norm_mean": 24.35494140625, "gradient_norm_max": 229.53466796875, "step_seconds": 0.2654269319027662, "innovation_std_sum": 34.19096290164991, "noise_marginal_std_sum": 38.52414684355806}
{"step": 160, "epoch": 3, "train_loss": 0.4678079223632812, "clip_fraction": 0.276, "gradient_norm_mean": 22.90594140625, "gradient_norm_max": 288.8273010253906, "step_seconds": 0.2678824421018362, "innovation_std_sum": 34.19096290164991, "noise_marginal_std_sum": 38.52414684355806}
{"step": 170, "epoch": 3, "train_loss": 0.4188875732421875, "clip_fraction": 0.283, "gradient_norm_mean": 24.5763125, "gradient_norm_max": 338.5677490234375, "step_seconds": 0.2693833243101835, "innovation_std_sum": 34.19096290164991, "noise_marginal_std_sum": 38.52414684355806}
{"step": 180, "epoch": 3, "train_loss": 0.485093505859375, "clip_fraction": 0.295, "gradient_norm_mean": 25.71403515625, "gradient_norm_max": 335.20745849609375, "step_seconds": 0.2687786649912596, "innovation_std_sum": 34.19096290164991, "noise_marginal_std_sum": 38.52414684355806}
{"epoch": 3, "step": 186, "train_loss": 0.4706793670654297, "clip_fraction": 0.2920645161290323, "epsilon": 5.8971720333737725, "accuracy": 0.7568807339449541, "validation_loss": 0.5652180155482861, "validation_examples": 872}
{"step": 190, "epoch": 4, "train_loss": 0.5048905029296875, "clip_fraction": 0.3, "gradient_norm_mean": 27.95934375, "gradient_norm_max": 371.78863525390625, "step_seconds": 0.26445006765425205, "innovation_std_sum": 34.19096290164991, "noise_marginal_std_sum": 38.52414684355806}
{"step": 200, "epoch": 4, "train_loss": 0.4209676513671875, "clip_fraction": 0.251, "gradient_norm_mean": 21.782609375, "gradient_norm_max": 342.05560302734375, "step_seconds": 0.2682269308716059, "innovation_std_sum": 34.19096290164991, "noise_marginal_std_sum": 38.52414684355806}
{"step": 210, "epoch": 4, "train_loss": 0.472669921875, "clip_fraction": 0.275, "gradient_norm_mean": 25.42873828125, "gradient_norm_max": 360.9601745605469, "step_seconds": 0.2663692347705364, "innovation_std_sum": 34.19096290164991, "noise_marginal_std_sum": 38.52414684355806}
{"step": 220, "epoch": 4, "train_loss": 0.4506967468261719, "clip_fraction": 0.275, "gradient_norm_mean": 24.82451171875, "gradient_norm_max": 324.2189636230469, "step_seconds": 0.2690123897045851, "innovation_std_sum": 34.19096290164991, "noise_marginal_std_sum": 38.52414684355806}
{"step": 230, "epoch": 4, "train_loss": 0.39718869018554687, "clip_fraction": 0.243, "gradient_norm_mean": 22.8422890625, "gradient_norm_max": 323.6668395996094, "step_seconds": 0.2649903930723667, "innovation_std_sum": 34.19096290164991, "noise_marginal_std_sum": 38.52414684355806}
{"step": 240, "epoch": 4, "train_loss": 0.45954412841796877, "clip_fraction": 0.277, "gradient_norm_mean": 25.81299609375, "gradient_norm_max": 414.2483825683594, "step_seconds": 0.2698784377425909, "innovation_std_sum": 34.19096290164991, "noise_marginal_std_sum": 38.52414684355806}
{"epoch": 4, "step": 248, "train_loss": 0.4465618443642893, "clip_fraction": 0.26443548387096777, "epsilon": 6.996033129680921, "accuracy": 0.7660550458715596, "validation_loss": 0.552939778074212, "validation_examples": 872}
{"step": 250, "epoch": 5, "train_loss": 0.4573040771484375, "clip_fraction": 0.264, "gradient_norm_mean": 22.5460390625, "gradient_norm_max": 346.2002258300781, "step_seconds": 0.28383712098002434, "innovation_std_sum": 34.19096290164991, "noise_marginal_std_sum": 38.52414684355806}
{"step": 260, "epoch": 5, "train_loss": 0.4254553527832031, "clip_fraction": 0.243, "gradient_norm_mean": 23.17671875, "gradient_norm_max": 384.4656066894531, "step_seconds": 0.26330381259322166, "innovation_std_sum": 34.19096290164991, "noise_marginal_std_sum": 38.52414684355806}
{"step": 270, "epoch": 5, "train_loss": 0.42651263427734376, "clip_fraction": 0.232, "gradient_norm_mean": 21.48070703125, "gradient_norm_max": 340.88323974609375, "step_seconds": 0.26739597506821156, "innovation_std_sum": 34.19096290164991, "noise_marginal_std_sum": 38.52414684355806}
{"step": 280, "epoch": 5, "train_loss": 0.4473139953613281, "clip_fraction": 0.268, "gradient_norm_mean": 22.100345703125, "gradient_norm_max": 356.2635498046875, "step_seconds": 0.26729290932416916, "innovation_std_sum": 34.19096290164991, "noise_marginal_std_sum": 38.52414684355806}
{"step": 290, "epoch": 5, "train_loss": 0.47064453125, "clip_fraction": 0.255, "gradient_norm_mean": 22.98885546875, "gradient_norm_max": 347.4310607910156, "step_seconds": 0.26391662284731865, "innovation_std_sum": 34.19096290164991, "noise_marginal_std_sum": 38.52414684355806}
{"step": 300, "epoch": 5, "train_loss": 0.4354296875, "clip_fraction": 0.247, "gradient_norm_mean": 22.38966015625, "gradient_norm_max": 291.8033142089844, "step_seconds": 0.2653606440871954, "innovation_std_sum": 34.19096290164991, "noise_marginal_std_sum": 38.52414684355806}
{"step": 310, "epoch": 5, "train_loss": 0.46762451171875, "clip_fraction": 0.253, "gradient_norm_mean": 22.286908203125, "gradient_norm_max": 337.8138732910156, "step_seconds": 0.2651843708008528, "innovation_std_sum": 34.19096290164991, "noise_marginal_std_sum": 38.52414684355806}
{"epoch": 5, "step": 310, "train_loss": 0.4332037200927734, "clip_fraction": 0.24664516129032257, "epsilon": 8.000000000000007, "accuracy": 0.7694954128440367, "validation_loss": 0.5354906659607493, "validation_examples": 872}
