Loading weights:   0%|          | 0/39 [00:00<?, ?it/s]Loading weights: 100%|██████████| 39/39 [00:00<00:00, 19517.70it/s]
[transformers] [1mBertModel LOAD REPORT[0m from: /media/data/data/lt/dp-adam-correlated/cache/bert-tiny
Key                                        | Status     |  | 
-------------------------------------------+------------+--+-
cls.seq_relationship.bias                  | UNEXPECTED |  | 
cls.seq_relationship.weight                | UNEXPECTED |  | 
cls.predictions.transform.dense.bias       | UNEXPECTED |  | 
cls.predictions.decoder.weight             | UNEXPECTED |  | 
cls.predictions.transform.LayerNorm.weight | UNEXPECTED |  | 
cls.predictions.transform.dense.weight     | UNEXPECTED |  | 
cls.predictions.transform.LayerNorm.bias   | UNEXPECTED |  | 
cls.predictions.bias                       | UNEXPECTED |  | 
cls.predictions.decoder.bias               | UNEXPECTED |  | 

Notes:
- UNEXPECTED:	can be ignored when loading from different task/architecture; not ok if you expect identical arch.
sys:1: UserWarning: Full backward hook is firing when gradients are computed with respect to module outputs since no inputs require gradients. See https://docs.pytorch.org/docs/main/generated/torch.nn.Module.html#torch.nn.Module.register_full_backward_hook for more details.
{"step": 10, "epoch": 1, "train_loss": 1.779728271484375, "clip_fraction": 0.485, "gradient_norm_mean": 1232.1985, "gradient_norm_max": 6449.3427734375, "step_seconds": 0.2674243804067373, "innovation_std_sum": 170.95481450824957, "noise_marginal_std_sum": 192.6207342177903}
{"step": 20, "epoch": 1, "train_loss": 1.59379541015625, "clip_fraction": 0.625, "gradient_norm_mean": 2174.214, "gradient_norm_max": 11144.9931640625, "step_seconds": 0.2687470056116581, "innovation_std_sum": 170.95481450824957, "noise_marginal_std_sum": 192.6207342177903}
{"step": 30, "epoch": 1, "train_loss": 0.9197398071289062, "clip_fraction": 0.8, "gradient_norm_mean": 4946.3635, "gradient_norm_max": 26724.8046875, "step_seconds": 0.2670558840036392, "innovation_std_sum": 170.95481450824957, "noise_marginal_std_sum": 192.6207342177903}
{"step": 40, "epoch": 1, "train_loss": 1.067307861328125, "clip_fraction": 0.672, "gradient_norm_mean": 7936.1255, "gradient_norm_max": 51365.7890625, "step_seconds": 0.2662967164069414, "innovation_std_sum": 170.95481450824957, "noise_marginal_std_sum": 192.6207342177903}
{"step": 50, "epoch": 1, "train_loss": 1.17235400390625, "clip_fraction": 0.513, "gradient_norm_mean": 9347.267, "gradient_norm_max": 81274.3046875, "step_seconds": 0.26853443309664726, "innovation_std_sum": 170.95481450824957, "noise_marginal_std_sum": 192.6207342177903}
{"step": 60, "epoch": 1, "train_loss": 1.1400291748046876, "clip_fraction": 0.484, "gradient_norm_mean": 9838.034, "gradient_norm_max": 105765.0859375, "step_seconds": 0.26811952888965607, "innovation_std_sum": 170.95481450824957, "noise_marginal_std_sum": 192.6207342177903}
{"epoch": 1, "step": 62, "train_loss": 1.1268323167370211, "clip_fraction": 0.6812258064516129, "epsilon": 3.1232923300753557, "accuracy": 0.7713591325481398, "validation_loss": 1.1093091581397736, "validation_examples": 5349}
{"step": 70, "epoch": 2, "train_loss": 1.0394312744140626, "clip_fraction": 0.475, "gradient_norm_mean": 8627.889, "gradient_norm_max": 85970.25, "step_seconds": 0.2688121572136879, "innovation_std_sum": 170.95481450824957, "noise_marginal_std_sum": 192.6207342177903}
{"step": 80, "epoch": 2, "train_loss": 0.987822998046875, "clip_fraction": 0.463, "gradient_norm_mean": 8639.402, "gradient_norm_max": 93674.90625, "step_seconds": 0.2682917006313801, "innovation_std_sum": 170.95481450824957, "noise_marginal_std_sum": 192.6207342177903}
{"step": 90, "epoch": 2, "train_loss": 1.0013233642578125, "clip_fraction": 0.386, "gradient_norm_mean": 6305.603, "gradient_norm_max": 115025.8671875, "step_seconds": 0.2671491876244545, "innovation_std_sum": 170.95481450824957, "noise_marginal_std_sum": 192.6207342177903}
{"step": 100, "epoch": 2, "train_loss": 1.0297423095703124, "clip_fraction": 0.38, "gradient_norm_mean": 7862.832, "gradient_norm_max": 102999.953125, "step_seconds": 0.26651567593216896, "innovation_std_sum": 170.95481450824957, "noise_marginal_std_sum": 192.6207342177903}
{"step": 110, "epoch": 2, "train_loss": 0.8473805541992188, "clip_fraction": 0.387, "gradient_norm_mean": 7189.763, "gradient_norm_max": 133461.96875, "step_seconds": 0.2661896590143442, "innovation_std_sum": 170.95481450824957, "noise_marginal_std_sum": 192.6207342177903}
{"step": 120, "epoch": 2, "train_loss": 0.8276773071289063, "clip_fraction": 0.37, "gradient_norm_mean": 6974.127, "gradient_norm_max": 133374.71875, "step_seconds": 0.2690814584493637, "innovation_std_sum": 170.95481450824957, "noise_marginal_std_sum": 192.6207342177903}
{"epoch": 2, "step": 124, "train_loss": 0.9632501299458165, "clip_fraction": 0.4207741935483871, "epsilon": 4.65092091490115, "accuracy": 0.7999626098336138, "validation_loss": 0.9453437678233154, "validation_examples": 5349}
{"step": 130, "epoch": 3, "train_loss": 0.856861328125, "clip_fraction": 0.376, "gradient_norm_mean": 7929.9085, "gradient_norm_max": 143855.234375, "step_seconds": 0.27004263922572136, "innovation_std_sum": 170.95481450824957, "noise_marginal_std_sum": 192.6207342177903}
{"step": 140, "epoch": 3, "train_loss": 0.9201488037109375, "clip_fraction": 0.362, "gradient_norm_mean": 8181.74, "gradient_norm_max": 164743.40625, "step_seconds": 0.271919846534729, "innovation_std_sum": 170.95481450824957, "noise_marginal_std_sum": 192.6207342177903}
{"step": 150, "epoch": 3, "train_loss": 0.910040771484375, "clip_fraction": 0.371, "gradient_norm_mean": 7594.39, "gradient_norm_max": 173895.078125, "step_seconds": 0.272427586838603, "innovation_std_sum": 170.95481450824957, "noise_marginal_std_sum": 192.6207342177903}
{"step": 160, "epoch": 3, "train_loss": 0.9687742919921875, "clip_fraction": 0.351, "gradient_norm_mean": 7744.901, "gradient_norm_max": 170358.703125, "step_seconds": 0.26923021860420704, "innovation_std_sum": 170.95481450824957, "noise_marginal_std_sum": 192.6207342177903}
{"step": 170, "epoch": 3, "train_loss": 0.9758912963867188, "clip_fraction": 0.35, "gradient_norm_mean": 7963.558, "gradient_norm_max": 150558.890625, "step_seconds": 0.2692472469061613, "innovation_std_sum": 170.95481450824957, "noise_marginal_std_sum": 192.6207342177903}
{"step": 180, "epoch": 3, "train_loss": 0.8829306640625, "clip_fraction": 0.345, "gradient_norm_mean": 6677.159, "gradient_norm_max": 169129.171875, "step_seconds": 0.2700631059706211, "innovation_std_sum": 170.95481450824957, "noise_marginal_std_sum": 192.6207342177903}
{"epoch": 3, "step": 186, "train_loss": 0.8814327077557964, "clip_fraction": 0.35124193548387095, "epsilon": 5.8971720333737725, "accuracy": 0.8180968405309403, "validation_loss": 0.8822351948839189, "validation_examples": 5349}
{"step": 190, "epoch": 4, "train_loss": 0.716355224609375, "clip_fraction": 0.304, "gradient_norm_mean": 6650.553, "gradient_norm_max": 152112.109375, "step_seconds": 0.2684739176183939, "innovation_std_sum": 170.95481450824957, "noise_marginal_std_sum": 192.6207342177903}
{"step": 200, "epoch": 4, "train_loss": 0.9015195922851562, "clip_fraction": 0.343, "gradient_norm_mean": 8420.665, "gradient_norm_max": 233042.515625, "step_seconds": 0.2650693878531456, "innovation_std_sum": 170.95481450824957, "noise_marginal_std_sum": 192.6207342177903}
{"step": 210, "epoch": 4, "train_loss": 0.853135009765625, "clip_fraction": 0.319, "gradient_norm_mean": 7408.125, "gradient_norm_max": 176258.0, "step_seconds": 0.2647617608308792, "innovation_std_sum": 170.95481450824957, "noise_marginal_std_sum": 192.6207342177903}
{"step": 220, "epoch": 4, "train_loss": 0.8126517333984375, "clip_fraction": 0.31, "gradient_norm_mean": 6401.098, "gradient_norm_max": 155700.25, "step_seconds": 0.2692373003810644, "innovation_std_sum": 170.95481450824957, "noise_marginal_std_sum": 192.6207342177903}
{"step": 230, "epoch": 4, "train_loss": 0.83336083984375, "clip_fraction": 0.317, "gradient_norm_mean": 6977.8985, "gradient_norm_max": 156740.640625, "step_seconds": 0.26976469717919827, "innovation_std_sum": 170.95481450824957, "noise_marginal_std_sum": 192.6207342177903}
{"step": 240, "epoch": 4, "train_loss": 0.8574049072265625, "clip_fraction": 0.314, "gradient_norm_mean": 6848.0925, "gradient_norm_max": 212087.71875, "step_seconds": 0.27090528421103954, "innovation_std_sum": 170.95481450824957, "noise_marginal_std_sum": 192.6207342177903}
{"epoch": 4, "step": 248, "train_loss": 0.8301982943627142, "clip_fraction": 0.3093548387096774, "epsilon": 6.99603312968092, "accuracy": 0.8222097588334268, "validation_loss": 0.8931229335166602, "validation_examples": 5349}
{"step": 250, "epoch": 5, "train_loss": 0.87787451171875, "clip_fraction": 0.29, "gradient_norm_mean": 7246.325, "gradient_norm_max": 183174.1875, "step_seconds": 0.26462565176188946, "innovation_std_sum": 170.95481450824957, "noise_marginal_std_sum": 192.6207342177903}
{"step": 260, "epoch": 5, "train_loss": 0.8965159301757812, "clip_fraction": 0.3, "gradient_norm_mean": 7074.803, "gradient_norm_max": 205411.1875, "step_seconds": 0.2713046818971634, "innovation_std_sum": 170.95481450824957, "noise_marginal_std_sum": 192.6207342177903}
{"step": 270, "epoch": 5, "train_loss": 0.78926171875, "clip_fraction": 0.282, "gradient_norm_mean": 5511.508, "gradient_norm_max": 182295.015625, "step_seconds": 0.26672282814979553, "innovation_std_sum": 170.95481450824957, "noise_marginal_std_sum": 192.6207342177903}
{"step": 280, "epoch": 5, "train_loss": 0.8014814453125, "clip_fraction": 0.292, "gradient_norm_mean": 7207.068, "gradient_norm_max": 178179.625, "step_seconds": 0.26967234164476395, "innovation_std_sum": 170.95481450824957, "noise_marginal_std_sum": 192.6207342177903}
{"step": 290, "epoch": 5, "train_loss": 0.8042166748046875, "clip_fraction": 0.278, "gradient_norm_mean": 7399.6805, "gradient_norm_max": 188310.765625, "step_seconds": 0.2710781916975975, "innovation_std_sum": 170.95481450824957, "noise_marginal_std_sum": 192.6207342177903}
{"step": 300, "epoch": 5, "train_loss": 0.7298698120117187, "clip_fraction": 0.276, "gradient_norm_mean": 7175.752, "gradient_norm_max": 168677.9375, "step_seconds": 0.271281935274601, "innovation_std_sum": 170.95481450824957, "noise_marginal_std_sum": 192.6207342177903}
{"step": 310, "epoch": 5, "train_loss": 0.883798095703125, "clip_fraction": 0.287, "gradient_norm_mean": 7233.1725, "gradient_norm_max": 185895.0, "step_seconds": 0.27184434048831463, "innovation_std_sum": 170.95481450824957, "noise_marginal_std_sum": 192.6207342177903}
{"epoch": 5, "step": 310, "train_loss": 0.8174254465410786, "clip_fraction": 0.28943548387096774, "epsilon": 8.000000000000005, "accuracy": 0.8300616937745373, "validation_loss": 0.8570450871742692, "validation_examples": 5349}
