Loading weights:   0%|          | 0/39 [00:00<?, ?it/s]Loading weights: 100%|██████████| 39/39 [00:00<00:00, 19753.39it/s]
[transformers] [1mBertModel LOAD REPORT[0m from: /media/data/data/lt/dp-adam-correlated/cache/bert-tiny
Key                                        | Status     |  | 
-------------------------------------------+------------+--+-
cls.predictions.transform.LayerNorm.weight | UNEXPECTED |  | 
cls.predictions.transform.dense.bias       | UNEXPECTED |  | 
cls.seq_relationship.bias                  | UNEXPECTED |  | 
cls.predictions.decoder.bias               | UNEXPECTED |  | 
cls.seq_relationship.weight                | UNEXPECTED |  | 
cls.predictions.bias                       | UNEXPECTED |  | 
cls.predictions.decoder.weight             | UNEXPECTED |  | 
cls.predictions.transform.dense.weight     | UNEXPECTED |  | 
cls.predictions.transform.LayerNorm.bias   | UNEXPECTED |  | 

Notes:
- UNEXPECTED:	can be ignored when loading from different task/architecture; not ok if you expect identical arch.
sys:1: UserWarning: Full backward hook is firing when gradients are computed with respect to module outputs since no inputs require gradients. See https://docs.pytorch.org/docs/main/generated/torch.nn.Module.html#torch.nn.Module.register_full_backward_hook for more details.
{"step": 62, "epoch": 1.0, "train_loss": 1.4960385121991557, "clip_fraction": 0.8150000000000001, "validation_loss": 1.8974107209935012, "accuracy": 0.557861282482707, "validation_examples": 5349, "epsilon": 3.054089440266451}
{"step": 124, "epoch": 2.0, "train_loss": 1.316869713567918, "clip_fraction": 0.8107741935483872, "validation_loss": 0.9727861836237827, "accuracy": 0.6922789306412414, "validation_examples": 5349, "epsilon": 4.610238743691153}
{"step": 186, "epoch": 3.0, "train_loss": 1.064712657313193, "clip_fraction": 0.6975806451612905, "validation_loss": 1.2317035808409902, "accuracy": 0.7535988035146757, "validation_examples": 5349, "epsilon": 5.873890881586911}
{"step": 248, "epoch": 4.0, "train_loss": 1.1829286833732358, "clip_fraction": 0.5451935483870968, "validation_loss": 1.2146765294755189, "accuracy": 0.7709852308842774, "validation_examples": 5349, "epsilon": 6.985551657770655}
{"step": 310, "epoch": 5.0, "train_loss": 1.1518906151556203, "clip_fraction": 0.5007258064516129, "validation_loss": 1.1811216279131649, "accuracy": 0.7758459525144887, "validation_examples": 5349, "epsilon": 8.000000000000005}
