/home/longt29/miniconda3/envs/curve/lib/python3.11/site-packages/torchvision/datasets/cifar.py:83: VisibleDeprecationWarning: dtype(): align should be passed as Python or NumPy boolean but got `align=0`. Did you mean to pass a tuple to create a subarray type? (Deprecated NumPy 2.4)
  entry = pickle.load(f, encoding="latin1")
sys:1: UserWarning: Full backward hook is firing when gradients are computed with respect to module outputs since no inputs require gradients. See https://docs.pytorch.org/docs/main/generated/torch.nn.Module.html#torch.nn.Module.register_full_backward_hook for more details.
{"step": 10, "epoch": 1, "train_loss": 4.427111083984375, "clip_fraction": 1.0, "gradient_norm_mean": 50.7415478515625, "gradient_norm_max": 101.54611206054688, "step_seconds": 2.290925210341811, "innovation_std_sum": 73.20888572058001, "noise_marginal_std_sum": 85.59034234029004}
{"step": 20, "epoch": 1, "train_loss": 3.96698876953125, "clip_fraction": 1.0, "gradient_norm_mean": 76.68730859375, "gradient_norm_max": 155.18161010742188, "step_seconds": 2.356958132237196, "innovation_std_sum": 73.20888572058001, "noise_marginal_std_sum": 85.59034234029004}
{"step": 30, "epoch": 1, "train_loss": 3.4389598388671874, "clip_fraction": 0.997, "gradient_norm_mean": 96.865615234375, "gradient_norm_max": 216.48036193847656, "step_seconds": 2.4142284225672483, "innovation_std_sum": 73.20888572058001, "noise_marginal_std_sum": 85.59034234029004}
{"step": 40, "epoch": 1, "train_loss": 3.0153380126953127, "clip_fraction": 0.987, "gradient_norm_mean": 112.064208984375, "gradient_norm_max": 482.53619384765625, "step_seconds": 2.436643213033676, "innovation_std_sum": 73.20888572058001, "noise_marginal_std_sum": 85.59034234029004}
{"step": 50, "epoch": 1, "train_loss": 2.554888488769531, "clip_fraction": 0.978, "gradient_norm_mean": 111.00969921875, "gradient_norm_max": 432.1487731933594, "step_seconds": 2.442420734092593, "innovation_std_sum": 73.20888572058001, "noise_marginal_std_sum": 85.59034234029004}
{"epoch": 1, "step": 50, "train_loss": 3.705628319091797, "clip_fraction": 0.99502, "epsilon": 3.037976902428692, "accuracy": 0.4229, "validation_loss": 2.256904736328125, "validation_examples": 10000}
{"step": 60, "epoch": 2, "train_loss": 2.3588670654296875, "clip_fraction": 0.952, "gradient_norm_mean": 110.58180859375, "gradient_norm_max": 429.1602478027344, "step_seconds": 2.377737171947956, "innovation_std_sum": 73.20888572058001, "noise_marginal_std_sum": 85.59034234029004}
{"step": 70, "epoch": 2, "train_loss": 2.15271240234375, "clip_fraction": 0.922, "gradient_norm_mean": 107.60840234375, "gradient_norm_max": 415.8792724609375, "step_seconds": 2.4147636387497187, "innovation_std_sum": 73.20888572058001, "noise_marginal_std_sum": 85.59034234029004}
{"step": 80, "epoch": 2, "train_loss": 2.063548828125, "clip_fraction": 0.893, "gradient_norm_mean": 113.530947265625, "gradient_norm_max": 451.1642761230469, "step_seconds": 2.4232808724045753, "innovation_std_sum": 73.20888572058001, "noise_marginal_std_sum": 85.59034234029004}
{"step": 90, "epoch": 2, "train_loss": 1.8957219543457031, "clip_fraction": 0.879, "gradient_norm_mean": 112.4940234375, "gradient_norm_max": 767.9810180664062, "step_seconds": 2.437626415863633, "innovation_std_sum": 73.20888572058001, "noise_marginal_std_sum": 85.59034234029004}
{"step": 100, "epoch": 2, "train_loss": 1.8248291015625, "clip_fraction": 0.849, "gradient_norm_mean": 108.039130859375, "gradient_norm_max": 556.4400634765625, "step_seconds": 2.4025455471128225, "innovation_std_sum": 73.20888572058001, "noise_marginal_std_sum": 85.59034234029004}
{"epoch": 2, "step": 100, "train_loss": 2.126709622192383, "clip_fraction": 0.90742, "epsilon": 4.600416946348178, "accuracy": 0.6314, "validation_loss": 1.334085858154297, "validation_examples": 10000}
{"step": 110, "epoch": 3, "train_loss": 1.7095968627929687, "clip_fraction": 0.818, "gradient_norm_mean": 112.786875, "gradient_norm_max": 631.9246826171875, "step_seconds": 2.3128051925450563, "innovation_std_sum": 73.20888572058001, "noise_marginal_std_sum": 85.59034234029004}
{"step": 120, "epoch": 3, "train_loss": 1.6576554870605469, "clip_fraction": 0.792, "gradient_norm_mean": 108.875189453125, "gradient_norm_max": 631.203125, "step_seconds": 2.437354527413845, "innovation_std_sum": 73.20888572058001, "noise_marginal_std_sum": 85.59034234029004}
{"step": 130, "epoch": 3, "train_loss": 1.6179222412109375, "clip_fraction": 0.78, "gradient_norm_mean": 108.074126953125, "gradient_norm_max": 775.946044921875, "step_seconds": 2.4380467981100082, "innovation_std_sum": 73.20888572058001, "noise_marginal_std_sum": 85.59034234029004}
{"step": 140, "epoch": 3, "train_loss": 1.6017382202148438, "clip_fraction": 0.767, "gradient_norm_mean": 108.441927734375, "gradient_norm_max": 775.828369140625, "step_seconds": 2.481414383277297, "innovation_std_sum": 73.20888572058001, "noise_marginal_std_sum": 85.59034234029004}
{"step": 150, "epoch": 3, "train_loss": 1.5870137329101563, "clip_fraction": 0.769, "gradient_norm_mean": 111.472658203125, "gradient_norm_max": 451.6475830078125, "step_seconds": 2.416240544989705, "innovation_std_sum": 73.20888572058001, "noise_marginal_std_sum": 85.59034234029004}
{"epoch": 3, "step": 150, "train_loss": 1.6617123846435546, "clip_fraction": 0.79458, "epsilon": 5.868262919898993, "accuracy": 0.7038, "validation_loss": 1.0260708953857423, "validation_examples": 10000}
{"step": 160, "epoch": 4, "train_loss": 1.472998291015625, "clip_fraction": 0.713, "gradient_norm_mean": 109.16541796875, "gradient_norm_max": 633.7380981445312, "step_seconds": 2.39098103903234, "innovation_std_sum": 73.20888572058001, "noise_marginal_std_sum": 85.59034234029004}
{"step": 170, "epoch": 4, "train_loss": 1.460542266845703, "clip_fraction": 0.699, "gradient_norm_mean": 105.813615234375, "gradient_norm_max": 840.3976440429688, "step_seconds": 2.4579306840896606, "innovation_std_sum": 73.20888572058001, "noise_marginal_std_sum": 85.59034234029004}
{"step": 180, "epoch": 4, "train_loss": 1.4367538146972656, "clip_fraction": 0.714, "gradient_norm_mean": 106.74280078125, "gradient_norm_max": 784.4742431640625, "step_seconds": 2.420859422534704, "innovation_std_sum": 73.20888572058001, "noise_marginal_std_sum": 85.59034234029004}
{"step": 190, "epoch": 4, "train_loss": 1.4178449096679688, "clip_fraction": 0.707, "gradient_norm_mean": 107.173568359375, "gradient_norm_max": 606.0505981445312, "step_seconds": 2.507855150848627, "innovation_std_sum": 73.20888572058001, "noise_marginal_std_sum": 85.59034234029004}
{"step": 200, "epoch": 4, "train_loss": 1.4153097229003906, "clip_fraction": 0.708, "gradient_norm_mean": 110.4338671875, "gradient_norm_max": 626.0203247070312, "step_seconds": 2.415301337838173, "innovation_std_sum": 73.20888572058001, "noise_marginal_std_sum": 85.59034234029004}
{"epoch": 4, "step": 200, "train_loss": 1.4585079638671874, "clip_fraction": 0.7194, "epsilon": 6.9830197665238485, "accuracy": 0.7398, "validation_loss": 0.8919637008666992, "validation_examples": 10000}
{"step": 210, "epoch": 5, "train_loss": 1.3719224548339843, "clip_fraction": 0.678, "gradient_norm_mean": 108.55201171875, "gradient_norm_max": 701.849853515625, "step_seconds": 2.421471990644932, "innovation_std_sum": 73.20888572058001, "noise_marginal_std_sum": 85.59034234029004}
{"step": 220, "epoch": 5, "train_loss": 1.3552371520996094, "clip_fraction": 0.654, "gradient_norm_mean": 107.124994140625, "gradient_norm_max": 1299.271484375, "step_seconds": 2.459846831858158, "innovation_std_sum": 73.20888572058001, "noise_marginal_std_sum": 85.59034234029004}
{"step": 230, "epoch": 5, "train_loss": 1.3073001098632813, "clip_fraction": 0.643, "gradient_norm_mean": 106.221837890625, "gradient_norm_max": 754.5595703125, "step_seconds": 2.4364264104515314, "innovation_std_sum": 73.20888572058001, "noise_marginal_std_sum": 85.59034234029004}
{"step": 240, "epoch": 5, "train_loss": 1.3550894470214845, "clip_fraction": 0.675, "gradient_norm_mean": 109.6506328125, "gradient_norm_max": 668.2643432617188, "step_seconds": 2.476980896666646, "innovation_std_sum": 73.20888572058001, "noise_marginal_std_sum": 85.59034234029004}
{"step": 250, "epoch": 5, "train_loss": 1.3729418334960937, "clip_fraction": 0.658, "gradient_norm_mean": 108.432025390625, "gradient_norm_max": 601.42822265625, "step_seconds": 2.4466997496783733, "innovation_std_sum": 73.20888572058001, "noise_marginal_std_sum": 85.59034234029004}
{"epoch": 5, "step": 250, "train_loss": 1.3618682427978515, "clip_fraction": 0.66994, "epsilon": 8.000000000000005, "accuracy": 0.759, "validation_loss": 0.8081794006347657, "validation_examples": 10000}
