/home/longt29/miniconda3/envs/curve/lib/python3.11/site-packages/torchvision/datasets/cifar.py:83: VisibleDeprecationWarning: dtype(): align should be passed as Python or NumPy boolean but got `align=0`. Did you mean to pass a tuple to create a subarray type? (Deprecated NumPy 2.4)
  entry = pickle.load(f, encoding="latin1")
sys:1: UserWarning: Full backward hook is firing when gradients are computed with respect to module outputs since no inputs require gradients. See https://docs.pytorch.org/docs/main/generated/torch.nn.Module.html#torch.nn.Module.register_full_backward_hook for more details.
{"step": 10, "epoch": 1, "train_loss": 4.464829833984375, "clip_fraction": 1.0, "gradient_norm_mean": 268.714625, "gradient_norm_max": 519.5595092773438, "step_seconds": 1.9408484548330307, "innovation_std_sum": 471.34496321891186, "noise_marginal_std_sum": 650.1319995798854}
{"step": 20, "epoch": 1, "train_loss": 4.093416748046875, "clip_fraction": 1.0, "gradient_norm_mean": 313.9584765625, "gradient_norm_max": 631.3905639648438, "step_seconds": 1.9528777189552784, "innovation_std_sum": 471.34496321891186, "noise_marginal_std_sum": 650.1319995798854}
{"step": 30, "epoch": 1, "train_loss": 3.6326163330078125, "clip_fraction": 1.0, "gradient_norm_mean": 395.9787421875, "gradient_norm_max": 932.6534423828125, "step_seconds": 1.9543471615761518, "innovation_std_sum": 471.34496321891186, "noise_marginal_std_sum": 650.1319995798854}
{"step": 40, "epoch": 1, "train_loss": 3.2187371826171876, "clip_fraction": 1.0, "gradient_norm_mean": 458.2966015625, "gradient_norm_max": 1123.13427734375, "step_seconds": 1.9549711607396603, "innovation_std_sum": 471.34496321891186, "noise_marginal_std_sum": 650.1319995798854}
{"step": 50, "epoch": 1, "train_loss": 2.8658528442382813, "clip_fraction": 1.0, "gradient_norm_mean": 474.5517734375, "gradient_norm_max": 1537.11572265625, "step_seconds": 1.9671547077596188, "innovation_std_sum": 471.34496321891186, "noise_marginal_std_sum": 650.1319995798854}
{"epoch": 1, "step": 50, "train_loss": 3.8459840869140627, "clip_fraction": 0.99976, "epsilon": 2.873426350654349, "accuracy": 0.3695, "validation_loss": 2.5481045837402343, "validation_examples": 10000}
{"step": 60, "epoch": 2, "train_loss": 2.617284912109375, "clip_fraction": 0.992, "gradient_norm_mean": 464.0396796875, "gradient_norm_max": 1393.8023681640625, "step_seconds": 1.9494134206324816, "innovation_std_sum": 471.34496321891186, "noise_marginal_std_sum": 650.1319995798854}
{"step": 70, "epoch": 2, "train_loss": 2.4124251708984374, "clip_fraction": 0.976, "gradient_norm_mean": 463.24309375, "gradient_norm_max": 1641.4693603515625, "step_seconds": 1.9730942659080029, "innovation_std_sum": 471.34496321891186, "noise_marginal_std_sum": 650.1319995798854}
{"step": 80, "epoch": 2, "train_loss": 2.31429296875, "clip_fraction": 0.952, "gradient_norm_mean": 469.9804140625, "gradient_norm_max": 1806.6368408203125, "step_seconds": 1.9580079782754183, "innovation_std_sum": 471.34496321891186, "noise_marginal_std_sum": 650.1319995798854}
{"step": 90, "epoch": 2, "train_loss": 2.1070438232421873, "clip_fraction": 0.941, "gradient_norm_mean": 457.251796875, "gradient_norm_max": 1822.3056640625, "step_seconds": 1.9580014944076538, "innovation_std_sum": 471.34496321891186, "noise_marginal_std_sum": 650.1319995798854}
{"step": 100, "epoch": 2, "train_loss": 2.1522950439453123, "clip_fraction": 0.925, "gradient_norm_mean": 471.4530859375, "gradient_norm_max": 1851.6884765625, "step_seconds": 1.957765631377697, "innovation_std_sum": 471.34496321891186, "noise_marginal_std_sum": 650.1319995798854}
{"epoch": 2, "step": 100, "train_loss": 2.363822349243164, "clip_fraction": 0.96522, "epsilon": 4.494876969944211, "accuracy": 0.5803, "validation_loss": 1.5709970977783203, "validation_examples": 10000}
{"step": 110, "epoch": 3, "train_loss": 1.9128362731933595, "clip_fraction": 0.887, "gradient_norm_mean": 440.56715625, "gradient_norm_max": 2825.485107421875, "step_seconds": 1.9751216899603605, "innovation_std_sum": 471.34496321891186, "noise_marginal_std_sum": 650.1319995798854}
{"step": 120, "epoch": 3, "train_loss": 1.9000655822753907, "clip_fraction": 0.901, "gradient_norm_mean": 455.2340625, "gradient_norm_max": 3218.573974609375, "step_seconds": 1.9956805221736431, "innovation_std_sum": 471.34496321891186, "noise_marginal_std_sum": 650.1319995798854}
{"step": 130, "epoch": 3, "train_loss": 1.766835662841797, "clip_fraction": 0.879, "gradient_norm_mean": 435.683171875, "gradient_norm_max": 2427.421142578125, "step_seconds": 1.9891560282558203, "innovation_std_sum": 471.34496321891186, "noise_marginal_std_sum": 650.1319995798854}
{"step": 140, "epoch": 3, "train_loss": 1.6637801208496095, "clip_fraction": 0.843, "gradient_norm_mean": 420.697078125, "gradient_norm_max": 2504.541748046875, "step_seconds": 1.9835571441799402, "innovation_std_sum": 471.34496321891186, "noise_marginal_std_sum": 650.1319995798854}
{"step": 150, "epoch": 3, "train_loss": 1.7744009704589845, "clip_fraction": 0.843, "gradient_norm_mean": 450.6638515625, "gradient_norm_max": 2291.02685546875, "step_seconds": 1.9442769978195429, "innovation_std_sum": 471.34496321891186, "noise_marginal_std_sum": 650.1319995798854}
{"epoch": 3, "step": 150, "train_loss": 1.8243845153808593, "clip_fraction": 0.8727, "epsilon": 5.807351225535705, "accuracy": 0.6698, "validation_loss": 1.1778879455566407, "validation_examples": 10000}
{"step": 160, "epoch": 4, "train_loss": 1.567171142578125, "clip_fraction": 0.821, "gradient_norm_mean": 430.9377265625, "gradient_norm_max": 4367.79345703125, "step_seconds": 1.9560475498437881, "innovation_std_sum": 471.34496321891186, "noise_marginal_std_sum": 650.1319995798854}
{"step": 170, "epoch": 4, "train_loss": 1.6625093383789062, "clip_fraction": 0.796, "gradient_norm_mean": 437.36321875, "gradient_norm_max": 2963.066650390625, "step_seconds": 1.994807468727231, "innovation_std_sum": 471.34496321891186, "noise_marginal_std_sum": 650.1319995798854}
{"step": 180, "epoch": 4, "train_loss": 1.5531336669921876, "clip_fraction": 0.76, "gradient_norm_mean": 414.7076328125, "gradient_norm_max": 1770.837646484375, "step_seconds": 1.9609556999057531, "innovation_std_sum": 471.34496321891186, "noise_marginal_std_sum": 650.1319995798854}
{"step": 190, "epoch": 4, "train_loss": 1.5241024475097655, "clip_fraction": 0.773, "gradient_norm_mean": 436.5421953125, "gradient_norm_max": 1966.8292236328125, "step_seconds": 1.9892083555459976, "innovation_std_sum": 471.34496321891186, "noise_marginal_std_sum": 650.1319995798854}
{"step": 200, "epoch": 4, "train_loss": 1.5998924865722657, "clip_fraction": 0.771, "gradient_norm_mean": 441.1393046875, "gradient_norm_max": 2536.4501953125, "step_seconds": 1.9647970404475927, "innovation_std_sum": 471.34496321891186, "noise_marginal_std_sum": 650.1319995798854}
{"epoch": 4, "step": 200, "train_loss": 1.573924086303711, "clip_fraction": 0.78748, "epsilon": 6.9556279168064306, "accuracy": 0.7133, "validation_loss": 0.9888199279785156, "validation_examples": 10000}
{"step": 210, "epoch": 5, "train_loss": 1.506892547607422, "clip_fraction": 0.745, "gradient_norm_mean": 433.081859375, "gradient_norm_max": 2199.340087890625, "step_seconds": 1.9849915578961372, "innovation_std_sum": 471.34496321891186, "noise_marginal_std_sum": 650.1319995798854}
{"step": 220, "epoch": 5, "train_loss": 1.4907348327636718, "clip_fraction": 0.753, "gradient_norm_mean": 419.813359375, "gradient_norm_max": 2172.026611328125, "step_seconds": 1.9604547023773193, "innovation_std_sum": 471.34496321891186, "noise_marginal_std_sum": 650.1319995798854}
{"step": 230, "epoch": 5, "train_loss": 1.4649696350097656, "clip_fraction": 0.741, "gradient_norm_mean": 418.81140625, "gradient_norm_max": 2476.544921875, "step_seconds": 1.9627255219966173, "innovation_std_sum": 471.34496321891186, "noise_marginal_std_sum": 650.1319995798854}
{"step": 240, "epoch": 5, "train_loss": 1.3738966369628907, "clip_fraction": 0.717, "gradient_norm_mean": 420.0947578125, "gradient_norm_max": 2681.64501953125, "step_seconds": 1.9604000691324472, "innovation_std_sum": 471.34496321891186, "noise_marginal_std_sum": 650.1319995798854}
{"step": 250, "epoch": 5, "train_loss": 1.4474047241210937, "clip_fraction": 0.723, "gradient_norm_mean": 432.2528515625, "gradient_norm_max": 2349.760498046875, "step_seconds": 1.9582067243754864, "innovation_std_sum": 471.34496321891186, "noise_marginal_std_sum": 650.1319995798854}
{"epoch": 5, "step": 250, "train_loss": 1.4481787426757813, "clip_fraction": 0.7345, "epsilon": 8.000000000000005, "accuracy": 0.7398, "validation_loss": 0.8788699188232422, "validation_examples": 10000}
