Loading weights:   0%|          | 0/39 [00:00<?, ?it/s]Loading weights: 100%|██████████| 39/39 [00:00<00:00, 20154.98it/s]
[transformers] [1mBertModel LOAD REPORT[0m from: /media/data/data/lt/dp-adam-correlated/cache/bert-tiny
Key                                        | Status     |  | 
-------------------------------------------+------------+--+-
cls.predictions.decoder.weight             | UNEXPECTED |  | 
cls.predictions.decoder.bias               | UNEXPECTED |  | 
cls.predictions.transform.dense.weight     | UNEXPECTED |  | 
cls.seq_relationship.weight                | UNEXPECTED |  | 
cls.seq_relationship.bias                  | UNEXPECTED |  | 
cls.predictions.transform.LayerNorm.bias   | UNEXPECTED |  | 
cls.predictions.transform.LayerNorm.weight | UNEXPECTED |  | 
cls.predictions.transform.dense.bias       | UNEXPECTED |  | 
cls.predictions.bias                       | UNEXPECTED |  | 

Notes:
- UNEXPECTED:	can be ignored when loading from different task/architecture; not ok if you expect identical arch.
sys:1: UserWarning: Full backward hook is firing when gradients are computed with respect to module outputs since no inputs require gradients. See https://docs.pytorch.org/docs/main/generated/torch.nn.Module.html#torch.nn.Module.register_full_backward_hook for more details.
{"step": 62, "epoch": 1.0, "train_loss": 0.6737451585338963, "clip_fraction": 0.6529677419354839, "validation_loss": 0.6610896134960427, "accuracy": 0.6627406991961114, "validation_examples": 5349, "epsilon": 3.1232923300753557}
{"step": 124, "epoch": 2.0, "train_loss": 0.6455663078061996, "clip_fraction": 0.6100806451612903, "validation_loss": 0.6775059182079156, "accuracy": 0.7506075902037764, "validation_examples": 5349, "epsilon": 4.65092091490115}
{"step": 186, "epoch": 3.0, "train_loss": 0.6761962693737399, "clip_fraction": 0.4771774193548387, "validation_loss": 0.6809224955811414, "accuracy": 0.776219854178351, "validation_examples": 5349, "epsilon": 5.8971720333737725}
{"step": 248, "epoch": 4.0, "train_loss": 0.661151626094695, "clip_fraction": 0.43141935483870963, "validation_loss": 0.6810746177777461, "accuracy": 0.7855673957749112, "validation_examples": 5349, "epsilon": 6.996033129680921}
{"step": 310, "epoch": 5.0, "train_loss": 0.6397230687295237, "clip_fraction": 0.40088709677419354, "validation_loss": 0.6512324443195976, "accuracy": 0.7964105440269209, "validation_examples": 5349, "epsilon": 8.000000000000005}
