Loading weights:   0%|          | 0/39 [00:00<?, ?it/s]Loading weights: 100%|██████████| 39/39 [00:00<00:00, 11233.97it/s]
[transformers] [1mBertModel LOAD REPORT[0m from: /media/data/data/lt/dp-adam-correlated/cache/bert-tiny
Key                                        | Status     |  | 
-------------------------------------------+------------+--+-
cls.predictions.decoder.bias               | UNEXPECTED |  | 
cls.seq_relationship.weight                | UNEXPECTED |  | 
cls.predictions.bias                       | UNEXPECTED |  | 
cls.predictions.transform.dense.bias       | UNEXPECTED |  | 
cls.predictions.transform.LayerNorm.bias   | UNEXPECTED |  | 
cls.predictions.transform.LayerNorm.weight | UNEXPECTED |  | 
cls.predictions.decoder.weight             | UNEXPECTED |  | 
cls.predictions.transform.dense.weight     | UNEXPECTED |  | 
cls.seq_relationship.bias                  | UNEXPECTED |  | 

Notes:
- UNEXPECTED:	can be ignored when loading from different task/architecture; not ok if you expect identical arch.
sys:1: UserWarning: Full backward hook is firing when gradients are computed with respect to module outputs since no inputs require gradients. See https://docs.pytorch.org/docs/main/generated/torch.nn.Module.html#torch.nn.Module.register_full_backward_hook for more details.
{"step": 10, "epoch": 1, "train_loss": 0.69346728515625, "clip_fraction": 0.155, "gradient_norm_mean": 7.524857421875, "gradient_norm_max": 16.20588493347168, "step_seconds": 0.2593815475702286, "innovation_std_sum": 45.72045876410015, "noise_marginal_std_sum": 63.06280027905789}
{"step": 20, "epoch": 1, "train_loss": 0.6564161376953125, "clip_fraction": 0.452, "gradient_norm_mean": 9.59624609375, "gradient_norm_max": 18.74547576904297, "step_seconds": 0.26474165357649326, "innovation_std_sum": 45.72045876410015, "noise_marginal_std_sum": 63.06280027905789}
{"step": 30, "epoch": 1, "train_loss": 0.653633056640625, "clip_fraction": 0.758, "gradient_norm_mean": 17.866423828125, "gradient_norm_max": 55.03396987915039, "step_seconds": 0.2661980986595154, "innovation_std_sum": 45.72045876410015, "noise_marginal_std_sum": 63.06280027905789}
{"step": 40, "epoch": 1, "train_loss": 0.601359619140625, "clip_fraction": 0.679, "gradient_norm_mean": 27.7827734375, "gradient_norm_max": 132.5858917236328, "step_seconds": 0.2664980813860893, "innovation_std_sum": 45.72045876410015, "noise_marginal_std_sum": 63.06280027905789}
{"step": 50, "epoch": 1, "train_loss": 0.6843272705078125, "clip_fraction": 0.593, "gradient_norm_mean": 39.20221875, "gradient_norm_max": 225.56021118164062, "step_seconds": 0.2661842852830887, "innovation_std_sum": 45.72045876410015, "noise_marginal_std_sum": 63.06280027905789}
{"step": 60, "epoch": 1, "train_loss": 0.653308837890625, "clip_fraction": 0.531, "gradient_norm_mean": 41.2729921875, "gradient_norm_max": 272.33221435546875, "step_seconds": 0.2667971719056368, "innovation_std_sum": 45.72045876410015, "noise_marginal_std_sum": 63.06280027905789}
{"epoch": 1, "step": 62, "train_loss": 0.6514843316847279, "clip_fraction": 0.4719838709677419, "epsilon": 2.983473211150575, "accuracy": 0.7236238532110092, "validation_loss": 0.7038810187523518, "validation_examples": 872}
{"step": 70, "epoch": 2, "train_loss": 0.7081619873046875, "clip_fraction": 0.494, "gradient_norm_mean": 48.1176953125, "gradient_norm_max": 349.1801452636719, "step_seconds": 0.26676067151129246, "innovation_std_sum": 45.72045876410015, "noise_marginal_std_sum": 63.06280027905789}
{"step": 80, "epoch": 2, "train_loss": 0.70482373046875, "clip_fraction": 0.491, "gradient_norm_mean": 50.39399609375, "gradient_norm_max": 426.7052307128906, "step_seconds": 0.2675427012145519, "innovation_std_sum": 45.72045876410015, "noise_marginal_std_sum": 63.06280027905789}
{"step": 90, "epoch": 2, "train_loss": 0.6936378173828125, "clip_fraction": 0.445, "gradient_norm_mean": 45.11028125, "gradient_norm_max": 426.92791748046875, "step_seconds": 0.2638410832732916, "innovation_std_sum": 45.72045876410015, "noise_marginal_std_sum": 63.06280027905789}
{"step": 100, "epoch": 2, "train_loss": 0.6673154907226563, "clip_fraction": 0.441, "gradient_norm_mean": 47.22108203125, "gradient_norm_max": 356.7861328125, "step_seconds": 0.2671017739921808, "innovation_std_sum": 45.72045876410015, "noise_marginal_std_sum": 63.06280027905789}
{"step": 110, "epoch": 2, "train_loss": 0.694269775390625, "clip_fraction": 0.439, "gradient_norm_mean": 46.8897578125, "gradient_norm_max": 389.1550598144531, "step_seconds": 0.2682146802544594, "innovation_std_sum": 45.72045876410015, "noise_marginal_std_sum": 63.06280027905789}
{"step": 120, "epoch": 2, "train_loss": 0.6590967407226562, "clip_fraction": 0.429, "gradient_norm_mean": 44.077, "gradient_norm_max": 388.7286376953125, "step_seconds": 0.2663245890289545, "innovation_std_sum": 45.72045876410015, "noise_marginal_std_sum": 63.06280027905789}
{"epoch": 2, "step": 124, "train_loss": 0.6613817050072455, "clip_fraction": 0.45779032258064517, "epsilon": 4.566965972959099, "accuracy": 0.7511467889908257, "validation_loss": 0.7134043973520261, "validation_examples": 872}
{"step": 130, "epoch": 3, "train_loss": 0.686062744140625, "clip_fraction": 0.447, "gradient_norm_mean": 45.5284296875, "gradient_norm_max": 417.34136962890625, "step_seconds": 0.2669992819428444, "innovation_std_sum": 45.72045876410015, "noise_marginal_std_sum": 63.06280027905789}
{"step": 140, "epoch": 3, "train_loss": 0.6671157836914062, "clip_fraction": 0.413, "gradient_norm_mean": 44.51126953125, "gradient_norm_max": 415.8826904296875, "step_seconds": 0.2664743885397911, "innovation_std_sum": 45.72045876410015, "noise_marginal_std_sum": 63.06280027905789}
{"step": 150, "epoch": 3, "train_loss": 0.6072097778320312, "clip_fraction": 0.406, "gradient_norm_mean": 43.1283046875, "gradient_norm_max": 565.062744140625, "step_seconds": 0.26797095499932766, "innovation_std_sum": 45.72045876410015, "noise_marginal_std_sum": 63.06280027905789}
{"step": 160, "epoch": 3, "train_loss": 0.6167818603515625, "clip_fraction": 0.378, "gradient_norm_mean": 37.340765625, "gradient_norm_max": 442.4661560058594, "step_seconds": 0.2681621666997671, "innovation_std_sum": 45.72045876410015, "noise_marginal_std_sum": 63.06280027905789}
{"step": 170, "epoch": 3, "train_loss": 0.5281199951171875, "clip_fraction": 0.381, "gradient_norm_mean": 40.2501953125, "gradient_norm_max": 477.62982177734375, "step_seconds": 0.26912195421755314, "innovation_std_sum": 45.72045876410015, "noise_marginal_std_sum": 63.06280027905789}
{"step": 180, "epoch": 3, "train_loss": 0.615784912109375, "clip_fraction": 0.41, "gradient_norm_mean": 41.44910546875, "gradient_norm_max": 423.4866027832031, "step_seconds": 0.2672826647758484, "innovation_std_sum": 45.72045876410015, "noise_marginal_std_sum": 63.06280027905789}
{"epoch": 3, "step": 186, "train_loss": 0.6160947856287803, "clip_fraction": 0.3980483870967742, "epsilon": 5.849088165717443, "accuracy": 0.7545871559633027, "validation_loss": 0.6914168235358842, "validation_examples": 872}
{"step": 190, "epoch": 4, "train_loss": 0.6447542724609375, "clip_fraction": 0.389, "gradient_norm_mean": 42.09330078125, "gradient_norm_max": 413.6239929199219, "step_seconds": 0.26684077829122543, "innovation_std_sum": 45.72045876410015, "noise_marginal_std_sum": 63.06280027905789}
{"step": 200, "epoch": 4, "train_loss": 0.5448624267578125, "clip_fraction": 0.341, "gradient_norm_mean": 36.0739375, "gradient_norm_max": 451.9085388183594, "step_seconds": 0.2669357303529978, "innovation_std_sum": 45.72045876410015, "noise_marginal_std_sum": 63.06280027905789}
{"step": 210, "epoch": 4, "train_loss": 0.6064120483398437, "clip_fraction": 0.351, "gradient_norm_mean": 40.4967421875, "gradient_norm_max": 421.6639709472656, "step_seconds": 0.2684116382151842, "innovation_std_sum": 45.72045876410015, "noise_marginal_std_sum": 63.06280027905789}
{"step": 220, "epoch": 4, "train_loss": 0.564349853515625, "clip_fraction": 0.362, "gradient_norm_mean": 38.62176171875, "gradient_norm_max": 551.103515625, "step_seconds": 0.2699247468262911, "innovation_std_sum": 45.72045876410015, "noise_marginal_std_sum": 63.06280027905789}
{"step": 230, "epoch": 4, "train_loss": 0.518943603515625, "clip_fraction": 0.342, "gradient_norm_mean": 35.3226640625, "gradient_norm_max": 485.67388916015625, "step_seconds": 0.26809993013739586, "innovation_std_sum": 45.72045876410015, "noise_marginal_std_sum": 63.06280027905789}
{"step": 240, "epoch": 4, "train_loss": 0.5888931884765625, "clip_fraction": 0.382, "gradient_norm_mean": 40.086625, "gradient_norm_max": 528.59326171875, "step_seconds": 0.26841105706989765, "innovation_std_sum": 45.72045876410015, "noise_marginal_std_sum": 63.06280027905789}
{"epoch": 4, "step": 248, "train_loss": 0.5756813748267389, "clip_fraction": 0.3613387096774194, "epsilon": 6.974398475295221, "accuracy": 0.7568807339449541, "validation_loss": 0.6847147329137959, "validation_examples": 872}
{"step": 250, "epoch": 5, "train_loss": 0.572428466796875, "clip_fraction": 0.36, "gradient_norm_mean": 35.794046875, "gradient_norm_max": 497.88079833984375, "step_seconds": 0.26258784905076027, "innovation_std_sum": 45.72045876410015, "noise_marginal_std_sum": 63.06280027905789}
{"step": 260, "epoch": 5, "train_loss": 0.49039141845703127, "clip_fraction": 0.311, "gradient_norm_mean": 31.8359765625, "gradient_norm_max": 509.5505065917969, "step_seconds": 0.2691699266433716, "innovation_std_sum": 45.72045876410015, "noise_marginal_std_sum": 63.06280027905789}
{"step": 270, "epoch": 5, "train_loss": 0.5687284545898438, "clip_fraction": 0.324, "gradient_norm_mean": 34.01256640625, "gradient_norm_max": 510.88323974609375, "step_seconds": 0.2650438081473112, "innovation_std_sum": 45.72045876410015, "noise_marginal_std_sum": 63.06280027905789}
{"step": 280, "epoch": 5, "train_loss": 0.5505222778320312, "clip_fraction": 0.337, "gradient_norm_mean": 36.81431640625, "gradient_norm_max": 618.7486572265625, "step_seconds": 0.2634298801422119, "innovation_std_sum": 45.72045876410015, "noise_marginal_std_sum": 63.06280027905789}
{"step": 290, "epoch": 5, "train_loss": 0.5626640014648437, "clip_fraction": 0.318, "gradient_norm_mean": 33.5646875, "gradient_norm_max": 557.87060546875, "step_seconds": 0.2642908822745085, "innovation_std_sum": 45.72045876410015, "noise_marginal_std_sum": 63.06280027905789}
{"step": 300, "epoch": 5, "train_loss": 0.5403880615234375, "clip_fraction": 0.341, "gradient_norm_mean": 35.502296875, "gradient_norm_max": 636.8545532226562, "step_seconds": 0.2643113099038601, "innovation_std_sum": 45.72045876410015, "noise_marginal_std_sum": 63.06280027905789}
{"step": 310, "epoch": 5, "train_loss": 0.5682462158203125, "clip_fraction": 0.343, "gradient_norm_mean": 35.3734609375, "gradient_norm_max": 598.9492797851562, "step_seconds": 0.2644714470952749, "innovation_std_sum": 45.72045876410015, "noise_marginal_std_sum": 63.06280027905789}
{"epoch": 5, "step": 310, "train_loss": 0.5457249042141822, "clip_fraction": 0.33030645161290323, "epsilon": 8.000000000000005, "accuracy": 0.7603211009174312, "validation_loss": 0.669727504800219, "validation_examples": 872}
