Loading weights:   0%|          | 0/39 [00:00<?, ?it/s]Loading weights: 100%|██████████| 39/39 [00:00<00:00, 19230.88it/s]
[transformers] [1mBertModel LOAD REPORT[0m from: /media/data/data/lt/dp-adam-correlated/cache/bert-tiny
Key                                        | Status     |  | 
-------------------------------------------+------------+--+-
cls.predictions.decoder.weight             | UNEXPECTED |  | 
cls.seq_relationship.bias                  | UNEXPECTED |  | 
cls.predictions.transform.LayerNorm.weight | UNEXPECTED |  | 
cls.predictions.transform.LayerNorm.bias   | UNEXPECTED |  | 
cls.predictions.transform.dense.bias       | UNEXPECTED |  | 
cls.seq_relationship.weight                | UNEXPECTED |  | 
cls.predictions.bias                       | UNEXPECTED |  | 
cls.predictions.transform.dense.weight     | UNEXPECTED |  | 
cls.predictions.decoder.bias               | UNEXPECTED |  | 

Notes:
- UNEXPECTED:	can be ignored when loading from different task/architecture; not ok if you expect identical arch.
sys:1: UserWarning: Full backward hook is firing when gradients are computed with respect to module outputs since no inputs require gradients. See https://docs.pytorch.org/docs/main/generated/torch.nn.Module.html#torch.nn.Module.register_full_backward_hook for more details.
{"step": 10, "epoch": 1, "step_seconds": 0.2665253933519125, "innovation_std_sum": 25.113722579427673, "noise_marginal_std_sum": 29.33162184778228, "pure_mf_cumulative_momentum_noise_variance": 0.0018077443639561465, "preconditioner_mean": 38.56269454956055, "preconditioner_change_relative": 0.0, "denominator_lag_relative": 0.05378396809101105, "block_age": 1}
{"step": 20, "epoch": 1, "step_seconds": 0.26633121632039547, "innovation_std_sum": 25.113722579427673, "noise_marginal_std_sum": 29.33162184778228, "pure_mf_cumulative_momentum_noise_variance": 0.0018440778665447057, "preconditioner_mean": 36.03192901611328, "preconditioner_change_relative": 0.0, "denominator_lag_relative": 0.024953080341219902, "block_age": 1}
{"step": 30, "epoch": 1, "step_seconds": 0.2617768868803978, "innovation_std_sum": 25.113722579427673, "noise_marginal_std_sum": 29.33162184778228, "pure_mf_cumulative_momentum_noise_variance": 0.0018793520737198427, "preconditioner_mean": 35.33049011230469, "preconditioner_change_relative": 0.0, "denominator_lag_relative": 0.017084388062357903, "block_age": 1}
{"step": 40, "epoch": 1, "step_seconds": 0.26150380447506905, "innovation_std_sum": 25.113722579427673, "noise_marginal_std_sum": 29.33162184778228, "pure_mf_cumulative_momentum_noise_variance": 0.0019279276184915666, "preconditioner_mean": 34.942115783691406, "preconditioner_change_relative": 0.0, "denominator_lag_relative": 0.012893599458038807, "block_age": 1}
{"step": 50, "epoch": 1, "step_seconds": 0.2662071529775858, "innovation_std_sum": 25.113722579427673, "noise_marginal_std_sum": 29.33162184778228, "pure_mf_cumulative_momentum_noise_variance": 0.001983901332047514, "preconditioner_mean": 34.779937744140625, "preconditioner_change_relative": 0.0, "denominator_lag_relative": 0.010028059594333172, "block_age": 1}
{"step": 60, "epoch": 1, "step_seconds": 0.261562192812562, "innovation_std_sum": 25.113722579427673, "noise_marginal_std_sum": 29.33162184778228, "pure_mf_cumulative_momentum_noise_variance": 0.0020433257721094345, "preconditioner_mean": 34.63731384277344, "preconditioner_change_relative": 0.0, "denominator_lag_relative": 0.008337222971022129, "block_age": 1}
{"epoch": 1, "step": 62, "epsilon": 3.054089440266451, "accuracy": 0.6107683679192373, "validation_loss": 0.680311852335863, "validation_examples": 5349}
{"step": 70, "epoch": 2, "step_seconds": 0.26189226657152176, "innovation_std_sum": 25.113722579427673, "noise_marginal_std_sum": 29.33162184778228, "pure_mf_cumulative_momentum_noise_variance": 0.0021042531805044807, "preconditioner_mean": 34.54121398925781, "preconditioner_change_relative": 0.0, "denominator_lag_relative": 0.0073121171444654465, "block_age": 1}
{"step": 80, "epoch": 2, "step_seconds": 0.2628318518400192, "innovation_std_sum": 25.113722579427673, "noise_marginal_std_sum": 29.33162184778228, "pure_mf_cumulative_momentum_noise_variance": 0.002165809318444291, "preconditioner_mean": 34.44889450073242, "preconditioner_change_relative": 0.0, "denominator_lag_relative": 0.006452538073062897, "block_age": 1}
{"step": 90, "epoch": 2, "step_seconds": 0.2627149000763893, "innovation_std_sum": 25.113722579427673, "noise_marginal_std_sum": 29.33162184778228, "pure_mf_cumulative_momentum_noise_variance": 0.0022276212687494567, "preconditioner_mean": 34.39798355102539, "preconditioner_change_relative": 0.0, "denominator_lag_relative": 0.005896338261663914, "block_age": 1}
{"step": 100, "epoch": 2, "step_seconds": 0.26645816303789616, "innovation_std_sum": 25.113722579427673, "noise_marginal_std_sum": 29.33162184778228, "pure_mf_cumulative_momentum_noise_variance": 0.0022895351920334023, "preconditioner_mean": 34.33047866821289, "preconditioner_change_relative": 0.0, "denominator_lag_relative": 0.005077524110674858, "block_age": 1}
{"step": 110, "epoch": 2, "step_seconds": 0.26334913447499275, "innovation_std_sum": 25.113722579427673, "noise_marginal_std_sum": 29.33162184778228, "pure_mf_cumulative_momentum_noise_variance": 0.0023514891294320263, "preconditioner_mean": 34.30602264404297, "preconditioner_change_relative": 0.0, "denominator_lag_relative": 0.004715105053037405, "block_age": 1}
{"step": 120, "epoch": 2, "step_seconds": 0.2647711802273989, "innovation_std_sum": 25.113722579427673, "noise_marginal_std_sum": 29.33162184778228, "pure_mf_cumulative_momentum_noise_variance": 0.0024134585739487998, "preconditioner_mean": 34.27639389038086, "preconditioner_change_relative": 0.0, "denominator_lag_relative": 0.004431677516549826, "block_age": 1}
{"epoch": 2, "step": 124, "epsilon": 4.610238743691153, "accuracy": 0.6661058141708731, "validation_loss": 0.6450826024804122, "validation_examples": 5349}
{"step": 130, "epoch": 3, "step_seconds": 0.2626189850270748, "innovation_std_sum": 25.113722579427673, "noise_marginal_std_sum": 29.33162184778228, "pure_mf_cumulative_momentum_noise_variance": 0.0024754339677588726, "preconditioner_mean": 34.24647521972656, "preconditioner_change_relative": 0.0, "denominator_lag_relative": 0.0038775138091295958, "block_age": 1}
{"step": 140, "epoch": 3, "step_seconds": 0.26136744394898415, "innovation_std_sum": 25.113722579427673, "noise_marginal_std_sum": 29.33162184778228, "pure_mf_cumulative_momentum_noise_variance": 0.0025374116250575724, "preconditioner_mean": 34.20833969116211, "preconditioner_change_relative": 0.0, "denominator_lag_relative": 0.0038878219202160835, "block_age": 1}
{"step": 150, "epoch": 3, "step_seconds": 0.2631117831915617, "innovation_std_sum": 25.113722579427673, "noise_marginal_std_sum": 29.33162184778228, "pure_mf_cumulative_momentum_noise_variance": 0.00259939013752209, "preconditioner_mean": 34.21213912963867, "preconditioner_change_relative": 0.0, "denominator_lag_relative": 0.003487643087282777, "block_age": 1}
{"step": 160, "epoch": 3, "step_seconds": 0.26304958760738373, "innovation_std_sum": 25.113722579427673, "noise_marginal_std_sum": 29.33162184778228, "pure_mf_cumulative_momentum_noise_variance": 0.0026613689711552247, "preconditioner_mean": 34.20510482788086, "preconditioner_change_relative": 0.0, "denominator_lag_relative": 0.0033189214300364256, "block_age": 1}
{"step": 170, "epoch": 3, "step_seconds": 0.26302372477948666, "innovation_std_sum": 25.113722579427673, "noise_marginal_std_sum": 29.33162184778228, "pure_mf_cumulative_momentum_noise_variance": 0.002723347924789336, "preconditioner_mean": 34.18728256225586, "preconditioner_change_relative": 0.0, "denominator_lag_relative": 0.003138238098472357, "block_age": 1}
{"step": 180, "epoch": 3, "step_seconds": 0.26366829313337803, "innovation_std_sum": 25.113722579427673, "noise_marginal_std_sum": 29.33162184778228, "pure_mf_cumulative_momentum_noise_variance": 0.002785326923060352, "preconditioner_mean": 34.17987060546875, "preconditioner_change_relative": 0.0, "denominator_lag_relative": 0.0028797746635973454, "block_age": 1}
{"epoch": 3, "step": 186, "epsilon": 5.873890881586911, "accuracy": 0.7059263413722191, "validation_loss": 0.6393881109768619, "validation_examples": 5349}
{"step": 190, "epoch": 4, "step_seconds": 0.26321419328451157, "innovation_std_sum": 25.113722579427673, "noise_marginal_std_sum": 29.33162184778228, "pure_mf_cumulative_momentum_noise_variance": 0.0028473059378699038, "preconditioner_mean": 34.16581726074219, "preconditioner_change_relative": 0.0, "denominator_lag_relative": 0.002764160744845867, "block_age": 1}
{"step": 200, "epoch": 4, "step_seconds": 0.26346720196306705, "innovation_std_sum": 25.113722579427673, "noise_marginal_std_sum": 29.33162184778228, "pure_mf_cumulative_momentum_noise_variance": 0.0029092849587859116, "preconditioner_mean": 34.164676666259766, "preconditioner_change_relative": 0.0, "denominator_lag_relative": 0.0026391209103167057, "block_age": 1}
{"step": 210, "epoch": 4, "step_seconds": 0.26309703662991524, "innovation_std_sum": 25.113722579427673, "noise_marginal_std_sum": 29.33162184778228, "pure_mf_cumulative_momentum_noise_variance": 0.0029712639819496002, "preconditioner_mean": 34.149078369140625, "preconditioner_change_relative": 0.0, "denominator_lag_relative": 0.0024502568412572145, "block_age": 1}
{"step": 220, "epoch": 4, "step_seconds": 0.26330580189824104, "innovation_std_sum": 25.113722579427673, "noise_marginal_std_sum": 29.33162184778228, "pure_mf_cumulative_momentum_noise_variance": 0.00303324300593832, "preconditioner_mean": 34.1370964050293, "preconditioner_change_relative": 0.0, "denominator_lag_relative": 0.0024222643114626408, "block_age": 1}
{"step": 230, "epoch": 4, "step_seconds": 0.2672450300306082, "innovation_std_sum": 25.113722579427673, "noise_marginal_std_sum": 29.33162184778228, "pure_mf_cumulative_momentum_noise_variance": 0.0030952220302291164, "preconditioner_mean": 34.14152145385742, "preconditioner_change_relative": 0.0, "denominator_lag_relative": 0.002360957209020853, "block_age": 1}
{"step": 240, "epoch": 4, "step_seconds": 0.26298540085554123, "innovation_std_sum": 25.113722579427673, "noise_marginal_std_sum": 29.33162184778228, "pure_mf_cumulative_momentum_noise_variance": 0.0031572010546302622, "preconditioner_mean": 34.14704895019531, "preconditioner_change_relative": 0.0, "denominator_lag_relative": 0.002281099557876587, "block_age": 1}
{"epoch": 4, "step": 248, "epsilon": 6.985551657770655, "accuracy": 0.7175172929519537, "validation_loss": 0.6288967984795548, "validation_examples": 5349}
{"step": 250, "epoch": 5, "step_seconds": 0.18108246102929115, "innovation_std_sum": 25.113722579427673, "noise_marginal_std_sum": 29.33162184778228, "pure_mf_cumulative_momentum_noise_variance": 0.003219180079071639, "preconditioner_mean": 34.1251106262207, "preconditioner_change_relative": 0.0, "denominator_lag_relative": 0.00226624496281147, "block_age": 1}
{"step": 260, "epoch": 5, "step_seconds": 0.13156049698591232, "innovation_std_sum": 25.113722579427673, "noise_marginal_std_sum": 29.33162184778228, "pure_mf_cumulative_momentum_noise_variance": 0.0032811591035276514, "preconditioner_mean": 34.11634063720703, "preconditioner_change_relative": 0.0, "denominator_lag_relative": 0.0021094169933348894, "block_age": 1}
{"step": 270, "epoch": 5, "step_seconds": 0.26512482203543186, "innovation_std_sum": 25.113722579427673, "noise_marginal_std_sum": 29.33162184778228, "pure_mf_cumulative_momentum_noise_variance": 0.0033431381279889804, "preconditioner_mean": 34.1153678894043, "preconditioner_change_relative": 0.0, "denominator_lag_relative": 0.0021163620986044407, "block_age": 1}
{"step": 280, "epoch": 5, "step_seconds": 0.26402644254267216, "innovation_std_sum": 25.113722579427673, "noise_marginal_std_sum": 29.33162184778228, "pure_mf_cumulative_momentum_noise_variance": 0.0034051171524522375, "preconditioner_mean": 34.12339401245117, "preconditioner_change_relative": 0.0, "denominator_lag_relative": 0.0019344162428751588, "block_age": 1}
{"step": 290, "epoch": 5, "step_seconds": 0.26372273452579975, "innovation_std_sum": 25.113722579427673, "noise_marginal_std_sum": 29.33162184778228, "pure_mf_cumulative_momentum_noise_variance": 0.003467096176916193, "preconditioner_mean": 34.13268280029297, "preconditioner_change_relative": 0.0, "denominator_lag_relative": 0.001966669922694564, "block_age": 1}
{"step": 300, "epoch": 5, "step_seconds": 0.26300262473523617, "innovation_std_sum": 25.113722579427673, "noise_marginal_std_sum": 29.33162184778228, "pure_mf_cumulative_momentum_noise_variance": 0.0035290752013804024, "preconditioner_mean": 34.136756896972656, "preconditioner_change_relative": 0.0, "denominator_lag_relative": 0.0018665594980120659, "block_age": 1}
{"step": 310, "epoch": 5, "step_seconds": 0.263071047142148, "innovation_std_sum": 25.113722579427673, "noise_marginal_std_sum": 29.33162184778228, "pure_mf_cumulative_momentum_noise_variance": 0.0035910542258447004, "preconditioner_mean": 34.12754821777344, "preconditioner_change_relative": 0.0, "denominator_lag_relative": 0.0018814380746334791, "block_age": 1}
{"epoch": 5, "step": 310, "epsilon": 8.000000000000005, "accuracy": 0.732660310338381, "validation_loss": 0.6094592720754883, "validation_examples": 5349}
