Loading weights:   0%|          | 0/39 [00:00<?, ?it/s]Loading weights: 100%|██████████| 39/39 [00:00<00:00, 15541.84it/s]
[transformers] [1mBertModel LOAD REPORT[0m from: /media/data/data/lt/dp-adam-correlated/cache/bert-tiny
Key                                        | Status     |  | 
-------------------------------------------+------------+--+-
cls.seq_relationship.bias                  | UNEXPECTED |  | 
cls.predictions.transform.dense.bias       | UNEXPECTED |  | 
cls.predictions.decoder.bias               | UNEXPECTED |  | 
cls.predictions.bias                       | UNEXPECTED |  | 
cls.predictions.transform.LayerNorm.weight | UNEXPECTED |  | 
cls.predictions.transform.LayerNorm.bias   | UNEXPECTED |  | 
cls.seq_relationship.weight                | UNEXPECTED |  | 
cls.predictions.transform.dense.weight     | UNEXPECTED |  | 
cls.predictions.decoder.weight             | UNEXPECTED |  | 

Notes:
- UNEXPECTED:	can be ignored when loading from different task/architecture; not ok if you expect identical arch.
sys:1: UserWarning: Full backward hook is firing when gradients are computed with respect to module outputs since no inputs require gradients. See https://docs.pytorch.org/docs/main/generated/torch.nn.Module.html#torch.nn.Module.register_full_backward_hook for more details.
{"step": 10, "epoch": 1, "train_loss": 0.68336962890625, "clip_fraction": 0.0, "gradient_norm_mean": 18.41809375, "gradient_norm_max": 29.28826141357422, "step_seconds": 0.1665343903005123, "innovation_std_sum": 3037.4410013297047, "noise_marginal_std_sum": 4189.580341146579}
{"step": 20, "epoch": 1, "train_loss": 0.683778564453125, "clip_fraction": 0.0, "gradient_norm_mean": 1.9305015869140625, "gradient_norm_max": 4.450666904449463, "step_seconds": 0.2620479203760624, "innovation_std_sum": 3037.4410013297047, "noise_marginal_std_sum": 4189.580341146579}
{"step": 30, "epoch": 1, "train_loss": 0.685558349609375, "clip_fraction": 0.0, "gradient_norm_mean": 0.3992367858886719, "gradient_norm_max": 0.8030381798744202, "step_seconds": 0.257471876218915, "innovation_std_sum": 3037.4410013297047, "noise_marginal_std_sum": 4189.580341146579}
{"step": 40, "epoch": 1, "train_loss": 0.6879962158203125, "clip_fraction": 0.0, "gradient_norm_mean": 0.11005614471435547, "gradient_norm_max": 0.3814101219177246, "step_seconds": 0.2524021193385124, "innovation_std_sum": 3037.4410013297047, "noise_marginal_std_sum": 4189.580341146579}
{"step": 50, "epoch": 1, "train_loss": 0.6832042236328125, "clip_fraction": 0.0, "gradient_norm_mean": 0.039198944091796875, "gradient_norm_max": 0.33863431215286255, "step_seconds": 0.2580879721790552, "innovation_std_sum": 3037.4410013297047, "noise_marginal_std_sum": 4189.580341146579}
{"step": 60, "epoch": 1, "train_loss": 0.6863511962890625, "clip_fraction": 0.0, "gradient_norm_mean": 0.01572283935546875, "gradient_norm_max": 0.2769356667995453, "step_seconds": 0.2498693447560072, "innovation_std_sum": 3037.4410013297047, "noise_marginal_std_sum": 4189.580341146579}
{"epoch": 1, "step": 62, "train_loss": 0.6846446513514365, "clip_fraction": 0.037048387096774195, "epsilon": 0.7869949284338518, "accuracy": 0.5057339449541285, "validation_loss": 0.6963869978528504, "validation_examples": 872}
{"step": 70, "epoch": 2, "train_loss": 0.68401611328125, "clip_fraction": 0.0, "gradient_norm_mean": 0.007578700065612793, "gradient_norm_max": 0.016125734895467758, "step_seconds": 0.2581629827618599, "innovation_std_sum": 3037.4410013297047, "noise_marginal_std_sum": 4189.580341146579}
{"step": 80, "epoch": 2, "train_loss": 0.6874700927734375, "clip_fraction": 0.0, "gradient_norm_mean": 0.003780863046646118, "gradient_norm_max": 0.026760632172226906, "step_seconds": 0.2588730361312628, "innovation_std_sum": 3037.4410013297047, "noise_marginal_std_sum": 4189.580341146579}
{"step": 90, "epoch": 2, "train_loss": 0.683121826171875, "clip_fraction": 0.0, "gradient_norm_mean": 0.0018085100650787353, "gradient_norm_max": 0.0055446927435696125, "step_seconds": 0.2590035814791918, "innovation_std_sum": 3037.4410013297047, "noise_marginal_std_sum": 4189.580341146579}
{"step": 100, "epoch": 2, "train_loss": 0.6807265014648437, "clip_fraction": 0.0, "gradient_norm_mean": 0.0008421664237976075, "gradient_norm_max": 0.004967702552676201, "step_seconds": 0.25974950939416885, "innovation_std_sum": 3037.4410013297047, "noise_marginal_std_sum": 4189.580341146579}
{"step": 110, "epoch": 2, "train_loss": 0.6863416748046876, "clip_fraction": 0.0, "gradient_norm_mean": 0.00046008813381195066, "gradient_norm_max": 0.0033494681119918823, "step_seconds": 0.25880165211856365, "innovation_std_sum": 3037.4410013297047, "noise_marginal_std_sum": 4189.580341146579}
{"step": 120, "epoch": 2, "train_loss": 0.692326171875, "clip_fraction": 0.0, "gradient_norm_mean": 0.00024992503225803377, "gradient_norm_max": 0.0005984404124319553, "step_seconds": 0.24631201475858688, "innovation_std_sum": 3037.4410013297047, "noise_marginal_std_sum": 4189.580341146579}
{"epoch": 2, "step": 124, "train_loss": 0.6866568249117944, "clip_fraction": 0.0, "epsilon": 1.182854838393334, "accuracy": 0.5091743119266054, "validation_loss": 0.7052474678109545, "validation_examples": 872}
{"step": 130, "epoch": 3, "train_loss": 0.6855421752929688, "clip_fraction": 0.0, "gradient_norm_mean": 0.00015562218427658082, "gradient_norm_max": 0.0004100379883311689, "step_seconds": 0.2585819195955992, "innovation_std_sum": 3037.4410013297047, "noise_marginal_std_sum": 4189.580341146579}
{"step": 140, "epoch": 3, "train_loss": 0.6856209716796875, "clip_fraction": 0.0, "gradient_norm_mean": 9.947180747985839e-05, "gradient_norm_max": 0.0003709348675329238, "step_seconds": 0.258026460185647, "innovation_std_sum": 3037.4410013297047, "noise_marginal_std_sum": 4189.580341146579}
{"step": 150, "epoch": 3, "train_loss": 0.6861678466796876, "clip_fraction": 0.0, "gradient_norm_mean": 7.176901400089265e-05, "gradient_norm_max": 0.0003634360618889332, "step_seconds": 0.2578645646572113, "innovation_std_sum": 3037.4410013297047, "noise_marginal_std_sum": 4189.580341146579}
{"step": 160, "epoch": 3, "train_loss": 0.68522314453125, "clip_fraction": 0.0, "gradient_norm_mean": 4.574500024318695e-05, "gradient_norm_max": 0.00018996780272573233, "step_seconds": 0.249250840395689, "innovation_std_sum": 3037.4410013297047, "noise_marginal_std_sum": 4189.580341146579}
{"step": 170, "epoch": 3, "train_loss": 0.6913604736328125, "clip_fraction": 0.0, "gradient_norm_mean": 2.9132973402738572e-05, "gradient_norm_max": 5.5471493396908045e-05, "step_seconds": 0.25864836759865284, "innovation_std_sum": 3037.4410013297047, "noise_marginal_std_sum": 4189.580341146579}
{"step": 180, "epoch": 3, "train_loss": 0.6879852294921875, "clip_fraction": 0.0, "gradient_norm_mean": 1.9158564507961272e-05, "gradient_norm_max": 0.00017240032320842147, "step_seconds": 0.2589026279747486, "innovation_std_sum": 3037.4410013297047, "noise_marginal_std_sum": 4189.580341146579}
{"epoch": 3, "step": 186, "train_loss": 0.6876954207881805, "clip_fraction": 0.0, "epsilon": 1.4940057452073763, "accuracy": 0.5080275229357798, "validation_loss": 0.6991313531858112, "validation_examples": 872}
{"step": 190, "epoch": 4, "train_loss": 0.6805162353515625, "clip_fraction": 0.0, "gradient_norm_mean": 1.2976843863725663e-05, "gradient_norm_max": 2.9252638341858983e-05, "step_seconds": 0.2685544863343239, "innovation_std_sum": 3037.4410013297047, "noise_marginal_std_sum": 4189.580341146579}
{"step": 200, "epoch": 4, "train_loss": 0.695084228515625, "clip_fraction": 0.0, "gradient_norm_mean": 9.879435412585735e-06, "gradient_norm_max": 9.450898505747318e-05, "step_seconds": 0.2684654127806425, "innovation_std_sum": 3037.4410013297047, "noise_marginal_std_sum": 4189.580341146579}
{"step": 210, "epoch": 4, "train_loss": 0.6895906982421875, "clip_fraction": 0.0, "gradient_norm_mean": 7.612310815602541e-06, "gradient_norm_max": 0.00010207435843767598, "step_seconds": 0.26903591863811016, "innovation_std_sum": 3037.4410013297047, "noise_marginal_std_sum": 4189.580341146579}
{"step": 220, "epoch": 4, "train_loss": 0.6892723388671875, "clip_fraction": 0.0, "gradient_norm_mean": 4.6682748943567275e-06, "gradient_norm_max": 1.5797260857652873e-05, "step_seconds": 0.26886035688221455, "innovation_std_sum": 3037.4410013297047, "noise_marginal_std_sum": 4189.580341146579}
{"step": 230, "epoch": 4, "train_loss": 0.6871166381835937, "clip_fraction": 0.0, "gradient_norm_mean": 3.317199647426605e-06, "gradient_norm_max": 2.0080708054592833e-05, "step_seconds": 0.13357102125883102, "innovation_std_sum": 3037.4410013297047, "noise_marginal_std_sum": 4189.580341146579}
{"step": 240, "epoch": 4, "train_loss": 0.687960205078125, "clip_fraction": 0.0, "gradient_norm_mean": 2.3881588131189347e-06, "gradient_norm_max": 1.0679119441192597e-05, "step_seconds": 0.2687768414616585, "innovation_std_sum": 3037.4410013297047, "noise_marginal_std_sum": 4189.580341146579}
{"epoch": 4, "step": 248, "train_loss": 0.6884536280478201, "clip_fraction": 0.0, "epsilon": 1.761051349826109, "accuracy": 0.5103211009174312, "validation_loss": 0.6996405890228552, "validation_examples": 872}
{"step": 250, "epoch": 5, "train_loss": 0.69144775390625, "clip_fraction": 0.0, "gradient_norm_mean": 1.7778900219127537e-06, "gradient_norm_max": 5.444076123239938e-06, "step_seconds": 0.27167954854667187, "innovation_std_sum": 3037.4410013297047, "noise_marginal_std_sum": 4189.580341146579}
{"step": 260, "epoch": 5, "train_loss": 0.68324609375, "clip_fraction": 0.0, "gradient_norm_mean": 1.2430222705006599e-06, "gradient_norm_max": 5.324578978616046e-06, "step_seconds": 0.26858992502093315, "innovation_std_sum": 3037.4410013297047, "noise_marginal_std_sum": 4189.580341146579}
{"step": 270, "epoch": 5, "train_loss": 0.6947301025390625, "clip_fraction": 0.0, "gradient_norm_mean": 9.290296002291143e-07, "gradient_norm_max": 7.4569593380147126e-06, "step_seconds": 0.26993922516703606, "innovation_std_sum": 3037.4410013297047, "noise_marginal_std_sum": 4189.580341146579}
{"step": 280, "epoch": 5, "train_loss": 0.6887091064453125, "clip_fraction": 0.0, "gradient_norm_mean": 7.225453155115247e-07, "gradient_norm_max": 2.375323902015225e-06, "step_seconds": 0.26582108065485954, "innovation_std_sum": 3037.4410013297047, "noise_marginal_std_sum": 4189.580341146579}
{"step": 290, "epoch": 5, "train_loss": 0.6931951904296875, "clip_fraction": 0.0, "gradient_norm_mean": 5.77949220314622e-07, "gradient_norm_max": 1.6527711750313756e-06, "step_seconds": 0.268368124961853, "innovation_std_sum": 3037.4410013297047, "noise_marginal_std_sum": 4189.580341146579}
{"step": 300, "epoch": 5, "train_loss": 0.6927197265625, "clip_fraction": 0.0, "gradient_norm_mean": 3.9370672311633825e-07, "gradient_norm_max": 1.6774366713434574e-06, "step_seconds": 0.26055908761918545, "innovation_std_sum": 3037.4410013297047, "noise_marginal_std_sum": 4189.580341146579}
{"step": 310, "epoch": 5, "train_loss": 0.689292236328125, "clip_fraction": 0.0, "gradient_norm_mean": 3.1744505395181476e-07, "gradient_norm_max": 1.394163859913533e-06, "step_seconds": 0.27021800354123116, "innovation_std_sum": 3037.4410013297047, "noise_marginal_std_sum": 4189.580341146579}
{"epoch": 5, "step": 310, "train_loss": 0.6898954969836819, "clip_fraction": 0.0, "epsilon": 2.0000000000008775, "accuracy": 0.5045871559633027, "validation_loss": 0.700576213521695, "validation_examples": 872}
