Loading weights:   0%|          | 0/39 [00:00<?, ?it/s]Loading weights: 100%|██████████| 39/39 [00:00<00:00, 18838.86it/s]
[transformers] [1mBertModel LOAD REPORT[0m from: /media/data/data/lt/dp-adam-correlated/cache/bert-tiny
Key                                        | Status     |  | 
-------------------------------------------+------------+--+-
cls.predictions.transform.dense.weight     | UNEXPECTED |  | 
cls.predictions.transform.LayerNorm.weight | UNEXPECTED |  | 
cls.predictions.decoder.weight             | UNEXPECTED |  | 
cls.seq_relationship.bias                  | UNEXPECTED |  | 
cls.predictions.bias                       | UNEXPECTED |  | 
cls.predictions.decoder.bias               | UNEXPECTED |  | 
cls.predictions.transform.LayerNorm.bias   | UNEXPECTED |  | 
cls.seq_relationship.weight                | UNEXPECTED |  | 
cls.predictions.transform.dense.bias       | UNEXPECTED |  | 

Notes:
- UNEXPECTED:	can be ignored when loading from different task/architecture; not ok if you expect identical arch.
sys:1: UserWarning: Full backward hook is firing when gradients are computed with respect to module outputs since no inputs require gradients. See https://docs.pytorch.org/docs/main/generated/torch.nn.Module.html#torch.nn.Module.register_full_backward_hook for more details.
{"step": 10, "epoch": 1, "train_loss": 0.6717457275390625, "clip_fraction": 0.478, "gradient_norm_mean": 201.456640625, "gradient_norm_max": 410.16644287109375, "step_seconds": 0.2789447382092476, "innovation_std_sum": 914.409175282003, "noise_marginal_std_sum": 1261.2560055811578}
{"step": 20, "epoch": 1, "train_loss": 0.6535828857421875, "clip_fraction": 0.543, "gradient_norm_mean": 217.83534375, "gradient_norm_max": 532.3698120117188, "step_seconds": 0.28112684190273285, "innovation_std_sum": 914.409175282003, "noise_marginal_std_sum": 1261.2560055811578}
{"step": 30, "epoch": 1, "train_loss": 0.5990714111328125, "clip_fraction": 0.567, "gradient_norm_mean": 247.906015625, "gradient_norm_max": 753.841064453125, "step_seconds": 0.2735301274806261, "innovation_std_sum": 914.409175282003, "noise_marginal_std_sum": 1261.2560055811578}
{"step": 40, "epoch": 1, "train_loss": 0.5712864990234375, "clip_fraction": 0.527, "gradient_norm_mean": 274.1950625, "gradient_norm_max": 849.5679321289062, "step_seconds": 0.2883213087916374, "innovation_std_sum": 914.409175282003, "noise_marginal_std_sum": 1261.2560055811578}
{"step": 50, "epoch": 1, "train_loss": 0.5710805053710938, "clip_fraction": 0.482, "gradient_norm_mean": 284.98125, "gradient_norm_max": 1141.4761962890625, "step_seconds": 0.27946669422090054, "innovation_std_sum": 914.409175282003, "noise_marginal_std_sum": 1261.2560055811578}
{"step": 60, "epoch": 1, "train_loss": 0.5057362976074219, "clip_fraction": 0.444, "gradient_norm_mean": 276.426, "gradient_norm_max": 1179.9232177734375, "step_seconds": 0.2899795603007078, "innovation_std_sum": 914.409175282003, "noise_marginal_std_sum": 1261.2560055811578}
{"epoch": 1, "step": 62, "train_loss": 0.6059538421630859, "clip_fraction": 0.5318225806451613, "epsilon": 2.983473211150575, "accuracy": 0.7305045871559633, "validation_loss": 0.6207789806050992, "validation_examples": 872}
{"step": 70, "epoch": 2, "train_loss": 0.6192908935546875, "clip_fraction": 0.43, "gradient_norm_mean": 281.39184375, "gradient_norm_max": 1273.136962890625, "step_seconds": 0.28116536885499954, "innovation_std_sum": 914.409175282003, "noise_marginal_std_sum": 1261.2560055811578}
{"step": 80, "epoch": 2, "train_loss": 0.5211923217773438, "clip_fraction": 0.379, "gradient_norm_mean": 241.6304375, "gradient_norm_max": 1397.808837890625, "step_seconds": 0.2854985538870096, "innovation_std_sum": 914.409175282003, "noise_marginal_std_sum": 1261.2560055811578}
{"step": 90, "epoch": 2, "train_loss": 0.5436474609375, "clip_fraction": 0.381, "gradient_norm_mean": 246.1928125, "gradient_norm_max": 1401.524658203125, "step_seconds": 0.271725308150053, "innovation_std_sum": 914.409175282003, "noise_marginal_std_sum": 1261.2560055811578}
{"step": 100, "epoch": 2, "train_loss": 0.53570654296875, "clip_fraction": 0.388, "gradient_norm_mean": 229.363359375, "gradient_norm_max": 1122.76171875, "step_seconds": 0.2882546801120043, "innovation_std_sum": 914.409175282003, "noise_marginal_std_sum": 1261.2560055811578}
{"step": 110, "epoch": 2, "train_loss": 0.5110120849609375, "clip_fraction": 0.338, "gradient_norm_mean": 198.00728125, "gradient_norm_max": 1372.4005126953125, "step_seconds": 0.28549263440072536, "innovation_std_sum": 914.409175282003, "noise_marginal_std_sum": 1261.2560055811578}
{"step": 120, "epoch": 2, "train_loss": 0.5653624267578125, "clip_fraction": 0.359, "gradient_norm_mean": 197.24846875, "gradient_norm_max": 1016.0007934570312, "step_seconds": 0.2840422075241804, "innovation_std_sum": 914.409175282003, "noise_marginal_std_sum": 1261.2560055811578}
{"epoch": 2, "step": 124, "train_loss": 0.5315265852405179, "clip_fraction": 0.3793548387096774, "epsilon": 4.566965972959099, "accuracy": 0.7740825688073395, "validation_loss": 0.5458800289609017, "validation_examples": 872}
{"step": 130, "epoch": 3, "train_loss": 0.45921304321289064, "clip_fraction": 0.339, "gradient_norm_mean": 178.754703125, "gradient_norm_max": 996.4781494140625, "step_seconds": 0.2898362781852484, "innovation_std_sum": 914.409175282003, "noise_marginal_std_sum": 1261.2560055811578}
{"step": 140, "epoch": 3, "train_loss": 0.46551693725585935, "clip_fraction": 0.301, "gradient_norm_mean": 156.640046875, "gradient_norm_max": 824.8409423828125, "step_seconds": 0.2894121613353491, "innovation_std_sum": 914.409175282003, "noise_marginal_std_sum": 1261.2560055811578}
{"step": 150, "epoch": 3, "train_loss": 0.4910502624511719, "clip_fraction": 0.313, "gradient_norm_mean": 165.64771875, "gradient_norm_max": 1114.44677734375, "step_seconds": 0.2714617531746626, "innovation_std_sum": 914.409175282003, "noise_marginal_std_sum": 1261.2560055811578}
{"step": 160, "epoch": 3, "train_loss": 0.4705453186035156, "clip_fraction": 0.31, "gradient_norm_mean": 152.95159375, "gradient_norm_max": 851.3295288085938, "step_seconds": 0.28678455762565136, "innovation_std_sum": 914.409175282003, "noise_marginal_std_sum": 1261.2560055811578}
{"step": 170, "epoch": 3, "train_loss": 0.4361064453125, "clip_fraction": 0.28, "gradient_norm_mean": 140.127, "gradient_norm_max": 957.9615478515625, "step_seconds": 0.2909219656139612, "innovation_std_sum": 914.409175282003, "noise_marginal_std_sum": 1261.2560055811578}
{"step": 180, "epoch": 3, "train_loss": 0.4879012451171875, "clip_fraction": 0.301, "gradient_norm_mean": 139.297453125, "gradient_norm_max": 817.8662109375, "step_seconds": 0.2880276255309582, "innovation_std_sum": 914.409175282003, "noise_marginal_std_sum": 1261.2560055811578}
{"epoch": 3, "step": 186, "train_loss": 0.4699630604405557, "clip_fraction": 0.305758064516129, "epsilon": 5.849088165717443, "accuracy": 0.7672018348623854, "validation_loss": 0.5296240596596254, "validation_examples": 872}
{"step": 190, "epoch": 4, "train_loss": 0.4685209655761719, "clip_fraction": 0.276, "gradient_norm_mean": 130.4295390625, "gradient_norm_max": 692.5843505859375, "step_seconds": 0.13849891535937786, "innovation_std_sum": 914.409175282003, "noise_marginal_std_sum": 1261.2560055811578}
{"step": 200, "epoch": 4, "train_loss": 0.4298428649902344, "clip_fraction": 0.253, "gradient_norm_mean": 120.2086328125, "gradient_norm_max": 668.0716552734375, "step_seconds": 0.2975979056209326, "innovation_std_sum": 914.409175282003, "noise_marginal_std_sum": 1261.2560055811578}
{"step": 210, "epoch": 4, "train_loss": 0.424432373046875, "clip_fraction": 0.24, "gradient_norm_mean": 112.803875, "gradient_norm_max": 614.2395629882812, "step_seconds": 0.29572688415646553, "innovation_std_sum": 914.409175282003, "noise_marginal_std_sum": 1261.2560055811578}
{"step": 220, "epoch": 4, "train_loss": 0.4427074584960938, "clip_fraction": 0.235, "gradient_norm_mean": 114.5612890625, "gradient_norm_max": 893.5366821289062, "step_seconds": 0.29378772899508476, "innovation_std_sum": 914.409175282003, "noise_marginal_std_sum": 1261.2560055811578}
{"step": 230, "epoch": 4, "train_loss": 0.44441397094726565, "clip_fraction": 0.252, "gradient_norm_mean": 110.45171875, "gradient_norm_max": 652.44482421875, "step_seconds": 0.3138404246419668, "innovation_std_sum": 914.409175282003, "noise_marginal_std_sum": 1261.2560055811578}
{"step": 240, "epoch": 4, "train_loss": 0.3874591064453125, "clip_fraction": 0.213, "gradient_norm_mean": 102.28075, "gradient_norm_max": 921.8185424804688, "step_seconds": 0.292785819619894, "innovation_std_sum": 914.409175282003, "noise_marginal_std_sum": 1261.2560055811578}
{"epoch": 4, "step": 248, "train_loss": 0.43535237958354334, "clip_fraction": 0.24583870967741936, "epsilon": 6.974398475295221, "accuracy": 0.75, "validation_loss": 0.5394585898163122, "validation_examples": 872}
{"step": 250, "epoch": 5, "train_loss": 0.4274266662597656, "clip_fraction": 0.228, "gradient_norm_mean": 110.064953125, "gradient_norm_max": 726.8489990234375, "step_seconds": 0.2780524995177984, "innovation_std_sum": 914.409175282003, "noise_marginal_std_sum": 1261.2560055811578}
{"step": 260, "epoch": 5, "train_loss": 0.4163489685058594, "clip_fraction": 0.216, "gradient_norm_mean": 97.603421875, "gradient_norm_max": 553.572509765625, "step_seconds": 0.29656753689050674, "innovation_std_sum": 914.409175282003, "noise_marginal_std_sum": 1261.2560055811578}
{"step": 270, "epoch": 5, "train_loss": 0.4459154052734375, "clip_fraction": 0.213, "gradient_norm_mean": 102.777046875, "gradient_norm_max": 745.2586669921875, "step_seconds": 0.2899906113743782, "innovation_std_sum": 914.409175282003, "noise_marginal_std_sum": 1261.2560055811578}
{"step": 280, "epoch": 5, "train_loss": 0.37538681030273435, "clip_fraction": 0.204, "gradient_norm_mean": 95.7094765625, "gradient_norm_max": 594.7482299804688, "step_seconds": 0.2970371786504984, "innovation_std_sum": 914.409175282003, "noise_marginal_std_sum": 1261.2560055811578}
{"step": 290, "epoch": 5, "train_loss": 0.42871929931640623, "clip_fraction": 0.219, "gradient_norm_mean": 101.7346953125, "gradient_norm_max": 663.9022216796875, "step_seconds": 0.29276520758867264, "innovation_std_sum": 914.409175282003, "noise_marginal_std_sum": 1261.2560055811578}
{"step": 300, "epoch": 5, "train_loss": 0.4021143493652344, "clip_fraction": 0.168, "gradient_norm_mean": 88.2459765625, "gradient_norm_max": 617.6331787109375, "step_seconds": 0.1431348267942667, "innovation_std_sum": 914.409175282003, "noise_marginal_std_sum": 1261.2560055811578}
{"step": 310, "epoch": 5, "train_loss": 0.4104864807128906, "clip_fraction": 0.189, "gradient_norm_mean": 92.225609375, "gradient_norm_max": 616.8775634765625, "step_seconds": 0.14049495197832584, "innovation_std_sum": 914.409175282003, "noise_marginal_std_sum": 1261.2560055811578}
{"epoch": 5, "step": 310, "train_loss": 0.4163538818359375, "clip_fraction": 0.20470967741935484, "epsilon": 8.000000000000005, "accuracy": 0.768348623853211, "validation_loss": 0.501590238798649, "validation_examples": 872}
