/home/longt29/miniconda3/envs/curve/lib/python3.11/site-packages/torchvision/datasets/cifar.py:83: VisibleDeprecationWarning: dtype(): align should be passed as Python or NumPy boolean but got `align=0`. Did you mean to pass a tuple to create a subarray type? (Deprecated NumPy 2.4)
  entry = pickle.load(f, encoding="latin1")
{"status": "running", "method": "nonprivate_hybrid", "seed": 20261001, "calibration": null, "coefficients": [1.0]}
{"event": "logical_progress", "step": 1, "train_loss": 5.180809692382812, "clip_fraction": null}
{"event": "logical_progress", "step": 25, "train_loss": 3.6128139453125, "clip_fraction": null}
{"event": "logical_progress", "step": 50, "train_loss": 2.6631549835205077, "clip_fraction": null}
{"epoch": 1, "logical_steps": 50, "train_examples": 50000, "train_loss": 2.6631549835205077, "test_loss": 0.8787878768920898, "test_top1": 0.7432, "clip_fraction": null, "epsilon": null, "delta": null, "seconds": 89.1767833949998}
{"event": "logical_progress", "step": 75, "train_loss": 1.285596806640625, "clip_fraction": null}
{"event": "logical_progress", "step": 100, "train_loss": 1.2065396243286133, "clip_fraction": null}
{"epoch": 2, "logical_steps": 100, "train_examples": 50000, "train_loss": 1.2065396243286133, "test_loss": 0.6000072128295898, "test_top1": 0.818, "clip_fraction": null, "epsilon": null, "delta": null, "seconds": 170.03921914100647}
{"event": "logical_progress", "step": 125, "train_loss": 1.0491720965576172, "clip_fraction": null}
{"event": "logical_progress", "step": 150, "train_loss": 1.0175150973510743, "clip_fraction": null}
{"epoch": 3, "logical_steps": 150, "train_examples": 50000, "train_loss": 1.0175150973510743, "test_loss": 0.5183165184020996, "test_top1": 0.8392, "clip_fraction": null, "epsilon": null, "delta": null, "seconds": 254.12473759893328}
{"event": "logical_progress", "step": 175, "train_loss": 0.9495563366699219, "clip_fraction": null}
{"event": "logical_progress", "step": 200, "train_loss": 0.9214025668334961, "clip_fraction": null}
{"epoch": 4, "logical_steps": 200, "train_examples": 50000, "train_loss": 0.9214025668334961, "test_loss": 0.4881279983520508, "test_top1": 0.8481, "clip_fraction": null, "epsilon": null, "delta": null, "seconds": 338.0207725102082}
{"event": "logical_progress", "step": 225, "train_loss": 0.884949214477539, "clip_fraction": null}
{"event": "logical_progress", "step": 250, "train_loss": 0.8597403039550782, "clip_fraction": null}
{"epoch": 5, "logical_steps": 250, "train_examples": 50000, "train_loss": 0.8597403039550782, "test_loss": 0.4726248954772949, "test_top1": 0.8544, "clip_fraction": null, "epsilon": null, "delta": null, "seconds": 421.3255174513906}
{"status": "completed", "result_dir": "/media/data/data/lt/dp-adam-correlated/exp3/results/search/A/a07_adam_0.001"}
