/home/longt29/miniconda3/envs/curve/lib/python3.11/site-packages/torchvision/datasets/cifar.py:83: VisibleDeprecationWarning: dtype(): align should be passed as Python or NumPy boolean but got `align=0`. Did you mean to pass a tuple to create a subarray type? (Deprecated NumPy 2.4)
  entry = pickle.load(f, encoding="latin1")
{"status": "running", "method": "mf_muon_standard", "seed": 20261001, "calibration": {"target_mu": 1.6660305978457184, "sensitivity": 7.852751308631718, "innovation_std_sum": 141.40348896567355, "adjacency": "add_remove_zero_out", "k": 5, "b_participation": 50, "sampling_amplification": false}, "coefficients": [1.0, -0.95, -0.0012500000000000844, -0.001187499999999897]}
sys:1: UserWarning: Full backward hook is firing when gradients are computed with respect to module outputs since no inputs require gradients. See https://docs.pytorch.org/docs/main/generated/torch.nn.Module.html#torch.nn.Module.register_full_backward_hook for more details.
{"event": "logical_progress", "step": 1, "train_loss": 5.1808095703125, "clip_fraction": 1.0}
{"event": "logical_progress", "step": 25, "train_loss": 4.642357387695313, "clip_fraction": 1.0}
{"event": "logical_progress", "step": 50, "train_loss": 4.288536646728516, "clip_fraction": 1.0}
{"epoch": 1, "logical_steps": 50, "train_examples": 50000, "train_loss": 4.288536646728516, "test_loss": 3.399158251953125, "test_top1": 0.2117, "clip_fraction": 1.0, "epsilon": 2.8734263506543494, "delta": 1e-05, "seconds": 142.82219111453742}
{"event": "logical_progress", "step": 75, "train_loss": 3.2491624365234375, "clip_fraction": 0.99932}
{"event": "logical_progress", "step": 100, "train_loss": 2.9786713916015626, "clip_fraction": 0.99436}
{"epoch": 2, "logical_steps": 100, "train_examples": 50000, "train_loss": 2.9786713916015626, "test_loss": 2.1552984619140627, "test_top1": 0.4769, "clip_fraction": 0.99436, "epsilon": 4.494876969944211, "delta": 1e-05, "seconds": 274.65091847255826}
{"event": "logical_progress", "step": 125, "train_loss": 2.3274065869140625, "clip_fraction": 0.96244}
{"event": "logical_progress", "step": 150, "train_loss": 2.1883485455322265, "clip_fraction": 0.94408}
{"epoch": 3, "logical_steps": 150, "train_examples": 50000, "train_loss": 2.1883485455322265, "test_loss": 1.526730926513672, "test_top1": 0.605, "clip_fraction": 0.94408, "epsilon": 5.807351225535705, "delta": 1e-05, "seconds": 404.7679575178772}
{"event": "logical_progress", "step": 175, "train_loss": 1.8778882385253906, "clip_fraction": 0.88408}
{"event": "logical_progress", "step": 200, "train_loss": 1.7978181365966797, "clip_fraction": 0.86452}
{"epoch": 4, "logical_steps": 200, "train_examples": 50000, "train_loss": 1.7978181365966797, "test_loss": 1.2059697326660157, "test_top1": 0.6731, "clip_fraction": 0.86452, "epsilon": 6.955627916806438, "delta": 1e-05, "seconds": 534.5553634827957}
{"event": "logical_progress", "step": 225, "train_loss": 1.637010128173828, "clip_fraction": 0.81336}
{"event": "logical_progress", "step": 250, "train_loss": 1.5820907348632813, "clip_fraction": 0.79704}
{"epoch": 5, "logical_steps": 250, "train_examples": 50000, "train_loss": 1.5820907348632813, "test_loss": 1.0218333312988281, "test_top1": 0.7174, "clip_fraction": 0.79704, "epsilon": 8.000000000000005, "delta": 1e-05, "seconds": 663.8510013399646}
{"status": "completed", "result_dir": "/media/data/data/lt/dp-adam-correlated/exp3/results/search/C/c03_muon_0.003_adam_0.003"}
