{"event": "start", "time": 1791362610.1939378, "gpu": 0, "trial_id": "93c00c98a74535cf", "method": "dp-adam-iid", "seed": 20261001, "lr": 0.0005, "C": 30.0, "eps_scale": null, "pid": 1086184, "smoke": true}
{"event": "start", "time": 1791362610.1949036, "gpu": 1, "trial_id": "272bde0be8d1d257", "method": "dp-adam-momentum-bandinvmf", "seed": 20261001, "lr": 0.005, "C": 30.0, "eps_scale": null, "pid": 1086185, "smoke": true}
{"event": "start", "time": 1791362610.195762, "gpu": 2, "trial_id": "30c259a11b4e2886", "method": "dp-adam-sgd-bandinvmf-scale", "seed": 20261001, "lr": 0.002, "C": 200.0, "eps_scale": 0.1, "pid": 1086186, "smoke": true}
{"event": "finish", "time": 1791362652.2009652, "gpu": 2, "trial_id": "30c259a11b4e2886", "method": "dp-adam-sgd-bandinvmf-scale", "seed": 20261001, "lr": 0.002, "C": 200.0, "eps_scale": 0.1, "returncode": 0, "status": "completed"}
{"event": "finish", "time": 1791362658.2023768, "gpu": 0, "trial_id": "93c00c98a74535cf", "method": "dp-adam-iid", "seed": 20261001, "lr": 0.0005, "C": 30.0, "eps_scale": null, "returncode": 0, "status": "completed"}
{"event": "finish", "time": 1791362664.2039506, "gpu": 1, "trial_id": "272bde0be8d1d257", "method": "dp-adam-momentum-bandinvmf", "seed": 20261001, "lr": 0.005, "C": 30.0, "eps_scale": null, "returncode": 0, "status": "completed"}
Traceback (most recent call last):
  File "<frozen runpy>", line 198, in _run_module_as_main
  File "<frozen runpy>", line 88, in _run_code
  File "/media/data/data/lt/dp-adam-correlated/exp7/search.py", line 147, in <module>
    main()
  File "/media/data/data/lt/dp-adam-correlated/exp7/search.py", line 142, in main
    verify_platform(args.gpus)
  File "/media/data/data/lt/dp-adam-correlated/exp7/search.py", line 65, in verify_platform
    assert row['augmentation_trace_sha256'][0] == reference[row['method']]['augmentation_trace_sha256'][0]
           ^^^^^^^^^^^^^^^^^^^^^^^^^^^^^^^^^^^^^^^^^^^^^^^^^^^^^^^^^^^^^^^^^^^^^^^^^^^^^^^^^^^^^^^^^^^^^^^
AssertionError
ERROR conda.cli.main_run:execute(127): `conda run python -B -m exp7.search --gpus 0 1 2` failed. (See above for error)
{"event": "start", "time": 1791362769.226605, "gpu": 0, "trial_id": "9482ebcb28fb8194", "method": "dp-adam-iid", "seed": 20261001, "lr": 0.00025, "C": 30.0, "eps_scale": null, "pid": 1088274, "smoke": false}
{"event": "start", "time": 1791362769.2275052, "gpu": 1, "trial_id": "efc9b92b4e5b9b19", "method": "dp-adam-iid", "seed": 20261001, "lr": 0.001, "C": 30.0, "eps_scale": null, "pid": 1088275, "smoke": false}
{"event": "start", "time": 1791362769.2283163, "gpu": 2, "trial_id": "534114dec78aa500", "method": "dp-adam-sgd-bandinvmf-scale", "seed": 20261001, "lr": 0.002, "C": 2000000000.0, "eps_scale": 1e-08, "pid": 1088276, "smoke": false}
{"event": "finish", "time": 1791362815.234269, "gpu": 2, "trial_id": "534114dec78aa500", "method": "dp-adam-sgd-bandinvmf-scale", "seed": 20261001, "lr": 0.002, "C": 2000000000.0, "eps_scale": 1e-08, "returncode": 2, "status": "numerical_failure"}
{"event": "start", "time": 1791362815.235368, "gpu": 2, "trial_id": "63ad214cee9866d4", "method": "dp-adam-sgd-bandinvmf-scale", "seed": 20261001, "lr": 0.002, "C": 200000.0, "eps_scale": 0.0001, "pid": 1089172, "smoke": false}
{"event": "finish", "time": 1791362871.2415962, "gpu": 2, "trial_id": "63ad214cee9866d4", "method": "dp-adam-sgd-bandinvmf-scale", "seed": 20261001, "lr": 0.002, "C": 200000.0, "eps_scale": 0.0001, "returncode": 2, "status": "numerical_failure"}
{"event": "start", "time": 1791362871.2425616, "gpu": 2, "trial_id": "71d208bb5f8830d4", "method": "dp-adam-sgd-bandinvmf-scale", "seed": 20261001, "lr": 0.002, "C": 20000.0, "eps_scale": 0.001, "pid": 1089693, "smoke": false}
{"event": "finish", "time": 1791362941.2511156, "gpu": 2, "trial_id": "71d208bb5f8830d4", "method": "dp-adam-sgd-bandinvmf-scale", "seed": 20261001, "lr": 0.002, "C": 20000.0, "eps_scale": 0.001, "returncode": 2, "status": "numerical_failure"}
{"event": "start", "time": 1791362941.2519011, "gpu": 2, "trial_id": "b48890ae35531eb9", "method": "dp-adam-sgd-bandinvmf-scale", "seed": 20261001, "lr": 0.002, "C": 2000.0, "eps_scale": 0.01, "pid": 1090377, "smoke": false}
{"event": "finish", "time": 1791363485.3102884, "gpu": 1, "trial_id": "efc9b92b4e5b9b19", "method": "dp-adam-iid", "seed": 20261001, "lr": 0.001, "C": 30.0, "eps_scale": null, "returncode": 0, "status": "completed"}
{"event": "start", "time": 1791363485.3117712, "gpu": 1, "trial_id": "bedbd49eab9e2df6", "method": "dp-adam-sgd-bandinvmf-scale", "seed": 20261001, "lr": 0.002, "C": 66.66666666666667, "eps_scale": 0.3, "pid": 1093693, "smoke": false}
{"event": "finish", "time": 1791363523.3173118, "gpu": 0, "trial_id": "9482ebcb28fb8194", "method": "dp-adam-iid", "seed": 20261001, "lr": 0.00025, "C": 30.0, "eps_scale": null, "returncode": 0, "status": "completed"}
{"event": "start", "time": 1791363523.3186479, "gpu": 0, "trial_id": "05eda3f99aec192e", "method": "dp-adam-sgd-bandinvmf-scale", "seed": 20261001, "lr": 0.002, "C": 20.0, "eps_scale": 1.0, "pid": 1094165, "smoke": false}
{"event": "finish", "time": 1791363623.3297365, "gpu": 2, "trial_id": "b48890ae35531eb9", "method": "dp-adam-sgd-bandinvmf-scale", "seed": 20261001, "lr": 0.002, "C": 2000.0, "eps_scale": 0.01, "returncode": 0, "status": "completed"}
{"event": "finish", "time": 1791364173.38548, "gpu": 1, "trial_id": "bedbd49eab9e2df6", "method": "dp-adam-sgd-bandinvmf-scale", "seed": 20261001, "lr": 0.002, "C": 66.66666666666667, "eps_scale": 0.3, "returncode": 0, "status": "completed"}
{"event": "finish", "time": 1791364243.3926644, "gpu": 0, "trial_id": "05eda3f99aec192e", "method": "dp-adam-sgd-bandinvmf-scale", "seed": 20261001, "lr": 0.002, "C": 20.0, "eps_scale": 1.0, "returncode": 0, "status": "completed"}
{"event": "start", "time": 1791364243.416207, "gpu": 0, "trial_id": "9637ff32b2ca4713", "method": "dp-adam-sgd-bandinvmf-scale", "seed": 20261001, "lr": 0.002, "C": 1000.0, "eps_scale": 0.01, "pid": 1098309, "smoke": false}
{"event": "start", "time": 1791364243.4169698, "gpu": 1, "trial_id": "d146e6017a9a1d99", "method": "dp-adam-sgd-bandinvmf-scale", "seed": 20261001, "lr": 0.002, "C": 4000.0, "eps_scale": 0.01, "pid": 1098310, "smoke": false}
{"event": "start", "time": 1791364243.417732, "gpu": 2, "trial_id": "a3883f283715f047", "method": "dp-adam-sgd-bandinvmf-scale", "seed": 20261001, "lr": 0.002, "C": 100.0, "eps_scale": 0.1, "pid": 1098311, "smoke": false}
{"event": "finish", "time": 1791364435.4375987, "gpu": 1, "trial_id": "d146e6017a9a1d99", "method": "dp-adam-sgd-bandinvmf-scale", "seed": 20261001, "lr": 0.002, "C": 4000.0, "eps_scale": 0.01, "returncode": 2, "status": "numerical_failure"}
{"event": "start", "time": 1791364435.43889, "gpu": 1, "trial_id": "6d4afccccbf257e9", "method": "dp-adam-sgd-bandinvmf-scale", "seed": 20261001, "lr": 0.002, "C": 400.0, "eps_scale": 0.1, "pid": 1100039, "smoke": false}
{"event": "finish", "time": 1791364929.4930964, "gpu": 2, "trial_id": "a3883f283715f047", "method": "dp-adam-sgd-bandinvmf-scale", "seed": 20261001, "lr": 0.002, "C": 100.0, "eps_scale": 0.1, "returncode": 0, "status": "completed"}
{"event": "start", "time": 1791364929.4945226, "gpu": 2, "trial_id": "849232076c1222de", "method": "dp-adam-sgd-bandinvmf-scale", "seed": 20261001, "lr": 0.002, "C": 33.333333333333336, "eps_scale": 0.3, "pid": 1103610, "smoke": false}
{"event": "finish", "time": 1791364985.5012, "gpu": 0, "trial_id": "9637ff32b2ca4713", "method": "dp-adam-sgd-bandinvmf-scale", "seed": 20261001, "lr": 0.002, "C": 1000.0, "eps_scale": 0.01, "returncode": 0, "status": "completed"}
{"event": "start", "time": 1791364985.502395, "gpu": 0, "trial_id": "805c7b1401a995f3", "method": "dp-adam-sgd-bandinvmf-scale", "seed": 20261001, "lr": 0.002, "C": 133.33333333333334, "eps_scale": 0.3, "pid": 1104292, "smoke": false}
{"event": "finish", "time": 1791365113.5172753, "gpu": 1, "trial_id": "6d4afccccbf257e9", "method": "dp-adam-sgd-bandinvmf-scale", "seed": 20261001, "lr": 0.002, "C": 400.0, "eps_scale": 0.1, "returncode": 0, "status": "completed"}
{"event": "finish", "time": 1791365601.5679579, "gpu": 2, "trial_id": "849232076c1222de", "method": "dp-adam-sgd-bandinvmf-scale", "seed": 20261001, "lr": 0.002, "C": 33.333333333333336, "eps_scale": 0.3, "returncode": 0, "status": "completed"}
{"event": "finish", "time": 1791365705.5790937, "gpu": 0, "trial_id": "805c7b1401a995f3", "method": "dp-adam-sgd-bandinvmf-scale", "seed": 20261001, "lr": 0.002, "C": 133.33333333333334, "eps_scale": 0.3, "returncode": 0, "status": "completed"}
{"event": "start", "time": 1791365705.602997, "gpu": 0, "trial_id": "5ee0325ac4754b61", "method": "dp-adam-sgd-bandinvmf-scale", "seed": 20261001, "lr": 0.0005, "C": 100.0, "eps_scale": 0.1, "pid": 1108854, "smoke": false}
{"event": "start", "time": 1791365705.6038697, "gpu": 1, "trial_id": "5b7f4e72bfe5b4f9", "method": "dp-adam-sgd-bandinvmf-scale", "seed": 20261001, "lr": 0.001, "C": 100.0, "eps_scale": 0.1, "pid": 1108855, "smoke": false}
{"event": "start", "time": 1791365705.604675, "gpu": 2, "trial_id": "f7bc88a1fd937ec8", "method": "dp-adam-sgd-bandinvmf-scale", "seed": 20261001, "lr": 0.003, "C": 100.0, "eps_scale": 0.1, "pid": 1108856, "smoke": false}
{"event": "finish", "time": 1791366375.6755047, "gpu": 1, "trial_id": "5b7f4e72bfe5b4f9", "method": "dp-adam-sgd-bandinvmf-scale", "seed": 20261001, "lr": 0.001, "C": 100.0, "eps_scale": 0.1, "returncode": 0, "status": "completed"}
{"event": "start", "time": 1791366375.676345, "gpu": 1, "trial_id": "2138d43b8e516911", "method": "dp-adam-sgd-bandinvmf-scale", "seed": 20261001, "lr": 0.005, "C": 100.0, "eps_scale": 0.1, "pid": 1113421, "smoke": false}
{"event": "finish", "time": 1791366381.6777263, "gpu": 2, "trial_id": "f7bc88a1fd937ec8", "method": "dp-adam-sgd-bandinvmf-scale", "seed": 20261001, "lr": 0.003, "C": 100.0, "eps_scale": 0.1, "returncode": 0, "status": "completed"}
{"event": "finish", "time": 1791366425.6830723, "gpu": 0, "trial_id": "5ee0325ac4754b61", "method": "dp-adam-sgd-bandinvmf-scale", "seed": 20261001, "lr": 0.0005, "C": 100.0, "eps_scale": 0.1, "returncode": 0, "status": "completed"}
{"event": "finish", "time": 1791367043.7426455, "gpu": 1, "trial_id": "2138d43b8e516911", "method": "dp-adam-sgd-bandinvmf-scale", "seed": 20261001, "lr": 0.005, "C": 100.0, "eps_scale": 0.1, "returncode": 0, "status": "completed"}
{"event": "start", "time": 1791367043.7610369, "gpu": 0, "trial_id": "da4bb2b174e739f3", "method": "dp-adam-sgd-bandinvmf-scale", "seed": 20261001, "lr": 0.002, "C": 50.0, "eps_scale": 0.1, "pid": 1117868, "smoke": false}
{"event": "finish", "time": 1791367765.831004, "gpu": 0, "trial_id": "da4bb2b174e739f3", "method": "dp-adam-sgd-bandinvmf-scale", "seed": 20261001, "lr": 0.002, "C": 50.0, "eps_scale": 0.1, "returncode": 0, "status": "completed"}
