/home/longt29/miniconda3/envs/curve/lib/python3.11/site-packages/torchvision/datasets/cifar.py:83: VisibleDeprecationWarning: dtype(): align should be passed as Python or NumPy boolean but got `align=0`. Did you mean to pass a tuple to create a subarray type? (Deprecated NumPy 2.4)
  entry = pickle.load(f, encoding="latin1")
sys:1: UserWarning: Full backward hook is firing when gradients are computed with respect to module outputs since no inputs require gradients. See https://docs.pytorch.org/docs/main/generated/torch.nn.Module.html#torch.nn.Module.register_full_backward_hook for more details.
{"step": 10, "epoch": 1, "train_loss": 4.611273681640625, "clip_fraction": 0.01, "gradient_norm_mean": 121.03740234375, "gradient_norm_max": 237.97251892089844, "step_seconds": 1.9875861946493387, "innovation_std_sum": 341.91118707283454, "noise_marginal_std_sum": 385.2432239518329}
{"step": 20, "epoch": 1, "train_loss": 4.438915283203125, "clip_fraction": 0.003, "gradient_norm_mean": 111.426658203125, "gradient_norm_max": 205.36619567871094, "step_seconds": 1.992052860558033, "innovation_std_sum": 341.91118707283454, "noise_marginal_std_sum": 385.2432239518329}
{"step": 30, "epoch": 1, "train_loss": 4.301717041015625, "clip_fraction": 0.011, "gradient_norm_mean": 125.341673828125, "gradient_norm_max": 224.78590393066406, "step_seconds": 1.9994784835726023, "innovation_std_sum": 341.91118707283454, "noise_marginal_std_sum": 385.2432239518329}
{"step": 40, "epoch": 1, "train_loss": 4.107748352050781, "clip_fraction": 0.051, "gradient_norm_mean": 143.7060390625, "gradient_norm_max": 294.9367370605469, "step_seconds": 2.0060146283358335, "innovation_std_sum": 341.91118707283454, "noise_marginal_std_sum": 385.2432239518329}
{"epoch": 1, "step": 45, "train_loss": 4.40062288140191, "clip_fraction": 0.07457777777777778, "epsilon": 3.1232761473275077, "accuracy": 0.1496, "validation_loss": 3.7881239135742186, "validation_examples": 5000}
{"step": 50, "epoch": 2, "train_loss": 3.7915834350585937, "clip_fraction": 0.17, "gradient_norm_mean": 167.04691796875, "gradient_norm_max": 336.6787109375, "step_seconds": 2.021322436630726, "innovation_std_sum": 341.91118707283454, "noise_marginal_std_sum": 385.2432239518329}
{"step": 60, "epoch": 2, "train_loss": 3.54940185546875, "clip_fraction": 0.379, "gradient_norm_mean": 191.5930546875, "gradient_norm_max": 661.0389404296875, "step_seconds": 2.0612725988030434, "innovation_std_sum": 341.91118707283454, "noise_marginal_std_sum": 385.2432239518329}
{"step": 70, "epoch": 2, "train_loss": 3.2064722900390623, "clip_fraction": 0.478, "gradient_norm_mean": 202.488046875, "gradient_norm_max": 527.4566040039062, "step_seconds": 2.0520222298800945, "innovation_std_sum": 341.91118707283454, "noise_marginal_std_sum": 385.2432239518329}
{"step": 80, "epoch": 2, "train_loss": 3.0522628173828124, "clip_fraction": 0.559, "gradient_norm_mean": 214.03876171875, "gradient_norm_max": 684.41455078125, "step_seconds": 2.0246113371104, "innovation_std_sum": 341.91118707283454, "noise_marginal_std_sum": 385.2432239518329}
{"step": 90, "epoch": 2, "train_loss": 2.832923645019531, "clip_fraction": 0.615, "gradient_norm_mean": 223.3298046875, "gradient_norm_max": 675.05615234375, "step_seconds": 2.0210271142423153, "innovation_std_sum": 341.91118707283454, "noise_marginal_std_sum": 385.2432239518329}
{"epoch": 2, "step": 90, "train_loss": 3.3396348442925348, "clip_fraction": 0.4329777777777778, "epsilon": 4.650911679155922, "accuracy": 0.4134, "validation_loss": 2.474846826171875, "validation_examples": 5000}
{"step": 100, "epoch": 3, "train_loss": 2.5916964111328125, "clip_fraction": 0.644, "gradient_norm_mean": 227.458890625, "gradient_norm_max": 736.8306884765625, "step_seconds": 2.034609394147992, "innovation_std_sum": 341.91118707283454, "noise_marginal_std_sum": 385.2432239518329}
{"step": 110, "epoch": 3, "train_loss": 2.423751403808594, "clip_fraction": 0.602, "gradient_norm_mean": 226.5776171875, "gradient_norm_max": 1011.7900390625, "step_seconds": 2.019537476822734, "innovation_std_sum": 341.91118707283454, "noise_marginal_std_sum": 385.2432239518329}
{"step": 120, "epoch": 3, "train_loss": 2.322495849609375, "clip_fraction": 0.608, "gradient_norm_mean": 229.95744921875, "gradient_norm_max": 805.239501953125, "step_seconds": 2.0536024756729603, "innovation_std_sum": 341.91118707283454, "noise_marginal_std_sum": 385.2432239518329}
{"step": 130, "epoch": 3, "train_loss": 2.1793151245117186, "clip_fraction": 0.563, "gradient_norm_mean": 225.55809375, "gradient_norm_max": 853.2786865234375, "step_seconds": 2.030634978786111, "innovation_std_sum": 341.91118707283454, "noise_marginal_std_sum": 385.2432239518329}
{"epoch": 3, "step": 135, "train_loss": 2.437878704155816, "clip_fraction": 0.6064444444444445, "epsilon": 5.897166745944286, "accuracy": 0.565, "validation_loss": 1.7707005554199218, "validation_examples": 5000}
{"step": 140, "epoch": 4, "train_loss": 2.1173548889160156, "clip_fraction": 0.583, "gradient_norm_mean": 223.416515625, "gradient_norm_max": 1039.3187255859375, "step_seconds": 2.0215015187859535, "innovation_std_sum": 341.91118707283454, "noise_marginal_std_sum": 385.2432239518329}
{"step": 150, "epoch": 4, "train_loss": 2.087782043457031, "clip_fraction": 0.561, "gradient_norm_mean": 229.62628515625, "gradient_norm_max": 1208.475341796875, "step_seconds": 2.0051195360720158, "innovation_std_sum": 341.91118707283454, "noise_marginal_std_sum": 385.2432239518329}
{"step": 160, "epoch": 4, "train_loss": 2.0453362731933593, "clip_fraction": 0.564, "gradient_norm_mean": 232.13984765625, "gradient_norm_max": 865.154052734375, "step_seconds": 2.0120358541607857, "innovation_std_sum": 341.91118707283454, "noise_marginal_std_sum": 385.2432239518329}
{"step": 170, "epoch": 4, "train_loss": 1.9166310424804687, "clip_fraction": 0.55, "gradient_norm_mean": 224.32076171875, "gradient_norm_max": 1118.779296875, "step_seconds": 2.012246049940586, "innovation_std_sum": 341.91118707283454, "noise_marginal_std_sum": 385.2432239518329}
{"step": 180, "epoch": 4, "train_loss": 1.892131622314453, "clip_fraction": 0.558, "gradient_norm_mean": 223.88421875, "gradient_norm_max": 981.1204833984375, "step_seconds": 2.011415531858802, "innovation_std_sum": 341.91118707283454, "noise_marginal_std_sum": 385.2432239518329}
{"epoch": 4, "step": 180, "train_loss": 2.0121779039171006, "clip_fraction": 0.5646222222222222, "epsilon": 6.9960307474663415, "accuracy": 0.6306, "validation_loss": 1.431287646484375, "validation_examples": 5000}
{"step": 190, "epoch": 5, "train_loss": 1.817501953125, "clip_fraction": 0.555, "gradient_norm_mean": 226.59480859375, "gradient_norm_max": 1037.0560302734375, "step_seconds": 2.011823484674096, "innovation_std_sum": 341.91118707283454, "noise_marginal_std_sum": 385.2432239518329}
{"step": 200, "epoch": 5, "train_loss": 1.8022427062988282, "clip_fraction": 0.559, "gradient_norm_mean": 226.49660546875, "gradient_norm_max": 1174.6226806640625, "step_seconds": 2.0198432095348835, "innovation_std_sum": 341.91118707283454, "noise_marginal_std_sum": 385.2432239518329}
{"step": 210, "epoch": 5, "train_loss": 1.8263179321289063, "clip_fraction": 0.54, "gradient_norm_mean": 225.59400390625, "gradient_norm_max": 1093.6751708984375, "step_seconds": 2.019170556217432, "innovation_std_sum": 341.91118707283454, "noise_marginal_std_sum": 385.2432239518329}
{"step": 220, "epoch": 5, "train_loss": 1.7387608947753905, "clip_fraction": 0.539, "gradient_norm_mean": 228.76190625, "gradient_norm_max": 1035.3095703125, "step_seconds": 2.0420435182750225, "innovation_std_sum": 341.91118707283454, "noise_marginal_std_sum": 385.2432239518329}
{"epoch": 5, "step": 225, "train_loss": 1.78375599093967, "clip_fraction": 0.5378, "epsilon": 8.000000000000005, "accuracy": 0.6728, "validation_loss": 1.2404512573242188, "validation_examples": 5000}
