Loading weights:   0%|          | 0/39 [00:00<?, ?it/s]Loading weights: 100%|██████████| 39/39 [00:00<00:00, 8216.69it/s]
[transformers] [1mBertModel LOAD REPORT[0m from: /media/data/data/lt/dp-adam-correlated/cache/bert-tiny
Key                                        | Status     |  | 
-------------------------------------------+------------+--+-
cls.predictions.transform.LayerNorm.weight | UNEXPECTED |  | 
cls.predictions.transform.dense.weight     | UNEXPECTED |  | 
cls.predictions.decoder.weight             | UNEXPECTED |  | 
cls.predictions.bias                       | UNEXPECTED |  | 
cls.predictions.transform.LayerNorm.bias   | UNEXPECTED |  | 
cls.predictions.transform.dense.bias       | UNEXPECTED |  | 
cls.seq_relationship.weight                | UNEXPECTED |  | 
cls.seq_relationship.bias                  | UNEXPECTED |  | 
cls.predictions.decoder.bias               | UNEXPECTED |  | 

Notes:
- UNEXPECTED:	can be ignored when loading from different task/architecture; not ok if you expect identical arch.
sys:1: UserWarning: Full backward hook is firing when gradients are computed with respect to module outputs since no inputs require gradients. See https://docs.pytorch.org/docs/main/generated/torch.nn.Module.html#torch.nn.Module.register_full_backward_hook for more details.
{"step": 10, "epoch": 1, "train_loss": 0.933038818359375, "clip_fraction": 1.0, "gradient_norm_mean": 878.7905, "gradient_norm_max": 2528.895751953125, "step_seconds": 0.12312088161706924, "innovation_std_sum": 170.95481450824957, "noise_marginal_std_sum": 192.6207342177903}
{"step": 20, "epoch": 1, "train_loss": 1.5361861572265625, "clip_fraction": 0.502, "gradient_norm_mean": 1061.354, "gradient_norm_max": 4396.20703125, "step_seconds": 0.12373063899576664, "innovation_std_sum": 170.95481450824957, "noise_marginal_std_sum": 192.6207342177903}
{"step": 30, "epoch": 1, "train_loss": 1.380544677734375, "clip_fraction": 0.795, "gradient_norm_mean": 1501.31925, "gradient_norm_max": 6124.15625, "step_seconds": 0.2584481779485941, "innovation_std_sum": 170.95481450824957, "noise_marginal_std_sum": 192.6207342177903}
{"step": 40, "epoch": 1, "train_loss": 1.474229248046875, "clip_fraction": 0.693, "gradient_norm_mean": 1998.217125, "gradient_norm_max": 10139.0009765625, "step_seconds": 0.26319780573248863, "innovation_std_sum": 170.95481450824957, "noise_marginal_std_sum": 192.6207342177903}
{"step": 50, "epoch": 1, "train_loss": 1.4032115478515625, "clip_fraction": 0.744, "gradient_norm_mean": 3213.2855, "gradient_norm_max": 13342.7099609375, "step_seconds": 0.2642680983990431, "innovation_std_sum": 170.95481450824957, "noise_marginal_std_sum": 192.6207342177903}
{"step": 60, "epoch": 1, "train_loss": 1.0028689575195313, "clip_fraction": 0.863, "gradient_norm_mean": 4667.7, "gradient_norm_max": 21216.1328125, "step_seconds": 0.26304216869175434, "innovation_std_sum": 170.95481450824957, "noise_marginal_std_sum": 192.6207342177903}
{"epoch": 1, "step": 62, "train_loss": 1.2635407222624748, "clip_fraction": 0.7806612903225807, "epsilon": 3.1232923300753557, "accuracy": 0.6431108618433352, "validation_loss": 0.7911689930885701, "validation_examples": 5349}
{"step": 70, "epoch": 2, "train_loss": 1.0101568603515625, "clip_fraction": 0.744, "gradient_norm_mean": 5831.691, "gradient_norm_max": 29996.939453125, "step_seconds": 0.26571542769670486, "innovation_std_sum": 170.95481450824957, "noise_marginal_std_sum": 192.6207342177903}
{"step": 80, "epoch": 2, "train_loss": 0.7698508911132812, "clip_fraction": 0.847, "gradient_norm_mean": 5844.1105, "gradient_norm_max": 46143.6953125, "step_seconds": 0.2645098343491554, "innovation_std_sum": 170.95481450824957, "noise_marginal_std_sum": 192.6207342177903}
{"step": 90, "epoch": 2, "train_loss": 0.9310328369140625, "clip_fraction": 0.677, "gradient_norm_mean": 7293.4735, "gradient_norm_max": 54487.85546875, "step_seconds": 0.25573501363396645, "innovation_std_sum": 170.95481450824957, "noise_marginal_std_sum": 192.6207342177903}
{"step": 100, "epoch": 2, "train_loss": 1.028538330078125, "clip_fraction": 0.599, "gradient_norm_mean": 9544.122, "gradient_norm_max": 74152.3046875, "step_seconds": 0.2584238853305578, "innovation_std_sum": 170.95481450824957, "noise_marginal_std_sum": 192.6207342177903}
{"step": 110, "epoch": 2, "train_loss": 1.076942138671875, "clip_fraction": 0.528, "gradient_norm_mean": 10245.446, "gradient_norm_max": 111542.1875, "step_seconds": 0.25838483683764935, "innovation_std_sum": 170.95481450824957, "noise_marginal_std_sum": 192.6207342177903}
{"step": 120, "epoch": 2, "train_loss": 1.03387353515625, "clip_fraction": 0.513, "gradient_norm_mean": 9648.321, "gradient_norm_max": 91001.1171875, "step_seconds": 0.2609755154699087, "innovation_std_sum": 170.95481450824957, "noise_marginal_std_sum": 192.6207342177903}
{"epoch": 2, "step": 124, "train_loss": 0.9580518857894406, "clip_fraction": 0.675741935483871, "epsilon": 4.65092091490115, "accuracy": 0.7532249018508133, "validation_loss": 1.1698953454172216, "validation_examples": 5349}
{"step": 130, "epoch": 3, "train_loss": 1.039248046875, "clip_fraction": 0.5, "gradient_norm_mean": 10684.104, "gradient_norm_max": 94964.0546875, "step_seconds": 0.2584148980677128, "innovation_std_sum": 170.95481450824957, "noise_marginal_std_sum": 192.6207342177903}
{"step": 140, "epoch": 3, "train_loss": 1.1294825439453124, "clip_fraction": 0.495, "gradient_norm_mean": 11316.439, "gradient_norm_max": 116793.234375, "step_seconds": 0.2631754223257303, "innovation_std_sum": 170.95481450824957, "noise_marginal_std_sum": 192.6207342177903}
{"step": 150, "epoch": 3, "train_loss": 1.12323583984375, "clip_fraction": 0.478, "gradient_norm_mean": 10410.18, "gradient_norm_max": 129513.96875, "step_seconds": 0.2638659756630659, "innovation_std_sum": 170.95481450824957, "noise_marginal_std_sum": 192.6207342177903}
{"step": 160, "epoch": 3, "train_loss": 1.11870751953125, "clip_fraction": 0.489, "gradient_norm_mean": 10835.534, "gradient_norm_max": 115608.46875, "step_seconds": 0.2623502016067505, "innovation_std_sum": 170.95481450824957, "noise_marginal_std_sum": 192.6207342177903}
{"step": 170, "epoch": 3, "train_loss": 1.1368876953125, "clip_fraction": 0.471, "gradient_norm_mean": 10476.585, "gradient_norm_max": 113066.8671875, "step_seconds": 0.26056450232863426, "innovation_std_sum": 170.95481450824957, "noise_marginal_std_sum": 192.6207342177903}
{"step": 180, "epoch": 3, "train_loss": 1.1539654541015625, "clip_fraction": 0.476, "gradient_norm_mean": 10377.4, "gradient_norm_max": 152268.609375, "step_seconds": 0.26145828887820244, "innovation_std_sum": 170.95481450824957, "noise_marginal_std_sum": 192.6207342177903}
{"epoch": 3, "step": 186, "train_loss": 1.0558079174410913, "clip_fraction": 0.4815967741935484, "epsilon": 5.8971720333737725, "accuracy": 0.7743503458590391, "validation_loss": 1.071902430019639, "validation_examples": 5349}
{"step": 190, "epoch": 4, "train_loss": 0.9062093505859375, "clip_fraction": 0.47, "gradient_norm_mean": 10321.139, "gradient_norm_max": 132612.6875, "step_seconds": 0.2632919568568468, "innovation_std_sum": 170.95481450824957, "noise_marginal_std_sum": 192.6207342177903}
{"step": 200, "epoch": 4, "train_loss": 1.004475830078125, "clip_fraction": 0.473, "gradient_norm_mean": 10058.692, "gradient_norm_max": 123751.4921875, "step_seconds": 0.26114869862794876, "innovation_std_sum": 170.95481450824957, "noise_marginal_std_sum": 192.6207342177903}
{"step": 210, "epoch": 4, "train_loss": 1.054336181640625, "clip_fraction": 0.461, "gradient_norm_mean": 10395.11, "gradient_norm_max": 144098.0, "step_seconds": 0.2630327958613634, "innovation_std_sum": 170.95481450824957, "noise_marginal_std_sum": 192.6207342177903}
{"step": 220, "epoch": 4, "train_loss": 0.9383973388671875, "clip_fraction": 0.449, "gradient_norm_mean": 8748.441, "gradient_norm_max": 137907.71875, "step_seconds": 0.2637443542480469, "innovation_std_sum": 170.95481450824957, "noise_marginal_std_sum": 192.6207342177903}
{"step": 230, "epoch": 4, "train_loss": 1.04549365234375, "clip_fraction": 0.44, "gradient_norm_mean": 9820.06, "gradient_norm_max": 98517.953125, "step_seconds": 0.2670270372182131, "innovation_std_sum": 170.95481450824957, "noise_marginal_std_sum": 192.6207342177903}
{"step": 240, "epoch": 4, "train_loss": 0.9988724365234375, "clip_fraction": 0.432, "gradient_norm_mean": 8949.145, "gradient_norm_max": 123386.2578125, "step_seconds": 0.2610077727586031, "innovation_std_sum": 170.95481450824957, "noise_marginal_std_sum": 192.6207342177903}
{"epoch": 4, "step": 248, "train_loss": 0.9978933341733871, "clip_fraction": 0.4413548387096774, "epsilon": 6.99603312968092, "accuracy": 0.7878108057580856, "validation_loss": 1.021978171835839, "validation_examples": 5349}
{"step": 250, "epoch": 5, "train_loss": 1.0865396728515626, "clip_fraction": 0.412, "gradient_norm_mean": 8913.949, "gradient_norm_max": 132921.046875, "step_seconds": 0.2619442008435726, "innovation_std_sum": 170.95481450824957, "noise_marginal_std_sum": 192.6207342177903}
{"step": 260, "epoch": 5, "train_loss": 1.0608134765625, "clip_fraction": 0.423, "gradient_norm_mean": 8740.41, "gradient_norm_max": 121927.09375, "step_seconds": 0.26294106617569923, "innovation_std_sum": 170.95481450824957, "noise_marginal_std_sum": 192.6207342177903}
{"step": 270, "epoch": 5, "train_loss": 0.92466259765625, "clip_fraction": 0.394, "gradient_norm_mean": 8868.356, "gradient_norm_max": 177309.90625, "step_seconds": 0.2662311978638172, "innovation_std_sum": 170.95481450824957, "noise_marginal_std_sum": 192.6207342177903}
{"step": 280, "epoch": 5, "train_loss": 0.9768690795898437, "clip_fraction": 0.408, "gradient_norm_mean": 9605.962, "gradient_norm_max": 205890.375, "step_seconds": 0.26700325310230255, "innovation_std_sum": 170.95481450824957, "noise_marginal_std_sum": 192.6207342177903}
{"step": 290, "epoch": 5, "train_loss": 0.9421678466796874, "clip_fraction": 0.394, "gradient_norm_mean": 8664.874, "gradient_norm_max": 115883.4765625, "step_seconds": 0.26692213863134384, "innovation_std_sum": 170.95481450824957, "noise_marginal_std_sum": 192.6207342177903}
{"step": 300, "epoch": 5, "train_loss": 0.8710115966796875, "clip_fraction": 0.382, "gradient_norm_mean": 8898.646, "gradient_norm_max": 161038.28125, "step_seconds": 0.26708062924444675, "innovation_std_sum": 170.95481450824957, "noise_marginal_std_sum": 192.6207342177903}
{"step": 310, "epoch": 5, "train_loss": 1.028630126953125, "clip_fraction": 0.408, "gradient_norm_mean": 9000.02, "gradient_norm_max": 162874.65625, "step_seconds": 0.2664259448647499, "innovation_std_sum": 170.95481450824957, "noise_marginal_std_sum": 192.6207342177903}
{"epoch": 5, "step": 310, "train_loss": 0.965346934656943, "clip_fraction": 0.4053548387096774, "epsilon": 8.000000000000005, "accuracy": 0.7960366423630585, "validation_loss": 0.9750002113808692, "validation_examples": 5349}
