/home/longt29/miniconda3/envs/curve/lib/python3.11/site-packages/torchvision/datasets/cifar.py:83: VisibleDeprecationWarning: dtype(): align should be passed as Python or NumPy boolean but got `align=0`. Did you mean to pass a tuple to create a subarray type? (Deprecated NumPy 2.4)
  entry = pickle.load(f, encoding="latin1")
{"method": "dp-adam-momentum-bias-bandinvmf-scale", "smoke": false, "calibration": {"target_mu": 1.6660305978457184, "sensitivity": 4.065608121489227, "innovation_std_sum": 244.02961906860006, "adjacency": "add_remove_zero_out", "k": 5, "b_participation": 50, "sampling_amplification": false}, "coefficients": [1.0, -0.53161943769869, -0.0779998119461293, -0.2795535556950146]}
sys:1: UserWarning: Full backward hook is firing when gradients are computed with respect to module outputs since no inputs require gradients. See https://docs.pytorch.org/docs/main/generated/torch.nn.Module.html#torch.nn.Module.register_full_backward_hook for more details.
{"progress_step": 10, "epoch": 1, "train_loss_so_far": 4.687416821289062, "clip_fraction_so_far": 1.0}
{"progress_step": 20, "epoch": 1, "train_loss_so_far": 4.395799649047851, "clip_fraction_so_far": 1.0}
{"progress_step": 30, "epoch": 1, "train_loss_so_far": 4.103053310139974, "clip_fraction_so_far": 0.9999666666666667}
{"progress_step": 40, "epoch": 1, "train_loss_so_far": 3.8356375915527345, "clip_fraction_so_far": 0.99935}
{"progress_step": 50, "epoch": 1, "train_loss_so_far": 3.60462052734375, "clip_fraction_so_far": 0.99804}
{"epoch": 1, "logical_steps": 50, "train_examples": 50000, "train_loss": 3.60462052734375, "test_loss": 2.1558732971191406, "test_top1": 0.4442, "clip_fraction": 0.99804, "gdp_mu": 0.7271304784322894, "gdp_epsilon": 3.037976902428691, "target_mu": 1.6660305978457184, "target_epsilon": 8.0, "delta": 1e-05, "noise_std": 0.2853011411343001, "noise_std_space": "scaled", "innovation_std_sum": 244.02961906860006, "augmentation_trace_sha256": "53289bbf8c09b2bf7ccecc20b176a72c4ac2d432407c7d90dcdb95128404cce6", "seconds": 144.60512393526733}
{"progress_step": 60, "epoch": 2, "train_loss_so_far": 2.4009601318359377, "clip_fraction_so_far": 0.9861}
{"progress_step": 70, "epoch": 2, "train_loss_so_far": 2.29978341217041, "clip_fraction_so_far": 0.9777}
{"progress_step": 80, "epoch": 2, "train_loss_so_far": 2.202654376220703, "clip_fraction_so_far": 0.9677666666666667}
{"progress_step": 90, "epoch": 2, "train_loss_so_far": 2.1303266357421875, "clip_fraction_so_far": 0.9578}
{"progress_step": 100, "epoch": 2, "train_loss_so_far": 2.070640913696289, "clip_fraction_so_far": 0.94802}
{"epoch": 2, "logical_steps": 100, "train_examples": 50000, "train_loss": 2.070640913696289, "test_loss": 1.2886100494384765, "test_top1": 0.6411, "clip_fraction": 0.94802, "gdp_mu": 1.0438331619280494, "gdp_epsilon": 4.600416946348178, "target_mu": 1.6660305978457184, "target_epsilon": 8.0, "delta": 1e-05, "noise_std": 0.2853011411343001, "noise_std_space": "scaled", "innovation_std_sum": 244.02961906860006, "augmentation_trace_sha256": "c05c31e91768388ea5e6e704f5f7e9b99916875b88b7742e3cf33a3c245bbb77", "seconds": 132.91409336030483}
{"progress_step": 110, "epoch": 3, "train_loss_so_far": 1.751795654296875, "clip_fraction_so_far": 0.8848}
{"progress_step": 120, "epoch": 3, "train_loss_so_far": 1.7065977401733399, "clip_fraction_so_far": 0.87675}
{"progress_step": 130, "epoch": 3, "train_loss_so_far": 1.6604645904541016, "clip_fraction_so_far": 0.8660333333333333}
{"progress_step": 140, "epoch": 3, "train_loss_so_far": 1.6335966384887695, "clip_fraction_so_far": 0.85675}
{"progress_step": 150, "epoch": 3, "train_loss_so_far": 1.6115936730957032, "clip_fraction_so_far": 0.84946}
{"epoch": 3, "logical_steps": 150, "train_examples": 50000, "train_loss": 1.6115936730957032, "test_loss": 0.9857292922973633, "test_top1": 0.7107, "clip_fraction": 0.84946, "gdp_mu": 1.2851399415460758, "gdp_epsilon": 5.868262919898993, "target_mu": 1.6660305978457184, "target_epsilon": 8.0, "delta": 1e-05, "noise_std": 0.2853011411343001, "noise_std_space": "scaled", "innovation_std_sum": 244.02961906860006, "augmentation_trace_sha256": "7f6e623f16edd6ae586477bcc36997e8e1cf67a3d34ca78f394b9166a552b9dc", "seconds": 134.99178615771234}
{"progress_step": 160, "epoch": 4, "train_loss_so_far": 1.4927646850585938, "clip_fraction_so_far": 0.8012}
{"progress_step": 170, "epoch": 4, "train_loss_so_far": 1.4754107299804688, "clip_fraction_so_far": 0.79695}
{"progress_step": 180, "epoch": 4, "train_loss_so_far": 1.450040594482422, "clip_fraction_so_far": 0.7896}
{"progress_step": 190, "epoch": 4, "train_loss_so_far": 1.437745581817627, "clip_fraction_so_far": 0.7827}
{"progress_step": 200, "epoch": 4, "train_loss_so_far": 1.425383316040039, "clip_fraction_so_far": 0.77692}
{"epoch": 4, "logical_steps": 200, "train_examples": 50000, "train_loss": 1.425383316040039, "test_loss": 0.8392823760986328, "test_top1": 0.7479, "clip_fraction": 0.77692, "gdp_mu": 1.4878241288541523, "gdp_epsilon": 6.983019766523851, "target_mu": 1.6660305978457184, "target_epsilon": 8.0, "delta": 1e-05, "noise_std": 0.2853011411343001, "noise_std_space": "scaled", "innovation_std_sum": 244.02961906860006, "augmentation_trace_sha256": "abade32e9ee0447292b54b758538d2bf0f03f23e96021682c57d1e38b5075007", "seconds": 131.62287576682866}
{"progress_step": 210, "epoch": 5, "train_loss_so_far": 1.3793263092041015, "clip_fraction_so_far": 0.7491}
{"progress_step": 220, "epoch": 5, "train_loss_so_far": 1.3666996017456055, "clip_fraction_so_far": 0.741}
{"progress_step": 230, "epoch": 5, "train_loss_so_far": 1.3614417694091796, "clip_fraction_so_far": 0.7331}
{"progress_step": 240, "epoch": 5, "train_loss_so_far": 1.3434820220947266, "clip_fraction_so_far": 0.72705}
{"progress_step": 250, "epoch": 5, "train_loss_so_far": 1.3411261315917968, "clip_fraction_so_far": 0.72366}
{"epoch": 5, "logical_steps": 250, "train_examples": 50000, "train_loss": 1.3411261315917968, "test_loss": 0.7719722854614258, "test_top1": 0.7655, "clip_fraction": 0.72366, "gdp_mu": 1.6660305978457184, "gdp_epsilon": 8.000000000000005, "target_mu": 1.6660305978457184, "target_epsilon": 8.0, "delta": 1e-05, "noise_std": 0.2853011411343001, "noise_std_space": "scaled", "innovation_std_sum": 244.02961906860006, "augmentation_trace_sha256": "31fdc33111e9e65d3180131955e28c04e682472efd9d2a38da1bea02ac12430c", "seconds": 131.516854647547}
{"status": "completed", "results": "/media/data/data/lt/dp-adam-correlated/exp7b/results/final/trials/d72eb24747bdfca7"}
