/home/longt29/miniconda3/envs/curve/lib/python3.11/site-packages/torchvision/datasets/cifar.py:83: VisibleDeprecationWarning: dtype(): align should be passed as Python or NumPy boolean but got `align=0`. Did you mean to pass a tuple to create a subarray type? (Deprecated NumPy 2.4)
  entry = pickle.load(f, encoding="latin1")
sys:1: UserWarning: Full backward hook is firing when gradients are computed with respect to module outputs since no inputs require gradients. See https://docs.pytorch.org/docs/main/generated/torch.nn.Module.html#torch.nn.Module.register_full_backward_hook for more details.
{"step": 10, "epoch": 1, "train_loss": 4.189828369140625, "clip_fraction": 1.0, "gradient_norm_mean": 74.641583984375, "gradient_norm_max": 139.18606567382812, "step_seconds": 2.1781787388026714, "innovation_std_sum": 51.286678060925176, "noise_marginal_std_sum": 57.78648359277493}
{"step": 20, "epoch": 1, "train_loss": 3.5577950439453123, "clip_fraction": 0.996, "gradient_norm_mean": 109.5913515625, "gradient_norm_max": 257.4742431640625, "step_seconds": 2.1795600969344378, "innovation_std_sum": 51.286678060925176, "noise_marginal_std_sum": 57.78648359277493}
{"step": 30, "epoch": 1, "train_loss": 3.1449531860351563, "clip_fraction": 0.992, "gradient_norm_mean": 129.0506328125, "gradient_norm_max": 367.04522705078125, "step_seconds": 2.1813904214650393, "innovation_std_sum": 51.286678060925176, "noise_marginal_std_sum": 57.78648359277493}
{"step": 40, "epoch": 1, "train_loss": 3.058935302734375, "clip_fraction": 0.985, "gradient_norm_mean": 139.17566796875, "gradient_norm_max": 427.484619140625, "step_seconds": 2.191611211746931, "innovation_std_sum": 51.286678060925176, "noise_marginal_std_sum": 57.78648359277493}
{"epoch": 1, "step": 45, "train_loss": 3.6224632785373263, "clip_fraction": 0.9929333333333333, "epsilon": 3.1232761473275064, "accuracy": 0.3308, "validation_loss": 2.5450181030273438, "validation_examples": 5000}
{"step": 50, "epoch": 2, "train_loss": 2.837538146972656, "clip_fraction": 0.966, "gradient_norm_mean": 136.819609375, "gradient_norm_max": 403.78460693359375, "step_seconds": 2.157248442992568, "innovation_std_sum": 51.286678060925176, "noise_marginal_std_sum": 57.78648359277493}
{"step": 60, "epoch": 2, "train_loss": 2.8474346923828127, "clip_fraction": 0.972, "gradient_norm_mean": 140.89773046875, "gradient_norm_max": 353.86907958984375, "step_seconds": 2.1687000188976526, "innovation_std_sum": 51.286678060925176, "noise_marginal_std_sum": 57.78648359277493}
{"step": 70, "epoch": 2, "train_loss": 2.6907324829101564, "clip_fraction": 0.949, "gradient_norm_mean": 139.40765234375, "gradient_norm_max": 572.7329711914062, "step_seconds": 2.1935826167464256, "innovation_std_sum": 51.286678060925176, "noise_marginal_std_sum": 57.78648359277493}
{"step": 80, "epoch": 2, "train_loss": 2.8315034790039064, "clip_fraction": 0.951, "gradient_norm_mean": 154.7251484375, "gradient_norm_max": 452.6980285644531, "step_seconds": 2.1937430948019028, "innovation_std_sum": 51.286678060925176, "noise_marginal_std_sum": 57.78648359277493}
{"step": 90, "epoch": 2, "train_loss": 2.7108875732421875, "clip_fraction": 0.949, "gradient_norm_mean": 150.87395703125, "gradient_norm_max": 419.52606201171875, "step_seconds": 2.1874708738178015, "innovation_std_sum": 51.286678060925176, "noise_marginal_std_sum": 57.78648359277493}
{"epoch": 2, "step": 90, "train_loss": 2.769073402235243, "clip_fraction": 0.9578, "epsilon": 4.650911679155922, "accuracy": 0.4016, "validation_loss": 2.221157470703125, "validation_examples": 5000}
{"step": 100, "epoch": 3, "train_loss": 2.6682304077148435, "clip_fraction": 0.944, "gradient_norm_mean": 156.738609375, "gradient_norm_max": 377.7850341796875, "step_seconds": 2.1874459348618984, "innovation_std_sum": 51.286678060925176, "noise_marginal_std_sum": 57.78648359277493}
{"step": 110, "epoch": 3, "train_loss": 2.5830293579101564, "clip_fraction": 0.944, "gradient_norm_mean": 152.155109375, "gradient_norm_max": 405.1152038574219, "step_seconds": 2.1791661586612463, "innovation_std_sum": 51.286678060925176, "noise_marginal_std_sum": 57.78648359277493}
{"step": 120, "epoch": 3, "train_loss": 2.6343322143554686, "clip_fraction": 0.921, "gradient_norm_mean": 158.80375390625, "gradient_norm_max": 484.015625, "step_seconds": 2.191196534782648, "innovation_std_sum": 51.286678060925176, "noise_marginal_std_sum": 57.78648359277493}
{"step": 130, "epoch": 3, "train_loss": 2.582428466796875, "clip_fraction": 0.934, "gradient_norm_mean": 157.12540234375, "gradient_norm_max": 468.0704650878906, "step_seconds": 2.2030253764241934, "innovation_std_sum": 51.286678060925176, "noise_marginal_std_sum": 57.78648359277493}
{"epoch": 3, "step": 135, "train_loss": 2.619806468370226, "clip_fraction": 0.9353333333333333, "epsilon": 5.897166745944286, "accuracy": 0.4174, "validation_loss": 2.1825171264648437, "validation_examples": 5000}
{"step": 140, "epoch": 4, "train_loss": 2.6301254272460937, "clip_fraction": 0.94, "gradient_norm_mean": 152.0461875, "gradient_norm_max": 381.6975402832031, "step_seconds": 2.1733367554843426, "innovation_std_sum": 51.286678060925176, "noise_marginal_std_sum": 57.78648359277493}
{"step": 150, "epoch": 4, "train_loss": 2.67081787109375, "clip_fraction": 0.933, "gradient_norm_mean": 160.55408203125, "gradient_norm_max": 423.3426208496094, "step_seconds": 2.19208044372499, "innovation_std_sum": 51.286678060925176, "noise_marginal_std_sum": 57.78648359277493}
{"step": 160, "epoch": 4, "train_loss": 2.586253356933594, "clip_fraction": 0.919, "gradient_norm_mean": 153.8498515625, "gradient_norm_max": 432.3124694824219, "step_seconds": 2.18241224065423, "innovation_std_sum": 51.286678060925176, "noise_marginal_std_sum": 57.78648359277493}
{"step": 170, "epoch": 4, "train_loss": 2.66491357421875, "clip_fraction": 0.936, "gradient_norm_mean": 160.72194140625, "gradient_norm_max": 430.81219482421875, "step_seconds": 2.1867655366659164, "innovation_std_sum": 51.286678060925176, "noise_marginal_std_sum": 57.78648359277493}
{"step": 180, "epoch": 4, "train_loss": 2.612898681640625, "clip_fraction": 0.922, "gradient_norm_mean": 158.2737890625, "gradient_norm_max": 476.19586181640625, "step_seconds": 2.1784692518413067, "innovation_std_sum": 51.286678060925176, "noise_marginal_std_sum": 57.78648359277493}
{"epoch": 4, "step": 180, "train_loss": 2.6195598619249134, "clip_fraction": 0.9311111111111111, "epsilon": 6.996030747466345, "accuracy": 0.4178, "validation_loss": 2.2133109191894533, "validation_examples": 5000}
{"step": 190, "epoch": 5, "train_loss": 2.623591491699219, "clip_fraction": 0.925, "gradient_norm_mean": 159.68526953125, "gradient_norm_max": 408.0533752441406, "step_seconds": 2.1783415116369724, "innovation_std_sum": 51.286678060925176, "noise_marginal_std_sum": 57.78648359277493}
{"step": 200, "epoch": 5, "train_loss": 2.7122216186523436, "clip_fraction": 0.928, "gradient_norm_mean": 162.74643359375, "gradient_norm_max": 439.6167297363281, "step_seconds": 2.1917962562292814, "innovation_std_sum": 51.286678060925176, "noise_marginal_std_sum": 57.78648359277493}
{"step": 210, "epoch": 5, "train_loss": 2.664942810058594, "clip_fraction": 0.923, "gradient_norm_mean": 161.841125, "gradient_norm_max": 393.46014404296875, "step_seconds": 2.1923584323376417, "innovation_std_sum": 51.286678060925176, "noise_marginal_std_sum": 57.78648359277493}
{"step": 220, "epoch": 5, "train_loss": 2.667219543457031, "clip_fraction": 0.941, "gradient_norm_mean": 158.6325, "gradient_norm_max": 460.0144958496094, "step_seconds": 2.2002911530435085, "innovation_std_sum": 51.286678060925176, "noise_marginal_std_sum": 57.78648359277493}
{"epoch": 5, "step": 225, "train_loss": 2.627271148003472, "clip_fraction": 0.93, "epsilon": 8.000000000000005, "accuracy": 0.412, "validation_loss": 2.241048828125, "validation_examples": 5000}
