/home/longt29/miniconda3/envs/curve/lib/python3.11/site-packages/torchvision/datasets/cifar.py:83: VisibleDeprecationWarning: dtype(): align should be passed as Python or NumPy boolean but got `align=0`. Did you mean to pass a tuple to create a subarray type? (Deprecated NumPy 2.4)
  entry = pickle.load(f, encoding="latin1")
sys:1: UserWarning: Full backward hook is firing when gradients are computed with respect to module outputs since no inputs require gradients. See https://docs.pytorch.org/docs/main/generated/torch.nn.Module.html#torch.nn.Module.register_full_backward_hook for more details.
{"step": 10, "epoch": 1, "train_loss": 4.425125610351563, "clip_fraction": 0.0, "gradient_norm_mean": 86.245833984375, "gradient_norm_max": 173.2245330810547, "step_seconds": 2.0079876240342855, "innovation_std_sum": 481.51987677654046, "noise_marginal_std_sum": 563.3284436196507}
{"step": 20, "epoch": 1, "train_loss": 3.98248876953125, "clip_fraction": 0.055, "gradient_norm_mean": 144.81970703125, "gradient_norm_max": 311.99871826171875, "step_seconds": 2.0122737921774387, "innovation_std_sum": 481.51987677654046, "noise_marginal_std_sum": 563.3284436196507}
{"step": 30, "epoch": 1, "train_loss": 3.3912561645507813, "clip_fraction": 0.244, "gradient_norm_mean": 175.75590625, "gradient_norm_max": 447.60968017578125, "step_seconds": 2.008949391543865, "innovation_std_sum": 481.51987677654046, "noise_marginal_std_sum": 563.3284436196507}
{"step": 40, "epoch": 1, "train_loss": 2.985219299316406, "clip_fraction": 0.431, "gradient_norm_mean": 198.16050390625, "gradient_norm_max": 528.9654541015625, "step_seconds": 2.013755850493908, "innovation_std_sum": 481.51987677654046, "noise_marginal_std_sum": 563.3284436196507}
{"epoch": 1, "step": 45, "train_loss": 3.7803492065429687, "clip_fraction": 0.19248888888888888, "epsilon": 3.0297011451528837, "accuracy": 0.3992, "validation_loss": 2.3088583374023437, "validation_examples": 5000}
{"step": 50, "epoch": 2, "train_loss": 2.539051025390625, "clip_fraction": 0.409, "gradient_norm_mean": 190.768375, "gradient_norm_max": 536.2804565429688, "step_seconds": 1.9948632549494505, "innovation_std_sum": 481.51987677654046, "noise_marginal_std_sum": 563.3284436196507}
{"step": 60, "epoch": 2, "train_loss": 2.4200718383789064, "clip_fraction": 0.427, "gradient_norm_mean": 192.07133203125, "gradient_norm_max": 746.7854614257812, "step_seconds": 2.0029600393027067, "innovation_std_sum": 481.51987677654046, "noise_marginal_std_sum": 563.3284436196507}
{"step": 70, "epoch": 2, "train_loss": 2.1596343994140623, "clip_fraction": 0.385, "gradient_norm_mean": 184.6271328125, "gradient_norm_max": 711.4658813476562, "step_seconds": 2.0114551167935133, "innovation_std_sum": 481.51987677654046, "noise_marginal_std_sum": 563.3284436196507}
{"step": 80, "epoch": 2, "train_loss": 2.163626708984375, "clip_fraction": 0.451, "gradient_norm_mean": 196.75572265625, "gradient_norm_max": 1255.930419921875, "step_seconds": 2.0146416537463665, "innovation_std_sum": 481.51987677654046, "noise_marginal_std_sum": 563.3284436196507}
{"step": 90, "epoch": 2, "train_loss": 2.0049080200195313, "clip_fraction": 0.447, "gradient_norm_mean": 188.4780703125, "gradient_norm_max": 592.3631591796875, "step_seconds": 2.012724794447422, "innovation_std_sum": 481.51987677654046, "noise_marginal_std_sum": 563.3284436196507}
{"epoch": 2, "step": 90, "train_loss": 2.267863532172309, "clip_fraction": 0.41706666666666664, "epsilon": 4.5953206372907065, "accuracy": 0.5754, "validation_loss": 1.4904885009765625, "validation_examples": 5000}
{"step": 100, "epoch": 3, "train_loss": 1.8283528442382813, "clip_fraction": 0.384, "gradient_norm_mean": 178.39134765625, "gradient_norm_max": 898.5488891601562, "step_seconds": 2.00111429952085, "innovation_std_sum": 481.51987677654046, "noise_marginal_std_sum": 563.3284436196507}
{"step": 110, "epoch": 3, "train_loss": 1.7907251586914064, "clip_fraction": 0.426, "gradient_norm_mean": 183.49428515625, "gradient_norm_max": 820.4238891601562, "step_seconds": 2.0155706088989973, "innovation_std_sum": 481.51987677654046, "noise_marginal_std_sum": 563.3284436196507}
{"step": 120, "epoch": 3, "train_loss": 1.7465122985839843, "clip_fraction": 0.426, "gradient_norm_mean": 181.1948828125, "gradient_norm_max": 714.0903930664062, "step_seconds": 2.0302588511258364, "innovation_std_sum": 481.51987677654046, "noise_marginal_std_sum": 563.3284436196507}
{"step": 130, "epoch": 3, "train_loss": 1.7307127685546875, "clip_fraction": 0.408, "gradient_norm_mean": 177.2085703125, "gradient_norm_max": 613.0671997070312, "step_seconds": 2.0243450086563826, "innovation_std_sum": 481.51987677654046, "noise_marginal_std_sum": 563.3284436196507}
{"epoch": 3, "step": 135, "train_loss": 1.834751454671224, "clip_fraction": 0.4197111111111111, "epsilon": 5.865340104265841, "accuracy": 0.645, "validation_loss": 1.2356446411132813, "validation_examples": 5000}
{"step": 140, "epoch": 4, "train_loss": 1.7268663940429687, "clip_fraction": 0.399, "gradient_norm_mean": 173.8116484375, "gradient_norm_max": 973.7874145507812, "step_seconds": 2.077830646187067, "innovation_std_sum": 481.51987677654046, "noise_marginal_std_sum": 563.3284436196507}
{"step": 150, "epoch": 4, "train_loss": 1.7358896789550782, "clip_fraction": 0.412, "gradient_norm_mean": 176.80394140625, "gradient_norm_max": 934.8408203125, "step_seconds": 2.0205799527466297, "innovation_std_sum": 481.51987677654046, "noise_marginal_std_sum": 563.3284436196507}
{"step": 160, "epoch": 4, "train_loss": 1.6699352722167968, "clip_fraction": 0.408, "gradient_norm_mean": 170.965828125, "gradient_norm_max": 681.0792236328125, "step_seconds": 2.041865373030305, "innovation_std_sum": 481.51987677654046, "noise_marginal_std_sum": 563.3284436196507}
{"step": 170, "epoch": 4, "train_loss": 1.6844913330078124, "clip_fraction": 0.41, "gradient_norm_mean": 171.83005078125, "gradient_norm_max": 667.4534301757812, "step_seconds": 2.01184169575572, "innovation_std_sum": 481.51987677654046, "noise_marginal_std_sum": 563.3284436196507}
{"step": 180, "epoch": 4, "train_loss": 1.627768280029297, "clip_fraction": 0.419, "gradient_norm_mean": 174.93724609375, "gradient_norm_max": 775.9044799804688, "step_seconds": 2.0135169252753258, "innovation_std_sum": 481.51987677654046, "noise_marginal_std_sum": 563.3284436196507}
{"epoch": 4, "step": 180, "train_loss": 1.6700073723687066, "clip_fraction": 0.4068, "epsilon": 6.9817050448149836, "accuracy": 0.6736, "validation_loss": 1.118109585571289, "validation_examples": 5000}
{"step": 190, "epoch": 5, "train_loss": 1.5653328247070313, "clip_fraction": 0.388, "gradient_norm_mean": 169.29890625, "gradient_norm_max": 1028.6671142578125, "step_seconds": 2.006285533308983, "innovation_std_sum": 481.51987677654046, "noise_marginal_std_sum": 563.3284436196507}
{"step": 200, "epoch": 5, "train_loss": 1.657742919921875, "clip_fraction": 0.432, "gradient_norm_mean": 177.95574609375, "gradient_norm_max": 738.3035278320312, "step_seconds": 2.007064549252391, "innovation_std_sum": 481.51987677654046, "noise_marginal_std_sum": 563.3284436196507}
{"step": 210, "epoch": 5, "train_loss": 1.6267035827636718, "clip_fraction": 0.411, "gradient_norm_mean": 168.09816796875, "gradient_norm_max": 654.7693481445312, "step_seconds": 2.0275866147130728, "innovation_std_sum": 481.51987677654046, "noise_marginal_std_sum": 563.3284436196507}
{"step": 220, "epoch": 5, "train_loss": 1.5594234924316406, "clip_fraction": 0.419, "gradient_norm_mean": 176.8634765625, "gradient_norm_max": 863.21826171875, "step_seconds": 2.0162576474249363, "innovation_std_sum": 481.51987677654046, "noise_marginal_std_sum": 563.3284436196507}
{"epoch": 5, "step": 225, "train_loss": 1.5937502888997397, "clip_fraction": 0.4096444444444444, "epsilon": 8.000000000000005, "accuracy": 0.6862, "validation_loss": 1.0760623260498048, "validation_examples": 5000}
