Loading weights:   0%|          | 0/39 [00:00<?, ?it/s]Loading weights: 100%|██████████| 39/39 [00:00<00:00, 27871.50it/s]
[transformers] [1mBertModel LOAD REPORT[0m from: /media/data/data/lt/dp-adam-correlated/cache/bert-tiny
Key                                        | Status     |  | 
-------------------------------------------+------------+--+-
cls.predictions.bias                       | UNEXPECTED |  | 
cls.seq_relationship.bias                  | UNEXPECTED |  | 
cls.predictions.decoder.weight             | UNEXPECTED |  | 
cls.predictions.transform.LayerNorm.weight | UNEXPECTED |  | 
cls.predictions.decoder.bias               | UNEXPECTED |  | 
cls.predictions.transform.dense.bias       | UNEXPECTED |  | 
cls.predictions.transform.LayerNorm.bias   | UNEXPECTED |  | 
cls.seq_relationship.weight                | UNEXPECTED |  | 
cls.predictions.transform.dense.weight     | UNEXPECTED |  | 

Notes:
- UNEXPECTED:	can be ignored when loading from different task/architecture; not ok if you expect identical arch.
sys:1: UserWarning: Full backward hook is firing when gradients are computed with respect to module outputs since no inputs require gradients. See https://docs.pytorch.org/docs/main/generated/torch.nn.Module.html#torch.nn.Module.register_full_backward_hook for more details.
{"step": 10, "epoch": 1, "train_loss": 1.50096484375, "clip_fraction": 1.0, "gradient_norm_mean": 8.2989140625, "gradient_norm_max": 27.41398048400879, "step_seconds": 0.2652662806212902, "innovation_std_sum": 0.40264590225254543, "noise_marginal_std_sum": 0.40264590225254543}
{"step": 20, "epoch": 1, "train_loss": 1.5721533203125, "clip_fraction": 0.89, "gradient_norm_mean": 13.95396484375, "gradient_norm_max": 51.18867492675781, "step_seconds": 0.2645455617457628, "innovation_std_sum": 0.40264590225254543, "noise_marginal_std_sum": 0.40264590225254543}
{"step": 30, "epoch": 1, "train_loss": 1.68549755859375, "clip_fraction": 0.791, "gradient_norm_mean": 27.940931640625, "gradient_norm_max": 92.97674560546875, "step_seconds": 0.2622673939913511, "innovation_std_sum": 0.40264590225254543, "noise_marginal_std_sum": 0.40264590225254543}
{"step": 40, "epoch": 1, "train_loss": 1.270670654296875, "clip_fraction": 0.797, "gradient_norm_mean": 43.862859375, "gradient_norm_max": 168.03570556640625, "step_seconds": 0.26448678597807884, "innovation_std_sum": 0.40264590225254543, "noise_marginal_std_sum": 0.40264590225254543}
{"step": 50, "epoch": 1, "train_loss": 0.952100341796875, "clip_fraction": 0.774, "gradient_norm_mean": 57.524640625, "gradient_norm_max": 322.67535400390625, "step_seconds": 0.2657948452979326, "innovation_std_sum": 0.40264590225254543, "noise_marginal_std_sum": 0.40264590225254543}
{"step": 60, "epoch": 1, "train_loss": 1.1471845703125, "clip_fraction": 0.601, "gradient_norm_mean": 71.8601484375, "gradient_norm_max": 547.5971069335938, "step_seconds": 0.2642773203551769, "innovation_std_sum": 0.40264590225254543, "noise_marginal_std_sum": 0.40264590225254543}
{"epoch": 1, "step": 62, "train_loss": 1.3610945592080392, "clip_fraction": 0.7858225806451613, "epsilon": 3.1232925162148586, "accuracy": 0.7201834862385321, "validation_loss": 1.4875643318946208, "validation_examples": 872}
{"step": 70, "epoch": 2, "train_loss": 1.335946044921875, "clip_fraction": 0.514, "gradient_norm_mean": 71.820234375, "gradient_norm_max": 618.5560913085938, "step_seconds": 0.26331240125000477, "innovation_std_sum": 0.40264590225254543, "noise_marginal_std_sum": 0.40264590225254543}
{"step": 80, "epoch": 2, "train_loss": 1.255492431640625, "clip_fraction": 0.481, "gradient_norm_mean": 77.83703125, "gradient_norm_max": 679.2883911132812, "step_seconds": 0.2680022679269314, "innovation_std_sum": 0.40264590225254543, "noise_marginal_std_sum": 0.40264590225254543}
{"step": 90, "epoch": 2, "train_loss": 1.2015615234375, "clip_fraction": 0.502, "gradient_norm_mean": 70.2102734375, "gradient_norm_max": 761.8821411132812, "step_seconds": 0.26786675304174423, "innovation_std_sum": 0.40264590225254543, "noise_marginal_std_sum": 0.40264590225254543}
{"step": 100, "epoch": 2, "train_loss": 1.256546630859375, "clip_fraction": 0.508, "gradient_norm_mean": 80.4802109375, "gradient_norm_max": 763.6026611328125, "step_seconds": 0.27111004665493965, "innovation_std_sum": 0.40264590225254543, "noise_marginal_std_sum": 0.40264590225254543}
{"step": 110, "epoch": 2, "train_loss": 1.099143310546875, "clip_fraction": 0.493, "gradient_norm_mean": 74.76553125, "gradient_norm_max": 803.9450073242188, "step_seconds": 0.26546263694763184, "innovation_std_sum": 0.40264590225254543, "noise_marginal_std_sum": 0.40264590225254543}
{"step": 120, "epoch": 2, "train_loss": 1.22942578125, "clip_fraction": 0.469, "gradient_norm_mean": 79.0889609375, "gradient_norm_max": 784.4959106445312, "step_seconds": 0.26783029921352863, "innovation_std_sum": 0.40264590225254543, "noise_marginal_std_sum": 0.40264590225254543}
{"epoch": 2, "step": 124, "train_loss": 1.2246200581212197, "clip_fraction": 0.4966129032258065, "epsilon": 4.650921021133024, "accuracy": 0.7408256880733946, "validation_loss": 1.458345456954536, "validation_examples": 872}
{"step": 130, "epoch": 3, "train_loss": 1.2751494140625, "clip_fraction": 0.478, "gradient_norm_mean": 69.726140625, "gradient_norm_max": 816.6133422851562, "step_seconds": 0.26335885375738144, "innovation_std_sum": 0.40264590225254543, "noise_marginal_std_sum": 0.40264590225254543}
{"step": 140, "epoch": 3, "train_loss": 1.0872303466796875, "clip_fraction": 0.437, "gradient_norm_mean": 66.4451875, "gradient_norm_max": 812.8923950195312, "step_seconds": 0.2660906109958887, "innovation_std_sum": 0.40264590225254543, "noise_marginal_std_sum": 0.40264590225254543}
{"step": 150, "epoch": 3, "train_loss": 1.1216224365234375, "clip_fraction": 0.433, "gradient_norm_mean": 75.8628671875, "gradient_norm_max": 864.5808715820312, "step_seconds": 0.2653894368559122, "innovation_std_sum": 0.40264590225254543, "noise_marginal_std_sum": 0.40264590225254543}
{"step": 160, "epoch": 3, "train_loss": 1.0338570556640625, "clip_fraction": 0.395, "gradient_norm_mean": 69.5719765625, "gradient_norm_max": 991.7943725585938, "step_seconds": 0.2652670852839947, "innovation_std_sum": 0.40264590225254543, "noise_marginal_std_sum": 0.40264590225254543}
{"step": 170, "epoch": 3, "train_loss": 1.1202838134765625, "clip_fraction": 0.451, "gradient_norm_mean": 72.717296875, "gradient_norm_max": 1055.2177734375, "step_seconds": 0.26626243628561497, "innovation_std_sum": 0.40264590225254543, "noise_marginal_std_sum": 0.40264590225254543}
{"step": 180, "epoch": 3, "train_loss": 1.15634765625, "clip_fraction": 0.416, "gradient_norm_mean": 71.483609375, "gradient_norm_max": 1108.244384765625, "step_seconds": 0.2652724627405405, "innovation_std_sum": 0.40264590225254543, "noise_marginal_std_sum": 0.40264590225254543}
{"epoch": 3, "step": 186, "train_loss": 1.1092166098317793, "clip_fraction": 0.43056451612903224, "epsilon": 5.897172094191148, "accuracy": 0.7580275229357798, "validation_loss": 1.3509793237808647, "validation_examples": 872}
{"step": 190, "epoch": 4, "train_loss": 1.112838134765625, "clip_fraction": 0.403, "gradient_norm_mean": 66.35603125, "gradient_norm_max": 961.935791015625, "step_seconds": 0.26432831957936287, "innovation_std_sum": 0.40264590225254543, "noise_marginal_std_sum": 0.40264590225254543}
{"step": 200, "epoch": 4, "train_loss": 1.1336859130859376, "clip_fraction": 0.406, "gradient_norm_mean": 63.99244921875, "gradient_norm_max": 1087.594482421875, "step_seconds": 0.2603529579937458, "innovation_std_sum": 0.40264590225254543, "noise_marginal_std_sum": 0.40264590225254543}
{"step": 210, "epoch": 4, "train_loss": 1.024750244140625, "clip_fraction": 0.4, "gradient_norm_mean": 66.9840703125, "gradient_norm_max": 1037.712890625, "step_seconds": 0.260802136734128, "innovation_std_sum": 0.40264590225254543, "noise_marginal_std_sum": 0.40264590225254543}
{"step": 220, "epoch": 4, "train_loss": 1.078298095703125, "clip_fraction": 0.379, "gradient_norm_mean": 64.3730625, "gradient_norm_max": 869.1820068359375, "step_seconds": 0.26123062893748283, "innovation_std_sum": 0.40264590225254543, "noise_marginal_std_sum": 0.40264590225254543}
{"step": 230, "epoch": 4, "train_loss": 0.9968701171875, "clip_fraction": 0.384, "gradient_norm_mean": 61.29855078125, "gradient_norm_max": 1286.3016357421875, "step_seconds": 0.2650722451508045, "innovation_std_sum": 0.40264590225254543, "noise_marginal_std_sum": 0.40264590225254543}
{"step": 240, "epoch": 4, "train_loss": 1.0203444213867188, "clip_fraction": 0.384, "gradient_norm_mean": 57.20765625, "gradient_norm_max": 901.9667358398438, "step_seconds": 0.2622811570763588, "innovation_std_sum": 0.40264590225254543, "noise_marginal_std_sum": 0.40264590225254543}
{"epoch": 4, "step": 248, "train_loss": 1.055550527264995, "clip_fraction": 0.3933225806451613, "epsilon": 6.99603315708177, "accuracy": 0.75, "validation_loss": 1.3519078700914295, "validation_examples": 872}
{"step": 250, "epoch": 5, "train_loss": 1.06468017578125, "clip_fraction": 0.385, "gradient_norm_mean": 55.93034375, "gradient_norm_max": 1051.7030029296875, "step_seconds": 0.25152219273149967, "innovation_std_sum": 0.40264590225254543, "noise_marginal_std_sum": 0.40264590225254543}
{"step": 260, "epoch": 5, "train_loss": 1.083740234375, "clip_fraction": 0.377, "gradient_norm_mean": 58.2756796875, "gradient_norm_max": 1122.6541748046875, "step_seconds": 0.2654192578047514, "innovation_std_sum": 0.40264590225254543, "noise_marginal_std_sum": 0.40264590225254543}
{"step": 270, "epoch": 5, "train_loss": 1.09800439453125, "clip_fraction": 0.369, "gradient_norm_mean": 61.64828125, "gradient_norm_max": 1373.0030517578125, "step_seconds": 0.2664039433002472, "innovation_std_sum": 0.40264590225254543, "noise_marginal_std_sum": 0.40264590225254543}
{"step": 280, "epoch": 5, "train_loss": 1.0062937622070312, "clip_fraction": 0.337, "gradient_norm_mean": 50.15404296875, "gradient_norm_max": 1580.5089111328125, "step_seconds": 0.26454639062285423, "innovation_std_sum": 0.40264590225254543, "noise_marginal_std_sum": 0.40264590225254543}
{"step": 290, "epoch": 5, "train_loss": 1.031076904296875, "clip_fraction": 0.355, "gradient_norm_mean": 55.3974921875, "gradient_norm_max": 1049.9891357421875, "step_seconds": 0.2620419040322304, "innovation_std_sum": 0.40264590225254543, "noise_marginal_std_sum": 0.40264590225254543}
{"step": 300, "epoch": 5, "train_loss": 1.13244873046875, "clip_fraction": 0.384, "gradient_norm_mean": 62.91358984375, "gradient_norm_max": 1215.194091796875, "step_seconds": 0.2655107267200947, "innovation_std_sum": 0.40264590225254543, "noise_marginal_std_sum": 0.40264590225254543}
{"step": 310, "epoch": 5, "train_loss": 1.0279267578125, "clip_fraction": 0.343, "gradient_norm_mean": 54.04702734375, "gradient_norm_max": 1156.7796630859375, "step_seconds": 0.2637007497251034, "innovation_std_sum": 0.40264590225254543, "noise_marginal_std_sum": 0.40264590225254543}
{"epoch": 5, "step": 310, "train_loss": 1.0296509921166204, "clip_fraction": 0.36382258064516126, "epsilon": 8.000000000000005, "accuracy": 0.7568807339449541, "validation_loss": 1.289717779247039, "validation_examples": 872}
