/home/longt29/miniconda3/envs/curve/lib/python3.11/site-packages/torchvision/datasets/cifar.py:83: VisibleDeprecationWarning: dtype(): align should be passed as Python or NumPy boolean but got `align=0`. Did you mean to pass a tuple to create a subarray type? (Deprecated NumPy 2.4)
  entry = pickle.load(f, encoding="latin1")
sys:1: UserWarning: Full backward hook is firing when gradients are computed with respect to module outputs since no inputs require gradients. See https://docs.pytorch.org/docs/main/generated/torch.nn.Module.html#torch.nn.Module.register_full_backward_hook for more details.
{"step": 10, "epoch": 1, "train_loss": 4.3258408203125, "clip_fraction": 0.023, "gradient_norm_mean": 136.56522265625, "gradient_norm_max": 272.3775329589844, "step_seconds": 1.961274167522788, "innovation_std_sum": 341.91118707283454, "noise_marginal_std_sum": 385.2432239518329}
{"step": 20, "epoch": 1, "train_loss": 3.699613830566406, "clip_fraction": 0.685, "gradient_norm_mean": 232.8818359375, "gradient_norm_max": 536.2849731445312, "step_seconds": 2.0354904122650623, "innovation_std_sum": 341.91118707283454, "noise_marginal_std_sum": 385.2432239518329}
{"step": 30, "epoch": 1, "train_loss": 3.2077825317382813, "clip_fraction": 0.872, "gradient_norm_mean": 275.5795859375, "gradient_norm_max": 641.201904296875, "step_seconds": 2.010024555027485, "innovation_std_sum": 341.91118707283454, "noise_marginal_std_sum": 385.2432239518329}
{"step": 40, "epoch": 1, "train_loss": 3.0956930541992187, "clip_fraction": 0.871, "gradient_norm_mean": 297.19603125, "gradient_norm_max": 787.57861328125, "step_seconds": 1.9870811011642218, "innovation_std_sum": 341.91118707283454, "noise_marginal_std_sum": 385.2432239518329}
{"epoch": 1, "step": 45, "train_loss": 3.6963358086480036, "clip_fraction": 0.5966888888888889, "epsilon": 3.1232761473275077, "accuracy": 0.3286, "validation_loss": 2.553337353515625, "validation_examples": 5000}
{"step": 50, "epoch": 2, "train_loss": 2.818918640136719, "clip_fraction": 0.83, "gradient_norm_mean": 285.6314375, "gradient_norm_max": 905.3743286132812, "step_seconds": 1.9504682086408138, "innovation_std_sum": 341.91118707283454, "noise_marginal_std_sum": 385.2432239518329}
{"step": 60, "epoch": 2, "train_loss": 2.837689453125, "clip_fraction": 0.847, "gradient_norm_mean": 295.259671875, "gradient_norm_max": 680.0817260742188, "step_seconds": 1.98942737467587, "innovation_std_sum": 341.91118707283454, "noise_marginal_std_sum": 385.2432239518329}
{"step": 70, "epoch": 2, "train_loss": 2.673703796386719, "clip_fraction": 0.803, "gradient_norm_mean": 290.1715, "gradient_norm_max": 1172.6951904296875, "step_seconds": 1.9764252547174692, "innovation_std_sum": 341.91118707283454, "noise_marginal_std_sum": 385.2432239518329}
{"step": 80, "epoch": 2, "train_loss": 2.7632442016601564, "clip_fraction": 0.804, "gradient_norm_mean": 308.3550859375, "gradient_norm_max": 894.466796875, "step_seconds": 1.9813584368675947, "innovation_std_sum": 341.91118707283454, "noise_marginal_std_sum": 385.2432239518329}
{"step": 90, "epoch": 2, "train_loss": 2.7115562744140624, "clip_fraction": 0.83, "gradient_norm_mean": 305.822859375, "gradient_norm_max": 947.8296508789062, "step_seconds": 2.000965613871813, "innovation_std_sum": 341.91118707283454, "noise_marginal_std_sum": 385.2432239518329}
{"epoch": 2, "step": 90, "train_loss": 2.7550749064127604, "clip_fraction": 0.8251777777777778, "epsilon": 4.650911679155922, "accuracy": 0.3976, "validation_loss": 2.1981464111328126, "validation_examples": 5000}
{"step": 100, "epoch": 3, "train_loss": 2.6644541625976563, "clip_fraction": 0.822, "gradient_norm_mean": 313.47765625, "gradient_norm_max": 806.55322265625, "step_seconds": 1.9438400659710169, "innovation_std_sum": 341.91118707283454, "noise_marginal_std_sum": 385.2432239518329}
{"step": 110, "epoch": 3, "train_loss": 2.5433006591796876, "clip_fraction": 0.816, "gradient_norm_mean": 309.8351484375, "gradient_norm_max": 797.71875, "step_seconds": 2.0064289085566998, "innovation_std_sum": 341.91118707283454, "noise_marginal_std_sum": 385.2432239518329}
{"step": 120, "epoch": 3, "train_loss": 2.5881651611328125, "clip_fraction": 0.809, "gradient_norm_mean": 320.782640625, "gradient_norm_max": 899.5044555664062, "step_seconds": 2.029502261430025, "innovation_std_sum": 341.91118707283454, "noise_marginal_std_sum": 385.2432239518329}
{"step": 130, "epoch": 3, "train_loss": 2.532987060546875, "clip_fraction": 0.816, "gradient_norm_mean": 314.4795546875, "gradient_norm_max": 823.459228515625, "step_seconds": 1.9852175246924162, "innovation_std_sum": 341.91118707283454, "noise_marginal_std_sum": 385.2432239518329}
{"epoch": 3, "step": 135, "train_loss": 2.5935394341362845, "clip_fraction": 0.8112, "epsilon": 5.897166745944286, "accuracy": 0.4222, "validation_loss": 2.111857092285156, "validation_examples": 5000}
{"step": 140, "epoch": 4, "train_loss": 2.626122802734375, "clip_fraction": 0.808, "gradient_norm_mean": 316.25478125, "gradient_norm_max": 857.587158203125, "step_seconds": 1.9718002285808325, "innovation_std_sum": 341.91118707283454, "noise_marginal_std_sum": 385.2432239518329}
{"step": 150, "epoch": 4, "train_loss": 2.655359375, "clip_fraction": 0.827, "gradient_norm_mean": 325.296375, "gradient_norm_max": 872.9717407226562, "step_seconds": 2.0215583574026823, "innovation_std_sum": 341.91118707283454, "noise_marginal_std_sum": 385.2432239518329}
{"step": 160, "epoch": 4, "train_loss": 2.56617919921875, "clip_fraction": 0.8, "gradient_norm_mean": 310.2774453125, "gradient_norm_max": 905.3980712890625, "step_seconds": 1.9704582691192627, "innovation_std_sum": 341.91118707283454, "noise_marginal_std_sum": 385.2432239518329}
{"step": 170, "epoch": 4, "train_loss": 2.657090515136719, "clip_fraction": 0.819, "gradient_norm_mean": 322.0197109375, "gradient_norm_max": 825.6492919921875, "step_seconds": 1.9824532493948936, "innovation_std_sum": 341.91118707283454, "noise_marginal_std_sum": 385.2432239518329}
{"step": 180, "epoch": 4, "train_loss": 2.568328552246094, "clip_fraction": 0.808, "gradient_norm_mean": 310.1071328125, "gradient_norm_max": 892.6881713867188, "step_seconds": 1.9951133821159601, "innovation_std_sum": 341.91118707283454, "noise_marginal_std_sum": 385.2432239518329}
{"epoch": 4, "step": 180, "train_loss": 2.593752644856771, "clip_fraction": 0.8118222222222222, "epsilon": 6.9960307474663415, "accuracy": 0.404, "validation_loss": 2.21551201171875, "validation_examples": 5000}
{"step": 190, "epoch": 5, "train_loss": 2.6048461303710937, "clip_fraction": 0.809, "gradient_norm_mean": 320.02578125, "gradient_norm_max": 867.4481811523438, "step_seconds": 2.0088983085006475, "innovation_std_sum": 341.91118707283454, "noise_marginal_std_sum": 385.2432239518329}
{"step": 200, "epoch": 5, "train_loss": 2.680448547363281, "clip_fraction": 0.825, "gradient_norm_mean": 320.2010625, "gradient_norm_max": 723.7440795898438, "step_seconds": 2.012196959927678, "innovation_std_sum": 341.91118707283454, "noise_marginal_std_sum": 385.2432239518329}
{"step": 210, "epoch": 5, "train_loss": 2.6892877197265626, "clip_fraction": 0.812, "gradient_norm_mean": 329.1040390625, "gradient_norm_max": 754.0899047851562, "step_seconds": 1.9801385421305895, "innovation_std_sum": 341.91118707283454, "noise_marginal_std_sum": 385.2432239518329}
{"step": 220, "epoch": 5, "train_loss": 2.6565584716796873, "clip_fraction": 0.817, "gradient_norm_mean": 314.94525, "gradient_norm_max": 850.805419921875, "step_seconds": 2.0044653117656708, "innovation_std_sum": 341.91118707283454, "noise_marginal_std_sum": 385.2432239518329}
{"epoch": 5, "step": 225, "train_loss": 2.6168696533203124, "clip_fraction": 0.8157555555555556, "epsilon": 8.000000000000005, "accuracy": 0.3968, "validation_loss": 2.228398718261719, "validation_examples": 5000}
