Loading weights:   0%|          | 0/39 [00:00<?, ?it/s]Loading weights: 100%|██████████| 39/39 [00:00<00:00, 12477.33it/s]
[transformers] [1mBertModel LOAD REPORT[0m from: /media/data/data/lt/dp-adam-correlated/cache/bert-tiny
Key                                        | Status     |  | 
-------------------------------------------+------------+--+-
cls.predictions.transform.dense.weight     | UNEXPECTED |  | 
cls.seq_relationship.bias                  | UNEXPECTED |  | 
cls.predictions.bias                       | UNEXPECTED |  | 
cls.predictions.transform.LayerNorm.weight | UNEXPECTED |  | 
cls.predictions.transform.dense.bias       | UNEXPECTED |  | 
cls.predictions.decoder.bias               | UNEXPECTED |  | 
cls.predictions.transform.LayerNorm.bias   | UNEXPECTED |  | 
cls.seq_relationship.weight                | UNEXPECTED |  | 
cls.predictions.decoder.weight             | UNEXPECTED |  | 

Notes:
- UNEXPECTED:	can be ignored when loading from different task/architecture; not ok if you expect identical arch.
sys:1: UserWarning: Full backward hook is firing when gradients are computed with respect to module outputs since no inputs require gradients. See https://docs.pytorch.org/docs/main/generated/torch.nn.Module.html#torch.nn.Module.register_full_backward_hook for more details.
{"step": 10, "epoch": 1, "train_loss": 0.7668619995117187, "clip_fraction": 0.488, "gradient_norm_mean": 256.072953125, "gradient_norm_max": 661.8306274414062, "step_seconds": 0.264354158192873, "innovation_std_sum": 914.409175282003, "noise_marginal_std_sum": 1261.2560055811578}
{"step": 20, "epoch": 1, "train_loss": 0.6768248291015625, "clip_fraction": 0.175, "gradient_norm_mean": 159.168765625, "gradient_norm_max": 341.8044128417969, "step_seconds": 0.27880213409662247, "innovation_std_sum": 914.409175282003, "noise_marginal_std_sum": 1261.2560055811578}
{"step": 30, "epoch": 1, "train_loss": 0.67215234375, "clip_fraction": 0.012, "gradient_norm_mean": 141.923390625, "gradient_norm_max": 292.90081787109375, "step_seconds": 0.27720668725669384, "innovation_std_sum": 914.409175282003, "noise_marginal_std_sum": 1261.2560055811578}
{"step": 40, "epoch": 1, "train_loss": 0.6554259033203125, "clip_fraction": 0.069, "gradient_norm_mean": 141.35609375, "gradient_norm_max": 301.8539733886719, "step_seconds": 0.2816030029207468, "innovation_std_sum": 914.409175282003, "noise_marginal_std_sum": 1261.2560055811578}
{"step": 50, "epoch": 1, "train_loss": 0.6483436279296875, "clip_fraction": 0.058, "gradient_norm_mean": 146.0344375, "gradient_norm_max": 256.7349853515625, "step_seconds": 0.28429482504725456, "innovation_std_sum": 914.409175282003, "noise_marginal_std_sum": 1261.2560055811578}
{"step": 60, "epoch": 1, "train_loss": 0.6431636962890624, "clip_fraction": 0.124, "gradient_norm_mean": 153.85540625, "gradient_norm_max": 285.4640808105469, "step_seconds": 0.13494890742003918, "innovation_std_sum": 914.409175282003, "noise_marginal_std_sum": 1261.2560055811578}
{"epoch": 1, "step": 62, "train_loss": 0.6747567670268397, "clip_fraction": 0.23516129032258065, "epsilon": 2.983473211150575, "accuracy": 0.6515236492802393, "validation_loss": 0.630052739469821, "validation_examples": 5349}
{"step": 70, "epoch": 2, "train_loss": 0.6239561767578125, "clip_fraction": 0.206, "gradient_norm_mean": 160.427390625, "gradient_norm_max": 320.3146667480469, "step_seconds": 0.2823514733463526, "innovation_std_sum": 914.409175282003, "noise_marginal_std_sum": 1261.2560055811578}
{"step": 80, "epoch": 2, "train_loss": 0.6219422607421875, "clip_fraction": 0.311, "gradient_norm_mean": 170.641625, "gradient_norm_max": 406.9587097167969, "step_seconds": 0.2808068133890629, "innovation_std_sum": 914.409175282003, "noise_marginal_std_sum": 1261.2560055811578}
{"step": 90, "epoch": 2, "train_loss": 0.6017467041015625, "clip_fraction": 0.379, "gradient_norm_mean": 177.717125, "gradient_norm_max": 378.3820495605469, "step_seconds": 0.28651623614132404, "innovation_std_sum": 914.409175282003, "noise_marginal_std_sum": 1261.2560055811578}
{"step": 100, "epoch": 2, "train_loss": 0.609193115234375, "clip_fraction": 0.476, "gradient_norm_mean": 192.7401875, "gradient_norm_max": 414.09808349609375, "step_seconds": 0.290824631229043, "innovation_std_sum": 914.409175282003, "noise_marginal_std_sum": 1261.2560055811578}
{"step": 110, "epoch": 2, "train_loss": 0.5952675170898437, "clip_fraction": 0.495, "gradient_norm_mean": 202.9490625, "gradient_norm_max": 509.01220703125, "step_seconds": 0.1369966883212328, "innovation_std_sum": 914.409175282003, "noise_marginal_std_sum": 1261.2560055811578}
{"step": 120, "epoch": 2, "train_loss": 0.5694554443359375, "clip_fraction": 0.531, "gradient_norm_mean": 211.498765625, "gradient_norm_max": 541.913818359375, "step_seconds": 0.2910829521715641, "innovation_std_sum": 914.409175282003, "noise_marginal_std_sum": 1261.2560055811578}
{"epoch": 2, "step": 124, "train_loss": 0.606060070407006, "clip_fraction": 0.38820967741935486, "epsilon": 4.566965972959099, "accuracy": 0.7177042437838849, "validation_loss": 0.5559095916491309, "validation_examples": 5349}
{"step": 130, "epoch": 3, "train_loss": 0.5635641479492187, "clip_fraction": 0.519, "gradient_norm_mean": 220.1544375, "gradient_norm_max": 666.5867919921875, "step_seconds": 0.29332663491368294, "innovation_std_sum": 914.409175282003, "noise_marginal_std_sum": 1261.2560055811578}
{"step": 140, "epoch": 3, "train_loss": 0.5625928955078126, "clip_fraction": 0.543, "gradient_norm_mean": 231.3879375, "gradient_norm_max": 698.1392211914062, "step_seconds": 0.28833335638046265, "innovation_std_sum": 914.409175282003, "noise_marginal_std_sum": 1261.2560055811578}
{"step": 150, "epoch": 3, "train_loss": 0.5434827270507813, "clip_fraction": 0.528, "gradient_norm_mean": 233.80184375, "gradient_norm_max": 809.662353515625, "step_seconds": 0.28829674422740936, "innovation_std_sum": 914.409175282003, "noise_marginal_std_sum": 1261.2560055811578}
{"step": 160, "epoch": 3, "train_loss": 0.5626642456054688, "clip_fraction": 0.527, "gradient_norm_mean": 246.33934375, "gradient_norm_max": 912.564453125, "step_seconds": 0.13820376619696617, "innovation_std_sum": 914.409175282003, "noise_marginal_std_sum": 1261.2560055811578}
{"step": 170, "epoch": 3, "train_loss": 0.550733642578125, "clip_fraction": 0.552, "gradient_norm_mean": 255.165625, "gradient_norm_max": 783.0816040039062, "step_seconds": 0.2906046025454998, "innovation_std_sum": 914.409175282003, "noise_marginal_std_sum": 1261.2560055811578}
{"step": 180, "epoch": 3, "train_loss": 0.5555347290039062, "clip_fraction": 0.53, "gradient_norm_mean": 253.398203125, "gradient_norm_max": 868.5704345703125, "step_seconds": 0.28770324029028416, "innovation_std_sum": 914.409175282003, "noise_marginal_std_sum": 1261.2560055811578}
{"epoch": 3, "step": 186, "train_loss": 0.552421621999433, "clip_fraction": 0.5324032258064516, "epsilon": 5.849088165717443, "accuracy": 0.7421948027668723, "validation_loss": 0.516484057129956, "validation_examples": 5349}
{"step": 190, "epoch": 4, "train_loss": 0.530519287109375, "clip_fraction": 0.541, "gradient_norm_mean": 269.5198125, "gradient_norm_max": 996.4418334960938, "step_seconds": 0.2775351833552122, "innovation_std_sum": 914.409175282003, "noise_marginal_std_sum": 1261.2560055811578}
{"step": 200, "epoch": 4, "train_loss": 0.5284869995117187, "clip_fraction": 0.505, "gradient_norm_mean": 262.16240625, "gradient_norm_max": 941.255615234375, "step_seconds": 0.2880394384264946, "innovation_std_sum": 914.409175282003, "noise_marginal_std_sum": 1261.2560055811578}
{"step": 210, "epoch": 4, "train_loss": 0.56049365234375, "clip_fraction": 0.506, "gradient_norm_mean": 272.9716875, "gradient_norm_max": 1090.240478515625, "step_seconds": 0.22582583129405975, "innovation_std_sum": 914.409175282003, "noise_marginal_std_sum": 1261.2560055811578}
{"step": 220, "epoch": 4, "train_loss": 0.5311683349609375, "clip_fraction": 0.487, "gradient_norm_mean": 267.74103125, "gradient_norm_max": 1195.4879150390625, "step_seconds": 0.2775235176086426, "innovation_std_sum": 914.409175282003, "noise_marginal_std_sum": 1261.2560055811578}
{"step": 230, "epoch": 4, "train_loss": 0.5355096435546876, "clip_fraction": 0.472, "gradient_norm_mean": 269.6593125, "gradient_norm_max": 1021.7056274414062, "step_seconds": 0.2741653826087713, "innovation_std_sum": 914.409175282003, "noise_marginal_std_sum": 1261.2560055811578}
{"step": 240, "epoch": 4, "train_loss": 0.5048138732910157, "clip_fraction": 0.479, "gradient_norm_mean": 276.94375, "gradient_norm_max": 1048.970947265625, "step_seconds": 0.2735330183058977, "innovation_std_sum": 914.409175282003, "noise_marginal_std_sum": 1261.2560055811578}
{"epoch": 4, "step": 248, "train_loss": 0.5296259081440587, "clip_fraction": 0.4873064516129032, "epsilon": 6.974398475295221, "accuracy": 0.7597681809684053, "validation_loss": 0.5084119879836166, "validation_examples": 5349}
{"step": 250, "epoch": 5, "train_loss": 0.55057177734375, "clip_fraction": 0.435, "gradient_norm_mean": 256.6224375, "gradient_norm_max": 1020.3695068359375, "step_seconds": 0.28002176992595196, "innovation_std_sum": 914.409175282003, "noise_marginal_std_sum": 1261.2560055811578}
{"step": 260, "epoch": 5, "train_loss": 0.4984866027832031, "clip_fraction": 0.456, "gradient_norm_mean": 266.09925, "gradient_norm_max": 1327.5306396484375, "step_seconds": 0.1330469846725464, "innovation_std_sum": 914.409175282003, "noise_marginal_std_sum": 1261.2560055811578}
{"step": 270, "epoch": 5, "train_loss": 0.5188709716796875, "clip_fraction": 0.446, "gradient_norm_mean": 268.7204375, "gradient_norm_max": 1099.3944091796875, "step_seconds": 0.286248167976737, "innovation_std_sum": 914.409175282003, "noise_marginal_std_sum": 1261.2560055811578}
{"step": 280, "epoch": 5, "train_loss": 0.5074473876953125, "clip_fraction": 0.454, "gradient_norm_mean": 266.6420625, "gradient_norm_max": 1195.467529296875, "step_seconds": 0.2842695638537407, "innovation_std_sum": 914.409175282003, "noise_marginal_std_sum": 1261.2560055811578}
{"step": 290, "epoch": 5, "train_loss": 0.5082252807617188, "clip_fraction": 0.411, "gradient_norm_mean": 254.105125, "gradient_norm_max": 1383.2213134765625, "step_seconds": 0.2912342716008425, "innovation_std_sum": 914.409175282003, "noise_marginal_std_sum": 1261.2560055811578}
{"step": 300, "epoch": 5, "train_loss": 0.5027970275878906, "clip_fraction": 0.411, "gradient_norm_mean": 241.716734375, "gradient_norm_max": 1354.3123779296875, "step_seconds": 0.2930695656687021, "innovation_std_sum": 914.409175282003, "noise_marginal_std_sum": 1261.2560055811578}
{"step": 310, "epoch": 5, "train_loss": 0.5310485229492188, "clip_fraction": 0.422, "gradient_norm_mean": 259.627, "gradient_norm_max": 1446.2218017578125, "step_seconds": 0.2878798861056566, "innovation_std_sum": 914.409175282003, "noise_marginal_std_sum": 1261.2560055811578}
{"epoch": 5, "step": 310, "train_loss": 0.5237627514254662, "clip_fraction": 0.4410483870967742, "epsilon": 8.000000000000005, "accuracy": 0.771546083380071, "validation_loss": 0.5038056023255935, "validation_examples": 5349}
