/home/longt29/miniconda3/envs/curve/lib/python3.11/site-packages/torchvision/datasets/cifar.py:83: VisibleDeprecationWarning: dtype(): align should be passed as Python or NumPy boolean but got `align=0`. Did you mean to pass a tuple to create a subarray type? (Deprecated NumPy 2.4)
  entry = pickle.load(f, encoding="latin1")
{"method": "dp-adam-momentum-bias-bandinvmf", "smoke": false, "calibration": {"target_mu": 1.6660305978457184, "sensitivity": 4.065608121489227, "innovation_std_sum": 73.20888572058001, "adjacency": "add_remove_zero_out", "k": 5, "b_participation": 50, "sampling_amplification": false}, "coefficients": [1.0, -0.53161943769869, -0.0779998119461293, -0.2795535556950146]}
sys:1: UserWarning: Full backward hook is firing when gradients are computed with respect to module outputs since no inputs require gradients. See https://docs.pytorch.org/docs/main/generated/torch.nn.Module.html#torch.nn.Module.register_full_backward_hook for more details.
{"progress_step": 10, "epoch": 1, "train_loss_so_far": 4.66988193359375, "clip_fraction_so_far": 1.0}
{"progress_step": 20, "epoch": 1, "train_loss_so_far": 4.407847268676758, "clip_fraction_so_far": 1.0}
{"progress_step": 30, "epoch": 1, "train_loss_so_far": 4.173116076660156, "clip_fraction_so_far": 0.9992666666666666}
{"progress_step": 40, "epoch": 1, "train_loss_so_far": 3.9728032302856446, "clip_fraction_so_far": 0.99725}
{"progress_step": 50, "epoch": 1, "train_loss_so_far": 3.8036914831542967, "clip_fraction_so_far": 0.99488}
{"epoch": 1, "logical_steps": 50, "train_examples": 50000, "train_loss": 3.8036914831542967, "test_loss": 2.6909515869140623, "test_top1": 0.2978, "clip_fraction": 0.99488, "gdp_mu": 0.7271304784322895, "gdp_epsilon": 3.037976902428692, "target_mu": 1.6660305978457184, "target_epsilon": 8.0, "delta": 1e-05, "noise_std": 0.08559034234029003, "noise_std_space": "gradient", "innovation_std_sum": 73.20888572058001, "augmentation_trace_sha256": "d63da21bdb0b5208efde32fe6efd500a1dd8422cf2de8538c5d20df0af3afa1c", "seconds": 158.33090435527265}
{"progress_step": 60, "epoch": 2, "train_loss_so_far": 2.9326655151367187, "clip_fraction_so_far": 0.9749}
{"progress_step": 70, "epoch": 2, "train_loss_so_far": 2.8745853546142577, "clip_fraction_so_far": 0.96765}
{"progress_step": 80, "epoch": 2, "train_loss_so_far": 2.7922191935221354, "clip_fraction_so_far": 0.9588}
{"progress_step": 90, "epoch": 2, "train_loss_so_far": 2.7242297775268556, "clip_fraction_so_far": 0.95125}
{"progress_step": 100, "epoch": 2, "train_loss_so_far": 2.6637880505371094, "clip_fraction_so_far": 0.94454}
{"epoch": 2, "logical_steps": 100, "train_examples": 50000, "train_loss": 2.6637880505371094, "test_loss": 1.9759265930175782, "test_top1": 0.4542, "clip_fraction": 0.94454, "gdp_mu": 1.0438331619280494, "gdp_epsilon": 4.600416946348178, "target_mu": 1.6660305978457184, "target_epsilon": 8.0, "delta": 1e-05, "noise_std": 0.08559034234029003, "noise_std_space": "gradient", "innovation_std_sum": 73.20888572058001, "augmentation_trace_sha256": "eba11842858511941e69682cb3174b7d5e6fd73ab7d8425892c6d4fc55cf418b", "seconds": 138.3500246759504}
{"progress_step": 110, "epoch": 3, "train_loss_so_far": 2.3515272888183594, "clip_fraction_so_far": 0.9066}
{"progress_step": 120, "epoch": 3, "train_loss_so_far": 2.3356258361816407, "clip_fraction_so_far": 0.9028}
{"progress_step": 130, "epoch": 3, "train_loss_so_far": 2.303070735677083, "clip_fraction_so_far": 0.8934}
{"progress_step": 140, "epoch": 3, "train_loss_so_far": 2.2771642692565917, "clip_fraction_so_far": 0.888575}
{"progress_step": 150, "epoch": 3, "train_loss_so_far": 2.2539012786865236, "clip_fraction_so_far": 0.8836}
{"epoch": 3, "logical_steps": 150, "train_examples": 50000, "train_loss": 2.2539012786865236, "test_loss": 1.6755070922851563, "test_top1": 0.5407, "clip_fraction": 0.8836, "gdp_mu": 1.2851399415460758, "gdp_epsilon": 5.868262919898993, "target_mu": 1.6660305978457184, "target_epsilon": 8.0, "delta": 1e-05, "noise_std": 0.08559034234029003, "noise_std_space": "gradient", "innovation_std_sum": 73.20888572058001, "augmentation_trace_sha256": "f4ab582ea37ff08d6c3ec209d5c76a6a59fcdd228971935ccfe60255636fc688", "seconds": 140.51150325499475}
{"progress_step": 160, "epoch": 4, "train_loss_so_far": 2.1188740234375, "clip_fraction_so_far": 0.8439}
{"progress_step": 170, "epoch": 4, "train_loss_so_far": 2.110431330871582, "clip_fraction_so_far": 0.8414}
{"progress_step": 180, "epoch": 4, "train_loss_so_far": 2.0844490091959633, "clip_fraction_so_far": 0.8361}
{"progress_step": 190, "epoch": 4, "train_loss_so_far": 2.0704896087646483, "clip_fraction_so_far": 0.8324}
{"progress_step": 200, "epoch": 4, "train_loss_so_far": 2.0584967138671875, "clip_fraction_so_far": 0.82934}
{"epoch": 4, "logical_steps": 200, "train_examples": 50000, "train_loss": 2.0584967138671875, "test_loss": 1.5259681121826172, "test_top1": 0.5758, "clip_fraction": 0.82934, "gdp_mu": 1.4878241288541525, "gdp_epsilon": 6.9830197665238485, "target_mu": 1.6660305978457184, "target_epsilon": 8.0, "delta": 1e-05, "noise_std": 0.08559034234029003, "noise_std_space": "gradient", "innovation_std_sum": 73.20888572058001, "augmentation_trace_sha256": "eeab75a2450d737b335b1b301c8415d8e4847a2415b1acc4f6665e5915aa923a", "seconds": 137.34675762802362}
{"progress_step": 210, "epoch": 5, "train_loss_so_far": 1.9997127990722656, "clip_fraction_so_far": 0.8079}
{"progress_step": 220, "epoch": 5, "train_loss_so_far": 1.9919223022460937, "clip_fraction_so_far": 0.80805}
{"progress_step": 230, "epoch": 5, "train_loss_so_far": 1.9789794555664062, "clip_fraction_so_far": 0.8037333333333333}
{"progress_step": 240, "epoch": 5, "train_loss_so_far": 1.9700101539611816, "clip_fraction_so_far": 0.8001}
{"progress_step": 250, "epoch": 5, "train_loss_so_far": 1.9618512127685548, "clip_fraction_so_far": 0.79852}
{"epoch": 5, "logical_steps": 250, "train_examples": 50000, "train_loss": 1.9618512127685548, "test_loss": 1.467455419921875, "test_top1": 0.5961, "clip_fraction": 0.79852, "gdp_mu": 1.6660305978457184, "gdp_epsilon": 8.000000000000005, "target_mu": 1.6660305978457184, "target_epsilon": 8.0, "delta": 1e-05, "noise_std": 0.08559034234029003, "noise_std_space": "gradient", "innovation_std_sum": 73.20888572058001, "augmentation_trace_sha256": "41f1cb58f0307df20ce87cfb313693105a3d89f587b34546eb06562652fb22c3", "seconds": 138.58101427927613}
{"status": "completed", "results": "/media/data/data/lt/dp-adam-correlated/exp7b/results/search/trials/c565e78e523a2258"}
