Loading weights:   0%|          | 0/39 [00:00<?, ?it/s]Loading weights: 100%|██████████| 39/39 [00:00<00:00, 7681.15it/s]
[transformers] [1mBertModel LOAD REPORT[0m from: /media/data/data/lt/dp-adam-correlated/cache/bert-tiny
Key                                        | Status     |  | 
-------------------------------------------+------------+--+-
cls.predictions.bias                       | UNEXPECTED |  | 
cls.predictions.transform.dense.bias       | UNEXPECTED |  | 
cls.seq_relationship.bias                  | UNEXPECTED |  | 
cls.predictions.transform.LayerNorm.bias   | UNEXPECTED |  | 
cls.predictions.transform.LayerNorm.weight | UNEXPECTED |  | 
cls.predictions.decoder.weight             | UNEXPECTED |  | 
cls.seq_relationship.weight                | UNEXPECTED |  | 
cls.predictions.decoder.bias               | UNEXPECTED |  | 
cls.predictions.transform.dense.weight     | UNEXPECTED |  | 

Notes:
- UNEXPECTED:	can be ignored when loading from different task/architecture; not ok if you expect identical arch.
sys:1: UserWarning: Full backward hook is firing when gradients are computed with respect to module outputs since no inputs require gradients. See https://docs.pytorch.org/docs/main/generated/torch.nn.Module.html#torch.nn.Module.register_full_backward_hook for more details.
{"step": 10, "epoch": 1, "train_loss": 0.6750444946289063, "clip_fraction": 0.001, "gradient_norm_mean": 7.3731142578125, "gradient_norm_max": 10.948431968688965, "step_seconds": 0.2087924387305975, "innovation_std_sum": 151.87205006648523, "noise_marginal_std_sum": 209.4790170573289}
{"step": 20, "epoch": 1, "train_loss": 0.66957568359375, "clip_fraction": 0.136, "gradient_norm_mean": 8.1310380859375, "gradient_norm_max": 12.442099571228027, "step_seconds": 0.26822139881551266, "innovation_std_sum": 151.87205006648523, "noise_marginal_std_sum": 209.4790170573289}
{"step": 30, "epoch": 1, "train_loss": 0.6584124145507813, "clip_fraction": 0.343, "gradient_norm_mean": 9.1662236328125, "gradient_norm_max": 15.044078826904297, "step_seconds": 0.2658031154423952, "innovation_std_sum": 151.87205006648523, "noise_marginal_std_sum": 209.4790170573289}
{"step": 40, "epoch": 1, "train_loss": 0.660157958984375, "clip_fraction": 0.546, "gradient_norm_mean": 10.277240234375, "gradient_norm_max": 19.682676315307617, "step_seconds": 0.26883949153125286, "innovation_std_sum": 151.87205006648523, "noise_marginal_std_sum": 209.4790170573289}
{"step": 50, "epoch": 1, "train_loss": 0.643347900390625, "clip_fraction": 0.67, "gradient_norm_mean": 11.6280576171875, "gradient_norm_max": 23.202537536621094, "step_seconds": 0.26950774900615215, "innovation_std_sum": 151.87205006648523, "noise_marginal_std_sum": 209.4790170573289}
{"step": 60, "epoch": 1, "train_loss": 0.63948876953125, "clip_fraction": 0.613, "gradient_norm_mean": 13.105416015625, "gradient_norm_max": 32.6650390625, "step_seconds": 0.27056036330759525, "innovation_std_sum": 151.87205006648523, "noise_marginal_std_sum": 209.4790170573289}
{"epoch": 1, "step": 62, "train_loss": 0.6583650995069934, "clip_fraction": 0.3392741935483871, "epsilon": 0.7869949284338518, "accuracy": 0.5447247706422018, "validation_loss": 0.6887898532622451, "validation_examples": 872}
{"step": 70, "epoch": 2, "train_loss": 0.6358908081054687, "clip_fraction": 0.707, "gradient_norm_mean": 15.246330078125, "gradient_norm_max": 43.623905181884766, "step_seconds": 0.15896260738372803, "innovation_std_sum": 151.87205006648523, "noise_marginal_std_sum": 209.4790170573289}
{"step": 80, "epoch": 2, "train_loss": 0.623802001953125, "clip_fraction": 0.711, "gradient_norm_mean": 16.96619921875, "gradient_norm_max": 44.32355499267578, "step_seconds": 0.27064384147524834, "innovation_std_sum": 151.87205006648523, "noise_marginal_std_sum": 209.4790170573289}
{"step": 90, "epoch": 2, "train_loss": 0.597178466796875, "clip_fraction": 0.716, "gradient_norm_mean": 18.064490234375, "gradient_norm_max": 48.1929931640625, "step_seconds": 0.27395547553896904, "innovation_std_sum": 151.87205006648523, "noise_marginal_std_sum": 209.4790170573289}
{"step": 100, "epoch": 2, "train_loss": 0.605863525390625, "clip_fraction": 0.725, "gradient_norm_mean": 20.69450390625, "gradient_norm_max": 64.49440002441406, "step_seconds": 0.13565266877412796, "innovation_std_sum": 151.87205006648523, "noise_marginal_std_sum": 209.4790170573289}
{"step": 110, "epoch": 2, "train_loss": 0.591580810546875, "clip_fraction": 0.75, "gradient_norm_mean": 22.934033203125, "gradient_norm_max": 70.27632904052734, "step_seconds": 0.27436840534210205, "innovation_std_sum": 151.87205006648523, "noise_marginal_std_sum": 209.4790170573289}
{"step": 120, "epoch": 2, "train_loss": 0.5929888916015625, "clip_fraction": 0.698, "gradient_norm_mean": 25.207478515625, "gradient_norm_max": 84.17972564697266, "step_seconds": 0.2745503094047308, "innovation_std_sum": 151.87205006648523, "noise_marginal_std_sum": 209.4790170573289}
{"epoch": 2, "step": 124, "train_loss": 0.6087406163369455, "clip_fraction": 0.7114838709677419, "epsilon": 1.1828548383933342, "accuracy": 0.698394495412844, "validation_loss": 0.5875733183064592, "validation_examples": 872}
{"step": 130, "epoch": 3, "train_loss": 0.5577657470703125, "clip_fraction": 0.678, "gradient_norm_mean": 26.13875, "gradient_norm_max": 88.52635192871094, "step_seconds": 0.2719043530523777, "innovation_std_sum": 151.87205006648523, "noise_marginal_std_sum": 209.4790170573289}
{"step": 140, "epoch": 3, "train_loss": 0.6022716674804688, "clip_fraction": 0.639, "gradient_norm_mean": 29.000748046875, "gradient_norm_max": 120.02501678466797, "step_seconds": 0.27151381969451904, "innovation_std_sum": 151.87205006648523, "noise_marginal_std_sum": 209.4790170573289}
{"step": 150, "epoch": 3, "train_loss": 0.6064298095703125, "clip_fraction": 0.676, "gradient_norm_mean": 31.63250390625, "gradient_norm_max": 112.08143615722656, "step_seconds": 0.2725030444562435, "innovation_std_sum": 151.87205006648523, "noise_marginal_std_sum": 209.4790170573289}
{"step": 160, "epoch": 3, "train_loss": 0.584599853515625, "clip_fraction": 0.647, "gradient_norm_mean": 32.2966640625, "gradient_norm_max": 146.9381561279297, "step_seconds": 0.2725582458078861, "innovation_std_sum": 151.87205006648523, "noise_marginal_std_sum": 209.4790170573289}
{"step": 170, "epoch": 3, "train_loss": 0.613363037109375, "clip_fraction": 0.63, "gradient_norm_mean": 33.226453125, "gradient_norm_max": 134.95413208007812, "step_seconds": 0.27119207940995693, "innovation_std_sum": 151.87205006648523, "noise_marginal_std_sum": 209.4790170573289}
{"step": 180, "epoch": 3, "train_loss": 0.6008659057617187, "clip_fraction": 0.615, "gradient_norm_mean": 35.6328671875, "gradient_norm_max": 147.68893432617188, "step_seconds": 0.2707715053111315, "innovation_std_sum": 151.87205006648523, "noise_marginal_std_sum": 209.4790170573289}
{"epoch": 3, "step": 186, "train_loss": 0.5860154478011593, "clip_fraction": 0.6407903225806452, "epsilon": 1.4940057452073763, "accuracy": 0.7305045871559633, "validation_loss": 0.6333106592160846, "validation_examples": 872}
{"step": 190, "epoch": 4, "train_loss": 0.6137637939453126, "clip_fraction": 0.561, "gradient_norm_mean": 35.18321875, "gradient_norm_max": 169.03797912597656, "step_seconds": 0.2722686678171158, "innovation_std_sum": 151.87205006648523, "noise_marginal_std_sum": 209.4790170573289}
{"step": 200, "epoch": 4, "train_loss": 0.6054653930664062, "clip_fraction": 0.562, "gradient_norm_mean": 38.829390625, "gradient_norm_max": 218.37860107421875, "step_seconds": 0.2717722151428461, "innovation_std_sum": 151.87205006648523, "noise_marginal_std_sum": 209.4790170573289}
{"step": 210, "epoch": 4, "train_loss": 0.6286319580078125, "clip_fraction": 0.569, "gradient_norm_mean": 39.4939609375, "gradient_norm_max": 202.8317413330078, "step_seconds": 0.26977555081248283, "innovation_std_sum": 151.87205006648523, "noise_marginal_std_sum": 209.4790170573289}
{"step": 220, "epoch": 4, "train_loss": 0.5927056884765625, "clip_fraction": 0.534, "gradient_norm_mean": 38.626109375, "gradient_norm_max": 209.81809997558594, "step_seconds": 0.2714428249746561, "innovation_std_sum": 151.87205006648523, "noise_marginal_std_sum": 209.4790170573289}
{"step": 230, "epoch": 4, "train_loss": 0.62544384765625, "clip_fraction": 0.513, "gradient_norm_mean": 38.61298828125, "gradient_norm_max": 211.5911407470703, "step_seconds": 0.2714963462203741, "innovation_std_sum": 151.87205006648523, "noise_marginal_std_sum": 209.4790170573289}
{"step": 240, "epoch": 4, "train_loss": 0.6628988037109375, "clip_fraction": 0.548, "gradient_norm_mean": 43.72118359375, "gradient_norm_max": 206.54803466796875, "step_seconds": 0.2724322695285082, "innovation_std_sum": 151.87205006648523, "noise_marginal_std_sum": 209.4790170573289}
{"epoch": 4, "step": 248, "train_loss": 0.6187730476625504, "clip_fraction": 0.5455322580645161, "epsilon": 1.7610513498261091, "accuracy": 0.7557339449541285, "validation_loss": 0.7081959356955432, "validation_examples": 872}
{"step": 250, "epoch": 5, "train_loss": 0.648564453125, "clip_fraction": 0.53, "gradient_norm_mean": 41.3327421875, "gradient_norm_max": 230.33486938476562, "step_seconds": 0.27365425042808056, "innovation_std_sum": 151.87205006648523, "noise_marginal_std_sum": 209.4790170573289}
{"step": 260, "epoch": 5, "train_loss": 0.7131555786132813, "clip_fraction": 0.526, "gradient_norm_mean": 43.9881328125, "gradient_norm_max": 244.79586791992188, "step_seconds": 0.2727668173611164, "innovation_std_sum": 151.87205006648523, "noise_marginal_std_sum": 209.4790170573289}
{"step": 270, "epoch": 5, "train_loss": 0.713279296875, "clip_fraction": 0.52, "gradient_norm_mean": 45.6178671875, "gradient_norm_max": 238.45484924316406, "step_seconds": 0.27074798569083214, "innovation_std_sum": 151.87205006648523, "noise_marginal_std_sum": 209.4790170573289}
{"step": 280, "epoch": 5, "train_loss": 0.6307140502929688, "clip_fraction": 0.508, "gradient_norm_mean": 43.82422265625, "gradient_norm_max": 266.7528991699219, "step_seconds": 0.2724206428974867, "innovation_std_sum": 151.87205006648523, "noise_marginal_std_sum": 209.4790170573289}
{"step": 290, "epoch": 5, "train_loss": 0.5935135498046875, "clip_fraction": 0.494, "gradient_norm_mean": 42.2389921875, "gradient_norm_max": 256.8164978027344, "step_seconds": 0.2722540367394686, "innovation_std_sum": 151.87205006648523, "noise_marginal_std_sum": 209.4790170573289}
{"step": 300, "epoch": 5, "train_loss": 0.5919895629882812, "clip_fraction": 0.486, "gradient_norm_mean": 40.2728125, "gradient_norm_max": 260.1097717285156, "step_seconds": 0.2719534616917372, "innovation_std_sum": 151.87205006648523, "noise_marginal_std_sum": 209.4790170573289}
{"step": 310, "epoch": 5, "train_loss": 0.6612576904296875, "clip_fraction": 0.499, "gradient_norm_mean": 44.9594765625, "gradient_norm_max": 279.8245849609375, "step_seconds": 0.27199240773916245, "innovation_std_sum": 151.87205006648523, "noise_marginal_std_sum": 209.4790170573289}
{"epoch": 5, "step": 310, "train_loss": 0.6360550182711694, "clip_fraction": 0.500241935483871, "epsilon": 2.0000000000008775, "accuracy": 0.7431192660550459, "validation_loss": 0.7617470015079604, "validation_examples": 872}
