Loading weights:   0%|          | 0/39 [00:00<?, ?it/s]Loading weights: 100%|██████████| 39/39 [00:00<00:00, 24931.85it/s]
[transformers] [1mBertModel LOAD REPORT[0m from: /media/data/data/lt/dp-adam-correlated/cache/bert-tiny
Key                                        | Status     |  | 
-------------------------------------------+------------+--+-
cls.predictions.transform.LayerNorm.weight | UNEXPECTED |  | 
cls.predictions.transform.dense.weight     | UNEXPECTED |  | 
cls.predictions.transform.LayerNorm.bias   | UNEXPECTED |  | 
cls.seq_relationship.weight                | UNEXPECTED |  | 
cls.predictions.bias                       | UNEXPECTED |  | 
cls.seq_relationship.bias                  | UNEXPECTED |  | 
cls.predictions.decoder.weight             | UNEXPECTED |  | 
cls.predictions.decoder.bias               | UNEXPECTED |  | 
cls.predictions.transform.dense.bias       | UNEXPECTED |  | 

Notes:
- UNEXPECTED:	can be ignored when loading from different task/architecture; not ok if you expect identical arch.
sys:1: UserWarning: Full backward hook is firing when gradients are computed with respect to module outputs since no inputs require gradients. See https://docs.pytorch.org/docs/main/generated/torch.nn.Module.html#torch.nn.Module.register_full_backward_hook for more details.
{"step": 10, "epoch": 1, "train_loss": 0.6714756469726563, "clip_fraction": 0.0, "gradient_norm_mean": 130.46028125, "gradient_norm_max": 286.2320556640625, "step_seconds": 0.2584035601466894, "innovation_std_sum": 1371.6137629230047, "noise_marginal_std_sum": 1891.8840083717369}
{"step": 20, "epoch": 1, "train_loss": 0.6431021118164062, "clip_fraction": 0.0, "gradient_norm_mean": 84.94725, "gradient_norm_max": 172.44444274902344, "step_seconds": 0.2640018854290247, "innovation_std_sum": 1371.6137629230047, "noise_marginal_std_sum": 1891.8840083717369}
{"step": 30, "epoch": 1, "train_loss": 0.6257351684570313, "clip_fraction": 0.0, "gradient_norm_mean": 69.61303125, "gradient_norm_max": 142.00633239746094, "step_seconds": 0.26709140837192535, "innovation_std_sum": 1371.6137629230047, "noise_marginal_std_sum": 1891.8840083717369}
{"step": 40, "epoch": 1, "train_loss": 0.6224541625976563, "clip_fraction": 0.0, "gradient_norm_mean": 57.5213046875, "gradient_norm_max": 128.11355590820312, "step_seconds": 0.2678695823997259, "innovation_std_sum": 1371.6137629230047, "noise_marginal_std_sum": 1891.8840083717369}
{"step": 50, "epoch": 1, "train_loss": 0.60755615234375, "clip_fraction": 0.0, "gradient_norm_mean": 48.4366171875, "gradient_norm_max": 112.02727508544922, "step_seconds": 0.2679142840206623, "innovation_std_sum": 1371.6137629230047, "noise_marginal_std_sum": 1891.8840083717369}
{"step": 60, "epoch": 1, "train_loss": 0.6003967895507812, "clip_fraction": 0.0, "gradient_norm_mean": 42.57205859375, "gradient_norm_max": 91.16959381103516, "step_seconds": 0.2525655794888735, "innovation_std_sum": 1371.6137629230047, "noise_marginal_std_sum": 1891.8840083717369}
{"epoch": 1, "step": 62, "train_loss": 0.6373330363612021, "clip_fraction": 0.052306451612903225, "epsilon": 2.9834732111505784, "accuracy": 0.7145260796410544, "validation_loss": 0.5768767353485045, "validation_examples": 5349}
{"step": 70, "epoch": 2, "train_loss": 0.5822705078125, "clip_fraction": 0.0, "gradient_norm_mean": 37.437734375, "gradient_norm_max": 86.20889282226562, "step_seconds": 0.2747419383376837, "innovation_std_sum": 1371.6137629230047, "noise_marginal_std_sum": 1891.8840083717369}
{"step": 80, "epoch": 2, "train_loss": 0.5830332641601562, "clip_fraction": 0.0, "gradient_norm_mean": 33.176203125, "gradient_norm_max": 82.43499755859375, "step_seconds": 0.2674161493778229, "innovation_std_sum": 1371.6137629230047, "noise_marginal_std_sum": 1891.8840083717369}
{"step": 90, "epoch": 2, "train_loss": 0.5624722290039063, "clip_fraction": 0.0, "gradient_norm_mean": 29.69673046875, "gradient_norm_max": 71.32427978515625, "step_seconds": 0.26918113976716995, "innovation_std_sum": 1371.6137629230047, "noise_marginal_std_sum": 1891.8840083717369}
{"step": 100, "epoch": 2, "train_loss": 0.573347900390625, "clip_fraction": 0.0, "gradient_norm_mean": 27.31112109375, "gradient_norm_max": 66.33290100097656, "step_seconds": 0.2704234439879656, "innovation_std_sum": 1371.6137629230047, "noise_marginal_std_sum": 1891.8840083717369}
{"step": 110, "epoch": 2, "train_loss": 0.564809326171875, "clip_fraction": 0.0, "gradient_norm_mean": 24.7776328125, "gradient_norm_max": 60.61793518066406, "step_seconds": 0.26539059169590473, "innovation_std_sum": 1371.6137629230047, "noise_marginal_std_sum": 1891.8840083717369}
{"step": 120, "epoch": 2, "train_loss": 0.5440357666015625, "clip_fraction": 0.0, "gradient_norm_mean": 22.78211328125, "gradient_norm_max": 61.98164367675781, "step_seconds": 0.26916359178721905, "innovation_std_sum": 1371.6137629230047, "noise_marginal_std_sum": 1891.8840083717369}
{"epoch": 2, "step": 124, "train_loss": 0.5723176633773311, "clip_fraction": 0.0, "epsilon": 4.566965972959099, "accuracy": 0.7369601794727987, "validation_loss": 0.5396346354132435, "validation_examples": 5349}
{"step": 130, "epoch": 3, "train_loss": 0.550365966796875, "clip_fraction": 0.0, "gradient_norm_mean": 20.99564453125, "gradient_norm_max": 62.876190185546875, "step_seconds": 0.18574156239628792, "innovation_std_sum": 1371.6137629230047, "noise_marginal_std_sum": 1891.8840083717369}
{"step": 140, "epoch": 3, "train_loss": 0.557275634765625, "clip_fraction": 0.0, "gradient_norm_mean": 19.71046875, "gradient_norm_max": 56.81780242919922, "step_seconds": 0.26995220966637135, "innovation_std_sum": 1371.6137629230047, "noise_marginal_std_sum": 1891.8840083717369}
{"step": 150, "epoch": 3, "train_loss": 0.5432996215820313, "clip_fraction": 0.0, "gradient_norm_mean": 17.90548046875, "gradient_norm_max": 63.64210510253906, "step_seconds": 0.27396473102271557, "innovation_std_sum": 1371.6137629230047, "noise_marginal_std_sum": 1891.8840083717369}
{"step": 160, "epoch": 3, "train_loss": 0.557340576171875, "clip_fraction": 0.0, "gradient_norm_mean": 16.91780859375, "gradient_norm_max": 48.77525329589844, "step_seconds": 0.15004462748765945, "innovation_std_sum": 1371.6137629230047, "noise_marginal_std_sum": 1891.8840083717369}
{"step": 170, "epoch": 3, "train_loss": 0.547793212890625, "clip_fraction": 0.0, "gradient_norm_mean": 15.7353642578125, "gradient_norm_max": 42.754493713378906, "step_seconds": 0.26496413722634315, "innovation_std_sum": 1371.6137629230047, "noise_marginal_std_sum": 1891.8840083717369}
{"step": 180, "epoch": 3, "train_loss": 0.5565501708984375, "clip_fraction": 0.0, "gradient_norm_mean": 14.5129736328125, "gradient_norm_max": 37.08020782470703, "step_seconds": 0.27285533398389816, "innovation_std_sum": 1371.6137629230047, "noise_marginal_std_sum": 1891.8840083717369}
{"epoch": 3, "step": 186, "train_loss": 0.5496418043567288, "clip_fraction": 0.0, "epsilon": 5.849088165717443, "accuracy": 0.7466816227332211, "validation_loss": 0.5214177746932336, "validation_examples": 5349}
{"step": 190, "epoch": 4, "train_loss": 0.5425043334960937, "clip_fraction": 0.0, "gradient_norm_mean": 14.3074453125, "gradient_norm_max": 36.655311584472656, "step_seconds": 0.2734526004642248, "innovation_std_sum": 1371.6137629230047, "noise_marginal_std_sum": 1891.8840083717369}
{"step": 200, "epoch": 4, "train_loss": 0.5418653564453125, "clip_fraction": 0.0, "gradient_norm_mean": 13.059951171875, "gradient_norm_max": 37.413822174072266, "step_seconds": 0.27029555290937424, "innovation_std_sum": 1371.6137629230047, "noise_marginal_std_sum": 1891.8840083717369}
{"step": 210, "epoch": 4, "train_loss": 0.5555975341796875, "clip_fraction": 0.0, "gradient_norm_mean": 12.5985234375, "gradient_norm_max": 36.359561920166016, "step_seconds": 0.17417185753583908, "innovation_std_sum": 1371.6137629230047, "noise_marginal_std_sum": 1891.8840083717369}
{"step": 220, "epoch": 4, "train_loss": 0.5370791015625, "clip_fraction": 0.0, "gradient_norm_mean": 11.7663994140625, "gradient_norm_max": 35.872005462646484, "step_seconds": 0.27167370915412903, "innovation_std_sum": 1371.6137629230047, "noise_marginal_std_sum": 1891.8840083717369}
{"step": 230, "epoch": 4, "train_loss": 0.5390125122070313, "clip_fraction": 0.0, "gradient_norm_mean": 11.324861328125, "gradient_norm_max": 32.99172592163086, "step_seconds": 0.26718112267553806, "innovation_std_sum": 1371.6137629230047, "noise_marginal_std_sum": 1891.8840083717369}
{"step": 240, "epoch": 4, "train_loss": 0.530669677734375, "clip_fraction": 0.0, "gradient_norm_mean": 10.678009765625, "gradient_norm_max": 28.6003475189209, "step_seconds": 0.2642960399389267, "innovation_std_sum": 1371.6137629230047, "noise_marginal_std_sum": 1891.8840083717369}
{"epoch": 4, "step": 248, "train_loss": 0.5375474720616494, "clip_fraction": 0.0, "epsilon": 6.974398475295218, "accuracy": 0.7539727051785381, "validation_loss": 0.5099963179078586, "validation_examples": 5349}
{"step": 250, "epoch": 5, "train_loss": 0.5415557250976563, "clip_fraction": 0.0, "gradient_norm_mean": 9.780044921875, "gradient_norm_max": 29.945581436157227, "step_seconds": 0.2691787537187338, "innovation_std_sum": 1371.6137629230047, "noise_marginal_std_sum": 1891.8840083717369}
{"step": 260, "epoch": 5, "train_loss": 0.519413330078125, "clip_fraction": 0.0, "gradient_norm_mean": 9.3974716796875, "gradient_norm_max": 25.924253463745117, "step_seconds": 0.1873182039707899, "innovation_std_sum": 1371.6137629230047, "noise_marginal_std_sum": 1891.8840083717369}
{"step": 270, "epoch": 5, "train_loss": 0.530533935546875, "clip_fraction": 0.0, "gradient_norm_mean": 9.057794921875, "gradient_norm_max": 27.464479446411133, "step_seconds": 0.267172833904624, "innovation_std_sum": 1371.6137629230047, "noise_marginal_std_sum": 1891.8840083717369}
{"step": 280, "epoch": 5, "train_loss": 0.52275634765625, "clip_fraction": 0.0, "gradient_norm_mean": 8.457044921875, "gradient_norm_max": 27.47233772277832, "step_seconds": 0.2684828210622072, "innovation_std_sum": 1371.6137629230047, "noise_marginal_std_sum": 1891.8840083717369}
{"step": 290, "epoch": 5, "train_loss": 0.5219992065429687, "clip_fraction": 0.0, "gradient_norm_mean": 8.17545458984375, "gradient_norm_max": 28.971099853515625, "step_seconds": 0.27114202082157135, "innovation_std_sum": 1371.6137629230047, "noise_marginal_std_sum": 1891.8840083717369}
{"step": 300, "epoch": 5, "train_loss": 0.5156766967773437, "clip_fraction": 0.0, "gradient_norm_mean": 7.63691845703125, "gradient_norm_max": 23.909456253051758, "step_seconds": 0.27312948927283287, "innovation_std_sum": 1371.6137629230047, "noise_marginal_std_sum": 1891.8840083717369}
{"step": 310, "epoch": 5, "train_loss": 0.5390733032226562, "clip_fraction": 0.0, "gradient_norm_mean": 7.530189453125, "gradient_norm_max": 24.03655242919922, "step_seconds": 0.2692074216902256, "innovation_std_sum": 1371.6137629230047, "noise_marginal_std_sum": 1891.8840083717369}
{"epoch": 5, "step": 310, "train_loss": 0.5300384585472845, "clip_fraction": 0.0, "epsilon": 8.000000000000005, "accuracy": 0.7575247709852309, "validation_loss": 0.5073839534574813, "validation_examples": 5349}
