/home/longt29/miniconda3/envs/curve/lib/python3.11/site-packages/torchvision/datasets/cifar.py:83: VisibleDeprecationWarning: dtype(): align should be passed as Python or NumPy boolean but got `align=0`. Did you mean to pass a tuple to create a subarray type? (Deprecated NumPy 2.4)
  entry = pickle.load(f, encoding="latin1")
sys:1: UserWarning: Full backward hook is firing when gradients are computed with respect to module outputs since no inputs require gradients. See https://docs.pytorch.org/docs/main/generated/torch.nn.Module.html#torch.nn.Module.register_full_backward_hook for more details.
{"step": 10, "epoch": 1, "train_loss": 4.55088720703125, "clip_fraction": 1.0, "gradient_norm_mean": 67.592677734375, "gradient_norm_max": 143.585693359375, "step_seconds": 2.2684221528470516, "innovation_std_sum": 170.36107837722886, "noise_marginal_std_sum": 191.95175107263694}
{"step": 20, "epoch": 1, "train_loss": 4.306706298828125, "clip_fraction": 1.0, "gradient_norm_mean": 67.21888671875, "gradient_norm_max": 143.15916442871094, "step_seconds": 2.366668598726392, "innovation_std_sum": 170.36107837722886, "noise_marginal_std_sum": 191.95175107263694}
{"step": 30, "epoch": 1, "train_loss": 4.089361145019531, "clip_fraction": 1.0, "gradient_norm_mean": 78.91646875, "gradient_norm_max": 181.94622802734375, "step_seconds": 2.4608206171542406, "innovation_std_sum": 170.36107837722886, "noise_marginal_std_sum": 191.95175107263694}
{"step": 40, "epoch": 1, "train_loss": 3.87427978515625, "clip_fraction": 1.0, "gradient_norm_mean": 92.631517578125, "gradient_norm_max": 307.6604309082031, "step_seconds": 2.4401262793689966, "innovation_std_sum": 170.36107837722886, "noise_marginal_std_sum": 191.95175107263694}
{"step": 50, "epoch": 1, "train_loss": 3.643951110839844, "clip_fraction": 0.999, "gradient_norm_mean": 102.8416796875, "gradient_norm_max": 266.2253723144531, "step_seconds": 2.433788688853383, "innovation_std_sum": 170.36107837722886, "noise_marginal_std_sum": 191.95175107263694}
{"epoch": 1, "step": 50, "train_loss": 4.205984440917969, "clip_fraction": 0.99982, "epsilon": 0.8225132733223591, "accuracy": 0.1907, "validation_loss": 3.4397147216796875, "validation_examples": 10000}
{"step": 60, "epoch": 2, "train_loss": 3.4218848876953123, "clip_fraction": 0.997, "gradient_norm_mean": 112.21659375, "gradient_norm_max": 313.2767639160156, "step_seconds": 2.3476864844560623, "innovation_std_sum": 170.36107837722886, "noise_marginal_std_sum": 191.95175107263694}
{"step": 70, "epoch": 2, "train_loss": 3.2597366943359374, "clip_fraction": 0.995, "gradient_norm_mean": 121.89024609375, "gradient_norm_max": 355.6999206542969, "step_seconds": 2.43138743378222, "innovation_std_sum": 170.36107837722886, "noise_marginal_std_sum": 191.95175107263694}
{"step": 80, "epoch": 2, "train_loss": 3.122857971191406, "clip_fraction": 0.992, "gradient_norm_mean": 124.232869140625, "gradient_norm_max": 339.1908264160156, "step_seconds": 2.4477253444492817, "innovation_std_sum": 170.36107837722886, "noise_marginal_std_sum": 191.95175107263694}
{"step": 90, "epoch": 2, "train_loss": 3.0421630859375, "clip_fraction": 0.995, "gradient_norm_mean": 125.887720703125, "gradient_norm_max": 636.9313354492188, "step_seconds": 2.4639990385621786, "innovation_std_sum": 170.36107837722886, "noise_marginal_std_sum": 191.95175107263694}
{"step": 100, "epoch": 2, "train_loss": 2.92181298828125, "clip_fraction": 0.992, "gradient_norm_mean": 129.046779296875, "gradient_norm_max": 392.7045593261719, "step_seconds": 2.43150732293725, "innovation_std_sum": 170.36107837722886, "noise_marginal_std_sum": 191.95175107263694}
{"epoch": 2, "step": 100, "train_loss": 3.2135778210449217, "clip_fraction": 0.99534, "epsilon": 1.203470692230893, "accuracy": 0.3546, "validation_loss": 2.582355871582031, "validation_examples": 10000}
{"step": 110, "epoch": 3, "train_loss": 2.8362958984375, "clip_fraction": 0.986, "gradient_norm_mean": 131.24698828125, "gradient_norm_max": 688.4552612304688, "step_seconds": 2.3591536208987236, "innovation_std_sum": 170.36107837722886, "noise_marginal_std_sum": 191.95175107263694}
{"step": 120, "epoch": 3, "train_loss": 2.7221354370117186, "clip_fraction": 0.985, "gradient_norm_mean": 131.618509765625, "gradient_norm_max": 543.8177490234375, "step_seconds": 2.405176805332303, "innovation_std_sum": 170.36107837722886, "noise_marginal_std_sum": 191.95175107263694}
{"step": 130, "epoch": 3, "train_loss": 2.647993896484375, "clip_fraction": 0.978, "gradient_norm_mean": 131.363046875, "gradient_norm_max": 406.2972106933594, "step_seconds": 2.425519896671176, "innovation_std_sum": 170.36107837722886, "noise_marginal_std_sum": 191.95175107263694}
{"step": 140, "epoch": 3, "train_loss": 2.6537064819335936, "clip_fraction": 0.984, "gradient_norm_mean": 135.55103515625, "gradient_norm_max": 568.9039306640625, "step_seconds": 2.6481266263872385, "innovation_std_sum": 170.36107837722886, "noise_marginal_std_sum": 191.95175107263694}
{"step": 150, "epoch": 3, "train_loss": 2.5780413208007813, "clip_fraction": 0.969, "gradient_norm_mean": 134.58887109375, "gradient_norm_max": 594.7658081054688, "step_seconds": 2.3830110039561987, "innovation_std_sum": 170.36107837722886, "noise_marginal_std_sum": 191.95175107263694}
{"epoch": 3, "step": 150, "train_loss": 2.731726279296875, "clip_fraction": 0.98324, "epsilon": 1.5055269495560253, "accuracy": 0.4331, "validation_loss": 2.1807052917480467, "validation_examples": 10000}
{"step": 160, "epoch": 4, "train_loss": 2.564506164550781, "clip_fraction": 0.97, "gradient_norm_mean": 141.67541796875, "gradient_norm_max": 635.5431518554688, "step_seconds": 2.3759257458150387, "innovation_std_sum": 170.36107837722886, "noise_marginal_std_sum": 191.95175107263694}
{"step": 170, "epoch": 4, "train_loss": 2.5425557861328123, "clip_fraction": 0.968, "gradient_norm_mean": 137.30963671875, "gradient_norm_max": 480.4790344238281, "step_seconds": 2.440727077424526, "innovation_std_sum": 170.36107837722886, "noise_marginal_std_sum": 191.95175107263694}
{"step": 180, "epoch": 4, "train_loss": 2.4683028564453124, "clip_fraction": 0.954, "gradient_norm_mean": 136.65861328125, "gradient_norm_max": 682.564453125, "step_seconds": 2.435115246102214, "innovation_std_sum": 170.36107837722886, "noise_marginal_std_sum": 191.95175107263694}
{"step": 190, "epoch": 4, "train_loss": 2.4857003784179685, "clip_fraction": 0.952, "gradient_norm_mean": 143.5988125, "gradient_norm_max": 581.7769165039062, "step_seconds": 2.435343384742737, "innovation_std_sum": 170.36107837722886, "noise_marginal_std_sum": 191.95175107263694}
{"step": 200, "epoch": 4, "train_loss": 2.3983411865234374, "clip_fraction": 0.962, "gradient_norm_mean": 142.78613671875, "gradient_norm_max": 630.742431640625, "step_seconds": 2.428279384970665, "innovation_std_sum": 170.36107837722886, "noise_marginal_std_sum": 191.95175107263694}
{"epoch": 4, "step": 200, "train_loss": 2.482632362060547, "clip_fraction": 0.96084, "epsilon": 1.766133935060086, "accuracy": 0.4727, "validation_loss": 1.9787425262451173, "validation_examples": 10000}
{"step": 210, "epoch": 5, "train_loss": 2.487927429199219, "clip_fraction": 0.94, "gradient_norm_mean": 146.48, "gradient_norm_max": 679.9163208007812, "step_seconds": 2.30428371950984, "innovation_std_sum": 170.36107837722886, "noise_marginal_std_sum": 191.95175107263694}
{"step": 220, "epoch": 5, "train_loss": 2.35158056640625, "clip_fraction": 0.951, "gradient_norm_mean": 147.935765625, "gradient_norm_max": 743.4373168945312, "step_seconds": 2.3374691363424063, "innovation_std_sum": 170.36107837722886, "noise_marginal_std_sum": 191.95175107263694}
{"step": 230, "epoch": 5, "train_loss": 2.390896728515625, "clip_fraction": 0.931, "gradient_norm_mean": 149.220640625, "gradient_norm_max": 524.4363403320312, "step_seconds": 2.433901773765683, "innovation_std_sum": 170.36107837722886, "noise_marginal_std_sum": 191.95175107263694}
{"step": 240, "epoch": 5, "train_loss": 2.443415222167969, "clip_fraction": 0.94, "gradient_norm_mean": 151.2326171875, "gradient_norm_max": 598.0408935546875, "step_seconds": 2.456813845783472, "innovation_std_sum": 170.36107837722886, "noise_marginal_std_sum": 191.95175107263694}
{"step": 250, "epoch": 5, "train_loss": 2.311545166015625, "clip_fraction": 0.933, "gradient_norm_mean": 146.792, "gradient_norm_max": 457.233154296875, "step_seconds": 2.427659498527646, "innovation_std_sum": 170.36107837722886, "noise_marginal_std_sum": 191.95175107263694}
{"epoch": 5, "step": 250, "train_loss": 2.375357657470703, "clip_fraction": 0.94068, "epsilon": 2.0000000000008775, "accuracy": 0.4908, "validation_loss": 1.8644447723388673, "validation_examples": 10000}
