/home/longt29/miniconda3/envs/curve/lib/python3.11/site-packages/torchvision/datasets/cifar.py:83: VisibleDeprecationWarning: dtype(): align should be passed as Python or NumPy boolean but got `align=0`. Did you mean to pass a tuple to create a subarray type? (Deprecated NumPy 2.4)
  entry = pickle.load(f, encoding="latin1")
sys:1: UserWarning: Full backward hook is firing when gradients are computed with respect to module outputs since no inputs require gradients. See https://docs.pytorch.org/docs/main/generated/torch.nn.Module.html#torch.nn.Module.register_full_backward_hook for more details.
{"step": 10, "epoch": 1, "train_loss": 4.285472045898437, "clip_fraction": 1.0, "gradient_norm_mean": 56.099416015625, "gradient_norm_max": 102.62163543701172, "step_seconds": 2.152701010927558, "innovation_std_sum": 5.128667806092518, "noise_marginal_std_sum": 5.7786483592774935}
{"step": 20, "epoch": 1, "train_loss": 3.5564258422851562, "clip_fraction": 1.0, "gradient_norm_mean": 96.20540625, "gradient_norm_max": 259.53070068359375, "step_seconds": 2.166116466745734, "innovation_std_sum": 5.128667806092518, "noise_marginal_std_sum": 5.7786483592774935}
{"step": 30, "epoch": 1, "train_loss": 3.013472595214844, "clip_fraction": 1.0, "gradient_norm_mean": 114.395275390625, "gradient_norm_max": 362.7074890136719, "step_seconds": 2.1735428888350725, "innovation_std_sum": 5.128667806092518, "noise_marginal_std_sum": 5.7786483592774935}
{"step": 40, "epoch": 1, "train_loss": 2.4890097045898436, "clip_fraction": 1.0, "gradient_norm_mean": 115.738900390625, "gradient_norm_max": 381.0455627441406, "step_seconds": 2.1875697150826454, "innovation_std_sum": 5.128667806092518, "noise_marginal_std_sum": 5.7786483592774935}
{"epoch": 1, "step": 45, "train_loss": 3.4576576226128473, "clip_fraction": 0.9999333333333333, "epsilon": 3.1232761473275077, "accuracy": 0.4798, "validation_loss": 2.0077449279785156, "validation_examples": 5000}
{"step": 50, "epoch": 2, "train_loss": 2.320060974121094, "clip_fraction": 1.0, "gradient_norm_mean": 123.328115234375, "gradient_norm_max": 736.4315185546875, "step_seconds": 2.1461872309446335, "innovation_std_sum": 5.128667806092518, "noise_marginal_std_sum": 5.7786483592774935}
{"step": 60, "epoch": 2, "train_loss": 2.1100347290039063, "clip_fraction": 0.992, "gradient_norm_mean": 119.35839453125, "gradient_norm_max": 510.28326416015625, "step_seconds": 2.161050634458661, "innovation_std_sum": 5.128667806092518, "noise_marginal_std_sum": 5.7786483592774935}
{"step": 70, "epoch": 2, "train_loss": 1.9973513488769532, "clip_fraction": 0.979, "gradient_norm_mean": 120.364283203125, "gradient_norm_max": 559.03173828125, "step_seconds": 2.1802890431135893, "innovation_std_sum": 5.128667806092518, "noise_marginal_std_sum": 5.7786483592774935}
{"step": 80, "epoch": 2, "train_loss": 1.8679036560058593, "clip_fraction": 0.954, "gradient_norm_mean": 117.66626953125, "gradient_norm_max": 677.6796875, "step_seconds": 2.216923739761114, "innovation_std_sum": 5.128667806092518, "noise_marginal_std_sum": 5.7786483592774935}
{"step": 90, "epoch": 2, "train_loss": 1.908447998046875, "clip_fraction": 0.958, "gradient_norm_mean": 128.46390234375, "gradient_norm_max": 663.7269897460938, "step_seconds": 2.1878941785544157, "innovation_std_sum": 5.128667806092518, "noise_marginal_std_sum": 5.7786483592774935}
{"epoch": 2, "step": 90, "train_loss": 2.0680239149305555, "clip_fraction": 0.9786444444444444, "epsilon": 4.650911679155916, "accuracy": 0.6238, "validation_loss": 1.3194846313476563, "validation_examples": 5000}
{"step": 100, "epoch": 3, "train_loss": 1.789733184814453, "clip_fraction": 0.947, "gradient_norm_mean": 123.43731640625, "gradient_norm_max": 607.5563354492188, "step_seconds": 2.1713996939361095, "innovation_std_sum": 5.128667806092518, "noise_marginal_std_sum": 5.7786483592774935}
{"step": 110, "epoch": 3, "train_loss": 1.7915137939453125, "clip_fraction": 0.926, "gradient_norm_mean": 123.859607421875, "gradient_norm_max": 733.4763793945312, "step_seconds": 2.182803086936474, "innovation_std_sum": 5.128667806092518, "noise_marginal_std_sum": 5.7786483592774935}
{"step": 120, "epoch": 3, "train_loss": 1.844150848388672, "clip_fraction": 0.919, "gradient_norm_mean": 129.93674609375, "gradient_norm_max": 571.808349609375, "step_seconds": 2.1904375962913036, "innovation_std_sum": 5.128667806092518, "noise_marginal_std_sum": 5.7786483592774935}
{"step": 130, "epoch": 3, "train_loss": 1.6628784790039062, "clip_fraction": 0.913, "gradient_norm_mean": 125.348521484375, "gradient_norm_max": 655.4370727539062, "step_seconds": 2.1919618360698223, "innovation_std_sum": 5.128667806092518, "noise_marginal_std_sum": 5.7786483592774935}
{"epoch": 3, "step": 135, "train_loss": 1.7714624043782552, "clip_fraction": 0.9236, "epsilon": 5.897166745944287, "accuracy": 0.6674, "validation_loss": 1.1402708801269532, "validation_examples": 5000}
{"step": 140, "epoch": 4, "train_loss": 1.6399759216308594, "clip_fraction": 0.896, "gradient_norm_mean": 121.57634765625, "gradient_norm_max": 620.52783203125, "step_seconds": 2.177156623452902, "innovation_std_sum": 5.128667806092518, "noise_marginal_std_sum": 5.7786483592774935}
{"step": 150, "epoch": 4, "train_loss": 1.5745060424804687, "clip_fraction": 0.876, "gradient_norm_mean": 127.52327734375, "gradient_norm_max": 547.6666259765625, "step_seconds": 2.182400031015277, "innovation_std_sum": 5.128667806092518, "noise_marginal_std_sum": 5.7786483592774935}
{"step": 160, "epoch": 4, "train_loss": 1.5852755737304687, "clip_fraction": 0.867, "gradient_norm_mean": 125.8975390625, "gradient_norm_max": 649.394775390625, "step_seconds": 2.1933571454137564, "innovation_std_sum": 5.128667806092518, "noise_marginal_std_sum": 5.7786483592774935}
{"step": 170, "epoch": 4, "train_loss": 1.5502911376953126, "clip_fraction": 0.852, "gradient_norm_mean": 124.795064453125, "gradient_norm_max": 609.44970703125, "step_seconds": 2.195510867983103, "innovation_std_sum": 5.128667806092518, "noise_marginal_std_sum": 5.7786483592774935}
{"step": 180, "epoch": 4, "train_loss": 1.8004632263183593, "clip_fraction": 0.869, "gradient_norm_mean": 140.96276953125, "gradient_norm_max": 633.1088256835938, "step_seconds": 2.1879801992326975, "innovation_std_sum": 5.128667806092518, "noise_marginal_std_sum": 5.7786483592774935}
{"epoch": 4, "step": 180, "train_loss": 1.6618934963650174, "clip_fraction": 0.8778444444444444, "epsilon": 6.9960307474663415, "accuracy": 0.6884, "validation_loss": 1.0728036407470702, "validation_examples": 5000}
{"step": 190, "epoch": 5, "train_loss": 1.6447536010742188, "clip_fraction": 0.843, "gradient_norm_mean": 125.842609375, "gradient_norm_max": 750.4255981445312, "step_seconds": 2.178826715797186, "innovation_std_sum": 5.128667806092518, "noise_marginal_std_sum": 5.7786483592774935}
{"step": 200, "epoch": 5, "train_loss": 1.6691961669921875, "clip_fraction": 0.863, "gradient_norm_mean": 137.07953125, "gradient_norm_max": 1168.97314453125, "step_seconds": 2.2050685323774815, "innovation_std_sum": 5.128667806092518, "noise_marginal_std_sum": 5.7786483592774935}
{"step": 210, "epoch": 5, "train_loss": 1.7521270446777344, "clip_fraction": 0.858, "gradient_norm_mean": 142.77021484375, "gradient_norm_max": 780.8196411132812, "step_seconds": 2.1873392201960087, "innovation_std_sum": 5.128667806092518, "noise_marginal_std_sum": 5.7786483592774935}
{"step": 220, "epoch": 5, "train_loss": 1.670095947265625, "clip_fraction": 0.846, "gradient_norm_mean": 143.56255859375, "gradient_norm_max": 746.6602172851562, "step_seconds": 2.1903487630188465, "innovation_std_sum": 5.128667806092518, "noise_marginal_std_sum": 5.7786483592774935}
{"epoch": 5, "step": 225, "train_loss": 1.639861210123698, "clip_fraction": 0.8491777777777778, "epsilon": 8.000000000000005, "accuracy": 0.6946, "validation_loss": 1.0733029968261718, "validation_examples": 5000}
