Loading weights:   0%|          | 0/39 [00:00<?, ?it/s]Loading weights: 100%|██████████| 39/39 [00:00<00:00, 18645.60it/s]
[transformers] [1mBertModel LOAD REPORT[0m from: /media/data/data/lt/dp-adam-correlated/cache/bert-tiny
Key                                        | Status     |  | 
-------------------------------------------+------------+--+-
cls.predictions.transform.dense.bias       | UNEXPECTED |  | 
cls.seq_relationship.bias                  | UNEXPECTED |  | 
cls.predictions.bias                       | UNEXPECTED |  | 
cls.predictions.decoder.weight             | UNEXPECTED |  | 
cls.predictions.transform.LayerNorm.weight | UNEXPECTED |  | 
cls.seq_relationship.weight                | UNEXPECTED |  | 
cls.predictions.decoder.bias               | UNEXPECTED |  | 
cls.predictions.transform.dense.weight     | UNEXPECTED |  | 
cls.predictions.transform.LayerNorm.bias   | UNEXPECTED |  | 

Notes:
- UNEXPECTED:	can be ignored when loading from different task/architecture; not ok if you expect identical arch.
sys:1: UserWarning: Full backward hook is firing when gradients are computed with respect to module outputs since no inputs require gradients. See https://docs.pytorch.org/docs/main/generated/torch.nn.Module.html#torch.nn.Module.register_full_backward_hook for more details.
{"step": 10, "epoch": 1, "train_loss": 0.6773792724609375, "clip_fraction": 0.0, "gradient_norm_mean": 37.1838203125, "gradient_norm_max": 68.47569274902344, "step_seconds": 0.26458451710641384, "innovation_std_sum": 512.8644435247487, "noise_marginal_std_sum": 577.8622026533709}
{"step": 20, "epoch": 1, "train_loss": 0.6596751098632813, "clip_fraction": 0.0, "gradient_norm_mean": 39.8785234375, "gradient_norm_max": 77.45342254638672, "step_seconds": 0.2674992959946394, "innovation_std_sum": 512.8644435247487, "noise_marginal_std_sum": 577.8622026533709}
{"step": 30, "epoch": 1, "train_loss": 0.6475502319335937, "clip_fraction": 0.0, "gradient_norm_mean": 45.948828125, "gradient_norm_max": 96.95832824707031, "step_seconds": 0.2675995044410229, "innovation_std_sum": 512.8644435247487, "noise_marginal_std_sum": 577.8622026533709}
{"step": 40, "epoch": 1, "train_loss": 0.6406923828125, "clip_fraction": 0.0, "gradient_norm_mean": 52.1818203125, "gradient_norm_max": 102.4050064086914, "step_seconds": 0.26753395423293114, "innovation_std_sum": 512.8644435247487, "noise_marginal_std_sum": 577.8622026533709}
{"step": 50, "epoch": 1, "train_loss": 0.62056494140625, "clip_fraction": 0.0, "gradient_norm_mean": 57.9951015625, "gradient_norm_max": 133.3115692138672, "step_seconds": 0.16099989600479603, "innovation_std_sum": 512.8644435247487, "noise_marginal_std_sum": 577.8622026533709}
{"step": 60, "epoch": 1, "train_loss": 0.6095103759765625, "clip_fraction": 0.0, "gradient_norm_mean": 64.040421875, "gradient_norm_max": 175.108154296875, "step_seconds": 0.26782223768532276, "innovation_std_sum": 512.8644435247487, "noise_marginal_std_sum": 577.8622026533709}
{"epoch": 1, "step": 62, "train_loss": 0.6461472374700731, "clip_fraction": 0.0, "epsilon": 3.1232923300753557, "accuracy": 0.696578799775659, "validation_loss": 0.5871765670163049, "validation_examples": 5349}
{"step": 70, "epoch": 2, "train_loss": 0.5817633056640625, "clip_fraction": 0.0, "gradient_norm_mean": 67.390921875, "gradient_norm_max": 146.84817504882812, "step_seconds": 0.26844223216176033, "innovation_std_sum": 512.8644435247487, "noise_marginal_std_sum": 577.8622026533709}
{"step": 80, "epoch": 2, "train_loss": 0.5862679443359375, "clip_fraction": 0.0, "gradient_norm_mean": 75.8678984375, "gradient_norm_max": 171.7803192138672, "step_seconds": 0.2683244254440069, "innovation_std_sum": 512.8644435247487, "noise_marginal_std_sum": 577.8622026533709}
{"step": 90, "epoch": 2, "train_loss": 0.5536400756835937, "clip_fraction": 0.0, "gradient_norm_mean": 79.167421875, "gradient_norm_max": 212.64646911621094, "step_seconds": 0.2674203831702471, "innovation_std_sum": 512.8644435247487, "noise_marginal_std_sum": 577.8622026533709}
{"step": 100, "epoch": 2, "train_loss": 0.5478295288085937, "clip_fraction": 0.0, "gradient_norm_mean": 84.11525, "gradient_norm_max": 243.62850952148438, "step_seconds": 0.2694612741470337, "innovation_std_sum": 512.8644435247487, "noise_marginal_std_sum": 577.8622026533709}
{"step": 110, "epoch": 2, "train_loss": 0.5250389404296875, "clip_fraction": 0.0, "gradient_norm_mean": 84.55528125, "gradient_norm_max": 254.15078735351562, "step_seconds": 0.17982947081327438, "innovation_std_sum": 512.8644435247487, "noise_marginal_std_sum": 577.8622026533709}
{"step": 120, "epoch": 2, "train_loss": 0.4937587280273438, "clip_fraction": 0.001, "gradient_norm_mean": 85.771546875, "gradient_norm_max": 310.6643371582031, "step_seconds": 0.269328311085701, "innovation_std_sum": 512.8644435247487, "noise_marginal_std_sum": 577.8622026533709}
{"epoch": 2, "step": 124, "train_loss": 0.5550417657667591, "clip_fraction": 8.064516129032258e-05, "epsilon": 4.65092091490115, "accuracy": 0.7556552626659189, "validation_loss": 0.4992628862399167, "validation_examples": 5349}
{"step": 130, "epoch": 3, "train_loss": 0.502407470703125, "clip_fraction": 0.002, "gradient_norm_mean": 89.7758125, "gradient_norm_max": 302.81219482421875, "step_seconds": 0.2702909614890814, "innovation_std_sum": 512.8644435247487, "noise_marginal_std_sum": 577.8622026533709}
{"step": 140, "epoch": 3, "train_loss": 0.5092558288574218, "clip_fraction": 0.003, "gradient_norm_mean": 91.421421875, "gradient_norm_max": 347.9565124511719, "step_seconds": 0.2697244770824909, "innovation_std_sum": 512.8644435247487, "noise_marginal_std_sum": 577.8622026533709}
{"step": 150, "epoch": 3, "train_loss": 0.49194561767578127, "clip_fraction": 0.002, "gradient_norm_mean": 85.533421875, "gradient_norm_max": 339.56744384765625, "step_seconds": 0.26905100606381893, "innovation_std_sum": 512.8644435247487, "noise_marginal_std_sum": 577.8622026533709}
{"step": 160, "epoch": 3, "train_loss": 0.5212174072265625, "clip_fraction": 0.002, "gradient_norm_mean": 91.1891171875, "gradient_norm_max": 325.12225341796875, "step_seconds": 0.26878443360328674, "innovation_std_sum": 512.8644435247487, "noise_marginal_std_sum": 577.8622026533709}
{"step": 170, "epoch": 3, "train_loss": 0.50668798828125, "clip_fraction": 0.003, "gradient_norm_mean": 89.7059921875, "gradient_norm_max": 350.13836669921875, "step_seconds": 0.17872445471584797, "innovation_std_sum": 512.8644435247487, "noise_marginal_std_sum": 577.8622026533709}
{"step": 180, "epoch": 3, "train_loss": 0.520211669921875, "clip_fraction": 0.007, "gradient_norm_mean": 92.1654140625, "gradient_norm_max": 378.0507507324219, "step_seconds": 0.26835563592612743, "innovation_std_sum": 512.8644435247487, "noise_marginal_std_sum": 577.8622026533709}
{"epoch": 3, "step": 186, "train_loss": 0.4997491026847593, "clip_fraction": 0.0018064516129032257, "epsilon": 5.8971720333737725, "accuracy": 0.7722938867077959, "validation_loss": 0.471468415031212, "validation_examples": 5349}
{"step": 190, "epoch": 4, "train_loss": 0.47216522216796875, "clip_fraction": 0.003, "gradient_norm_mean": 88.63315625, "gradient_norm_max": 344.6999816894531, "step_seconds": 0.13238184340298176, "innovation_std_sum": 512.8644435247487, "noise_marginal_std_sum": 577.8622026533709}
{"step": 200, "epoch": 4, "train_loss": 0.48979791259765626, "clip_fraction": 0.002, "gradient_norm_mean": 88.286484375, "gradient_norm_max": 332.4056396484375, "step_seconds": 0.2709595337510109, "innovation_std_sum": 512.8644435247487, "noise_marginal_std_sum": 577.8622026533709}
{"step": 210, "epoch": 4, "train_loss": 0.4789396667480469, "clip_fraction": 0.002, "gradient_norm_mean": 85.2979375, "gradient_norm_max": 327.509033203125, "step_seconds": 0.2724044006317854, "innovation_std_sum": 512.8644435247487, "noise_marginal_std_sum": 577.8622026533709}
{"step": 220, "epoch": 4, "train_loss": 0.4756103820800781, "clip_fraction": 0.002, "gradient_norm_mean": 83.352, "gradient_norm_max": 340.8132019042969, "step_seconds": 0.2699451297521591, "innovation_std_sum": 512.8644435247487, "noise_marginal_std_sum": 577.8622026533709}
{"step": 230, "epoch": 4, "train_loss": 0.4576718444824219, "clip_fraction": 0.005, "gradient_norm_mean": 84.53925, "gradient_norm_max": 317.30096435546875, "step_seconds": 0.2718119379132986, "innovation_std_sum": 512.8644435247487, "noise_marginal_std_sum": 577.8622026533709}
{"step": 240, "epoch": 4, "train_loss": 0.46489056396484374, "clip_fraction": 0.004, "gradient_norm_mean": 87.46640625, "gradient_norm_max": 398.9630126953125, "step_seconds": 0.2712326552718878, "innovation_std_sum": 512.8644435247487, "noise_marginal_std_sum": 577.8622026533709}
{"epoch": 4, "step": 248, "train_loss": 0.4702807134812878, "clip_fraction": 0.003758064516129032, "epsilon": 6.99603312968092, "accuracy": 0.7934193307160217, "validation_loss": 0.4433942257433121, "validation_examples": 5349}
{"step": 250, "epoch": 5, "train_loss": 0.48405072021484374, "clip_fraction": 0.012, "gradient_norm_mean": 84.123078125, "gradient_norm_max": 338.84735107421875, "step_seconds": 0.27070198208093643, "innovation_std_sum": 512.8644435247487, "noise_marginal_std_sum": 577.8622026533709}
{"step": 260, "epoch": 5, "train_loss": 0.45615216064453123, "clip_fraction": 0.007, "gradient_norm_mean": 82.9397734375, "gradient_norm_max": 349.2465515136719, "step_seconds": 0.2713788766413927, "innovation_std_sum": 512.8644435247487, "noise_marginal_std_sum": 577.8622026533709}
{"step": 270, "epoch": 5, "train_loss": 0.4346552734375, "clip_fraction": 0.007, "gradient_norm_mean": 79.7814453125, "gradient_norm_max": 393.2015075683594, "step_seconds": 0.2700898293405771, "innovation_std_sum": 512.8644435247487, "noise_marginal_std_sum": 577.8622026533709}
{"step": 280, "epoch": 5, "train_loss": 0.43346575927734377, "clip_fraction": 0.003, "gradient_norm_mean": 80.4925625, "gradient_norm_max": 440.47430419921875, "step_seconds": 0.27281180024147034, "innovation_std_sum": 512.8644435247487, "noise_marginal_std_sum": 577.8622026533709}
{"step": 290, "epoch": 5, "train_loss": 0.44047735595703125, "clip_fraction": 0.004, "gradient_norm_mean": 80.9612421875, "gradient_norm_max": 372.7840270996094, "step_seconds": 0.2693613674491644, "innovation_std_sum": 512.8644435247487, "noise_marginal_std_sum": 577.8622026533709}
{"step": 300, "epoch": 5, "train_loss": 0.43483786010742187, "clip_fraction": 0.004, "gradient_norm_mean": 79.2778125, "gradient_norm_max": 377.4846496582031, "step_seconds": 0.12920772470533848, "innovation_std_sum": 512.8644435247487, "noise_marginal_std_sum": 577.8622026533709}
{"step": 310, "epoch": 5, "train_loss": 0.4578478088378906, "clip_fraction": 0.01, "gradient_norm_mean": 83.2585703125, "gradient_norm_max": 411.43756103515625, "step_seconds": 0.12855946645140648, "innovation_std_sum": 512.8644435247487, "noise_marginal_std_sum": 577.8622026533709}
{"epoch": 5, "step": 310, "train_loss": 0.4492537295433783, "clip_fraction": 0.006661290322580645, "epsilon": 8.000000000000007, "accuracy": 0.8037016264722378, "validation_loss": 0.4269021990411102, "validation_examples": 5349}
