/home/longt29/miniconda3/envs/curve/lib/python3.11/site-packages/torchvision/datasets/cifar.py:83: VisibleDeprecationWarning: dtype(): align should be passed as Python or NumPy boolean but got `align=0`. Did you mean to pass a tuple to create a subarray type? (Deprecated NumPy 2.4)
  entry = pickle.load(f, encoding="latin1")
sys:1: UserWarning: Full backward hook is firing when gradients are computed with respect to module outputs since no inputs require gradients. See https://docs.pytorch.org/docs/main/generated/torch.nn.Module.html#torch.nn.Module.register_full_backward_hook for more details.
{"step": 10, "epoch": 1, "train_loss": 4.38149462890625, "clip_fraction": 1.0, "gradient_norm_mean": 66.5321865234375, "gradient_norm_max": 136.03265380859375, "step_seconds": 2.1205045990645885, "innovation_std_sum": 92.37975165974545, "noise_marginal_std_sum": 104.08747856995056}
{"step": 20, "epoch": 1, "train_loss": 3.887127624511719, "clip_fraction": 1.0, "gradient_norm_mean": 82.87928515625, "gradient_norm_max": 183.7093048095703, "step_seconds": 2.117350250482559, "innovation_std_sum": 92.37975165974545, "noise_marginal_std_sum": 104.08747856995056}
{"step": 30, "epoch": 1, "train_loss": 3.483126953125, "clip_fraction": 0.997, "gradient_norm_mean": 104.43836328125, "gradient_norm_max": 274.2972412109375, "step_seconds": 2.1629684790968895, "innovation_std_sum": 92.37975165974545, "noise_marginal_std_sum": 104.08747856995056}
{"step": 40, "epoch": 1, "train_loss": 3.1342863159179686, "clip_fraction": 0.997, "gradient_norm_mean": 112.848609375, "gradient_norm_max": 323.0906677246094, "step_seconds": 2.1210793498903513, "innovation_std_sum": 92.37975165974545, "noise_marginal_std_sum": 104.08747856995056}
{"step": 50, "epoch": 1, "train_loss": 2.8510943603515626, "clip_fraction": 0.988, "gradient_norm_mean": 116.690669921875, "gradient_norm_max": 463.9554443359375, "step_seconds": 2.118676085025072, "innovation_std_sum": 92.37975165974545, "noise_marginal_std_sum": 104.08747856995056}
{"epoch": 1, "step": 50, "train_loss": 3.723549229736328, "clip_fraction": 0.9972, "epsilon": 1.613899548782448, "accuracy": 0.374, "validation_loss": 2.485675323486328, "validation_examples": 10000}
{"step": 60, "epoch": 2, "train_loss": 2.6342501831054688, "clip_fraction": 0.98, "gradient_norm_mean": 121.84424609375, "gradient_norm_max": 410.5856018066406, "step_seconds": 2.103003276512027, "innovation_std_sum": 92.37975165974545, "noise_marginal_std_sum": 104.08747856995056}
{"step": 70, "epoch": 2, "train_loss": 2.4551629028320314, "clip_fraction": 0.966, "gradient_norm_mean": 127.582107421875, "gradient_norm_max": 552.8897094726562, "step_seconds": 2.1136140879243612, "innovation_std_sum": 92.37975165974545, "noise_marginal_std_sum": 104.08747856995056}
{"step": 80, "epoch": 2, "train_loss": 2.343057434082031, "clip_fraction": 0.95, "gradient_norm_mean": 123.67298046875, "gradient_norm_max": 463.3430480957031, "step_seconds": 2.1274850741028786, "innovation_std_sum": 92.37975165974545, "noise_marginal_std_sum": 104.08747856995056}
{"step": 90, "epoch": 2, "train_loss": 2.3154740600585937, "clip_fraction": 0.933, "gradient_norm_mean": 127.19423828125, "gradient_norm_max": 807.3461303710938, "step_seconds": 2.1281657330691814, "innovation_std_sum": 92.37975165974545, "noise_marginal_std_sum": 104.08747856995056}
{"step": 100, "epoch": 2, "train_loss": 2.202694580078125, "clip_fraction": 0.92, "gradient_norm_mean": 125.531876953125, "gradient_norm_max": 522.0145874023438, "step_seconds": 2.1277116425335407, "innovation_std_sum": 92.37975165974545, "noise_marginal_std_sum": 104.08747856995056}
{"epoch": 2, "step": 100, "train_loss": 2.4289645904541017, "clip_fraction": 0.95668, "epsilon": 2.3762042378727872, "accuracy": 0.5318, "validation_loss": 1.7269466918945313, "validation_examples": 10000}
{"step": 110, "epoch": 3, "train_loss": 2.136015625, "clip_fraction": 0.897, "gradient_norm_mean": 128.332310546875, "gradient_norm_max": 612.6322631835938, "step_seconds": 2.1103501580655575, "innovation_std_sum": 92.37975165974545, "noise_marginal_std_sum": 104.08747856995056}
{"step": 120, "epoch": 3, "train_loss": 2.0241446838378905, "clip_fraction": 0.886, "gradient_norm_mean": 127.672642578125, "gradient_norm_max": 661.7613525390625, "step_seconds": 2.1220340318977833, "innovation_std_sum": 92.37975165974545, "noise_marginal_std_sum": 104.08747856995056}
{"step": 130, "epoch": 3, "train_loss": 1.970591796875, "clip_fraction": 0.878, "gradient_norm_mean": 124.95065234375, "gradient_norm_max": 515.9654541015625, "step_seconds": 2.1232531052082777, "innovation_std_sum": 92.37975165974545, "noise_marginal_std_sum": 104.08747856995056}
{"step": 140, "epoch": 3, "train_loss": 2.026674865722656, "clip_fraction": 0.885, "gradient_norm_mean": 130.5556640625, "gradient_norm_max": 644.244140625, "step_seconds": 2.3470531944185495, "innovation_std_sum": 92.37975165974545, "noise_marginal_std_sum": 104.08747856995056}
{"step": 150, "epoch": 3, "train_loss": 1.9852124633789063, "clip_fraction": 0.861, "gradient_norm_mean": 132.087865234375, "gradient_norm_max": 538.5997314453125, "step_seconds": 2.1241746116429567, "innovation_std_sum": 92.37975165974545, "noise_marginal_std_sum": 104.08747856995056}
{"epoch": 3, "step": 150, "train_loss": 2.0607318090820312, "clip_fraction": 0.88918, "epsilon": 2.9873672491319443, "accuracy": 0.5882, "validation_loss": 1.4690964447021484, "validation_examples": 10000}
{"step": 160, "epoch": 4, "train_loss": 1.9898338928222656, "clip_fraction": 0.858, "gradient_norm_mean": 139.0881640625, "gradient_norm_max": 631.0000610351562, "step_seconds": 2.0987326968461275, "innovation_std_sum": 92.37975165974545, "noise_marginal_std_sum": 104.08747856995056}
{"step": 170, "epoch": 4, "train_loss": 1.9317727966308593, "clip_fraction": 0.86, "gradient_norm_mean": 131.9243359375, "gradient_norm_max": 652.628662109375, "step_seconds": 2.122564008459449, "innovation_std_sum": 92.37975165974545, "noise_marginal_std_sum": 104.08747856995056}
{"step": 180, "epoch": 4, "train_loss": 1.9089789123535157, "clip_fraction": 0.832, "gradient_norm_mean": 132.498802734375, "gradient_norm_max": 694.2177124023438, "step_seconds": 2.121766997501254, "innovation_std_sum": 92.37975165974545, "noise_marginal_std_sum": 104.08747856995056}
{"step": 190, "epoch": 4, "train_loss": 1.949908935546875, "clip_fraction": 0.853, "gradient_norm_mean": 137.5815078125, "gradient_norm_max": 663.6058959960938, "step_seconds": 2.1292895898222923, "innovation_std_sum": 92.37975165974545, "noise_marginal_std_sum": 104.08747856995056}
{"step": 200, "epoch": 4, "train_loss": 1.8531485290527343, "clip_fraction": 0.844, "gradient_norm_mean": 136.4950546875, "gradient_norm_max": 621.6417846679688, "step_seconds": 2.1321085020899773, "innovation_std_sum": 92.37975165974545, "noise_marginal_std_sum": 104.08747856995056}
{"epoch": 4, "step": 200, "train_loss": 1.9079089605712891, "clip_fraction": 0.84862, "epsilon": 3.519237623440059, "accuracy": 0.6154, "validation_loss": 1.3654628814697265, "validation_examples": 10000}
{"step": 210, "epoch": 5, "train_loss": 1.9606513977050781, "clip_fraction": 0.823, "gradient_norm_mean": 141.8160703125, "gradient_norm_max": 798.3552856445312, "step_seconds": 2.128920789808035, "innovation_std_sum": 92.37975165974545, "noise_marginal_std_sum": 104.08747856995056}
{"step": 220, "epoch": 5, "train_loss": 1.8412941284179687, "clip_fraction": 0.836, "gradient_norm_mean": 138.31824609375, "gradient_norm_max": 932.6141967773438, "step_seconds": 2.1430581100285053, "innovation_std_sum": 92.37975165974545, "noise_marginal_std_sum": 104.08747856995056}
{"step": 230, "epoch": 5, "train_loss": 1.8969378662109375, "clip_fraction": 0.829, "gradient_norm_mean": 142.03159765625, "gradient_norm_max": 1056.025390625, "step_seconds": 2.125864764675498, "innovation_std_sum": 92.37975165974545, "noise_marginal_std_sum": 104.08747856995056}
{"step": 240, "epoch": 5, "train_loss": 1.929718719482422, "clip_fraction": 0.84, "gradient_norm_mean": 144.6305, "gradient_norm_max": 728.9232788085938, "step_seconds": 2.1288417764008045, "innovation_std_sum": 92.37975165974545, "noise_marginal_std_sum": 104.08747856995056}
{"step": 250, "epoch": 5, "train_loss": 1.8312036743164062, "clip_fraction": 0.826, "gradient_norm_mean": 143.37248046875, "gradient_norm_max": 618.3607177734375, "step_seconds": 2.1224795021116734, "innovation_std_sum": 92.37975165974545, "noise_marginal_std_sum": 104.08747856995056}
{"epoch": 5, "step": 250, "train_loss": 1.8598375158691407, "clip_fraction": 0.82678, "epsilon": 3.9999999999999685, "accuracy": 0.6253, "validation_loss": 1.3177852813720703, "validation_examples": 10000}
