/home/longt29/miniconda3/envs/curve/lib/python3.11/site-packages/torchvision/datasets/cifar.py:83: VisibleDeprecationWarning: dtype(): align should be passed as Python or NumPy boolean but got `align=0`. Did you mean to pass a tuple to create a subarray type? (Deprecated NumPy 2.4)
  entry = pickle.load(f, encoding="latin1")
sys:1: UserWarning: Full backward hook is firing when gradients are computed with respect to module outputs since no inputs require gradients. See https://docs.pytorch.org/docs/main/generated/torch.nn.Module.html#torch.nn.Module.register_full_backward_hook for more details.
{"step": 10, "epoch": 1, "train_loss": 4.342768798828125, "clip_fraction": 1.0, "gradient_norm_mean": 53.6055234375, "gradient_norm_max": 124.94056701660156, "step_seconds": 2.165570979937911, "innovation_std_sum": 73.20888572058001, "noise_marginal_std_sum": 85.59034234029004}
{"step": 20, "epoch": 1, "train_loss": 3.776685241699219, "clip_fraction": 1.0, "gradient_norm_mean": 82.365251953125, "gradient_norm_max": 204.9363250732422, "step_seconds": 2.1700857020914555, "innovation_std_sum": 73.20888572058001, "noise_marginal_std_sum": 85.59034234029004}
{"step": 30, "epoch": 1, "train_loss": 3.2433491821289064, "clip_fraction": 0.999, "gradient_norm_mean": 103.80239453125, "gradient_norm_max": 328.4774169921875, "step_seconds": 2.20716904848814, "innovation_std_sum": 73.20888572058001, "noise_marginal_std_sum": 85.59034234029004}
{"step": 40, "epoch": 1, "train_loss": 2.7951735229492187, "clip_fraction": 0.992, "gradient_norm_mean": 110.26043359375, "gradient_norm_max": 328.49163818359375, "step_seconds": 2.188564719632268, "innovation_std_sum": 73.20888572058001, "noise_marginal_std_sum": 85.59034234029004}
{"step": 50, "epoch": 1, "train_loss": 2.5358753662109375, "clip_fraction": 0.968, "gradient_norm_mean": 110.725154296875, "gradient_norm_max": 447.82623291015625, "step_seconds": 2.2024998795241117, "innovation_std_sum": 73.20888572058001, "noise_marginal_std_sum": 85.59034234029004}
{"epoch": 1, "step": 50, "train_loss": 3.545637861328125, "clip_fraction": 0.99366, "epsilon": 3.037976902428692, "accuracy": 0.47, "validation_loss": 2.0749974090576173, "validation_examples": 10000}
{"step": 60, "epoch": 2, "train_loss": 2.2198912658691405, "clip_fraction": 0.934, "gradient_norm_mean": 109.341998046875, "gradient_norm_max": 570.97021484375, "step_seconds": 2.1810397580266, "innovation_std_sum": 73.20888572058001, "noise_marginal_std_sum": 85.59034234029004}
{"step": 70, "epoch": 2, "train_loss": 2.0937088623046876, "clip_fraction": 0.916, "gradient_norm_mean": 110.04069921875, "gradient_norm_max": 599.1427001953125, "step_seconds": 2.177701471373439, "innovation_std_sum": 73.20888572058001, "noise_marginal_std_sum": 85.59034234029004}
{"step": 80, "epoch": 2, "train_loss": 1.9716566467285157, "clip_fraction": 0.872, "gradient_norm_mean": 109.625982421875, "gradient_norm_max": 472.4918212890625, "step_seconds": 2.1957462914288044, "innovation_std_sum": 73.20888572058001, "noise_marginal_std_sum": 85.59034234029004}
{"step": 90, "epoch": 2, "train_loss": 1.7581859436035157, "clip_fraction": 0.855, "gradient_norm_mean": 108.287822265625, "gradient_norm_max": 539.612548828125, "step_seconds": 2.196733135730028, "innovation_std_sum": 73.20888572058001, "noise_marginal_std_sum": 85.59034234029004}
{"step": 100, "epoch": 2, "train_loss": 1.75780712890625, "clip_fraction": 0.811, "gradient_norm_mean": 106.799837890625, "gradient_norm_max": 741.8468627929688, "step_seconds": 2.1945928055793047, "innovation_std_sum": 73.20888572058001, "noise_marginal_std_sum": 85.59034234029004}
{"epoch": 2, "step": 100, "train_loss": 2.0134577337646484, "clip_fraction": 0.88868, "epsilon": 4.600416946348178, "accuracy": 0.6507, "validation_loss": 1.244659765625, "validation_examples": 10000}
{"step": 110, "epoch": 3, "train_loss": 1.667024658203125, "clip_fraction": 0.803, "gradient_norm_mean": 107.51002734375, "gradient_norm_max": 597.1531982421875, "step_seconds": 2.180238362401724, "innovation_std_sum": 73.20888572058001, "noise_marginal_std_sum": 85.59034234029004}
{"step": 120, "epoch": 3, "train_loss": 1.573041259765625, "clip_fraction": 0.761, "gradient_norm_mean": 107.059130859375, "gradient_norm_max": 642.9491577148438, "step_seconds": 2.1854539811611176, "innovation_std_sum": 73.20888572058001, "noise_marginal_std_sum": 85.59034234029004}
{"step": 130, "epoch": 3, "train_loss": 1.6180053100585938, "clip_fraction": 0.778, "gradient_norm_mean": 110.124873046875, "gradient_norm_max": 791.5994262695312, "step_seconds": 2.175816996023059, "innovation_std_sum": 73.20888572058001, "noise_marginal_std_sum": 85.59034234029004}
{"step": 140, "epoch": 3, "train_loss": 1.5604621276855468, "clip_fraction": 0.756, "gradient_norm_mean": 108.468275390625, "gradient_norm_max": 527.2515869140625, "step_seconds": 2.1778744254261255, "innovation_std_sum": 73.20888572058001, "noise_marginal_std_sum": 85.59034234029004}
{"step": 150, "epoch": 3, "train_loss": 1.562457550048828, "clip_fraction": 0.707, "gradient_norm_mean": 106.662994140625, "gradient_norm_max": 499.6333923339844, "step_seconds": 2.1870243195444345, "innovation_std_sum": 73.20888572058001, "noise_marginal_std_sum": 85.59034234029004}
{"epoch": 3, "step": 150, "train_loss": 1.6018379803466798, "clip_fraction": 0.76986, "epsilon": 5.868262919898993, "accuracy": 0.7178, "validation_loss": 0.9772665649414063, "validation_examples": 10000}
{"step": 160, "epoch": 4, "train_loss": 1.503096466064453, "clip_fraction": 0.722, "gradient_norm_mean": 109.490216796875, "gradient_norm_max": 749.6559448242188, "step_seconds": 2.185747744515538, "innovation_std_sum": 73.20888572058001, "noise_marginal_std_sum": 85.59034234029004}
{"step": 170, "epoch": 4, "train_loss": 1.4215360107421875, "clip_fraction": 0.704, "gradient_norm_mean": 107.644744140625, "gradient_norm_max": 779.705810546875, "step_seconds": 2.1883195359259844, "innovation_std_sum": 73.20888572058001, "noise_marginal_std_sum": 85.59034234029004}
{"step": 180, "epoch": 4, "train_loss": 1.4586072082519532, "clip_fraction": 0.701, "gradient_norm_mean": 107.94601171875, "gradient_norm_max": 579.83642578125, "step_seconds": 2.1985932011157274, "innovation_std_sum": 73.20888572058001, "noise_marginal_std_sum": 85.59034234029004}
{"step": 190, "epoch": 4, "train_loss": 1.546498504638672, "clip_fraction": 0.687, "gradient_norm_mean": 109.9270703125, "gradient_norm_max": 603.449951171875, "step_seconds": 2.190514825284481, "innovation_std_sum": 73.20888572058001, "noise_marginal_std_sum": 85.59034234029004}
{"step": 200, "epoch": 4, "train_loss": 1.4423514709472656, "clip_fraction": 0.675, "gradient_norm_mean": 106.298841796875, "gradient_norm_max": 592.6845092773438, "step_seconds": 2.1817936953157187, "innovation_std_sum": 73.20888572058001, "noise_marginal_std_sum": 85.59034234029004}
{"epoch": 4, "step": 200, "train_loss": 1.4329273370361328, "clip_fraction": 0.69998, "epsilon": 6.9830197665238485, "accuracy": 0.7499, "validation_loss": 0.8517887542724609, "validation_examples": 10000}
{"step": 210, "epoch": 5, "train_loss": 1.3230357055664062, "clip_fraction": 0.662, "gradient_norm_mean": 102.214373046875, "gradient_norm_max": 610.7997436523438, "step_seconds": 2.1539720110595226, "innovation_std_sum": 73.20888572058001, "noise_marginal_std_sum": 85.59034234029004}
{"step": 220, "epoch": 5, "train_loss": 1.3499074401855469, "clip_fraction": 0.677, "gradient_norm_mean": 110.3612734375, "gradient_norm_max": 706.24951171875, "step_seconds": 2.1678818333894014, "innovation_std_sum": 73.20888572058001, "noise_marginal_std_sum": 85.59034234029004}
{"step": 230, "epoch": 5, "train_loss": 1.3199924926757813, "clip_fraction": 0.66, "gradient_norm_mean": 105.99333203125, "gradient_norm_max": 708.6273193359375, "step_seconds": 2.1754023488610983, "innovation_std_sum": 73.20888572058001, "noise_marginal_std_sum": 85.59034234029004}
{"step": 240, "epoch": 5, "train_loss": 1.3617561340332032, "clip_fraction": 0.654, "gradient_norm_mean": 107.71375390625, "gradient_norm_max": 615.3343505859375, "step_seconds": 2.178740616887808, "innovation_std_sum": 73.20888572058001, "noise_marginal_std_sum": 85.59034234029004}
{"step": 250, "epoch": 5, "train_loss": 1.3295972290039062, "clip_fraction": 0.64, "gradient_norm_mean": 107.931392578125, "gradient_norm_max": 592.1207885742188, "step_seconds": 2.1807834338396788, "innovation_std_sum": 73.20888572058001, "noise_marginal_std_sum": 85.59034234029004}
{"epoch": 5, "step": 250, "train_loss": 1.3356845196533202, "clip_fraction": 0.6552, "epsilon": 8.000000000000005, "accuracy": 0.7694, "validation_loss": 0.7806571136474609, "validation_examples": 10000}
