Loading weights:   0%|          | 0/39 [00:00<?, ?it/s]Loading weights: 100%|██████████| 39/39 [00:00<00:00, 19466.60it/s]
[transformers] [1mBertModel LOAD REPORT[0m from: /media/data/data/lt/dp-adam-correlated/cache/bert-tiny
Key                                        | Status     |  | 
-------------------------------------------+------------+--+-
cls.predictions.decoder.weight             | UNEXPECTED |  | 
cls.seq_relationship.bias                  | UNEXPECTED |  | 
cls.predictions.transform.LayerNorm.weight | UNEXPECTED |  | 
cls.predictions.decoder.bias               | UNEXPECTED |  | 
cls.predictions.bias                       | UNEXPECTED |  | 
cls.seq_relationship.weight                | UNEXPECTED |  | 
cls.predictions.transform.LayerNorm.bias   | UNEXPECTED |  | 
cls.predictions.transform.dense.bias       | UNEXPECTED |  | 
cls.predictions.transform.dense.weight     | UNEXPECTED |  | 

Notes:
- UNEXPECTED:	can be ignored when loading from different task/architecture; not ok if you expect identical arch.
sys:1: UserWarning: Full backward hook is firing when gradients are computed with respect to module outputs since no inputs require gradients. See https://docs.pytorch.org/docs/main/generated/torch.nn.Module.html#torch.nn.Module.register_full_backward_hook for more details.
{"step": 62, "epoch": 1.0, "train_loss": 0.7185353551064767, "clip_fraction": 0.6790322580645161, "validation_loss": 0.7505943218465831, "accuracy": 0.5913254813983922, "validation_examples": 5349, "epsilon": 3.054089440266452}
{"step": 124, "epoch": 2.0, "train_loss": 0.654267041606288, "clip_fraction": 0.7018709677419354, "validation_loss": 0.6839202179109121, "accuracy": 0.7315386053467938, "validation_examples": 5349, "epsilon": 4.610238743691153}
{"step": 186, "epoch": 3.0, "train_loss": 0.6960747030934981, "clip_fraction": 0.5387258064516128, "validation_loss": 0.7085709742105526, "accuracy": 0.7642550009347542, "validation_examples": 5349, "epsilon": 5.873890881586912}
{"step": 248, "epoch": 4.0, "train_loss": 0.7022692221364667, "clip_fraction": 0.4734516129032258, "validation_loss": 0.714477377888153, "accuracy": 0.776219854178351, "validation_examples": 5349, "epsilon": 6.985551657770657}
{"step": 310, "epoch": 5.0, "train_loss": 0.6883420016381049, "clip_fraction": 0.43856451612903236, "validation_loss": 0.7022237066332035, "accuracy": 0.7829500841278744, "validation_examples": 5349, "epsilon": 8.000000000000007}
