Loading weights:   0%|          | 0/39 [00:00<?, ?it/s]Loading weights: 100%|██████████| 39/39 [00:00<00:00, 12332.47it/s]
[transformers] [1mBertModel LOAD REPORT[0m from: /media/data/data/lt/dp-adam-correlated/cache/bert-tiny
Key                                        | Status     |  | 
-------------------------------------------+------------+--+-
cls.predictions.decoder.weight             | UNEXPECTED |  | 
cls.predictions.bias                       | UNEXPECTED |  | 
cls.predictions.decoder.bias               | UNEXPECTED |  | 
cls.seq_relationship.bias                  | UNEXPECTED |  | 
cls.predictions.transform.LayerNorm.weight | UNEXPECTED |  | 
cls.predictions.transform.dense.weight     | UNEXPECTED |  | 
cls.seq_relationship.weight                | UNEXPECTED |  | 
cls.predictions.transform.dense.bias       | UNEXPECTED |  | 
cls.predictions.transform.LayerNorm.bias   | UNEXPECTED |  | 

Notes:
- UNEXPECTED:	can be ignored when loading from different task/architecture; not ok if you expect identical arch.
sys:1: UserWarning: Full backward hook is firing when gradients are computed with respect to module outputs since no inputs require gradients. See https://docs.pytorch.org/docs/main/generated/torch.nn.Module.html#torch.nn.Module.register_full_backward_hook for more details.
{"step": 62, "epoch": 1.0, "train_loss": 1.8726806620936238, "clip_fraction": 0.8605645161290323, "validation_loss": 2.425133055271356, "accuracy": 0.557861282482707, "validation_examples": 5349, "epsilon": 3.123292330075357}
{"step": 124, "epoch": 2.0, "train_loss": 1.454419660998929, "clip_fraction": 0.8206451612903226, "validation_loss": 1.3248502239598852, "accuracy": 0.7270517853804449, "validation_examples": 5349, "epsilon": 4.65092091490115}
{"step": 186, "epoch": 3.0, "train_loss": 1.444612572454637, "clip_fraction": 0.5772258064516128, "validation_loss": 1.495123633047558, "accuracy": 0.7693026733968966, "validation_examples": 5349, "epsilon": 5.897172033373774}
{"step": 248, "epoch": 4.0, "train_loss": 1.3923165401335684, "clip_fraction": 0.49782258064516133, "validation_loss": 1.4395559970230272, "accuracy": 0.7795849691531127, "validation_examples": 5349, "epsilon": 6.996033129680916}
{"step": 310, "epoch": 5.0, "train_loss": 1.3324052242155997, "clip_fraction": 0.4577741935483871, "validation_loss": 1.3787664975779461, "accuracy": 0.7898672649093288, "validation_examples": 5349, "epsilon": 8.000000000000005}
