Loading weights:   0%|          | 0/39 [00:00<?, ?it/s]Loading weights: 100%|██████████| 39/39 [00:00<00:00, 8056.83it/s]
[transformers] [1mBertModel LOAD REPORT[0m from: /media/data/data/lt/dp-adam-correlated/cache/bert-tiny
Key                                        | Status     |  | 
-------------------------------------------+------------+--+-
cls.predictions.transform.LayerNorm.weight | UNEXPECTED |  | 
cls.predictions.transform.dense.bias       | UNEXPECTED |  | 
cls.predictions.decoder.weight             | UNEXPECTED |  | 
cls.predictions.transform.dense.weight     | UNEXPECTED |  | 
cls.seq_relationship.weight                | UNEXPECTED |  | 
cls.predictions.transform.LayerNorm.bias   | UNEXPECTED |  | 
cls.predictions.decoder.bias               | UNEXPECTED |  | 
cls.predictions.bias                       | UNEXPECTED |  | 
cls.seq_relationship.bias                  | UNEXPECTED |  | 

Notes:
- UNEXPECTED:	can be ignored when loading from different task/architecture; not ok if you expect identical arch.
sys:1: UserWarning: Full backward hook is firing when gradients are computed with respect to module outputs since no inputs require gradients. See https://docs.pytorch.org/docs/main/generated/torch.nn.Module.html#torch.nn.Module.register_full_backward_hook for more details.
{"step": 62, "epoch": 1.0, "train_loss": 0.7033610554356727, "clip_fraction": 0.028919354838709672, "validation_loss": 0.692982368947056, "accuracy": 0.5088801645167321, "validation_examples": 5349, "epsilon": 2.983473211150575}
{"step": 124, "epoch": 2.0, "train_loss": 0.6889946466261342, "clip_fraction": 0.021903225806451612, "validation_loss": 0.6852368468724805, "accuracy": 0.5683305290708544, "validation_examples": 5349, "epsilon": 4.566965972959099}
{"step": 186, "epoch": 3.0, "train_loss": 0.6850697789346017, "clip_fraction": 0.028322580645161282, "validation_loss": 0.6826728397183249, "accuracy": 0.5659001682557487, "validation_examples": 5349, "epsilon": 5.849088165717443}
{"step": 248, "epoch": 4.0, "train_loss": 0.6833461618731098, "clip_fraction": 0.03583870967741935, "validation_loss": 0.6809313209463802, "accuracy": 0.5636567582725743, "validation_examples": 5349, "epsilon": 6.974398475295221}
{"step": 310, "epoch": 5.0, "train_loss": 0.6817760462607105, "clip_fraction": 0.03851612903225806, "validation_loss": 0.6793207663156136, "accuracy": 0.5649654140960927, "validation_examples": 5349, "epsilon": 8.000000000000005}
