Loading weights:   0%|          | 0/39 [00:00<?, ?it/s]Loading weights: 100%|██████████| 39/39 [00:00<00:00, 18414.71it/s]
[transformers] [1mBertModel LOAD REPORT[0m from: /media/data/data/lt/dp-adam-correlated/cache/bert-tiny
Key                                        | Status     |  | 
-------------------------------------------+------------+--+-
cls.predictions.decoder.weight             | UNEXPECTED |  | 
cls.predictions.bias                       | UNEXPECTED |  | 
cls.predictions.transform.LayerNorm.weight | UNEXPECTED |  | 
cls.predictions.transform.dense.weight     | UNEXPECTED |  | 
cls.predictions.transform.LayerNorm.bias   | UNEXPECTED |  | 
cls.seq_relationship.weight                | UNEXPECTED |  | 
cls.predictions.decoder.bias               | UNEXPECTED |  | 
cls.predictions.transform.dense.bias       | UNEXPECTED |  | 
cls.seq_relationship.bias                  | UNEXPECTED |  | 

Notes:
- UNEXPECTED:	can be ignored when loading from different task/architecture; not ok if you expect identical arch.
sys:1: UserWarning: Full backward hook is firing when gradients are computed with respect to module outputs since no inputs require gradients. See https://docs.pytorch.org/docs/main/generated/torch.nn.Module.html#torch.nn.Module.register_full_backward_hook for more details.
{"step": 10, "epoch": 1, "train_loss": 0.678286865234375, "clip_fraction": 0.001, "gradient_norm_mean": 119.96371875, "gradient_norm_max": 211.2996368408203, "step_seconds": 0.134067352861166, "innovation_std_sum": 341.90962901649914, "noise_marginal_std_sum": 385.2414684355806}
{"step": 20, "epoch": 1, "train_loss": 0.6585425415039062, "clip_fraction": 0.009, "gradient_norm_mean": 140.84584375, "gradient_norm_max": 264.8226013183594, "step_seconds": 0.27210189402103424, "innovation_std_sum": 341.90962901649914, "noise_marginal_std_sum": 385.2414684355806}
{"step": 30, "epoch": 1, "train_loss": 0.639740966796875, "clip_fraction": 0.333, "gradient_norm_mean": 179.279078125, "gradient_norm_max": 367.36444091796875, "step_seconds": 0.26432632841169834, "innovation_std_sum": 341.90962901649914, "noise_marginal_std_sum": 385.2414684355806}
{"step": 40, "epoch": 1, "train_loss": 0.62292724609375, "clip_fraction": 0.623, "gradient_norm_mean": 226.9190625, "gradient_norm_max": 460.44500732421875, "step_seconds": 0.2712282259017229, "innovation_std_sum": 341.90962901649914, "noise_marginal_std_sum": 385.2414684355806}
{"step": 50, "epoch": 1, "train_loss": 0.618681396484375, "clip_fraction": 0.653, "gradient_norm_mean": 285.36325, "gradient_norm_max": 780.283447265625, "step_seconds": 0.2661498226225376, "innovation_std_sum": 341.90962901649914, "noise_marginal_std_sum": 385.2414684355806}
{"step": 60, "epoch": 1, "train_loss": 0.57291943359375, "clip_fraction": 0.706, "gradient_norm_mean": 359.1644375, "gradient_norm_max": 1164.8363037109375, "step_seconds": 0.2686582338064909, "innovation_std_sum": 341.90962901649914, "noise_marginal_std_sum": 385.2414684355806}
{"epoch": 1, "step": 62, "train_loss": 0.6370336618731098, "clip_fraction": 0.36058064516129035, "epsilon": 3.1232923300753557, "accuracy": 0.7064871938680127, "validation_loss": 0.5571296308214007, "validation_examples": 5349}
{"step": 70, "epoch": 2, "train_loss": 0.56182275390625, "clip_fraction": 0.623, "gradient_norm_mean": 427.944125, "gradient_norm_max": 1873.43359375, "step_seconds": 0.270971966907382, "innovation_std_sum": 341.90962901649914, "noise_marginal_std_sum": 385.2414684355806}
{"step": 80, "epoch": 2, "train_loss": 0.5967733154296875, "clip_fraction": 0.616, "gradient_norm_mean": 514.03796875, "gradient_norm_max": 2137.381103515625, "step_seconds": 0.27167532965540886, "innovation_std_sum": 341.90962901649914, "noise_marginal_std_sum": 385.2414684355806}
{"step": 90, "epoch": 2, "train_loss": 0.5782406005859375, "clip_fraction": 0.542, "gradient_norm_mean": 538.6045, "gradient_norm_max": 2690.186767578125, "step_seconds": 0.27184645272791386, "innovation_std_sum": 341.90962901649914, "noise_marginal_std_sum": 385.2414684355806}
{"step": 100, "epoch": 2, "train_loss": 0.596109130859375, "clip_fraction": 0.513, "gradient_norm_mean": 616.28, "gradient_norm_max": 3215.661865234375, "step_seconds": 0.2664845213294029, "innovation_std_sum": 341.90962901649914, "noise_marginal_std_sum": 385.2414684355806}
{"step": 110, "epoch": 2, "train_loss": 0.605341796875, "clip_fraction": 0.486, "gradient_norm_mean": 632.0815625, "gradient_norm_max": 4023.65185546875, "step_seconds": 0.2695018742233515, "innovation_std_sum": 341.90962901649914, "noise_marginal_std_sum": 385.2414684355806}
{"step": 120, "epoch": 2, "train_loss": 0.5553302001953125, "clip_fraction": 0.485, "gradient_norm_mean": 634.10425, "gradient_norm_max": 6391.7041015625, "step_seconds": 0.2710941005498171, "innovation_std_sum": 341.90962901649914, "noise_marginal_std_sum": 385.2414684355806}
{"epoch": 2, "step": 124, "train_loss": 0.5851465956164944, "clip_fraction": 0.5565, "epsilon": 4.65092091490115, "accuracy": 0.7661245092540662, "validation_loss": 0.6100791136691182, "validation_examples": 5349}
{"step": 130, "epoch": 3, "train_loss": 0.5729021606445313, "clip_fraction": 0.447, "gradient_norm_mean": 659.64825, "gradient_norm_max": 4377.31787109375, "step_seconds": 0.26872806437313557, "innovation_std_sum": 341.90962901649914, "noise_marginal_std_sum": 385.2414684355806}
{"step": 140, "epoch": 3, "train_loss": 0.6078177490234375, "clip_fraction": 0.454, "gradient_norm_mean": 695.149875, "gradient_norm_max": 5375.5869140625, "step_seconds": 0.18132485635578632, "innovation_std_sum": 341.90962901649914, "noise_marginal_std_sum": 385.2414684355806}
{"step": 150, "epoch": 3, "train_loss": 0.6347949829101562, "clip_fraction": 0.447, "gradient_norm_mean": 678.9275, "gradient_norm_max": 4330.1748046875, "step_seconds": 0.2698654420673847, "innovation_std_sum": 341.90962901649914, "noise_marginal_std_sum": 385.2414684355806}
{"step": 160, "epoch": 3, "train_loss": 0.6544725341796875, "clip_fraction": 0.455, "gradient_norm_mean": 716.23725, "gradient_norm_max": 4403.001953125, "step_seconds": 0.26943213678896427, "innovation_std_sum": 341.90962901649914, "noise_marginal_std_sum": 385.2414684355806}
{"step": 170, "epoch": 3, "train_loss": 0.65465771484375, "clip_fraction": 0.443, "gradient_norm_mean": 700.865125, "gradient_norm_max": 4562.93310546875, "step_seconds": 0.2674511466175318, "innovation_std_sum": 341.90962901649914, "noise_marginal_std_sum": 385.2414684355806}
{"step": 180, "epoch": 3, "train_loss": 0.671490234375, "clip_fraction": 0.426, "gradient_norm_mean": 690.0099375, "gradient_norm_max": 5280.07080078125, "step_seconds": 0.2701496500521898, "innovation_std_sum": 341.90962901649914, "noise_marginal_std_sum": 385.2414684355806}
{"epoch": 3, "step": 186, "train_loss": 0.6079538854783582, "clip_fraction": 0.44051612903225806, "epsilon": 5.8971720333737725, "accuracy": 0.7855673957749112, "validation_loss": 0.5886069208823714, "validation_examples": 5349}
{"step": 190, "epoch": 4, "train_loss": 0.5613203125, "clip_fraction": 0.414, "gradient_norm_mean": 684.154125, "gradient_norm_max": 5571.49560546875, "step_seconds": 0.2701850291341543, "innovation_std_sum": 341.90962901649914, "noise_marginal_std_sum": 385.2414684355806}
{"step": 200, "epoch": 4, "train_loss": 0.5886983642578125, "clip_fraction": 0.422, "gradient_norm_mean": 661.8635, "gradient_norm_max": 5931.19140625, "step_seconds": 0.26418002508580685, "innovation_std_sum": 341.90962901649914, "noise_marginal_std_sum": 385.2414684355806}
{"step": 210, "epoch": 4, "train_loss": 0.6198945922851562, "clip_fraction": 0.418, "gradient_norm_mean": 714.095, "gradient_norm_max": 5671.9365234375, "step_seconds": 0.269223989918828, "innovation_std_sum": 341.90962901649914, "noise_marginal_std_sum": 385.2414684355806}
{"step": 220, "epoch": 4, "train_loss": 0.57688623046875, "clip_fraction": 0.398, "gradient_norm_mean": 629.395625, "gradient_norm_max": 4554.59619140625, "step_seconds": 0.26973358541727066, "innovation_std_sum": 341.90962901649914, "noise_marginal_std_sum": 385.2414684355806}
{"step": 230, "epoch": 4, "train_loss": 0.5898158569335937, "clip_fraction": 0.4, "gradient_norm_mean": 665.49225, "gradient_norm_max": 7343.58349609375, "step_seconds": 0.26873681135475636, "innovation_std_sum": 341.90962901649914, "noise_marginal_std_sum": 385.2414684355806}
{"step": 240, "epoch": 4, "train_loss": 0.5660606079101562, "clip_fraction": 0.393, "gradient_norm_mean": 692.451125, "gradient_norm_max": 7328.1953125, "step_seconds": 0.2693360112607479, "innovation_std_sum": 341.90962901649914, "noise_marginal_std_sum": 385.2414684355806}
{"epoch": 4, "step": 248, "train_loss": 0.5814265953802293, "clip_fraction": 0.3975967741935484, "epsilon": 6.99603312968092, "accuracy": 0.7994017573378202, "validation_loss": 0.563890373356923, "validation_examples": 5349}
{"step": 250, "epoch": 5, "train_loss": 0.609003173828125, "clip_fraction": 0.364, "gradient_norm_mean": 571.52975, "gradient_norm_max": 5785.93505859375, "step_seconds": 0.2707503605633974, "innovation_std_sum": 341.90962901649914, "noise_marginal_std_sum": 385.2414684355806}
{"step": 260, "epoch": 5, "train_loss": 0.5503958740234375, "clip_fraction": 0.362, "gradient_norm_mean": 615.2214375, "gradient_norm_max": 6504.78662109375, "step_seconds": 0.2683601528406143, "innovation_std_sum": 341.90962901649914, "noise_marginal_std_sum": 385.2414684355806}
{"step": 270, "epoch": 5, "train_loss": 0.5470562744140625, "clip_fraction": 0.369, "gradient_norm_mean": 596.330125, "gradient_norm_max": 5643.982421875, "step_seconds": 0.2734721563756466, "innovation_std_sum": 341.90962901649914, "noise_marginal_std_sum": 385.2414684355806}
{"step": 280, "epoch": 5, "train_loss": 0.5291795043945312, "clip_fraction": 0.364, "gradient_norm_mean": 595.0383125, "gradient_norm_max": 7638.35595703125, "step_seconds": 0.272822180762887, "innovation_std_sum": 341.90962901649914, "noise_marginal_std_sum": 385.2414684355806}
{"step": 290, "epoch": 5, "train_loss": 0.534498291015625, "clip_fraction": 0.348, "gradient_norm_mean": 561.643, "gradient_norm_max": 6474.15625, "step_seconds": 0.26839942671358585, "innovation_std_sum": 341.90962901649914, "noise_marginal_std_sum": 385.2414684355806}
{"step": 300, "epoch": 5, "train_loss": 0.5296385498046875, "clip_fraction": 0.349, "gradient_norm_mean": 570.258875, "gradient_norm_max": 6991.12939453125, "step_seconds": 0.2682720199227333, "innovation_std_sum": 341.90962901649914, "noise_marginal_std_sum": 385.2414684355806}
{"step": 310, "epoch": 5, "train_loss": 0.59483837890625, "clip_fraction": 0.371, "gradient_norm_mean": 579.6486875, "gradient_norm_max": 8424.2626953125, "step_seconds": 0.2687073554843664, "innovation_std_sum": 341.90962901649914, "noise_marginal_std_sum": 385.2414684355806}
{"epoch": 5, "step": 310, "train_loss": 0.5576011209795552, "clip_fraction": 0.36632258064516127, "epsilon": 8.000000000000005, "accuracy": 0.8057580856234811, "validation_loss": 0.5387750947602465, "validation_examples": 5349}
