/home/longt29/miniconda3/envs/curve/lib/python3.11/site-packages/torchvision/datasets/cifar.py:83: VisibleDeprecationWarning: dtype(): align should be passed as Python or NumPy boolean but got `align=0`. Did you mean to pass a tuple to create a subarray type? (Deprecated NumPy 2.4)
  entry = pickle.load(f, encoding="latin1")
sys:1: UserWarning: Full backward hook is firing when gradients are computed with respect to module outputs since no inputs require gradients. See https://docs.pytorch.org/docs/main/generated/torch.nn.Module.html#torch.nn.Module.register_full_backward_hook for more details.
{"step": 10, "epoch": 1, "train_loss": 4.345493041992188, "clip_fraction": 1.0, "gradient_norm_mean": 647.6170625, "gradient_norm_max": 1292.38232421875, "step_seconds": 1.9412833712995052, "innovation_std_sum": 488.0592381372001, "noise_marginal_std_sum": 570.6022822686002}
{"step": 20, "epoch": 1, "train_loss": 3.7362315673828124, "clip_fraction": 1.0, "gradient_norm_mean": 867.518046875, "gradient_norm_max": 1862.5560302734375, "step_seconds": 1.9569632764905691, "innovation_std_sum": 488.0592381372001, "noise_marginal_std_sum": 570.6022822686002}
{"step": 30, "epoch": 1, "train_loss": 3.15210546875, "clip_fraction": 0.998, "gradient_norm_mean": 1021.303671875, "gradient_norm_max": 2814.4609375, "step_seconds": 1.9829763360321522, "innovation_std_sum": 488.0592381372001, "noise_marginal_std_sum": 570.6022822686002}
{"step": 40, "epoch": 1, "train_loss": 2.6896144409179685, "clip_fraction": 0.987, "gradient_norm_mean": 1034.185703125, "gradient_norm_max": 3664.689697265625, "step_seconds": 1.958863465115428, "innovation_std_sum": 488.0592381372001, "noise_marginal_std_sum": 570.6022822686002}
{"step": 50, "epoch": 1, "train_loss": 2.3555763549804687, "clip_fraction": 0.97, "gradient_norm_mean": 1048.76040625, "gradient_norm_max": 3763.76171875, "step_seconds": 1.96247754432261, "innovation_std_sum": 488.0592381372001, "noise_marginal_std_sum": 570.6022822686002}
{"epoch": 1, "step": 50, "train_loss": 3.4977308996582033, "clip_fraction": 0.9956, "epsilon": 3.037976902428691, "accuracy": 0.4816, "validation_loss": 1.9825634643554688, "validation_examples": 10000}
{"step": 60, "epoch": 2, "train_loss": 2.128943756103516, "clip_fraction": 0.952, "gradient_norm_mean": 1023.121203125, "gradient_norm_max": 4066.697998046875, "step_seconds": 1.9777833372354507, "innovation_std_sum": 488.0592381372001, "noise_marginal_std_sum": 570.6022822686002}
{"step": 70, "epoch": 2, "train_loss": 2.0127675170898436, "clip_fraction": 0.928, "gradient_norm_mean": 1030.041796875, "gradient_norm_max": 5321.16796875, "step_seconds": 1.9814697820693254, "innovation_std_sum": 488.0592381372001, "noise_marginal_std_sum": 570.6022822686002}
{"step": 80, "epoch": 2, "train_loss": 1.9880416259765625, "clip_fraction": 0.889, "gradient_norm_mean": 1043.9948125, "gradient_norm_max": 4959.8232421875, "step_seconds": 1.9940702840685844, "innovation_std_sum": 488.0592381372001, "noise_marginal_std_sum": 570.6022822686002}
{"step": 90, "epoch": 2, "train_loss": 1.7597389831542969, "clip_fraction": 0.864, "gradient_norm_mean": 984.133234375, "gradient_norm_max": 6688.0615234375, "step_seconds": 1.982183238491416, "innovation_std_sum": 488.0592381372001, "noise_marginal_std_sum": 570.6022822686002}
{"step": 100, "epoch": 2, "train_loss": 1.6177733154296876, "clip_fraction": 0.831, "gradient_norm_mean": 989.361140625, "gradient_norm_max": 8807.7470703125, "step_seconds": 1.9960212800651789, "innovation_std_sum": 488.0592381372001, "noise_marginal_std_sum": 570.6022822686002}
{"epoch": 2, "step": 100, "train_loss": 1.9644964141845702, "clip_fraction": 0.90836, "epsilon": 4.600416946348178, "accuracy": 0.6565, "validation_loss": 1.20696805267334, "validation_examples": 10000}
{"step": 110, "epoch": 3, "train_loss": 1.6427069396972656, "clip_fraction": 0.832, "gradient_norm_mean": 984.640640625, "gradient_norm_max": 5426.50830078125, "step_seconds": 1.9493037462234497, "innovation_std_sum": 488.0592381372001, "noise_marginal_std_sum": 570.6022822686002}
{"step": 120, "epoch": 3, "train_loss": 1.5517213439941406, "clip_fraction": 0.822, "gradient_norm_mean": 1006.26359375, "gradient_norm_max": 5383.791015625, "step_seconds": 1.9819364212453365, "innovation_std_sum": 488.0592381372001, "noise_marginal_std_sum": 570.6022822686002}
{"step": 130, "epoch": 3, "train_loss": 1.4829759216308593, "clip_fraction": 0.792, "gradient_norm_mean": 978.384984375, "gradient_norm_max": 6507.00537109375, "step_seconds": 1.9856447037309408, "innovation_std_sum": 488.0592381372001, "noise_marginal_std_sum": 570.6022822686002}
{"step": 140, "epoch": 3, "train_loss": 1.4969580078125, "clip_fraction": 0.774, "gradient_norm_mean": 976.374640625, "gradient_norm_max": 5743.5146484375, "step_seconds": 1.9790291767567396, "innovation_std_sum": 488.0592381372001, "noise_marginal_std_sum": 570.6022822686002}
{"step": 150, "epoch": 3, "train_loss": 1.3559782409667969, "clip_fraction": 0.736, "gradient_norm_mean": 935.1068125, "gradient_norm_max": 4676.32421875, "step_seconds": 1.9417266007512808, "innovation_std_sum": 488.0592381372001, "noise_marginal_std_sum": 570.6022822686002}
{"epoch": 3, "step": 150, "train_loss": 1.554255191040039, "clip_fraction": 0.79914, "epsilon": 5.868262919898993, "accuracy": 0.7232, "validation_loss": 0.9471008361816406, "validation_examples": 10000}
{"step": 160, "epoch": 4, "train_loss": 1.3518457336425782, "clip_fraction": 0.727, "gradient_norm_mean": 927.70440625, "gradient_norm_max": 5254.916015625, "step_seconds": 1.9329179339110851, "innovation_std_sum": 488.0592381372001, "noise_marginal_std_sum": 570.6022822686002}
{"step": 170, "epoch": 4, "train_loss": 1.459390625, "clip_fraction": 0.74, "gradient_norm_mean": 994.35371875, "gradient_norm_max": 7398.87744140625, "step_seconds": 1.9407992884516716, "innovation_std_sum": 488.0592381372001, "noise_marginal_std_sum": 570.6022822686002}
{"step": 180, "epoch": 4, "train_loss": 1.4139122314453125, "clip_fraction": 0.717, "gradient_norm_mean": 992.066671875, "gradient_norm_max": 6494.92822265625, "step_seconds": 1.9616925101727247, "innovation_std_sum": 488.0592381372001, "noise_marginal_std_sum": 570.6022822686002}
{"step": 190, "epoch": 4, "train_loss": 1.3151053466796876, "clip_fraction": 0.684, "gradient_norm_mean": 928.575625, "gradient_norm_max": 6122.5126953125, "step_seconds": 1.9596567377448082, "innovation_std_sum": 488.0592381372001, "noise_marginal_std_sum": 570.6022822686002}
{"step": 200, "epoch": 4, "train_loss": 1.2247286376953126, "clip_fraction": 0.666, "gradient_norm_mean": 894.1385, "gradient_norm_max": 4730.78369140625, "step_seconds": 1.966742791235447, "innovation_std_sum": 488.0592381372001, "noise_marginal_std_sum": 570.6022822686002}
{"epoch": 4, "step": 200, "train_loss": 1.38719060546875, "clip_fraction": 0.72108, "epsilon": 6.983019766523851, "accuracy": 0.7544, "validation_loss": 0.8276904418945312, "validation_examples": 10000}
{"step": 210, "epoch": 5, "train_loss": 1.3098968811035157, "clip_fraction": 0.698, "gradient_norm_mean": 973.13934375, "gradient_norm_max": 8397.9736328125, "step_seconds": 1.9462153427302837, "innovation_std_sum": 488.0592381372001, "noise_marginal_std_sum": 570.6022822686002}
{"step": 220, "epoch": 5, "train_loss": 1.2750391540527344, "clip_fraction": 0.694, "gradient_norm_mean": 1009.2495, "gradient_norm_max": 8206.6298828125, "step_seconds": 1.9595130905508995, "innovation_std_sum": 488.0592381372001, "noise_marginal_std_sum": 570.6022822686002}
{"step": 230, "epoch": 5, "train_loss": 1.368211639404297, "clip_fraction": 0.669, "gradient_norm_mean": 978.17296875, "gradient_norm_max": 5812.49462890625, "step_seconds": 1.9418074153363705, "innovation_std_sum": 488.0592381372001, "noise_marginal_std_sum": 570.6022822686002}
{"step": 240, "epoch": 5, "train_loss": 1.1923489685058595, "clip_fraction": 0.651, "gradient_norm_mean": 911.52146875, "gradient_norm_max": 5575.07958984375, "step_seconds": 1.9474965389817953, "innovation_std_sum": 488.0592381372001, "noise_marginal_std_sum": 570.6022822686002}
{"step": 250, "epoch": 5, "train_loss": 1.27046728515625, "clip_fraction": 0.646, "gradient_norm_mean": 944.283734375, "gradient_norm_max": 6043.18408203125, "step_seconds": 1.9471547063440084, "innovation_std_sum": 488.0592381372001, "noise_marginal_std_sum": 570.6022822686002}
{"epoch": 5, "step": 250, "train_loss": 1.2980635595703125, "clip_fraction": 0.6747, "epsilon": 8.000000000000005, "accuracy": 0.7712, "validation_loss": 0.7608864685058594, "validation_examples": 10000}
