/home/longt29/miniconda3/envs/curve/lib/python3.11/site-packages/torchvision/datasets/cifar.py:83: VisibleDeprecationWarning: dtype(): align should be passed as Python or NumPy boolean but got `align=0`. Did you mean to pass a tuple to create a subarray type? (Deprecated NumPy 2.4)
  entry = pickle.load(f, encoding="latin1")
sys:1: UserWarning: Full backward hook is firing when gradients are computed with respect to module outputs since no inputs require gradients. See https://docs.pytorch.org/docs/main/generated/torch.nn.Module.html#torch.nn.Module.register_full_backward_hook for more details.
{"step": 10, "epoch": 1, "train_loss": 4.6713712158203125, "clip_fraction": 1.0, "gradient_norm_mean": 70.2547734375, "gradient_norm_max": 158.3849639892578, "step_seconds": 2.1065031196922064, "innovation_std_sum": 469.70739875061986, "noise_marginal_std_sum": 647.8732864392143}
{"step": 20, "epoch": 1, "train_loss": 4.507220825195312, "clip_fraction": 1.0, "gradient_norm_mean": 64.21814453125, "gradient_norm_max": 120.69612884521484, "step_seconds": 2.1213674396276474, "innovation_std_sum": 469.70739875061986, "noise_marginal_std_sum": 647.8732864392143}
{"step": 30, "epoch": 1, "train_loss": 4.391615356445312, "clip_fraction": 1.0, "gradient_norm_mean": 64.2826943359375, "gradient_norm_max": 132.3284912109375, "step_seconds": 2.122873118147254, "innovation_std_sum": 469.70739875061986, "noise_marginal_std_sum": 647.8732864392143}
{"step": 40, "epoch": 1, "train_loss": 4.2871650390625, "clip_fraction": 1.0, "gradient_norm_mean": 69.71069921875, "gradient_norm_max": 141.6866455078125, "step_seconds": 2.123013850301504, "innovation_std_sum": 469.70739875061986, "noise_marginal_std_sum": 647.8732864392143}
{"step": 50, "epoch": 1, "train_loss": 4.172578735351562, "clip_fraction": 1.0, "gradient_norm_mean": 77.0077421875, "gradient_norm_max": 172.5562744140625, "step_seconds": 2.121475324034691, "innovation_std_sum": 469.70739875061986, "noise_marginal_std_sum": 647.8732864392143}
{"epoch": 1, "step": 50, "train_loss": 4.472406909179687, "clip_fraction": 1.0, "epsilon": 0.7589568848812397, "accuracy": 0.0949, "validation_loss": 4.073496319580078, "validation_examples": 10000}
{"step": 60, "epoch": 2, "train_loss": 4.018937316894531, "clip_fraction": 1.0, "gradient_norm_mean": 84.397583984375, "gradient_norm_max": 160.52020263671875, "step_seconds": 2.108210938051343, "innovation_std_sum": 469.70739875061986, "noise_marginal_std_sum": 647.8732864392143}
{"step": 70, "epoch": 2, "train_loss": 3.8697172241210938, "clip_fraction": 1.0, "gradient_norm_mean": 90.46073046875, "gradient_norm_max": 214.48704528808594, "step_seconds": 2.1182356141507626, "innovation_std_sum": 469.70739875061986, "noise_marginal_std_sum": 647.8732864392143}
{"step": 80, "epoch": 2, "train_loss": 3.765409118652344, "clip_fraction": 1.0, "gradient_norm_mean": 96.2994375, "gradient_norm_max": 220.03758239746094, "step_seconds": 2.1224608793854713, "innovation_std_sum": 469.70739875061986, "noise_marginal_std_sum": 647.8732864392143}
{"step": 90, "epoch": 2, "train_loss": 3.650977783203125, "clip_fraction": 1.0, "gradient_norm_mean": 101.146607421875, "gradient_norm_max": 229.3128204345703, "step_seconds": 2.123809466138482, "innovation_std_sum": 469.70739875061986, "noise_marginal_std_sum": 647.8732864392143}
{"step": 100, "epoch": 2, "train_loss": 3.5296400146484377, "clip_fraction": 0.999, "gradient_norm_mean": 106.03988671875, "gradient_norm_max": 298.14453125, "step_seconds": 2.120740106329322, "innovation_std_sum": 469.70739875061986, "noise_marginal_std_sum": 647.8732864392143}
{"epoch": 2, "step": 100, "train_loss": 3.827390244140625, "clip_fraction": 0.99966, "epsilon": 1.165123967245735, "accuracy": 0.2073, "validation_loss": 3.343220257568359, "validation_examples": 10000}
{"step": 110, "epoch": 3, "train_loss": 3.4042450561523436, "clip_fraction": 0.994, "gradient_norm_mean": 110.4683984375, "gradient_norm_max": 540.03564453125, "step_seconds": 2.099416483193636, "innovation_std_sum": 469.70739875061986, "noise_marginal_std_sum": 647.8732864392143}
{"step": 120, "epoch": 3, "train_loss": 3.2644732666015623, "clip_fraction": 0.999, "gradient_norm_mean": 111.572361328125, "gradient_norm_max": 332.2725830078125, "step_seconds": 2.108665132895112, "innovation_std_sum": 469.70739875061986, "noise_marginal_std_sum": 647.8732864392143}
{"step": 130, "epoch": 3, "train_loss": 3.196460021972656, "clip_fraction": 0.995, "gradient_norm_mean": 114.181330078125, "gradient_norm_max": 285.3538818359375, "step_seconds": 2.1183423437178135, "innovation_std_sum": 469.70739875061986, "noise_marginal_std_sum": 647.8732864392143}
{"step": 140, "epoch": 3, "train_loss": 3.1508486328125, "clip_fraction": 0.998, "gradient_norm_mean": 117.09511328125, "gradient_norm_max": 329.8927001953125, "step_seconds": 2.108551299199462, "innovation_std_sum": 469.70739875061986, "noise_marginal_std_sum": 647.8732864392143}
{"step": 150, "epoch": 3, "train_loss": 3.040622314453125, "clip_fraction": 0.998, "gradient_norm_mean": 117.9173046875, "gradient_norm_max": 430.77911376953125, "step_seconds": 2.1193356942385435, "innovation_std_sum": 469.70739875061986, "noise_marginal_std_sum": 647.8732864392143}
{"epoch": 3, "step": 150, "train_loss": 3.2707680224609375, "clip_fraction": 0.99646, "epsilon": 1.4839967071211742, "accuracy": 0.3225, "validation_loss": 2.782351824951172, "validation_examples": 10000}
{"step": 160, "epoch": 4, "train_loss": 2.933602844238281, "clip_fraction": 0.994, "gradient_norm_mean": 118.2090625, "gradient_norm_max": 349.2613220214844, "step_seconds": 2.122480683028698, "innovation_std_sum": 469.70739875061986, "noise_marginal_std_sum": 647.8732864392143}
{"step": 170, "epoch": 4, "train_loss": 2.887905334472656, "clip_fraction": 0.984, "gradient_norm_mean": 117.1103984375, "gradient_norm_max": 390.68536376953125, "step_seconds": 2.112452454864979, "innovation_std_sum": 469.70739875061986, "noise_marginal_std_sum": 647.8732864392143}
{"step": 180, "epoch": 4, "train_loss": 2.828273193359375, "clip_fraction": 0.985, "gradient_norm_mean": 118.830384765625, "gradient_norm_max": 414.8235168457031, "step_seconds": 2.111708464100957, "innovation_std_sum": 469.70739875061986, "noise_marginal_std_sum": 647.8732864392143}
{"step": 190, "epoch": 4, "train_loss": 2.7571661376953127, "clip_fraction": 0.991, "gradient_norm_mean": 121.09148828125, "gradient_norm_max": 401.180419921875, "step_seconds": 2.123607726767659, "innovation_std_sum": 469.70739875061986, "noise_marginal_std_sum": 647.8732864392143}
{"step": 200, "epoch": 4, "train_loss": 2.6948284301757814, "clip_fraction": 0.988, "gradient_norm_mean": 119.59784765625, "gradient_norm_max": 402.48284912109375, "step_seconds": 2.1066302321851254, "innovation_std_sum": 469.70739875061986, "noise_marginal_std_sum": 647.8732864392143}
{"epoch": 4, "step": 200, "train_loss": 2.8419288244628906, "clip_fraction": 0.9897, "epsilon": 1.7566399764276337, "accuracy": 0.4094, "validation_loss": 2.367340466308594, "validation_examples": 10000}
{"step": 210, "epoch": 5, "train_loss": 2.657455078125, "clip_fraction": 0.973, "gradient_norm_mean": 120.594009765625, "gradient_norm_max": 419.7458801269531, "step_seconds": 2.111086765304208, "innovation_std_sum": 469.70739875061986, "noise_marginal_std_sum": 647.8732864392143}
{"step": 220, "epoch": 5, "train_loss": 2.525564636230469, "clip_fraction": 0.975, "gradient_norm_mean": 120.3472578125, "gradient_norm_max": 498.1253967285156, "step_seconds": 2.1226731929928064, "innovation_std_sum": 469.70739875061986, "noise_marginal_std_sum": 647.8732864392143}
{"step": 230, "epoch": 5, "train_loss": 2.565455261230469, "clip_fraction": 0.973, "gradient_norm_mean": 123.4460625, "gradient_norm_max": 429.4122314453125, "step_seconds": 2.1199218668043613, "innovation_std_sum": 469.70739875061986, "noise_marginal_std_sum": 647.8732864392143}
{"step": 240, "epoch": 5, "train_loss": 2.5167727661132813, "clip_fraction": 0.98, "gradient_norm_mean": 124.20825, "gradient_norm_max": 492.7784729003906, "step_seconds": 2.117222249507904, "innovation_std_sum": 469.70739875061986, "noise_marginal_std_sum": 647.8732864392143}
{"step": 250, "epoch": 5, "train_loss": 2.4006411743164064, "clip_fraction": 0.963, "gradient_norm_mean": 121.25259375, "gradient_norm_max": 454.1123352050781, "step_seconds": 2.1199739929288626, "innovation_std_sum": 469.70739875061986, "noise_marginal_std_sum": 647.8732864392143}
{"epoch": 5, "step": 250, "train_loss": 2.5418343310546874, "clip_fraction": 0.97494, "epsilon": 2.0000000000008775, "accuracy": 0.4732, "validation_loss": 2.0601032318115235, "validation_examples": 10000}
