Loading weights:   0%|          | 0/39 [00:00<?, ?it/s]Loading weights: 100%|██████████| 39/39 [00:00<00:00, 18521.04it/s]
[transformers] [1mBertModel LOAD REPORT[0m from: /media/data/data/lt/dp-adam-correlated/cache/bert-tiny
Key                                        | Status     |  | 
-------------------------------------------+------------+--+-
cls.predictions.transform.dense.bias       | UNEXPECTED |  | 
cls.predictions.bias                       | UNEXPECTED |  | 
cls.seq_relationship.weight                | UNEXPECTED |  | 
cls.predictions.transform.dense.weight     | UNEXPECTED |  | 
cls.predictions.decoder.weight             | UNEXPECTED |  | 
cls.predictions.transform.LayerNorm.bias   | UNEXPECTED |  | 
cls.seq_relationship.bias                  | UNEXPECTED |  | 
cls.predictions.decoder.bias               | UNEXPECTED |  | 
cls.predictions.transform.LayerNorm.weight | UNEXPECTED |  | 

Notes:
- UNEXPECTED:	can be ignored when loading from different task/architecture; not ok if you expect identical arch.
sys:1: UserWarning: Full backward hook is firing when gradients are computed with respect to module outputs since no inputs require gradients. See https://docs.pytorch.org/docs/main/generated/torch.nn.Module.html#torch.nn.Module.register_full_backward_hook for more details.
{"step": 10, "epoch": 1, "train_loss": 0.6334556884765625, "clip_fraction": 0.758, "gradient_norm_mean": 370.37415625, "gradient_norm_max": 762.795166015625, "step_seconds": 0.26836324483156204, "innovation_std_sum": 512.8644435247487, "noise_marginal_std_sum": 577.8622026533709}
{"step": 20, "epoch": 1, "train_loss": 0.6344681396484375, "clip_fraction": 0.636, "gradient_norm_mean": 937.9965, "gradient_norm_max": 3865.497802734375, "step_seconds": 0.2677408251911402, "innovation_std_sum": 512.8644435247487, "noise_marginal_std_sum": 577.8622026533709}
{"step": 30, "epoch": 1, "train_loss": 0.7515784301757813, "clip_fraction": 0.459, "gradient_norm_mean": 1389.041625, "gradient_norm_max": 10537.6962890625, "step_seconds": 0.26833140663802624, "innovation_std_sum": 512.8644435247487, "noise_marginal_std_sum": 577.8622026533709}
{"step": 40, "epoch": 1, "train_loss": 0.6947662963867187, "clip_fraction": 0.43, "gradient_norm_mean": 1435.23925, "gradient_norm_max": 11385.8154296875, "step_seconds": 0.26829150319099426, "innovation_std_sum": 512.8644435247487, "noise_marginal_std_sum": 577.8622026533709}
{"step": 50, "epoch": 1, "train_loss": 0.68170947265625, "clip_fraction": 0.422, "gradient_norm_mean": 1253.1795, "gradient_norm_max": 9332.466796875, "step_seconds": 0.267822640016675, "innovation_std_sum": 512.8644435247487, "noise_marginal_std_sum": 577.8622026533709}
{"step": 60, "epoch": 1, "train_loss": 0.5755203857421874, "clip_fraction": 0.386, "gradient_norm_mean": 1059.04875, "gradient_norm_max": 7771.9208984375, "step_seconds": 0.268388943746686, "innovation_std_sum": 512.8644435247487, "noise_marginal_std_sum": 577.8622026533709}
{"epoch": 1, "step": 62, "train_loss": 0.6556905675088206, "clip_fraction": 0.492258064516129, "epsilon": 3.1232923300753557, "accuracy": 0.75, "validation_loss": 0.7631990144012171, "validation_examples": 872}
{"step": 70, "epoch": 2, "train_loss": 0.5440059814453125, "clip_fraction": 0.383, "gradient_norm_mean": 985.654, "gradient_norm_max": 10196.9521484375, "step_seconds": 0.2661880813539028, "innovation_std_sum": 512.8644435247487, "noise_marginal_std_sum": 577.8622026533709}
{"step": 80, "epoch": 2, "train_loss": 0.5817389526367187, "clip_fraction": 0.362, "gradient_norm_mean": 986.4869375, "gradient_norm_max": 11218.255859375, "step_seconds": 0.2681680340319872, "innovation_std_sum": 512.8644435247487, "noise_marginal_std_sum": 577.8622026533709}
{"step": 90, "epoch": 2, "train_loss": 0.5147149658203125, "clip_fraction": 0.346, "gradient_norm_mean": 849.541375, "gradient_norm_max": 10705.6220703125, "step_seconds": 0.2691826093941927, "innovation_std_sum": 512.8644435247487, "noise_marginal_std_sum": 577.8622026533709}
{"step": 100, "epoch": 2, "train_loss": 0.534429443359375, "clip_fraction": 0.335, "gradient_norm_mean": 948.0560625, "gradient_norm_max": 9206.6767578125, "step_seconds": 0.26605675742030144, "innovation_std_sum": 512.8644435247487, "noise_marginal_std_sum": 577.8622026533709}
{"step": 110, "epoch": 2, "train_loss": 0.4621739501953125, "clip_fraction": 0.301, "gradient_norm_mean": 797.92675, "gradient_norm_max": 11286.830078125, "step_seconds": 0.2666522432118654, "innovation_std_sum": 512.8644435247487, "noise_marginal_std_sum": 577.8622026533709}
{"step": 120, "epoch": 2, "train_loss": 0.5187443237304687, "clip_fraction": 0.313, "gradient_norm_mean": 927.53375, "gradient_norm_max": 11251.2138671875, "step_seconds": 0.26691889949142933, "innovation_std_sum": 512.8644435247487, "noise_marginal_std_sum": 577.8622026533709}
{"epoch": 2, "step": 124, "train_loss": 0.5289566542102444, "clip_fraction": 0.3384516129032258, "epsilon": 4.65092091490115, "accuracy": 0.786697247706422, "validation_loss": 0.6364241696278984, "validation_examples": 872}
{"step": 130, "epoch": 3, "train_loss": 0.5039564208984375, "clip_fraction": 0.314, "gradient_norm_mean": 846.86725, "gradient_norm_max": 9573.15625, "step_seconds": 0.26669866777956486, "innovation_std_sum": 512.8644435247487, "noise_marginal_std_sum": 577.8622026533709}
{"step": 140, "epoch": 3, "train_loss": 0.5094342956542969, "clip_fraction": 0.275, "gradient_norm_mean": 810.30825, "gradient_norm_max": 15682.849609375, "step_seconds": 0.26719165965914726, "innovation_std_sum": 512.8644435247487, "noise_marginal_std_sum": 577.8622026533709}
{"step": 150, "epoch": 3, "train_loss": 0.5089335632324219, "clip_fraction": 0.298, "gradient_norm_mean": 945.365625, "gradient_norm_max": 15489.9423828125, "step_seconds": 0.2675961069762707, "innovation_std_sum": 512.8644435247487, "noise_marginal_std_sum": 577.8622026533709}
{"step": 160, "epoch": 3, "train_loss": 0.4998876037597656, "clip_fraction": 0.313, "gradient_norm_mean": 856.0589375, "gradient_norm_max": 11260.6533203125, "step_seconds": 0.2665441781282425, "innovation_std_sum": 512.8644435247487, "noise_marginal_std_sum": 577.8622026533709}
{"step": 170, "epoch": 3, "train_loss": 0.5252022705078125, "clip_fraction": 0.314, "gradient_norm_mean": 900.60225, "gradient_norm_max": 15416.2041015625, "step_seconds": 0.2666194438934326, "innovation_std_sum": 512.8644435247487, "noise_marginal_std_sum": 577.8622026533709}
{"step": 180, "epoch": 3, "train_loss": 0.46332211303710935, "clip_fraction": 0.271, "gradient_norm_mean": 770.0275, "gradient_norm_max": 13358.384765625, "step_seconds": 0.2661222107708454, "innovation_std_sum": 512.8644435247487, "noise_marginal_std_sum": 577.8622026533709}
{"epoch": 3, "step": 186, "train_loss": 0.48827605758174775, "clip_fraction": 0.28996774193548386, "epsilon": 5.8971720333737725, "accuracy": 0.7878440366972477, "validation_loss": 0.6120701186153867, "validation_examples": 872}
{"step": 190, "epoch": 4, "train_loss": 0.47662771606445314, "clip_fraction": 0.284, "gradient_norm_mean": 883.441, "gradient_norm_max": 13206.388671875, "step_seconds": 0.2651130799204111, "innovation_std_sum": 512.8644435247487, "noise_marginal_std_sum": 577.8622026533709}
{"step": 200, "epoch": 4, "train_loss": 0.47069253540039063, "clip_fraction": 0.264, "gradient_norm_mean": 819.865625, "gradient_norm_max": 14545.0947265625, "step_seconds": 0.2664732579141855, "innovation_std_sum": 512.8644435247487, "noise_marginal_std_sum": 577.8622026533709}
{"step": 210, "epoch": 4, "train_loss": 0.463716552734375, "clip_fraction": 0.259, "gradient_norm_mean": 898.325875, "gradient_norm_max": 13523.017578125, "step_seconds": 0.26514390110969543, "innovation_std_sum": 512.8644435247487, "noise_marginal_std_sum": 577.8622026533709}
{"step": 220, "epoch": 4, "train_loss": 0.5378896484375, "clip_fraction": 0.277, "gradient_norm_mean": 886.1930625, "gradient_norm_max": 17233.203125, "step_seconds": 0.26673978194594383, "innovation_std_sum": 512.8644435247487, "noise_marginal_std_sum": 577.8622026533709}
{"step": 230, "epoch": 4, "train_loss": 0.4305682983398437, "clip_fraction": 0.261, "gradient_norm_mean": 810.8298125, "gradient_norm_max": 14313.884765625, "step_seconds": 0.262492798268795, "innovation_std_sum": 512.8644435247487, "noise_marginal_std_sum": 577.8622026533709}
{"step": 240, "epoch": 4, "train_loss": 0.4872896728515625, "clip_fraction": 0.27, "gradient_norm_mean": 972.2441875, "gradient_norm_max": 12849.6298828125, "step_seconds": 0.2645082026720047, "innovation_std_sum": 512.8644435247487, "noise_marginal_std_sum": 577.8622026533709}
{"epoch": 4, "step": 248, "train_loss": 0.46818109819965975, "clip_fraction": 0.26267741935483874, "epsilon": 6.99603312968092, "accuracy": 0.7947247706422018, "validation_loss": 0.6019368565410649, "validation_examples": 872}
{"step": 250, "epoch": 5, "train_loss": 0.4637498779296875, "clip_fraction": 0.253, "gradient_norm_mean": 745.431875, "gradient_norm_max": 10225.890625, "step_seconds": 0.26973516680300236, "innovation_std_sum": 512.8644435247487, "noise_marginal_std_sum": 577.8622026533709}
{"step": 260, "epoch": 5, "train_loss": 0.5027876586914063, "clip_fraction": 0.258, "gradient_norm_mean": 868.607, "gradient_norm_max": 12886.0869140625, "step_seconds": 0.2695108391344547, "innovation_std_sum": 512.8644435247487, "noise_marginal_std_sum": 577.8622026533709}
{"step": 270, "epoch": 5, "train_loss": 0.52171533203125, "clip_fraction": 0.261, "gradient_norm_mean": 854.630125, "gradient_norm_max": 12880.427734375, "step_seconds": 0.2671422977000475, "innovation_std_sum": 512.8644435247487, "noise_marginal_std_sum": 577.8622026533709}
{"step": 280, "epoch": 5, "train_loss": 0.46175408935546874, "clip_fraction": 0.253, "gradient_norm_mean": 866.52375, "gradient_norm_max": 14828.1572265625, "step_seconds": 0.13292557932436466, "innovation_std_sum": 512.8644435247487, "noise_marginal_std_sum": 577.8622026533709}
{"step": 290, "epoch": 5, "train_loss": 0.41655865478515625, "clip_fraction": 0.236, "gradient_norm_mean": 776.7421875, "gradient_norm_max": 13280.583984375, "step_seconds": 0.26654872484505177, "innovation_std_sum": 512.8644435247487, "noise_marginal_std_sum": 577.8622026533709}
{"step": 300, "epoch": 5, "train_loss": 0.39731329345703126, "clip_fraction": 0.214, "gradient_norm_mean": 773.254875, "gradient_norm_max": 13062.5576171875, "step_seconds": 0.1329338625073433, "innovation_std_sum": 512.8644435247487, "noise_marginal_std_sum": 577.8622026533709}
{"step": 310, "epoch": 5, "train_loss": 0.4866341552734375, "clip_fraction": 0.267, "gradient_norm_mean": 871.1053125, "gradient_norm_max": 12271.5087890625, "step_seconds": 0.13425457291305065, "innovation_std_sum": 512.8644435247487, "noise_marginal_std_sum": 577.8622026533709}
{"epoch": 5, "step": 310, "train_loss": 0.4601806315760459, "clip_fraction": 0.24796774193548388, "epsilon": 8.000000000000007, "accuracy": 0.7855504587155964, "validation_loss": 0.6320301152150566, "validation_examples": 872}
