Loading weights:   0%|          | 0/39 [00:00<?, ?it/s]Loading weights: 100%|██████████| 39/39 [00:00<00:00, 14520.89it/s]
[transformers] [1mBertModel LOAD REPORT[0m from: /media/data/data/lt/dp-adam-correlated/cache/bert-tiny
Key                                        | Status     |  | 
-------------------------------------------+------------+--+-
cls.predictions.transform.LayerNorm.weight | UNEXPECTED |  | 
cls.predictions.decoder.weight             | UNEXPECTED |  | 
cls.seq_relationship.bias                  | UNEXPECTED |  | 
cls.seq_relationship.weight                | UNEXPECTED |  | 
cls.predictions.transform.dense.weight     | UNEXPECTED |  | 
cls.predictions.bias                       | UNEXPECTED |  | 
cls.predictions.decoder.bias               | UNEXPECTED |  | 
cls.predictions.transform.LayerNorm.bias   | UNEXPECTED |  | 
cls.predictions.transform.dense.bias       | UNEXPECTED |  | 

Notes:
- UNEXPECTED:	can be ignored when loading from different task/architecture; not ok if you expect identical arch.
sys:1: UserWarning: Full backward hook is firing when gradients are computed with respect to module outputs since no inputs require gradients. See https://docs.pytorch.org/docs/main/generated/torch.nn.Module.html#torch.nn.Module.register_full_backward_hook for more details.
{"step": 10, "epoch": 1, "train_loss": 0.684580810546875, "clip_fraction": 0.0, "gradient_norm_mean": 18.85521875, "gradient_norm_max": 26.906131744384766, "step_seconds": 0.26862551644444466, "innovation_std_sum": 914.409175282003, "noise_marginal_std_sum": 1261.2560055811578}
{"step": 20, "epoch": 1, "train_loss": 0.6740510864257813, "clip_fraction": 0.0, "gradient_norm_mean": 13.5561337890625, "gradient_norm_max": 19.653188705444336, "step_seconds": 0.2724133525043726, "innovation_std_sum": 914.409175282003, "noise_marginal_std_sum": 1261.2560055811578}
{"step": 30, "epoch": 1, "train_loss": 0.6735960083007813, "clip_fraction": 0.0, "gradient_norm_mean": 11.4417041015625, "gradient_norm_max": 16.293344497680664, "step_seconds": 0.27221169881522655, "innovation_std_sum": 914.409175282003, "noise_marginal_std_sum": 1261.2560055811578}
{"step": 40, "epoch": 1, "train_loss": 0.66764892578125, "clip_fraction": 0.0, "gradient_norm_mean": 10.179619140625, "gradient_norm_max": 16.946269989013672, "step_seconds": 0.2749348022043705, "innovation_std_sum": 914.409175282003, "noise_marginal_std_sum": 1261.2560055811578}
{"step": 50, "epoch": 1, "train_loss": 0.6685426635742188, "clip_fraction": 0.0, "gradient_norm_mean": 9.4324716796875, "gradient_norm_max": 14.874078750610352, "step_seconds": 0.27237505093216896, "innovation_std_sum": 914.409175282003, "noise_marginal_std_sum": 1261.2560055811578}
{"step": 60, "epoch": 1, "train_loss": 0.6694000244140625, "clip_fraction": 0.0, "gradient_norm_mean": 8.96530859375, "gradient_norm_max": 13.943753242492676, "step_seconds": 0.27019710652530193, "innovation_std_sum": 914.409175282003, "noise_marginal_std_sum": 1261.2560055811578}
{"epoch": 1, "step": 62, "train_loss": 0.6742835722892515, "clip_fraction": 0.0, "epsilon": 2.983473211150575, "accuracy": 0.5713217423817536, "validation_loss": 0.6645750230128441, "validation_examples": 5349}
{"step": 70, "epoch": 2, "train_loss": 0.6597792358398438, "clip_fraction": 0.0, "gradient_norm_mean": 8.4392685546875, "gradient_norm_max": 12.66319751739502, "step_seconds": 0.2627868764102459, "innovation_std_sum": 914.409175282003, "noise_marginal_std_sum": 1261.2560055811578}
{"step": 80, "epoch": 2, "train_loss": 0.664985107421875, "clip_fraction": 0.0, "gradient_norm_mean": 8.1765380859375, "gradient_norm_max": 13.683189392089844, "step_seconds": 0.2741931062191725, "innovation_std_sum": 914.409175282003, "noise_marginal_std_sum": 1261.2560055811578}
{"step": 90, "epoch": 2, "train_loss": 0.65814306640625, "clip_fraction": 0.0, "gradient_norm_mean": 7.94089453125, "gradient_norm_max": 13.555012702941895, "step_seconds": 0.2739068027585745, "innovation_std_sum": 914.409175282003, "noise_marginal_std_sum": 1261.2560055811578}
{"step": 100, "epoch": 2, "train_loss": 0.66547119140625, "clip_fraction": 0.0, "gradient_norm_mean": 7.73221142578125, "gradient_norm_max": 12.430490493774414, "step_seconds": 0.27397941797971725, "innovation_std_sum": 914.409175282003, "noise_marginal_std_sum": 1261.2560055811578}
{"step": 110, "epoch": 2, "train_loss": 0.6608072509765625, "clip_fraction": 0.0, "gradient_norm_mean": 7.538896484375, "gradient_norm_max": 13.58029842376709, "step_seconds": 0.2748971823602915, "innovation_std_sum": 914.409175282003, "noise_marginal_std_sum": 1261.2560055811578}
{"step": 120, "epoch": 2, "train_loss": 0.6624947509765625, "clip_fraction": 0.0, "gradient_norm_mean": 7.4995341796875, "gradient_norm_max": 12.702718734741211, "step_seconds": 0.2736884970217943, "innovation_std_sum": 914.409175282003, "noise_marginal_std_sum": 1261.2560055811578}
{"epoch": 2, "step": 124, "train_loss": 0.661991945328251, "clip_fraction": 0.0, "epsilon": 4.566965972959099, "accuracy": 0.6053467937932324, "validation_loss": 0.6546090825470079, "validation_examples": 5349}
{"step": 130, "epoch": 3, "train_loss": 0.6520613403320312, "clip_fraction": 0.0, "gradient_norm_mean": 7.1895751953125, "gradient_norm_max": 13.57938289642334, "step_seconds": 0.17983130551874638, "innovation_std_sum": 914.409175282003, "noise_marginal_std_sum": 1261.2560055811578}
{"step": 140, "epoch": 3, "train_loss": 0.6576795654296875, "clip_fraction": 0.0, "gradient_norm_mean": 7.0913564453125, "gradient_norm_max": 12.077295303344727, "step_seconds": 0.2730182744562626, "innovation_std_sum": 914.409175282003, "noise_marginal_std_sum": 1261.2560055811578}
{"step": 150, "epoch": 3, "train_loss": 0.6517467041015625, "clip_fraction": 0.0, "gradient_norm_mean": 7.0665576171875, "gradient_norm_max": 11.653268814086914, "step_seconds": 0.2727281004190445, "innovation_std_sum": 914.409175282003, "noise_marginal_std_sum": 1261.2560055811578}
{"step": 160, "epoch": 3, "train_loss": 0.655601318359375, "clip_fraction": 0.0, "gradient_norm_mean": 6.9372451171875, "gradient_norm_max": 16.054298400878906, "step_seconds": 0.1903290804475546, "innovation_std_sum": 914.409175282003, "noise_marginal_std_sum": 1261.2560055811578}
{"step": 170, "epoch": 3, "train_loss": 0.6491998901367187, "clip_fraction": 0.0, "gradient_norm_mean": 6.8259033203125, "gradient_norm_max": 11.819637298583984, "step_seconds": 0.27741546370089054, "innovation_std_sum": 914.409175282003, "noise_marginal_std_sum": 1261.2560055811578}
{"step": 180, "epoch": 3, "train_loss": 0.6573817749023437, "clip_fraction": 0.0, "gradient_norm_mean": 6.7492529296875, "gradient_norm_max": 14.203130722045898, "step_seconds": 0.27605592273175716, "innovation_std_sum": 914.409175282003, "noise_marginal_std_sum": 1261.2560055811578}
{"epoch": 3, "step": 186, "train_loss": 0.6538633127520161, "clip_fraction": 0.0, "epsilon": 5.849088165717443, "accuracy": 0.6240418769863526, "validation_loss": 0.6460517067444794, "validation_examples": 5349}
{"step": 190, "epoch": 4, "train_loss": 0.6575404052734375, "clip_fraction": 0.0, "gradient_norm_mean": 6.8221259765625, "gradient_norm_max": 11.513200759887695, "step_seconds": 0.2742180023342371, "innovation_std_sum": 914.409175282003, "noise_marginal_std_sum": 1261.2560055811578}
{"step": 200, "epoch": 4, "train_loss": 0.65053515625, "clip_fraction": 0.0, "gradient_norm_mean": 6.6484345703125, "gradient_norm_max": 12.104927062988281, "step_seconds": 0.2734994515776634, "innovation_std_sum": 914.409175282003, "noise_marginal_std_sum": 1261.2560055811578}
{"step": 210, "epoch": 4, "train_loss": 0.6528587036132812, "clip_fraction": 0.0, "gradient_norm_mean": 6.6572783203125, "gradient_norm_max": 11.948999404907227, "step_seconds": 0.21076743304729462, "innovation_std_sum": 914.409175282003, "noise_marginal_std_sum": 1261.2560055811578}
{"step": 220, "epoch": 4, "train_loss": 0.6448741455078125, "clip_fraction": 0.0, "gradient_norm_mean": 6.5567685546875, "gradient_norm_max": 12.130044937133789, "step_seconds": 0.26463937386870384, "innovation_std_sum": 914.409175282003, "noise_marginal_std_sum": 1261.2560055811578}
{"step": 230, "epoch": 4, "train_loss": 0.6394384765625, "clip_fraction": 0.0, "gradient_norm_mean": 6.54343896484375, "gradient_norm_max": 11.592398643493652, "step_seconds": 0.27622216008603573, "innovation_std_sum": 914.409175282003, "noise_marginal_std_sum": 1261.2560055811578}
{"step": 240, "epoch": 4, "train_loss": 0.6453802490234375, "clip_fraction": 0.0, "gradient_norm_mean": 6.6147568359375, "gradient_norm_max": 12.915120124816895, "step_seconds": 0.27618148550391197, "innovation_std_sum": 914.409175282003, "noise_marginal_std_sum": 1261.2560055811578}
{"epoch": 4, "step": 248, "train_loss": 0.6465894174883443, "clip_fraction": 0.0, "epsilon": 6.974398475295221, "accuracy": 0.638250140213124, "validation_loss": 0.6373427835529731, "validation_examples": 5349}
{"step": 250, "epoch": 5, "train_loss": 0.643043212890625, "clip_fraction": 0.0, "gradient_norm_mean": 6.3602294921875, "gradient_norm_max": 12.570199012756348, "step_seconds": 0.27166126668453217, "innovation_std_sum": 914.409175282003, "noise_marginal_std_sum": 1261.2560055811578}
{"step": 260, "epoch": 5, "train_loss": 0.63312060546875, "clip_fraction": 0.0, "gradient_norm_mean": 6.4117822265625, "gradient_norm_max": 13.460417747497559, "step_seconds": 0.2423844411969185, "innovation_std_sum": 914.409175282003, "noise_marginal_std_sum": 1261.2560055811578}
{"step": 270, "epoch": 5, "train_loss": 0.6402850341796875, "clip_fraction": 0.0, "gradient_norm_mean": 6.49266650390625, "gradient_norm_max": 13.215719223022461, "step_seconds": 0.27079697512090206, "innovation_std_sum": 914.409175282003, "noise_marginal_std_sum": 1261.2560055811578}
{"step": 280, "epoch": 5, "train_loss": 0.6373524169921875, "clip_fraction": 0.0, "gradient_norm_mean": 6.2938291015625, "gradient_norm_max": 11.389187812805176, "step_seconds": 0.27517491579055786, "innovation_std_sum": 914.409175282003, "noise_marginal_std_sum": 1261.2560055811578}
{"step": 290, "epoch": 5, "train_loss": 0.6317484130859375, "clip_fraction": 0.0, "gradient_norm_mean": 6.3139990234375, "gradient_norm_max": 11.851729393005371, "step_seconds": 0.2757737208157778, "innovation_std_sum": 914.409175282003, "noise_marginal_std_sum": 1261.2560055811578}
{"step": 300, "epoch": 5, "train_loss": 0.639130859375, "clip_fraction": 0.0, "gradient_norm_mean": 6.31291650390625, "gradient_norm_max": 12.187923431396484, "step_seconds": 0.2596806902438402, "innovation_std_sum": 914.409175282003, "noise_marginal_std_sum": 1261.2560055811578}
{"step": 310, "epoch": 5, "train_loss": 0.63912255859375, "clip_fraction": 0.0, "gradient_norm_mean": 6.3535107421875, "gradient_norm_max": 11.927270889282227, "step_seconds": 0.27353485859930515, "innovation_std_sum": 914.409175282003, "noise_marginal_std_sum": 1261.2560055811578}
{"epoch": 5, "step": 310, "train_loss": 0.6390096051616053, "clip_fraction": 0.0, "epsilon": 8.000000000000005, "accuracy": 0.656758272574313, "validation_loss": 0.6284883142208514, "validation_examples": 5349}
