Loading weights:   0%|          | 0/39 [00:00<?, ?it/s]Loading weights: 100%|██████████| 39/39 [00:00<00:00, 13876.64it/s]
[transformers] [1mBertModel LOAD REPORT[0m from: /media/data/data/lt/dp-adam-correlated/cache/bert-tiny
Key                                        | Status     |  | 
-------------------------------------------+------------+--+-
cls.predictions.transform.dense.weight     | UNEXPECTED |  | 
cls.predictions.bias                       | UNEXPECTED |  | 
cls.predictions.transform.LayerNorm.bias   | UNEXPECTED |  | 
cls.predictions.transform.dense.bias       | UNEXPECTED |  | 
cls.predictions.decoder.bias               | UNEXPECTED |  | 
cls.predictions.transform.LayerNorm.weight | UNEXPECTED |  | 
cls.seq_relationship.bias                  | UNEXPECTED |  | 
cls.predictions.decoder.weight             | UNEXPECTED |  | 
cls.seq_relationship.weight                | UNEXPECTED |  | 

Notes:
- UNEXPECTED:	can be ignored when loading from different task/architecture; not ok if you expect identical arch.
sys:1: UserWarning: Full backward hook is firing when gradients are computed with respect to module outputs since no inputs require gradients. See https://docs.pytorch.org/docs/main/generated/torch.nn.Module.html#torch.nn.Module.register_full_backward_hook for more details.
{"step": 10, "epoch": 1, "step_seconds": 0.2611821610480547, "innovation_std_sum": 45.80701168939032, "noise_marginal_std_sum": 51.57765565894811, "pure_mf_cumulative_momentum_noise_variance": 0.007005030635626545, "preconditioner_mean": 21.40380859375, "preconditioner_change_relative": 0.091180719435215, "denominator_lag_relative": 0.0, "block_age": 0}
{"step": 20, "epoch": 1, "step_seconds": 0.2602089401334524, "innovation_std_sum": 45.80701168939032, "noise_marginal_std_sum": 51.57765565894811, "pure_mf_cumulative_momentum_noise_variance": 0.0072093269897827725, "preconditioner_mean": 20.300006866455078, "preconditioner_change_relative": 0.03774169459939003, "denominator_lag_relative": 0.0, "block_age": 0}
{"step": 30, "epoch": 1, "step_seconds": 0.26226748898625374, "innovation_std_sum": 45.80701168939032, "noise_marginal_std_sum": 51.57765565894811, "pure_mf_cumulative_momentum_noise_variance": 0.0073846290478878085, "preconditioner_mean": 19.924955368041992, "preconditioner_change_relative": 0.0267180148512125, "denominator_lag_relative": 0.0, "block_age": 0}
{"step": 40, "epoch": 1, "step_seconds": 0.2581696640700102, "innovation_std_sum": 45.80701168939032, "noise_marginal_std_sum": 51.57765565894811, "pure_mf_cumulative_momentum_noise_variance": 0.007604187929626457, "preconditioner_mean": 19.729093551635742, "preconditioner_change_relative": 0.01963990181684494, "denominator_lag_relative": 0.0, "block_age": 0}
{"step": 50, "epoch": 1, "step_seconds": 0.26269316487014294, "innovation_std_sum": 45.80701168939032, "noise_marginal_std_sum": 51.57765565894811, "pure_mf_cumulative_momentum_noise_variance": 0.007849912594321596, "preconditioner_mean": 19.665388107299805, "preconditioner_change_relative": 0.015529030933976173, "denominator_lag_relative": 0.0, "block_age": 0}
{"step": 60, "epoch": 1, "step_seconds": 0.16962513700127602, "innovation_std_sum": 45.80701168939032, "noise_marginal_std_sum": 51.57765565894811, "pure_mf_cumulative_momentum_noise_variance": 0.008108110204245421, "preconditioner_mean": 19.583324432373047, "preconditioner_change_relative": 0.013245940208435059, "denominator_lag_relative": 0.0, "block_age": 0}
{"epoch": 1, "step": 62, "epsilon": 3.066255194094388, "accuracy": 0.7543466068424004, "validation_loss": 0.6302592045214715, "validation_examples": 5349}
{"step": 70, "epoch": 2, "step_seconds": 0.13180194236338139, "innovation_std_sum": 45.80701168939032, "noise_marginal_std_sum": 51.57765565894811, "pure_mf_cumulative_momentum_noise_variance": 0.008371804839899724, "preconditioner_mean": 19.52640151977539, "preconditioner_change_relative": 0.011007550172507763, "denominator_lag_relative": 0.0, "block_age": 0}
{"step": 80, "epoch": 2, "step_seconds": 0.26883661560714245, "innovation_std_sum": 45.80701168939032, "noise_marginal_std_sum": 51.57765565894811, "pure_mf_cumulative_momentum_noise_variance": 0.00863781647652207, "preconditioner_mean": 19.479337692260742, "preconditioner_change_relative": 0.009673167020082474, "denominator_lag_relative": 0.0, "block_age": 0}
{"step": 90, "epoch": 2, "step_seconds": 0.26452382281422615, "innovation_std_sum": 45.80701168939032, "noise_marginal_std_sum": 51.57765565894811, "pure_mf_cumulative_momentum_noise_variance": 0.008904775855369947, "preconditioner_mean": 19.44333839416504, "preconditioner_change_relative": 0.00905115157365799, "denominator_lag_relative": 0.0, "block_age": 0}
{"step": 100, "epoch": 2, "step_seconds": 0.2657089177519083, "innovation_std_sum": 45.80701168939032, "noise_marginal_std_sum": 51.57765565894811, "pure_mf_cumulative_momentum_noise_variance": 0.009172114521351988, "preconditioner_mean": 19.413888931274414, "preconditioner_change_relative": 0.007798637729138136, "denominator_lag_relative": 0.0, "block_age": 0}
{"step": 110, "epoch": 2, "step_seconds": 0.2623076681047678, "innovation_std_sum": 45.80701168939032, "noise_marginal_std_sum": 51.57765565894811, "pure_mf_cumulative_momentum_noise_variance": 0.009439602474402202, "preconditioner_mean": 19.397157669067383, "preconditioner_change_relative": 0.007191346026957035, "denominator_lag_relative": 0.0, "block_age": 0}
{"step": 120, "epoch": 2, "step_seconds": 0.26489797607064247, "innovation_std_sum": 45.80701168939032, "noise_marginal_std_sum": 51.57765565894811, "pure_mf_cumulative_momentum_noise_variance": 0.009707148423277403, "preconditioner_mean": 19.378704071044922, "preconditioner_change_relative": 0.00665436964482069, "denominator_lag_relative": 0.0, "block_age": 0}
{"epoch": 2, "step": 124, "epsilon": 4.617524156181054, "accuracy": 0.7917367732286409, "validation_loss": 0.5606356071833027, "validation_examples": 5349}
{"step": 130, "epoch": 3, "step_seconds": 0.2628951109945774, "innovation_std_sum": 45.80701168939032, "noise_marginal_std_sum": 51.57765565894811, "pure_mf_cumulative_momentum_noise_variance": 0.00997471666640919, "preconditioner_mean": 19.36655616760254, "preconditioner_change_relative": 0.005701335147023201, "denominator_lag_relative": 0.0, "block_age": 0}
{"step": 140, "epoch": 3, "step_seconds": 0.270640529692173, "innovation_std_sum": 45.80701168939032, "noise_marginal_std_sum": 51.57765565894811, "pure_mf_cumulative_momentum_noise_variance": 0.010242293405698256, "preconditioner_mean": 19.3458309173584, "preconditioner_change_relative": 0.005782492458820343, "denominator_lag_relative": 0.0, "block_age": 0}
{"step": 150, "epoch": 3, "step_seconds": 0.2676000650972128, "innovation_std_sum": 45.80701168939032, "noise_marginal_std_sum": 51.57765565894811, "pure_mf_cumulative_momentum_noise_variance": 0.010509873359385922, "preconditioner_mean": 19.347915649414062, "preconditioner_change_relative": 0.005037969443947077, "denominator_lag_relative": 0.0, "block_age": 0}
{"step": 160, "epoch": 3, "step_seconds": 0.2643789164721966, "innovation_std_sum": 45.80701168939032, "noise_marginal_std_sum": 51.57765565894811, "pure_mf_cumulative_momentum_noise_variance": 0.010777454521723028, "preconditioner_mean": 19.346237182617188, "preconditioner_change_relative": 0.004880184773355722, "denominator_lag_relative": 0.0, "block_age": 0}
{"step": 170, "epoch": 3, "step_seconds": 0.265580827370286, "innovation_std_sum": 45.80701168939032, "noise_marginal_std_sum": 51.57765565894811, "pure_mf_cumulative_momentum_noise_variance": 0.01104503613612443, "preconditioner_mean": 19.339618682861328, "preconditioner_change_relative": 0.0045800418592989445, "denominator_lag_relative": 0.0, "block_age": 0}
{"step": 180, "epoch": 3, "step_seconds": 0.26964923180639744, "innovation_std_sum": 45.80701168939032, "noise_marginal_std_sum": 51.57765565894811, "pure_mf_cumulative_momentum_noise_variance": 0.011312617918832427, "preconditioner_mean": 19.340272903442383, "preconditioner_change_relative": 0.004156454931944609, "denominator_lag_relative": 0.0, "block_age": 0}
{"epoch": 3, "step": 186, "epsilon": 5.878060668355689, "accuracy": 0.8132361189007291, "validation_loss": 0.5040394802097071, "validation_examples": 5349}
{"step": 190, "epoch": 4, "step_seconds": 0.27018420957028866, "innovation_std_sum": 45.80701168939032, "noise_marginal_std_sum": 51.57765565894811, "pure_mf_cumulative_momentum_noise_variance": 0.011580199763949733, "preconditioner_mean": 19.335424423217773, "preconditioner_change_relative": 0.004198714625090361, "denominator_lag_relative": 0.0, "block_age": 0}
{"step": 200, "epoch": 4, "step_seconds": 0.26668347604572773, "innovation_std_sum": 45.80701168939032, "noise_marginal_std_sum": 51.57765565894811, "pure_mf_cumulative_momentum_noise_variance": 0.011847781632126443, "preconditioner_mean": 19.3326416015625, "preconditioner_change_relative": 0.003987874370068312, "denominator_lag_relative": 0.0, "block_age": 0}
{"step": 210, "epoch": 4, "step_seconds": 0.2636738196015358, "innovation_std_sum": 45.80701168939032, "noise_marginal_std_sum": 51.57765565894811, "pure_mf_cumulative_momentum_noise_variance": 0.012115363508796268, "preconditioner_mean": 19.32276725769043, "preconditioner_change_relative": 0.0037163873203098774, "denominator_lag_relative": 0.0, "block_age": 0}
{"step": 220, "epoch": 4, "step_seconds": 0.16763333417475224, "innovation_std_sum": 45.80701168939032, "noise_marginal_std_sum": 51.57765565894811, "pure_mf_cumulative_momentum_noise_variance": 0.012382945388585349, "preconditioner_mean": 19.319183349609375, "preconditioner_change_relative": 0.003596837865188718, "denominator_lag_relative": 0.0, "block_age": 0}
{"step": 230, "epoch": 4, "step_seconds": 0.26795453391969204, "innovation_std_sum": 45.80701168939032, "noise_marginal_std_sum": 51.57765565894811, "pure_mf_cumulative_momentum_noise_variance": 0.012650527269517098, "preconditioner_mean": 19.321592330932617, "preconditioner_change_relative": 0.003485803259536624, "denominator_lag_relative": 0.0, "block_age": 0}
{"step": 240, "epoch": 4, "step_seconds": 0.2652867492288351, "innovation_std_sum": 45.80701168939032, "noise_marginal_std_sum": 51.57765565894811, "pure_mf_cumulative_momentum_noise_variance": 0.012918109150866462, "preconditioner_mean": 19.325481414794922, "preconditioner_change_relative": 0.003426415380090475, "denominator_lag_relative": 0.0, "block_age": 0}
{"epoch": 4, "step": 248, "epsilon": 6.987427898844202, "accuracy": 0.8210880538418396, "validation_loss": 0.4718752600897537, "validation_examples": 5349}
{"step": 250, "epoch": 5, "step_seconds": 0.26523724384605885, "innovation_std_sum": 45.80701168939032, "noise_marginal_std_sum": 51.57765565894811, "pure_mf_cumulative_momentum_noise_variance": 0.013185691032368134, "preconditioner_mean": 19.316051483154297, "preconditioner_change_relative": 0.0033420156687498093, "denominator_lag_relative": 0.0, "block_age": 0}
{"step": 260, "epoch": 5, "step_seconds": 0.2670310549438, "innovation_std_sum": 45.80701168939032, "noise_marginal_std_sum": 51.57765565894811, "pure_mf_cumulative_momentum_noise_variance": 0.013453272913925247, "preconditioner_mean": 19.314987182617188, "preconditioner_change_relative": 0.0030618086457252502, "denominator_lag_relative": 0.0, "block_age": 0}
{"step": 270, "epoch": 5, "step_seconds": 0.26836518570780754, "innovation_std_sum": 45.80701168939032, "noise_marginal_std_sum": 51.57765565894811, "pure_mf_cumulative_momentum_noise_variance": 0.013720854795502503, "preconditioner_mean": 19.31452178955078, "preconditioner_change_relative": 0.0031540195923298597, "denominator_lag_relative": 0.0, "block_age": 0}
{"step": 280, "epoch": 5, "step_seconds": 0.2639089711010456, "innovation_std_sum": 45.80701168939032, "noise_marginal_std_sum": 51.57765565894811, "pure_mf_cumulative_momentum_noise_variance": 0.013988436677087067, "preconditioner_mean": 19.323028564453125, "preconditioner_change_relative": 0.0027586626820266247, "denominator_lag_relative": 0.0, "block_age": 0}
{"step": 290, "epoch": 5, "step_seconds": 0.26593147590756416, "innovation_std_sum": 45.80701168939032, "noise_marginal_std_sum": 51.57765565894811, "pure_mf_cumulative_momentum_noise_variance": 0.014256018558674276, "preconditioner_mean": 19.328256607055664, "preconditioner_change_relative": 0.0028961244970560074, "denominator_lag_relative": 0.0, "block_age": 0}
{"step": 300, "epoch": 5, "step_seconds": 0.26894979551434517, "innovation_std_sum": 45.80701168939032, "noise_marginal_std_sum": 51.57765565894811, "pure_mf_cumulative_momentum_noise_variance": 0.01452360044026244, "preconditioner_mean": 19.332876205444336, "preconditioner_change_relative": 0.002663826569914818, "denominator_lag_relative": 0.0, "block_age": 0}
{"step": 310, "epoch": 5, "step_seconds": 0.17816401086747646, "innovation_std_sum": 45.80701168939032, "noise_marginal_std_sum": 51.57765565894811, "pure_mf_cumulative_momentum_noise_variance": 0.014791182321850956, "preconditioner_mean": 19.328384399414062, "preconditioner_change_relative": 0.0027456695679575205, "denominator_lag_relative": 0.0, "block_age": 0}
{"epoch": 5, "step": 310, "epsilon": 8.000000000000005, "accuracy": 0.8272574312955693, "validation_loss": 0.46754284550439845, "validation_examples": 5349}
