/home/longt29/miniconda3/envs/curve/lib/python3.11/site-packages/torchvision/datasets/cifar.py:83: VisibleDeprecationWarning: dtype(): align should be passed as Python or NumPy boolean but got `align=0`. Did you mean to pass a tuple to create a subarray type? (Deprecated NumPy 2.4)
  entry = pickle.load(f, encoding="latin1")
sys:1: UserWarning: Full backward hook is firing when gradients are computed with respect to module outputs since no inputs require gradients. See https://docs.pytorch.org/docs/main/generated/torch.nn.Module.html#torch.nn.Module.register_full_backward_hook for more details.
{"step": 10, "epoch": 1, "train_loss": 4.776864501953125, "clip_fraction": 1.0, "gradient_norm_mean": 548.694515625, "gradient_norm_max": 1268.891845703125, "step_seconds": 1.945580130442977, "innovation_std_sum": 144.0803108758691, "noise_marginal_std_sum": 198.73177379497218}
{"step": 20, "epoch": 1, "train_loss": 4.651223388671875, "clip_fraction": 1.0, "gradient_norm_mean": 466.60515625, "gradient_norm_max": 884.535400390625, "step_seconds": 1.953433008864522, "innovation_std_sum": 144.0803108758691, "noise_marginal_std_sum": 198.73177379497218}
{"step": 30, "epoch": 1, "train_loss": 4.593027709960937, "clip_fraction": 1.0, "gradient_norm_mean": 440.692921875, "gradient_norm_max": 826.5579833984375, "step_seconds": 1.9511328134685755, "innovation_std_sum": 144.0803108758691, "noise_marginal_std_sum": 198.73177379497218}
{"step": 40, "epoch": 1, "train_loss": 4.508077880859375, "clip_fraction": 1.0, "gradient_norm_mean": 439.6362890625, "gradient_norm_max": 927.9873657226562, "step_seconds": 1.9706233609467745, "innovation_std_sum": 144.0803108758691, "noise_marginal_std_sum": 198.73177379497218}
{"epoch": 1, "step": 45, "train_loss": 4.660999367947048, "clip_fraction": 1.0, "epsilon": 2.805247463992718, "accuracy": 0.0434, "validation_loss": 4.390787060546875, "validation_examples": 5000}
{"step": 50, "epoch": 2, "train_loss": 4.380418701171875, "clip_fraction": 1.0, "gradient_norm_mean": 454.39034375, "gradient_norm_max": 918.3870239257812, "step_seconds": 1.945288848131895, "innovation_std_sum": 144.0803108758691, "noise_marginal_std_sum": 198.73177379497218}
{"step": 60, "epoch": 2, "train_loss": 4.300115478515625, "clip_fraction": 1.0, "gradient_norm_mean": 478.691, "gradient_norm_max": 956.3036499023438, "step_seconds": 1.9508604053407907, "innovation_std_sum": 144.0803108758691, "noise_marginal_std_sum": 198.73177379497218}
{"step": 70, "epoch": 2, "train_loss": 4.183311889648437, "clip_fraction": 1.0, "gradient_norm_mean": 515.328484375, "gradient_norm_max": 1160.1558837890625, "step_seconds": 1.9660189133137465, "innovation_std_sum": 144.0803108758691, "noise_marginal_std_sum": 198.73177379497218}
{"step": 80, "epoch": 2, "train_loss": 4.116315673828125, "clip_fraction": 1.0, "gradient_norm_mean": 548.039546875, "gradient_norm_max": 1145.9124755859375, "step_seconds": 1.955993440002203, "innovation_std_sum": 144.0803108758691, "noise_marginal_std_sum": 198.73177379497218}
{"step": 90, "epoch": 2, "train_loss": 4.037477233886719, "clip_fraction": 1.0, "gradient_norm_mean": 600.18578125, "gradient_norm_max": 1271.5308837890625, "step_seconds": 1.9566394314169884, "innovation_std_sum": 144.0803108758691, "noise_marginal_std_sum": 198.73177379497218}
{"epoch": 2, "step": 90, "train_loss": 4.224711083984375, "clip_fraction": 1.0, "epsilon": 4.4474719255524375, "accuracy": 0.1222, "validation_loss": 3.8999946044921874, "validation_examples": 5000}
{"step": 100, "epoch": 3, "train_loss": 3.912603454589844, "clip_fraction": 1.0, "gradient_norm_mean": 645.6931875, "gradient_norm_max": 1406.0860595703125, "step_seconds": 1.9555497784167528, "innovation_std_sum": 144.0803108758691, "noise_marginal_std_sum": 198.73177379497218}
{"step": 110, "epoch": 3, "train_loss": 3.7592913818359377, "clip_fraction": 1.0, "gradient_norm_mean": 682.041203125, "gradient_norm_max": 1337.2879638671875, "step_seconds": 1.9564390983432531, "innovation_std_sum": 144.0803108758691, "noise_marginal_std_sum": 198.73177379497218}
{"step": 120, "epoch": 3, "train_loss": 3.7208359375, "clip_fraction": 1.0, "gradient_norm_mean": 722.929171875, "gradient_norm_max": 1696.4195556640625, "step_seconds": 1.9607939142733812, "innovation_std_sum": 144.0803108758691, "noise_marginal_std_sum": 198.73177379497218}
{"step": 130, "epoch": 3, "train_loss": 3.5955116577148436, "clip_fraction": 1.0, "gradient_norm_mean": 745.39021875, "gradient_norm_max": 1789.3621826171875, "step_seconds": 1.960126468911767, "innovation_std_sum": 144.0803108758691, "noise_marginal_std_sum": 198.73177379497218}
{"epoch": 3, "step": 135, "train_loss": 3.7543385986328124, "clip_fraction": 1.0, "epsilon": 5.779485746307642, "accuracy": 0.2264, "validation_loss": 3.3453711669921873, "validation_examples": 5000}
{"step": 140, "epoch": 4, "train_loss": 3.4317701416015627, "clip_fraction": 1.0, "gradient_norm_mean": 770.216859375, "gradient_norm_max": 2294.504150390625, "step_seconds": 1.9477444626390934, "innovation_std_sum": 144.0803108758691, "noise_marginal_std_sum": 198.73177379497218}
{"step": 150, "epoch": 4, "train_loss": 3.3977000732421874, "clip_fraction": 1.0, "gradient_norm_mean": 797.14784375, "gradient_norm_max": 2289.324951171875, "step_seconds": 1.9607460275292397, "innovation_std_sum": 144.0803108758691, "noise_marginal_std_sum": 198.73177379497218}
{"step": 160, "epoch": 4, "train_loss": 3.2971879272460938, "clip_fraction": 1.0, "gradient_norm_mean": 809.8235, "gradient_norm_max": 1805.0155029296875, "step_seconds": 1.9600076135247946, "innovation_std_sum": 144.0803108758691, "noise_marginal_std_sum": 198.73177379497218}
{"step": 170, "epoch": 4, "train_loss": 3.1854669799804687, "clip_fraction": 1.0, "gradient_norm_mean": 819.264703125, "gradient_norm_max": 2017.5582275390625, "step_seconds": 1.963250171393156, "innovation_std_sum": 144.0803108758691, "noise_marginal_std_sum": 198.73177379497218}
{"step": 180, "epoch": 4, "train_loss": 3.1473603515625, "clip_fraction": 1.0, "gradient_norm_mean": 834.613078125, "gradient_norm_max": 2233.2333984375, "step_seconds": 1.9581561833620071, "innovation_std_sum": 144.0803108758691, "noise_marginal_std_sum": 198.73177379497218}
{"epoch": 4, "step": 180, "train_loss": 3.3035249471028645, "clip_fraction": 1.0, "epsilon": 6.943065470652311, "accuracy": 0.3232, "validation_loss": 2.865466259765625, "validation_examples": 5000}
{"step": 190, "epoch": 5, "train_loss": 3.05026708984375, "clip_fraction": 1.0, "gradient_norm_mean": 841.31725, "gradient_norm_max": 2163.07421875, "step_seconds": 1.9466749746352434, "innovation_std_sum": 144.0803108758691, "noise_marginal_std_sum": 198.73177379497218}
{"step": 200, "epoch": 5, "train_loss": 2.967792236328125, "clip_fraction": 1.0, "gradient_norm_mean": 858.76403125, "gradient_norm_max": 2426.144287109375, "step_seconds": 1.9558885376900434, "innovation_std_sum": 144.0803108758691, "noise_marginal_std_sum": 198.73177379497218}
{"step": 210, "epoch": 5, "train_loss": 2.9429287109375, "clip_fraction": 1.0, "gradient_norm_mean": 859.265453125, "gradient_norm_max": 2296.940673828125, "step_seconds": 1.9651023373007774, "innovation_std_sum": 144.0803108758691, "noise_marginal_std_sum": 198.73177379497218}
{"step": 220, "epoch": 5, "train_loss": 2.8329716186523437, "clip_fraction": 1.0, "gradient_norm_mean": 865.686328125, "gradient_norm_max": 2547.06494140625, "step_seconds": 2.0209271013736725, "innovation_std_sum": 144.0803108758691, "noise_marginal_std_sum": 198.73177379497218}
{"epoch": 5, "step": 225, "train_loss": 2.932694349500868, "clip_fraction": 1.0, "epsilon": 8.000000000000005, "accuracy": 0.4044, "validation_loss": 2.491647216796875, "validation_examples": 5000}
