/home/longt29/miniconda3/envs/curve/lib/python3.11/site-packages/torchvision/datasets/cifar.py:83: VisibleDeprecationWarning: dtype(): align should be passed as Python or NumPy boolean but got `align=0`. Did you mean to pass a tuple to create a subarray type? (Deprecated NumPy 2.4)
  entry = pickle.load(f, encoding="latin1")
sys:1: UserWarning: Full backward hook is firing when gradients are computed with respect to module outputs since no inputs require gradients. See https://docs.pytorch.org/docs/main/generated/torch.nn.Module.html#torch.nn.Module.register_full_backward_hook for more details.
{"step": 10, "epoch": 1, "train_loss": 4.189826538085938, "clip_fraction": 1.0, "gradient_norm_mean": 74.640564453125, "gradient_norm_max": 139.14955139160156, "step_seconds": 2.1345410868525505, "innovation_std_sum": 17.095559353641725, "noise_marginal_std_sum": 19.26216119759164}
{"step": 20, "epoch": 1, "train_loss": 3.557767822265625, "clip_fraction": 1.0, "gradient_norm_mean": 109.6031015625, "gradient_norm_max": 257.72998046875, "step_seconds": 2.1456516478210688, "innovation_std_sum": 17.095559353641725, "noise_marginal_std_sum": 19.26216119759164}
{"step": 30, "epoch": 1, "train_loss": 3.147937744140625, "clip_fraction": 0.997, "gradient_norm_mean": 129.234111328125, "gradient_norm_max": 367.1204528808594, "step_seconds": 2.162496792152524, "innovation_std_sum": 17.095559353641725, "noise_marginal_std_sum": 19.26216119759164}
{"step": 40, "epoch": 1, "train_loss": 3.06158447265625, "clip_fraction": 0.994, "gradient_norm_mean": 139.42103125, "gradient_norm_max": 430.5360107421875, "step_seconds": 2.1767839547246695, "innovation_std_sum": 17.095559353641725, "noise_marginal_std_sum": 19.26216119759164}
{"epoch": 1, "step": 45, "train_loss": 3.623338553873698, "clip_fraction": 0.9980444444444444, "epsilon": 3.1232761473275077, "accuracy": 0.3292, "validation_loss": 2.5465795043945314, "validation_examples": 5000}
{"step": 50, "epoch": 2, "train_loss": 2.8393841552734376, "clip_fraction": 0.988, "gradient_norm_mean": 137.716359375, "gradient_norm_max": 404.0477600097656, "step_seconds": 2.1262114122509956, "innovation_std_sum": 17.095559353641725, "noise_marginal_std_sum": 19.26216119759164}
{"step": 60, "epoch": 2, "train_loss": 2.846110595703125, "clip_fraction": 0.992, "gradient_norm_mean": 141.913671875, "gradient_norm_max": 355.00927734375, "step_seconds": 2.124533921480179, "innovation_std_sum": 17.095559353641725, "noise_marginal_std_sum": 19.26216119759164}
{"step": 70, "epoch": 2, "train_loss": 2.6943018798828127, "clip_fraction": 0.973, "gradient_norm_mean": 140.365890625, "gradient_norm_max": 590.3905639648438, "step_seconds": 2.1905614398419857, "innovation_std_sum": 17.095559353641725, "noise_marginal_std_sum": 19.26216119759164}
{"step": 80, "epoch": 2, "train_loss": 2.838491455078125, "clip_fraction": 0.972, "gradient_norm_mean": 156.7602265625, "gradient_norm_max": 471.450927734375, "step_seconds": 2.2094135470688343, "innovation_std_sum": 17.095559353641725, "noise_marginal_std_sum": 19.26216119759164}
{"step": 90, "epoch": 2, "train_loss": 2.720609375, "clip_fraction": 0.974, "gradient_norm_mean": 153.24537890625, "gradient_norm_max": 466.62982177734375, "step_seconds": 2.190341327339411, "innovation_std_sum": 17.095559353641725, "noise_marginal_std_sum": 19.26216119759164}
{"epoch": 2, "step": 90, "train_loss": 2.775127408854167, "clip_fraction": 0.9825777777777778, "epsilon": 4.650911679155922, "accuracy": 0.4022, "validation_loss": 2.2294918212890624, "validation_examples": 5000}
{"step": 100, "epoch": 3, "train_loss": 2.682243835449219, "clip_fraction": 0.972, "gradient_norm_mean": 159.2929609375, "gradient_norm_max": 401.40460205078125, "step_seconds": 2.137846628203988, "innovation_std_sum": 17.095559353641725, "noise_marginal_std_sum": 19.26216119759164}
{"step": 110, "epoch": 3, "train_loss": 2.5922023315429685, "clip_fraction": 0.97, "gradient_norm_mean": 154.065328125, "gradient_norm_max": 411.6817321777344, "step_seconds": 2.17714311927557, "innovation_std_sum": 17.095559353641725, "noise_marginal_std_sum": 19.26216119759164}
{"step": 120, "epoch": 3, "train_loss": 2.651059814453125, "clip_fraction": 0.962, "gradient_norm_mean": 161.5351015625, "gradient_norm_max": 499.5483093261719, "step_seconds": 2.2005535755306482, "innovation_std_sum": 17.095559353641725, "noise_marginal_std_sum": 19.26216119759164}
{"step": 130, "epoch": 3, "train_loss": 2.6028023681640624, "clip_fraction": 0.966, "gradient_norm_mean": 160.8433359375, "gradient_norm_max": 509.1383972167969, "step_seconds": 2.213808871805668, "innovation_std_sum": 17.095559353641725, "noise_marginal_std_sum": 19.26216119759164}
{"epoch": 3, "step": 135, "train_loss": 2.629161705186632, "clip_fraction": 0.9657333333333333, "epsilon": 5.897166745944286, "accuracy": 0.4156, "validation_loss": 2.1998611877441405, "validation_examples": 5000}
{"step": 140, "epoch": 4, "train_loss": 2.6373811645507814, "clip_fraction": 0.967, "gradient_norm_mean": 155.42015625, "gradient_norm_max": 408.0419921875, "step_seconds": 2.1283062007278204, "innovation_std_sum": 17.095559353641725, "noise_marginal_std_sum": 19.26216119759164}
{"step": 150, "epoch": 4, "train_loss": 2.6733517456054687, "clip_fraction": 0.961, "gradient_norm_mean": 163.413171875, "gradient_norm_max": 426.6562805175781, "step_seconds": 2.147120922803879, "innovation_std_sum": 17.095559353641725, "noise_marginal_std_sum": 19.26216119759164}
{"step": 160, "epoch": 4, "train_loss": 2.597755187988281, "clip_fraction": 0.946, "gradient_norm_mean": 157.0949296875, "gradient_norm_max": 457.1654357910156, "step_seconds": 2.190073538571596, "innovation_std_sum": 17.095559353641725, "noise_marginal_std_sum": 19.26216119759164}
{"step": 170, "epoch": 4, "train_loss": 2.683628967285156, "clip_fraction": 0.964, "gradient_norm_mean": 164.55011328125, "gradient_norm_max": 466.25201416015625, "step_seconds": 2.1862589474767447, "innovation_std_sum": 17.095559353641725, "noise_marginal_std_sum": 19.26216119759164}
{"step": 180, "epoch": 4, "train_loss": 2.6287457885742187, "clip_fraction": 0.957, "gradient_norm_mean": 161.93149609375, "gradient_norm_max": 537.0929565429688, "step_seconds": 2.2179935481399298, "innovation_std_sum": 17.095559353641725, "noise_marginal_std_sum": 19.26216119759164}
{"epoch": 4, "step": 180, "train_loss": 2.6318955078125, "clip_fraction": 0.9610444444444445, "epsilon": 6.996030747466345, "accuracy": 0.4204, "validation_loss": 2.2222358276367187, "validation_examples": 5000}
{"step": 190, "epoch": 5, "train_loss": 2.6404854125976565, "clip_fraction": 0.961, "gradient_norm_mean": 163.61062109375, "gradient_norm_max": 449.3724060058594, "step_seconds": 2.1304426435381174, "innovation_std_sum": 17.095559353641725, "noise_marginal_std_sum": 19.26216119759164}
{"step": 200, "epoch": 5, "train_loss": 2.7270398559570315, "clip_fraction": 0.957, "gradient_norm_mean": 167.33183984375, "gradient_norm_max": 460.22491455078125, "step_seconds": 2.1646728962659836, "innovation_std_sum": 17.095559353641725, "noise_marginal_std_sum": 19.26216119759164}
{"step": 210, "epoch": 5, "train_loss": 2.6723297119140623, "clip_fraction": 0.944, "gradient_norm_mean": 164.90946875, "gradient_norm_max": 429.29095458984375, "step_seconds": 2.1877543181180954, "innovation_std_sum": 17.095559353641725, "noise_marginal_std_sum": 19.26216119759164}
{"step": 220, "epoch": 5, "train_loss": 2.688471862792969, "clip_fraction": 0.964, "gradient_norm_mean": 162.79908203125, "gradient_norm_max": 450.98681640625, "step_seconds": 2.226530496031046, "innovation_std_sum": 17.095559353641725, "noise_marginal_std_sum": 19.26216119759164}
{"epoch": 5, "step": 225, "train_loss": 2.6415951755099827, "clip_fraction": 0.9589111111111112, "epsilon": 8.000000000000005, "accuracy": 0.4118, "validation_loss": 2.262180969238281, "validation_examples": 5000}
