/home/longt29/miniconda3/envs/curve/lib/python3.11/site-packages/torchvision/datasets/cifar.py:83: VisibleDeprecationWarning: dtype(): align should be passed as Python or NumPy boolean but got `align=0`. Did you mean to pass a tuple to create a subarray type? (Deprecated NumPy 2.4)
  entry = pickle.load(f, encoding="latin1")
sys:1: UserWarning: Full backward hook is firing when gradients are computed with respect to module outputs since no inputs require gradients. See https://docs.pytorch.org/docs/main/generated/torch.nn.Module.html#torch.nn.Module.register_full_backward_hook for more details.
{"step": 10, "epoch": 1, "train_loss": 4.818947265625, "clip_fraction": 1.0, "gradient_norm_mean": 66.998919921875, "gradient_norm_max": 123.51226806640625, "step_seconds": 2.090433143079281, "innovation_std_sum": 72.52654170619961, "noise_marginal_std_sum": 72.52654170619961}
{"step": 20, "epoch": 1, "train_loss": 4.614256225585938, "clip_fraction": 1.0, "gradient_norm_mean": 57.3604453125, "gradient_norm_max": 120.5578842163086, "step_seconds": 2.1125778928399086, "innovation_std_sum": 72.52654170619961, "noise_marginal_std_sum": 72.52654170619961}
{"step": 30, "epoch": 1, "train_loss": 4.53275927734375, "clip_fraction": 1.0, "gradient_norm_mean": 57.21879296875, "gradient_norm_max": 123.55508422851562, "step_seconds": 2.098159559071064, "innovation_std_sum": 72.52654170619961, "noise_marginal_std_sum": 72.52654170619961}
{"step": 40, "epoch": 1, "train_loss": 4.448126708984375, "clip_fraction": 1.0, "gradient_norm_mean": 58.1338916015625, "gradient_norm_max": 116.4078369140625, "step_seconds": 2.114340042695403, "innovation_std_sum": 72.52654170619961, "noise_marginal_std_sum": 72.52654170619961}
{"step": 50, "epoch": 1, "train_loss": 4.315557495117187, "clip_fraction": 1.0, "gradient_norm_mean": 61.6179609375, "gradient_norm_max": 134.61004638671875, "step_seconds": 2.1034613829106092, "innovation_std_sum": 72.52654170619961, "noise_marginal_std_sum": 72.52654170619961}
{"epoch": 1, "step": 50, "train_loss": 4.625862370605469, "clip_fraction": 0.99998, "epsilon": 1.6139017611016584, "accuracy": 0.0638, "validation_loss": 4.253244165039063, "validation_examples": 10000}
{"step": 60, "epoch": 2, "train_loss": 4.221349365234375, "clip_fraction": 1.0, "gradient_norm_mean": 68.853537109375, "gradient_norm_max": 137.7708740234375, "step_seconds": 2.1135503873229027, "innovation_std_sum": 72.52654170619961, "noise_marginal_std_sum": 72.52654170619961}
{"step": 70, "epoch": 2, "train_loss": 4.047154296875, "clip_fraction": 1.0, "gradient_norm_mean": 75.574099609375, "gradient_norm_max": 169.50730895996094, "step_seconds": 2.111327487975359, "innovation_std_sum": 72.52654170619961, "noise_marginal_std_sum": 72.52654170619961}
{"step": 80, "epoch": 2, "train_loss": 3.952003662109375, "clip_fraction": 1.0, "gradient_norm_mean": 83.160861328125, "gradient_norm_max": 183.95330810546875, "step_seconds": 2.1096401773393154, "innovation_std_sum": 72.52654170619961, "noise_marginal_std_sum": 72.52654170619961}
{"step": 90, "epoch": 2, "train_loss": 3.86880810546875, "clip_fraction": 1.0, "gradient_norm_mean": 91.0109140625, "gradient_norm_max": 266.36724853515625, "step_seconds": 2.126586088910699, "innovation_std_sum": 72.52654170619961, "noise_marginal_std_sum": 72.52654170619961}
{"step": 100, "epoch": 2, "train_loss": 3.7743590087890624, "clip_fraction": 1.0, "gradient_norm_mean": 96.5691171875, "gradient_norm_max": 292.0184020996094, "step_seconds": 2.1245629359036684, "innovation_std_sum": 72.52654170619961, "noise_marginal_std_sum": 72.52654170619961}
{"epoch": 2, "step": 100, "train_loss": 4.011965789794922, "clip_fraction": 1.0, "epsilon": 2.376205474956288, "accuracy": 0.1819, "validation_loss": 3.539542803955078, "validation_examples": 10000}
{"step": 110, "epoch": 3, "train_loss": 3.5674248046875, "clip_fraction": 1.0, "gradient_norm_mean": 102.432080078125, "gradient_norm_max": 249.1487274169922, "step_seconds": 2.107535995543003, "innovation_std_sum": 72.52654170619961, "noise_marginal_std_sum": 72.52654170619961}
{"step": 120, "epoch": 3, "train_loss": 3.497080505371094, "clip_fraction": 0.998, "gradient_norm_mean": 107.061451171875, "gradient_norm_max": 263.7825012207031, "step_seconds": 2.113871870562434, "innovation_std_sum": 72.52654170619961, "noise_marginal_std_sum": 72.52654170619961}
{"step": 130, "epoch": 3, "train_loss": 3.342736328125, "clip_fraction": 1.0, "gradient_norm_mean": 107.733015625, "gradient_norm_max": 340.1148376464844, "step_seconds": 2.113685442134738, "innovation_std_sum": 72.52654170619961, "noise_marginal_std_sum": 72.52654170619961}
{"step": 140, "epoch": 3, "train_loss": 3.2928970947265626, "clip_fraction": 0.999, "gradient_norm_mean": 112.323486328125, "gradient_norm_max": 298.88165283203125, "step_seconds": 2.1201864406466484, "innovation_std_sum": 72.52654170619961, "noise_marginal_std_sum": 72.52654170619961}
{"step": 150, "epoch": 3, "train_loss": 3.2455635986328124, "clip_fraction": 0.998, "gradient_norm_mean": 114.68323828125, "gradient_norm_max": 285.8705749511719, "step_seconds": 2.1250640265643597, "innovation_std_sum": 72.52654170619961, "noise_marginal_std_sum": 72.52654170619961}
{"epoch": 3, "step": 150, "train_loss": 3.4401708142089844, "clip_fraction": 0.99928, "epsilon": 2.9873679470781713, "accuracy": 0.2975, "validation_loss": 2.969022503662109, "validation_examples": 10000}
{"step": 160, "epoch": 4, "train_loss": 3.092037109375, "clip_fraction": 0.999, "gradient_norm_mean": 115.11264453125, "gradient_norm_max": 362.0631103515625, "step_seconds": 2.103385850787163, "innovation_std_sum": 72.52654170619961, "noise_marginal_std_sum": 72.52654170619961}
{"step": 170, "epoch": 4, "train_loss": 3.084479736328125, "clip_fraction": 1.0, "gradient_norm_mean": 118.60062109375, "gradient_norm_max": 303.99578857421875, "step_seconds": 2.1211222168058157, "innovation_std_sum": 72.52654170619961, "noise_marginal_std_sum": 72.52654170619961}
{"step": 180, "epoch": 4, "train_loss": 2.9669169921875, "clip_fraction": 0.996, "gradient_norm_mean": 118.08220703125, "gradient_norm_max": 355.8241882324219, "step_seconds": 2.116752229630947, "innovation_std_sum": 72.52654170619961, "noise_marginal_std_sum": 72.52654170619961}
{"step": 190, "epoch": 4, "train_loss": 2.9044641723632814, "clip_fraction": 0.995, "gradient_norm_mean": 119.803287109375, "gradient_norm_max": 307.04156494140625, "step_seconds": 2.122057592496276, "innovation_std_sum": 72.52654170619961, "noise_marginal_std_sum": 72.52654170619961}
{"step": 200, "epoch": 4, "train_loss": 2.8967279052734374, "clip_fraction": 0.995, "gradient_norm_mean": 122.4347578125, "gradient_norm_max": 355.27105712890625, "step_seconds": 2.129700779914856, "innovation_std_sum": 72.52654170619961, "noise_marginal_std_sum": 72.52654170619961}
{"epoch": 4, "step": 200, "train_loss": 3.015902100830078, "clip_fraction": 0.99606, "epsilon": 3.519237934248579, "accuracy": 0.3795, "validation_loss": 2.5447874450683594, "validation_examples": 10000}
{"step": 210, "epoch": 5, "train_loss": 2.8269537353515624, "clip_fraction": 0.991, "gradient_norm_mean": 122.582720703125, "gradient_norm_max": 411.84039306640625, "step_seconds": 2.1655648816376925, "innovation_std_sum": 72.52654170619961, "noise_marginal_std_sum": 72.52654170619961}
{"step": 220, "epoch": 5, "train_loss": 2.8129462890625, "clip_fraction": 0.991, "gradient_norm_mean": 123.692125, "gradient_norm_max": 473.0819091796875, "step_seconds": 2.118291290476918, "innovation_std_sum": 72.52654170619961, "noise_marginal_std_sum": 72.52654170619961}
{"step": 230, "epoch": 5, "train_loss": 2.750199951171875, "clip_fraction": 0.989, "gradient_norm_mean": 123.668810546875, "gradient_norm_max": 382.9760437011719, "step_seconds": 2.1203469838947058, "innovation_std_sum": 72.52654170619961, "noise_marginal_std_sum": 72.52654170619961}
{"step": 240, "epoch": 5, "train_loss": 2.6545250244140624, "clip_fraction": 0.982, "gradient_norm_mean": 122.9052734375, "gradient_norm_max": 470.59271240234375, "step_seconds": 2.1203785855323076, "innovation_std_sum": 72.52654170619961, "noise_marginal_std_sum": 72.52654170619961}
{"step": 250, "epoch": 5, "train_loss": 2.6123154296875, "clip_fraction": 0.988, "gradient_norm_mean": 123.681359375, "gradient_norm_max": 389.5460510253906, "step_seconds": 2.1079762428998947, "innovation_std_sum": 72.52654170619961, "noise_marginal_std_sum": 72.52654170619961}
{"epoch": 5, "step": 250, "train_loss": 2.7350159924316406, "clip_fraction": 0.9882, "epsilon": 3.9999999999999716, "accuracy": 0.4316, "validation_loss": 2.2563695861816404, "validation_examples": 10000}
