Loading weights:   0%|          | 0/39 [00:00<?, ?it/s]Loading weights: 100%|██████████| 39/39 [00:00<00:00, 19786.85it/s]
[transformers] [1mBertModel LOAD REPORT[0m from: /media/data/data/lt/dp-adam-correlated/cache/bert-tiny
Key                                        | Status     |  | 
-------------------------------------------+------------+--+-
cls.predictions.decoder.bias               | UNEXPECTED |  | 
cls.predictions.transform.dense.weight     | UNEXPECTED |  | 
cls.seq_relationship.bias                  | UNEXPECTED |  | 
cls.seq_relationship.weight                | UNEXPECTED |  | 
cls.predictions.transform.LayerNorm.bias   | UNEXPECTED |  | 
cls.predictions.transform.dense.bias       | UNEXPECTED |  | 
cls.predictions.decoder.weight             | UNEXPECTED |  | 
cls.predictions.bias                       | UNEXPECTED |  | 
cls.predictions.transform.LayerNorm.weight | UNEXPECTED |  | 

Notes:
- UNEXPECTED:	can be ignored when loading from different task/architecture; not ok if you expect identical arch.
sys:1: UserWarning: Full backward hook is firing when gradients are computed with respect to module outputs since no inputs require gradients. See https://docs.pytorch.org/docs/main/generated/torch.nn.Module.html#torch.nn.Module.register_full_backward_hook for more details.
{"step": 10, "epoch": 1, "train_loss": 1.0950478515625, "clip_fraction": 0.982, "gradient_norm_mean": 11.8839931640625, "gradient_norm_max": 81.14319610595703, "step_seconds": 0.14651778899133205, "innovation_std_sum": 2.5113722579427673, "noise_marginal_std_sum": 2.933162184778228}
{"step": 20, "epoch": 1, "train_loss": 1.139592041015625, "clip_fraction": 0.751, "gradient_norm_mean": 31.51365625, "gradient_norm_max": 154.9661407470703, "step_seconds": 0.2676137834787369, "innovation_std_sum": 2.5113722579427673, "noise_marginal_std_sum": 2.933162184778228}
{"step": 30, "epoch": 1, "train_loss": 1.039767822265625, "clip_fraction": 0.687, "gradient_norm_mean": 50.588546875, "gradient_norm_max": 365.38421630859375, "step_seconds": 0.26703983172774315, "innovation_std_sum": 2.5113722579427673, "noise_marginal_std_sum": 2.933162184778228}
{"step": 40, "epoch": 1, "train_loss": 1.0766595458984376, "clip_fraction": 0.532, "gradient_norm_mean": 66.9881171875, "gradient_norm_max": 826.1329345703125, "step_seconds": 0.2672466840595007, "innovation_std_sum": 2.5113722579427673, "noise_marginal_std_sum": 2.933162184778228}
{"step": 50, "epoch": 1, "train_loss": 1.1507850341796875, "clip_fraction": 0.489, "gradient_norm_mean": 69.974390625, "gradient_norm_max": 611.0708618164062, "step_seconds": 0.2671541664749384, "innovation_std_sum": 2.5113722579427673, "noise_marginal_std_sum": 2.933162184778228}
{"step": 60, "epoch": 1, "train_loss": 0.9315167236328125, "clip_fraction": 0.462, "gradient_norm_mean": 58.888453125, "gradient_norm_max": 768.1829833984375, "step_seconds": 0.2676275186240673, "innovation_std_sum": 2.5113722579427673, "noise_marginal_std_sum": 2.933162184778228}
{"epoch": 1, "step": 62, "train_loss": 1.1049144897460939, "clip_fraction": 0.6474193548387097, "epsilon": 3.054089440266451, "accuracy": 0.7664984109179286, "validation_loss": 0.9922926584166396, "validation_examples": 5349}
{"step": 70, "epoch": 2, "train_loss": 0.946999755859375, "clip_fraction": 0.449, "gradient_norm_mean": 54.5441015625, "gradient_norm_max": 767.1381225585938, "step_seconds": 0.2847099732607603, "innovation_std_sum": 2.5113722579427673, "noise_marginal_std_sum": 2.933162184778228}
{"step": 80, "epoch": 2, "train_loss": 1.062438232421875, "clip_fraction": 0.446, "gradient_norm_mean": 54.012328125, "gradient_norm_max": 738.3198852539062, "step_seconds": 0.26767250150442123, "innovation_std_sum": 2.5113722579427673, "noise_marginal_std_sum": 2.933162184778228}
{"step": 90, "epoch": 2, "train_loss": 0.9314599609375, "clip_fraction": 0.43, "gradient_norm_mean": 63.1558359375, "gradient_norm_max": 808.5062866210938, "step_seconds": 0.2675332836806774, "innovation_std_sum": 2.5113722579427673, "noise_marginal_std_sum": 2.933162184778228}
{"step": 100, "epoch": 2, "train_loss": 0.937193359375, "clip_fraction": 0.409, "gradient_norm_mean": 52.697515625, "gradient_norm_max": 856.033203125, "step_seconds": 0.2680548783391714, "innovation_std_sum": 2.5113722579427673, "noise_marginal_std_sum": 2.933162184778228}
{"step": 110, "epoch": 2, "train_loss": 0.8410274047851563, "clip_fraction": 0.377, "gradient_norm_mean": 46.11378125, "gradient_norm_max": 805.9385986328125, "step_seconds": 0.2712826170027256, "innovation_std_sum": 2.5113722579427673, "noise_marginal_std_sum": 2.933162184778228}
{"step": 120, "epoch": 2, "train_loss": 1.11697509765625, "clip_fraction": 0.409, "gradient_norm_mean": 61.00999609375, "gradient_norm_max": 1099.6292724609375, "step_seconds": 0.2681801449507475, "innovation_std_sum": 2.5113722579427673, "noise_marginal_std_sum": 2.933162184778228}
{"epoch": 2, "step": 124, "train_loss": 0.9461309912896926, "clip_fraction": 0.41820967741935483, "epsilon": 4.610238743691153, "accuracy": 0.768741820901103, "validation_loss": 0.9826555763768089, "validation_examples": 5349}
{"step": 130, "epoch": 3, "train_loss": 0.7546270141601562, "clip_fraction": 0.385, "gradient_norm_mean": 49.7574765625, "gradient_norm_max": 864.6438598632812, "step_seconds": 0.2693601865321398, "innovation_std_sum": 2.5113722579427673, "noise_marginal_std_sum": 2.933162184778228}
{"step": 140, "epoch": 3, "train_loss": 0.963869384765625, "clip_fraction": 0.37, "gradient_norm_mean": 49.4626328125, "gradient_norm_max": 1057.16357421875, "step_seconds": 0.2574608698487282, "innovation_std_sum": 2.5113722579427673, "noise_marginal_std_sum": 2.933162184778228}
{"step": 150, "epoch": 3, "train_loss": 0.8752791748046875, "clip_fraction": 0.366, "gradient_norm_mean": 50.7155, "gradient_norm_max": 997.683349609375, "step_seconds": 0.2725563831627369, "innovation_std_sum": 2.5113722579427673, "noise_marginal_std_sum": 2.933162184778228}
{"step": 160, "epoch": 3, "train_loss": 0.7878475952148437, "clip_fraction": 0.337, "gradient_norm_mean": 45.19171484375, "gradient_norm_max": 972.910888671875, "step_seconds": 0.2732826378196478, "innovation_std_sum": 2.5113722579427673, "noise_marginal_std_sum": 2.933162184778228}
{"step": 170, "epoch": 3, "train_loss": 0.8677512817382812, "clip_fraction": 0.332, "gradient_norm_mean": 47.9676796875, "gradient_norm_max": 1055.5841064453125, "step_seconds": 0.27287151478230953, "innovation_std_sum": 2.5113722579427673, "noise_marginal_std_sum": 2.933162184778228}
{"step": 180, "epoch": 3, "train_loss": 0.7905640258789063, "clip_fraction": 0.322, "gradient_norm_mean": 56.63053125, "gradient_norm_max": 1140.827880859375, "step_seconds": 0.27270899899303913, "innovation_std_sum": 2.5113722579427673, "noise_marginal_std_sum": 2.933162184778228}
{"epoch": 3, "step": 186, "train_loss": 0.8599478966497606, "clip_fraction": 0.34616129032258064, "epsilon": 5.873890881586911, "accuracy": 0.7984670031781641, "validation_loss": 0.8857833739641026, "validation_examples": 5349}
{"step": 190, "epoch": 4, "train_loss": 0.918569580078125, "clip_fraction": 0.343, "gradient_norm_mean": 51.1063984375, "gradient_norm_max": 1730.8143310546875, "step_seconds": 0.2729458175599575, "innovation_std_sum": 2.5113722579427673, "noise_marginal_std_sum": 2.933162184778228}
{"step": 200, "epoch": 4, "train_loss": 0.7649637451171875, "clip_fraction": 0.319, "gradient_norm_mean": 46.089375, "gradient_norm_max": 1338.8731689453125, "step_seconds": 0.1279306560754776, "innovation_std_sum": 2.5113722579427673, "noise_marginal_std_sum": 2.933162184778228}
{"step": 210, "epoch": 4, "train_loss": 0.7499903564453125, "clip_fraction": 0.297, "gradient_norm_mean": 48.6396328125, "gradient_norm_max": 1103.8612060546875, "step_seconds": 0.2736003380268812, "innovation_std_sum": 2.5113722579427673, "noise_marginal_std_sum": 2.933162184778228}
{"step": 220, "epoch": 4, "train_loss": 0.881850830078125, "clip_fraction": 0.303, "gradient_norm_mean": 42.099265625, "gradient_norm_max": 1060.5142822265625, "step_seconds": 0.2735901530832052, "innovation_std_sum": 2.5113722579427673, "noise_marginal_std_sum": 2.933162184778228}
{"step": 230, "epoch": 4, "train_loss": 0.7855082397460937, "clip_fraction": 0.294, "gradient_norm_mean": 47.9344453125, "gradient_norm_max": 1447.8404541015625, "step_seconds": 0.2737372275441885, "innovation_std_sum": 2.5113722579427673, "noise_marginal_std_sum": 2.933162184778228}
{"step": 240, "epoch": 4, "train_loss": 0.8514841918945313, "clip_fraction": 0.298, "gradient_norm_mean": 41.253328125, "gradient_norm_max": 1301.0816650390625, "step_seconds": 0.27323727309703827, "innovation_std_sum": 2.5113722579427673, "noise_marginal_std_sum": 2.933162184778228}
{"epoch": 4, "step": 248, "train_loss": 0.8110940600979712, "clip_fraction": 0.3051935483870968, "epsilon": 6.985551657770655, "accuracy": 0.8065058889512058, "validation_loss": 0.8591787431324324, "validation_examples": 5349}
{"step": 250, "epoch": 5, "train_loss": 0.85183935546875, "clip_fraction": 0.296, "gradient_norm_mean": 47.36191015625, "gradient_norm_max": 1473.500732421875, "step_seconds": 0.2705600820481777, "innovation_std_sum": 2.5113722579427673, "noise_marginal_std_sum": 2.933162184778228}
{"step": 260, "epoch": 5, "train_loss": 0.8153621826171875, "clip_fraction": 0.281, "gradient_norm_mean": 44.51612890625, "gradient_norm_max": 1276.4140625, "step_seconds": 0.2733954358845949, "innovation_std_sum": 2.5113722579427673, "noise_marginal_std_sum": 2.933162184778228}
{"step": 270, "epoch": 5, "train_loss": 0.7863299560546875, "clip_fraction": 0.274, "gradient_norm_mean": 47.1444375, "gradient_norm_max": 1461.770263671875, "step_seconds": 0.2728192526847124, "innovation_std_sum": 2.5113722579427673, "noise_marginal_std_sum": 2.933162184778228}
{"step": 280, "epoch": 5, "train_loss": 0.746287109375, "clip_fraction": 0.263, "gradient_norm_mean": 46.0739453125, "gradient_norm_max": 1402.3221435546875, "step_seconds": 0.27269615419209003, "innovation_std_sum": 2.5113722579427673, "noise_marginal_std_sum": 2.933162184778228}
{"step": 290, "epoch": 5, "train_loss": 0.8096159057617187, "clip_fraction": 0.265, "gradient_norm_mean": 44.711046875, "gradient_norm_max": 1330.7764892578125, "step_seconds": 0.27066011168062687, "innovation_std_sum": 2.5113722579427673, "noise_marginal_std_sum": 2.933162184778228}
{"step": 300, "epoch": 5, "train_loss": 0.6828189086914063, "clip_fraction": 0.245, "gradient_norm_mean": 48.73578125, "gradient_norm_max": 1463.8807373046875, "step_seconds": 0.2714963238686323, "innovation_std_sum": 2.5113722579427673, "noise_marginal_std_sum": 2.933162184778228}
{"step": 310, "epoch": 5, "train_loss": 0.76112890625, "clip_fraction": 0.267, "gradient_norm_mean": 31.366935546875, "gradient_norm_max": 1144.5279541015625, "step_seconds": 0.26844562590122223, "innovation_std_sum": 2.5113722579427673, "noise_marginal_std_sum": 2.933162184778228}
{"epoch": 5, "step": 310, "train_loss": 0.788843243998866, "clip_fraction": 0.2810161290322581, "epsilon": 8.000000000000005, "accuracy": 0.8096840530940362, "validation_loss": 0.8423792214499698, "validation_examples": 5349}
