/home/longt29/miniconda3/envs/curve/lib/python3.11/site-packages/torchvision/datasets/cifar.py:83: VisibleDeprecationWarning: dtype(): align should be passed as Python or NumPy boolean but got `align=0`. Did you mean to pass a tuple to create a subarray type? (Deprecated NumPy 2.4)
  entry = pickle.load(f, encoding="latin1")
{"status": "running", "method": "nonprivate_hybrid", "seed": 20261001, "calibration": null, "coefficients": [1.0]}
{"event": "logical_progress", "step": 1, "train_loss": 5.180809692382812, "clip_fraction": null}
{"event": "logical_progress", "step": 25, "train_loss": 4.466754045410156, "clip_fraction": null}
{"event": "logical_progress", "step": 50, "train_loss": 3.8710226599121094, "clip_fraction": null}
{"epoch": 1, "logical_steps": 50, "train_examples": 50000, "train_loss": 3.8710226599121094, "test_loss": 2.2568297485351563, "test_top1": 0.4878, "clip_fraction": null, "epsilon": null, "delta": null, "seconds": 88.69088022969663}
{"event": "logical_progress", "step": 75, "train_loss": 2.1859936010742187, "clip_fraction": null}
{"event": "logical_progress", "step": 100, "train_loss": 1.9117513092041016, "clip_fraction": null}
{"epoch": 2, "logical_steps": 100, "train_examples": 50000, "train_loss": 1.9117513092041016, "test_loss": 0.9900120788574219, "test_top1": 0.7375, "clip_fraction": null, "epsilon": null, "delta": null, "seconds": 170.90569762140512}
{"event": "logical_progress", "step": 125, "train_loss": 1.3733166442871094, "clip_fraction": null}
{"event": "logical_progress", "step": 150, "train_loss": 1.287123833618164, "clip_fraction": null}
{"epoch": 3, "logical_steps": 150, "train_examples": 50000, "train_loss": 1.287123833618164, "test_loss": 0.6856386993408203, "test_top1": 0.8034, "clip_fraction": null, "epsilon": null, "delta": null, "seconds": 253.19054947420955}
{"event": "logical_progress", "step": 175, "train_loss": 1.1093943450927735, "clip_fraction": null}
{"event": "logical_progress", "step": 200, "train_loss": 1.0661241491699218, "clip_fraction": null}
{"epoch": 4, "logical_steps": 200, "train_examples": 50000, "train_loss": 1.0661241491699218, "test_loss": 0.5758875617980957, "test_top1": 0.8271, "clip_fraction": null, "epsilon": null, "delta": null, "seconds": 334.65579277370125}
{"event": "logical_progress", "step": 225, "train_loss": 0.9888659204101562, "clip_fraction": null}
{"event": "logical_progress", "step": 250, "train_loss": 0.9516369805908204, "clip_fraction": null}
{"epoch": 5, "logical_steps": 250, "train_examples": 50000, "train_loss": 0.9516369805908204, "test_loss": 0.5102403335571289, "test_top1": 0.8463, "clip_fraction": null, "epsilon": null, "delta": null, "seconds": 417.20977902412415}
{"status": "completed", "result_dir": "/media/data/data/lt/dp-adam-correlated/exp3/results/search/A/a06_adam_0.0002"}
