/home/longt29/miniconda3/envs/curve/lib/python3.11/site-packages/torchvision/datasets/cifar.py:83: VisibleDeprecationWarning: dtype(): align should be passed as Python or NumPy boolean but got `align=0`. Did you mean to pass a tuple to create a subarray type? (Deprecated NumPy 2.4)
  entry = pickle.load(f, encoding="latin1")
sys:1: UserWarning: Full backward hook is firing when gradients are computed with respect to module outputs since no inputs require gradients. See https://docs.pytorch.org/docs/main/generated/torch.nn.Module.html#torch.nn.Module.register_full_backward_hook for more details.
{"step": 10, "epoch": 1, "train_loss": 3.6968148803710936, "clip_fraction": 1.0, "gradient_norm_mean": 1298.49821875, "gradient_norm_max": 2628.810546875, "step_seconds": 1.9357454162091017, "innovation_std_sum": 196.05467572066416, "noise_marginal_std_sum": 220.90162065791233}
{"step": 20, "epoch": 1, "train_loss": 2.692866943359375, "clip_fraction": 0.997, "gradient_norm_mean": 1765.38678125, "gradient_norm_max": 6755.2587890625, "step_seconds": 1.9686956461519003, "innovation_std_sum": 196.05467572066416, "noise_marginal_std_sum": 220.90162065791233}
{"step": 30, "epoch": 1, "train_loss": 2.159814453125, "clip_fraction": 0.968, "gradient_norm_mean": 1679.97778125, "gradient_norm_max": 6462.498046875, "step_seconds": 1.9921295288950205, "innovation_std_sum": 196.05467572066416, "noise_marginal_std_sum": 220.90162065791233}
{"step": 40, "epoch": 1, "train_loss": 1.9206104125976562, "clip_fraction": 0.917, "gradient_norm_mean": 1715.36903125, "gradient_norm_max": 10236.4072265625, "step_seconds": 1.9671746101230383, "innovation_std_sum": 196.05467572066416, "noise_marginal_std_sum": 220.90162065791233}
{"step": 50, "epoch": 1, "train_loss": 1.7702784118652344, "clip_fraction": 0.857, "gradient_norm_mean": 1749.1959375, "gradient_norm_max": 10856.1796875, "step_seconds": 1.9567987564951181, "innovation_std_sum": 196.05467572066416, "noise_marginal_std_sum": 220.90162065791233}
{"epoch": 1, "step": 50, "train_loss": 2.732969780883789, "clip_fraction": 0.96278, "epsilon": 5.94504426534263, "accuracy": 0.6483, "validation_loss": 1.2088685272216797, "validation_examples": 10000}
{"step": 60, "epoch": 2, "train_loss": 1.6846230163574218, "clip_fraction": 0.838, "gradient_norm_mean": 1818.71509375, "gradient_norm_max": 9473.0810546875, "step_seconds": 1.982620608061552, "innovation_std_sum": 196.05467572066416, "noise_marginal_std_sum": 220.90162065791233}
{"step": 70, "epoch": 2, "train_loss": 1.5592501525878906, "clip_fraction": 0.796, "gradient_norm_mean": 1769.134, "gradient_norm_max": 9522.4658203125, "step_seconds": 1.9633565116673708, "innovation_std_sum": 196.05467572066416, "noise_marginal_std_sum": 220.90162065791233}
{"step": 80, "epoch": 2, "train_loss": 1.5642407836914063, "clip_fraction": 0.787, "gradient_norm_mean": 1799.7503125, "gradient_norm_max": 11133.6806640625, "step_seconds": 1.967519037425518, "innovation_std_sum": 196.05467572066416, "noise_marginal_std_sum": 220.90162065791233}
{"step": 90, "epoch": 2, "train_loss": 1.4593203125, "clip_fraction": 0.735, "gradient_norm_mean": 1779.1520625, "gradient_norm_max": 13310.9375, "step_seconds": 1.9744870215654373, "innovation_std_sum": 196.05467572066416, "noise_marginal_std_sum": 220.90162065791233}
{"step": 100, "epoch": 2, "train_loss": 1.684285919189453, "clip_fraction": 0.759, "gradient_norm_mean": 1938.81915625, "gradient_norm_max": 7975.162109375, "step_seconds": 1.9960361458361149, "innovation_std_sum": 196.05467572066416, "noise_marginal_std_sum": 220.90162065791233}
{"epoch": 2, "step": 100, "train_loss": 1.5752835870361328, "clip_fraction": 0.79654, "epsilon": 9.011168455707674, "accuracy": 0.7282, "validation_loss": 0.9276417510986328, "validation_examples": 10000}
{"step": 110, "epoch": 3, "train_loss": 1.4856387329101564, "clip_fraction": 0.744, "gradient_norm_mean": 1825.0034375, "gradient_norm_max": 8996.3828125, "step_seconds": 1.952889209613204, "innovation_std_sum": 196.05467572066416, "noise_marginal_std_sum": 220.90162065791233}
{"step": 120, "epoch": 3, "train_loss": 1.5009225769042969, "clip_fraction": 0.756, "gradient_norm_mean": 1858.81090625, "gradient_norm_max": 9643.876953125, "step_seconds": 2.2412497773766518, "innovation_std_sum": 196.05467572066416, "noise_marginal_std_sum": 220.90162065791233}
{"step": 130, "epoch": 3, "train_loss": 1.3851189575195313, "clip_fraction": 0.724, "gradient_norm_mean": 1817.25696875, "gradient_norm_max": 10142.9755859375, "step_seconds": 1.9787881299853325, "innovation_std_sum": 196.05467572066416, "noise_marginal_std_sum": 220.90162065791233}
{"step": 140, "epoch": 3, "train_loss": 1.3338685607910157, "clip_fraction": 0.691, "gradient_norm_mean": 1808.34346875, "gradient_norm_max": 11710.0146484375, "step_seconds": 1.9906927961856127, "innovation_std_sum": 196.05467572066416, "noise_marginal_std_sum": 220.90162065791233}
{"step": 150, "epoch": 3, "train_loss": 1.5502178649902343, "clip_fraction": 0.731, "gradient_norm_mean": 1952.858375, "gradient_norm_max": 10543.8818359375, "step_seconds": 2.0031230710446835, "innovation_std_sum": 196.05467572066416, "noise_marginal_std_sum": 220.90162065791233}
{"epoch": 3, "step": 150, "train_loss": 1.4447990600585938, "clip_fraction": 0.7234, "epsilon": 11.5730345971491, "accuracy": 0.7508, "validation_loss": 0.8646587677001953, "validation_examples": 10000}
{"step": 160, "epoch": 4, "train_loss": 1.355034912109375, "clip_fraction": 0.695, "gradient_norm_mean": 1817.86340625, "gradient_norm_max": 13619.30078125, "step_seconds": 1.945828752592206, "innovation_std_sum": 196.05467572066416, "noise_marginal_std_sum": 220.90162065791233}
{"step": 170, "epoch": 4, "train_loss": 1.4228060913085938, "clip_fraction": 0.697, "gradient_norm_mean": 1907.93846875, "gradient_norm_max": 12284.748046875, "step_seconds": 1.9797582682222128, "innovation_std_sum": 196.05467572066416, "noise_marginal_std_sum": 220.90162065791233}
{"step": 180, "epoch": 4, "train_loss": 1.3744219055175781, "clip_fraction": 0.681, "gradient_norm_mean": 1872.9869375, "gradient_norm_max": 10396.3369140625, "step_seconds": 2.0006245113909245, "innovation_std_sum": 196.05467572066416, "noise_marginal_std_sum": 220.90162065791233}
{"step": 190, "epoch": 4, "train_loss": 1.3700585327148438, "clip_fraction": 0.658, "gradient_norm_mean": 1898.75815625, "gradient_norm_max": 13734.58203125, "step_seconds": 2.0304578002542257, "innovation_std_sum": 196.05467572066416, "noise_marginal_std_sum": 220.90162065791233}
{"step": 200, "epoch": 4, "train_loss": 1.5759688415527344, "clip_fraction": 0.7, "gradient_norm_mean": 2061.58928125, "gradient_norm_max": 10555.7421875, "step_seconds": 1.9932086113840342, "innovation_std_sum": 196.05467572066416, "noise_marginal_std_sum": 220.90162065791233}
{"epoch": 4, "step": 200, "train_loss": 1.4064984594726562, "clip_fraction": 0.68872, "epsilon": 13.871266822698008, "accuracy": 0.7584, "validation_loss": 0.8580200103759765, "validation_examples": 10000}
{"step": 210, "epoch": 5, "train_loss": 1.4601022338867187, "clip_fraction": 0.676, "gradient_norm_mean": 2033.8509375, "gradient_norm_max": 11618.419921875, "step_seconds": 1.9429603815078735, "innovation_std_sum": 196.05467572066416, "noise_marginal_std_sum": 220.90162065791233}
{"step": 220, "epoch": 5, "train_loss": 1.4562319946289062, "clip_fraction": 0.677, "gradient_norm_mean": 1973.30978125, "gradient_norm_max": 9882.890625, "step_seconds": 1.9700418170541525, "innovation_std_sum": 196.05467572066416, "noise_marginal_std_sum": 220.90162065791233}
{"step": 230, "epoch": 5, "train_loss": 1.4285623779296874, "clip_fraction": 0.698, "gradient_norm_mean": 2017.72621875, "gradient_norm_max": 12242.595703125, "step_seconds": 1.9676302317529917, "innovation_std_sum": 196.05467572066416, "noise_marginal_std_sum": 220.90162065791233}
{"step": 240, "epoch": 5, "train_loss": 1.3781973876953124, "clip_fraction": 0.657, "gradient_norm_mean": 1976.305125, "gradient_norm_max": 9981.9248046875, "step_seconds": 1.9877792745828629, "innovation_std_sum": 196.05467572066416, "noise_marginal_std_sum": 220.90162065791233}
{"step": 250, "epoch": 5, "train_loss": 1.4745169067382813, "clip_fraction": 0.675, "gradient_norm_mean": 2071.64040625, "gradient_norm_max": 12581.9921875, "step_seconds": 1.9942977335304022, "innovation_std_sum": 196.05467572066416, "noise_marginal_std_sum": 220.90162065791233}
{"epoch": 5, "step": 250, "train_loss": 1.4154414782714844, "clip_fraction": 0.67454, "epsilon": 16.000000000000018, "accuracy": 0.7567, "validation_loss": 0.8693898666381836, "validation_examples": 10000}
