Loading weights:   0%|          | 0/39 [00:00<?, ?it/s]Loading weights: 100%|██████████| 39/39 [00:00<00:00, 19053.91it/s]
[transformers] [1mBertModel LOAD REPORT[0m from: /media/data/data/lt/dp-adam-correlated/cache/bert-tiny
Key                                        | Status     |  | 
-------------------------------------------+------------+--+-
cls.predictions.transform.LayerNorm.weight | UNEXPECTED |  | 
cls.predictions.transform.dense.weight     | UNEXPECTED |  | 
cls.predictions.decoder.weight             | UNEXPECTED |  | 
cls.predictions.transform.LayerNorm.bias   | UNEXPECTED |  | 
cls.predictions.transform.dense.bias       | UNEXPECTED |  | 
cls.seq_relationship.bias                  | UNEXPECTED |  | 
cls.predictions.decoder.bias               | UNEXPECTED |  | 
cls.seq_relationship.weight                | UNEXPECTED |  | 
cls.predictions.bias                       | UNEXPECTED |  | 

Notes:
- UNEXPECTED:	can be ignored when loading from different task/architecture; not ok if you expect identical arch.
sys:1: UserWarning: Full backward hook is firing when gradients are computed with respect to module outputs since no inputs require gradients. See https://docs.pytorch.org/docs/main/generated/torch.nn.Module.html#torch.nn.Module.register_full_backward_hook for more details.
{"step": 10, "epoch": 1, "train_loss": 0.7003260498046875, "clip_fraction": 0.417, "gradient_norm_mean": 7.96715576171875, "gradient_norm_max": 16.47928237915039, "step_seconds": 0.1256422996520996, "innovation_std_sum": 45.72045876410015, "noise_marginal_std_sum": 63.06280027905789}
{"step": 20, "epoch": 1, "train_loss": 0.6929827880859375, "clip_fraction": 0.495, "gradient_norm_mean": 10.6476904296875, "gradient_norm_max": 23.703994750976562, "step_seconds": 0.12567917257547379, "innovation_std_sum": 45.72045876410015, "noise_marginal_std_sum": 63.06280027905789}
{"step": 30, "epoch": 1, "train_loss": 0.6093614501953125, "clip_fraction": 0.716, "gradient_norm_mean": 14.873666015625, "gradient_norm_max": 37.5197868347168, "step_seconds": 0.200412230566144, "innovation_std_sum": 45.72045876410015, "noise_marginal_std_sum": 63.06280027905789}
{"step": 40, "epoch": 1, "train_loss": 0.6008280029296875, "clip_fraction": 0.706, "gradient_norm_mean": 21.2182421875, "gradient_norm_max": 68.28817749023438, "step_seconds": 0.2528123650699854, "innovation_std_sum": 45.72045876410015, "noise_marginal_std_sum": 63.06280027905789}
{"step": 50, "epoch": 1, "train_loss": 0.6074426879882813, "clip_fraction": 0.65, "gradient_norm_mean": 27.361935546875, "gradient_norm_max": 103.05587005615234, "step_seconds": 0.26792255230247974, "innovation_std_sum": 45.72045876410015, "noise_marginal_std_sum": 63.06280027905789}
{"step": 60, "epoch": 1, "train_loss": 0.5873961181640625, "clip_fraction": 0.58, "gradient_norm_mean": 32.8299375, "gradient_norm_max": 144.4645233154297, "step_seconds": 0.2613383661955595, "innovation_std_sum": 45.72045876410015, "noise_marginal_std_sum": 63.06280027905789}
{"epoch": 1, "step": 62, "train_loss": 0.63472704585906, "clip_fraction": 0.5320483870967742, "epsilon": 2.983473211150575, "accuracy": 0.7029816513761468, "validation_loss": 0.6682790266264469, "validation_examples": 872}
{"step": 70, "epoch": 2, "train_loss": 0.6680430908203125, "clip_fraction": 0.536, "gradient_norm_mean": 37.14280859375, "gradient_norm_max": 181.56590270996094, "step_seconds": 0.26458024606108665, "innovation_std_sum": 45.72045876410015, "noise_marginal_std_sum": 63.06280027905789}
{"step": 80, "epoch": 2, "train_loss": 0.7146123657226563, "clip_fraction": 0.506, "gradient_norm_mean": 38.746140625, "gradient_norm_max": 218.3777618408203, "step_seconds": 0.2674553468823433, "innovation_std_sum": 45.72045876410015, "noise_marginal_std_sum": 63.06280027905789}
{"step": 90, "epoch": 2, "train_loss": 0.680521240234375, "clip_fraction": 0.493, "gradient_norm_mean": 41.541421875, "gradient_norm_max": 222.4146728515625, "step_seconds": 0.2675609290599823, "innovation_std_sum": 45.72045876410015, "noise_marginal_std_sum": 63.06280027905789}
{"step": 100, "epoch": 2, "train_loss": 0.6617686767578125, "clip_fraction": 0.501, "gradient_norm_mean": 41.7285859375, "gradient_norm_max": 252.3729705810547, "step_seconds": 0.2676008380949497, "innovation_std_sum": 45.72045876410015, "noise_marginal_std_sum": 63.06280027905789}
{"step": 110, "epoch": 2, "train_loss": 0.6417959594726562, "clip_fraction": 0.454, "gradient_norm_mean": 39.64683984375, "gradient_norm_max": 232.34640502929688, "step_seconds": 0.26535336673259735, "innovation_std_sum": 45.72045876410015, "noise_marginal_std_sum": 63.06280027905789}
{"step": 120, "epoch": 2, "train_loss": 0.6943990478515625, "clip_fraction": 0.464, "gradient_norm_mean": 42.28771875, "gradient_norm_max": 311.0616455078125, "step_seconds": 0.26749303936958313, "innovation_std_sum": 45.72045876410015, "noise_marginal_std_sum": 63.06280027905789}
{"epoch": 2, "step": 124, "train_loss": 0.6520326232910156, "clip_fraction": 0.49196774193548387, "epsilon": 4.566965972959099, "accuracy": 0.7614678899082569, "validation_loss": 0.7463116645812988, "validation_examples": 872}
{"step": 130, "epoch": 3, "train_loss": 0.6052811279296875, "clip_fraction": 0.443, "gradient_norm_mean": 40.65377734375, "gradient_norm_max": 284.44512939453125, "step_seconds": 0.2661327552050352, "innovation_std_sum": 45.72045876410015, "noise_marginal_std_sum": 63.06280027905789}
{"step": 140, "epoch": 3, "train_loss": 0.6083739624023438, "clip_fraction": 0.408, "gradient_norm_mean": 37.0694453125, "gradient_norm_max": 258.2696533203125, "step_seconds": 0.26755840331315994, "innovation_std_sum": 45.72045876410015, "noise_marginal_std_sum": 63.06280027905789}
{"step": 150, "epoch": 3, "train_loss": 0.6575825805664063, "clip_fraction": 0.44, "gradient_norm_mean": 41.8635703125, "gradient_norm_max": 261.25115966796875, "step_seconds": 0.26882256381213665, "innovation_std_sum": 45.72045876410015, "noise_marginal_std_sum": 63.06280027905789}
{"step": 160, "epoch": 3, "train_loss": 0.6096961669921875, "clip_fraction": 0.431, "gradient_norm_mean": 40.18414453125, "gradient_norm_max": 272.11346435546875, "step_seconds": 0.2664149794727564, "innovation_std_sum": 45.72045876410015, "noise_marginal_std_sum": 63.06280027905789}
{"step": 170, "epoch": 3, "train_loss": 0.580518798828125, "clip_fraction": 0.413, "gradient_norm_mean": 37.6283828125, "gradient_norm_max": 276.3407897949219, "step_seconds": 0.2633321415632963, "innovation_std_sum": 45.72045876410015, "noise_marginal_std_sum": 63.06280027905789}
{"step": 180, "epoch": 3, "train_loss": 0.6633126220703125, "clip_fraction": 0.416, "gradient_norm_mean": 40.0223359375, "gradient_norm_max": 246.20294189453125, "step_seconds": 0.26703558675944805, "innovation_std_sum": 45.72045876410015, "noise_marginal_std_sum": 63.06280027905789}
{"epoch": 3, "step": 186, "train_loss": 0.6252399597167969, "clip_fraction": 0.4241935483870968, "epsilon": 5.849088165717443, "accuracy": 0.7660550458715596, "validation_loss": 0.7202715567492564, "validation_examples": 872}
{"step": 190, "epoch": 4, "train_loss": 0.61810595703125, "clip_fraction": 0.431, "gradient_norm_mean": 39.27151953125, "gradient_norm_max": 290.8349609375, "step_seconds": 0.1263445746153593, "innovation_std_sum": 45.72045876410015, "noise_marginal_std_sum": 63.06280027905789}
{"step": 200, "epoch": 4, "train_loss": 0.5844656982421875, "clip_fraction": 0.401, "gradient_norm_mean": 34.36480078125, "gradient_norm_max": 247.47450256347656, "step_seconds": 0.2667156346142292, "innovation_std_sum": 45.72045876410015, "noise_marginal_std_sum": 63.06280027905789}
{"step": 210, "epoch": 4, "train_loss": 0.5428436279296875, "clip_fraction": 0.383, "gradient_norm_mean": 32.8810703125, "gradient_norm_max": 255.4029998779297, "step_seconds": 0.26779790967702866, "innovation_std_sum": 45.72045876410015, "noise_marginal_std_sum": 63.06280027905789}
{"step": 220, "epoch": 4, "train_loss": 0.618850341796875, "clip_fraction": 0.401, "gradient_norm_mean": 36.0150546875, "gradient_norm_max": 280.4795837402344, "step_seconds": 0.1461559571325779, "innovation_std_sum": 45.72045876410015, "noise_marginal_std_sum": 63.06280027905789}
{"step": 230, "epoch": 4, "train_loss": 0.56834716796875, "clip_fraction": 0.397, "gradient_norm_mean": 35.79778125, "gradient_norm_max": 267.2007751464844, "step_seconds": 0.26786148734390736, "innovation_std_sum": 45.72045876410015, "noise_marginal_std_sum": 63.06280027905789}
{"step": 240, "epoch": 4, "train_loss": 0.5232186279296875, "clip_fraction": 0.356, "gradient_norm_mean": 31.3382578125, "gradient_norm_max": 259.13592529296875, "step_seconds": 0.2677293550223112, "innovation_std_sum": 45.72045876410015, "noise_marginal_std_sum": 63.06280027905789}
{"epoch": 4, "step": 248, "train_loss": 0.5832134512624433, "clip_fraction": 0.39311290322580644, "epsilon": 6.974398475295221, "accuracy": 0.7729357798165137, "validation_loss": 0.6855109634749387, "validation_examples": 872}
{"step": 250, "epoch": 5, "train_loss": 0.5747882080078125, "clip_fraction": 0.384, "gradient_norm_mean": 38.1625234375, "gradient_norm_max": 278.93072509765625, "step_seconds": 0.2638531941920519, "innovation_std_sum": 45.72045876410015, "noise_marginal_std_sum": 63.06280027905789}
{"step": 260, "epoch": 5, "train_loss": 0.5616163330078126, "clip_fraction": 0.357, "gradient_norm_mean": 32.00776953125, "gradient_norm_max": 290.5032043457031, "step_seconds": 0.26735146157443523, "innovation_std_sum": 45.72045876410015, "noise_marginal_std_sum": 63.06280027905789}
{"step": 270, "epoch": 5, "train_loss": 0.5976647338867187, "clip_fraction": 0.377, "gradient_norm_mean": 34.461734375, "gradient_norm_max": 263.0406799316406, "step_seconds": 0.26752883568406105, "innovation_std_sum": 45.72045876410015, "noise_marginal_std_sum": 63.06280027905789}
{"step": 280, "epoch": 5, "train_loss": 0.5058988342285157, "clip_fraction": 0.356, "gradient_norm_mean": 33.38892578125, "gradient_norm_max": 315.1935729980469, "step_seconds": 0.2674384843558073, "innovation_std_sum": 45.72045876410015, "noise_marginal_std_sum": 63.06280027905789}
{"step": 290, "epoch": 5, "train_loss": 0.5801478881835938, "clip_fraction": 0.37, "gradient_norm_mean": 36.99859765625, "gradient_norm_max": 344.8283996582031, "step_seconds": 0.26771788857877254, "innovation_std_sum": 45.72045876410015, "noise_marginal_std_sum": 63.06280027905789}
{"step": 300, "epoch": 5, "train_loss": 0.51322314453125, "clip_fraction": 0.341, "gradient_norm_mean": 29.579328125, "gradient_norm_max": 372.40228271484375, "step_seconds": 0.26802491769194603, "innovation_std_sum": 45.72045876410015, "noise_marginal_std_sum": 63.06280027905789}
{"step": 310, "epoch": 5, "train_loss": 0.552722900390625, "clip_fraction": 0.374, "gradient_norm_mean": 33.7875859375, "gradient_norm_max": 275.76531982421875, "step_seconds": 0.26835291646420956, "innovation_std_sum": 45.72045876410015, "noise_marginal_std_sum": 63.06280027905789}
{"epoch": 5, "step": 310, "train_loss": 0.5501864126882245, "clip_fraction": 0.36501612903225805, "epsilon": 8.000000000000005, "accuracy": 0.7775229357798165, "validation_loss": 0.6756073050542709, "validation_examples": 872}
