/home/longt29/miniconda3/envs/curve/lib/python3.11/site-packages/torchvision/datasets/cifar.py:83: VisibleDeprecationWarning: dtype(): align should be passed as Python or NumPy boolean but got `align=0`. Did you mean to pass a tuple to create a subarray type? (Deprecated NumPy 2.4)
  entry = pickle.load(f, encoding="latin1")
sys:1: UserWarning: Full backward hook is firing when gradients are computed with respect to module outputs since no inputs require gradients. See https://docs.pytorch.org/docs/main/generated/torch.nn.Module.html#torch.nn.Module.register_full_backward_hook for more details.
{"step": 10, "epoch": 1, "train_loss": 4.370483276367188, "clip_fraction": 1.0, "gradient_norm_mean": 51.3165322265625, "gradient_norm_max": 101.5779800415039, "step_seconds": 2.103950781747699, "innovation_std_sum": 73.20888572058001, "noise_marginal_std_sum": 85.59034234029004}
{"step": 20, "epoch": 1, "train_loss": 3.84124169921875, "clip_fraction": 1.0, "gradient_norm_mean": 80.75725, "gradient_norm_max": 186.18710327148438, "step_seconds": 2.1201720871031284, "innovation_std_sum": 73.20888572058001, "noise_marginal_std_sum": 85.59034234029004}
{"step": 30, "epoch": 1, "train_loss": 3.2546907348632814, "clip_fraction": 0.998, "gradient_norm_mean": 98.93891015625, "gradient_norm_max": 334.0460510253906, "step_seconds": 2.134149968624115, "innovation_std_sum": 73.20888572058001, "noise_marginal_std_sum": 85.59034234029004}
{"step": 40, "epoch": 1, "train_loss": 2.76813720703125, "clip_fraction": 0.987, "gradient_norm_mean": 106.96036328125, "gradient_norm_max": 371.27532958984375, "step_seconds": 2.1515705548226833, "innovation_std_sum": 73.20888572058001, "noise_marginal_std_sum": 85.59034234029004}
{"step": 50, "epoch": 1, "train_loss": 2.5868866577148437, "clip_fraction": 0.974, "gradient_norm_mean": 116.1935234375, "gradient_norm_max": 481.063720703125, "step_seconds": 2.170022811740637, "innovation_std_sum": 73.20888572058001, "noise_marginal_std_sum": 85.59034234029004}
{"epoch": 1, "step": 50, "train_loss": 3.5824621752929686, "clip_fraction": 0.99488, "epsilon": 3.037976902428692, "accuracy": 0.4597, "validation_loss": 2.0953241973876953, "validation_examples": 10000}
{"step": 60, "epoch": 2, "train_loss": 2.2287493896484376, "clip_fraction": 0.946, "gradient_norm_mean": 110.14643359375, "gradient_norm_max": 402.8145446777344, "step_seconds": 2.1137816850095987, "innovation_std_sum": 73.20888572058001, "noise_marginal_std_sum": 85.59034234029004}
{"step": 70, "epoch": 2, "train_loss": 2.1705616455078127, "clip_fraction": 0.922, "gradient_norm_mean": 114.707623046875, "gradient_norm_max": 555.8449096679688, "step_seconds": 2.1275810711085796, "innovation_std_sum": 73.20888572058001, "noise_marginal_std_sum": 85.59034234029004}
{"step": 80, "epoch": 2, "train_loss": 1.891488983154297, "clip_fraction": 0.872, "gradient_norm_mean": 109.70915234375, "gradient_norm_max": 534.0462036132812, "step_seconds": 2.1392304245382547, "innovation_std_sum": 73.20888572058001, "noise_marginal_std_sum": 85.59034234029004}
{"step": 90, "epoch": 2, "train_loss": 1.81464208984375, "clip_fraction": 0.855, "gradient_norm_mean": 110.134771484375, "gradient_norm_max": 771.9343872070312, "step_seconds": 2.155475901439786, "innovation_std_sum": 73.20888572058001, "noise_marginal_std_sum": 85.59034234029004}
{"step": 100, "epoch": 2, "train_loss": 1.7343176879882813, "clip_fraction": 0.836, "gradient_norm_mean": 111.5603671875, "gradient_norm_max": 756.2714233398438, "step_seconds": 2.172340039163828, "innovation_std_sum": 73.20888572058001, "noise_marginal_std_sum": 85.59034234029004}
{"epoch": 2, "step": 100, "train_loss": 2.05006220703125, "clip_fraction": 0.89864, "epsilon": 4.600416946348178, "accuracy": 0.6572, "validation_loss": 1.2650881378173828, "validation_examples": 10000}
{"step": 110, "epoch": 3, "train_loss": 1.6951838989257813, "clip_fraction": 0.807, "gradient_norm_mean": 111.52801953125, "gradient_norm_max": 682.473876953125, "step_seconds": 2.1092200968414545, "innovation_std_sum": 73.20888572058001, "noise_marginal_std_sum": 85.59034234029004}
{"step": 120, "epoch": 3, "train_loss": 1.6315338745117187, "clip_fraction": 0.795, "gradient_norm_mean": 111.853810546875, "gradient_norm_max": 775.24462890625, "step_seconds": 2.130752978846431, "innovation_std_sum": 73.20888572058001, "noise_marginal_std_sum": 85.59034234029004}
{"step": 130, "epoch": 3, "train_loss": 1.5061737976074219, "clip_fraction": 0.758, "gradient_norm_mean": 108.80117578125, "gradient_norm_max": 706.1033325195312, "step_seconds": 2.118237968534231, "innovation_std_sum": 73.20888572058001, "noise_marginal_std_sum": 85.59034234029004}
{"step": 140, "epoch": 3, "train_loss": 1.4736109313964845, "clip_fraction": 0.738, "gradient_norm_mean": 107.462169921875, "gradient_norm_max": 650.1172485351562, "step_seconds": 2.1549646835774183, "innovation_std_sum": 73.20888572058001, "noise_marginal_std_sum": 85.59034234029004}
{"step": 150, "epoch": 3, "train_loss": 1.5380148315429687, "clip_fraction": 0.746, "gradient_norm_mean": 107.245265625, "gradient_norm_max": 481.6629638671875, "step_seconds": 2.1664873361587524, "innovation_std_sum": 73.20888572058001, "noise_marginal_std_sum": 85.59034234029004}
{"epoch": 3, "step": 150, "train_loss": 1.6113498974609375, "clip_fraction": 0.78324, "epsilon": 5.868262919898993, "accuracy": 0.7193, "validation_loss": 0.9875775360107422, "validation_examples": 10000}
{"step": 160, "epoch": 4, "train_loss": 1.50412744140625, "clip_fraction": 0.736, "gradient_norm_mean": 109.742109375, "gradient_norm_max": 796.0226440429688, "step_seconds": 2.1196283772587776, "innovation_std_sum": 73.20888572058001, "noise_marginal_std_sum": 85.59034234029004}
{"step": 170, "epoch": 4, "train_loss": 1.4474156494140624, "clip_fraction": 0.706, "gradient_norm_mean": 110.532009765625, "gradient_norm_max": 609.4891967773438, "step_seconds": 2.111500410363078, "innovation_std_sum": 73.20888572058001, "noise_marginal_std_sum": 85.59034234029004}
{"step": 180, "epoch": 4, "train_loss": 1.3515532836914061, "clip_fraction": 0.681, "gradient_norm_mean": 106.02963671875, "gradient_norm_max": 572.8887939453125, "step_seconds": 2.139911964535713, "innovation_std_sum": 73.20888572058001, "noise_marginal_std_sum": 85.59034234029004}
{"step": 190, "epoch": 4, "train_loss": 1.3236303405761718, "clip_fraction": 0.659, "gradient_norm_mean": 102.492826171875, "gradient_norm_max": 690.2451782226562, "step_seconds": 2.193045172840357, "innovation_std_sum": 73.20888572058001, "noise_marginal_std_sum": 85.59034234029004}
{"step": 200, "epoch": 4, "train_loss": 1.430146240234375, "clip_fraction": 0.677, "gradient_norm_mean": 105.996849609375, "gradient_norm_max": 585.5460205078125, "step_seconds": 2.195947589352727, "innovation_std_sum": 73.20888572058001, "noise_marginal_std_sum": 85.59034234029004}
{"epoch": 4, "step": 200, "train_loss": 1.4261968572998047, "clip_fraction": 0.70438, "epsilon": 6.9830197665238485, "accuracy": 0.7509, "validation_loss": 0.8564646545410156, "validation_examples": 10000}
{"step": 210, "epoch": 5, "train_loss": 1.30511865234375, "clip_fraction": 0.671, "gradient_norm_mean": 106.458556640625, "gradient_norm_max": 680.2944946289062, "step_seconds": 2.1205046121031046, "innovation_std_sum": 73.20888572058001, "noise_marginal_std_sum": 85.59034234029004}
{"step": 220, "epoch": 5, "train_loss": 1.3411281433105469, "clip_fraction": 0.652, "gradient_norm_mean": 107.481123046875, "gradient_norm_max": 794.847412109375, "step_seconds": 2.1585628986358643, "innovation_std_sum": 73.20888572058001, "noise_marginal_std_sum": 85.59034234029004}
{"step": 230, "epoch": 5, "train_loss": 1.259048614501953, "clip_fraction": 0.625, "gradient_norm_mean": 105.340017578125, "gradient_norm_max": 1417.771484375, "step_seconds": 2.2014493718743324, "innovation_std_sum": 73.20888572058001, "noise_marginal_std_sum": 85.59034234029004}
{"step": 240, "epoch": 5, "train_loss": 1.2761593933105468, "clip_fraction": 0.617, "gradient_norm_mean": 105.788259765625, "gradient_norm_max": 1069.7098388671875, "step_seconds": 2.2267518173903227, "innovation_std_sum": 73.20888572058001, "noise_marginal_std_sum": 85.59034234029004}
{"step": 250, "epoch": 5, "train_loss": 1.3171158142089843, "clip_fraction": 0.632, "gradient_norm_mean": 112.083267578125, "gradient_norm_max": 918.4321899414062, "step_seconds": 2.2073828913271427, "innovation_std_sum": 73.20888572058001, "noise_marginal_std_sum": 85.59034234029004}
{"epoch": 5, "step": 250, "train_loss": 1.342547035522461, "clip_fraction": 0.65928, "epsilon": 8.000000000000005, "accuracy": 0.7719, "validation_loss": 0.7798044784545899, "validation_examples": 10000}
