/home/longt29/miniconda3/envs/curve/lib/python3.11/site-packages/torchvision/datasets/cifar.py:83: VisibleDeprecationWarning: dtype(): align should be passed as Python or NumPy boolean but got `align=0`. Did you mean to pass a tuple to create a subarray type? (Deprecated NumPy 2.4)
  entry = pickle.load(f, encoding="latin1")
{"status": "running", "method": "mf_muon_normscale", "seed": 20261001, "calibration": {"target_mu": 1.6660305978457184, "sensitivity": 7.852751308631718, "innovation_std_sum": 141.40348896567355, "adjacency": "add_remove_zero_out", "k": 5, "b_participation": 50, "sampling_amplification": false}, "coefficients": [1.0, -0.95, -0.0012500000000000844, -0.001187499999999897]}
sys:1: UserWarning: Full backward hook is firing when gradients are computed with respect to module outputs since no inputs require gradients. See https://docs.pytorch.org/docs/main/generated/torch.nn.Module.html#torch.nn.Module.register_full_backward_hook for more details.
{"event": "logical_progress", "step": 1, "train_loss": 5.1808095703125, "clip_fraction": 1.0}
{"event": "logical_progress", "step": 25, "train_loss": 4.243424946289062, "clip_fraction": 1.0}
{"event": "logical_progress", "step": 50, "train_loss": 3.6317913342285157, "clip_fraction": 0.9947}
{"epoch": 1, "logical_steps": 50, "train_examples": 50000, "train_loss": 3.6317913342285157, "test_loss": 2.1907517700195314, "test_top1": 0.4285, "clip_fraction": 0.9947, "epsilon": 2.8734263506543494, "delta": 1e-05, "seconds": 147.14334770757705}
{"event": "logical_progress", "step": 75, "train_loss": 2.307007668457031, "clip_fraction": 0.93916}
{"event": "logical_progress", "step": 100, "train_loss": 2.1196922827148437, "clip_fraction": 0.90652}
{"epoch": 2, "logical_steps": 100, "train_examples": 50000, "train_loss": 2.1196922827148437, "test_loss": 1.302640414428711, "test_top1": 0.6337, "clip_fraction": 0.90652, "epsilon": 4.494876969944211, "delta": 1e-05, "seconds": 288.06979826278985}
{"event": "logical_progress", "step": 125, "train_loss": 1.7346112451171876, "clip_fraction": 0.822}
{"event": "logical_progress", "step": 150, "train_loss": 1.6675223065185547, "clip_fraction": 0.79998}
{"epoch": 3, "logical_steps": 150, "train_examples": 50000, "train_loss": 1.6675223065185547, "test_loss": 1.0090139404296874, "test_top1": 0.7065, "clip_fraction": 0.79998, "epsilon": 5.807351225535705, "delta": 1e-05, "seconds": 426.5686827227473}
{"event": "logical_progress", "step": 175, "train_loss": 1.5424083117675782, "clip_fraction": 0.75096}
{"event": "logical_progress", "step": 200, "train_loss": 1.4999736791992186, "clip_fraction": 0.73478}
{"epoch": 4, "logical_steps": 200, "train_examples": 50000, "train_loss": 1.4999736791992186, "test_loss": 0.8846808883666992, "test_top1": 0.7414, "clip_fraction": 0.73478, "epsilon": 6.955627916806438, "delta": 1e-05, "seconds": 564.577695377171}
{"event": "logical_progress", "step": 225, "train_loss": 1.4504901489257813, "clip_fraction": 0.70504}
{"event": "logical_progress", "step": 250, "train_loss": 1.414303035888672, "clip_fraction": 0.6947}
{"epoch": 5, "logical_steps": 250, "train_examples": 50000, "train_loss": 1.414303035888672, "test_loss": 0.8151807250976563, "test_top1": 0.758, "clip_fraction": 0.6947, "epsilon": 8.000000000000005, "delta": 1e-05, "seconds": 703.7924219686538}
{"status": "completed", "result_dir": "/media/data/data/lt/dp-adam-correlated/exp3/results/search/D/d01_lambda_0.01"}
