/home/longt29/miniconda3/envs/curve/lib/python3.11/site-packages/torchvision/datasets/cifar.py:83: VisibleDeprecationWarning: dtype(): align should be passed as Python or NumPy boolean but got `align=0`. Did you mean to pass a tuple to create a subarray type? (Deprecated NumPy 2.4)
  entry = pickle.load(f, encoding="latin1")
sys:1: UserWarning: Full backward hook is firing when gradients are computed with respect to module outputs since no inputs require gradients. See https://docs.pytorch.org/docs/main/generated/torch.nn.Module.html#torch.nn.Module.register_full_backward_hook for more details.
{"step": 10, "epoch": 1, "train_loss": 4.221903442382812, "clip_fraction": 1.0, "gradient_norm_mean": 663.763578125, "gradient_norm_max": 1402.4937744140625, "step_seconds": 1.938491964712739, "innovation_std_sum": 481.51987677654046, "noise_marginal_std_sum": 563.3284436196507}
{"step": 20, "epoch": 1, "train_loss": 3.3632572021484375, "clip_fraction": 1.0, "gradient_norm_mean": 1083.07809375, "gradient_norm_max": 2610.237060546875, "step_seconds": 1.9464425593614578, "innovation_std_sum": 481.51987677654046, "noise_marginal_std_sum": 563.3284436196507}
{"step": 30, "epoch": 1, "train_loss": 2.7620438842773436, "clip_fraction": 0.991, "gradient_norm_mean": 1131.44328125, "gradient_norm_max": 3238.693359375, "step_seconds": 1.9867446478456259, "innovation_std_sum": 481.51987677654046, "noise_marginal_std_sum": 563.3284436196507}
{"step": 40, "epoch": 1, "train_loss": 2.4316834106445313, "clip_fraction": 0.959, "gradient_norm_mean": 1164.84275, "gradient_norm_max": 4153.919921875, "step_seconds": 1.9875761605799198, "innovation_std_sum": 481.51987677654046, "noise_marginal_std_sum": 563.3284436196507}
{"epoch": 1, "step": 45, "train_loss": 3.352165973578559, "clip_fraction": 0.9890222222222222, "epsilon": 3.0297011451528837, "accuracy": 0.5226, "validation_loss": 1.7826518005371095, "validation_examples": 5000}
{"step": 50, "epoch": 2, "train_loss": 2.12702099609375, "clip_fraction": 0.923, "gradient_norm_mean": 1106.92609375, "gradient_norm_max": 4843.37060546875, "step_seconds": 1.9810865465551615, "innovation_std_sum": 481.51987677654046, "noise_marginal_std_sum": 563.3284436196507}
{"step": 60, "epoch": 2, "train_loss": 2.027170196533203, "clip_fraction": 0.894, "gradient_norm_mean": 1120.5664375, "gradient_norm_max": 5508.5849609375, "step_seconds": 1.9813274033367634, "innovation_std_sum": 481.51987677654046, "noise_marginal_std_sum": 563.3284436196507}
{"step": 70, "epoch": 2, "train_loss": 1.7977729797363282, "clip_fraction": 0.846, "gradient_norm_mean": 1030.121078125, "gradient_norm_max": 4601.8681640625, "step_seconds": 1.9886831566691399, "innovation_std_sum": 481.51987677654046, "noise_marginal_std_sum": 563.3284436196507}
{"step": 80, "epoch": 2, "train_loss": 1.8191094970703126, "clip_fraction": 0.858, "gradient_norm_mean": 1120.8910625, "gradient_norm_max": 7037.17236328125, "step_seconds": 1.9627737440168858, "innovation_std_sum": 481.51987677654046, "noise_marginal_std_sum": 563.3284436196507}
{"step": 90, "epoch": 2, "train_loss": 1.6950384521484374, "clip_fraction": 0.822, "gradient_norm_mean": 1096.079, "gradient_norm_max": 6384.22216796875, "step_seconds": 1.957974011078477, "innovation_std_sum": 481.51987677654046, "noise_marginal_std_sum": 563.3284436196507}
{"epoch": 2, "step": 90, "train_loss": 1.9059104634602864, "clip_fraction": 0.8742888888888889, "epsilon": 4.5953206372907065, "accuracy": 0.6728, "validation_loss": 1.1544481994628906, "validation_examples": 5000}
{"step": 100, "epoch": 3, "train_loss": 1.5456490783691406, "clip_fraction": 0.797, "gradient_norm_mean": 1044.14796875, "gradient_norm_max": 5879.447265625, "step_seconds": 1.9477119073271751, "innovation_std_sum": 481.51987677654046, "noise_marginal_std_sum": 563.3284436196507}
{"step": 110, "epoch": 3, "train_loss": 1.51929296875, "clip_fraction": 0.784, "gradient_norm_mean": 1054.935453125, "gradient_norm_max": 7134.29345703125, "step_seconds": 1.9574913959950209, "innovation_std_sum": 481.51987677654046, "noise_marginal_std_sum": 563.3284436196507}
{"step": 120, "epoch": 3, "train_loss": 1.4699009399414062, "clip_fraction": 0.755, "gradient_norm_mean": 1044.361234375, "gradient_norm_max": 9605.8369140625, "step_seconds": 1.9797277208417654, "innovation_std_sum": 481.51987677654046, "noise_marginal_std_sum": 563.3284436196507}
{"step": 130, "epoch": 3, "train_loss": 1.4651834106445312, "clip_fraction": 0.74, "gradient_norm_mean": 1062.480390625, "gradient_norm_max": 10096.5205078125, "step_seconds": 2.1102445479482412, "innovation_std_sum": 481.51987677654046, "noise_marginal_std_sum": 563.3284436196507}
{"epoch": 3, "step": 135, "train_loss": 1.5578132486979166, "clip_fraction": 0.7707777777777778, "epsilon": 5.865340104265841, "accuracy": 0.721, "validation_loss": 0.9448414978027344, "validation_examples": 5000}
{"step": 140, "epoch": 4, "train_loss": 1.5079232177734374, "clip_fraction": 0.709, "gradient_norm_mean": 1040.4235625, "gradient_norm_max": 6029.32373046875, "step_seconds": 1.9769908264279366, "innovation_std_sum": 481.51987677654046, "noise_marginal_std_sum": 563.3284436196507}
{"step": 150, "epoch": 4, "train_loss": 1.4582369079589843, "clip_fraction": 0.703, "gradient_norm_mean": 1056.019265625, "gradient_norm_max": 6831.34033203125, "step_seconds": 2.031486891210079, "innovation_std_sum": 481.51987677654046, "noise_marginal_std_sum": 563.3284436196507}
{"step": 160, "epoch": 4, "train_loss": 1.4740906982421875, "clip_fraction": 0.708, "gradient_norm_mean": 1055.455734375, "gradient_norm_max": 6643.83642578125, "step_seconds": 1.955796454101801, "innovation_std_sum": 481.51987677654046, "noise_marginal_std_sum": 563.3284436196507}
{"step": 170, "epoch": 4, "train_loss": 1.4514231872558594, "clip_fraction": 0.689, "gradient_norm_mean": 1025.19834375, "gradient_norm_max": 6724.6630859375, "step_seconds": 2.0038482788950205, "innovation_std_sum": 481.51987677654046, "noise_marginal_std_sum": 563.3284436196507}
{"step": 180, "epoch": 4, "train_loss": 1.4007769470214844, "clip_fraction": 0.691, "gradient_norm_mean": 1039.80259375, "gradient_norm_max": 8859.5234375, "step_seconds": 1.957678036764264, "innovation_std_sum": 481.51987677654046, "noise_marginal_std_sum": 563.3284436196507}
{"epoch": 4, "step": 180, "train_loss": 1.4401741217719184, "clip_fraction": 0.7088222222222222, "epsilon": 6.9817050448149836, "accuracy": 0.7462, "validation_loss": 0.8706282928466796, "validation_examples": 5000}
{"step": 190, "epoch": 5, "train_loss": 1.3316377258300782, "clip_fraction": 0.679, "gradient_norm_mean": 1015.503296875, "gradient_norm_max": 6655.15283203125, "step_seconds": 1.950339414179325, "innovation_std_sum": 481.51987677654046, "noise_marginal_std_sum": 563.3284436196507}
{"step": 200, "epoch": 5, "train_loss": 1.4214947814941405, "clip_fraction": 0.684, "gradient_norm_mean": 1063.552609375, "gradient_norm_max": 6908.40771484375, "step_seconds": 1.9602450001984835, "innovation_std_sum": 481.51987677654046, "noise_marginal_std_sum": 563.3284436196507}
{"step": 210, "epoch": 5, "train_loss": 1.4564805603027344, "clip_fraction": 0.665, "gradient_norm_mean": 1038.43365625, "gradient_norm_max": 5989.54052734375, "step_seconds": 1.959409698843956, "innovation_std_sum": 481.51987677654046, "noise_marginal_std_sum": 563.3284436196507}
{"step": 220, "epoch": 5, "train_loss": 1.3808633422851562, "clip_fraction": 0.693, "gradient_norm_mean": 1101.5186875, "gradient_norm_max": 7091.86962890625, "step_seconds": 1.9886328000575304, "innovation_std_sum": 481.51987677654046, "noise_marginal_std_sum": 563.3284436196507}
{"epoch": 5, "step": 225, "train_loss": 1.3788537468804254, "clip_fraction": 0.6724444444444444, "epsilon": 8.000000000000005, "accuracy": 0.7564, "validation_loss": 0.8348682861328125, "validation_examples": 5000}
