Loading weights:   0%|          | 0/39 [00:00<?, ?it/s]Loading weights: 100%|██████████| 39/39 [00:00<00:00, 12426.15it/s]
[transformers] [1mBertModel LOAD REPORT[0m from: /media/data/data/lt/dp-adam-correlated/cache/bert-tiny
Key                                        | Status     |  | 
-------------------------------------------+------------+--+-
cls.predictions.decoder.weight             | UNEXPECTED |  | 
cls.predictions.decoder.bias               | UNEXPECTED |  | 
cls.seq_relationship.bias                  | UNEXPECTED |  | 
cls.predictions.transform.dense.bias       | UNEXPECTED |  | 
cls.predictions.bias                       | UNEXPECTED |  | 
cls.predictions.transform.LayerNorm.bias   | UNEXPECTED |  | 
cls.predictions.transform.LayerNorm.weight | UNEXPECTED |  | 
cls.predictions.transform.dense.weight     | UNEXPECTED |  | 
cls.seq_relationship.weight                | UNEXPECTED |  | 

Notes:
- UNEXPECTED:	can be ignored when loading from different task/architecture; not ok if you expect identical arch.
sys:1: UserWarning: Full backward hook is firing when gradients are computed with respect to module outputs since no inputs require gradients. See https://docs.pytorch.org/docs/main/generated/torch.nn.Module.html#torch.nn.Module.register_full_backward_hook for more details.
{"step": 10, "epoch": 1, "train_loss": 0.6755750732421875, "clip_fraction": 0.0, "gradient_norm_mean": 62.1486484375, "gradient_norm_max": 112.46141815185547, "step_seconds": 0.13729739002883434, "innovation_std_sum": 1647.0783588411034, "noise_marginal_std_sum": 2271.8357688290193}
{"step": 20, "epoch": 1, "train_loss": 0.6663486328125, "clip_fraction": 0.0, "gradient_norm_mean": 27.3592421875, "gradient_norm_max": 52.729644775390625, "step_seconds": 0.26752194948494434, "innovation_std_sum": 1647.0783588411034, "noise_marginal_std_sum": 2271.8357688290193}
{"step": 30, "epoch": 1, "train_loss": 0.666633056640625, "clip_fraction": 0.0, "gradient_norm_mean": 15.961873046875, "gradient_norm_max": 26.01313591003418, "step_seconds": 0.27027178183197975, "innovation_std_sum": 1647.0783588411034, "noise_marginal_std_sum": 2271.8357688290193}
{"step": 40, "epoch": 1, "train_loss": 0.66722265625, "clip_fraction": 0.0, "gradient_norm_mean": 10.844134765625, "gradient_norm_max": 18.232410430908203, "step_seconds": 0.2698976006358862, "innovation_std_sum": 1647.0783588411034, "noise_marginal_std_sum": 2271.8357688290193}
{"step": 50, "epoch": 1, "train_loss": 0.6600205078125, "clip_fraction": 0.0, "gradient_norm_mean": 7.7672646484375, "gradient_norm_max": 13.443987846374512, "step_seconds": 0.26967450603842735, "innovation_std_sum": 1647.0783588411034, "noise_marginal_std_sum": 2271.8357688290193}
{"step": 60, "epoch": 1, "train_loss": 0.65614599609375, "clip_fraction": 0.0, "gradient_norm_mean": 5.8196337890625, "gradient_norm_max": 11.08961296081543, "step_seconds": 0.2674260511994362, "innovation_std_sum": 1647.0783588411034, "noise_marginal_std_sum": 2271.8357688290193}
{"epoch": 1, "step": 62, "train_loss": 0.6674000933247228, "clip_fraction": 0.0487258064516129, "epsilon": 1.5433263319653634, "accuracy": 0.6399082568807339, "validation_loss": 0.6628058459780631, "validation_examples": 872}
{"step": 70, "epoch": 2, "train_loss": 0.6547030029296875, "clip_fraction": 0.0, "gradient_norm_mean": 4.56435205078125, "gradient_norm_max": 8.329843521118164, "step_seconds": 0.2707041520625353, "innovation_std_sum": 1647.0783588411034, "noise_marginal_std_sum": 2271.8357688290193}
{"step": 80, "epoch": 2, "train_loss": 0.6570637817382813, "clip_fraction": 0.0, "gradient_norm_mean": 3.73857861328125, "gradient_norm_max": 6.240715026855469, "step_seconds": 0.2706005796790123, "innovation_std_sum": 1647.0783588411034, "noise_marginal_std_sum": 2271.8357688290193}
{"step": 90, "epoch": 2, "train_loss": 0.6525714111328125, "clip_fraction": 0.0, "gradient_norm_mean": 2.85622900390625, "gradient_norm_max": 4.579982757568359, "step_seconds": 0.26775537244975567, "innovation_std_sum": 1647.0783588411034, "noise_marginal_std_sum": 2271.8357688290193}
{"step": 100, "epoch": 2, "train_loss": 0.65495654296875, "clip_fraction": 0.0, "gradient_norm_mean": 2.3487255859375, "gradient_norm_max": 4.370151996612549, "step_seconds": 0.2708174902945757, "innovation_std_sum": 1647.0783588411034, "noise_marginal_std_sum": 2271.8357688290193}
{"step": 110, "epoch": 2, "train_loss": 0.6600509033203125, "clip_fraction": 0.0, "gradient_norm_mean": 1.98092626953125, "gradient_norm_max": 3.592967987060547, "step_seconds": 0.27036446891725063, "innovation_std_sum": 1647.0783588411034, "noise_marginal_std_sum": 2271.8357688290193}
{"step": 120, "epoch": 2, "train_loss": 0.6611058349609376, "clip_fraction": 0.0, "gradient_norm_mean": 1.6653017578125, "gradient_norm_max": 3.2775843143463135, "step_seconds": 0.26760122925043106, "innovation_std_sum": 1647.0783588411034, "noise_marginal_std_sum": 2271.8357688290193}
{"epoch": 2, "step": 124, "train_loss": 0.6564850454022807, "clip_fraction": 0.0, "epsilon": 2.334704889281947, "accuracy": 0.6135321100917431, "validation_loss": 0.6633310274246635, "validation_examples": 872}
{"step": 130, "epoch": 3, "train_loss": 0.6509918212890625, "clip_fraction": 0.0, "gradient_norm_mean": 1.3837772216796875, "gradient_norm_max": 2.6170432567596436, "step_seconds": 0.2701725624501705, "innovation_std_sum": 1647.0783588411034, "noise_marginal_std_sum": 2271.8357688290193}
{"step": 140, "epoch": 3, "train_loss": 0.6545110473632813, "clip_fraction": 0.0, "gradient_norm_mean": 1.1873536376953124, "gradient_norm_max": 2.1172666549682617, "step_seconds": 0.2710863947868347, "innovation_std_sum": 1647.0783588411034, "noise_marginal_std_sum": 2271.8357688290193}
{"step": 150, "epoch": 3, "train_loss": 0.655703125, "clip_fraction": 0.0, "gradient_norm_mean": 1.055031494140625, "gradient_norm_max": 1.9312119483947754, "step_seconds": 0.26604500599205494, "innovation_std_sum": 1647.0783588411034, "noise_marginal_std_sum": 2271.8357688290193}
{"step": 160, "epoch": 3, "train_loss": 0.6540579833984375, "clip_fraction": 0.0, "gradient_norm_mean": 0.9440255126953125, "gradient_norm_max": 1.5783687829971313, "step_seconds": 0.2709116470068693, "innovation_std_sum": 1647.0783588411034, "noise_marginal_std_sum": 2271.8357688290193}
{"step": 170, "epoch": 3, "train_loss": 0.6550241088867188, "clip_fraction": 0.0, "gradient_norm_mean": 0.837016845703125, "gradient_norm_max": 1.4270154237747192, "step_seconds": 0.2686287444084883, "innovation_std_sum": 1647.0783588411034, "noise_marginal_std_sum": 2271.8357688290193}
{"step": 180, "epoch": 3, "train_loss": 0.6552759399414062, "clip_fraction": 0.0, "gradient_norm_mean": 0.7510200805664062, "gradient_norm_max": 1.6345285177230835, "step_seconds": 0.26863063871860504, "innovation_std_sum": 1647.0783588411034, "noise_marginal_std_sum": 2271.8357688290193}
{"epoch": 3, "step": 186, "train_loss": 0.654826172859438, "clip_fraction": 0.0, "epsilon": 2.9639501022838, "accuracy": 0.6238532110091743, "validation_loss": 0.6610046395468056, "validation_examples": 872}
{"step": 190, "epoch": 4, "train_loss": 0.65515966796875, "clip_fraction": 0.0, "gradient_norm_mean": 0.66433544921875, "gradient_norm_max": 1.187317132949829, "step_seconds": 0.2682800851762295, "innovation_std_sum": 1647.0783588411034, "noise_marginal_std_sum": 2271.8357688290193}
{"step": 200, "epoch": 4, "train_loss": 0.6583607788085938, "clip_fraction": 0.0, "gradient_norm_mean": 0.6053207397460938, "gradient_norm_max": 1.0194462537765503, "step_seconds": 0.2821465954184532, "innovation_std_sum": 1647.0783588411034, "noise_marginal_std_sum": 2271.8357688290193}
{"step": 210, "epoch": 4, "train_loss": 0.6567152709960937, "clip_fraction": 0.0, "gradient_norm_mean": 0.5464434814453125, "gradient_norm_max": 0.9362308979034424, "step_seconds": 0.2691131290048361, "innovation_std_sum": 1647.0783588411034, "noise_marginal_std_sum": 2271.8357688290193}
{"step": 220, "epoch": 4, "train_loss": 0.6578259887695312, "clip_fraction": 0.0, "gradient_norm_mean": 0.4897047119140625, "gradient_norm_max": 0.8921096324920654, "step_seconds": 0.2688579950481653, "innovation_std_sum": 1647.0783588411034, "noise_marginal_std_sum": 2271.8357688290193}
{"step": 230, "epoch": 4, "train_loss": 0.6586480102539063, "clip_fraction": 0.0, "gradient_norm_mean": 0.447218505859375, "gradient_norm_max": 0.8545947074890137, "step_seconds": 0.2681794408708811, "innovation_std_sum": 1647.0783588411034, "noise_marginal_std_sum": 2271.8357688290193}
{"step": 240, "epoch": 4, "train_loss": 0.6537288208007812, "clip_fraction": 0.0, "gradient_norm_mean": 0.40336495971679687, "gradient_norm_max": 0.7750502824783325, "step_seconds": 0.2677901014685631, "innovation_std_sum": 1647.0783588411034, "noise_marginal_std_sum": 2271.8357688290193}
{"epoch": 4, "step": 248, "train_loss": 0.655055182672316, "clip_fraction": 0.0, "epsilon": 3.5088252261920885, "accuracy": 0.6295871559633027, "validation_loss": 0.662839005846496, "validation_examples": 872}
{"step": 250, "epoch": 5, "train_loss": 0.66004541015625, "clip_fraction": 0.0, "gradient_norm_mean": 0.3731858215332031, "gradient_norm_max": 0.6641791462898254, "step_seconds": 0.2660020664334297, "innovation_std_sum": 1647.0783588411034, "noise_marginal_std_sum": 2271.8357688290193}
{"step": 260, "epoch": 5, "train_loss": 0.6484385375976562, "clip_fraction": 0.0, "gradient_norm_mean": 0.33004251098632814, "gradient_norm_max": 0.5925976634025574, "step_seconds": 0.268304992467165, "innovation_std_sum": 1647.0783588411034, "noise_marginal_std_sum": 2271.8357688290193}
{"step": 270, "epoch": 5, "train_loss": 0.6652666015625, "clip_fraction": 0.0, "gradient_norm_mean": 0.31264788818359374, "gradient_norm_max": 0.5831384062767029, "step_seconds": 0.26424025371670723, "innovation_std_sum": 1647.0783588411034, "noise_marginal_std_sum": 2271.8357688290193}
{"step": 280, "epoch": 5, "train_loss": 0.6593741455078125, "clip_fraction": 0.0, "gradient_norm_mean": 0.2898028564453125, "gradient_norm_max": 0.5549110770225525, "step_seconds": 0.26853259466588497, "innovation_std_sum": 1647.0783588411034, "noise_marginal_std_sum": 2271.8357688290193}
{"step": 290, "epoch": 5, "train_loss": 0.6595606689453125, "clip_fraction": 0.0, "gradient_norm_mean": 0.2688465270996094, "gradient_norm_max": 0.5604441165924072, "step_seconds": 0.26853837072849274, "innovation_std_sum": 1647.0783588411034, "noise_marginal_std_sum": 2271.8357688290193}
{"step": 300, "epoch": 5, "train_loss": 0.6563123168945313, "clip_fraction": 0.0, "gradient_norm_mean": 0.2478477020263672, "gradient_norm_max": 0.4733409285545349, "step_seconds": 0.2687211371958256, "innovation_std_sum": 1647.0783588411034, "noise_marginal_std_sum": 2271.8357688290193}
{"step": 310, "epoch": 5, "train_loss": 0.6607691040039062, "clip_fraction": 0.0, "gradient_norm_mean": 0.230876708984375, "gradient_norm_max": 0.4808494448661804, "step_seconds": 0.2685821130871773, "innovation_std_sum": 1647.0783588411034, "noise_marginal_std_sum": 2271.8357688290193}
{"epoch": 5, "step": 310, "train_loss": 0.6559605122227823, "clip_fraction": 0.0, "epsilon": 3.9999999999999685, "accuracy": 0.6330275229357798, "validation_loss": 0.6630830283558696, "validation_examples": 872}
