Loading weights:   0%|          | 0/39 [00:00<?, ?it/s]Loading weights: 100%|██████████| 39/39 [00:00<00:00, 19283.02it/s]
[transformers] [1mBertModel LOAD REPORT[0m from: /media/data/data/lt/dp-adam-correlated/cache/bert-tiny
Key                                        | Status     |  | 
-------------------------------------------+------------+--+-
cls.predictions.transform.LayerNorm.bias   | UNEXPECTED |  | 
cls.predictions.transform.dense.weight     | UNEXPECTED |  | 
cls.seq_relationship.bias                  | UNEXPECTED |  | 
cls.predictions.bias                       | UNEXPECTED |  | 
cls.seq_relationship.weight                | UNEXPECTED |  | 
cls.predictions.transform.LayerNorm.weight | UNEXPECTED |  | 
cls.predictions.transform.dense.bias       | UNEXPECTED |  | 
cls.predictions.decoder.bias               | UNEXPECTED |  | 
cls.predictions.decoder.weight             | UNEXPECTED |  | 

Notes:
- UNEXPECTED:	can be ignored when loading from different task/architecture; not ok if you expect identical arch.
sys:1: UserWarning: Full backward hook is firing when gradients are computed with respect to module outputs since no inputs require gradients. See https://docs.pytorch.org/docs/main/generated/torch.nn.Module.html#torch.nn.Module.register_full_backward_hook for more details.
{"step": 10, "epoch": 1, "step_seconds": 0.12501048110425472, "innovation_std_sum": 18.18056540675466, "noise_marginal_std_sum": 20.109526391892718, "pure_mf_cumulative_momentum_noise_variance": 0.001449677851333464, "preconditioner_mean": 54.88836669921875, "preconditioner_change_relative": 0.08853936195373535, "denominator_lag_relative": 0.0, "block_age": 0}
{"step": 20, "epoch": 1, "step_seconds": 0.26492619700729847, "innovation_std_sum": 18.18056540675466, "noise_marginal_std_sum": 20.109526391892718, "pure_mf_cumulative_momentum_noise_variance": 0.0016524464407524123, "preconditioner_mean": 52.18833923339844, "preconditioner_change_relative": 0.0374821275472641, "denominator_lag_relative": 0.0, "block_age": 0}
{"step": 30, "epoch": 1, "step_seconds": 0.25891179218888283, "innovation_std_sum": 18.18056540675466, "noise_marginal_std_sum": 20.109526391892718, "pure_mf_cumulative_momentum_noise_variance": 0.0017957261824324436, "preconditioner_mean": 51.24575424194336, "preconditioner_change_relative": 0.02642103284597397, "denominator_lag_relative": 0.0, "block_age": 0}
{"step": 40, "epoch": 1, "step_seconds": 0.2643657773733139, "innovation_std_sum": 18.18056540675466, "noise_marginal_std_sum": 20.109526391892718, "pure_mf_cumulative_momentum_noise_variance": 0.0019261479207798588, "preconditioner_mean": 50.65461349487305, "preconditioner_change_relative": 0.020004253834486008, "denominator_lag_relative": 0.0, "block_age": 0}
{"step": 50, "epoch": 1, "step_seconds": 0.2618896905332804, "innovation_std_sum": 18.18056540675466, "noise_marginal_std_sum": 20.109526391892718, "pure_mf_cumulative_momentum_noise_variance": 0.0020529145211999156, "preconditioner_mean": 50.42937469482422, "preconditioner_change_relative": 0.015836084261536598, "denominator_lag_relative": 0.0, "block_age": 0}
{"step": 60, "epoch": 1, "step_seconds": 0.26309722661972046, "innovation_std_sum": 18.18056540675466, "noise_marginal_std_sum": 20.109526391892718, "pure_mf_cumulative_momentum_noise_variance": 0.0021785592046681527, "preconditioner_mean": 50.23955154418945, "preconditioner_change_relative": 0.013040796853601933, "denominator_lag_relative": 0.0, "block_age": 0}
{"epoch": 1, "step": 62, "epsilon": 3.1189885091449114, "accuracy": 0.7025612263974574, "validation_loss": 0.5611307904037901, "validation_examples": 5349}
{"step": 70, "epoch": 2, "step_seconds": 0.25776818580925465, "innovation_std_sum": 18.18056540675466, "noise_marginal_std_sum": 20.109526391892718, "pure_mf_cumulative_momentum_noise_variance": 0.002303852328587416, "preconditioner_mean": 50.06489562988281, "preconditioner_change_relative": 0.0109646525233984, "denominator_lag_relative": 0.0, "block_age": 0}
{"step": 80, "epoch": 2, "step_seconds": 0.25869492813944817, "innovation_std_sum": 18.18056540675466, "noise_marginal_std_sum": 20.109526391892718, "pure_mf_cumulative_momentum_noise_variance": 0.0024290351922130827, "preconditioner_mean": 49.93180465698242, "preconditioner_change_relative": 0.009700625203549862, "denominator_lag_relative": 0.0, "block_age": 0}
{"step": 90, "epoch": 2, "step_seconds": 0.263561736792326, "innovation_std_sum": 18.18056540675466, "noise_marginal_std_sum": 20.109526391892718, "pure_mf_cumulative_momentum_noise_variance": 0.002554183735667805, "preconditioner_mean": 49.86676025390625, "preconditioner_change_relative": 0.00903117936104536, "denominator_lag_relative": 0.0, "block_age": 0}
{"step": 100, "epoch": 2, "step_seconds": 0.2646063081920147, "innovation_std_sum": 18.18056540675466, "noise_marginal_std_sum": 20.109526391892718, "pure_mf_cumulative_momentum_noise_variance": 0.0026793217310920893, "preconditioner_mean": 49.804412841796875, "preconditioner_change_relative": 0.0078705083578825, "denominator_lag_relative": 0.0, "block_age": 0}
{"step": 110, "epoch": 2, "step_seconds": 0.2660510838031769, "innovation_std_sum": 18.18056540675466, "noise_marginal_std_sum": 20.109526391892718, "pure_mf_cumulative_momentum_noise_variance": 0.002804456541029548, "preconditioner_mean": 49.74779510498047, "preconditioner_change_relative": 0.007188230287283659, "denominator_lag_relative": 0.0, "block_age": 0}
{"step": 120, "epoch": 2, "step_seconds": 0.2661826480180025, "innovation_std_sum": 18.18056540675466, "noise_marginal_std_sum": 20.109526391892718, "pure_mf_cumulative_momentum_noise_variance": 0.0029295904116772163, "preconditioner_mean": 49.698360443115234, "preconditioner_change_relative": 0.006622875574976206, "denominator_lag_relative": 0.0, "block_age": 0}
{"epoch": 2, "step": 124, "epsilon": 4.648458915040102, "accuracy": 0.7582725743129557, "validation_loss": 0.6260357912198743, "validation_examples": 5349}
{"step": 130, "epoch": 3, "step_seconds": 0.2674217112362385, "innovation_std_sum": 18.18056540675466, "noise_marginal_std_sum": 20.109526391892718, "pure_mf_cumulative_momentum_noise_variance": 0.0030547240145552307, "preconditioner_mean": 49.652347564697266, "preconditioner_change_relative": 0.005710425786674023, "denominator_lag_relative": 0.0, "block_age": 0}
{"step": 140, "epoch": 3, "step_seconds": 0.26685215160250664, "innovation_std_sum": 18.18056540675466, "noise_marginal_std_sum": 20.109526391892718, "pure_mf_cumulative_momentum_noise_variance": 0.003179857544894466, "preconditioner_mean": 49.613407135009766, "preconditioner_change_relative": 0.005667724180966616, "denominator_lag_relative": 0.0, "block_age": 0}
{"step": 150, "epoch": 3, "step_seconds": 0.2666923999786377, "innovation_std_sum": 18.18056540675466, "noise_marginal_std_sum": 20.109526391892718, "pure_mf_cumulative_momentum_noise_variance": 0.003304991057202423, "preconditioner_mean": 49.61861801147461, "preconditioner_change_relative": 0.005027966108173132, "denominator_lag_relative": 0.0, "block_age": 0}
{"step": 160, "epoch": 3, "step_seconds": 0.2622548658400774, "innovation_std_sum": 18.18056540675466, "noise_marginal_std_sum": 20.109526391892718, "pure_mf_cumulative_momentum_noise_variance": 0.0034301245657551212, "preconditioner_mean": 49.61306381225586, "preconditioner_change_relative": 0.004942374303936958, "denominator_lag_relative": 0.0, "block_age": 0}
{"step": 170, "epoch": 3, "step_seconds": 0.2561885267496109, "innovation_std_sum": 18.18056540675466, "noise_marginal_std_sum": 20.109526391892718, "pure_mf_cumulative_momentum_noise_variance": 0.003555258073881242, "preconditioner_mean": 49.587711334228516, "preconditioner_change_relative": 0.004566148389130831, "denominator_lag_relative": 0.0, "block_age": 0}
{"step": 180, "epoch": 3, "step_seconds": 0.2627373021095991, "innovation_std_sum": 18.18056540675466, "noise_marginal_std_sum": 20.109526391892718, "pure_mf_cumulative_momentum_noise_variance": 0.003680391582166438, "preconditioner_mean": 49.58964920043945, "preconditioner_change_relative": 0.00420380849391222, "denominator_lag_relative": 0.0, "block_age": 0}
{"epoch": 3, "step": 186, "epsilon": 5.895762677487766, "accuracy": 0.7807066741447, "validation_loss": 0.6219662930012017, "validation_examples": 5349}
{"step": 190, "epoch": 4, "step_seconds": 0.2620152924209833, "innovation_std_sum": 18.18056540675466, "noise_marginal_std_sum": 20.109526391892718, "pure_mf_cumulative_momentum_noise_variance": 0.0038055250906144254, "preconditioner_mean": 49.55839920043945, "preconditioner_change_relative": 0.004228647798299789, "denominator_lag_relative": 0.0, "block_age": 0}
{"step": 200, "epoch": 4, "step_seconds": 0.2663310933858156, "innovation_std_sum": 18.18056540675466, "noise_marginal_std_sum": 20.109526391892718, "pure_mf_cumulative_momentum_noise_variance": 0.003930658599156599, "preconditioner_mean": 49.55016326904297, "preconditioner_change_relative": 0.003967085853219032, "denominator_lag_relative": 0.0, "block_age": 0}
{"step": 210, "epoch": 4, "step_seconds": 0.2663682606071234, "innovation_std_sum": 18.18056540675466, "noise_marginal_std_sum": 20.109526391892718, "pure_mf_cumulative_momentum_noise_variance": 0.00405579210774466, "preconditioner_mean": 49.530479431152344, "preconditioner_change_relative": 0.0037692985497415066, "denominator_lag_relative": 0.0, "block_age": 0}
{"step": 220, "epoch": 4, "step_seconds": 0.2668843846768141, "innovation_std_sum": 18.18056540675466, "noise_marginal_std_sum": 20.109526391892718, "pure_mf_cumulative_momentum_noise_variance": 0.004180925616353274, "preconditioner_mean": 49.52540969848633, "preconditioner_change_relative": 0.0035711019299924374, "denominator_lag_relative": 0.0, "block_age": 0}
{"step": 230, "epoch": 4, "step_seconds": 0.26622886024415493, "innovation_std_sum": 18.18056540675466, "noise_marginal_std_sum": 20.109526391892718, "pure_mf_cumulative_momentum_noise_variance": 0.004306059124970638, "preconditioner_mean": 49.53099060058594, "preconditioner_change_relative": 0.0034457470756024122, "denominator_lag_relative": 0.0, "block_age": 0}
{"step": 240, "epoch": 4, "step_seconds": 0.26497443579137325, "innovation_std_sum": 18.18056540675466, "noise_marginal_std_sum": 20.109526391892718, "pure_mf_cumulative_momentum_noise_variance": 0.004431192633591606, "preconditioner_mean": 49.539363861083984, "preconditioner_change_relative": 0.0034606719855219126, "denominator_lag_relative": 0.0, "block_age": 0}
{"epoch": 4, "step": 248, "epsilon": 6.995398184192, "accuracy": 0.7924845765563657, "validation_loss": 0.6039021153787872, "validation_examples": 5349}
{"step": 250, "epoch": 5, "step_seconds": 0.26604823768138885, "innovation_std_sum": 18.18056540675466, "noise_marginal_std_sum": 20.109526391892718, "pure_mf_cumulative_momentum_noise_variance": 0.0045563261422140264, "preconditioner_mean": 49.51036834716797, "preconditioner_change_relative": 0.0033585827331990004, "denominator_lag_relative": 0.0, "block_age": 0}
{"step": 260, "epoch": 5, "step_seconds": 0.2660920936614275, "innovation_std_sum": 18.18056540675466, "noise_marginal_std_sum": 20.109526391892718, "pure_mf_cumulative_momentum_noise_variance": 0.004681459650837019, "preconditioner_mean": 49.502845764160156, "preconditioner_change_relative": 0.003054393455386162, "denominator_lag_relative": 0.0, "block_age": 0}
{"step": 270, "epoch": 5, "step_seconds": 0.2662123069167137, "innovation_std_sum": 18.18056540675466, "noise_marginal_std_sum": 20.109526391892718, "pure_mf_cumulative_momentum_noise_variance": 0.004806593159460233, "preconditioner_mean": 49.502464294433594, "preconditioner_change_relative": 0.003181267296895385, "denominator_lag_relative": 0.0, "block_age": 0}
{"step": 280, "epoch": 5, "step_seconds": 0.2667666357010603, "innovation_std_sum": 18.18056540675466, "noise_marginal_std_sum": 20.109526391892718, "pure_mf_cumulative_momentum_noise_variance": 0.004931726668083535, "preconditioner_mean": 49.52140426635742, "preconditioner_change_relative": 0.002811975544318557, "denominator_lag_relative": 0.0, "block_age": 0}
{"step": 290, "epoch": 5, "step_seconds": 0.26660998724400997, "innovation_std_sum": 18.18056540675466, "noise_marginal_std_sum": 20.109526391892718, "pure_mf_cumulative_momentum_noise_variance": 0.005056860176706868, "preconditioner_mean": 49.53376007080078, "preconditioner_change_relative": 0.0028761313296854496, "denominator_lag_relative": 0.0, "block_age": 0}
{"step": 300, "epoch": 5, "step_seconds": 0.2662506625056267, "innovation_std_sum": 18.18056540675466, "noise_marginal_std_sum": 20.109526391892718, "pure_mf_cumulative_momentum_noise_variance": 0.005181993685330214, "preconditioner_mean": 49.5488395690918, "preconditioner_change_relative": 0.00269486615434289, "denominator_lag_relative": 0.0, "block_age": 0}
{"step": 310, "epoch": 5, "step_seconds": 0.17307691834867, "innovation_std_sum": 18.18056540675466, "noise_marginal_std_sum": 20.109526391892718, "pure_mf_cumulative_momentum_noise_variance": 0.005307127193953564, "preconditioner_mean": 49.53371810913086, "preconditioner_change_relative": 0.0028220051899552345, "denominator_lag_relative": 0.0, "block_age": 0}
{"epoch": 5, "step": 310, "epsilon": 8.000000000000007, "accuracy": 0.8014582164890633, "validation_loss": 0.5787131102157766, "validation_examples": 5349}
