Loading weights:   0%|          | 0/39 [00:00<?, ?it/s]Loading weights: 100%|██████████| 39/39 [00:00<00:00, 19950.95it/s]
[transformers] [1mBertModel LOAD REPORT[0m from: /media/data/data/lt/dp-adam-correlated/cache/bert-tiny
Key                                        | Status     |  | 
-------------------------------------------+------------+--+-
cls.predictions.transform.LayerNorm.weight | UNEXPECTED |  | 
cls.seq_relationship.weight                | UNEXPECTED |  | 
cls.predictions.transform.LayerNorm.bias   | UNEXPECTED |  | 
cls.seq_relationship.bias                  | UNEXPECTED |  | 
cls.predictions.transform.dense.bias       | UNEXPECTED |  | 
cls.predictions.bias                       | UNEXPECTED |  | 
cls.predictions.decoder.bias               | UNEXPECTED |  | 
cls.predictions.transform.dense.weight     | UNEXPECTED |  | 
cls.predictions.decoder.weight             | UNEXPECTED |  | 

Notes:
- UNEXPECTED:	can be ignored when loading from different task/architecture; not ok if you expect identical arch.
sys:1: UserWarning: Full backward hook is firing when gradients are computed with respect to module outputs since no inputs require gradients. See https://docs.pytorch.org/docs/main/generated/torch.nn.Module.html#torch.nn.Module.register_full_backward_hook for more details.
{"step": 10, "epoch": 1, "train_loss": 0.6841387329101563, "clip_fraction": 0.0, "gradient_norm_mean": 7.713861328125, "gradient_norm_max": 12.875311851501465, "step_seconds": 0.26559415087103844, "innovation_std_sum": 34.19096290164991, "noise_marginal_std_sum": 38.52414684355806}
{"step": 20, "epoch": 1, "train_loss": 0.640387451171875, "clip_fraction": 0.002, "gradient_norm_mean": 10.1191875, "gradient_norm_max": 20.610950469970703, "step_seconds": 0.265792028978467, "innovation_std_sum": 34.19096290164991, "noise_marginal_std_sum": 38.52414684355806}
{"step": 30, "epoch": 1, "train_loss": 0.6003880615234375, "clip_fraction": 0.151, "gradient_norm_mean": 13.86444140625, "gradient_norm_max": 31.688064575195312, "step_seconds": 0.266230545938015, "innovation_std_sum": 34.19096290164991, "noise_marginal_std_sum": 38.52414684355806}
{"step": 40, "epoch": 1, "train_loss": 0.577326904296875, "clip_fraction": 0.42, "gradient_norm_mean": 18.37995703125, "gradient_norm_max": 54.800025939941406, "step_seconds": 0.2664903309196234, "innovation_std_sum": 34.19096290164991, "noise_marginal_std_sum": 38.52414684355806}
{"step": 50, "epoch": 1, "train_loss": 0.5478509521484375, "clip_fraction": 0.503, "gradient_norm_mean": 24.434166015625, "gradient_norm_max": 90.61103820800781, "step_seconds": 0.2664157599210739, "innovation_std_sum": 34.19096290164991, "noise_marginal_std_sum": 38.52414684355806}
{"step": 60, "epoch": 1, "train_loss": 0.56087060546875, "clip_fraction": 0.466, "gradient_norm_mean": 29.0435, "gradient_norm_max": 145.1421356201172, "step_seconds": 0.2656378000974655, "innovation_std_sum": 34.19096290164991, "noise_marginal_std_sum": 38.52414684355806}
{"epoch": 1, "step": 62, "train_loss": 0.600759027296497, "clip_fraction": 0.22016129032258064, "epsilon": 3.123292330075361, "accuracy": 0.7464946719012899, "validation_loss": 0.5981125245920674, "validation_examples": 5349}
{"step": 70, "epoch": 2, "train_loss": 0.5760538330078125, "clip_fraction": 0.435, "gradient_norm_mean": 32.558224609375, "gradient_norm_max": 229.61306762695312, "step_seconds": 0.2602519001811743, "innovation_std_sum": 34.19096290164991, "noise_marginal_std_sum": 38.52414684355806}
{"step": 80, "epoch": 2, "train_loss": 0.5853507080078125, "clip_fraction": 0.443, "gradient_norm_mean": 33.0508671875, "gradient_norm_max": 218.37026977539062, "step_seconds": 0.26676936261355877, "innovation_std_sum": 34.19096290164991, "noise_marginal_std_sum": 38.52414684355806}
{"step": 90, "epoch": 2, "train_loss": 0.5443172607421874, "clip_fraction": 0.387, "gradient_norm_mean": 31.40287109375, "gradient_norm_max": 195.25291442871094, "step_seconds": 0.26666747964918613, "innovation_std_sum": 34.19096290164991, "noise_marginal_std_sum": 38.52414684355806}
{"step": 100, "epoch": 2, "train_loss": 0.5648115234375, "clip_fraction": 0.387, "gradient_norm_mean": 32.1624921875, "gradient_norm_max": 207.54750061035156, "step_seconds": 0.26224566996097565, "innovation_std_sum": 34.19096290164991, "noise_marginal_std_sum": 38.52414684355806}
{"step": 110, "epoch": 2, "train_loss": 0.49230615234375, "clip_fraction": 0.355, "gradient_norm_mean": 29.170921875, "gradient_norm_max": 222.61532592773438, "step_seconds": 0.26258542388677597, "innovation_std_sum": 34.19096290164991, "noise_marginal_std_sum": 38.52414684355806}
{"step": 120, "epoch": 2, "train_loss": 0.4649440612792969, "clip_fraction": 0.347, "gradient_norm_mean": 29.04064453125, "gradient_norm_max": 274.85888671875, "step_seconds": 0.12509625032544136, "innovation_std_sum": 34.19096290164991, "noise_marginal_std_sum": 38.52414684355806}
{"epoch": 2, "step": 124, "train_loss": 0.5392860653784968, "clip_fraction": 0.3988548387096774, "epsilon": 4.650920914901151, "accuracy": 0.7876238549261544, "validation_loss": 0.5408394393307581, "validation_examples": 5349}
{"step": 130, "epoch": 3, "train_loss": 0.490722900390625, "clip_fraction": 0.366, "gradient_norm_mean": 30.063103515625, "gradient_norm_max": 271.520751953125, "step_seconds": 0.17574852518737316, "innovation_std_sum": 34.19096290164991, "noise_marginal_std_sum": 38.52414684355806}
{"step": 140, "epoch": 3, "train_loss": 0.5027096557617188, "clip_fraction": 0.365, "gradient_norm_mean": 32.204611328125, "gradient_norm_max": 243.1107940673828, "step_seconds": 0.26760778576135635, "innovation_std_sum": 34.19096290164991, "noise_marginal_std_sum": 38.52414684355806}
{"step": 150, "epoch": 3, "train_loss": 0.5059564208984375, "clip_fraction": 0.341, "gradient_norm_mean": 28.76997265625, "gradient_norm_max": 227.9099884033203, "step_seconds": 0.2670573275536299, "innovation_std_sum": 34.19096290164991, "noise_marginal_std_sum": 38.52414684355806}
{"step": 160, "epoch": 3, "train_loss": 0.5276365356445313, "clip_fraction": 0.363, "gradient_norm_mean": 30.757185546875, "gradient_norm_max": 218.97926330566406, "step_seconds": 0.2672033105045557, "innovation_std_sum": 34.19096290164991, "noise_marginal_std_sum": 38.52414684355806}
{"step": 170, "epoch": 3, "train_loss": 0.5166715698242188, "clip_fraction": 0.348, "gradient_norm_mean": 29.914947265625, "gradient_norm_max": 267.7609558105469, "step_seconds": 0.1518776398152113, "innovation_std_sum": 34.19096290164991, "noise_marginal_std_sum": 38.52414684355806}
{"step": 180, "epoch": 3, "train_loss": 0.5092822875976563, "clip_fraction": 0.331, "gradient_norm_mean": 29.586193359375, "gradient_norm_max": 347.86163330078125, "step_seconds": 0.26733268797397614, "innovation_std_sum": 34.19096290164991, "noise_marginal_std_sum": 38.52414684355806}
{"epoch": 3, "step": 186, "train_loss": 0.4966966798843876, "clip_fraction": 0.34661290322580646, "epsilon": 5.8971720333737725, "accuracy": 0.8057580856234811, "validation_loss": 0.4882167132240876, "validation_examples": 5349}
{"step": 190, "epoch": 4, "train_loss": 0.4289119873046875, "clip_fraction": 0.323, "gradient_norm_mean": 27.523791015625, "gradient_norm_max": 270.0625305175781, "step_seconds": 0.2667865864932537, "innovation_std_sum": 34.19096290164991, "noise_marginal_std_sum": 38.52414684355806}
{"step": 200, "epoch": 4, "train_loss": 0.4996404418945313, "clip_fraction": 0.345, "gradient_norm_mean": 30.884451171875, "gradient_norm_max": 262.5494079589844, "step_seconds": 0.2660810425877571, "innovation_std_sum": 34.19096290164991, "noise_marginal_std_sum": 38.52414684355806}
{"step": 210, "epoch": 4, "train_loss": 0.46452777099609377, "clip_fraction": 0.324, "gradient_norm_mean": 27.2357578125, "gradient_norm_max": 249.65383911132812, "step_seconds": 0.2671979498118162, "innovation_std_sum": 34.19096290164991, "noise_marginal_std_sum": 38.52414684355806}
{"step": 220, "epoch": 4, "train_loss": 0.46908367919921873, "clip_fraction": 0.308, "gradient_norm_mean": 25.50279296875, "gradient_norm_max": 275.6065368652344, "step_seconds": 0.26738645881414413, "innovation_std_sum": 34.19096290164991, "noise_marginal_std_sum": 38.52414684355806}
{"step": 230, "epoch": 4, "train_loss": 0.4502928466796875, "clip_fraction": 0.315, "gradient_norm_mean": 29.185794921875, "gradient_norm_max": 311.9813537597656, "step_seconds": 0.2680579014122486, "innovation_std_sum": 34.19096290164991, "noise_marginal_std_sum": 38.52414684355806}
{"step": 240, "epoch": 4, "train_loss": 0.4829389038085937, "clip_fraction": 0.314, "gradient_norm_mean": 28.34133984375, "gradient_norm_max": 370.848876953125, "step_seconds": 0.26746933348476887, "innovation_std_sum": 34.19096290164991, "noise_marginal_std_sum": 38.52414684355806}
{"epoch": 4, "step": 248, "train_loss": 0.46664937517719884, "clip_fraction": 0.30879032258064515, "epsilon": 6.996033129680921, "accuracy": 0.8184707421948028, "validation_loss": 0.4622272684721662, "validation_examples": 5349}
{"step": 250, "epoch": 5, "train_loss": 0.47590432739257815, "clip_fraction": 0.282, "gradient_norm_mean": 26.61581640625, "gradient_norm_max": 331.0885314941406, "step_seconds": 0.2667378969490528, "innovation_std_sum": 34.19096290164991, "noise_marginal_std_sum": 38.52414684355806}
{"step": 260, "epoch": 5, "train_loss": 0.4604504089355469, "clip_fraction": 0.281, "gradient_norm_mean": 25.58129296875, "gradient_norm_max": 358.5139465332031, "step_seconds": 0.267858924344182, "innovation_std_sum": 34.19096290164991, "noise_marginal_std_sum": 38.52414684355806}
{"step": 270, "epoch": 5, "train_loss": 0.4373581848144531, "clip_fraction": 0.276, "gradient_norm_mean": 25.53066796875, "gradient_norm_max": 249.04953002929688, "step_seconds": 0.26721642538905144, "innovation_std_sum": 34.19096290164991, "noise_marginal_std_sum": 38.52414684355806}
{"step": 280, "epoch": 5, "train_loss": 0.4374012451171875, "clip_fraction": 0.268, "gradient_norm_mean": 25.880890625, "gradient_norm_max": 301.62274169921875, "step_seconds": 0.2670441009104252, "innovation_std_sum": 34.19096290164991, "noise_marginal_std_sum": 38.52414684355806}
{"step": 290, "epoch": 5, "train_loss": 0.43000436401367187, "clip_fraction": 0.285, "gradient_norm_mean": 25.15165625, "gradient_norm_max": 297.5805358886719, "step_seconds": 0.26411963999271393, "innovation_std_sum": 34.19096290164991, "noise_marginal_std_sum": 38.52414684355806}
{"step": 300, "epoch": 5, "train_loss": 0.429684326171875, "clip_fraction": 0.272, "gradient_norm_mean": 25.042740234375, "gradient_norm_max": 337.0481872558594, "step_seconds": 0.26801975816488266, "innovation_std_sum": 34.19096290164991, "noise_marginal_std_sum": 38.52414684355806}
{"step": 310, "epoch": 5, "train_loss": 0.4751683654785156, "clip_fraction": 0.286, "gradient_norm_mean": 25.385041015625, "gradient_norm_max": 285.6086120605469, "step_seconds": 0.262808620929718, "innovation_std_sum": 34.19096290164991, "noise_marginal_std_sum": 38.52414684355806}
{"epoch": 5, "step": 310, "train_loss": 0.4468172184113533, "clip_fraction": 0.28203225806451615, "epsilon": 8.000000000000007, "accuracy": 0.8240792671527388, "validation_loss": 0.45467610697051836, "validation_examples": 5349}
