/home/longt29/miniconda3/envs/curve/lib/python3.11/site-packages/torchvision/datasets/cifar.py:83: VisibleDeprecationWarning: dtype(): align should be passed as Python or NumPy boolean but got `align=0`. Did you mean to pass a tuple to create a subarray type? (Deprecated NumPy 2.4)
  entry = pickle.load(f, encoding="latin1")
{"status": "running", "method": "mf_muon_spectralscale", "seed": 20261001, "calibration": {"target_mu": 1.6660305978457184, "sensitivity": 7.852751308631718, "innovation_std_sum": 141.40348896567355, "adjacency": "add_remove_zero_out", "k": 5, "b_participation": 50, "sampling_amplification": false}, "coefficients": [1.0, -0.95, -0.0012500000000000844, -0.001187499999999897]}
sys:1: UserWarning: Full backward hook is firing when gradients are computed with respect to module outputs since no inputs require gradients. See https://docs.pytorch.org/docs/main/generated/torch.nn.Module.html#torch.nn.Module.register_full_backward_hook for more details.
{"event": "logical_progress", "step": 1, "train_loss": 5.1808095703125, "clip_fraction": 1.0}
{"event": "logical_progress", "step": 25, "train_loss": 4.223311337890625, "clip_fraction": 1.0}
{"event": "logical_progress", "step": 50, "train_loss": 3.5699146520996092, "clip_fraction": 0.99228}
{"epoch": 1, "logical_steps": 50, "train_examples": 50000, "train_loss": 3.5699146520996092, "test_loss": 2.067857061767578, "test_top1": 0.4529, "clip_fraction": 0.99228, "epsilon": 2.8734263506543494, "delta": 1e-05, "seconds": 342.64303713850677}
{"event": "logical_progress", "step": 75, "train_loss": 2.2047957580566404, "clip_fraction": 0.924}
{"event": "logical_progress", "step": 100, "train_loss": 2.026403038330078, "clip_fraction": 0.8883}
{"epoch": 2, "logical_steps": 100, "train_examples": 50000, "train_loss": 2.026403038330078, "test_loss": 1.223570492553711, "test_top1": 0.6531, "clip_fraction": 0.8883, "epsilon": 4.494876969944211, "delta": 1e-05, "seconds": 681.6350334165618}
{"event": "logical_progress", "step": 125, "train_loss": 1.6665060119628907, "clip_fraction": 0.80008}
{"event": "logical_progress", "step": 150, "train_loss": 1.602158501586914, "clip_fraction": 0.7779}
{"epoch": 3, "logical_steps": 150, "train_examples": 50000, "train_loss": 1.602158501586914, "test_loss": 0.9570878814697266, "test_top1": 0.72, "clip_fraction": 0.7779, "epsilon": 5.807351225535705, "delta": 1e-05, "seconds": 1017.4402039460838}
{"event": "logical_progress", "step": 175, "train_loss": 1.4899206921386718, "clip_fraction": 0.72576}
{"event": "logical_progress", "step": 200, "train_loss": 1.4500688983154297, "clip_fraction": 0.71078}
{"epoch": 4, "logical_steps": 200, "train_examples": 50000, "train_loss": 1.4500688983154297, "test_loss": 0.849576496887207, "test_top1": 0.7469, "clip_fraction": 0.71078, "epsilon": 6.955627916806438, "delta": 1e-05, "seconds": 1354.7307391054928}
{"event": "logical_progress", "step": 225, "train_loss": 1.4053127673339845, "clip_fraction": 0.68036}
{"event": "logical_progress", "step": 250, "train_loss": 1.366355689086914, "clip_fraction": 0.66932}
{"epoch": 5, "logical_steps": 250, "train_examples": 50000, "train_loss": 1.366355689086914, "test_loss": 0.7835770843505859, "test_top1": 0.7658, "clip_fraction": 0.66932, "epsilon": 8.000000000000005, "delta": 1e-05, "seconds": 1691.9600548865274}
{"status": "completed", "result_dir": "/media/data/data/lt/dp-adam-correlated/exp3/results/search/E/e01_kappa_1.25"}
