Loading weights:   0%|          | 0/39 [00:00<?, ?it/s]Loading weights: 100%|██████████| 39/39 [00:00<00:00, 20167.41it/s]
[transformers] [1mBertModel LOAD REPORT[0m from: /media/data/data/lt/dp-adam-correlated/cache/bert-tiny
Key                                        | Status     |  | 
-------------------------------------------+------------+--+-
cls.seq_relationship.weight                | UNEXPECTED |  | 
cls.predictions.bias                       | UNEXPECTED |  | 
cls.predictions.transform.dense.weight     | UNEXPECTED |  | 
cls.predictions.transform.LayerNorm.bias   | UNEXPECTED |  | 
cls.predictions.decoder.bias               | UNEXPECTED |  | 
cls.predictions.transform.LayerNorm.weight | UNEXPECTED |  | 
cls.seq_relationship.bias                  | UNEXPECTED |  | 
cls.predictions.transform.dense.bias       | UNEXPECTED |  | 
cls.predictions.decoder.weight             | UNEXPECTED |  | 

Notes:
- UNEXPECTED:	can be ignored when loading from different task/architecture; not ok if you expect identical arch.
sys:1: UserWarning: Full backward hook is firing when gradients are computed with respect to module outputs since no inputs require gradients. See https://docs.pytorch.org/docs/main/generated/torch.nn.Module.html#torch.nn.Module.register_full_backward_hook for more details.
{"step": 10, "epoch": 1, "step_seconds": 0.26187581941485405, "innovation_std_sum": 25.113722579427673, "noise_marginal_std_sum": 29.33162184778228, "pure_mf_cumulative_momentum_noise_variance": 0.0018077443639561465, "preconditioner_mean": 228.49560546875, "preconditioner_change_relative": 0.0, "denominator_lag_relative": 0.5038787126541138, "block_age": 9}
{"step": 20, "epoch": 1, "step_seconds": 0.26714879274368286, "innovation_std_sum": 25.113722579427673, "noise_marginal_std_sum": 29.33162184778228, "pure_mf_cumulative_momentum_noise_variance": 0.0018440778665447057, "preconditioner_mean": 37.144683837890625, "preconditioner_change_relative": 0.0, "denominator_lag_relative": 0.12569737434387207, "block_age": 9}
{"step": 30, "epoch": 1, "step_seconds": 0.2680547907948494, "innovation_std_sum": 25.113722579427673, "noise_marginal_std_sum": 29.33162184778228, "pure_mf_cumulative_momentum_noise_variance": 0.0018793520737198427, "preconditioner_mean": 35.32978439331055, "preconditioner_change_relative": 0.0, "denominator_lag_relative": 0.07621870189905167, "block_age": 9}
{"step": 40, "epoch": 1, "step_seconds": 0.26715988107025623, "innovation_std_sum": 25.113722579427673, "noise_marginal_std_sum": 29.33162184778228, "pure_mf_cumulative_momentum_noise_variance": 0.0019279276184915666, "preconditioner_mean": 34.802406311035156, "preconditioner_change_relative": 0.0, "denominator_lag_relative": 0.05564462020993233, "block_age": 9}
{"step": 50, "epoch": 1, "step_seconds": 0.2670859545469284, "innovation_std_sum": 25.113722579427673, "noise_marginal_std_sum": 29.33162184778228, "pure_mf_cumulative_momentum_noise_variance": 0.001983901332047514, "preconditioner_mean": 34.485443115234375, "preconditioner_change_relative": 0.0, "denominator_lag_relative": 0.04196768254041672, "block_age": 9}
{"step": 60, "epoch": 1, "step_seconds": 0.26652946695685387, "innovation_std_sum": 25.113722579427673, "noise_marginal_std_sum": 29.33162184778228, "pure_mf_cumulative_momentum_noise_variance": 0.0020433257721094345, "preconditioner_mean": 34.399776458740234, "preconditioner_change_relative": 0.0, "denominator_lag_relative": 0.035467661917209625, "block_age": 9}
{"epoch": 1, "step": 62, "epsilon": 3.054089440266451, "accuracy": 0.557861282482707, "validation_loss": 0.6865550119824712, "validation_examples": 5349}
{"step": 70, "epoch": 2, "step_seconds": 0.26750886999070644, "innovation_std_sum": 25.113722579427673, "noise_marginal_std_sum": 29.33162184778228, "pure_mf_cumulative_momentum_noise_variance": 0.0021042531805044807, "preconditioner_mean": 34.285274505615234, "preconditioner_change_relative": 0.0, "denominator_lag_relative": 0.029653294011950493, "block_age": 9}
{"step": 80, "epoch": 2, "step_seconds": 0.2670973017811775, "innovation_std_sum": 25.113722579427673, "noise_marginal_std_sum": 29.33162184778228, "pure_mf_cumulative_momentum_noise_variance": 0.002165809318444291, "preconditioner_mean": 34.21791458129883, "preconditioner_change_relative": 0.0, "denominator_lag_relative": 0.025592800229787827, "block_age": 9}
{"step": 90, "epoch": 2, "step_seconds": 0.267829779535532, "innovation_std_sum": 25.113722579427673, "noise_marginal_std_sum": 29.33162184778228, "pure_mf_cumulative_momentum_noise_variance": 0.0022276212687494567, "preconditioner_mean": 34.12528991699219, "preconditioner_change_relative": 0.0, "denominator_lag_relative": 0.02264965884387493, "block_age": 9}
{"step": 100, "epoch": 2, "step_seconds": 0.2672331128269434, "innovation_std_sum": 25.113722579427673, "noise_marginal_std_sum": 29.33162184778228, "pure_mf_cumulative_momentum_noise_variance": 0.0022895351920334023, "preconditioner_mean": 34.104000091552734, "preconditioner_change_relative": 0.0, "denominator_lag_relative": 0.020843463018536568, "block_age": 9}
{"step": 110, "epoch": 2, "step_seconds": 0.2675960287451744, "innovation_std_sum": 25.113722579427673, "noise_marginal_std_sum": 29.33162184778228, "pure_mf_cumulative_momentum_noise_variance": 0.0023514891294320263, "preconditioner_mean": 34.070648193359375, "preconditioner_change_relative": 0.0, "denominator_lag_relative": 0.018674170598387718, "block_age": 9}
{"step": 120, "epoch": 2, "step_seconds": 0.2674892321228981, "innovation_std_sum": 25.113722579427673, "noise_marginal_std_sum": 29.33162184778228, "pure_mf_cumulative_momentum_noise_variance": 0.0024134585739487998, "preconditioner_mean": 34.06023025512695, "preconditioner_change_relative": 0.0, "denominator_lag_relative": 0.016953933984041214, "block_age": 9}
{"epoch": 2, "step": 124, "epsilon": 4.610238743691153, "accuracy": 0.557861282482707, "validation_loss": 0.686363632421802, "validation_examples": 5349}
{"step": 130, "epoch": 3, "step_seconds": 0.26765619777143, "innovation_std_sum": 25.113722579427673, "noise_marginal_std_sum": 29.33162184778228, "pure_mf_cumulative_momentum_noise_variance": 0.0024754339677588726, "preconditioner_mean": 34.01661682128906, "preconditioner_change_relative": 0.0, "denominator_lag_relative": 0.015759192407131195, "block_age": 9}
{"step": 140, "epoch": 3, "step_seconds": 0.268146812915802, "innovation_std_sum": 25.113722579427673, "noise_marginal_std_sum": 29.33162184778228, "pure_mf_cumulative_momentum_noise_variance": 0.0025374116250575724, "preconditioner_mean": 34.015289306640625, "preconditioner_change_relative": 0.0, "denominator_lag_relative": 0.01531803235411644, "block_age": 9}
{"step": 150, "epoch": 3, "step_seconds": 0.2682230919599533, "innovation_std_sum": 25.113722579427673, "noise_marginal_std_sum": 29.33162184778228, "pure_mf_cumulative_momentum_noise_variance": 0.00259939013752209, "preconditioner_mean": 33.98793029785156, "preconditioner_change_relative": 0.0, "denominator_lag_relative": 0.01373239140957594, "block_age": 9}
{"step": 160, "epoch": 3, "step_seconds": 0.26831590570509434, "innovation_std_sum": 25.113722579427673, "noise_marginal_std_sum": 29.33162184778228, "pure_mf_cumulative_momentum_noise_variance": 0.0026613689711552247, "preconditioner_mean": 33.99773025512695, "preconditioner_change_relative": 0.0, "denominator_lag_relative": 0.012963998131453991, "block_age": 9}
{"step": 170, "epoch": 3, "step_seconds": 0.2676608543843031, "innovation_std_sum": 25.113722579427673, "noise_marginal_std_sum": 29.33162184778228, "pure_mf_cumulative_momentum_noise_variance": 0.002723347924789336, "preconditioner_mean": 34.00172424316406, "preconditioner_change_relative": 0.0, "denominator_lag_relative": 0.012257762253284454, "block_age": 9}
{"step": 180, "epoch": 3, "step_seconds": 0.26787748001515865, "innovation_std_sum": 25.113722579427673, "noise_marginal_std_sum": 29.33162184778228, "pure_mf_cumulative_momentum_noise_variance": 0.002785326923060352, "preconditioner_mean": 33.99003982543945, "preconditioner_change_relative": 0.0, "denominator_lag_relative": 0.011523619294166565, "block_age": 9}
{"epoch": 3, "step": 186, "epsilon": 5.873890881586911, "accuracy": 0.557861282482707, "validation_loss": 0.687011202421561, "validation_examples": 5349}
{"step": 190, "epoch": 4, "step_seconds": 0.2677792441099882, "innovation_std_sum": 25.113722579427673, "noise_marginal_std_sum": 29.33162184778228, "pure_mf_cumulative_momentum_noise_variance": 0.0028473059378699038, "preconditioner_mean": 33.98831558227539, "preconditioner_change_relative": 0.0, "denominator_lag_relative": 0.011176304891705513, "block_age": 9}
{"step": 200, "epoch": 4, "step_seconds": 0.26822688430547714, "innovation_std_sum": 25.113722579427673, "noise_marginal_std_sum": 29.33162184778228, "pure_mf_cumulative_momentum_noise_variance": 0.0029092849587859116, "preconditioner_mean": 33.98585510253906, "preconditioner_change_relative": 0.0, "denominator_lag_relative": 0.010518208146095276, "block_age": 9}
{"step": 210, "epoch": 4, "step_seconds": 0.2671846002340317, "innovation_std_sum": 25.113722579427673, "noise_marginal_std_sum": 29.33162184778228, "pure_mf_cumulative_momentum_noise_variance": 0.0029712639819496002, "preconditioner_mean": 33.98433303833008, "preconditioner_change_relative": 0.0, "denominator_lag_relative": 0.009960483759641647, "block_age": 9}
{"step": 220, "epoch": 4, "step_seconds": 0.26711231656372547, "innovation_std_sum": 25.113722579427673, "noise_marginal_std_sum": 29.33162184778228, "pure_mf_cumulative_momentum_noise_variance": 0.00303324300593832, "preconditioner_mean": 33.9776725769043, "preconditioner_change_relative": 0.0, "denominator_lag_relative": 0.009502719156444073, "block_age": 9}
{"step": 230, "epoch": 4, "step_seconds": 0.26801315881311893, "innovation_std_sum": 25.113722579427673, "noise_marginal_std_sum": 29.33162184778228, "pure_mf_cumulative_momentum_noise_variance": 0.0030952220302291164, "preconditioner_mean": 33.967323303222656, "preconditioner_change_relative": 0.0, "denominator_lag_relative": 0.008880958892405033, "block_age": 9}
{"step": 240, "epoch": 4, "step_seconds": 0.2676209919154644, "innovation_std_sum": 25.113722579427673, "noise_marginal_std_sum": 29.33162184778228, "pure_mf_cumulative_momentum_noise_variance": 0.0031572010546302622, "preconditioner_mean": 33.969364166259766, "preconditioner_change_relative": 0.0, "denominator_lag_relative": 0.008693894371390343, "block_age": 9}
{"epoch": 4, "step": 248, "epsilon": 6.985551657770655, "accuracy": 0.557861282482707, "validation_loss": 0.687864818847565, "validation_examples": 5349}
{"step": 250, "epoch": 5, "step_seconds": 0.16639247350394726, "innovation_std_sum": 25.113722579427673, "noise_marginal_std_sum": 29.33162184778228, "pure_mf_cumulative_momentum_noise_variance": 0.003219180079071639, "preconditioner_mean": 33.98405838012695, "preconditioner_change_relative": 0.0, "denominator_lag_relative": 0.008344709873199463, "block_age": 9}
{"step": 260, "epoch": 5, "step_seconds": 0.13031296618282795, "innovation_std_sum": 25.113722579427673, "noise_marginal_std_sum": 29.33162184778228, "pure_mf_cumulative_momentum_noise_variance": 0.0032811591035276514, "preconditioner_mean": 33.965065002441406, "preconditioner_change_relative": 0.0, "denominator_lag_relative": 0.00806774664670229, "block_age": 9}
{"step": 270, "epoch": 5, "step_seconds": 0.272387208417058, "innovation_std_sum": 25.113722579427673, "noise_marginal_std_sum": 29.33162184778228, "pure_mf_cumulative_momentum_noise_variance": 0.0033431381279889804, "preconditioner_mean": 33.96778106689453, "preconditioner_change_relative": 0.0, "denominator_lag_relative": 0.008177035488188267, "block_age": 9}
{"step": 280, "epoch": 5, "step_seconds": 0.2678545583039522, "innovation_std_sum": 25.113722579427673, "noise_marginal_std_sum": 29.33162184778228, "pure_mf_cumulative_momentum_noise_variance": 0.0034051171524522375, "preconditioner_mean": 33.971744537353516, "preconditioner_change_relative": 0.0, "denominator_lag_relative": 0.007556190248578787, "block_age": 9}
{"step": 290, "epoch": 5, "step_seconds": 0.27258992195129395, "innovation_std_sum": 25.113722579427673, "noise_marginal_std_sum": 29.33162184778228, "pure_mf_cumulative_momentum_noise_variance": 0.003467096176916193, "preconditioner_mean": 33.987674713134766, "preconditioner_change_relative": 0.0, "denominator_lag_relative": 0.007417202461510897, "block_age": 9}
{"step": 300, "epoch": 5, "step_seconds": 0.26714397594332695, "innovation_std_sum": 25.113722579427673, "noise_marginal_std_sum": 29.33162184778228, "pure_mf_cumulative_momentum_noise_variance": 0.0035290752013804024, "preconditioner_mean": 33.994972229003906, "preconditioner_change_relative": 0.0, "denominator_lag_relative": 0.007037430070340633, "block_age": 9}
{"step": 310, "epoch": 5, "step_seconds": 0.27290057204663754, "innovation_std_sum": 25.113722579427673, "noise_marginal_std_sum": 29.33162184778228, "pure_mf_cumulative_momentum_noise_variance": 0.0035910542258447004, "preconditioner_mean": 33.99749755859375, "preconditioner_change_relative": 0.0, "denominator_lag_relative": 0.006908980198204517, "block_age": 9}
{"epoch": 5, "step": 310, "epsilon": 8.000000000000005, "accuracy": 0.557861282482707, "validation_loss": 0.6869038118115317, "validation_examples": 5349}
