Loading weights:   0%|          | 0/39 [00:00<?, ?it/s]Loading weights: 100%|██████████| 39/39 [00:00<00:00, 15151.71it/s]
[transformers] [1mBertModel LOAD REPORT[0m from: /media/data/data/lt/dp-adam-correlated/cache/bert-tiny
Key                                        | Status     |  | 
-------------------------------------------+------------+--+-
cls.predictions.transform.dense.weight     | UNEXPECTED |  | 
cls.predictions.bias                       | UNEXPECTED |  | 
cls.predictions.decoder.bias               | UNEXPECTED |  | 
cls.predictions.transform.LayerNorm.bias   | UNEXPECTED |  | 
cls.predictions.decoder.weight             | UNEXPECTED |  | 
cls.predictions.transform.dense.bias       | UNEXPECTED |  | 
cls.predictions.transform.LayerNorm.weight | UNEXPECTED |  | 
cls.seq_relationship.weight                | UNEXPECTED |  | 
cls.seq_relationship.bias                  | UNEXPECTED |  | 

Notes:
- UNEXPECTED:	can be ignored when loading from different task/architecture; not ok if you expect identical arch.
sys:1: UserWarning: Full backward hook is firing when gradients are computed with respect to module outputs since no inputs require gradients. See https://docs.pytorch.org/docs/main/generated/torch.nn.Module.html#torch.nn.Module.register_full_backward_hook for more details.
{"step": 10, "epoch": 1, "train_loss": 1.120556396484375, "clip_fraction": 0.778, "gradient_norm_mean": 1942.362, "gradient_norm_max": 6627.77978515625, "step_seconds": 0.26786993257701397, "innovation_std_sum": 341.90962901649914, "noise_marginal_std_sum": 385.2414684355806}
{"step": 20, "epoch": 1, "train_loss": 0.8936072387695313, "clip_fraction": 0.691, "gradient_norm_mean": 4456.638, "gradient_norm_max": 27003.35546875, "step_seconds": 0.26751313731074333, "innovation_std_sum": 341.90962901649914, "noise_marginal_std_sum": 385.2414684355806}
{"step": 30, "epoch": 1, "train_loss": 0.943036376953125, "clip_fraction": 0.49, "gradient_norm_mean": 6141.7255, "gradient_norm_max": 51793.34375, "step_seconds": 0.268739627674222, "innovation_std_sum": 341.90962901649914, "noise_marginal_std_sum": 385.2414684355806}
{"step": 40, "epoch": 1, "train_loss": 0.9841919555664063, "clip_fraction": 0.486, "gradient_norm_mean": 6320.235, "gradient_norm_max": 55510.9921875, "step_seconds": 0.26636409014463425, "innovation_std_sum": 341.90962901649914, "noise_marginal_std_sum": 385.2414684355806}
{"step": 50, "epoch": 1, "train_loss": 0.7948226318359375, "clip_fraction": 0.441, "gradient_norm_mean": 5272.3535, "gradient_norm_max": 48992.8671875, "step_seconds": 0.2689519543200731, "innovation_std_sum": 341.90962901649914, "noise_marginal_std_sum": 385.2414684355806}
{"step": 60, "epoch": 1, "train_loss": 0.7979609375, "clip_fraction": 0.432, "gradient_norm_mean": 5095.0015, "gradient_norm_max": 53108.796875, "step_seconds": 0.2650232817977667, "innovation_std_sum": 341.90962901649914, "noise_marginal_std_sum": 385.2414684355806}
{"epoch": 1, "step": 62, "train_loss": 0.9234838502945438, "clip_fraction": 0.5573225806451613, "epsilon": 3.1232923300753557, "accuracy": 0.7943540848756777, "validation_loss": 0.8063879913427068, "validation_examples": 5349}
{"step": 70, "epoch": 2, "train_loss": 0.77397802734375, "clip_fraction": 0.395, "gradient_norm_mean": 4632.285, "gradient_norm_max": 69251.9296875, "step_seconds": 0.26965623535215855, "innovation_std_sum": 341.90962901649914, "noise_marginal_std_sum": 385.2414684355806}
{"step": 80, "epoch": 2, "train_loss": 0.773358154296875, "clip_fraction": 0.378, "gradient_norm_mean": 4487.4875, "gradient_norm_max": 76390.0859375, "step_seconds": 0.271188884973526, "innovation_std_sum": 341.90962901649914, "noise_marginal_std_sum": 385.2414684355806}
{"step": 90, "epoch": 2, "train_loss": 0.7814583740234375, "clip_fraction": 0.326, "gradient_norm_mean": 3890.64925, "gradient_norm_max": 68337.921875, "step_seconds": 0.2649470642209053, "innovation_std_sum": 341.90962901649914, "noise_marginal_std_sum": 385.2414684355806}
{"step": 100, "epoch": 2, "train_loss": 0.7952057495117187, "clip_fraction": 0.326, "gradient_norm_mean": 4450.6715, "gradient_norm_max": 102533.875, "step_seconds": 0.26235615089535713, "innovation_std_sum": 341.90962901649914, "noise_marginal_std_sum": 385.2414684355806}
{"step": 110, "epoch": 2, "train_loss": 0.647756591796875, "clip_fraction": 0.298, "gradient_norm_mean": 3779.6845, "gradient_norm_max": 83380.9453125, "step_seconds": 0.12305705808103085, "innovation_std_sum": 341.90962901649914, "noise_marginal_std_sum": 385.2414684355806}
{"step": 120, "epoch": 2, "train_loss": 0.6501009521484375, "clip_fraction": 0.298, "gradient_norm_mean": 3540.5735, "gradient_norm_max": 62520.8515625, "step_seconds": 0.2668353021144867, "innovation_std_sum": 341.90962901649914, "noise_marginal_std_sum": 385.2414684355806}
{"epoch": 2, "step": 124, "train_loss": 0.7441713985320061, "clip_fraction": 0.34680645161290324, "epsilon": 4.65092091490115, "accuracy": 0.8093101514301738, "validation_loss": 0.768980975105598, "validation_examples": 5349}
{"step": 130, "epoch": 3, "train_loss": 0.7832317504882812, "clip_fraction": 0.315, "gradient_norm_mean": 4904.503, "gradient_norm_max": 90529.21875, "step_seconds": 0.263967577368021, "innovation_std_sum": 341.90962901649914, "noise_marginal_std_sum": 385.2414684355806}
{"step": 140, "epoch": 3, "train_loss": 0.6633431396484375, "clip_fraction": 0.302, "gradient_norm_mean": 4679.356, "gradient_norm_max": 161710.984375, "step_seconds": 0.2686818800866604, "innovation_std_sum": 341.90962901649914, "noise_marginal_std_sum": 385.2414684355806}
{"step": 150, "epoch": 3, "train_loss": 0.73521484375, "clip_fraction": 0.313, "gradient_norm_mean": 4444.37, "gradient_norm_max": 91401.5703125, "step_seconds": 0.2641596309840679, "innovation_std_sum": 341.90962901649914, "noise_marginal_std_sum": 385.2414684355806}
{"step": 160, "epoch": 3, "train_loss": 0.782322021484375, "clip_fraction": 0.309, "gradient_norm_mean": 4266.459, "gradient_norm_max": 97598.953125, "step_seconds": 0.26623753271996975, "innovation_std_sum": 341.90962901649914, "noise_marginal_std_sum": 385.2414684355806}
{"step": 170, "epoch": 3, "train_loss": 0.754616943359375, "clip_fraction": 0.306, "gradient_norm_mean": 4337.8865, "gradient_norm_max": 82889.6015625, "step_seconds": 0.2671180125325918, "innovation_std_sum": 341.90962901649914, "noise_marginal_std_sum": 385.2414684355806}
{"step": 180, "epoch": 3, "train_loss": 0.771463623046875, "clip_fraction": 0.29, "gradient_norm_mean": 4306.5795, "gradient_norm_max": 152368.765625, "step_seconds": 0.2682619374245405, "innovation_std_sum": 341.90962901649914, "noise_marginal_std_sum": 385.2414684355806}
{"epoch": 3, "step": 186, "train_loss": 0.6940317924253402, "clip_fraction": 0.29585483870967744, "epsilon": 5.8971720333737725, "accuracy": 0.8225836604972893, "validation_loss": 0.7544893081844756, "validation_examples": 5349}
{"step": 190, "epoch": 4, "train_loss": 0.6072113647460937, "clip_fraction": 0.259, "gradient_norm_mean": 3725.316, "gradient_norm_max": 83962.328125, "step_seconds": 0.26678296364843845, "innovation_std_sum": 341.90962901649914, "noise_marginal_std_sum": 385.2414684355806}
{"step": 200, "epoch": 4, "train_loss": 0.7305831298828125, "clip_fraction": 0.298, "gradient_norm_mean": 3909.435, "gradient_norm_max": 98904.75, "step_seconds": 0.2643406055867672, "innovation_std_sum": 341.90962901649914, "noise_marginal_std_sum": 385.2414684355806}
{"step": 210, "epoch": 4, "train_loss": 0.660510009765625, "clip_fraction": 0.275, "gradient_norm_mean": 3455.3865, "gradient_norm_max": 97300.34375, "step_seconds": 0.2666869405657053, "innovation_std_sum": 341.90962901649914, "noise_marginal_std_sum": 385.2414684355806}
{"step": 220, "epoch": 4, "train_loss": 0.6460220336914062, "clip_fraction": 0.267, "gradient_norm_mean": 4074.134, "gradient_norm_max": 104676.1171875, "step_seconds": 0.26442338339984417, "innovation_std_sum": 341.90962901649914, "noise_marginal_std_sum": 385.2414684355806}
{"step": 230, "epoch": 4, "train_loss": 0.6529342651367187, "clip_fraction": 0.28, "gradient_norm_mean": 4454.3065, "gradient_norm_max": 151579.515625, "step_seconds": 0.2682169694453478, "innovation_std_sum": 341.90962901649914, "noise_marginal_std_sum": 385.2414684355806}
{"step": 240, "epoch": 4, "train_loss": 0.6873382568359375, "clip_fraction": 0.279, "gradient_norm_mean": 3429.18525, "gradient_norm_max": 71319.6640625, "step_seconds": 0.2659334782510996, "innovation_std_sum": 341.90962901649914, "noise_marginal_std_sum": 385.2414684355806}
{"epoch": 4, "step": 248, "train_loss": 0.6702638618715347, "clip_fraction": 0.27038709677419354, "epsilon": 6.99603312968092, "accuracy": 0.8220228080014956, "validation_loss": 0.7873807334079768, "validation_examples": 5349}
{"step": 250, "epoch": 5, "train_loss": 0.683021484375, "clip_fraction": 0.259, "gradient_norm_mean": 3713.2345, "gradient_norm_max": 130044.328125, "step_seconds": 0.26875029131770134, "innovation_std_sum": 341.90962901649914, "noise_marginal_std_sum": 385.2414684355806}
{"step": 260, "epoch": 5, "train_loss": 0.6848280029296875, "clip_fraction": 0.27, "gradient_norm_mean": 3220.139, "gradient_norm_max": 108774.7890625, "step_seconds": 0.2711771968752146, "innovation_std_sum": 341.90962901649914, "noise_marginal_std_sum": 385.2414684355806}
{"step": 270, "epoch": 5, "train_loss": 0.6724789428710938, "clip_fraction": 0.248, "gradient_norm_mean": 3483.5745, "gradient_norm_max": 77497.640625, "step_seconds": 0.2705191634595394, "innovation_std_sum": 341.90962901649914, "noise_marginal_std_sum": 385.2414684355806}
{"step": 280, "epoch": 5, "train_loss": 0.62209130859375, "clip_fraction": 0.269, "gradient_norm_mean": 3566.9755, "gradient_norm_max": 112375.3515625, "step_seconds": 0.27328346855938435, "innovation_std_sum": 341.90962901649914, "noise_marginal_std_sum": 385.2414684355806}
{"step": 290, "epoch": 5, "train_loss": 0.6479661865234375, "clip_fraction": 0.248, "gradient_norm_mean": 3556.17575, "gradient_norm_max": 102264.796875, "step_seconds": 0.2692787814885378, "innovation_std_sum": 341.90962901649914, "noise_marginal_std_sum": 385.2414684355806}
{"step": 300, "epoch": 5, "train_loss": 0.600544189453125, "clip_fraction": 0.241, "gradient_norm_mean": 4057.288, "gradient_norm_max": 102873.6875, "step_seconds": 0.27034782245755196, "innovation_std_sum": 341.90962901649914, "noise_marginal_std_sum": 385.2414684355806}
{"step": 310, "epoch": 5, "train_loss": 0.716650146484375, "clip_fraction": 0.258, "gradient_norm_mean": 3872.49225, "gradient_norm_max": 102014.3515625, "step_seconds": 0.27141470462083817, "innovation_std_sum": 341.90962901649914, "noise_marginal_std_sum": 385.2414684355806}
{"epoch": 5, "step": 310, "train_loss": 0.6669738070580267, "clip_fraction": 0.2580806451612903, "epsilon": 8.000000000000005, "accuracy": 0.8274443821275005, "validation_loss": 0.7473633973525827, "validation_examples": 5349}
