Loading weights:   0%|          | 0/39 [00:00<?, ?it/s]Loading weights: 100%|██████████| 39/39 [00:00<00:00, 19201.53it/s]
[transformers] [1mBertModel LOAD REPORT[0m from: /media/data/data/lt/dp-adam-correlated/cache/bert-tiny
Key                                        | Status     |  | 
-------------------------------------------+------------+--+-
cls.predictions.transform.dense.weight     | UNEXPECTED |  | 
cls.seq_relationship.weight                | UNEXPECTED |  | 
cls.predictions.bias                       | UNEXPECTED |  | 
cls.predictions.transform.LayerNorm.bias   | UNEXPECTED |  | 
cls.predictions.transform.dense.bias       | UNEXPECTED |  | 
cls.predictions.decoder.weight             | UNEXPECTED |  | 
cls.predictions.decoder.bias               | UNEXPECTED |  | 
cls.predictions.transform.LayerNorm.weight | UNEXPECTED |  | 
cls.seq_relationship.bias                  | UNEXPECTED |  | 

Notes:
- UNEXPECTED:	can be ignored when loading from different task/architecture; not ok if you expect identical arch.
sys:1: UserWarning: Full backward hook is firing when gradients are computed with respect to module outputs since no inputs require gradients. See https://docs.pytorch.org/docs/main/generated/torch.nn.Module.html#torch.nn.Module.register_full_backward_hook for more details.
{"step": 10, "epoch": 1, "train_loss": 0.7059931640625, "clip_fraction": 0.352, "gradient_norm_mean": 7.79612060546875, "gradient_norm_max": 14.707377433776855, "step_seconds": 0.2613651044666767, "innovation_std_sum": 45.72045876410015, "noise_marginal_std_sum": 63.06280027905789}
{"step": 20, "epoch": 1, "train_loss": 0.653246337890625, "clip_fraction": 0.499, "gradient_norm_mean": 9.94492578125, "gradient_norm_max": 22.334392547607422, "step_seconds": 0.26812002807855606, "innovation_std_sum": 45.72045876410015, "noise_marginal_std_sum": 63.06280027905789}
{"step": 30, "epoch": 1, "train_loss": 0.599620849609375, "clip_fraction": 0.714, "gradient_norm_mean": 14.4988984375, "gradient_norm_max": 32.40724182128906, "step_seconds": 0.2674314435571432, "innovation_std_sum": 45.72045876410015, "noise_marginal_std_sum": 63.06280027905789}
{"step": 40, "epoch": 1, "train_loss": 0.61070556640625, "clip_fraction": 0.712, "gradient_norm_mean": 20.12543359375, "gradient_norm_max": 61.25212097167969, "step_seconds": 0.26786403357982635, "innovation_std_sum": 45.72045876410015, "noise_marginal_std_sum": 63.06280027905789}
{"step": 50, "epoch": 1, "train_loss": 0.6024302978515625, "clip_fraction": 0.649, "gradient_norm_mean": 26.430482421875, "gradient_norm_max": 119.21421813964844, "step_seconds": 0.2697403021156788, "innovation_std_sum": 45.72045876410015, "noise_marginal_std_sum": 63.06280027905789}
{"step": 60, "epoch": 1, "train_loss": 0.6167310791015626, "clip_fraction": 0.598, "gradient_norm_mean": 30.9555, "gradient_norm_max": 187.21546936035156, "step_seconds": 0.17308729887008667, "innovation_std_sum": 45.72045876410015, "noise_marginal_std_sum": 63.06280027905789}
{"epoch": 1, "step": 62, "train_loss": 0.6297224613312752, "clip_fraction": 0.48798387096774193, "epsilon": 2.983473211150575, "accuracy": 0.7406991961114227, "validation_loss": 0.6075382685523141, "validation_examples": 5349}
{"step": 70, "epoch": 2, "train_loss": 0.6417738647460938, "clip_fraction": 0.536, "gradient_norm_mean": 34.80009375, "gradient_norm_max": 193.17138671875, "step_seconds": 0.26965710893273354, "innovation_std_sum": 45.72045876410015, "noise_marginal_std_sum": 63.06280027905789}
{"step": 80, "epoch": 2, "train_loss": 0.6486005859375, "clip_fraction": 0.513, "gradient_norm_mean": 37.9356953125, "gradient_norm_max": 287.4583740234375, "step_seconds": 0.2682807631790638, "innovation_std_sum": 45.72045876410015, "noise_marginal_std_sum": 63.06280027905789}
{"step": 90, "epoch": 2, "train_loss": 0.651461181640625, "clip_fraction": 0.463, "gradient_norm_mean": 37.2232890625, "gradient_norm_max": 249.2655487060547, "step_seconds": 0.26950738951563835, "innovation_std_sum": 45.72045876410015, "noise_marginal_std_sum": 63.06280027905789}
{"step": 100, "epoch": 2, "train_loss": 0.658636474609375, "clip_fraction": 0.45, "gradient_norm_mean": 39.0315703125, "gradient_norm_max": 304.8413391113281, "step_seconds": 0.26881822384893894, "innovation_std_sum": 45.72045876410015, "noise_marginal_std_sum": 63.06280027905789}
{"step": 110, "epoch": 2, "train_loss": 0.620375244140625, "clip_fraction": 0.431, "gradient_norm_mean": 37.4577578125, "gradient_norm_max": 287.32489013671875, "step_seconds": 0.27361588180065155, "innovation_std_sum": 45.72045876410015, "noise_marginal_std_sum": 63.06280027905789}
{"step": 120, "epoch": 2, "train_loss": 0.5752489624023438, "clip_fraction": 0.432, "gradient_norm_mean": 37.3302734375, "gradient_norm_max": 334.5445861816406, "step_seconds": 0.18026801943778992, "innovation_std_sum": 45.72045876410015, "noise_marginal_std_sum": 63.06280027905789}
{"epoch": 2, "step": 124, "train_loss": 0.633442156391759, "clip_fraction": 0.48169354838709677, "epsilon": 4.566965972959099, "accuracy": 0.7749111983548327, "validation_loss": 0.6577528338272742, "validation_examples": 5349}
{"step": 130, "epoch": 3, "train_loss": 0.6004313354492188, "clip_fraction": 0.428, "gradient_norm_mean": 38.15769921875, "gradient_norm_max": 313.6651916503906, "step_seconds": 0.2718328442424536, "innovation_std_sum": 45.72045876410015, "noise_marginal_std_sum": 63.06280027905789}
{"step": 140, "epoch": 3, "train_loss": 0.6293397827148437, "clip_fraction": 0.429, "gradient_norm_mean": 43.0627265625, "gradient_norm_max": 392.93853759765625, "step_seconds": 0.2722837124019861, "innovation_std_sum": 45.72045876410015, "noise_marginal_std_sum": 63.06280027905789}
{"step": 150, "epoch": 3, "train_loss": 0.66271044921875, "clip_fraction": 0.418, "gradient_norm_mean": 39.3036328125, "gradient_norm_max": 317.8420104980469, "step_seconds": 0.2688022218644619, "innovation_std_sum": 45.72045876410015, "noise_marginal_std_sum": 63.06280027905789}
{"step": 160, "epoch": 3, "train_loss": 0.6534577026367188, "clip_fraction": 0.419, "gradient_norm_mean": 39.6117265625, "gradient_norm_max": 374.73779296875, "step_seconds": 0.26926329359412193, "innovation_std_sum": 45.72045876410015, "noise_marginal_std_sum": 63.06280027905789}
{"step": 170, "epoch": 3, "train_loss": 0.6232728881835937, "clip_fraction": 0.407, "gradient_norm_mean": 39.204203125, "gradient_norm_max": 334.468017578125, "step_seconds": 0.2709770482033491, "innovation_std_sum": 45.72045876410015, "noise_marginal_std_sum": 63.06280027905789}
{"step": 180, "epoch": 3, "train_loss": 0.630448486328125, "clip_fraction": 0.398, "gradient_norm_mean": 39.406859375, "gradient_norm_max": 373.76983642578125, "step_seconds": 0.18348800390958786, "innovation_std_sum": 45.72045876410015, "noise_marginal_std_sum": 63.06280027905789}
{"epoch": 3, "step": 186, "train_loss": 0.6137008258450416, "clip_fraction": 0.4115967741935484, "epsilon": 5.849088165717443, "accuracy": 0.7954757898672649, "validation_loss": 0.6059185255574476, "validation_examples": 5349}
{"step": 190, "epoch": 4, "train_loss": 0.5156471557617187, "clip_fraction": 0.401, "gradient_norm_mean": 39.5050390625, "gradient_norm_max": 348.0149841308594, "step_seconds": 0.27385080605745316, "innovation_std_sum": 45.72045876410015, "noise_marginal_std_sum": 63.06280027905789}
{"step": 200, "epoch": 4, "train_loss": 0.611612548828125, "clip_fraction": 0.403, "gradient_norm_mean": 41.34698046875, "gradient_norm_max": 380.248291015625, "step_seconds": 0.26981315203011036, "innovation_std_sum": 45.72045876410015, "noise_marginal_std_sum": 63.06280027905789}
{"step": 210, "epoch": 4, "train_loss": 0.616483154296875, "clip_fraction": 0.39, "gradient_norm_mean": 40.68185546875, "gradient_norm_max": 361.2771911621094, "step_seconds": 0.27135484106838703, "innovation_std_sum": 45.72045876410015, "noise_marginal_std_sum": 63.06280027905789}
{"step": 220, "epoch": 4, "train_loss": 0.5772086181640625, "clip_fraction": 0.368, "gradient_norm_mean": 35.0866328125, "gradient_norm_max": 354.8311767578125, "step_seconds": 0.27358573116362095, "innovation_std_sum": 45.72045876410015, "noise_marginal_std_sum": 63.06280027905789}
{"step": 230, "epoch": 4, "train_loss": 0.5770628662109375, "clip_fraction": 0.381, "gradient_norm_mean": 38.61194921875, "gradient_norm_max": 395.0696716308594, "step_seconds": 0.2742451783269644, "innovation_std_sum": 45.72045876410015, "noise_marginal_std_sum": 63.06280027905789}
{"step": 240, "epoch": 4, "train_loss": 0.588237548828125, "clip_fraction": 0.374, "gradient_norm_mean": 40.39428125, "gradient_norm_max": 476.4104309082031, "step_seconds": 0.1788150817155838, "innovation_std_sum": 45.72045876410015, "noise_marginal_std_sum": 63.06280027905789}
{"epoch": 4, "step": 248, "train_loss": 0.5792960106634325, "clip_fraction": 0.37266129032258066, "epsilon": 6.974398475295221, "accuracy": 0.8016451673209946, "validation_loss": 0.5945213968273768, "validation_examples": 5349}
{"step": 250, "epoch": 5, "train_loss": 0.6052027587890625, "clip_fraction": 0.34, "gradient_norm_mean": 36.145390625, "gradient_norm_max": 375.7008056640625, "step_seconds": 0.2666389122605324, "innovation_std_sum": 45.72045876410015, "noise_marginal_std_sum": 63.06280027905789}
{"step": 260, "epoch": 5, "train_loss": 0.5693714599609375, "clip_fraction": 0.334, "gradient_norm_mean": 37.3919140625, "gradient_norm_max": 471.22491455078125, "step_seconds": 0.1325802057981491, "innovation_std_sum": 45.72045876410015, "noise_marginal_std_sum": 63.06280027905789}
{"step": 270, "epoch": 5, "train_loss": 0.5491893310546875, "clip_fraction": 0.342, "gradient_norm_mean": 34.9864296875, "gradient_norm_max": 398.4863586425781, "step_seconds": 0.2747241295874119, "innovation_std_sum": 45.72045876410015, "noise_marginal_std_sum": 63.06280027905789}
{"step": 280, "epoch": 5, "train_loss": 0.5345338134765625, "clip_fraction": 0.352, "gradient_norm_mean": 36.31521875, "gradient_norm_max": 504.87542724609375, "step_seconds": 0.27156039513647556, "innovation_std_sum": 45.72045876410015, "noise_marginal_std_sum": 63.06280027905789}
{"step": 290, "epoch": 5, "train_loss": 0.5207364501953125, "clip_fraction": 0.322, "gradient_norm_mean": 33.0969453125, "gradient_norm_max": 425.1893310546875, "step_seconds": 0.27091654017567635, "innovation_std_sum": 45.72045876410015, "noise_marginal_std_sum": 63.06280027905789}
{"step": 300, "epoch": 5, "train_loss": 0.5190703125, "clip_fraction": 0.323, "gradient_norm_mean": 33.7012265625, "gradient_norm_max": 458.48822021484375, "step_seconds": 0.2713433187454939, "innovation_std_sum": 45.72045876410015, "noise_marginal_std_sum": 63.06280027905789}
{"step": 310, "epoch": 5, "train_loss": 0.5790941772460938, "clip_fraction": 0.338, "gradient_norm_mean": 34.06446875, "gradient_norm_max": 505.4737548828125, "step_seconds": 0.12788328900933266, "innovation_std_sum": 45.72045876410015, "noise_marginal_std_sum": 63.06280027905789}
{"epoch": 5, "step": 310, "train_loss": 0.5536032316146359, "clip_fraction": 0.34116129032258063, "epsilon": 8.000000000000005, "accuracy": 0.8104318564217611, "validation_loss": 0.5529174733371417, "validation_examples": 5349}
