/home/longt29/miniconda3/envs/curve/lib/python3.11/site-packages/torchvision/datasets/cifar.py:83: VisibleDeprecationWarning: dtype(): align should be passed as Python or NumPy boolean but got `align=0`. Did you mean to pass a tuple to create a subarray type? (Deprecated NumPy 2.4)
  entry = pickle.load(f, encoding="latin1")
sys:1: UserWarning: Full backward hook is firing when gradients are computed with respect to module outputs since no inputs require gradients. See https://docs.pytorch.org/docs/main/generated/torch.nn.Module.html#torch.nn.Module.register_full_backward_hook for more details.
{"step": 10, "epoch": 1, "train_loss": 4.254546997070313, "clip_fraction": 1.0, "gradient_norm_mean": 745.193640625, "gradient_norm_max": 1539.25, "step_seconds": 1.9551096130162477, "innovation_std_sum": 488.0592381372001, "noise_marginal_std_sum": 570.6022822686002}
{"step": 20, "epoch": 1, "train_loss": 3.583430725097656, "clip_fraction": 1.0, "gradient_norm_mean": 925.2140625, "gradient_norm_max": 2143.809814453125, "step_seconds": 1.9409461580216885, "innovation_std_sum": 488.0592381372001, "noise_marginal_std_sum": 570.6022822686002}
{"step": 30, "epoch": 1, "train_loss": 3.0521912231445314, "clip_fraction": 0.996, "gradient_norm_mean": 1040.2280625, "gradient_norm_max": 2846.217041015625, "step_seconds": 1.9780116491019726, "innovation_std_sum": 488.0592381372001, "noise_marginal_std_sum": 570.6022822686002}
{"step": 40, "epoch": 1, "train_loss": 2.648454772949219, "clip_fraction": 0.995, "gradient_norm_mean": 1066.1450625, "gradient_norm_max": 3915.6865234375, "step_seconds": 1.980557607486844, "innovation_std_sum": 488.0592381372001, "noise_marginal_std_sum": 570.6022822686002}
{"step": 50, "epoch": 1, "train_loss": 2.3131982421875, "clip_fraction": 0.971, "gradient_norm_mean": 1042.192921875, "gradient_norm_max": 4408.1806640625, "step_seconds": 1.9571165554225445, "innovation_std_sum": 488.0592381372001, "noise_marginal_std_sum": 570.6022822686002}
{"epoch": 1, "step": 50, "train_loss": 3.39113294921875, "clip_fraction": 0.99416, "epsilon": 3.037976902428691, "accuracy": 0.5036, "validation_loss": 1.8929961669921875, "validation_examples": 10000}
{"step": 60, "epoch": 2, "train_loss": 2.076488739013672, "clip_fraction": 0.943, "gradient_norm_mean": 1026.16596875, "gradient_norm_max": 5400.52587890625, "step_seconds": 1.9707786440849304, "innovation_std_sum": 488.0592381372001, "noise_marginal_std_sum": 570.6022822686002}
{"step": 70, "epoch": 2, "train_loss": 1.9005734252929687, "clip_fraction": 0.901, "gradient_norm_mean": 1055.417734375, "gradient_norm_max": 4469.55126953125, "step_seconds": 2.00762521289289, "innovation_std_sum": 488.0592381372001, "noise_marginal_std_sum": 570.6022822686002}
{"step": 80, "epoch": 2, "train_loss": 1.8004968872070313, "clip_fraction": 0.874, "gradient_norm_mean": 1016.397546875, "gradient_norm_max": 6485.5087890625, "step_seconds": 1.9674142692238092, "innovation_std_sum": 488.0592381372001, "noise_marginal_std_sum": 570.6022822686002}
{"step": 90, "epoch": 2, "train_loss": 1.7670794067382813, "clip_fraction": 0.853, "gradient_norm_mean": 1046.65546875, "gradient_norm_max": 8028.4462890625, "step_seconds": 1.9776968825608492, "innovation_std_sum": 488.0592381372001, "noise_marginal_std_sum": 570.6022822686002}
{"step": 100, "epoch": 2, "train_loss": 1.6495433959960937, "clip_fraction": 0.825, "gradient_norm_mean": 1015.148609375, "gradient_norm_max": 6517.2265625, "step_seconds": 1.9632702693343163, "innovation_std_sum": 488.0592381372001, "noise_marginal_std_sum": 570.6022822686002}
{"epoch": 2, "step": 100, "train_loss": 1.8839412396240234, "clip_fraction": 0.89272, "epsilon": 4.600416946348178, "accuracy": 0.6722, "validation_loss": 1.1588680694580078, "validation_examples": 10000}
{"step": 110, "epoch": 3, "train_loss": 1.5775377502441406, "clip_fraction": 0.79, "gradient_norm_mean": 973.219359375, "gradient_norm_max": 4811.64208984375, "step_seconds": 1.9331012219190598, "innovation_std_sum": 488.0592381372001, "noise_marginal_std_sum": 570.6022822686002}
{"step": 120, "epoch": 3, "train_loss": 1.5158417053222657, "clip_fraction": 0.772, "gradient_norm_mean": 994.206390625, "gradient_norm_max": 5086.1923828125, "step_seconds": 1.9805821906775236, "innovation_std_sum": 488.0592381372001, "noise_marginal_std_sum": 570.6022822686002}
{"step": 130, "epoch": 3, "train_loss": 1.442776397705078, "clip_fraction": 0.773, "gradient_norm_mean": 974.509421875, "gradient_norm_max": 5822.3251953125, "step_seconds": 1.9572423938661814, "innovation_std_sum": 488.0592381372001, "noise_marginal_std_sum": 570.6022822686002}
{"step": 140, "epoch": 3, "train_loss": 1.4894823608398438, "clip_fraction": 0.778, "gradient_norm_mean": 1017.400359375, "gradient_norm_max": 5429.31396484375, "step_seconds": 1.9734039213508368, "innovation_std_sum": 488.0592381372001, "noise_marginal_std_sum": 570.6022822686002}
{"step": 150, "epoch": 3, "train_loss": 1.41600390625, "clip_fraction": 0.74, "gradient_norm_mean": 1000.62309375, "gradient_norm_max": 7353.5888671875, "step_seconds": 1.9674428012222052, "innovation_std_sum": 488.0592381372001, "noise_marginal_std_sum": 570.6022822686002}
{"epoch": 3, "step": 150, "train_loss": 1.5262547393798829, "clip_fraction": 0.7793, "epsilon": 5.868262919898993, "accuracy": 0.7324, "validation_loss": 0.9254206771850586, "validation_examples": 10000}
{"step": 160, "epoch": 4, "train_loss": 1.4275101013183593, "clip_fraction": 0.744, "gradient_norm_mean": 1018.551265625, "gradient_norm_max": 6552.2861328125, "step_seconds": 1.9773741103708744, "innovation_std_sum": 488.0592381372001, "noise_marginal_std_sum": 570.6022822686002}
{"step": 170, "epoch": 4, "train_loss": 1.3684436645507811, "clip_fraction": 0.743, "gradient_norm_mean": 987.069203125, "gradient_norm_max": 8497.60546875, "step_seconds": 1.957050273194909, "innovation_std_sum": 488.0592381372001, "noise_marginal_std_sum": 570.6022822686002}
{"step": 180, "epoch": 4, "train_loss": 1.3710466613769532, "clip_fraction": 0.696, "gradient_norm_mean": 956.5980625, "gradient_norm_max": 6708.08984375, "step_seconds": 1.9572331607341766, "innovation_std_sum": 488.0592381372001, "noise_marginal_std_sum": 570.6022822686002}
{"step": 190, "epoch": 4, "train_loss": 1.3754422302246094, "clip_fraction": 0.703, "gradient_norm_mean": 974.948953125, "gradient_norm_max": 7084.4775390625, "step_seconds": 1.958825945854187, "innovation_std_sum": 488.0592381372001, "noise_marginal_std_sum": 570.6022822686002}
{"step": 200, "epoch": 4, "train_loss": 1.2382114562988282, "clip_fraction": 0.699, "gradient_norm_mean": 949.008828125, "gradient_norm_max": 5561.56689453125, "step_seconds": 1.9605533443391323, "innovation_std_sum": 488.0592381372001, "noise_marginal_std_sum": 570.6022822686002}
{"epoch": 4, "step": 200, "train_loss": 1.3665385321044923, "clip_fraction": 0.70994, "epsilon": 6.983019766523851, "accuracy": 0.7617, "validation_loss": 0.8195698318481446, "validation_examples": 10000}
{"step": 210, "epoch": 5, "train_loss": 1.3583714599609376, "clip_fraction": 0.675, "gradient_norm_mean": 991.72315625, "gradient_norm_max": 5236.44677734375, "step_seconds": 1.944394763559103, "innovation_std_sum": 488.0592381372001, "noise_marginal_std_sum": 570.6022822686002}
{"step": 220, "epoch": 5, "train_loss": 1.2850413208007812, "clip_fraction": 0.68, "gradient_norm_mean": 1020.750015625, "gradient_norm_max": 6919.7734375, "step_seconds": 1.9568718615919352, "innovation_std_sum": 488.0592381372001, "noise_marginal_std_sum": 570.6022822686002}
{"step": 230, "epoch": 5, "train_loss": 1.3258702697753906, "clip_fraction": 0.663, "gradient_norm_mean": 978.6180625, "gradient_norm_max": 6283.591796875, "step_seconds": 1.959158930927515, "innovation_std_sum": 488.0592381372001, "noise_marginal_std_sum": 570.6022822686002}
{"step": 240, "epoch": 5, "train_loss": 1.3570899658203126, "clip_fraction": 0.679, "gradient_norm_mean": 1023.5764375, "gradient_norm_max": 7348.919921875, "step_seconds": 1.9676702879369259, "innovation_std_sum": 488.0592381372001, "noise_marginal_std_sum": 570.6022822686002}
{"step": 250, "epoch": 5, "train_loss": 1.207063720703125, "clip_fraction": 0.667, "gradient_norm_mean": 955.332078125, "gradient_norm_max": 7129.75390625, "step_seconds": 1.9571802243590355, "innovation_std_sum": 488.0592381372001, "noise_marginal_std_sum": 570.6022822686002}
{"epoch": 5, "step": 250, "train_loss": 1.292690606994629, "clip_fraction": 0.66616, "epsilon": 8.000000000000005, "accuracy": 0.7769, "validation_loss": 0.7630581954956055, "validation_examples": 10000}
