Loading weights:   0%|          | 0/39 [00:00<?, ?it/s]Loading weights: 100%|██████████| 39/39 [00:00<00:00, 28024.30it/s]
[transformers] [1mBertModel LOAD REPORT[0m from: /media/data/data/lt/dp-adam-correlated/cache/bert-tiny
Key                                        | Status     |  | 
-------------------------------------------+------------+--+-
cls.seq_relationship.bias                  | UNEXPECTED |  | 
cls.seq_relationship.weight                | UNEXPECTED |  | 
cls.predictions.decoder.weight             | UNEXPECTED |  | 
cls.predictions.decoder.bias               | UNEXPECTED |  | 
cls.predictions.transform.LayerNorm.weight | UNEXPECTED |  | 
cls.predictions.transform.dense.bias       | UNEXPECTED |  | 
cls.predictions.bias                       | UNEXPECTED |  | 
cls.predictions.transform.LayerNorm.bias   | UNEXPECTED |  | 
cls.predictions.transform.dense.weight     | UNEXPECTED |  | 

Notes:
- UNEXPECTED:	can be ignored when loading from different task/architecture; not ok if you expect identical arch.
sys:1: UserWarning: Full backward hook is firing when gradients are computed with respect to module outputs since no inputs require gradients. See https://docs.pytorch.org/docs/main/generated/torch.nn.Module.html#torch.nn.Module.register_full_backward_hook for more details.
{"step": 10, "epoch": 1, "train_loss": 0.6636743774414062, "clip_fraction": 0.055, "gradient_norm_mean": 156.40671875, "gradient_norm_max": 274.9466552734375, "step_seconds": 0.13509027659893036, "innovation_std_sum": 914.409175282003, "noise_marginal_std_sum": 1261.2560055811578}
{"step": 20, "epoch": 1, "train_loss": 0.6443493041992188, "clip_fraction": 0.165, "gradient_norm_mean": 153.09246875, "gradient_norm_max": 308.56817626953125, "step_seconds": 0.2743371818214655, "innovation_std_sum": 914.409175282003, "noise_marginal_std_sum": 1261.2560055811578}
{"step": 30, "epoch": 1, "train_loss": 0.6015477294921875, "clip_fraction": 0.427, "gradient_norm_mean": 184.90953125, "gradient_norm_max": 382.5214538574219, "step_seconds": 0.27968002296984196, "innovation_std_sum": 914.409175282003, "noise_marginal_std_sum": 1261.2560055811578}
{"step": 40, "epoch": 1, "train_loss": 0.5556067504882812, "clip_fraction": 0.521, "gradient_norm_mean": 225.5104375, "gradient_norm_max": 698.05859375, "step_seconds": 0.2812815085053444, "innovation_std_sum": 914.409175282003, "noise_marginal_std_sum": 1261.2560055811578}
{"step": 50, "epoch": 1, "train_loss": 0.5472149658203125, "clip_fraction": 0.516, "gradient_norm_mean": 266.43209375, "gradient_norm_max": 1116.938720703125, "step_seconds": 0.2825564965605736, "innovation_std_sum": 914.409175282003, "noise_marginal_std_sum": 1261.2560055811578}
{"step": 60, "epoch": 1, "train_loss": 0.5278167114257812, "clip_fraction": 0.463, "gradient_norm_mean": 280.726, "gradient_norm_max": 1205.264892578125, "step_seconds": 0.2908101864159107, "innovation_std_sum": 914.409175282003, "noise_marginal_std_sum": 1261.2560055811578}
{"epoch": 1, "step": 62, "train_loss": 0.6087053330944431, "clip_fraction": 0.39283870967741935, "epsilon": 2.983473211150575, "accuracy": 0.7442660550458715, "validation_loss": 0.5877547701564404, "validation_examples": 872}
{"step": 70, "epoch": 2, "train_loss": 0.5595519409179688, "clip_fraction": 0.439, "gradient_norm_mean": 279.14671875, "gradient_norm_max": 1486.1243896484375, "step_seconds": 0.28986841067671776, "innovation_std_sum": 914.409175282003, "noise_marginal_std_sum": 1261.2560055811578}
{"step": 80, "epoch": 2, "train_loss": 0.558689208984375, "clip_fraction": 0.403, "gradient_norm_mean": 261.147421875, "gradient_norm_max": 1405.367919921875, "step_seconds": 0.2908837925642729, "innovation_std_sum": 914.409175282003, "noise_marginal_std_sum": 1261.2560055811578}
{"step": 90, "epoch": 2, "train_loss": 0.5315120849609375, "clip_fraction": 0.396, "gradient_norm_mean": 234.932171875, "gradient_norm_max": 1214.626708984375, "step_seconds": 0.28737569600343704, "innovation_std_sum": 914.409175282003, "noise_marginal_std_sum": 1261.2560055811578}
{"step": 100, "epoch": 2, "train_loss": 0.5246375732421875, "clip_fraction": 0.39, "gradient_norm_mean": 229.871453125, "gradient_norm_max": 1361.590576171875, "step_seconds": 0.28076503425836563, "innovation_std_sum": 914.409175282003, "noise_marginal_std_sum": 1261.2560055811578}
{"step": 110, "epoch": 2, "train_loss": 0.49147216796875, "clip_fraction": 0.352, "gradient_norm_mean": 204.012265625, "gradient_norm_max": 1259.314453125, "step_seconds": 0.285623662173748, "innovation_std_sum": 914.409175282003, "noise_marginal_std_sum": 1261.2560055811578}
{"step": 120, "epoch": 2, "train_loss": 0.5075220642089844, "clip_fraction": 0.363, "gradient_norm_mean": 201.65628125, "gradient_norm_max": 1036.470947265625, "step_seconds": 0.29317237064242363, "innovation_std_sum": 914.409175282003, "noise_marginal_std_sum": 1261.2560055811578}
{"epoch": 2, "step": 124, "train_loss": 0.5310275746007119, "clip_fraction": 0.3906935483870968, "epsilon": 4.566965972959099, "accuracy": 0.7649082568807339, "validation_loss": 0.5604487734103422, "validation_examples": 872}
{"step": 130, "epoch": 3, "train_loss": 0.499042724609375, "clip_fraction": 0.351, "gradient_norm_mean": 182.909609375, "gradient_norm_max": 1001.3056640625, "step_seconds": 0.2850099839270115, "innovation_std_sum": 914.409175282003, "noise_marginal_std_sum": 1261.2560055811578}
{"step": 140, "epoch": 3, "train_loss": 0.49123895263671874, "clip_fraction": 0.315, "gradient_norm_mean": 166.491203125, "gradient_norm_max": 1406.4246826171875, "step_seconds": 0.28324543684720993, "innovation_std_sum": 914.409175282003, "noise_marginal_std_sum": 1261.2560055811578}
{"step": 150, "epoch": 3, "train_loss": 0.4875552978515625, "clip_fraction": 0.325, "gradient_norm_mean": 164.499859375, "gradient_norm_max": 986.3717041015625, "step_seconds": 0.28882526606321335, "innovation_std_sum": 914.409175282003, "noise_marginal_std_sum": 1261.2560055811578}
{"step": 160, "epoch": 3, "train_loss": 0.4680464782714844, "clip_fraction": 0.319, "gradient_norm_mean": 150.008875, "gradient_norm_max": 788.5486450195312, "step_seconds": 0.2906996291130781, "innovation_std_sum": 914.409175282003, "noise_marginal_std_sum": 1261.2560055811578}
{"step": 170, "epoch": 3, "train_loss": 0.5029215698242188, "clip_fraction": 0.315, "gradient_norm_mean": 152.64878125, "gradient_norm_max": 835.1978149414062, "step_seconds": 0.2955470308661461, "innovation_std_sum": 914.409175282003, "noise_marginal_std_sum": 1261.2560055811578}
{"step": 180, "epoch": 3, "train_loss": 0.4451137084960938, "clip_fraction": 0.27, "gradient_norm_mean": 132.758875, "gradient_norm_max": 1043.6993408203125, "step_seconds": 0.2892867773771286, "innovation_std_sum": 914.409175282003, "noise_marginal_std_sum": 1261.2560055811578}
{"epoch": 3, "step": 186, "train_loss": 0.4710118949644027, "clip_fraction": 0.30648387096774193, "epsilon": 5.849088165717443, "accuracy": 0.7729357798165137, "validation_loss": 0.5071764342281797, "validation_examples": 872}
{"step": 190, "epoch": 4, "train_loss": 0.46172271728515624, "clip_fraction": 0.276, "gradient_norm_mean": 131.556046875, "gradient_norm_max": 754.5101928710938, "step_seconds": 0.28046682849526405, "innovation_std_sum": 914.409175282003, "noise_marginal_std_sum": 1261.2560055811578}
{"step": 200, "epoch": 4, "train_loss": 0.448848876953125, "clip_fraction": 0.273, "gradient_norm_mean": 127.23996875, "gradient_norm_max": 891.5538940429688, "step_seconds": 0.284050527960062, "innovation_std_sum": 914.409175282003, "noise_marginal_std_sum": 1261.2560055811578}
{"step": 210, "epoch": 4, "train_loss": 0.42116583251953127, "clip_fraction": 0.249, "gradient_norm_mean": 121.7713203125, "gradient_norm_max": 622.7332153320312, "step_seconds": 0.29043388925492764, "innovation_std_sum": 914.409175282003, "noise_marginal_std_sum": 1261.2560055811578}
{"step": 220, "epoch": 4, "train_loss": 0.44955322265625, "clip_fraction": 0.25, "gradient_norm_mean": 124.368390625, "gradient_norm_max": 895.8306274414062, "step_seconds": 0.29687079042196274, "innovation_std_sum": 914.409175282003, "noise_marginal_std_sum": 1261.2560055811578}
{"step": 230, "epoch": 4, "train_loss": 0.43097174072265626, "clip_fraction": 0.232, "gradient_norm_mean": 111.32703125, "gradient_norm_max": 747.426025390625, "step_seconds": 0.2894691713154316, "innovation_std_sum": 914.409175282003, "noise_marginal_std_sum": 1261.2560055811578}
{"step": 240, "epoch": 4, "train_loss": 0.4518304443359375, "clip_fraction": 0.262, "gradient_norm_mean": 120.735703125, "gradient_norm_max": 962.7012329101562, "step_seconds": 0.2903682589530945, "innovation_std_sum": 914.409175282003, "noise_marginal_std_sum": 1261.2560055811578}
{"epoch": 4, "step": 248, "train_loss": 0.43493436653383316, "clip_fraction": 0.24883870967741936, "epsilon": 6.974398475295221, "accuracy": 0.7798165137614679, "validation_loss": 0.5012861216833832, "validation_examples": 872}
{"step": 250, "epoch": 5, "train_loss": 0.44235183715820314, "clip_fraction": 0.227, "gradient_norm_mean": 110.0037578125, "gradient_norm_max": 969.3866577148438, "step_seconds": 0.28516709990799427, "innovation_std_sum": 914.409175282003, "noise_marginal_std_sum": 1261.2560055811578}
{"step": 260, "epoch": 5, "train_loss": 0.4470917053222656, "clip_fraction": 0.222, "gradient_norm_mean": 105.523078125, "gradient_norm_max": 805.9609375, "step_seconds": 0.2901020385324955, "innovation_std_sum": 914.409175282003, "noise_marginal_std_sum": 1261.2560055811578}
{"step": 270, "epoch": 5, "train_loss": 0.45287417602539065, "clip_fraction": 0.242, "gradient_norm_mean": 111.198, "gradient_norm_max": 710.0772705078125, "step_seconds": 0.29330972395837307, "innovation_std_sum": 914.409175282003, "noise_marginal_std_sum": 1261.2560055811578}
{"step": 280, "epoch": 5, "train_loss": 0.4275936584472656, "clip_fraction": 0.224, "gradient_norm_mean": 103.9160546875, "gradient_norm_max": 693.9291381835938, "step_seconds": 0.2901060227304697, "innovation_std_sum": 914.409175282003, "noise_marginal_std_sum": 1261.2560055811578}
{"step": 290, "epoch": 5, "train_loss": 0.3874183044433594, "clip_fraction": 0.197, "gradient_norm_mean": 98.9435390625, "gradient_norm_max": 710.7567749023438, "step_seconds": 0.29431854747235775, "innovation_std_sum": 914.409175282003, "noise_marginal_std_sum": 1261.2560055811578}
{"step": 300, "epoch": 5, "train_loss": 0.37294232177734377, "clip_fraction": 0.182, "gradient_norm_mean": 90.220328125, "gradient_norm_max": 681.9737548828125, "step_seconds": 0.29397752322256565, "innovation_std_sum": 914.409175282003, "noise_marginal_std_sum": 1261.2560055811578}
{"step": 310, "epoch": 5, "train_loss": 0.4248702697753906, "clip_fraction": 0.221, "gradient_norm_mean": 102.617875, "gradient_norm_max": 619.404541015625, "step_seconds": 0.2906582374125719, "innovation_std_sum": 914.409175282003, "noise_marginal_std_sum": 1261.2560055811578}
{"epoch": 5, "step": 310, "train_loss": 0.41593240208779614, "clip_fraction": 0.21529032258064515, "epsilon": 8.000000000000005, "accuracy": 0.7912844036697247, "validation_loss": 0.48237139150637004, "validation_examples": 872}
