Loading weights:   0%|          | 0/39 [00:00<?, ?it/s]Loading weights: 100%|██████████| 39/39 [00:00<00:00, 16247.30it/s]
[transformers] [1mBertModel LOAD REPORT[0m from: /media/data/data/lt/dp-adam-correlated/cache/bert-tiny
Key                                        | Status     |  | 
-------------------------------------------+------------+--+-
cls.predictions.decoder.weight             | UNEXPECTED |  | 
cls.predictions.transform.dense.weight     | UNEXPECTED |  | 
cls.predictions.bias                       | UNEXPECTED |  | 
cls.predictions.transform.LayerNorm.bias   | UNEXPECTED |  | 
cls.predictions.decoder.bias               | UNEXPECTED |  | 
cls.seq_relationship.weight                | UNEXPECTED |  | 
cls.predictions.transform.LayerNorm.weight | UNEXPECTED |  | 
cls.seq_relationship.bias                  | UNEXPECTED |  | 
cls.predictions.transform.dense.bias       | UNEXPECTED |  | 

Notes:
- UNEXPECTED:	can be ignored when loading from different task/architecture; not ok if you expect identical arch.
sys:1: UserWarning: Full backward hook is firing when gradients are computed with respect to module outputs since no inputs require gradients. See https://docs.pytorch.org/docs/main/generated/torch.nn.Module.html#torch.nn.Module.register_full_backward_hook for more details.
{"step": 10, "epoch": 1, "train_loss": 1.28031787109375, "clip_fraction": 0.709, "gradient_norm_mean": 967.465875, "gradient_norm_max": 3721.39306640625, "step_seconds": 0.27983357198536396, "innovation_std_sum": 251.13722579427673, "noise_marginal_std_sum": 293.3162184778228}
{"step": 20, "epoch": 1, "train_loss": 0.8016016845703124, "clip_fraction": 0.834, "gradient_norm_mean": 2347.575, "gradient_norm_max": 11060.5869140625, "step_seconds": 0.2787021975964308, "innovation_std_sum": 251.13722579427673, "noise_marginal_std_sum": 293.3162184778228}
{"step": 30, "epoch": 1, "train_loss": 0.9560208740234375, "clip_fraction": 0.626, "gradient_norm_mean": 3775.92, "gradient_norm_max": 23385.734375, "step_seconds": 0.27878870628774166, "innovation_std_sum": 251.13722579427673, "noise_marginal_std_sum": 293.3162184778228}
{"step": 40, "epoch": 1, "train_loss": 1.1761387939453125, "clip_fraction": 0.518, "gradient_norm_mean": 4724.0765, "gradient_norm_max": 48473.92578125, "step_seconds": 0.2796698398888111, "innovation_std_sum": 251.13722579427673, "noise_marginal_std_sum": 293.3162184778228}
{"step": 50, "epoch": 1, "train_loss": 0.9926388549804688, "clip_fraction": 0.486, "gradient_norm_mean": 4474.41, "gradient_norm_max": 38932.99609375, "step_seconds": 0.1938986275345087, "innovation_std_sum": 251.13722579427673, "noise_marginal_std_sum": 293.3162184778228}
{"step": 60, "epoch": 1, "train_loss": 0.9057218017578125, "clip_fraction": 0.493, "gradient_norm_mean": 4113.64275, "gradient_norm_max": 50112.35546875, "step_seconds": 0.13428290747106075, "innovation_std_sum": 251.13722579427673, "noise_marginal_std_sum": 293.3162184778228}
{"epoch": 1, "step": 62, "train_loss": 1.0075311111942413, "clip_fraction": 0.6131612903225806, "epsilon": 3.054089440266451, "accuracy": 0.7750981491867639, "validation_loss": 0.9239897636146852, "validation_examples": 5349}
{"step": 70, "epoch": 2, "train_loss": 0.921312744140625, "clip_fraction": 0.445, "gradient_norm_mean": 3786.7625, "gradient_norm_max": 43053.859375, "step_seconds": 0.1561783980578184, "innovation_std_sum": 251.13722579427673, "noise_marginal_std_sum": 293.3162184778228}
{"step": 80, "epoch": 2, "train_loss": 0.8768455810546875, "clip_fraction": 0.431, "gradient_norm_mean": 3921.4365, "gradient_norm_max": 40518.8671875, "step_seconds": 0.27943104691803455, "innovation_std_sum": 251.13722579427673, "noise_marginal_std_sum": 293.3162184778228}
{"step": 90, "epoch": 2, "train_loss": 0.885793212890625, "clip_fraction": 0.376, "gradient_norm_mean": 3192.7195, "gradient_norm_max": 47785.0234375, "step_seconds": 0.2840741276741028, "innovation_std_sum": 251.13722579427673, "noise_marginal_std_sum": 293.3162184778228}
{"step": 100, "epoch": 2, "train_loss": 0.8810238037109375, "clip_fraction": 0.37, "gradient_norm_mean": 3376.45475, "gradient_norm_max": 48733.703125, "step_seconds": 0.27247236482799053, "innovation_std_sum": 251.13722579427673, "noise_marginal_std_sum": 293.3162184778228}
{"step": 110, "epoch": 2, "train_loss": 0.7670415649414063, "clip_fraction": 0.357, "gradient_norm_mean": 3095.51075, "gradient_norm_max": 61680.10546875, "step_seconds": 0.27330796606838703, "innovation_std_sum": 251.13722579427673, "noise_marginal_std_sum": 293.3162184778228}
{"step": 120, "epoch": 2, "train_loss": 0.731937255859375, "clip_fraction": 0.341, "gradient_norm_mean": 2816.7505, "gradient_norm_max": 53176.6328125, "step_seconds": 0.28536636009812355, "innovation_std_sum": 251.13722579427673, "noise_marginal_std_sum": 293.3162184778228}
{"epoch": 2, "step": 124, "train_loss": 0.8456848430018271, "clip_fraction": 0.3985806451612903, "epsilon": 4.610238743691153, "accuracy": 0.8046363806318938, "validation_loss": 0.8191579040310543, "validation_examples": 5349}
{"step": 130, "epoch": 3, "train_loss": 0.8176331787109375, "clip_fraction": 0.363, "gradient_norm_mean": 3513.4535, "gradient_norm_max": 55890.1328125, "step_seconds": 0.2838223800063133, "innovation_std_sum": 251.13722579427673, "noise_marginal_std_sum": 293.3162184778228}
{"step": 140, "epoch": 3, "train_loss": 0.7520638427734375, "clip_fraction": 0.335, "gradient_norm_mean": 3382.8915, "gradient_norm_max": 78772.1640625, "step_seconds": 0.2869149222970009, "innovation_std_sum": 251.13722579427673, "noise_marginal_std_sum": 293.3162184778228}
{"step": 150, "epoch": 3, "train_loss": 0.8119550170898437, "clip_fraction": 0.348, "gradient_norm_mean": 3344.3565, "gradient_norm_max": 63776.6015625, "step_seconds": 0.290122676640749, "innovation_std_sum": 251.13722579427673, "noise_marginal_std_sum": 293.3162184778228}
{"step": 160, "epoch": 3, "train_loss": 0.8617330932617188, "clip_fraction": 0.337, "gradient_norm_mean": 3345.113, "gradient_norm_max": 89485.3828125, "step_seconds": 0.28363911621272564, "innovation_std_sum": 251.13722579427673, "noise_marginal_std_sum": 293.3162184778228}
{"step": 170, "epoch": 3, "train_loss": 0.8179320068359375, "clip_fraction": 0.326, "gradient_norm_mean": 3060.69325, "gradient_norm_max": 67235.234375, "step_seconds": 0.28692506439983845, "innovation_std_sum": 251.13722579427673, "noise_marginal_std_sum": 293.3162184778228}
{"step": 180, "epoch": 3, "train_loss": 0.8374871826171875, "clip_fraction": 0.338, "gradient_norm_mean": 3129.6835, "gradient_norm_max": 69880.2421875, "step_seconds": 0.2889504861086607, "innovation_std_sum": 251.13722579427673, "noise_marginal_std_sum": 293.3162184778228}
{"epoch": 3, "step": 186, "train_loss": 0.7698914666944935, "clip_fraction": 0.33188709677419354, "epsilon": 5.873890881586911, "accuracy": 0.8152925780519723, "validation_loss": 0.8006905502059746, "validation_examples": 5349}
{"step": 190, "epoch": 4, "train_loss": 0.6583517456054687, "clip_fraction": 0.285, "gradient_norm_mean": 2954.1965, "gradient_norm_max": 66470.84375, "step_seconds": 0.273513350635767, "innovation_std_sum": 251.13722579427673, "noise_marginal_std_sum": 293.3162184778228}
{"step": 200, "epoch": 4, "train_loss": 0.8053649291992188, "clip_fraction": 0.324, "gradient_norm_mean": 2836.70525, "gradient_norm_max": 71163.828125, "step_seconds": 0.2883621994405985, "innovation_std_sum": 251.13722579427673, "noise_marginal_std_sum": 293.3162184778228}
{"step": 210, "epoch": 4, "train_loss": 0.760335205078125, "clip_fraction": 0.307, "gradient_norm_mean": 2722.975, "gradient_norm_max": 72702.125, "step_seconds": 0.2886693272739649, "innovation_std_sum": 251.13722579427673, "noise_marginal_std_sum": 293.3162184778228}
{"step": 220, "epoch": 4, "train_loss": 0.702439697265625, "clip_fraction": 0.279, "gradient_norm_mean": 2686.77025, "gradient_norm_max": 87274.921875, "step_seconds": 0.2954453509300947, "innovation_std_sum": 251.13722579427673, "noise_marginal_std_sum": 293.3162184778228}
{"step": 230, "epoch": 4, "train_loss": 0.70516162109375, "clip_fraction": 0.294, "gradient_norm_mean": 2851.234, "gradient_norm_max": 64893.51953125, "step_seconds": 0.27796777337789536, "innovation_std_sum": 251.13722579427673, "noise_marginal_std_sum": 293.3162184778228}
{"step": 240, "epoch": 4, "train_loss": 0.7423251953125, "clip_fraction": 0.296, "gradient_norm_mean": 3053.93125, "gradient_norm_max": 77322.5859375, "step_seconds": 0.16367133148014545, "innovation_std_sum": 251.13722579427673, "noise_marginal_std_sum": 293.3162184778228}
{"epoch": 4, "step": 248, "train_loss": 0.7303676925166961, "clip_fraction": 0.2934032258064516, "epsilon": 6.985551657770655, "accuracy": 0.8225836604972893, "validation_loss": 0.784979957356634, "validation_examples": 5349}
{"step": 250, "epoch": 5, "train_loss": 0.737285400390625, "clip_fraction": 0.274, "gradient_norm_mean": 2728.104, "gradient_norm_max": 76360.8984375, "step_seconds": 0.29337655007839203, "innovation_std_sum": 251.13722579427673, "noise_marginal_std_sum": 293.3162184778228}
{"step": 260, "epoch": 5, "train_loss": 0.7732335205078125, "clip_fraction": 0.286, "gradient_norm_mean": 2805.72875, "gradient_norm_max": 68490.78125, "step_seconds": 0.29209707118570805, "innovation_std_sum": 251.13722579427673, "noise_marginal_std_sum": 293.3162184778228}
{"step": 270, "epoch": 5, "train_loss": 0.6846941528320313, "clip_fraction": 0.267, "gradient_norm_mean": 2885.4425, "gradient_norm_max": 78766.2265625, "step_seconds": 0.2900816462934017, "innovation_std_sum": 251.13722579427673, "noise_marginal_std_sum": 293.3162184778228}
{"step": 280, "epoch": 5, "train_loss": 0.699177734375, "clip_fraction": 0.274, "gradient_norm_mean": 2748.83325, "gradient_norm_max": 77858.46875, "step_seconds": 0.29116359911859035, "innovation_std_sum": 251.13722579427673, "noise_marginal_std_sum": 293.3162184778228}
{"step": 290, "epoch": 5, "train_loss": 0.7108853759765625, "clip_fraction": 0.265, "gradient_norm_mean": 3044.2, "gradient_norm_max": 75374.875, "step_seconds": 0.29668878205120564, "innovation_std_sum": 251.13722579427673, "noise_marginal_std_sum": 293.3162184778228}
{"step": 300, "epoch": 5, "train_loss": 0.65213427734375, "clip_fraction": 0.266, "gradient_norm_mean": 3205.1975, "gradient_norm_max": 94850.421875, "step_seconds": 0.2859995737671852, "innovation_std_sum": 251.13722579427673, "noise_marginal_std_sum": 293.3162184778228}
{"step": 310, "epoch": 5, "train_loss": 0.751364013671875, "clip_fraction": 0.267, "gradient_norm_mean": 2957.3995, "gradient_norm_max": 87088.7890625, "step_seconds": 0.13648743368685246, "innovation_std_sum": 251.13722579427673, "noise_marginal_std_sum": 293.3162184778228}
{"epoch": 5, "step": 310, "train_loss": 0.7110594689153856, "clip_fraction": 0.27319354838709675, "epsilon": 8.000000000000005, "accuracy": 0.8306225462703309, "validation_loss": 0.7545918307586972, "validation_examples": 5349}
