Loading weights:   0%|          | 0/39 [00:00<?, ?it/s]Loading weights: 100%|██████████| 39/39 [00:00<00:00, 16924.77it/s]
[transformers] [1mBertModel LOAD REPORT[0m from: /media/data/data/lt/dp-adam-correlated/cache/bert-tiny
Key                                        | Status     |  | 
-------------------------------------------+------------+--+-
cls.seq_relationship.bias                  | UNEXPECTED |  | 
cls.predictions.transform.LayerNorm.bias   | UNEXPECTED |  | 
cls.predictions.transform.dense.bias       | UNEXPECTED |  | 
cls.predictions.decoder.weight             | UNEXPECTED |  | 
cls.predictions.bias                       | UNEXPECTED |  | 
cls.predictions.transform.dense.weight     | UNEXPECTED |  | 
cls.predictions.decoder.bias               | UNEXPECTED |  | 
cls.predictions.transform.LayerNorm.weight | UNEXPECTED |  | 
cls.seq_relationship.weight                | UNEXPECTED |  | 

Notes:
- UNEXPECTED:	can be ignored when loading from different task/architecture; not ok if you expect identical arch.
sys:1: UserWarning: Full backward hook is firing when gradients are computed with respect to module outputs since no inputs require gradients. See https://docs.pytorch.org/docs/main/generated/torch.nn.Module.html#torch.nn.Module.register_full_backward_hook for more details.
{"step": 10, "epoch": 1, "train_loss": 0.6817938842773438, "clip_fraction": 0.0, "gradient_norm_mean": 48.71109375, "gradient_norm_max": 73.77605438232422, "step_seconds": 0.25936353020370007, "innovation_std_sum": 251.13722579427673, "noise_marginal_std_sum": 293.3162184778228}
{"step": 20, "epoch": 1, "train_loss": 0.665862548828125, "clip_fraction": 0.0, "gradient_norm_mean": 51.32491796875, "gradient_norm_max": 87.38361358642578, "step_seconds": 0.2640304658561945, "innovation_std_sum": 251.13722579427673, "noise_marginal_std_sum": 293.3162184778228}
{"step": 30, "epoch": 1, "train_loss": 0.6581729736328125, "clip_fraction": 0.0, "gradient_norm_mean": 56.89534375, "gradient_norm_max": 87.25521850585938, "step_seconds": 0.2686111591756344, "innovation_std_sum": 251.13722579427673, "noise_marginal_std_sum": 293.3162184778228}
{"step": 40, "epoch": 1, "train_loss": 0.6472847900390625, "clip_fraction": 0.006, "gradient_norm_mean": 64.64110546875, "gradient_norm_max": 115.79769134521484, "step_seconds": 0.2651787232607603, "innovation_std_sum": 251.13722579427673, "noise_marginal_std_sum": 293.3162184778228}
{"step": 50, "epoch": 1, "train_loss": 0.6350160522460937, "clip_fraction": 0.108, "gradient_norm_mean": 73.7614375, "gradient_norm_max": 155.84959411621094, "step_seconds": 0.2707524746656418, "innovation_std_sum": 251.13722579427673, "noise_marginal_std_sum": 293.3162184778228}
{"step": 60, "epoch": 1, "train_loss": 0.623849609375, "clip_fraction": 0.278, "gradient_norm_mean": 84.05765625, "gradient_norm_max": 172.7010498046875, "step_seconds": 0.17976409196853638, "innovation_std_sum": 251.13722579427673, "noise_marginal_std_sum": 293.3162184778228}
{"epoch": 1, "step": 62, "train_loss": 0.6551251624322707, "clip_fraction": 0.048451612903225805, "epsilon": 3.054089440266451, "accuracy": 0.6791923724060572, "validation_loss": 0.605660572433543, "validation_examples": 5349}
{"step": 70, "epoch": 2, "train_loss": 0.5980180053710937, "clip_fraction": 0.442, "gradient_norm_mean": 92.62525, "gradient_norm_max": 189.33180236816406, "step_seconds": 0.26796727254986763, "innovation_std_sum": 251.13722579427673, "noise_marginal_std_sum": 293.3162184778228}
{"step": 80, "epoch": 2, "train_loss": 0.5968758544921875, "clip_fraction": 0.554, "gradient_norm_mean": 109.401109375, "gradient_norm_max": 257.69281005859375, "step_seconds": 0.2710698526352644, "innovation_std_sum": 251.13722579427673, "noise_marginal_std_sum": 293.3162184778228}
{"step": 90, "epoch": 2, "train_loss": 0.5632132568359375, "clip_fraction": 0.569, "gradient_norm_mean": 122.832203125, "gradient_norm_max": 370.02545166015625, "step_seconds": 0.269117034971714, "innovation_std_sum": 251.13722579427673, "noise_marginal_std_sum": 293.3162184778228}
{"step": 100, "epoch": 2, "train_loss": 0.5745885009765626, "clip_fraction": 0.614, "gradient_norm_mean": 144.4124375, "gradient_norm_max": 481.58746337890625, "step_seconds": 0.26928313821554184, "innovation_std_sum": 251.13722579427673, "noise_marginal_std_sum": 293.3162184778228}
{"step": 110, "epoch": 2, "train_loss": 0.573267578125, "clip_fraction": 0.589, "gradient_norm_mean": 164.60809375, "gradient_norm_max": 559.973876953125, "step_seconds": 0.27168975211679935, "innovation_std_sum": 251.13722579427673, "noise_marginal_std_sum": 293.3162184778228}
{"step": 120, "epoch": 2, "train_loss": 0.52702880859375, "clip_fraction": 0.583, "gradient_norm_mean": 175.82215625, "gradient_norm_max": 777.4728393554688, "step_seconds": 0.2711355108767748, "innovation_std_sum": 251.13722579427673, "noise_marginal_std_sum": 293.3162184778228}
{"epoch": 2, "step": 124, "train_loss": 0.5758672711772304, "clip_fraction": 0.5530483870967742, "epsilon": 4.610238743691153, "accuracy": 0.7350906711534866, "validation_loss": 0.5372722366855042, "validation_examples": 5349}
{"step": 130, "epoch": 3, "train_loss": 0.5351386108398437, "clip_fraction": 0.53, "gradient_norm_mean": 188.538625, "gradient_norm_max": 891.005126953125, "step_seconds": 0.13332618214190006, "innovation_std_sum": 251.13722579427673, "noise_marginal_std_sum": 293.3162184778228}
{"step": 140, "epoch": 3, "train_loss": 0.5533699951171875, "clip_fraction": 0.555, "gradient_norm_mean": 209.07909375, "gradient_norm_max": 980.5975952148438, "step_seconds": 0.27095946855843067, "innovation_std_sum": 251.13722579427673, "noise_marginal_std_sum": 293.3162184778228}
{"step": 150, "epoch": 3, "train_loss": 0.5599684448242187, "clip_fraction": 0.513, "gradient_norm_mean": 209.396140625, "gradient_norm_max": 1049.4371337890625, "step_seconds": 0.27158169634640217, "innovation_std_sum": 251.13722579427673, "noise_marginal_std_sum": 293.3162184778228}
{"step": 160, "epoch": 3, "train_loss": 0.5869150390625, "clip_fraction": 0.513, "gradient_norm_mean": 229.81840625, "gradient_norm_max": 1345.689208984375, "step_seconds": 0.271628525108099, "innovation_std_sum": 251.13722579427673, "noise_marginal_std_sum": 293.3162184778228}
{"step": 170, "epoch": 3, "train_loss": 0.599021728515625, "clip_fraction": 0.52, "gradient_norm_mean": 238.96684375, "gradient_norm_max": 1206.008544921875, "step_seconds": 0.2720798570662737, "innovation_std_sum": 251.13722579427673, "noise_marginal_std_sum": 293.3162184778228}
{"step": 180, "epoch": 3, "train_loss": 0.610418212890625, "clip_fraction": 0.488, "gradient_norm_mean": 236.661265625, "gradient_norm_max": 1412.1072998046875, "step_seconds": 0.2714410461485386, "innovation_std_sum": 251.13722579427673, "noise_marginal_std_sum": 293.3162184778228}
{"epoch": 3, "step": 186, "train_loss": 0.5635015421221333, "clip_fraction": 0.5176612903225807, "epsilon": 5.873890881586911, "accuracy": 0.765002804262479, "validation_loss": 0.5632430222975381, "validation_examples": 5349}
{"step": 190, "epoch": 4, "train_loss": 0.5518310546875, "clip_fraction": 0.482, "gradient_norm_mean": 245.78109375, "gradient_norm_max": 1586.605712890625, "step_seconds": 0.2719480153173208, "innovation_std_sum": 251.13722579427673, "noise_marginal_std_sum": 293.3162184778228}
{"step": 200, "epoch": 4, "train_loss": 0.5786671142578125, "clip_fraction": 0.467, "gradient_norm_mean": 245.64821875, "gradient_norm_max": 1799.5313720703125, "step_seconds": 0.27156248688697815, "innovation_std_sum": 251.13722579427673, "noise_marginal_std_sum": 293.3162184778228}
{"step": 210, "epoch": 4, "train_loss": 0.6156546020507813, "clip_fraction": 0.471, "gradient_norm_mean": 257.691171875, "gradient_norm_max": 1417.259521484375, "step_seconds": 0.27087154798209667, "innovation_std_sum": 251.13722579427673, "noise_marginal_std_sum": 293.3162184778228}
{"step": 220, "epoch": 4, "train_loss": 0.5772874145507813, "clip_fraction": 0.443, "gradient_norm_mean": 244.2335625, "gradient_norm_max": 1826.3060302734375, "step_seconds": 0.2713947221636772, "innovation_std_sum": 251.13722579427673, "noise_marginal_std_sum": 293.3162184778228}
{"step": 230, "epoch": 4, "train_loss": 0.5923638916015626, "clip_fraction": 0.444, "gradient_norm_mean": 257.6978125, "gradient_norm_max": 1605.718505859375, "step_seconds": 0.26852341182529926, "innovation_std_sum": 251.13722579427673, "noise_marginal_std_sum": 293.3162184778228}
{"step": 240, "epoch": 4, "train_loss": 0.5550306396484375, "clip_fraction": 0.462, "gradient_norm_mean": 261.57809375, "gradient_norm_max": 1790.60107421875, "step_seconds": 0.2718592993915081, "innovation_std_sum": 251.13722579427673, "noise_marginal_std_sum": 293.3162184778228}
{"epoch": 4, "step": 248, "train_loss": 0.5752908930624685, "clip_fraction": 0.4499677419354839, "epsilon": 6.985551657770655, "accuracy": 0.7803327724808375, "validation_loss": 0.565680909098855, "validation_examples": 5349}
{"step": 250, "epoch": 5, "train_loss": 0.6094537353515626, "clip_fraction": 0.423, "gradient_norm_mean": 230.13903125, "gradient_norm_max": 1531.2530517578125, "step_seconds": 0.2690977416932583, "innovation_std_sum": 251.13722579427673, "noise_marginal_std_sum": 293.3162184778228}
{"step": 260, "epoch": 5, "train_loss": 0.54610791015625, "clip_fraction": 0.42, "gradient_norm_mean": 243.093984375, "gradient_norm_max": 1796.568115234375, "step_seconds": 0.2683225590735674, "innovation_std_sum": 251.13722579427673, "noise_marginal_std_sum": 293.3162184778228}
{"step": 270, "epoch": 5, "train_loss": 0.5756536865234375, "clip_fraction": 0.421, "gradient_norm_mean": 243.88675, "gradient_norm_max": 1679.6385498046875, "step_seconds": 0.26754653453826904, "innovation_std_sum": 251.13722579427673, "noise_marginal_std_sum": 293.3162184778228}
{"step": 280, "epoch": 5, "train_loss": 0.5430037231445313, "clip_fraction": 0.416, "gradient_norm_mean": 242.006328125, "gradient_norm_max": 1859.5931396484375, "step_seconds": 0.2692904844880104, "innovation_std_sum": 251.13722579427673, "noise_marginal_std_sum": 293.3162184778228}
{"step": 290, "epoch": 5, "train_loss": 0.5493692626953125, "clip_fraction": 0.391, "gradient_norm_mean": 232.5530625, "gradient_norm_max": 2108.67529296875, "step_seconds": 0.2682922054082155, "innovation_std_sum": 251.13722579427673, "noise_marginal_std_sum": 293.3162184778228}
{"step": 300, "epoch": 5, "train_loss": 0.5484734497070313, "clip_fraction": 0.388, "gradient_norm_mean": 230.8381875, "gradient_norm_max": 1744.3970947265625, "step_seconds": 0.2677073795348406, "innovation_std_sum": 251.13722579427673, "noise_marginal_std_sum": 293.3162184778228}
{"step": 310, "epoch": 5, "train_loss": 0.6099443359375, "clip_fraction": 0.427, "gradient_norm_mean": 247.904, "gradient_norm_max": 2233.92333984375, "step_seconds": 0.2691155727952719, "innovation_std_sum": 251.13722579427673, "noise_marginal_std_sum": 293.3162184778228}
{"epoch": 5, "step": 310, "train_loss": 0.5731783816429876, "clip_fraction": 0.4154032258064516, "epsilon": 8.000000000000005, "accuracy": 0.7889325107496729, "validation_loss": 0.5542101351027846, "validation_examples": 5349}
