Loading weights:   0%|          | 0/39 [00:00<?, ?it/s]Loading weights: 100%|██████████| 39/39 [00:00<00:00, 18838.86it/s]
[transformers] [1mBertModel LOAD REPORT[0m from: /media/data/data/lt/dp-adam-correlated/cache/bert-tiny
Key                                        | Status     |  | 
-------------------------------------------+------------+--+-
cls.seq_relationship.bias                  | UNEXPECTED |  | 
cls.predictions.bias                       | UNEXPECTED |  | 
cls.predictions.transform.LayerNorm.weight | UNEXPECTED |  | 
cls.predictions.transform.dense.bias       | UNEXPECTED |  | 
cls.predictions.decoder.bias               | UNEXPECTED |  | 
cls.seq_relationship.weight                | UNEXPECTED |  | 
cls.predictions.transform.LayerNorm.bias   | UNEXPECTED |  | 
cls.predictions.transform.dense.weight     | UNEXPECTED |  | 
cls.predictions.decoder.weight             | UNEXPECTED |  | 

Notes:
- UNEXPECTED:	can be ignored when loading from different task/architecture; not ok if you expect identical arch.
sys:1: UserWarning: Full backward hook is firing when gradients are computed with respect to module outputs since no inputs require gradients. See https://docs.pytorch.org/docs/main/generated/torch.nn.Module.html#torch.nn.Module.register_full_backward_hook for more details.
{"step": 10, "epoch": 1, "train_loss": 0.6947675170898437, "clip_fraction": 0.215, "gradient_norm_mean": 7.505806640625, "gradient_norm_max": 13.551375389099121, "step_seconds": 0.2735358905047178, "innovation_std_sum": 25.113722579427673, "noise_marginal_std_sum": 29.33162184778228}
{"step": 20, "epoch": 1, "train_loss": 0.6293297119140625, "clip_fraction": 0.566, "gradient_norm_mean": 10.49102734375, "gradient_norm_max": 23.61421012878418, "step_seconds": 0.27772627025842667, "innovation_std_sum": 25.113722579427673, "noise_marginal_std_sum": 29.33162184778228}
{"step": 30, "epoch": 1, "train_loss": 0.5895532836914062, "clip_fraction": 0.667, "gradient_norm_mean": 18.7284765625, "gradient_norm_max": 63.072269439697266, "step_seconds": 0.27743459679186344, "innovation_std_sum": 25.113722579427673, "noise_marginal_std_sum": 29.33162184778228}
{"step": 40, "epoch": 1, "train_loss": 0.6207581787109375, "clip_fraction": 0.598, "gradient_norm_mean": 29.258298828125, "gradient_norm_max": 123.67200469970703, "step_seconds": 0.27905329689383507, "innovation_std_sum": 25.113722579427673, "noise_marginal_std_sum": 29.33162184778228}
{"step": 50, "epoch": 1, "train_loss": 0.6471807861328125, "clip_fraction": 0.521, "gradient_norm_mean": 36.99825390625, "gradient_norm_max": 216.73123168945312, "step_seconds": 0.27180265076458454, "innovation_std_sum": 25.113722579427673, "noise_marginal_std_sum": 29.33162184778228}
{"step": 60, "epoch": 1, "train_loss": 0.68835546875, "clip_fraction": 0.475, "gradient_norm_mean": 39.369953125, "gradient_norm_max": 251.11717224121094, "step_seconds": 0.27603411115705967, "innovation_std_sum": 25.113722579427673, "noise_marginal_std_sum": 29.33162184778228}
{"epoch": 1, "step": 62, "train_loss": 0.6375285240911668, "clip_fraction": 0.43979032258064515, "epsilon": 3.054089440266451, "accuracy": 0.7651897550944101, "validation_loss": 0.742406551627093, "validation_examples": 5349}
{"step": 70, "epoch": 2, "train_loss": 0.6757906494140625, "clip_fraction": 0.457, "gradient_norm_mean": 40.4935703125, "gradient_norm_max": 296.6186218261719, "step_seconds": 0.15493674017488956, "innovation_std_sum": 25.113722579427673, "noise_marginal_std_sum": 29.33162184778228}
{"step": 80, "epoch": 2, "train_loss": 0.6756140747070313, "clip_fraction": 0.438, "gradient_norm_mean": 38.3140859375, "gradient_norm_max": 305.44635009765625, "step_seconds": 0.2846793197095394, "innovation_std_sum": 25.113722579427673, "noise_marginal_std_sum": 29.33162184778228}
{"step": 90, "epoch": 2, "train_loss": 0.60029443359375, "clip_fraction": 0.401, "gradient_norm_mean": 34.583984375, "gradient_norm_max": 278.4161376953125, "step_seconds": 0.28834262676537037, "innovation_std_sum": 25.113722579427673, "noise_marginal_std_sum": 29.33162184778228}
{"step": 100, "epoch": 2, "train_loss": 0.63511865234375, "clip_fraction": 0.385, "gradient_norm_mean": 35.74427734375, "gradient_norm_max": 275.6086730957031, "step_seconds": 0.28445248305797577, "innovation_std_sum": 25.113722579427673, "noise_marginal_std_sum": 29.33162184778228}
{"step": 110, "epoch": 2, "train_loss": 0.5436402587890625, "clip_fraction": 0.368, "gradient_norm_mean": 32.67326953125, "gradient_norm_max": 274.35296630859375, "step_seconds": 0.29032211378216743, "innovation_std_sum": 25.113722579427673, "noise_marginal_std_sum": 29.33162184778228}
{"step": 120, "epoch": 2, "train_loss": 0.5096171875, "clip_fraction": 0.365, "gradient_norm_mean": 33.02261328125, "gradient_norm_max": 467.7627868652344, "step_seconds": 0.2878770772367716, "innovation_std_sum": 25.113722579427673, "noise_marginal_std_sum": 29.33162184778228}
{"epoch": 2, "step": 124, "train_loss": 0.6125961539976058, "clip_fraction": 0.4135483870967742, "epsilon": 4.610238743691153, "accuracy": 0.7980931015143017, "validation_loss": 0.6123084273153787, "validation_examples": 5349}
{"step": 130, "epoch": 3, "train_loss": 0.554361083984375, "clip_fraction": 0.378, "gradient_norm_mean": 34.345984375, "gradient_norm_max": 377.1715393066406, "step_seconds": 0.1811314169317484, "innovation_std_sum": 25.113722579427673, "noise_marginal_std_sum": 29.33162184778228}
{"step": 140, "epoch": 3, "train_loss": 0.5329676513671875, "clip_fraction": 0.361, "gradient_norm_mean": 34.8388984375, "gradient_norm_max": 318.6288146972656, "step_seconds": 0.2883406952023506, "innovation_std_sum": 25.113722579427673, "noise_marginal_std_sum": 29.33162184778228}
{"step": 150, "epoch": 3, "train_loss": 0.5752412109375, "clip_fraction": 0.359, "gradient_norm_mean": 32.55839453125, "gradient_norm_max": 314.2038269042969, "step_seconds": 0.29338392056524754, "innovation_std_sum": 25.113722579427673, "noise_marginal_std_sum": 29.33162184778228}
{"step": 160, "epoch": 3, "train_loss": 0.5859830932617187, "clip_fraction": 0.36, "gradient_norm_mean": 33.38834375, "gradient_norm_max": 395.7879333496094, "step_seconds": 0.29251913726329803, "innovation_std_sum": 25.113722579427673, "noise_marginal_std_sum": 29.33162184778228}
{"step": 170, "epoch": 3, "train_loss": 0.5729295654296875, "clip_fraction": 0.352, "gradient_norm_mean": 33.5748828125, "gradient_norm_max": 369.5697937011719, "step_seconds": 0.2905351761728525, "innovation_std_sum": 25.113722579427673, "noise_marginal_std_sum": 29.33162184778228}
{"step": 180, "epoch": 3, "train_loss": 0.5490492553710937, "clip_fraction": 0.331, "gradient_norm_mean": 30.54611328125, "gradient_norm_max": 572.6317749023438, "step_seconds": 0.29113958589732647, "innovation_std_sum": 25.113722579427673, "noise_marginal_std_sum": 29.33162184778228}
{"epoch": 3, "step": 186, "train_loss": 0.5470957602224042, "clip_fraction": 0.3532258064516129, "epsilon": 5.873890881586911, "accuracy": 0.8152925780519723, "validation_loss": 0.5657255180217681, "validation_examples": 5349}
{"step": 190, "epoch": 4, "train_loss": 0.4672757568359375, "clip_fraction": 0.322, "gradient_norm_mean": 31.368791015625, "gradient_norm_max": 330.04241943359375, "step_seconds": 0.19078970327973366, "innovation_std_sum": 25.113722579427673, "noise_marginal_std_sum": 29.33162184778228}
{"step": 200, "epoch": 4, "train_loss": 0.5454876708984375, "clip_fraction": 0.349, "gradient_norm_mean": 35.77019921875, "gradient_norm_max": 396.53240966796875, "step_seconds": 0.2798354271799326, "innovation_std_sum": 25.113722579427673, "noise_marginal_std_sum": 29.33162184778228}
{"step": 210, "epoch": 4, "train_loss": 0.5099791259765625, "clip_fraction": 0.324, "gradient_norm_mean": 30.5457734375, "gradient_norm_max": 448.9235534667969, "step_seconds": 0.29269837960600853, "innovation_std_sum": 25.113722579427673, "noise_marginal_std_sum": 29.33162184778228}
{"step": 220, "epoch": 4, "train_loss": 0.5149346923828125, "clip_fraction": 0.31, "gradient_norm_mean": 30.93077734375, "gradient_norm_max": 375.5179443359375, "step_seconds": 0.2737212795764208, "innovation_std_sum": 25.113722579427673, "noise_marginal_std_sum": 29.33162184778228}
{"step": 230, "epoch": 4, "train_loss": 0.49192572021484376, "clip_fraction": 0.318, "gradient_norm_mean": 33.31176953125, "gradient_norm_max": 399.3290710449219, "step_seconds": 0.29453745298087597, "innovation_std_sum": 25.113722579427673, "noise_marginal_std_sum": 29.33162184778228}
{"step": 240, "epoch": 4, "train_loss": 0.5268629150390625, "clip_fraction": 0.312, "gradient_norm_mean": 32.11859765625, "gradient_norm_max": 412.0183410644531, "step_seconds": 0.2929088771343231, "innovation_std_sum": 25.113722579427673, "noise_marginal_std_sum": 29.33162184778228}
{"epoch": 4, "step": 248, "train_loss": 0.5059944905927104, "clip_fraction": 0.31070967741935485, "epsilon": 6.985551657770655, "accuracy": 0.8190315946905964, "validation_loss": 0.5375167937964274, "validation_examples": 5349}
{"step": 250, "epoch": 5, "train_loss": 0.4982196044921875, "clip_fraction": 0.294, "gradient_norm_mean": 29.6834453125, "gradient_norm_max": 426.336181640625, "step_seconds": 0.28873910568654537, "innovation_std_sum": 25.113722579427673, "noise_marginal_std_sum": 29.33162184778228}
{"step": 260, "epoch": 5, "train_loss": 0.5137839965820312, "clip_fraction": 0.278, "gradient_norm_mean": 29.241478515625, "gradient_norm_max": 422.72613525390625, "step_seconds": 0.29685339145362377, "innovation_std_sum": 25.113722579427673, "noise_marginal_std_sum": 29.33162184778228}
{"step": 270, "epoch": 5, "train_loss": 0.4816951904296875, "clip_fraction": 0.283, "gradient_norm_mean": 28.55527734375, "gradient_norm_max": 438.51702880859375, "step_seconds": 0.2901001963764429, "innovation_std_sum": 25.113722579427673, "noise_marginal_std_sum": 29.33162184778228}
{"step": 280, "epoch": 5, "train_loss": 0.46237158203125, "clip_fraction": 0.272, "gradient_norm_mean": 27.700048828125, "gradient_norm_max": 460.44879150390625, "step_seconds": 0.2888384833931923, "innovation_std_sum": 25.113722579427673, "noise_marginal_std_sum": 29.33162184778228}
{"step": 290, "epoch": 5, "train_loss": 0.46349041748046876, "clip_fraction": 0.267, "gradient_norm_mean": 28.10506640625, "gradient_norm_max": 407.65570068359375, "step_seconds": 0.2960363905876875, "innovation_std_sum": 25.113722579427673, "noise_marginal_std_sum": 29.33162184778228}
{"step": 300, "epoch": 5, "train_loss": 0.46784698486328125, "clip_fraction": 0.265, "gradient_norm_mean": 29.7566015625, "gradient_norm_max": 475.597412109375, "step_seconds": 0.29404986277222633, "innovation_std_sum": 25.113722579427673, "noise_marginal_std_sum": 29.33162184778228}
{"step": 310, "epoch": 5, "train_loss": 0.5197230224609375, "clip_fraction": 0.289, "gradient_norm_mean": 29.894169921875, "gradient_norm_max": 457.8539733886719, "step_seconds": 0.2912835478782654, "innovation_std_sum": 25.113722579427673, "noise_marginal_std_sum": 29.33162184778228}
{"epoch": 5, "step": 310, "train_loss": 0.4871995593655494, "clip_fraction": 0.28174193548387094, "epsilon": 8.000000000000005, "accuracy": 0.8240792671527388, "validation_loss": 0.5219303294417346, "validation_examples": 5349}
