/home/longt29/miniconda3/envs/curve/lib/python3.11/site-packages/torchvision/datasets/cifar.py:83: VisibleDeprecationWarning: dtype(): align should be passed as Python or NumPy boolean but got `align=0`. Did you mean to pass a tuple to create a subarray type? (Deprecated NumPy 2.4)
  entry = pickle.load(f, encoding="latin1")
{"status": "running", "method": "nonprivate_hybrid", "seed": 20261001, "calibration": null, "coefficients": [1.0]}
{"event": "logical_progress", "step": 1, "train_loss": 5.180809692382812, "clip_fraction": null}
{"event": "logical_progress", "step": 25, "train_loss": 4.069090749511719, "clip_fraction": null}
{"event": "logical_progress", "step": 50, "train_loss": 3.1521795349121096, "clip_fraction": null}
{"epoch": 1, "logical_steps": 50, "train_examples": 50000, "train_loss": 3.1521795349121096, "test_loss": 1.1962309020996094, "test_top1": 0.6873, "clip_fraction": null, "epsilon": null, "delta": null, "seconds": 90.6703380504623}
{"event": "logical_progress", "step": 75, "train_loss": 1.4786679833984375, "clip_fraction": null}
{"event": "logical_progress", "step": 100, "train_loss": 1.3552012338256836, "clip_fraction": null}
{"epoch": 2, "logical_steps": 100, "train_examples": 50000, "train_loss": 1.3552012338256836, "test_loss": 0.6624042251586914, "test_top1": 0.8005, "clip_fraction": null, "epsilon": null, "delta": null, "seconds": 172.59147188533098}
{"event": "logical_progress", "step": 125, "train_loss": 1.107018268432617, "clip_fraction": null}
{"event": "logical_progress", "step": 150, "train_loss": 1.0600767434692382, "clip_fraction": null}
{"epoch": 3, "logical_steps": 150, "train_examples": 50000, "train_loss": 1.0600767434692382, "test_loss": 0.5421102470397949, "test_top1": 0.8332, "clip_fraction": null, "epsilon": null, "delta": null, "seconds": 254.46690652519464}
{"event": "logical_progress", "step": 175, "train_loss": 0.9706749133300782, "clip_fraction": null}
{"event": "logical_progress", "step": 200, "train_loss": 0.9381074584960938, "clip_fraction": null}
{"epoch": 4, "logical_steps": 200, "train_examples": 50000, "train_loss": 0.9381074584960938, "test_loss": 0.4977310218811035, "test_top1": 0.8431, "clip_fraction": null, "epsilon": null, "delta": null, "seconds": 336.9601457314566}
{"event": "logical_progress", "step": 225, "train_loss": 0.8910388256835937, "clip_fraction": null}
{"event": "logical_progress", "step": 250, "train_loss": 0.863387548828125, "clip_fraction": null}
{"epoch": 5, "logical_steps": 250, "train_examples": 50000, "train_loss": 0.863387548828125, "test_loss": 0.47170487670898437, "test_top1": 0.8522, "clip_fraction": null, "epsilon": null, "delta": null, "seconds": 419.8155834339559}
{"status": "completed", "result_dir": "/media/data/data/lt/dp-adam-correlated/exp3/results/search/A/a05_muon_0.0003"}
