Loading weights:   0%|          | 0/39 [00:00<?, ?it/s]Loading weights: 100%|██████████| 39/39 [00:00<00:00, 18845.38it/s]
[transformers] [1mBertModel LOAD REPORT[0m from: /media/data/data/lt/dp-adam-correlated/cache/bert-tiny
Key                                        | Status     |  | 
-------------------------------------------+------------+--+-
cls.seq_relationship.weight                | UNEXPECTED |  | 
cls.seq_relationship.bias                  | UNEXPECTED |  | 
cls.predictions.transform.dense.bias       | UNEXPECTED |  | 
cls.predictions.transform.LayerNorm.weight | UNEXPECTED |  | 
cls.predictions.transform.LayerNorm.bias   | UNEXPECTED |  | 
cls.predictions.transform.dense.weight     | UNEXPECTED |  | 
cls.predictions.decoder.bias               | UNEXPECTED |  | 
cls.predictions.bias                       | UNEXPECTED |  | 
cls.predictions.decoder.weight             | UNEXPECTED |  | 

Notes:
- UNEXPECTED:	can be ignored when loading from different task/architecture; not ok if you expect identical arch.
sys:1: UserWarning: Full backward hook is firing when gradients are computed with respect to module outputs since no inputs require gradients. See https://docs.pytorch.org/docs/main/generated/torch.nn.Module.html#torch.nn.Module.register_full_backward_hook for more details.
{"step": 10, "epoch": 1, "train_loss": 0.7648225708007812, "clip_fraction": 0.471, "gradient_norm_mean": 348.585375, "gradient_norm_max": 851.0926513671875, "step_seconds": 0.26811117865145206, "innovation_std_sum": 753.4116773828302, "noise_marginal_std_sum": 879.9486554334685}
{"step": 20, "epoch": 1, "train_loss": 0.666959716796875, "clip_fraction": 0.263, "gradient_norm_mean": 278.49615625, "gradient_norm_max": 505.91253662109375, "step_seconds": 0.2729481887072325, "innovation_std_sum": 753.4116773828302, "noise_marginal_std_sum": 879.9486554334685}
{"step": 30, "epoch": 1, "train_loss": 0.6641151123046874, "clip_fraction": 0.536, "gradient_norm_mean": 343.1696875, "gradient_norm_max": 899.0573120117188, "step_seconds": 0.270101822912693, "innovation_std_sum": 753.4116773828302, "noise_marginal_std_sum": 879.9486554334685}
{"step": 40, "epoch": 1, "train_loss": 0.641273193359375, "clip_fraction": 0.705, "gradient_norm_mean": 416.133375, "gradient_norm_max": 1123.5479736328125, "step_seconds": 0.28573635034263134, "innovation_std_sum": 753.4116773828302, "noise_marginal_std_sum": 879.9486554334685}
{"step": 50, "epoch": 1, "train_loss": 0.6508135986328125, "clip_fraction": 0.708, "gradient_norm_mean": 522.46484375, "gradient_norm_max": 1556.1201171875, "step_seconds": 0.2745853289961815, "innovation_std_sum": 753.4116773828302, "noise_marginal_std_sum": 879.9486554334685}
{"step": 60, "epoch": 1, "train_loss": 0.60734814453125, "clip_fraction": 0.794, "gradient_norm_mean": 627.518625, "gradient_norm_max": 1841.794677734375, "step_seconds": 0.28110559843480587, "innovation_std_sum": 753.4116773828302, "noise_marginal_std_sum": 879.9486554334685}
{"epoch": 1, "step": 62, "train_loss": 0.6657838646673387, "clip_fraction": 0.5961290322580645, "epsilon": 3.0540894402664507, "accuracy": 0.6934006356328286, "validation_loss": 0.5722797348869696, "validation_examples": 5349}
{"step": 70, "epoch": 2, "train_loss": 0.595197998046875, "clip_fraction": 0.71, "gradient_norm_mean": 748.4775, "gradient_norm_max": 2309.034423828125, "step_seconds": 0.22667375952005386, "innovation_std_sum": 753.4116773828302, "noise_marginal_std_sum": 879.9486554334685}
{"step": 80, "epoch": 2, "train_loss": 0.579397705078125, "clip_fraction": 0.727, "gradient_norm_mean": 850.588, "gradient_norm_max": 3457.89404296875, "step_seconds": 0.28872622177004814, "innovation_std_sum": 753.4116773828302, "noise_marginal_std_sum": 879.9486554334685}
{"step": 90, "epoch": 2, "train_loss": 0.5672485961914062, "clip_fraction": 0.638, "gradient_norm_mean": 951.87275, "gradient_norm_max": 4966.94677734375, "step_seconds": 0.2852687295526266, "innovation_std_sum": 753.4116773828302, "noise_marginal_std_sum": 879.9486554334685}
{"step": 100, "epoch": 2, "train_loss": 0.5936715698242188, "clip_fraction": 0.622, "gradient_norm_mean": 1114.1665, "gradient_norm_max": 5301.83984375, "step_seconds": 0.2821279652416706, "innovation_std_sum": 753.4116773828302, "noise_marginal_std_sum": 879.9486554334685}
{"step": 110, "epoch": 2, "train_loss": 0.606631591796875, "clip_fraction": 0.552, "gradient_norm_mean": 1199.829625, "gradient_norm_max": 6714.11865234375, "step_seconds": 0.28142433799803257, "innovation_std_sum": 753.4116773828302, "noise_marginal_std_sum": 879.9486554334685}
{"step": 120, "epoch": 2, "train_loss": 0.56386962890625, "clip_fraction": 0.542, "gradient_norm_mean": 1242.457625, "gradient_norm_max": 7166.96630859375, "step_seconds": 0.2767917774617672, "innovation_std_sum": 753.4116773828302, "noise_marginal_std_sum": 879.9486554334685}
{"epoch": 2, "step": 124, "train_loss": 0.5902148831275201, "clip_fraction": 0.6408870967741935, "epsilon": 4.610238743691145, "accuracy": 0.7552813610020565, "validation_loss": 0.6354226878835322, "validation_examples": 5349}
{"step": 130, "epoch": 3, "train_loss": 0.6098255004882812, "clip_fraction": 0.507, "gradient_norm_mean": 1314.18375, "gradient_norm_max": 6692.96484375, "step_seconds": 0.1981817875057459, "innovation_std_sum": 753.4116773828302, "noise_marginal_std_sum": 879.9486554334685}
{"step": 140, "epoch": 3, "train_loss": 0.655449462890625, "clip_fraction": 0.494, "gradient_norm_mean": 1425.46025, "gradient_norm_max": 8753.931640625, "step_seconds": 0.28895168378949165, "innovation_std_sum": 753.4116773828302, "noise_marginal_std_sum": 879.9486554334685}
{"step": 150, "epoch": 3, "train_loss": 0.6394185791015625, "clip_fraction": 0.485, "gradient_norm_mean": 1306.082625, "gradient_norm_max": 7656.96630859375, "step_seconds": 0.28709044121205807, "innovation_std_sum": 753.4116773828302, "noise_marginal_std_sum": 879.9486554334685}
{"step": 160, "epoch": 3, "train_loss": 0.6830845947265625, "clip_fraction": 0.488, "gradient_norm_mean": 1422.844, "gradient_norm_max": 9226.765625, "step_seconds": 0.28887227177619934, "innovation_std_sum": 753.4116773828302, "noise_marginal_std_sum": 879.9486554334685}
{"step": 170, "epoch": 3, "train_loss": 0.6800625610351563, "clip_fraction": 0.48, "gradient_norm_mean": 1419.585125, "gradient_norm_max": 8268.5654296875, "step_seconds": 0.286332331597805, "innovation_std_sum": 753.4116773828302, "noise_marginal_std_sum": 879.9486554334685}
{"step": 180, "epoch": 3, "train_loss": 0.6902454223632812, "clip_fraction": 0.467, "gradient_norm_mean": 1350.278875, "gradient_norm_max": 7750.52783203125, "step_seconds": 0.28731280751526356, "innovation_std_sum": 753.4116773828302, "noise_marginal_std_sum": 879.9486554334685}
{"epoch": 3, "step": 186, "train_loss": 0.6341577808010963, "clip_fraction": 0.4814193548387097, "epsilon": 5.873890881586911, "accuracy": 0.7752851000186951, "validation_loss": 0.6433676389650355, "validation_examples": 5349}
{"step": 190, "epoch": 4, "train_loss": 0.5717393188476563, "clip_fraction": 0.461, "gradient_norm_mean": 1335.722375, "gradient_norm_max": 8275.310546875, "step_seconds": 0.2749079316854477, "innovation_std_sum": 753.4116773828302, "noise_marginal_std_sum": 879.9486554334685}
{"step": 200, "epoch": 4, "train_loss": 0.62527392578125, "clip_fraction": 0.451, "gradient_norm_mean": 1262.991125, "gradient_norm_max": 9276.2578125, "step_seconds": 0.12790840864181519, "innovation_std_sum": 753.4116773828302, "noise_marginal_std_sum": 879.9486554334685}
{"step": 210, "epoch": 4, "train_loss": 0.6649893798828125, "clip_fraction": 0.455, "gradient_norm_mean": 1365.40675, "gradient_norm_max": 8416.4814453125, "step_seconds": 0.291472589597106, "innovation_std_sum": 753.4116773828302, "noise_marginal_std_sum": 879.9486554334685}
{"step": 220, "epoch": 4, "train_loss": 0.60485498046875, "clip_fraction": 0.427, "gradient_norm_mean": 1278.5395, "gradient_norm_max": 8312.2568359375, "step_seconds": 0.2877269219607115, "innovation_std_sum": 753.4116773828302, "noise_marginal_std_sum": 879.9486554334685}
{"step": 230, "epoch": 4, "train_loss": 0.641462158203125, "clip_fraction": 0.43, "gradient_norm_mean": 1292.36925, "gradient_norm_max": 10004.603515625, "step_seconds": 0.2884164433926344, "innovation_std_sum": 753.4116773828302, "noise_marginal_std_sum": 879.9486554334685}
{"step": 240, "epoch": 4, "train_loss": 0.58219384765625, "clip_fraction": 0.427, "gradient_norm_mean": 1252.77075, "gradient_norm_max": 9265.4873046875, "step_seconds": 0.29272340051829815, "innovation_std_sum": 753.4116773828302, "noise_marginal_std_sum": 879.9486554334685}
{"epoch": 4, "step": 248, "train_loss": 0.6185740883119645, "clip_fraction": 0.43133870967741933, "epsilon": 6.985551657770655, "accuracy": 0.7898672649093288, "validation_loss": 0.6169640788365177, "validation_examples": 5349}
{"step": 250, "epoch": 5, "train_loss": 0.663572509765625, "clip_fraction": 0.401, "gradient_norm_mean": 1143.18425, "gradient_norm_max": 8294.5751953125, "step_seconds": 0.2855914831161499, "innovation_std_sum": 753.4116773828302, "noise_marginal_std_sum": 879.9486554334685}
{"step": 260, "epoch": 5, "train_loss": 0.6096328125, "clip_fraction": 0.412, "gradient_norm_mean": 1227.5335, "gradient_norm_max": 9796.1181640625, "step_seconds": 0.29389762692153454, "innovation_std_sum": 753.4116773828302, "noise_marginal_std_sum": 879.9486554334685}
{"step": 270, "epoch": 5, "train_loss": 0.5723513793945313, "clip_fraction": 0.403, "gradient_norm_mean": 1158.15775, "gradient_norm_max": 8186.193359375, "step_seconds": 0.2911465410143137, "innovation_std_sum": 753.4116773828302, "noise_marginal_std_sum": 879.9486554334685}
{"step": 280, "epoch": 5, "train_loss": 0.5855955810546875, "clip_fraction": 0.411, "gradient_norm_mean": 1219.84325, "gradient_norm_max": 8053.4853515625, "step_seconds": 0.29186081141233444, "innovation_std_sum": 753.4116773828302, "noise_marginal_std_sum": 879.9486554334685}
{"step": 290, "epoch": 5, "train_loss": 0.5738009643554688, "clip_fraction": 0.394, "gradient_norm_mean": 1138.60225, "gradient_norm_max": 10422.53125, "step_seconds": 0.29139348305761814, "innovation_std_sum": 753.4116773828302, "noise_marginal_std_sum": 879.9486554334685}
{"step": 300, "epoch": 5, "train_loss": 0.5644574584960937, "clip_fraction": 0.363, "gradient_norm_mean": 1115.497, "gradient_norm_max": 11561.2373046875, "step_seconds": 0.2964323814958334, "innovation_std_sum": 753.4116773828302, "noise_marginal_std_sum": 879.9486554334685}
{"step": 310, "epoch": 5, "train_loss": 0.6237002563476562, "clip_fraction": 0.407, "gradient_norm_mean": 1158.26075, "gradient_norm_max": 12046.1943359375, "step_seconds": 0.29284631460905075, "innovation_std_sum": 753.4116773828302, "noise_marginal_std_sum": 879.9486554334685}
{"epoch": 5, "step": 310, "train_loss": 0.5985098015569872, "clip_fraction": 0.4019032258064516, "epsilon": 8.000000000000005, "accuracy": 0.7995887081697514, "validation_loss": 0.5859450523731619, "validation_examples": 5349}
