Loading weights:   0%|          | 0/39 [00:00<?, ?it/s]Loading weights: 100%|██████████| 39/39 [00:00<00:00, 17014.55it/s]
[transformers] [1mBertModel LOAD REPORT[0m from: /media/data/data/lt/dp-adam-correlated/cache/bert-tiny
Key                                        | Status     |  | 
-------------------------------------------+------------+--+-
cls.predictions.decoder.weight             | UNEXPECTED |  | 
cls.predictions.transform.LayerNorm.bias   | UNEXPECTED |  | 
cls.predictions.transform.LayerNorm.weight | UNEXPECTED |  | 
cls.seq_relationship.bias                  | UNEXPECTED |  | 
cls.seq_relationship.weight                | UNEXPECTED |  | 
cls.predictions.decoder.bias               | UNEXPECTED |  | 
cls.predictions.bias                       | UNEXPECTED |  | 
cls.predictions.transform.dense.bias       | UNEXPECTED |  | 
cls.predictions.transform.dense.weight     | UNEXPECTED |  | 

Notes:
- UNEXPECTED:	can be ignored when loading from different task/architecture; not ok if you expect identical arch.
sys:1: UserWarning: Full backward hook is firing when gradients are computed with respect to module outputs since no inputs require gradients. See https://docs.pytorch.org/docs/main/generated/torch.nn.Module.html#torch.nn.Module.register_full_backward_hook for more details.
{"step": 10, "epoch": 1, "train_loss": 0.6954534912109375, "clip_fraction": 0.53, "gradient_norm_mean": 118.926078125, "gradient_norm_max": 225.29928588867188, "step_seconds": 0.2637201678007841, "innovation_std_sum": 457.2045876410015, "noise_marginal_std_sum": 630.6280027905789}
{"step": 20, "epoch": 1, "train_loss": 0.6998623046875, "clip_fraction": 0.603, "gradient_norm_mean": 148.356328125, "gradient_norm_max": 342.3580322265625, "step_seconds": 0.267577163875103, "innovation_std_sum": 457.2045876410015, "noise_marginal_std_sum": 630.6280027905789}
{"step": 30, "epoch": 1, "train_loss": 0.6764462890625, "clip_fraction": 0.724, "gradient_norm_mean": 194.000234375, "gradient_norm_max": 495.7256164550781, "step_seconds": 0.26859688200056553, "innovation_std_sum": 457.2045876410015, "noise_marginal_std_sum": 630.6280027905789}
{"step": 40, "epoch": 1, "train_loss": 0.6229974365234375, "clip_fraction": 0.82, "gradient_norm_mean": 236.795140625, "gradient_norm_max": 646.2144775390625, "step_seconds": 0.2681575771421194, "innovation_std_sum": 457.2045876410015, "noise_marginal_std_sum": 630.6280027905789}
{"step": 50, "epoch": 1, "train_loss": 0.661601318359375, "clip_fraction": 0.709, "gradient_norm_mean": 307.041375, "gradient_norm_max": 1040.2869873046875, "step_seconds": 0.26839262060821056, "innovation_std_sum": 457.2045876410015, "noise_marginal_std_sum": 630.6280027905789}
{"step": 60, "epoch": 1, "train_loss": 0.583681884765625, "clip_fraction": 0.742, "gradient_norm_mean": 353.54034375, "gradient_norm_max": 1248.389404296875, "step_seconds": 0.2474607266485691, "innovation_std_sum": 457.2045876410015, "noise_marginal_std_sum": 630.6280027905789}
{"epoch": 1, "step": 62, "train_loss": 0.6626646196919103, "clip_fraction": 0.681741935483871, "epsilon": 2.983473211150575, "accuracy": 0.7175172929519537, "validation_loss": 0.5816857464002836, "validation_examples": 5349}
{"step": 70, "epoch": 2, "train_loss": 0.6087127075195312, "clip_fraction": 0.653, "gradient_norm_mean": 414.092875, "gradient_norm_max": 1512.447998046875, "step_seconds": 0.17828522250056267, "innovation_std_sum": 457.2045876410015, "noise_marginal_std_sum": 630.6280027905789}
{"step": 80, "epoch": 2, "train_loss": 0.650335693359375, "clip_fraction": 0.619, "gradient_norm_mean": 473.3580625, "gradient_norm_max": 2223.269287109375, "step_seconds": 0.27001655474305153, "innovation_std_sum": 457.2045876410015, "noise_marginal_std_sum": 630.6280027905789}
{"step": 90, "epoch": 2, "train_loss": 0.647275634765625, "clip_fraction": 0.546, "gradient_norm_mean": 477.812375, "gradient_norm_max": 3072.862060546875, "step_seconds": 0.2682217229157686, "innovation_std_sum": 457.2045876410015, "noise_marginal_std_sum": 630.6280027905789}
{"step": 100, "epoch": 2, "train_loss": 0.66261181640625, "clip_fraction": 0.552, "gradient_norm_mean": 535.357125, "gradient_norm_max": 2844.1044921875, "step_seconds": 0.26791655644774437, "innovation_std_sum": 457.2045876410015, "noise_marginal_std_sum": 630.6280027905789}
{"step": 110, "epoch": 2, "train_loss": 0.6850413818359375, "clip_fraction": 0.496, "gradient_norm_mean": 546.792375, "gradient_norm_max": 3590.5517578125, "step_seconds": 0.2642205413430929, "innovation_std_sum": 457.2045876410015, "noise_marginal_std_sum": 630.6280027905789}
{"step": 120, "epoch": 2, "train_loss": 0.63173388671875, "clip_fraction": 0.498, "gradient_norm_mean": 531.0229375, "gradient_norm_max": 3631.82177734375, "step_seconds": 0.26404860615730286, "innovation_std_sum": 457.2045876410015, "noise_marginal_std_sum": 630.6280027905789}
{"epoch": 2, "step": 124, "train_loss": 0.6480347772413685, "clip_fraction": 0.5722096774193548, "epsilon": 4.566965972959099, "accuracy": 0.7683679192372406, "validation_loss": 0.710028871774094, "validation_examples": 5349}
{"step": 130, "epoch": 3, "train_loss": 0.658505126953125, "clip_fraction": 0.477, "gradient_norm_mean": 579.3678125, "gradient_norm_max": 3522.87451171875, "step_seconds": 0.26923682913184166, "innovation_std_sum": 457.2045876410015, "noise_marginal_std_sum": 630.6280027905789}
{"step": 140, "epoch": 3, "train_loss": 0.7055208129882813, "clip_fraction": 0.476, "gradient_norm_mean": 618.96525, "gradient_norm_max": 3436.82568359375, "step_seconds": 0.26933055743575096, "innovation_std_sum": 457.2045876410015, "noise_marginal_std_sum": 630.6280027905789}
{"step": 150, "epoch": 3, "train_loss": 0.6968447265625, "clip_fraction": 0.476, "gradient_norm_mean": 567.94675, "gradient_norm_max": 3515.53662109375, "step_seconds": 0.2688421420753002, "innovation_std_sum": 457.2045876410015, "noise_marginal_std_sum": 630.6280027905789}
{"step": 160, "epoch": 3, "train_loss": 0.7333558349609375, "clip_fraction": 0.471, "gradient_norm_mean": 608.715375, "gradient_norm_max": 3934.38330078125, "step_seconds": 0.14231197349727154, "innovation_std_sum": 457.2045876410015, "noise_marginal_std_sum": 630.6280027905789}
{"step": 170, "epoch": 3, "train_loss": 0.7203837890625, "clip_fraction": 0.469, "gradient_norm_mean": 587.754, "gradient_norm_max": 3310.98193359375, "step_seconds": 0.127154890447855, "innovation_std_sum": 457.2045876410015, "noise_marginal_std_sum": 630.6280027905789}
{"step": 180, "epoch": 3, "train_loss": 0.734414794921875, "clip_fraction": 0.463, "gradient_norm_mean": 576.33025, "gradient_norm_max": 4308.71142578125, "step_seconds": 0.2663434986025095, "innovation_std_sum": 457.2045876410015, "noise_marginal_std_sum": 630.6280027905789}
{"epoch": 3, "step": 186, "train_loss": 0.679480002126386, "clip_fraction": 0.4667258064516129, "epsilon": 5.849088165717443, "accuracy": 0.782576182464012, "validation_loss": 0.6953532878072001, "validation_examples": 5349}
{"step": 190, "epoch": 4, "train_loss": 0.5813924560546875, "clip_fraction": 0.457, "gradient_norm_mean": 576.3035, "gradient_norm_max": 4157.23193359375, "step_seconds": 0.27093042619526386, "innovation_std_sum": 457.2045876410015, "noise_marginal_std_sum": 630.6280027905789}
{"step": 200, "epoch": 4, "train_loss": 0.6603511962890625, "clip_fraction": 0.459, "gradient_norm_mean": 554.0488125, "gradient_norm_max": 4049.916259765625, "step_seconds": 0.26847757771611214, "innovation_std_sum": 457.2045876410015, "noise_marginal_std_sum": 630.6280027905789}
{"step": 210, "epoch": 4, "train_loss": 0.6994165649414062, "clip_fraction": 0.445, "gradient_norm_mean": 594.4850625, "gradient_norm_max": 3915.9375, "step_seconds": 0.1516007725149393, "innovation_std_sum": 457.2045876410015, "noise_marginal_std_sum": 630.6280027905789}
{"step": 220, "epoch": 4, "train_loss": 0.63118994140625, "clip_fraction": 0.436, "gradient_norm_mean": 530.19775, "gradient_norm_max": 3254.58154296875, "step_seconds": 0.2679827455431223, "innovation_std_sum": 457.2045876410015, "noise_marginal_std_sum": 630.6280027905789}
{"step": 230, "epoch": 4, "train_loss": 0.6710208129882812, "clip_fraction": 0.436, "gradient_norm_mean": 562.9366875, "gradient_norm_max": 3810.83642578125, "step_seconds": 0.2699205931276083, "innovation_std_sum": 457.2045876410015, "noise_marginal_std_sum": 630.6280027905789}
{"step": 240, "epoch": 4, "train_loss": 0.6358572998046875, "clip_fraction": 0.426, "gradient_norm_mean": 558.902, "gradient_norm_max": 3830.7734375, "step_seconds": 0.2708872687071562, "innovation_std_sum": 457.2045876410015, "noise_marginal_std_sum": 630.6280027905789}
{"epoch": 4, "step": 248, "train_loss": 0.6513558507119456, "clip_fraction": 0.42920967741935484, "epsilon": 6.974398475295221, "accuracy": 0.7904281174051224, "validation_loss": 0.6665901758889659, "validation_examples": 5349}
{"step": 250, "epoch": 5, "train_loss": 0.7010674438476563, "clip_fraction": 0.405, "gradient_norm_mean": 501.3813125, "gradient_norm_max": 3692.41748046875, "step_seconds": 0.25856830552220345, "innovation_std_sum": 457.2045876410015, "noise_marginal_std_sum": 630.6280027905789}
{"step": 260, "epoch": 5, "train_loss": 0.643451416015625, "clip_fraction": 0.41, "gradient_norm_mean": 546.07175, "gradient_norm_max": 4452.8603515625, "step_seconds": 0.2662923913449049, "innovation_std_sum": 457.2045876410015, "noise_marginal_std_sum": 630.6280027905789}
{"step": 270, "epoch": 5, "train_loss": 0.605059326171875, "clip_fraction": 0.407, "gradient_norm_mean": 501.3415, "gradient_norm_max": 3748.94970703125, "step_seconds": 0.1316308993846178, "innovation_std_sum": 457.2045876410015, "noise_marginal_std_sum": 630.6280027905789}
{"step": 280, "epoch": 5, "train_loss": 0.604071044921875, "clip_fraction": 0.417, "gradient_norm_mean": 519.167, "gradient_norm_max": 3750.182373046875, "step_seconds": 0.27070009894669056, "innovation_std_sum": 457.2045876410015, "noise_marginal_std_sum": 630.6280027905789}
{"step": 290, "epoch": 5, "train_loss": 0.6040965576171875, "clip_fraction": 0.394, "gradient_norm_mean": 500.0581875, "gradient_norm_max": 3946.361572265625, "step_seconds": 0.2710968554019928, "innovation_std_sum": 457.2045876410015, "noise_marginal_std_sum": 630.6280027905789}
{"step": 300, "epoch": 5, "train_loss": 0.589833251953125, "clip_fraction": 0.388, "gradient_norm_mean": 480.7699375, "gradient_norm_max": 4189.2158203125, "step_seconds": 0.2709031105041504, "innovation_std_sum": 457.2045876410015, "noise_marginal_std_sum": 630.6280027905789}
{"step": 310, "epoch": 5, "train_loss": 0.6387135620117188, "clip_fraction": 0.392, "gradient_norm_mean": 496.302, "gradient_norm_max": 3855.28662109375, "step_seconds": 0.27170924469828606, "innovation_std_sum": 457.2045876410015, "noise_marginal_std_sum": 630.6280027905789}
{"epoch": 5, "step": 310, "train_loss": 0.6236547969695061, "clip_fraction": 0.40516129032258064, "epsilon": 8.000000000000005, "accuracy": 0.8035146756403067, "validation_loss": 0.6212110029111111, "validation_examples": 5349}
