Loading weights:   0%|          | 0/39 [00:00<?, ?it/s]Loading weights: 100%|██████████| 39/39 [00:00<00:00, 12464.02it/s]
[transformers] [1mBertModel LOAD REPORT[0m from: /media/data/data/lt/dp-adam-correlated/cache/bert-tiny
Key                                        | Status     |  | 
-------------------------------------------+------------+--+-
cls.predictions.transform.dense.bias       | UNEXPECTED |  | 
cls.predictions.transform.LayerNorm.weight | UNEXPECTED |  | 
cls.predictions.bias                       | UNEXPECTED |  | 
cls.predictions.transform.LayerNorm.bias   | UNEXPECTED |  | 
cls.predictions.decoder.bias               | UNEXPECTED |  | 
cls.predictions.transform.dense.weight     | UNEXPECTED |  | 
cls.seq_relationship.bias                  | UNEXPECTED |  | 
cls.predictions.decoder.weight             | UNEXPECTED |  | 
cls.seq_relationship.weight                | UNEXPECTED |  | 

Notes:
- UNEXPECTED:	can be ignored when loading from different task/architecture; not ok if you expect identical arch.
sys:1: UserWarning: Full backward hook is firing when gradients are computed with respect to module outputs since no inputs require gradients. See https://docs.pytorch.org/docs/main/generated/torch.nn.Module.html#torch.nn.Module.register_full_backward_hook for more details.
{"step": 10, "epoch": 1, "train_loss": 0.688166015625, "clip_fraction": 0.0, "gradient_norm_mean": 38.40012109375, "gradient_norm_max": 67.43304443359375, "step_seconds": 0.1475326120853424, "innovation_std_sum": 512.8644435247487, "noise_marginal_std_sum": 577.8622026533709}
{"step": 20, "epoch": 1, "train_loss": 0.6481995849609375, "clip_fraction": 0.0, "gradient_norm_mean": 44.1917890625, "gradient_norm_max": 116.00603485107422, "step_seconds": 0.27267416194081306, "innovation_std_sum": 512.8644435247487, "noise_marginal_std_sum": 577.8622026533709}
{"step": 30, "epoch": 1, "train_loss": 0.6309701538085938, "clip_fraction": 0.0, "gradient_norm_mean": 54.2873125, "gradient_norm_max": 118.18754577636719, "step_seconds": 0.2719828672707081, "innovation_std_sum": 512.8644435247487, "noise_marginal_std_sum": 577.8622026533709}
{"step": 40, "epoch": 1, "train_loss": 0.618956787109375, "clip_fraction": 0.0, "gradient_norm_mean": 62.36833984375, "gradient_norm_max": 147.19200134277344, "step_seconds": 0.2720924373716116, "innovation_std_sum": 512.8644435247487, "noise_marginal_std_sum": 577.8622026533709}
{"step": 50, "epoch": 1, "train_loss": 0.5867113037109375, "clip_fraction": 0.0, "gradient_norm_mean": 70.431671875, "gradient_norm_max": 188.56634521484375, "step_seconds": 0.27196729369461536, "innovation_std_sum": 512.8644435247487, "noise_marginal_std_sum": 577.8622026533709}
{"step": 60, "epoch": 1, "train_loss": 0.5763772583007812, "clip_fraction": 0.0, "gradient_norm_mean": 76.671265625, "gradient_norm_max": 195.37660217285156, "step_seconds": 0.27319266460835934, "innovation_std_sum": 512.8644435247487, "noise_marginal_std_sum": 577.8622026533709}
{"epoch": 1, "step": 62, "train_loss": 0.6263886630150579, "clip_fraction": 0.0, "epsilon": 3.1232923300753557, "accuracy": 0.7126565713217424, "validation_loss": 0.5456187935895308, "validation_examples": 5349}
{"step": 70, "epoch": 2, "train_loss": 0.550440185546875, "clip_fraction": 0.0, "gradient_norm_mean": 80.2119765625, "gradient_norm_max": 237.00228881835938, "step_seconds": 0.17767008021473885, "innovation_std_sum": 512.8644435247487, "noise_marginal_std_sum": 577.8622026533709}
{"step": 80, "epoch": 2, "train_loss": 0.556887939453125, "clip_fraction": 0.0, "gradient_norm_mean": 82.21928125, "gradient_norm_max": 226.0693817138672, "step_seconds": 0.27480982057750225, "innovation_std_sum": 512.8644435247487, "noise_marginal_std_sum": 577.8622026533709}
{"step": 90, "epoch": 2, "train_loss": 0.5090476684570312, "clip_fraction": 0.0, "gradient_norm_mean": 78.0194453125, "gradient_norm_max": 242.4748992919922, "step_seconds": 0.2744888123124838, "innovation_std_sum": 512.8644435247487, "noise_marginal_std_sum": 577.8622026533709}
{"step": 100, "epoch": 2, "train_loss": 0.5131157836914062, "clip_fraction": 0.001, "gradient_norm_mean": 79.964421875, "gradient_norm_max": 306.83477783203125, "step_seconds": 0.2724731657654047, "innovation_std_sum": 512.8644435247487, "noise_marginal_std_sum": 577.8622026533709}
{"step": 110, "epoch": 2, "train_loss": 0.4766129150390625, "clip_fraction": 0.001, "gradient_norm_mean": 76.60440625, "gradient_norm_max": 301.4203186035156, "step_seconds": 0.27409620210528374, "innovation_std_sum": 512.8644435247487, "noise_marginal_std_sum": 577.8622026533709}
{"step": 120, "epoch": 2, "train_loss": 0.4675357055664062, "clip_fraction": 0.0, "gradient_norm_mean": 76.234375, "gradient_norm_max": 277.1212158203125, "step_seconds": 0.12943222932517529, "innovation_std_sum": 512.8644435247487, "noise_marginal_std_sum": 577.8622026533709}
{"epoch": 2, "step": 124, "train_loss": 0.5193126550489856, "clip_fraction": 0.0004032258064516129, "epsilon": 4.65092091490115, "accuracy": 0.7691157225649654, "validation_loss": 0.4810339891480428, "validation_examples": 5349}
{"step": 130, "epoch": 3, "train_loss": 0.48784939575195313, "clip_fraction": 0.001, "gradient_norm_mean": 79.783234375, "gradient_norm_max": 322.45208740234375, "step_seconds": 0.27338752523064613, "innovation_std_sum": 512.8644435247487, "noise_marginal_std_sum": 577.8622026533709}
{"step": 140, "epoch": 3, "train_loss": 0.48577285766601563, "clip_fraction": 0.001, "gradient_norm_mean": 81.258140625, "gradient_norm_max": 321.0143127441406, "step_seconds": 0.2725095618516207, "innovation_std_sum": 512.8644435247487, "noise_marginal_std_sum": 577.8622026533709}
{"step": 150, "epoch": 3, "train_loss": 0.47418206787109374, "clip_fraction": 0.0, "gradient_norm_mean": 78.2924296875, "gradient_norm_max": 281.1382751464844, "step_seconds": 0.2714273165911436, "innovation_std_sum": 512.8644435247487, "noise_marginal_std_sum": 577.8622026533709}
{"step": 160, "epoch": 3, "train_loss": 0.5060924682617187, "clip_fraction": 0.001, "gradient_norm_mean": 82.6280625, "gradient_norm_max": 386.7481994628906, "step_seconds": 0.2759865988045931, "innovation_std_sum": 512.8644435247487, "noise_marginal_std_sum": 577.8622026533709}
{"step": 170, "epoch": 3, "train_loss": 0.48072213745117187, "clip_fraction": 0.002, "gradient_norm_mean": 79.486953125, "gradient_norm_max": 335.576171875, "step_seconds": 0.27633544988930225, "innovation_std_sum": 512.8644435247487, "noise_marginal_std_sum": 577.8622026533709}
{"step": 180, "epoch": 3, "train_loss": 0.4949624938964844, "clip_fraction": 0.006, "gradient_norm_mean": 83.855796875, "gradient_norm_max": 452.7200012207031, "step_seconds": 0.27622538432478905, "innovation_std_sum": 512.8644435247487, "noise_marginal_std_sum": 577.8622026533709}
{"epoch": 3, "step": 186, "train_loss": 0.4755606901107296, "clip_fraction": 0.0019032258064516129, "epsilon": 5.8971720333737725, "accuracy": 0.7975322490185082, "validation_loss": 0.4434073792816122, "validation_examples": 5349}
{"step": 190, "epoch": 4, "train_loss": 0.4402818603515625, "clip_fraction": 0.001, "gradient_norm_mean": 77.9354375, "gradient_norm_max": 303.84442138671875, "step_seconds": 0.27552816830575466, "innovation_std_sum": 512.8644435247487, "noise_marginal_std_sum": 577.8622026533709}
{"step": 200, "epoch": 4, "train_loss": 0.4706494140625, "clip_fraction": 0.003, "gradient_norm_mean": 79.72025, "gradient_norm_max": 356.483642578125, "step_seconds": 0.18425754643976688, "innovation_std_sum": 512.8644435247487, "noise_marginal_std_sum": 577.8622026533709}
{"step": 210, "epoch": 4, "train_loss": 0.455568603515625, "clip_fraction": 0.004, "gradient_norm_mean": 77.860703125, "gradient_norm_max": 373.1024169921875, "step_seconds": 0.27600698359310627, "innovation_std_sum": 512.8644435247487, "noise_marginal_std_sum": 577.8622026533709}
{"step": 220, "epoch": 4, "train_loss": 0.4507817993164063, "clip_fraction": 0.003, "gradient_norm_mean": 76.2653984375, "gradient_norm_max": 392.8758544921875, "step_seconds": 0.2763479966670275, "innovation_std_sum": 512.8644435247487, "noise_marginal_std_sum": 577.8622026533709}
{"step": 230, "epoch": 4, "train_loss": 0.43657894897460936, "clip_fraction": 0.005, "gradient_norm_mean": 76.9320546875, "gradient_norm_max": 343.5953063964844, "step_seconds": 0.2755266334861517, "innovation_std_sum": 512.8644435247487, "noise_marginal_std_sum": 577.8622026533709}
{"step": 240, "epoch": 4, "train_loss": 0.46256866455078127, "clip_fraction": 0.001, "gradient_norm_mean": 79.3508515625, "gradient_norm_max": 514.0339965820312, "step_seconds": 0.27592763863503933, "innovation_std_sum": 512.8644435247487, "noise_marginal_std_sum": 577.8622026533709}
{"epoch": 4, "step": 248, "train_loss": 0.45044625263829385, "clip_fraction": 0.004241935483870968, "epsilon": 6.99603312968092, "accuracy": 0.7954757898672649, "validation_loss": 0.4387077107610469, "validation_examples": 5349}
{"step": 250, "epoch": 5, "train_loss": 0.45814630126953126, "clip_fraction": 0.004, "gradient_norm_mean": 74.24359375, "gradient_norm_max": 319.0201721191406, "step_seconds": 0.26886504516005516, "innovation_std_sum": 512.8644435247487, "noise_marginal_std_sum": 577.8622026533709}
{"step": 260, "epoch": 5, "train_loss": 0.43314801025390626, "clip_fraction": 0.004, "gradient_norm_mean": 72.1267109375, "gradient_norm_max": 418.46295166015625, "step_seconds": 0.18118115328252316, "innovation_std_sum": 512.8644435247487, "noise_marginal_std_sum": 577.8622026533709}
{"step": 270, "epoch": 5, "train_loss": 0.4196474914550781, "clip_fraction": 0.005, "gradient_norm_mean": 70.19703125, "gradient_norm_max": 358.0987548828125, "step_seconds": 0.27594926953315735, "innovation_std_sum": 512.8644435247487, "noise_marginal_std_sum": 577.8622026533709}
{"step": 280, "epoch": 5, "train_loss": 0.4181175537109375, "clip_fraction": 0.005, "gradient_norm_mean": 72.6493671875, "gradient_norm_max": 352.2222900390625, "step_seconds": 0.27633320167660713, "innovation_std_sum": 512.8644435247487, "noise_marginal_std_sum": 577.8622026533709}
{"step": 290, "epoch": 5, "train_loss": 0.42228146362304686, "clip_fraction": 0.008, "gradient_norm_mean": 73.341875, "gradient_norm_max": 409.12548828125, "step_seconds": 0.27570467442274094, "innovation_std_sum": 512.8644435247487, "noise_marginal_std_sum": 577.8622026533709}
{"step": 300, "epoch": 5, "train_loss": 0.4204699401855469, "clip_fraction": 0.002, "gradient_norm_mean": 70.0518828125, "gradient_norm_max": 409.6214294433594, "step_seconds": 0.2764028739184141, "innovation_std_sum": 512.8644435247487, "noise_marginal_std_sum": 577.8622026533709}
{"step": 310, "epoch": 5, "train_loss": 0.4388905029296875, "clip_fraction": 0.006, "gradient_norm_mean": 74.0750859375, "gradient_norm_max": 355.3928527832031, "step_seconds": 0.2756214663386345, "innovation_std_sum": 512.8644435247487, "noise_marginal_std_sum": 577.8622026533709}
{"epoch": 5, "step": 310, "train_loss": 0.4320791955763294, "clip_fraction": 0.0048548387096774195, "epsilon": 8.000000000000007, "accuracy": 0.8117405122452795, "validation_loss": 0.4155571652831575, "validation_examples": 5349}
