/home/longt29/miniconda3/envs/curve/lib/python3.11/site-packages/torchvision/datasets/cifar.py:83: VisibleDeprecationWarning: dtype(): align should be passed as Python or NumPy boolean but got `align=0`. Did you mean to pass a tuple to create a subarray type? (Deprecated NumPy 2.4)
  entry = pickle.load(f, encoding="latin1")
sys:1: UserWarning: Full backward hook is firing when gradients are computed with respect to module outputs since no inputs require gradients. See https://docs.pytorch.org/docs/main/generated/torch.nn.Module.html#torch.nn.Module.register_full_backward_hook for more details.
{"step": 10, "epoch": 1, "train_loss": 4.165167724609375, "clip_fraction": 1.0, "gradient_norm_mean": 853.09721875, "gradient_norm_max": 1766.3133544921875, "step_seconds": 1.9582276325672865, "innovation_std_sum": 341.91003350271626, "noise_marginal_std_sum": 385.24192418426685}
{"step": 20, "epoch": 1, "train_loss": 3.3486301879882814, "clip_fraction": 1.0, "gradient_norm_mean": 1322.3164375, "gradient_norm_max": 4334.9833984375, "step_seconds": 1.9953172206878662, "innovation_std_sum": 341.91003350271626, "noise_marginal_std_sum": 385.24192418426685}
{"step": 30, "epoch": 1, "train_loss": 2.801927185058594, "clip_fraction": 0.995, "gradient_norm_mean": 1492.76565625, "gradient_norm_max": 6581.7841796875, "step_seconds": 1.9911974258720875, "innovation_std_sum": 341.91003350271626, "noise_marginal_std_sum": 385.24192418426685}
{"step": 40, "epoch": 1, "train_loss": 2.385479309082031, "clip_fraction": 0.973, "gradient_norm_mean": 1399.72071875, "gradient_norm_max": 4630.3408203125, "step_seconds": 2.0116231869906187, "innovation_std_sum": 341.91003350271626, "noise_marginal_std_sum": 385.24192418426685}
{"step": 50, "epoch": 1, "train_loss": 2.131478118896484, "clip_fraction": 0.947, "gradient_norm_mean": 1448.10821875, "gradient_norm_max": 6328.76708984375, "step_seconds": 2.005933867767453, "innovation_std_sum": 341.91003350271626, "noise_marginal_std_sum": 385.24192418426685}
{"epoch": 1, "step": 50, "train_loss": 3.22178846496582, "clip_fraction": 0.99112, "epsilon": 3.123288128876418, "accuracy": 0.5291, "validation_loss": 1.722795932006836, "validation_examples": 10000}
{"step": 60, "epoch": 2, "train_loss": 1.9832389221191407, "clip_fraction": 0.934, "gradient_norm_mean": 1410.73821875, "gradient_norm_max": 6032.24658203125, "step_seconds": 1.9463441409170628, "innovation_std_sum": 341.91003350271626, "noise_marginal_std_sum": 385.24192418426685}
{"step": 70, "epoch": 2, "train_loss": 1.923935302734375, "clip_fraction": 0.904, "gradient_norm_mean": 1430.24871875, "gradient_norm_max": 6076.11474609375, "step_seconds": 1.9907921254634857, "innovation_std_sum": 341.91003350271626, "noise_marginal_std_sum": 385.24192418426685}
{"step": 80, "epoch": 2, "train_loss": 1.9486370239257813, "clip_fraction": 0.887, "gradient_norm_mean": 1516.2023125, "gradient_norm_max": 7401.3193359375, "step_seconds": 1.9841702058911324, "innovation_std_sum": 341.91003350271626, "noise_marginal_std_sum": 385.24192418426685}
{"step": 90, "epoch": 2, "train_loss": 1.7549273986816407, "clip_fraction": 0.848, "gradient_norm_mean": 1453.61171875, "gradient_norm_max": 7626.7822265625, "step_seconds": 1.9970779232680798, "innovation_std_sum": 341.91003350271626, "noise_marginal_std_sum": 385.24192418426685}
{"step": 100, "epoch": 2, "train_loss": 1.647835968017578, "clip_fraction": 0.834, "gradient_norm_mean": 1474.19884375, "gradient_norm_max": 9057.9072265625, "step_seconds": 2.015265878289938, "innovation_std_sum": 341.91003350271626, "noise_marginal_std_sum": 385.24192418426685}
{"epoch": 2, "step": 100, "train_loss": 1.890860365600586, "clip_fraction": 0.89614, "epsilon": 4.650918517225292, "accuracy": 0.6523, "validation_loss": 1.2035046875, "validation_examples": 10000}
{"step": 110, "epoch": 3, "train_loss": 1.6889133911132812, "clip_fraction": 0.831, "gradient_norm_mean": 1492.47825, "gradient_norm_max": 7303.7314453125, "step_seconds": 1.9483756721019745, "innovation_std_sum": 341.91003350271626, "noise_marginal_std_sum": 385.24192418426685}
{"step": 120, "epoch": 3, "train_loss": 1.6372559204101562, "clip_fraction": 0.843, "gradient_norm_mean": 1522.0218125, "gradient_norm_max": 6685.95166015625, "step_seconds": 1.9688125364482403, "innovation_std_sum": 341.91003350271626, "noise_marginal_std_sum": 385.24192418426685}
{"step": 130, "epoch": 3, "train_loss": 1.589322021484375, "clip_fraction": 0.825, "gradient_norm_mean": 1511.846375, "gradient_norm_max": 11703.275390625, "step_seconds": 1.9798018783330917, "innovation_std_sum": 341.91003350271626, "noise_marginal_std_sum": 385.24192418426685}
{"step": 140, "epoch": 3, "train_loss": 1.6335003051757813, "clip_fraction": 0.798, "gradient_norm_mean": 1529.17634375, "gradient_norm_max": 6598.56103515625, "step_seconds": 2.0007867962121964, "innovation_std_sum": 341.91003350271626, "noise_marginal_std_sum": 385.24192418426685}
{"step": 150, "epoch": 3, "train_loss": 1.5280335083007812, "clip_fraction": 0.766, "gradient_norm_mean": 1548.8276875, "gradient_norm_max": 8466.697265625, "step_seconds": 2.0033864993602037, "innovation_std_sum": 341.91003350271626, "noise_marginal_std_sum": 385.24192418426685}
{"epoch": 3, "step": 150, "train_loss": 1.6463366925048828, "clip_fraction": 0.81764, "epsilon": 5.897170660712958, "accuracy": 0.6878, "validation_loss": 1.0795288360595703, "validation_examples": 10000}
{"step": 160, "epoch": 4, "train_loss": 1.482616912841797, "clip_fraction": 0.775, "gradient_norm_mean": 1514.530875, "gradient_norm_max": 9012.453125, "step_seconds": 1.9886742066591978, "innovation_std_sum": 341.91003350271626, "noise_marginal_std_sum": 385.24192418426685}
{"step": 170, "epoch": 4, "train_loss": 1.6108101501464844, "clip_fraction": 0.784, "gradient_norm_mean": 1627.41453125, "gradient_norm_max": 8784.0244140625, "step_seconds": 1.9690897036343813, "innovation_std_sum": 341.91003350271626, "noise_marginal_std_sum": 385.24192418426685}
{"step": 180, "epoch": 4, "train_loss": 1.618882598876953, "clip_fraction": 0.783, "gradient_norm_mean": 1615.9548125, "gradient_norm_max": 7045.50830078125, "step_seconds": 2.017836809158325, "innovation_std_sum": 341.91003350271626, "noise_marginal_std_sum": 385.24192418426685}
{"step": 190, "epoch": 4, "train_loss": 1.5106908569335937, "clip_fraction": 0.734, "gradient_norm_mean": 1529.1720625, "gradient_norm_max": 9649.0908203125, "step_seconds": 2.0117140784859657, "innovation_std_sum": 341.91003350271626, "noise_marginal_std_sum": 385.24192418426685}
{"step": 200, "epoch": 4, "train_loss": 1.4642630615234375, "clip_fraction": 0.75, "gradient_norm_mean": 1533.7015, "gradient_norm_max": 8206.1005859375, "step_seconds": 2.0281419958919287, "innovation_std_sum": 341.91003350271626, "noise_marginal_std_sum": 385.24192418426685}
{"epoch": 4, "step": 200, "train_loss": 1.5813934643554688, "clip_fraction": 0.77356, "epsilon": 6.996032511238058, "accuracy": 0.6996, "validation_loss": 1.0387376907348633, "validation_examples": 10000}
{"step": 210, "epoch": 5, "train_loss": 1.5098407287597657, "clip_fraction": 0.774, "gradient_norm_mean": 1570.228, "gradient_norm_max": 10879.7529296875, "step_seconds": 1.962114853784442, "innovation_std_sum": 341.91003350271626, "noise_marginal_std_sum": 385.24192418426685}
{"step": 220, "epoch": 5, "train_loss": 1.5737059326171876, "clip_fraction": 0.765, "gradient_norm_mean": 1679.63859375, "gradient_norm_max": 10741.4423828125, "step_seconds": 1.9731016475707293, "innovation_std_sum": 341.91003350271626, "noise_marginal_std_sum": 385.24192418426685}
{"step": 230, "epoch": 5, "train_loss": 1.6448721008300782, "clip_fraction": 0.753, "gradient_norm_mean": 1655.043625, "gradient_norm_max": 8241.3720703125, "step_seconds": 2.002091171219945, "innovation_std_sum": 341.91003350271626, "noise_marginal_std_sum": 385.24192418426685}
{"step": 240, "epoch": 5, "train_loss": 1.466963592529297, "clip_fraction": 0.738, "gradient_norm_mean": 1579.81978125, "gradient_norm_max": 9962.291015625, "step_seconds": 2.014322452247143, "innovation_std_sum": 341.91003350271626, "noise_marginal_std_sum": 385.24192418426685}
{"step": 250, "epoch": 5, "train_loss": 1.583125457763672, "clip_fraction": 0.747, "gradient_norm_mean": 1697.0396875, "gradient_norm_max": 7790.88720703125, "step_seconds": 2.018696701154113, "innovation_std_sum": 341.91003350271626, "noise_marginal_std_sum": 385.24192418426685}
{"epoch": 5, "step": 250, "train_loss": 1.553725526123047, "clip_fraction": 0.75436, "epsilon": 8.000000000000005, "accuracy": 0.7083, "validation_loss": 1.0242510650634766, "validation_examples": 10000}
