Loading weights:   0%|          | 0/39 [00:00<?, ?it/s]Loading weights: 100%|██████████| 39/39 [00:00<00:00, 18050.97it/s]
[transformers] [1mBertModel LOAD REPORT[0m from: /media/data/data/lt/dp-adam-correlated/cache/bert-tiny
Key                                        | Status     |  | 
-------------------------------------------+------------+--+-
cls.predictions.bias                       | UNEXPECTED |  | 
cls.predictions.decoder.bias               | UNEXPECTED |  | 
cls.predictions.transform.LayerNorm.weight | UNEXPECTED |  | 
cls.seq_relationship.weight                | UNEXPECTED |  | 
cls.predictions.transform.dense.weight     | UNEXPECTED |  | 
cls.predictions.transform.LayerNorm.bias   | UNEXPECTED |  | 
cls.predictions.transform.dense.bias       | UNEXPECTED |  | 
cls.predictions.decoder.weight             | UNEXPECTED |  | 
cls.seq_relationship.bias                  | UNEXPECTED |  | 

Notes:
- UNEXPECTED:	can be ignored when loading from different task/architecture; not ok if you expect identical arch.
sys:1: UserWarning: Full backward hook is firing when gradients are computed with respect to module outputs since no inputs require gradients. See https://docs.pytorch.org/docs/main/generated/torch.nn.Module.html#torch.nn.Module.register_full_backward_hook for more details.
{"step": 10, "epoch": 1, "train_loss": 0.8694833984375, "clip_fraction": 0.486, "gradient_norm_mean": 364.59628125, "gradient_norm_max": 1216.3663330078125, "step_seconds": 0.27458008751273155, "innovation_std_sum": 524.3314812944466, "noise_marginal_std_sum": 723.2169662929463}
{"step": 20, "epoch": 1, "train_loss": 0.7636058349609375, "clip_fraction": 0.62, "gradient_norm_mean": 585.822375, "gradient_norm_max": 1831.0802001953125, "step_seconds": 0.27720087952911854, "innovation_std_sum": 524.3314812944466, "noise_marginal_std_sum": 723.2169662929463}
{"step": 30, "epoch": 1, "train_loss": 0.6624287719726563, "clip_fraction": 0.653, "gradient_norm_mean": 907.04875, "gradient_norm_max": 4170.599609375, "step_seconds": 0.28452712669968605, "innovation_std_sum": 524.3314812944466, "noise_marginal_std_sum": 723.2169662929463}
{"step": 40, "epoch": 1, "train_loss": 0.690603759765625, "clip_fraction": 0.516, "gradient_norm_mean": 1121.456, "gradient_norm_max": 5757.96337890625, "step_seconds": 0.2907180152833462, "innovation_std_sum": 524.3314812944466, "noise_marginal_std_sum": 723.2169662929463}
{"step": 50, "epoch": 1, "train_loss": 0.7352211303710937, "clip_fraction": 0.461, "gradient_norm_mean": 1151.480375, "gradient_norm_max": 7640.73046875, "step_seconds": 0.29331500828266144, "innovation_std_sum": 524.3314812944466, "noise_marginal_std_sum": 723.2169662929463}
{"step": 60, "epoch": 1, "train_loss": 0.6004930419921874, "clip_fraction": 0.435, "gradient_norm_mean": 1119.86125, "gradient_norm_max": 8028.61474609375, "step_seconds": 0.2772853299975395, "innovation_std_sum": 524.3314812944466, "noise_marginal_std_sum": 723.2169662929463}
{"epoch": 1, "step": 62, "train_loss": 0.7138546339465726, "clip_fraction": 0.5863548387096774, "epsilon": 5.668975774097166, "accuracy": 0.7385321100917431, "validation_loss": 0.8563385009765625, "validation_examples": 872}
{"step": 70, "epoch": 2, "train_loss": 0.7455848388671875, "clip_fraction": 0.438, "gradient_norm_mean": 1127.810375, "gradient_norm_max": 7684.15966796875, "step_seconds": 0.2919339183717966, "innovation_std_sum": 524.3314812944466, "noise_marginal_std_sum": 723.2169662929463}
{"step": 80, "epoch": 2, "train_loss": 0.58111962890625, "clip_fraction": 0.393, "gradient_norm_mean": 890.361125, "gradient_norm_max": 7904.21484375, "step_seconds": 0.2883046418428421, "innovation_std_sum": 524.3314812944466, "noise_marginal_std_sum": 723.2169662929463}
{"step": 90, "epoch": 2, "train_loss": 0.6343985595703125, "clip_fraction": 0.4, "gradient_norm_mean": 1042.099125, "gradient_norm_max": 8403.408203125, "step_seconds": 0.2914053089916706, "innovation_std_sum": 524.3314812944466, "noise_marginal_std_sum": 723.2169662929463}
{"step": 100, "epoch": 2, "train_loss": 0.5915670166015625, "clip_fraction": 0.397, "gradient_norm_mean": 959.1895625, "gradient_norm_max": 10426.1318359375, "step_seconds": 0.28734639659523964, "innovation_std_sum": 524.3314812944466, "noise_marginal_std_sum": 723.2169662929463}
{"step": 110, "epoch": 2, "train_loss": 0.5837034301757813, "clip_fraction": 0.368, "gradient_norm_mean": 855.033125, "gradient_norm_max": 11235.9052734375, "step_seconds": 0.29388970695436, "innovation_std_sum": 524.3314812944466, "noise_marginal_std_sum": 723.2169662929463}
{"step": 120, "epoch": 2, "train_loss": 0.6564614868164063, "clip_fraction": 0.374, "gradient_norm_mean": 885.895375, "gradient_norm_max": 8821.7509765625, "step_seconds": 0.2911278251558542, "innovation_std_sum": 524.3314812944466, "noise_marginal_std_sum": 723.2169662929463}
{"epoch": 2, "step": 124, "train_loss": 0.6145599729476436, "clip_fraction": 0.39330645161290323, "epsilon": 8.840441430354401, "accuracy": 0.7740825688073395, "validation_loss": 0.6874978389215032, "validation_examples": 872}
{"step": 130, "epoch": 3, "train_loss": 0.5165724487304687, "clip_fraction": 0.346, "gradient_norm_mean": 850.1808125, "gradient_norm_max": 7851.95703125, "step_seconds": 0.2893990408629179, "innovation_std_sum": 524.3314812944466, "noise_marginal_std_sum": 723.2169662929463}
{"step": 140, "epoch": 3, "train_loss": 0.5126703491210938, "clip_fraction": 0.317, "gradient_norm_mean": 722.23725, "gradient_norm_max": 8865.4052734375, "step_seconds": 0.27528574503958225, "innovation_std_sum": 524.3314812944466, "noise_marginal_std_sum": 723.2169662929463}
{"step": 150, "epoch": 3, "train_loss": 0.560939208984375, "clip_fraction": 0.332, "gradient_norm_mean": 838.851125, "gradient_norm_max": 9732.0830078125, "step_seconds": 0.292124941945076, "innovation_std_sum": 524.3314812944466, "noise_marginal_std_sum": 723.2169662929463}
{"step": 160, "epoch": 3, "train_loss": 0.5455426025390625, "clip_fraction": 0.331, "gradient_norm_mean": 793.87225, "gradient_norm_max": 9751.76171875, "step_seconds": 0.29712226428091526, "innovation_std_sum": 524.3314812944466, "noise_marginal_std_sum": 723.2169662929463}
{"step": 170, "epoch": 3, "train_loss": 0.46742791748046875, "clip_fraction": 0.314, "gradient_norm_mean": 752.35875, "gradient_norm_max": 9999.6181640625, "step_seconds": 0.2957733329385519, "innovation_std_sum": 524.3314812944466, "noise_marginal_std_sum": 723.2169662929463}
{"step": 180, "epoch": 3, "train_loss": 0.5644151611328125, "clip_fraction": 0.334, "gradient_norm_mean": 825.8299375, "gradient_norm_max": 8706.779296875, "step_seconds": 0.2861053664237261, "innovation_std_sum": 524.3314812944466, "noise_marginal_std_sum": 723.2169662929463}
{"epoch": 3, "step": 186, "train_loss": 0.5376229385868195, "clip_fraction": 0.3308709677419355, "epsilon": 11.473280419145594, "accuracy": 0.7752293577981652, "validation_loss": 0.6862355590960302, "validation_examples": 872}
{"step": 190, "epoch": 4, "train_loss": 0.5662947998046876, "clip_fraction": 0.313, "gradient_norm_mean": 760.867125, "gradient_norm_max": 9492.0810546875, "step_seconds": 0.2928554564714432, "innovation_std_sum": 524.3314812944466, "noise_marginal_std_sum": 723.2169662929463}
{"step": 200, "epoch": 4, "train_loss": 0.48284674072265626, "clip_fraction": 0.298, "gradient_norm_mean": 668.9995, "gradient_norm_max": 9243.33984375, "step_seconds": 0.29502561315894127, "innovation_std_sum": 524.3314812944466, "noise_marginal_std_sum": 723.2169662929463}
{"step": 210, "epoch": 4, "train_loss": 0.4646127624511719, "clip_fraction": 0.286, "gradient_norm_mean": 666.1874375, "gradient_norm_max": 12688.9951171875, "step_seconds": 0.2966144625097513, "innovation_std_sum": 524.3314812944466, "noise_marginal_std_sum": 723.2169662929463}
{"step": 220, "epoch": 4, "train_loss": 0.50468896484375, "clip_fraction": 0.29, "gradient_norm_mean": 659.70575, "gradient_norm_max": 11001.833984375, "step_seconds": 0.29207597114145756, "innovation_std_sum": 524.3314812944466, "noise_marginal_std_sum": 723.2169662929463}
{"step": 230, "epoch": 4, "train_loss": 0.5401137084960937, "clip_fraction": 0.308, "gradient_norm_mean": 790.588375, "gradient_norm_max": 9366.32421875, "step_seconds": 0.28949024528265, "innovation_std_sum": 524.3314812944466, "noise_marginal_std_sum": 723.2169662929463}
{"step": 240, "epoch": 4, "train_loss": 0.44201898193359374, "clip_fraction": 0.243, "gradient_norm_mean": 605.7085, "gradient_norm_max": 10701.7080078125, "step_seconds": 0.2825508136302233, "innovation_std_sum": 524.3314812944466, "noise_marginal_std_sum": 723.2169662929463}
{"epoch": 4, "step": 248, "train_loss": 0.5106462205456149, "clip_fraction": 0.2937258064516129, "epsilon": 13.825690185222754, "accuracy": 0.7706422018348624, "validation_loss": 0.6877307629366534, "validation_examples": 872}
{"step": 250, "epoch": 5, "train_loss": 0.5159425659179687, "clip_fraction": 0.272, "gradient_norm_mean": 755.5873125, "gradient_norm_max": 9774.4130859375, "step_seconds": 0.2934755329042673, "innovation_std_sum": 524.3314812944466, "noise_marginal_std_sum": 723.2169662929463}
{"step": 260, "epoch": 5, "train_loss": 0.5036387939453125, "clip_fraction": 0.255, "gradient_norm_mean": 619.607375, "gradient_norm_max": 9798.1376953125, "step_seconds": 0.29750615917146206, "innovation_std_sum": 524.3314812944466, "noise_marginal_std_sum": 723.2169662929463}
{"step": 270, "epoch": 5, "train_loss": 0.546183837890625, "clip_fraction": 0.288, "gradient_norm_mean": 753.935, "gradient_norm_max": 8464.908203125, "step_seconds": 0.2941050734370947, "innovation_std_sum": 524.3314812944466, "noise_marginal_std_sum": 723.2169662929463}
{"step": 280, "epoch": 5, "train_loss": 0.44588665771484376, "clip_fraction": 0.263, "gradient_norm_mean": 676.1490625, "gradient_norm_max": 10598.728515625, "step_seconds": 0.1353904753923416, "innovation_std_sum": 524.3314812944466, "noise_marginal_std_sum": 723.2169662929463}
{"step": 290, "epoch": 5, "train_loss": 0.480932861328125, "clip_fraction": 0.278, "gradient_norm_mean": 730.7290625, "gradient_norm_max": 12772.9921875, "step_seconds": 0.2915672156959772, "innovation_std_sum": 524.3314812944466, "noise_marginal_std_sum": 723.2169662929463}
{"step": 300, "epoch": 5, "train_loss": 0.46955487060546874, "clip_fraction": 0.246, "gradient_norm_mean": 653.2590625, "gradient_norm_max": 10275.708984375, "step_seconds": 0.1392352171242237, "innovation_std_sum": 524.3314812944466, "noise_marginal_std_sum": 723.2169662929463}
{"step": 310, "epoch": 5, "train_loss": 0.48268365478515624, "clip_fraction": 0.261, "gradient_norm_mean": 599.60675, "gradient_norm_max": 10244.125, "step_seconds": 0.13979188166558743, "innovation_std_sum": 524.3314812944466, "noise_marginal_std_sum": 723.2169662929463}
{"epoch": 5, "step": 310, "train_loss": 0.49335186226137223, "clip_fraction": 0.27006451612903226, "epsilon": 16.000000000000018, "accuracy": 0.7809633027522935, "validation_loss": 0.6604424135400615, "validation_examples": 872}
