/home/longt29/miniconda3/envs/curve/lib/python3.11/site-packages/torchvision/datasets/cifar.py:83: VisibleDeprecationWarning: dtype(): align should be passed as Python or NumPy boolean but got `align=0`. Did you mean to pass a tuple to create a subarray type? (Deprecated NumPy 2.4)
  entry = pickle.load(f, encoding="latin1")
{"method": "dp-adam-sgd-bandinvmf-scale", "smoke": false, "calibration": {"target_mu": 1.6660305978457184, "sensitivity": 2.8481628876299, "innovation_std_sum": 170.95501675135813, "adjacency": "add_remove_zero_out", "k": 5, "b_participation": 50, "sampling_amplification": false}, "coefficients": [1.0, -0.5, -0.125, -0.0625]}
sys:1: UserWarning: Full backward hook is firing when gradients are computed with respect to module outputs since no inputs require gradients. See https://docs.pytorch.org/docs/main/generated/torch.nn.Module.html#torch.nn.Module.register_full_backward_hook for more details.
{"progress_step": 10, "epoch": 1, "train_loss_so_far": 4.662949011230468, "clip_fraction_so_far": 1.0}
{"progress_step": 20, "epoch": 1, "train_loss_so_far": 4.415096151733398, "clip_fraction_so_far": 1.0}
{"progress_step": 30, "epoch": 1, "train_loss_so_far": 4.139694508870443, "clip_fraction_so_far": 0.9999666666666667}
{"progress_step": 40, "epoch": 1, "train_loss_so_far": 3.8858865432739256, "clip_fraction_so_far": 0.9998}
{"progress_step": 50, "epoch": 1, "train_loss_so_far": 3.6639706201171873, "clip_fraction_so_far": 0.99882}
{"epoch": 1, "logical_steps": 50, "train_examples": 50000, "train_loss": 3.6639706201171873, "test_loss": 2.2673622009277343, "test_top1": 0.4187, "clip_fraction": 0.99882, "gdp_mu": 0.7450706133874357, "gdp_epsilon": 3.123288128876418, "target_mu": 1.6660305978457184, "target_epsilon": 8.0, "delta": 1e-05, "noise_std": 0.19262096209213342, "noise_std_space": "scaled", "innovation_std_sum": 170.95501675135813, "augmentation_trace_sha256": "b956146f05d624eaedb531429d7f2ecd6e84a42ff862a99950dc56e91b439839", "seconds": 144.48510172776878}
{"progress_step": 60, "epoch": 2, "train_loss_so_far": 2.461984033203125, "clip_fraction_so_far": 0.9852}
{"progress_step": 70, "epoch": 2, "train_loss_so_far": 2.363572052001953, "clip_fraction_so_far": 0.9806}
{"progress_step": 80, "epoch": 2, "train_loss_so_far": 2.274250324503581, "clip_fraction_so_far": 0.9721}
{"progress_step": 90, "epoch": 2, "train_loss_so_far": 2.200577465057373, "clip_fraction_so_far": 0.9646}
{"progress_step": 100, "epoch": 2, "train_loss_so_far": 2.1416411682128906, "clip_fraction_so_far": 0.95622}
{"epoch": 2, "logical_steps": 100, "train_examples": 50000, "train_loss": 2.1416411682128906, "test_loss": 1.3897970520019531, "test_top1": 0.6142, "clip_fraction": 0.95622, "gdp_mu": 1.0536897799813887, "gdp_epsilon": 4.650918517225292, "target_mu": 1.6660305978457184, "target_epsilon": 8.0, "delta": 1e-05, "noise_std": 0.19262096209213342, "noise_std_space": "scaled", "innovation_std_sum": 170.95501675135813, "augmentation_trace_sha256": "2455761cb1d44d781ccd26c58ad39c2cd06c3954e85831c52b9ee20dff5ebf7d", "seconds": 134.42362420260906}
{"progress_step": 110, "epoch": 3, "train_loss_so_far": 1.7977490661621094, "clip_fraction_so_far": 0.9023}
{"progress_step": 120, "epoch": 3, "train_loss_so_far": 1.7653950134277343, "clip_fraction_so_far": 0.8956}
{"progress_step": 130, "epoch": 3, "train_loss_so_far": 1.723255307006836, "clip_fraction_so_far": 0.8846333333333334}
{"progress_step": 140, "epoch": 3, "train_loss_so_far": 1.713765249633789, "clip_fraction_so_far": 0.87655}
{"progress_step": 150, "epoch": 3, "train_loss_so_far": 1.700615267944336, "clip_fraction_so_far": 0.86924}
{"epoch": 3, "logical_steps": 150, "train_examples": 50000, "train_loss": 1.700615267944336, "test_loss": 1.091811981201172, "test_top1": 0.6844, "clip_fraction": 0.86924, "gdp_mu": 1.2905014862231678, "gdp_epsilon": 5.897170660712958, "target_mu": 1.6660305978457184, "target_epsilon": 8.0, "delta": 1e-05, "noise_std": 0.19262096209213342, "noise_std_space": "scaled", "innovation_std_sum": 170.95501675135813, "augmentation_trace_sha256": "451214a98530c42d051d21c7d0e88c777c2859122849e011866eff026240c858", "seconds": 132.46408462896943}
{"progress_step": 160, "epoch": 4, "train_loss_so_far": 1.5690472442626953, "clip_fraction_so_far": 0.8279}
{"progress_step": 170, "epoch": 4, "train_loss_so_far": 1.5642528762817383, "clip_fraction_so_far": 0.8229}
{"progress_step": 180, "epoch": 4, "train_loss_so_far": 1.5456507466634115, "clip_fraction_so_far": 0.8151666666666667}
{"progress_step": 190, "epoch": 4, "train_loss_so_far": 1.5421192443847656, "clip_fraction_so_far": 0.811375}
{"progress_step": 200, "epoch": 4, "train_loss_so_far": 1.5393515380859375, "clip_fraction_so_far": 0.80692}
{"epoch": 4, "logical_steps": 200, "train_examples": 50000, "train_loss": 1.5393515380859375, "test_loss": 0.9732368453979492, "test_top1": 0.7105, "clip_fraction": 0.80692, "gdp_mu": 1.4901429526898362, "gdp_epsilon": 6.996032511238058, "target_mu": 1.6660305978457184, "target_epsilon": 8.0, "delta": 1e-05, "noise_std": 0.19262096209213342, "noise_std_space": "scaled", "innovation_std_sum": 170.95501675135813, "augmentation_trace_sha256": "443679eea72a1a371bb911a46123db12a111d05754f7c5dcba6e5ff3ed0aa283", "seconds": 132.44650829024613}
{"progress_step": 210, "epoch": 5, "train_loss_so_far": 1.4935398193359375, "clip_fraction_so_far": 0.788}
{"progress_step": 220, "epoch": 5, "train_loss_so_far": 1.4875252227783202, "clip_fraction_so_far": 0.7841}
{"progress_step": 230, "epoch": 5, "train_loss_so_far": 1.471360909016927, "clip_fraction_so_far": 0.7763}
{"progress_step": 240, "epoch": 5, "train_loss_so_far": 1.4714213417053223, "clip_fraction_so_far": 0.772775}
{"progress_step": 250, "epoch": 5, "train_loss_so_far": 1.4662958581542969, "clip_fraction_so_far": 0.77004}
{"epoch": 5, "logical_steps": 250, "train_examples": 50000, "train_loss": 1.4662958581542969, "test_loss": 0.9114023223876954, "test_top1": 0.7323, "clip_fraction": 0.77004, "gdp_mu": 1.6660305978457184, "gdp_epsilon": 8.000000000000005, "target_mu": 1.6660305978457184, "target_epsilon": 8.0, "delta": 1e-05, "noise_std": 0.19262096209213342, "noise_std_space": "scaled", "innovation_std_sum": 170.95501675135813, "augmentation_trace_sha256": "f66dc1e8dd9adced9d45b6ce8a2e776f27cd0357650b018ef913f281bc23cadb", "seconds": 134.16465806774795}
{"status": "completed", "results": "/media/data/data/lt/dp-adam-correlated/exp7b/results/final/trials/a7f9a5f1be24bdbd"}
