Loading weights:   0%|          | 0/39 [00:00<?, ?it/s]Loading weights: 100%|██████████| 39/39 [00:00<00:00, 4995.51it/s]
[transformers] [1mBertModel LOAD REPORT[0m from: /media/data/data/lt/dp-adam-correlated/cache/bert-tiny
Key                                        | Status     |  | 
-------------------------------------------+------------+--+-
cls.predictions.transform.LayerNorm.weight | UNEXPECTED |  | 
cls.seq_relationship.weight                | UNEXPECTED |  | 
cls.predictions.transform.dense.bias       | UNEXPECTED |  | 
cls.predictions.decoder.bias               | UNEXPECTED |  | 
cls.predictions.bias                       | UNEXPECTED |  | 
cls.predictions.transform.dense.weight     | UNEXPECTED |  | 
cls.seq_relationship.bias                  | UNEXPECTED |  | 
cls.predictions.transform.LayerNorm.bias   | UNEXPECTED |  | 
cls.predictions.decoder.weight             | UNEXPECTED |  | 

Notes:
- UNEXPECTED:	can be ignored when loading from different task/architecture; not ok if you expect identical arch.
sys:1: UserWarning: Full backward hook is firing when gradients are computed with respect to module outputs since no inputs require gradients. See https://docs.pytorch.org/docs/main/generated/torch.nn.Module.html#torch.nn.Module.register_full_backward_hook for more details.
{"step": 62, "epoch": 1.0, "train_loss": 0.6584416434995588, "clip_fraction": 0.6429999999999999, "validation_loss": 0.6096352568460167, "accuracy": 0.7029816513761468, "validation_examples": 872, "epsilon": 2.983473211150575}
{"step": 124, "epoch": 2.0, "train_loss": 0.6075414625598538, "clip_fraction": 0.5246129032258066, "validation_loss": 0.7027005755573238, "accuracy": 0.7385321100917431, "validation_examples": 872, "epsilon": 4.566965972959099}
{"step": 186, "epoch": 3.0, "train_loss": 0.5991111893192413, "clip_fraction": 0.4274677419354838, "validation_loss": 0.6943697666903155, "accuracy": 0.7545871559633027, "validation_examples": 872, "epsilon": 5.849088165717443}
{"step": 248, "epoch": 4.0, "train_loss": 0.5551815456267328, "clip_fraction": 0.3922096774193549, "validation_loss": 0.6534177622663866, "accuracy": 0.7637614678899083, "validation_examples": 872, "epsilon": 6.974398475295218}
{"step": 310, "epoch": 5.0, "train_loss": 0.5233447792299333, "clip_fraction": 0.3637741935483871, "validation_loss": 0.6315804184029955, "accuracy": 0.7740825688073395, "validation_examples": 872, "epsilon": 8.000000000000005}
