/home/longt29/miniconda3/envs/curve/lib/python3.11/site-packages/torchvision/datasets/cifar.py:83: VisibleDeprecationWarning: dtype(): align should be passed as Python or NumPy boolean but got `align=0`. Did you mean to pass a tuple to create a subarray type? (Deprecated NumPy 2.4)
  entry = pickle.load(f, encoding="latin1")
sys:1: UserWarning: Full backward hook is firing when gradients are computed with respect to module outputs since no inputs require gradients. See https://docs.pytorch.org/docs/main/generated/torch.nn.Module.html#torch.nn.Module.register_full_backward_hook for more details.
{"step": 10, "epoch": 1, "train_loss": 4.464044921875, "clip_fraction": 1.0, "gradient_norm_mean": 53.4056357421875, "gradient_norm_max": 104.59512329101562, "step_seconds": 2.1009837705641985, "innovation_std_sum": 92.37975165974545, "noise_marginal_std_sum": 104.08747856995056}
{"step": 20, "epoch": 1, "train_loss": 4.038925903320313, "clip_fraction": 1.0, "gradient_norm_mean": 70.737646484375, "gradient_norm_max": 144.90362548828125, "step_seconds": 2.1188173796981573, "innovation_std_sum": 92.37975165974545, "noise_marginal_std_sum": 104.08747856995056}
{"step": 30, "epoch": 1, "train_loss": 3.5594203491210936, "clip_fraction": 1.0, "gradient_norm_mean": 99.087330078125, "gradient_norm_max": 239.04034423828125, "step_seconds": 2.1112815011292696, "innovation_std_sum": 92.37975165974545, "noise_marginal_std_sum": 104.08747856995056}
{"step": 40, "epoch": 1, "train_loss": 3.2254541625976563, "clip_fraction": 0.999, "gradient_norm_mean": 109.36051171875, "gradient_norm_max": 325.71160888671875, "step_seconds": 2.137082554399967, "innovation_std_sum": 92.37975165974545, "noise_marginal_std_sum": 104.08747856995056}
{"step": 50, "epoch": 1, "train_loss": 2.894860656738281, "clip_fraction": 0.997, "gradient_norm_mean": 118.5876171875, "gradient_norm_max": 358.100341796875, "step_seconds": 2.175892636179924, "innovation_std_sum": 92.37975165974545, "noise_marginal_std_sum": 104.08747856995056}
{"epoch": 1, "step": 50, "train_loss": 3.831653350830078, "clip_fraction": 0.99914, "epsilon": 1.613899548782448, "accuracy": 0.3552, "validation_loss": 2.568444445800781, "validation_examples": 10000}
{"step": 60, "epoch": 2, "train_loss": 2.708627014160156, "clip_fraction": 0.991, "gradient_norm_mean": 123.403662109375, "gradient_norm_max": 648.5762329101562, "step_seconds": 2.1219293661415577, "innovation_std_sum": 92.37975165974545, "noise_marginal_std_sum": 104.08747856995056}
{"step": 70, "epoch": 2, "train_loss": 2.5493553466796874, "clip_fraction": 0.97, "gradient_norm_mean": 121.75578515625, "gradient_norm_max": 427.9912414550781, "step_seconds": 2.1238870471715927, "innovation_std_sum": 92.37975165974545, "noise_marginal_std_sum": 104.08747856995056}
{"step": 80, "epoch": 2, "train_loss": 2.429859619140625, "clip_fraction": 0.959, "gradient_norm_mean": 125.57727734375, "gradient_norm_max": 549.22021484375, "step_seconds": 2.154912706464529, "innovation_std_sum": 92.37975165974545, "noise_marginal_std_sum": 104.08747856995056}
{"step": 90, "epoch": 2, "train_loss": 2.2987820434570314, "clip_fraction": 0.953, "gradient_norm_mean": 125.55623046875, "gradient_norm_max": 480.0332336425781, "step_seconds": 2.154485758394003, "innovation_std_sum": 92.37975165974545, "noise_marginal_std_sum": 104.08747856995056}
{"step": 100, "epoch": 2, "train_loss": 2.343630615234375, "clip_fraction": 0.936, "gradient_norm_mean": 132.206681640625, "gradient_norm_max": 506.4042053222656, "step_seconds": 2.17007714509964, "innovation_std_sum": 92.37975165974545, "noise_marginal_std_sum": 104.08747856995056}
{"epoch": 2, "step": 100, "train_loss": 2.489353076171875, "clip_fraction": 0.96612, "epsilon": 2.3762042378727872, "accuracy": 0.5302, "validation_loss": 1.7461593322753906, "validation_examples": 10000}
{"step": 110, "epoch": 3, "train_loss": 2.1416986694335938, "clip_fraction": 0.908, "gradient_norm_mean": 126.998107421875, "gradient_norm_max": 556.6954345703125, "step_seconds": 2.1162102185189724, "innovation_std_sum": 92.37975165974545, "noise_marginal_std_sum": 104.08747856995056}
{"step": 120, "epoch": 3, "train_loss": 2.1496239013671876, "clip_fraction": 0.915, "gradient_norm_mean": 130.220248046875, "gradient_norm_max": 578.4754638671875, "step_seconds": 2.1376866959035397, "innovation_std_sum": 92.37975165974545, "noise_marginal_std_sum": 104.08747856995056}
{"step": 130, "epoch": 3, "train_loss": 2.0010888061523437, "clip_fraction": 0.903, "gradient_norm_mean": 126.583234375, "gradient_norm_max": 685.6619873046875, "step_seconds": 2.1408580504357815, "innovation_std_sum": 92.37975165974545, "noise_marginal_std_sum": 104.08747856995056}
{"step": 140, "epoch": 3, "train_loss": 1.9394297485351562, "clip_fraction": 0.88, "gradient_norm_mean": 125.674099609375, "gradient_norm_max": 443.9619445800781, "step_seconds": 2.339354984462261, "innovation_std_sum": 92.37975165974545, "noise_marginal_std_sum": 104.08747856995056}
{"step": 150, "epoch": 3, "train_loss": 2.0869643859863283, "clip_fraction": 0.886, "gradient_norm_mean": 133.766265625, "gradient_norm_max": 742.5932006835938, "step_seconds": 2.1673440542072058, "innovation_std_sum": 92.37975165974545, "noise_marginal_std_sum": 104.08747856995056}
{"epoch": 3, "step": 150, "train_loss": 2.0843426416015625, "clip_fraction": 0.90238, "epsilon": 2.9873672491319443, "accuracy": 0.5954, "validation_loss": 1.4690626007080079, "validation_examples": 10000}
{"step": 160, "epoch": 4, "train_loss": 1.9113245849609375, "clip_fraction": 0.863, "gradient_norm_mean": 131.495927734375, "gradient_norm_max": 668.8575439453125, "step_seconds": 2.122612176463008, "innovation_std_sum": 92.37975165974545, "noise_marginal_std_sum": 104.08747856995056}
{"step": 170, "epoch": 4, "train_loss": 1.9605543823242189, "clip_fraction": 0.871, "gradient_norm_mean": 130.617546875, "gradient_norm_max": 573.0775146484375, "step_seconds": 2.153375942260027, "innovation_std_sum": 92.37975165974545, "noise_marginal_std_sum": 104.08747856995056}
{"step": 180, "epoch": 4, "train_loss": 1.88398046875, "clip_fraction": 0.853, "gradient_norm_mean": 129.014025390625, "gradient_norm_max": 548.5409545898438, "step_seconds": 2.170057700946927, "innovation_std_sum": 92.37975165974545, "noise_marginal_std_sum": 104.08747856995056}
{"step": 190, "epoch": 4, "train_loss": 1.8823502197265625, "clip_fraction": 0.839, "gradient_norm_mean": 133.4068828125, "gradient_norm_max": 562.0341796875, "step_seconds": 2.1968974862247705, "innovation_std_sum": 92.37975165974545, "noise_marginal_std_sum": 104.08747856995056}
{"step": 200, "epoch": 4, "train_loss": 2.010347717285156, "clip_fraction": 0.834, "gradient_norm_mean": 139.504359375, "gradient_norm_max": 686.8395385742188, "step_seconds": 2.195023063570261, "innovation_std_sum": 92.37975165974545, "noise_marginal_std_sum": 104.08747856995056}
{"epoch": 4, "step": 200, "train_loss": 1.919957512817383, "clip_fraction": 0.85616, "epsilon": 3.519237623440059, "accuracy": 0.6201, "validation_loss": 1.349052001953125, "validation_examples": 10000}
{"step": 210, "epoch": 5, "train_loss": 1.8826654663085938, "clip_fraction": 0.834, "gradient_norm_mean": 137.14239453125, "gradient_norm_max": 596.38818359375, "step_seconds": 2.1263896748423576, "innovation_std_sum": 92.37975165974545, "noise_marginal_std_sum": 104.08747856995056}
{"step": 220, "epoch": 5, "train_loss": 1.9261829833984374, "clip_fraction": 0.837, "gradient_norm_mean": 139.081265625, "gradient_norm_max": 607.0721435546875, "step_seconds": 2.153547063469887, "innovation_std_sum": 92.37975165974545, "noise_marginal_std_sum": 104.08747856995056}
{"step": 230, "epoch": 5, "train_loss": 1.8863519287109376, "clip_fraction": 0.836, "gradient_norm_mean": 137.81203515625, "gradient_norm_max": 544.9176635742188, "step_seconds": 2.1840061470866203, "innovation_std_sum": 92.37975165974545, "noise_marginal_std_sum": 104.08747856995056}
{"step": 240, "epoch": 5, "train_loss": 1.8414302978515624, "clip_fraction": 0.794, "gradient_norm_mean": 139.527072265625, "gradient_norm_max": 723.7623901367188, "step_seconds": 2.1983494833111763, "innovation_std_sum": 92.37975165974545, "noise_marginal_std_sum": 104.08747856995056}
{"step": 250, "epoch": 5, "train_loss": 1.9066535034179688, "clip_fraction": 0.83, "gradient_norm_mean": 147.99117578125, "gradient_norm_max": 780.505615234375, "step_seconds": 2.190182287245989, "innovation_std_sum": 92.37975165974545, "noise_marginal_std_sum": 104.08747856995056}
{"epoch": 5, "step": 250, "train_loss": 1.8673350946044922, "clip_fraction": 0.8307, "epsilon": 3.9999999999999685, "accuracy": 0.6265, "validation_loss": 1.3135750061035156, "validation_examples": 10000}
