/home/longt29/miniconda3/envs/curve/lib/python3.11/site-packages/torchvision/datasets/cifar.py:83: VisibleDeprecationWarning: dtype(): align should be passed as Python or NumPy boolean but got `align=0`. Did you mean to pass a tuple to create a subarray type? (Deprecated NumPy 2.4)
  entry = pickle.load(f, encoding="latin1")
sys:1: UserWarning: Full backward hook is firing when gradients are computed with respect to module outputs since no inputs require gradients. See https://docs.pytorch.org/docs/main/generated/torch.nn.Module.html#torch.nn.Module.register_full_backward_hook for more details.
{"step": 10, "epoch": 1, "train_loss": 4.632781616210938, "clip_fraction": 1.0, "gradient_norm_mean": 60.988611328125, "gradient_norm_max": 120.9841537475586, "step_seconds": 2.1551984790712595, "innovation_std_sum": 13.421530075084847, "noise_marginal_std_sum": 13.421530075084847}
{"step": 20, "epoch": 1, "train_loss": 4.415630249023438, "clip_fraction": 1.0, "gradient_norm_mean": 60.2481669921875, "gradient_norm_max": 141.9197540283203, "step_seconds": 2.1936721447855234, "innovation_std_sum": 13.421530075084847, "noise_marginal_std_sum": 13.421530075084847}
{"step": 30, "epoch": 1, "train_loss": 4.239505493164063, "clip_fraction": 1.0, "gradient_norm_mean": 63.7215791015625, "gradient_norm_max": 130.6202392578125, "step_seconds": 2.1660928819328547, "innovation_std_sum": 13.421530075084847, "noise_marginal_std_sum": 13.421530075084847}
{"step": 40, "epoch": 1, "train_loss": 4.036623474121094, "clip_fraction": 1.0, "gradient_norm_mean": 74.132796875, "gradient_norm_max": 142.91488647460938, "step_seconds": 2.171761801466346, "innovation_std_sum": 13.421530075084847, "noise_marginal_std_sum": 13.421530075084847}
{"epoch": 1, "step": 45, "train_loss": 4.384638849555121, "clip_fraction": 1.0, "epsilon": 3.1232925162148586, "accuracy": 0.151, "validation_loss": 3.752243603515625, "validation_examples": 5000}
{"step": 50, "epoch": 2, "train_loss": 3.7830347290039064, "clip_fraction": 1.0, "gradient_norm_mean": 83.9901640625, "gradient_norm_max": 169.45126342773438, "step_seconds": 2.151091519743204, "innovation_std_sum": 13.421530075084847, "noise_marginal_std_sum": 13.421530075084847}
{"step": 60, "epoch": 2, "train_loss": 3.591209045410156, "clip_fraction": 1.0, "gradient_norm_mean": 92.9242578125, "gradient_norm_max": 215.1547088623047, "step_seconds": 2.164094051346183, "innovation_std_sum": 13.421530075084847, "noise_marginal_std_sum": 13.421530075084847}
{"step": 70, "epoch": 2, "train_loss": 3.35280712890625, "clip_fraction": 1.0, "gradient_norm_mean": 102.21681640625, "gradient_norm_max": 252.46913146972656, "step_seconds": 2.169421285390854, "innovation_std_sum": 13.421530075084847, "noise_marginal_std_sum": 13.421530075084847}
{"step": 80, "epoch": 2, "train_loss": 3.182781494140625, "clip_fraction": 1.0, "gradient_norm_mean": 108.30299609375, "gradient_norm_max": 379.2581787109375, "step_seconds": 2.174034468829632, "innovation_std_sum": 13.421530075084847, "noise_marginal_std_sum": 13.421530075084847}
{"step": 90, "epoch": 2, "train_loss": 2.980481994628906, "clip_fraction": 1.0, "gradient_norm_mean": 109.055181640625, "gradient_norm_max": 289.2419738769531, "step_seconds": 2.1740026492625475, "innovation_std_sum": 13.421530075084847, "noise_marginal_std_sum": 13.421530075084847}
{"epoch": 2, "step": 90, "train_loss": 3.4316740763346356, "clip_fraction": 1.0, "epsilon": 4.650921021133028, "accuracy": 0.3454, "validation_loss": 2.7499655151367186, "validation_examples": 5000}
{"step": 100, "epoch": 3, "train_loss": 2.896138488769531, "clip_fraction": 1.0, "gradient_norm_mean": 112.50444140625, "gradient_norm_max": 383.0767822265625, "step_seconds": 2.167751656845212, "innovation_std_sum": 13.421530075084847, "noise_marginal_std_sum": 13.421530075084847}
{"step": 110, "epoch": 3, "train_loss": 2.70573583984375, "clip_fraction": 1.0, "gradient_norm_mean": 115.691255859375, "gradient_norm_max": 351.3266906738281, "step_seconds": 2.1728995256125927, "innovation_std_sum": 13.421530075084847, "noise_marginal_std_sum": 13.421530075084847}
{"step": 120, "epoch": 3, "train_loss": 2.706278076171875, "clip_fraction": 0.997, "gradient_norm_mean": 116.97903515625, "gradient_norm_max": 295.0569763183594, "step_seconds": 2.1768844481557608, "innovation_std_sum": 13.421530075084847, "noise_marginal_std_sum": 13.421530075084847}
{"step": 130, "epoch": 3, "train_loss": 2.5308839111328125, "clip_fraction": 0.997, "gradient_norm_mean": 117.38956640625, "gradient_norm_max": 515.2775268554688, "step_seconds": 2.185181960463524, "innovation_std_sum": 13.421530075084847, "noise_marginal_std_sum": 13.421530075084847}
{"epoch": 3, "step": 135, "train_loss": 2.747640709092882, "clip_fraction": 0.9987777777777778, "epsilon": 5.897172094191148, "accuracy": 0.4564, "validation_loss": 2.1490094116210936, "validation_examples": 5000}
{"step": 140, "epoch": 4, "train_loss": 2.414749267578125, "clip_fraction": 0.988, "gradient_norm_mean": 114.73125, "gradient_norm_max": 315.4082336425781, "step_seconds": 2.1661836840212345, "innovation_std_sum": 13.421530075084847, "noise_marginal_std_sum": 13.421530075084847}
{"step": 150, "epoch": 4, "train_loss": 2.35814794921875, "clip_fraction": 0.991, "gradient_norm_mean": 118.879357421875, "gradient_norm_max": 596.087646484375, "step_seconds": 2.1738797556608915, "innovation_std_sum": 13.421530075084847, "noise_marginal_std_sum": 13.421530075084847}
{"step": 160, "epoch": 4, "train_loss": 2.2334931030273437, "clip_fraction": 0.977, "gradient_norm_mean": 116.47232421875, "gradient_norm_max": 388.3945007324219, "step_seconds": 2.1769421473145485, "innovation_std_sum": 13.421530075084847, "noise_marginal_std_sum": 13.421530075084847}
{"step": 170, "epoch": 4, "train_loss": 2.2442667236328124, "clip_fraction": 0.981, "gradient_norm_mean": 119.103642578125, "gradient_norm_max": 786.5695190429688, "step_seconds": 2.182749567553401, "innovation_std_sum": 13.421530075084847, "noise_marginal_std_sum": 13.421530075084847}
{"step": 180, "epoch": 4, "train_loss": 2.162484680175781, "clip_fraction": 0.979, "gradient_norm_mean": 119.694158203125, "gradient_norm_max": 519.8739624023438, "step_seconds": 2.191760927438736, "innovation_std_sum": 13.421530075084847, "noise_marginal_std_sum": 13.421530075084847}
{"epoch": 4, "step": 180, "train_loss": 2.336465190972222, "clip_fraction": 0.9872888888888889, "epsilon": 6.99603315708177, "accuracy": 0.5298, "validation_loss": 1.7822395263671875, "validation_examples": 5000}
{"step": 190, "epoch": 5, "train_loss": 2.20210693359375, "clip_fraction": 0.978, "gradient_norm_mean": 123.925681640625, "gradient_norm_max": 534.0811157226562, "step_seconds": 2.1881241984665394, "innovation_std_sum": 13.421530075084847, "noise_marginal_std_sum": 13.421530075084847}
{"step": 200, "epoch": 5, "train_loss": 2.0319867858886718, "clip_fraction": 0.965, "gradient_norm_mean": 116.183337890625, "gradient_norm_max": 455.08837890625, "step_seconds": 2.171585028991103, "innovation_std_sum": 13.421530075084847, "noise_marginal_std_sum": 13.421530075084847}
{"step": 210, "epoch": 5, "train_loss": 2.1558374633789064, "clip_fraction": 0.968, "gradient_norm_mean": 124.79053515625, "gradient_norm_max": 522.1778564453125, "step_seconds": 2.175243066623807, "innovation_std_sum": 13.421530075084847, "noise_marginal_std_sum": 13.421530075084847}
{"step": 220, "epoch": 5, "train_loss": 1.9729632568359374, "clip_fraction": 0.961, "gradient_norm_mean": 121.647814453125, "gradient_norm_max": 559.8722534179688, "step_seconds": 2.182008534669876, "innovation_std_sum": 13.421530075084847, "noise_marginal_std_sum": 13.421530075084847}
{"epoch": 5, "step": 225, "train_loss": 2.1030246622721354, "clip_fraction": 0.9674222222222222, "epsilon": 8.000000000000005, "accuracy": 0.5776, "validation_loss": 1.5644973388671874, "validation_examples": 5000}
