/home/longt29/miniconda3/envs/curve/lib/python3.11/site-packages/torchvision/datasets/cifar.py:83: VisibleDeprecationWarning: dtype(): align should be passed as Python or NumPy boolean but got `align=0`. Did you mean to pass a tuple to create a subarray type? (Deprecated NumPy 2.4)
  entry = pickle.load(f, encoding="latin1")
sys:1: UserWarning: Full backward hook is firing when gradients are computed with respect to module outputs since no inputs require gradients. See https://docs.pytorch.org/docs/main/generated/torch.nn.Module.html#torch.nn.Module.register_full_backward_hook for more details.
{"step": 10, "epoch": 1, "train_loss": 4.30861328125, "clip_fraction": 1.0, "gradient_norm_mean": 181.40268359375, "gradient_norm_max": 413.6905822753906, "step_seconds": 1.9361075405031443, "innovation_std_sum": 72.22798151648107, "noise_marginal_std_sum": 84.4992665429476}
{"step": 20, "epoch": 1, "train_loss": 3.5506865844726563, "clip_fraction": 1.0, "gradient_norm_mean": 319.867984375, "gradient_norm_max": 745.8641967773438, "step_seconds": 1.9629483353346586, "innovation_std_sum": 72.22798151648107, "noise_marginal_std_sum": 84.4992665429476}
{"step": 30, "epoch": 1, "train_loss": 3.0062080688476565, "clip_fraction": 0.996, "gradient_norm_mean": 361.8817734375, "gradient_norm_max": 1071.0322265625, "step_seconds": 1.9657056219875813, "innovation_std_sum": 72.22798151648107, "noise_marginal_std_sum": 84.4992665429476}
{"step": 40, "epoch": 1, "train_loss": 2.7256256713867186, "clip_fraction": 0.991, "gradient_norm_mean": 381.4093359375, "gradient_norm_max": 1222.88671875, "step_seconds": 1.9833643641322851, "innovation_std_sum": 72.22798151648107, "noise_marginal_std_sum": 84.4992665429476}
{"epoch": 1, "step": 45, "train_loss": 3.531400577799479, "clip_fraction": 0.9970444444444444, "epsilon": 3.0297011451528837, "accuracy": 0.432, "validation_loss": 2.0787950805664064, "validation_examples": 5000}
{"step": 50, "epoch": 2, "train_loss": 2.365010559082031, "clip_fraction": 0.977, "gradient_norm_mean": 362.39459375, "gradient_norm_max": 1233.101318359375, "step_seconds": 1.9235169906169176, "innovation_std_sum": 72.22798151648107, "noise_marginal_std_sum": 84.4992665429476}
{"step": 60, "epoch": 2, "train_loss": 2.3285714111328124, "clip_fraction": 0.963, "gradient_norm_mean": 378.9461640625, "gradient_norm_max": 1415.0159912109375, "step_seconds": 1.9464396685361862, "innovation_std_sum": 72.22798151648107, "noise_marginal_std_sum": 84.4992665429476}
{"step": 70, "epoch": 2, "train_loss": 2.0719036865234375, "clip_fraction": 0.922, "gradient_norm_mean": 361.28653125, "gradient_norm_max": 1540.2607421875, "step_seconds": 1.9681444428861141, "innovation_std_sum": 72.22798151648107, "noise_marginal_std_sum": 84.4992665429476}
{"step": 80, "epoch": 2, "train_loss": 2.100815460205078, "clip_fraction": 0.938, "gradient_norm_mean": 394.911734375, "gradient_norm_max": 2629.299560546875, "step_seconds": 1.9831095598638058, "innovation_std_sum": 72.22798151648107, "noise_marginal_std_sum": 84.4992665429476}
{"step": 90, "epoch": 2, "train_loss": 1.9387646484375, "clip_fraction": 0.907, "gradient_norm_mean": 390.3038515625, "gradient_norm_max": 1511.5751953125, "step_seconds": 2.015436112880707, "innovation_std_sum": 72.22798151648107, "noise_marginal_std_sum": 84.4992665429476}
{"epoch": 2, "step": 90, "train_loss": 2.173027680121528, "clip_fraction": 0.9425111111111111, "epsilon": 4.5953206372907065, "accuracy": 0.5988, "validation_loss": 1.4221746643066406, "validation_examples": 5000}
{"step": 100, "epoch": 3, "train_loss": 1.7927030944824218, "clip_fraction": 0.879, "gradient_norm_mean": 373.5897109375, "gradient_norm_max": 1593.586181640625, "step_seconds": 1.9663349483162165, "innovation_std_sum": 72.22798151648107, "noise_marginal_std_sum": 84.4992665429476}
{"step": 110, "epoch": 3, "train_loss": 1.7764828491210938, "clip_fraction": 0.869, "gradient_norm_mean": 380.5452578125, "gradient_norm_max": 1806.07568359375, "step_seconds": 1.9825104251503944, "innovation_std_sum": 72.22798151648107, "noise_marginal_std_sum": 84.4992665429476}
{"step": 120, "epoch": 3, "train_loss": 1.71564599609375, "clip_fraction": 0.845, "gradient_norm_mean": 374.9607421875, "gradient_norm_max": 1702.5435791015625, "step_seconds": 2.0363760981708765, "innovation_std_sum": 72.22798151648107, "noise_marginal_std_sum": 84.4992665429476}
{"step": 130, "epoch": 3, "train_loss": 1.7189534301757812, "clip_fraction": 0.845, "gradient_norm_mean": 383.9383984375, "gradient_norm_max": 1828.3887939453125, "step_seconds": 2.2061826400458813, "innovation_std_sum": 72.22798151648107, "noise_marginal_std_sum": 84.4992665429476}
{"epoch": 3, "step": 135, "train_loss": 1.8098478407118055, "clip_fraction": 0.8627555555555556, "epsilon": 5.865340104265841, "accuracy": 0.6574, "validation_loss": 1.1904844665527343, "validation_examples": 5000}
{"step": 140, "epoch": 4, "train_loss": 1.7349755859375, "clip_fraction": 0.814, "gradient_norm_mean": 373.041453125, "gradient_norm_max": 1896.654541015625, "step_seconds": 1.9731360003352165, "innovation_std_sum": 72.22798151648107, "noise_marginal_std_sum": 84.4992665429476}
{"step": 150, "epoch": 4, "train_loss": 1.7252328186035155, "clip_fraction": 0.801, "gradient_norm_mean": 371.265625, "gradient_norm_max": 1951.0960693359375, "step_seconds": 1.9608535952866077, "innovation_std_sum": 72.22798151648107, "noise_marginal_std_sum": 84.4992665429476}
{"step": 160, "epoch": 4, "train_loss": 1.6619558715820313, "clip_fraction": 0.802, "gradient_norm_mean": 379.6761875, "gradient_norm_max": 1981.52197265625, "step_seconds": 2.0252362452447414, "innovation_std_sum": 72.22798151648107, "noise_marginal_std_sum": 84.4992665429476}
{"step": 170, "epoch": 4, "train_loss": 1.6825328979492187, "clip_fraction": 0.797, "gradient_norm_mean": 371.04209375, "gradient_norm_max": 1806.5068359375, "step_seconds": 2.046811318024993, "innovation_std_sum": 72.22798151648107, "noise_marginal_std_sum": 84.4992665429476}
{"step": 180, "epoch": 4, "train_loss": 1.6342879028320312, "clip_fraction": 0.783, "gradient_norm_mean": 390.7388125, "gradient_norm_max": 1982.94091796875, "step_seconds": 2.015311863273382, "innovation_std_sum": 72.22798151648107, "noise_marginal_std_sum": 84.4992665429476}
{"epoch": 4, "step": 180, "train_loss": 1.6717653177897136, "clip_fraction": 0.8074444444444444, "epsilon": 6.981705044814983, "accuracy": 0.687, "validation_loss": 1.100054571533203, "validation_examples": 5000}
{"step": 190, "epoch": 5, "train_loss": 1.5677669982910156, "clip_fraction": 0.788, "gradient_norm_mean": 373.62653125, "gradient_norm_max": 2688.536376953125, "step_seconds": 2.003853490576148, "innovation_std_sum": 72.22798151648107, "noise_marginal_std_sum": 84.4992665429476}
{"step": 200, "epoch": 5, "train_loss": 1.6664874267578125, "clip_fraction": 0.785, "gradient_norm_mean": 393.788171875, "gradient_norm_max": 2280.401611328125, "step_seconds": 2.006091643124819, "innovation_std_sum": 72.22798151648107, "noise_marginal_std_sum": 84.4992665429476}
{"step": 210, "epoch": 5, "train_loss": 1.6353896179199219, "clip_fraction": 0.754, "gradient_norm_mean": 367.709734375, "gradient_norm_max": 1618.5804443359375, "step_seconds": 2.004763439297676, "innovation_std_sum": 72.22798151648107, "noise_marginal_std_sum": 84.4992665429476}
{"step": 220, "epoch": 5, "train_loss": 1.5791782836914063, "clip_fraction": 0.788, "gradient_norm_mean": 408.7295546875, "gradient_norm_max": 1895.1849365234375, "step_seconds": 2.047644264996052, "innovation_std_sum": 72.22798151648107, "noise_marginal_std_sum": 84.4992665429476}
{"epoch": 5, "step": 225, "train_loss": 1.6001902743869358, "clip_fraction": 0.7723777777777778, "epsilon": 8.000000000000005, "accuracy": 0.699, "validation_loss": 1.0653826538085938, "validation_examples": 5000}
