[search] GPU 1 cv adam-aware-mf 93bf88702a28d42a5d36
[search] GPU 2 cv adam-aware-mf 7dd428e57be9632fd764
[search] GPU 3 cv adam-aware-mf 1d9cd99f37611449dbb8
[search] GPU 1 cv adam-aware-mf d04adc46d32344925a4a
[search] GPU 2 cv adam-aware-mf 2bfa4621cb99d0c73c1d
[search] GPU 3 cv adam-aware-mf 4e815394045320155388
[search] GPU 1 cv adam-aware-mf 1a333f47a258374139f1
[search] GPU 2 cv adam-aware-mf ac8ada43f37a3a267f04
[search] GPU 3 cv adam-aware-mf 8891441028a8f2c20da4
[search] GPU 1 cv adam-aware-mf a98715f9d05076fa815d
[search] GPU 2 cv adam-aware-mf 239fef3baec54c6de289
[search] GPU 3 cv adam-aware-mf c5523d14ea932ee36af0
[search] GPU 1 cv adam-aware-mf b99a1896807e773d6fae
[search] GPU 2 cv adam-aware-mf 7a4aa102b54301761af1
[search] GPU 3 cv adam-aware-mf ac07628aec9e4892bdd9
[search] GPU 1 cv adam-aware-mf cca6844e134bcdaa5d44
[search] GPU 2 cv adam-aware-mf 264d57fbfb5d2901b146
[search] GPU 3 cv adam-aware-mf cffd2567d5d56bd29a55
[search] GPU 1 cv blockadam-mf e31c1e804164b552e999
[search] GPU 2 cv blockadam-mf 5ba22583f5ae32fe394f
[search] GPU 3 cv blockadam-mf ab56589962d087a080ae
[search] GPU 1 cv blockadam-mf bce5243ce7285c6e8ead
[search] GPU 2 cv blockadam-mf 9cf73a3b97a57a25d43a
[search] GPU 3 cv blockadam-mf 79bda987f48d47a74fe0
[search] GPU 1 cv blockadam-mf a7899d2f5067cd0eab09
[search] GPU 2 cv blockadam-mf 22237800654fb38e2c7e
[search] GPU 3 cv blockadam-mf 59fa05ceef490b6a1bb7
[search] GPU 1 cv blockadam-mf 30b0ca9d8f650cf4fa21
[search] GPU 2 cv blockadam-mf 571977d483a1cdd8bbf1
[search] GPU 3 cv blockadam-mf 47cf86a3822c4c678538
[search] GPU 1 cv blockadam-mf 8c4e12c27cab61899bef
[search] GPU 2 cv blockadam-mf 0d055aaeadc3720b9b10
[search] GPU 3 cv blockadam-mf e05d433fb776aa17bedf
[search] GPU 1 cv blockadam-mf 073915b564dac9f0cc48
[search] GPU 2 cv blockadam-mf 3d940fce707ccfc23ca4
[search] GPU 3 cv blockadam-mf 6684a66cf5f86cbb94f8
[search] GPU 1 cv blockadam-mf 054c086bb0d3f1abd841
[search] GPU 2 cv blockadam-mf de089742a9fb6dc2e94b
[search] GPU 3 cv blockadam-mf 146c64c2345b9a24e95e
[search] GPU 1 cv blockadam-mf 1db96622da4d8c040079
[search] GPU 2 cv blockadam-mf 32b5c6314b5264df21a4
[search] GPU 3 cv blockadam-mf 01b5d399f8be485cd69a
[search] GPU 1 nlp adam-aware-mf e32d9c32afbf8d659c96
[search] GPU 1 nlp adam-aware-mf 5ea4048d457f97029089
[search] GPU 1 nlp adam-aware-mf 34cec00ad493efc13faa
[search] GPU 1 nlp adam-aware-mf f2ea7f1c2ef6509bbd5a
[search] GPU 2 nlp adam-aware-mf 953303cf8c3b4dc5113e
[search] GPU 2 nlp adam-aware-mf 156dc32700bbef7adfe9
[search] GPU 1 nlp adam-aware-mf 08054e50c2617826c423
[search] GPU 1 nlp adam-aware-mf d1918b274e1720d9d504
[search] GPU 3 nlp adam-aware-mf 9d566c473bfdd7a9075b
[search] GPU 3 nlp adam-aware-mf 2d650228c7b6151c9afd
[search] GPU 2 nlp adam-aware-mf 1f09e436e2e2f5c28a6c
[search] GPU 2 nlp adam-aware-mf e2335b6f944711f1549e
[search] GPU 1 nlp adam-aware-mf cd2eae00ba6c920e534f
[search] GPU 1 nlp adam-aware-mf a850b3399e267f5075a0
[search] GPU 3 nlp adam-aware-mf d4a502f58ef0ff56aaee
[search] GPU 3 nlp adam-aware-mf e4adaf2b3b991c5d9ffa
[search] GPU 2 nlp adam-aware-mf b72240bb9a0e7a401037
[search] GPU 2 nlp adam-aware-mf f376549c317642154f73
[search] GPU 1 nlp adam-aware-mf 9bbb0bdbe42c9e6faa0c
[search] GPU 1 nlp adam-aware-mf e9e681bda0151ffc3c5d
[search] GPU 3 nlp adam-aware-mf ffffb639d80915bf09c7
[search] GPU 3 nlp adam-aware-mf 4ff796d4fea7dd138405
[search] GPU 2 nlp adam-aware-mf d20f3622479012338337
[search] GPU 2 nlp adam-aware-mf d17e1efe902c7257380c
[search] GPU 1 nlp blockadam-mf 97232776bf9afa857c46
[search] GPU 1 nlp blockadam-mf 543b6d8d364d2212fb7f
[search] GPU 3 nlp blockadam-mf 7cfc8ba916f9ede45372
[search] GPU 3 nlp blockadam-mf 1571b782ac8691e2b9f3
[search] GPU 2 nlp blockadam-mf 6874538c65b6dcb43869
[search] GPU 2 nlp blockadam-mf 90665a355092546e8edc
[search] GPU 1 nlp blockadam-mf 9d308a7d819e5f3ccdfe
[search] GPU 1 nlp blockadam-mf 30fe481f3361628bb6b6
[search] GPU 3 nlp blockadam-mf 2c9f6e44edb5894c6f48
[search] GPU 3 nlp blockadam-mf f4551b945e52955dda8d
[search] GPU 2 nlp blockadam-mf b5826b7e1b3171dc44b4
[search] GPU 2 nlp blockadam-mf f59f14862dfdd9ae87e0
[search] GPU 1 nlp blockadam-mf 02bb3e859de7f1acd5ed
[search] GPU 1 nlp blockadam-mf f473ce0067ecb96ba020
[search] GPU 3 nlp blockadam-mf 5391c513ebb10899eb4a
[search] GPU 3 nlp blockadam-mf e4f1111ca3697e5c10f7
[search] GPU 2 nlp blockadam-mf 0d80d4e9771f3f0ed6ab
[search] GPU 2 nlp blockadam-mf 474764c8c6f5fb779616
[search] GPU 1 nlp blockadam-mf 45b7703e4fc18c5290db
[search] GPU 1 nlp blockadam-mf 3ece445391dcabbdfff0
[search] GPU 3 nlp blockadam-mf 5183b3ccb793310fe990
[search] GPU 3 nlp blockadam-mf 3778921087b0610274df
[search] GPU 2 nlp blockadam-mf bc409e59fe473acb9a3b
[search] GPU 2 nlp blockadam-mf af277b65a4b280b37818
[search] GPU 1 cv adam-aware-mf a315a413c4ec223fb118
[search] GPU 2 cv adam-aware-mf f62ba6a9586a98cb0954
[search] GPU 3 cv adam-aware-mf 5dca796ed522b85deebd
[search] GPU 1 cv adam-aware-mf 7299bf8e2bedd7d7ee37
[search] GPU 2 cv adam-aware-mf 22aff38065daabb491a6
[search] GPU 3 cv adam-aware-mf 32c0241d406f8014cc21
[search] GPU 1 cv blockadam-mf c3b370996b4b0fd19f31
[search] GPU 2 cv blockadam-mf 3335bd2d76fd05f1f6ef
[search] GPU 3 cv blockadam-mf d9a6b4a279e07bee66d2
[search] GPU 1 cv blockadam-mf 5fedaefcea035fa5a097
[search] GPU 2 cv blockadam-mf 0d101d5e08c649c9cb5b
[search] GPU 3 cv blockadam-mf 1f16672a4810a7315658
[search] GPU 1 nlp adam-aware-mf edaedd92042c48a36630
[search] GPU 1 nlp adam-aware-mf 3a9ef2c52a0e7cfd39a4
[search] GPU 2 nlp adam-aware-mf d0230f7ad5966aac097a
[search] GPU 2 nlp adam-aware-mf f2c608d5157f430f5015
[search] GPU 3 nlp adam-aware-mf 76af61b88a98ce6d3b77
[search] GPU 3 nlp adam-aware-mf 9ce24c8383f5088ff8c9
[search] GPU 1 nlp blockadam-mf 3c9f576d72519b0a16b8
[search] GPU 1 nlp blockadam-mf 16212333e1fcd49102b7
[search] GPU 2 nlp blockadam-mf 00ef1cfef60fd351dd29
[search] GPU 2 nlp blockadam-mf 5b14e064f8c97929d413
[search] GPU 3 nlp blockadam-mf 86c00f2d8063021bda76
[search] GPU 3 nlp blockadam-mf 6554afc735a03e745bbb
[recheck] GPU 1 cv adam-aware-mf ac6d1c68e5bc9eab04bf
[recheck] GPU 2 cv adam-aware-mf 36719063c8ae49790515
[recheck] GPU 3 cv adam-aware-mf 3cdef1911dfa38893f98
[recheck] GPU 1 cv adam-aware-mf ecd82aa591ba2ac79361
[recheck] GPU 3 cv adam-aware-mf fe8686b4b405b05df70e
[recheck] GPU 2 cv adam-aware-mf 56a1aec0d19fc95eb2c9
[recheck] GPU 1 cv blockadam-mf 80ea7d7493b3bc68053b
[recheck] GPU 2 cv blockadam-mf 818378a42e5cc1d69239
[recheck] GPU 3 cv blockadam-mf c5c0b4305d0b9a0f5482
[recheck] GPU 1 cv blockadam-mf 901f4c81bb800095eeb3
[recheck] GPU 2 cv blockadam-mf 926bc64320539345b6cc
[recheck] GPU 3 cv blockadam-mf ab886d78f1b3b54b0963
[recheck] GPU 1 nlp adam-aware-mf b2ea4bb60adb90286480
[recheck] GPU 1 nlp adam-aware-mf baf6a968419acec233ae
[recheck] GPU 2 nlp adam-aware-mf 1c2877ea5cecc021d3de
[recheck] GPU 2 nlp adam-aware-mf af54d77d3615313e4ee1
[recheck] GPU 3 nlp adam-aware-mf 153f141f12aa806cc24a
[recheck] GPU 3 nlp adam-aware-mf ef749324091a03e8cd73
[recheck] GPU 1 nlp blockadam-mf dff933df1798ed484db5
[recheck] GPU 1 nlp blockadam-mf 371de6bba2489f92bc67
[recheck] GPU 2 nlp blockadam-mf e07b853fa40dca16448e
[recheck] GPU 2 nlp blockadam-mf cfb8d0e1c40aa3dda686
[recheck] GPU 3 nlp blockadam-mf 49072c9534cb79123602
[recheck] GPU 3 nlp blockadam-mf 060536f0cf8324b5370a
[final] GPU 1 cv adam-aware-mf 6837cee02a6a3dded044
[final] GPU 2 cv adam-aware-mf 7c960421bee436b0e8c3
[final] GPU 3 cv adam-aware-mf 8b077e841ffd66de3250
[final] GPU 1 cv adam-aware-mf 970251ae32ae674b65f2
[final] GPU 2 cv adam-aware-mf 9234bd34b71953c6d2e4
[final] GPU 3 cv adam-aware-mf e30f8af0b47d58849215
[final] GPU 1 cv adam-aware-mf c56c791e97c48e606ce4
[final] GPU 2 cv adam-aware-mf 6767a877e7c5cd3deeb6
[final] GPU 3 cv adam-aware-mf 67a145f1eb35f2db5298
[final] GPU 1 cv adam-aware-mf 8daf4945c071cbf21e2c
[final] GPU 2 cv blockadam-mf 841ece353987b77effaa
[final] GPU 3 cv blockadam-mf 1a8f6a3166a731ef95e1
[final] GPU 1 cv blockadam-mf f02a3af51bbb96aeaa8c
[final] GPU 2 cv blockadam-mf 81e619cfd88ea2decfe1
[final] GPU 3 cv blockadam-mf 3478515041a559b19d80
[final] GPU 1 cv blockadam-mf 098187ab1e39aaabdab3
[final] GPU 2 cv blockadam-mf ff13a45afd1b19f2cf66
[final] GPU 3 cv blockadam-mf 1df0f4bfe483d3075f0c
[final] GPU 1 cv blockadam-mf 7df4f8c754399ecd701e
[final] GPU 2 cv blockadam-mf 4f8a1979c6e8af4ea9c5
[final] GPU 3 nlp adam-aware-mf fd7e50a00785f9415bbd
[final] GPU 3 nlp adam-aware-mf 330ea4c6979c97b18502
[final] GPU 3 nlp adam-aware-mf e87ef5a6d52bd6729e61
[final] GPU 3 nlp adam-aware-mf 36b9e4535259c7ffdd55
[final] GPU 3 nlp adam-aware-mf c982d42dfda692a1ea57
[final] GPU 3 nlp adam-aware-mf 98c323286a41a54d93c7
[final] GPU 3 nlp adam-aware-mf 95fd750a71cf0aec4b82
[final] GPU 3 nlp adam-aware-mf d46a7163b788c67da14f
[final] GPU 3 nlp adam-aware-mf 5782d16c51660077d09e
[final] GPU 3 nlp adam-aware-mf 3e5f8c88ee1940457996
[final] GPU 3 nlp blockadam-mf 8f0ccc9cbe6c77f74d34
[final] GPU 3 nlp blockadam-mf 6003adfef957d47cc253
[final] GPU 3 nlp blockadam-mf 2445d3ed4ad5bce82ff3
[final] GPU 3 nlp blockadam-mf c8eb6fcaa876742aabf7
[final] GPU 1 nlp blockadam-mf c748791c86160ae2e600
[final] GPU 1 nlp blockadam-mf ac2144bbbf1e437d0288
[final] GPU 2 nlp blockadam-mf c58ee517b4fc45da0af8
[final] GPU 2 nlp blockadam-mf 1f49d12f0e59b1d4ff68
[final] GPU 3 nlp blockadam-mf 497f331bb74605f5fe5a
[final] GPU 3 nlp blockadam-mf 3f4d940bf6e16bb93ed3
Exp10 complete: 184 full trainings; exp10/results/final_report.md
