/home/longt29/miniconda3/envs/curve/lib/python3.11/site-packages/torchvision/datasets/cifar.py:83: VisibleDeprecationWarning: dtype(): align should be passed as Python or NumPy boolean but got `align=0`. Did you mean to pass a tuple to create a subarray type? (Deprecated NumPy 2.4)
  entry = pickle.load(f, encoding="latin1")
sys:1: UserWarning: Full backward hook is firing when gradients are computed with respect to module outputs since no inputs require gradients. See https://docs.pytorch.org/docs/main/generated/torch.nn.Module.html#torch.nn.Module.register_full_backward_hook for more details.
{"step": 10, "epoch": 1, "train_loss": 4.476616088867187, "clip_fraction": 1.0, "gradient_norm_mean": 722.807828125, "gradient_norm_max": 1397.9755859375, "step_seconds": 1.9982228800654411, "innovation_std_sum": 144.0803108758691, "noise_marginal_std_sum": 198.73177379497218}
{"step": 20, "epoch": 1, "train_loss": 4.072916320800781, "clip_fraction": 1.0, "gradient_norm_mean": 1144.5853125, "gradient_norm_max": 2414.661865234375, "step_seconds": 2.006505161523819, "innovation_std_sum": 144.0803108758691, "noise_marginal_std_sum": 198.73177379497218}
{"step": 30, "epoch": 1, "train_loss": 3.6418118896484377, "clip_fraction": 1.0, "gradient_norm_mean": 1585.153625, "gradient_norm_max": 5037.95654296875, "step_seconds": 2.052802748978138, "innovation_std_sum": 144.0803108758691, "noise_marginal_std_sum": 198.73177379497218}
{"step": 40, "epoch": 1, "train_loss": 3.230985900878906, "clip_fraction": 1.0, "gradient_norm_mean": 1808.85290625, "gradient_norm_max": 5833.49951171875, "step_seconds": 2.044201333075762, "innovation_std_sum": 144.0803108758691, "noise_marginal_std_sum": 198.73177379497218}
{"epoch": 1, "step": 45, "train_loss": 3.9363252685546875, "clip_fraction": 1.0, "epsilon": 2.805247463992718, "accuracy": 0.3278, "validation_loss": 2.6763226684570314, "validation_examples": 5000}
{"step": 50, "epoch": 2, "train_loss": 2.8289783325195312, "clip_fraction": 1.0, "gradient_norm_mean": 1881.98625, "gradient_norm_max": 6587.18505859375, "step_seconds": 2.025908563286066, "innovation_std_sum": 144.0803108758691, "noise_marginal_std_sum": 198.73177379497218}
{"step": 60, "epoch": 2, "train_loss": 2.667492858886719, "clip_fraction": 1.0, "gradient_norm_mean": 1931.8744375, "gradient_norm_max": 6696.240234375, "step_seconds": 2.0018556974828243, "innovation_std_sum": 144.0803108758691, "noise_marginal_std_sum": 198.73177379497218}
{"step": 70, "epoch": 2, "train_loss": 2.360206298828125, "clip_fraction": 0.999, "gradient_norm_mean": 1865.73403125, "gradient_norm_max": 8875.2802734375, "step_seconds": 2.0120364110916853, "innovation_std_sum": 144.0803108758691, "noise_marginal_std_sum": 198.73177379497218}
{"step": 80, "epoch": 2, "train_loss": 2.355122314453125, "clip_fraction": 0.998, "gradient_norm_mean": 1987.54521875, "gradient_norm_max": 8464.3388671875, "step_seconds": 2.033553868532181, "innovation_std_sum": 144.0803108758691, "noise_marginal_std_sum": 198.73177379497218}
{"step": 90, "epoch": 2, "train_loss": 2.1611629638671874, "clip_fraction": 0.998, "gradient_norm_mean": 1972.590375, "gradient_norm_max": 6660.392578125, "step_seconds": 2.007341254502535, "innovation_std_sum": 144.0803108758691, "noise_marginal_std_sum": 198.73177379497218}
{"epoch": 2, "step": 90, "train_loss": 2.4921747165256076, "clip_fraction": 0.9984888888888889, "epsilon": 4.4474719255524375, "accuracy": 0.5418, "validation_loss": 1.679675830078125, "validation_examples": 5000}
{"step": 100, "epoch": 3, "train_loss": 1.9853336791992187, "clip_fraction": 0.981, "gradient_norm_mean": 1883.21109375, "gradient_norm_max": 7244.53955078125, "step_seconds": 2.0230258107185364, "innovation_std_sum": 144.0803108758691, "noise_marginal_std_sum": 198.73177379497218}
{"step": 110, "epoch": 3, "train_loss": 1.9300019226074219, "clip_fraction": 0.98, "gradient_norm_mean": 1930.63646875, "gradient_norm_max": 10399.9443359375, "step_seconds": 2.003062281757593, "innovation_std_sum": 144.0803108758691, "noise_marginal_std_sum": 198.73177379497218}
{"step": 120, "epoch": 3, "train_loss": 1.836704559326172, "clip_fraction": 0.977, "gradient_norm_mean": 1911.48946875, "gradient_norm_max": 8335.8330078125, "step_seconds": 2.043657524511218, "innovation_std_sum": 144.0803108758691, "noise_marginal_std_sum": 198.73177379497218}
{"step": 130, "epoch": 3, "train_loss": 1.8058147583007813, "clip_fraction": 0.966, "gradient_norm_mean": 1901.8245, "gradient_norm_max": 14210.232421875, "step_seconds": 2.0120217725634575, "innovation_std_sum": 144.0803108758691, "noise_marginal_std_sum": 198.73177379497218}
{"epoch": 3, "step": 135, "train_loss": 1.9414451409233942, "clip_fraction": 0.9747333333333333, "epsilon": 5.779485746307642, "accuracy": 0.6362, "validation_loss": 1.2899470153808594, "validation_examples": 5000}
{"step": 140, "epoch": 4, "train_loss": 1.7511072082519532, "clip_fraction": 0.942, "gradient_norm_mean": 1836.727625, "gradient_norm_max": 9641.587890625, "step_seconds": 1.996596110984683, "innovation_std_sum": 144.0803108758691, "noise_marginal_std_sum": 198.73177379497218}
{"step": 150, "epoch": 4, "train_loss": 1.7319808349609376, "clip_fraction": 0.936, "gradient_norm_mean": 1904.14553125, "gradient_norm_max": 12267.1552734375, "step_seconds": 2.0092175751924515, "innovation_std_sum": 144.0803108758691, "noise_marginal_std_sum": 198.73177379497218}
{"step": 160, "epoch": 4, "train_loss": 1.7042021179199218, "clip_fraction": 0.918, "gradient_norm_mean": 1917.603375, "gradient_norm_max": 10970.39453125, "step_seconds": 2.033654673025012, "innovation_std_sum": 144.0803108758691, "noise_marginal_std_sum": 198.73177379497218}
{"step": 170, "epoch": 4, "train_loss": 1.6827539367675781, "clip_fraction": 0.928, "gradient_norm_mean": 1851.35421875, "gradient_norm_max": 10429.482421875, "step_seconds": 2.0363141801208258, "innovation_std_sum": 144.0803108758691, "noise_marginal_std_sum": 198.73177379497218}
{"step": 180, "epoch": 4, "train_loss": 1.6174283142089845, "clip_fraction": 0.901, "gradient_norm_mean": 1896.42171875, "gradient_norm_max": 8436.755859375, "step_seconds": 2.0037191547453403, "innovation_std_sum": 144.0803108758691, "noise_marginal_std_sum": 198.73177379497218}
{"epoch": 4, "step": 180, "train_loss": 1.7084524570041233, "clip_fraction": 0.9286444444444445, "epsilon": 6.943065470652311, "accuracy": 0.6798, "validation_loss": 1.1071705505371094, "validation_examples": 5000}
{"step": 190, "epoch": 5, "train_loss": 1.544496795654297, "clip_fraction": 0.898, "gradient_norm_mean": 1898.3930625, "gradient_norm_max": 8634.97265625, "step_seconds": 2.015779895707965, "innovation_std_sum": 144.0803108758691, "noise_marginal_std_sum": 198.73177379497218}
{"step": 200, "epoch": 5, "train_loss": 1.6158606872558594, "clip_fraction": 0.899, "gradient_norm_mean": 1951.409875, "gradient_norm_max": 10299.8349609375, "step_seconds": 1.999235313385725, "innovation_std_sum": 144.0803108758691, "noise_marginal_std_sum": 198.73177379497218}
{"step": 210, "epoch": 5, "train_loss": 1.606508270263672, "clip_fraction": 0.872, "gradient_norm_mean": 1905.2209375, "gradient_norm_max": 10623.0498046875, "step_seconds": 2.004132939502597, "innovation_std_sum": 144.0803108758691, "noise_marginal_std_sum": 198.73177379497218}
{"step": 220, "epoch": 5, "train_loss": 1.5599754028320312, "clip_fraction": 0.891, "gradient_norm_mean": 1976.8509375, "gradient_norm_max": 11486.208984375, "step_seconds": 2.006811760365963, "innovation_std_sum": 144.0803108758691, "noise_marginal_std_sum": 198.73177379497218}
{"epoch": 5, "step": 225, "train_loss": 1.5714055182562934, "clip_fraction": 0.8854444444444445, "epsilon": 8.000000000000005, "accuracy": 0.7114, "validation_loss": 1.0006139678955077, "validation_examples": 5000}
