/home/longt29/miniconda3/envs/curve/lib/python3.11/site-packages/torchvision/datasets/cifar.py:83: VisibleDeprecationWarning: dtype(): align should be passed as Python or NumPy boolean but got `align=0`. Did you mean to pass a tuple to create a subarray type? (Deprecated NumPy 2.4)
  entry = pickle.load(f, encoding="latin1")
{"method": "dp-adam-momentum-bandinvmf-scale", "smoke": false, "calibration": {"target_mu": 1.6660305978457184, "sensitivity": 7.852751308631718, "innovation_std_sum": 471.34496321891186, "adjacency": "add_remove_zero_out", "k": 5, "b_participation": 50, "sampling_amplification": false}, "coefficients": [1.0, -0.95, -0.0012500000000000844, -0.001187499999999897]}
sys:1: UserWarning: Full backward hook is firing when gradients are computed with respect to module outputs since no inputs require gradients. See https://docs.pytorch.org/docs/main/generated/torch.nn.Module.html#torch.nn.Module.register_full_backward_hook for more details.
{"progress_step": 10, "epoch": 1, "train_loss_so_far": 4.6787130859375, "clip_fraction_so_far": 1.0}
{"progress_step": 20, "epoch": 1, "train_loss_so_far": 4.441432348632812, "clip_fraction_so_far": 1.0}
{"progress_step": 30, "epoch": 1, "train_loss_so_far": 4.210207798258463, "clip_fraction_so_far": 1.0}
{"progress_step": 40, "epoch": 1, "train_loss_so_far": 3.981253286743164, "clip_fraction_so_far": 0.9999}
{"progress_step": 50, "epoch": 1, "train_loss_so_far": 3.767889719238281, "clip_fraction_so_far": 0.99908}
{"epoch": 1, "logical_steps": 50, "train_examples": 50000, "train_loss": 3.767889719238281, "test_loss": 2.4234006958007814, "test_top1": 0.3956, "clip_fraction": 0.99908, "gdp_mu": 0.692288791553462, "gdp_epsilon": 2.873426350654349, "target_mu": 1.6660305978457184, "target_epsilon": 8.0, "delta": 1e-05, "noise_std": 0.6501319995798853, "noise_std_space": "scaled", "innovation_std_sum": 471.34496321891186, "augmentation_trace_sha256": "a8cb9c873959692e7ed635bac905df22dfc19a5887c40d581b7ed9c91322469a", "seconds": 138.2816402129829}
{"progress_step": 60, "epoch": 2, "train_loss_so_far": 2.620623162841797, "clip_fraction_so_far": 0.9845}
{"progress_step": 70, "epoch": 2, "train_loss_so_far": 2.5055810607910156, "clip_fraction_so_far": 0.9766}
{"progress_step": 80, "epoch": 2, "train_loss_so_far": 2.419568662516276, "clip_fraction_so_far": 0.9688333333333333}
{"progress_step": 90, "epoch": 2, "train_loss_so_far": 2.3385160987854006, "clip_fraction_so_far": 0.959175}
{"progress_step": 100, "epoch": 2, "train_loss_so_far": 2.265041844482422, "clip_fraction_so_far": 0.9489}
{"epoch": 2, "logical_steps": 100, "train_examples": 50000, "train_loss": 2.265041844482422, "test_loss": 1.4860102783203124, "test_top1": 0.6034, "clip_fraction": 0.9489, "gdp_mu": 1.0231641324654879, "gdp_epsilon": 4.494876969944211, "target_mu": 1.6660305978457184, "target_epsilon": 8.0, "delta": 1e-05, "noise_std": 0.6501319995798853, "noise_std_space": "scaled", "innovation_std_sum": 471.34496321891186, "augmentation_trace_sha256": "cf10019b1d1abf4262ea5b45b9d1bed6b2264d036965058f07eafbbda55674ca", "seconds": 132.00014708563685}
{"progress_step": 110, "epoch": 3, "train_loss_so_far": 1.880544677734375, "clip_fraction_so_far": 0.8827}
{"progress_step": 120, "epoch": 3, "train_loss_so_far": 1.8365270294189453, "clip_fraction_so_far": 0.8753}
{"progress_step": 130, "epoch": 3, "train_loss_so_far": 1.8002404073079428, "clip_fraction_so_far": 0.8645}
{"progress_step": 140, "epoch": 3, "train_loss_so_far": 1.7781383239746094, "clip_fraction_so_far": 0.8576}
{"progress_step": 150, "epoch": 3, "train_loss_so_far": 1.7477880340576173, "clip_fraction_so_far": 0.84722}
{"epoch": 3, "logical_steps": 150, "train_examples": 50000, "train_loss": 1.7477880340576173, "test_loss": 1.122086067199707, "test_top1": 0.6842, "clip_fraction": 0.84722, "gdp_mu": 1.2738232467243236, "gdp_epsilon": 5.807351225535705, "target_mu": 1.6660305978457184, "target_epsilon": 8.0, "delta": 1e-05, "noise_std": 0.6501319995798853, "noise_std_space": "scaled", "innovation_std_sum": 471.34496321891186, "augmentation_trace_sha256": "c5c7062b9f4a6b1504b8df1867c72d01bab286abd6b3dbb379b274a765e363bb", "seconds": 134.14255373738706}
{"progress_step": 160, "epoch": 4, "train_loss_so_far": 1.5946058013916016, "clip_fraction_so_far": 0.7967}
{"progress_step": 170, "epoch": 4, "train_loss_so_far": 1.564152947998047, "clip_fraction_so_far": 0.7885}
{"progress_step": 180, "epoch": 4, "train_loss_so_far": 1.5529310526529947, "clip_fraction_so_far": 0.7811333333333333}
{"progress_step": 190, "epoch": 4, "train_loss_so_far": 1.5427227828979493, "clip_fraction_so_far": 0.7765}
{"progress_step": 200, "epoch": 4, "train_loss_so_far": 1.525814946899414, "clip_fraction_so_far": 0.76812}
{"epoch": 4, "logical_steps": 200, "train_examples": 50000, "train_loss": 1.525814946899414, "test_loss": 0.9565499282836915, "test_top1": 0.7215, "clip_fraction": 0.76812, "gdp_mu": 1.4829396001380057, "gdp_epsilon": 6.9556279168064306, "target_mu": 1.6660305978457184, "target_epsilon": 8.0, "delta": 1e-05, "noise_std": 0.6501319995798853, "noise_std_space": "scaled", "innovation_std_sum": 471.34496321891186, "augmentation_trace_sha256": "c86e4100c9a99e46b33217074d109313177f66ca4a468bf535e8cf0fb813aa65", "seconds": 131.7717933151871}
{"progress_step": 210, "epoch": 5, "train_loss_so_far": 1.4362168090820313, "clip_fraction_so_far": 0.7261}
{"progress_step": 220, "epoch": 5, "train_loss_so_far": 1.4287516906738282, "clip_fraction_so_far": 0.72565}
{"progress_step": 230, "epoch": 5, "train_loss_so_far": 1.41458857421875, "clip_fraction_so_far": 0.7199666666666666}
{"progress_step": 240, "epoch": 5, "train_loss_so_far": 1.4144212669372558, "clip_fraction_so_far": 0.71915}
{"progress_step": 250, "epoch": 5, "train_loss_so_far": 1.4005682940673827, "clip_fraction_so_far": 0.71318}
{"epoch": 5, "logical_steps": 250, "train_examples": 50000, "train_loss": 1.4005682940673827, "test_loss": 0.8627797790527344, "test_top1": 0.7453, "clip_fraction": 0.71318, "gdp_mu": 1.6660305978457184, "gdp_epsilon": 8.000000000000005, "target_mu": 1.6660305978457184, "target_epsilon": 8.0, "delta": 1e-05, "noise_std": 0.6501319995798853, "noise_std_space": "scaled", "innovation_std_sum": 471.34496321891186, "augmentation_trace_sha256": "5a166cfdf1664376691bc322b6380dc25bd2089500f85f43c9dcb0efb629664c", "seconds": 133.98589615896344}
{"status": "completed", "results": "/media/data/data/lt/dp-adam-correlated/exp7b/results/final/trials/996daf0b448aacf1"}
