Loading weights:   0%|          | 0/39 [00:00<?, ?it/s]Loading weights: 100%|██████████| 39/39 [00:00<00:00, 26585.06it/s]
[transformers] [1mBertModel LOAD REPORT[0m from: /media/data/data/lt/dp-adam-correlated/cache/bert-tiny
Key                                        | Status     |  | 
-------------------------------------------+------------+--+-
cls.predictions.transform.LayerNorm.bias   | UNEXPECTED |  | 
cls.predictions.transform.LayerNorm.weight | UNEXPECTED |  | 
cls.predictions.bias                       | UNEXPECTED |  | 
cls.predictions.decoder.bias               | UNEXPECTED |  | 
cls.seq_relationship.bias                  | UNEXPECTED |  | 
cls.predictions.decoder.weight             | UNEXPECTED |  | 
cls.predictions.transform.dense.bias       | UNEXPECTED |  | 
cls.predictions.transform.dense.weight     | UNEXPECTED |  | 
cls.seq_relationship.weight                | UNEXPECTED |  | 

Notes:
- UNEXPECTED:	can be ignored when loading from different task/architecture; not ok if you expect identical arch.
sys:1: UserWarning: Full backward hook is firing when gradients are computed with respect to module outputs since no inputs require gradients. See https://docs.pytorch.org/docs/main/generated/torch.nn.Module.html#torch.nn.Module.register_full_backward_hook for more details.
{"step": 10, "epoch": 1, "step_seconds": 0.26813497580587864, "innovation_std_sum": 1.7273655294376953, "noise_marginal_std_sum": 1.9368335451060459, "pure_mf_cumulative_momentum_noise_variance": 1.0777422716856956e-05, "preconditioner_mean": 564.8262939453125, "preconditioner_change_relative": 0.10398682206869125, "denominator_lag_relative": 0.0, "block_age": 0}
{"step": 20, "epoch": 1, "step_seconds": 0.2661157548427582, "innovation_std_sum": 1.7273655294376953, "noise_marginal_std_sum": 1.9368335451060459, "pure_mf_cumulative_momentum_noise_variance": 1.1247321802207244e-05, "preconditioner_mean": 531.7865600585938, "preconditioner_change_relative": 0.0424184650182724, "denominator_lag_relative": 0.0, "block_age": 0}
{"step": 30, "epoch": 1, "step_seconds": 0.26800244487822056, "innovation_std_sum": 1.7273655294376953, "noise_marginal_std_sum": 1.9368335451060459, "pure_mf_cumulative_momentum_noise_variance": 1.1613539605281318e-05, "preconditioner_mean": 524.8650512695312, "preconditioner_change_relative": 0.027044029906392097, "denominator_lag_relative": 0.0, "block_age": 0}
{"step": 40, "epoch": 1, "step_seconds": 0.2680596560239792, "innovation_std_sum": 1.7273655294376953, "noise_marginal_std_sum": 1.9368335451060459, "pure_mf_cumulative_momentum_noise_variance": 1.2026369822549559e-05, "preconditioner_mean": 520.0050048828125, "preconditioner_change_relative": 0.02047332189977169, "denominator_lag_relative": 0.0, "block_age": 0}
{"step": 50, "epoch": 1, "step_seconds": 0.2674369253218174, "innovation_std_sum": 1.7273655294376953, "noise_marginal_std_sum": 1.9368335451060459, "pure_mf_cumulative_momentum_noise_variance": 1.2471126023441973e-05, "preconditioner_mean": 516.9419555664062, "preconditioner_change_relative": 0.015121671371161938, "denominator_lag_relative": 0.0, "block_age": 0}
{"step": 60, "epoch": 1, "step_seconds": 0.2681972533464432, "innovation_std_sum": 1.7273655294376953, "noise_marginal_std_sum": 1.9368335451060459, "pure_mf_cumulative_momentum_noise_variance": 1.293180378709957e-05, "preconditioner_mean": 515.6812133789062, "preconditioner_change_relative": 0.012446455657482147, "denominator_lag_relative": 0.0, "block_age": 0}
{"epoch": 1, "step": 62, "epsilon": 3.0817479262244762, "accuracy": 0.7557339449541285, "validation_loss": 1.1331862528389747, "validation_examples": 872}
{"step": 70, "epoch": 2, "step_seconds": 0.26632782258093357, "innovation_std_sum": 1.7273655294376953, "noise_marginal_std_sum": 1.9368335451060459, "pure_mf_cumulative_momentum_noise_variance": 1.3399662425254163e-05, "preconditioner_mean": 514.9890747070312, "preconditioner_change_relative": 0.010854163207113743, "denominator_lag_relative": 0.0, "block_age": 0}
{"step": 80, "epoch": 2, "step_seconds": 0.26621030643582344, "innovation_std_sum": 1.7273655294376953, "noise_marginal_std_sum": 1.9368335451060459, "pure_mf_cumulative_momentum_noise_variance": 1.387059160068999e-05, "preconditioner_mean": 514.8677978515625, "preconditioner_change_relative": 0.009601350873708725, "denominator_lag_relative": 0.0, "block_age": 0}
{"step": 90, "epoch": 2, "step_seconds": 0.26542671397328377, "innovation_std_sum": 1.7273655294376953, "noise_marginal_std_sum": 1.9368335451060459, "pure_mf_cumulative_momentum_noise_variance": 1.4342789226299584e-05, "preconditioner_mean": 514.5635986328125, "preconditioner_change_relative": 0.00819204282015562, "denominator_lag_relative": 0.0, "block_age": 0}
{"step": 100, "epoch": 2, "step_seconds": 0.26554887741804123, "innovation_std_sum": 1.7273655294376953, "noise_marginal_std_sum": 1.9368335451060459, "pure_mf_cumulative_momentum_noise_variance": 1.481549818081484e-05, "preconditioner_mean": 514.480712890625, "preconditioner_change_relative": 0.0074273450300097466, "denominator_lag_relative": 0.0, "block_age": 0}
{"step": 110, "epoch": 2, "step_seconds": 0.26524760387837887, "innovation_std_sum": 1.7273655294376953, "noise_marginal_std_sum": 1.9368335451060459, "pure_mf_cumulative_momentum_noise_variance": 1.5288409514423992e-05, "preconditioner_mean": 513.990966796875, "preconditioner_change_relative": 0.006972037721425295, "denominator_lag_relative": 0.0, "block_age": 0}
{"step": 120, "epoch": 2, "step_seconds": 0.2691059336066246, "innovation_std_sum": 1.7273655294376953, "noise_marginal_std_sum": 1.9368335451060459, "pure_mf_cumulative_momentum_noise_variance": 1.5761399815237535e-05, "preconditioner_mean": 513.8142700195312, "preconditioner_change_relative": 0.006190196610987186, "denominator_lag_relative": 0.0, "block_age": 0}
{"epoch": 2, "step": 124, "epsilon": 4.626744139901174, "accuracy": 0.7614678899082569, "validation_loss": 1.1113993705959495, "validation_examples": 872}
{"step": 130, "epoch": 3, "step_seconds": 0.26699949242174625, "innovation_std_sum": 1.7273655294376953, "noise_marginal_std_sum": 1.9368335451060459, "pure_mf_cumulative_momentum_noise_variance": 1.623442058017555e-05, "preconditioner_mean": 514.0017700195312, "preconditioner_change_relative": 0.005773537792265415, "denominator_lag_relative": 0.0, "block_age": 0}
{"step": 140, "epoch": 3, "step_seconds": 0.26624771393835545, "innovation_std_sum": 1.7273655294376953, "noise_marginal_std_sum": 1.9368335451060459, "pure_mf_cumulative_momentum_noise_variance": 1.6707452988967284e-05, "preconditioner_mean": 513.9801025390625, "preconditioner_change_relative": 0.00532875070348382, "denominator_lag_relative": 0.0, "block_age": 0}
{"step": 150, "epoch": 3, "step_seconds": 0.2662061080336571, "innovation_std_sum": 1.7273655294376953, "noise_marginal_std_sum": 1.9368335451060459, "pure_mf_cumulative_momentum_noise_variance": 1.7180489813962117e-05, "preconditioner_mean": 513.8826293945312, "preconditioner_change_relative": 0.005084877833724022, "denominator_lag_relative": 0.0, "block_age": 0}
{"step": 160, "epoch": 3, "step_seconds": 0.2665940374135971, "innovation_std_sum": 1.7273655294376953, "noise_marginal_std_sum": 1.9368335451060459, "pure_mf_cumulative_momentum_noise_variance": 1.76535283030069e-05, "preconditioner_mean": 513.911865234375, "preconditioner_change_relative": 0.004783147946000099, "denominator_lag_relative": 0.0, "block_age": 0}
{"step": 170, "epoch": 3, "step_seconds": 0.2660428509116173, "innovation_std_sum": 1.7273655294376953, "noise_marginal_std_sum": 1.9368335451060459, "pure_mf_cumulative_momentum_noise_variance": 1.8126567415581323e-05, "preconditioner_mean": 513.7803955078125, "preconditioner_change_relative": 0.004537656437605619, "denominator_lag_relative": 0.0, "block_age": 0}
{"step": 180, "epoch": 3, "step_seconds": 0.2667742632329464, "innovation_std_sum": 1.7273655294376953, "noise_marginal_std_sum": 1.9368335451060459, "pure_mf_cumulative_momentum_noise_variance": 1.8599606760668814e-05, "preconditioner_mean": 513.8607177734375, "preconditioner_change_relative": 0.0042015365324914455, "denominator_lag_relative": 0.0, "block_age": 0}
{"epoch": 3, "step": 186, "epsilon": 5.883337114624349, "accuracy": 0.7740825688073395, "validation_loss": 1.061322982158136, "validation_examples": 872}
{"step": 190, "epoch": 4, "step_seconds": 0.2660294398665428, "innovation_std_sum": 1.7273655294376953, "noise_marginal_std_sum": 1.9368335451060459, "pure_mf_cumulative_momentum_noise_variance": 1.9072646192094252e-05, "preconditioner_mean": 513.7035522460938, "preconditioner_change_relative": 0.004454636014997959, "denominator_lag_relative": 0.0, "block_age": 0}
{"step": 200, "epoch": 4, "step_seconds": 0.2664574310183525, "innovation_std_sum": 1.7273655294376953, "noise_marginal_std_sum": 1.9368335451060459, "pure_mf_cumulative_momentum_noise_variance": 1.95456856554599e-05, "preconditioner_mean": 513.6171875, "preconditioner_change_relative": 0.004020032938569784, "denominator_lag_relative": 0.0, "block_age": 0}
{"step": 210, "epoch": 4, "step_seconds": 0.26561992429196835, "innovation_std_sum": 1.7273655294376953, "noise_marginal_std_sum": 1.9368335451060459, "pure_mf_cumulative_momentum_noise_variance": 2.0018725130602584e-05, "preconditioner_mean": 513.7083129882812, "preconditioner_change_relative": 0.003641808172687888, "denominator_lag_relative": 0.0, "block_age": 0}
{"step": 220, "epoch": 4, "step_seconds": 0.26589566096663475, "innovation_std_sum": 1.7273655294376953, "noise_marginal_std_sum": 1.9368335451060459, "pure_mf_cumulative_momentum_noise_variance": 2.0491764610074888e-05, "preconditioner_mean": 513.6121215820312, "preconditioner_change_relative": 0.0035105852875858545, "denominator_lag_relative": 0.0, "block_age": 0}
{"step": 230, "epoch": 4, "step_seconds": 0.26155463978648186, "innovation_std_sum": 1.7273655294376953, "noise_marginal_std_sum": 1.9368335451060459, "pure_mf_cumulative_momentum_noise_variance": 2.096480409113467e-05, "preconditioner_mean": 513.6300659179688, "preconditioner_change_relative": 0.003337281057611108, "denominator_lag_relative": 0.0, "block_age": 0}
{"step": 240, "epoch": 4, "step_seconds": 0.26545400172472, "innovation_std_sum": 1.7273655294376953, "noise_marginal_std_sum": 1.9368335451060459, "pure_mf_cumulative_momentum_noise_variance": 2.1437843572775098e-05, "preconditioner_mean": 513.6996459960938, "preconditioner_change_relative": 0.003380464855581522, "denominator_lag_relative": 0.0, "block_age": 0}
{"epoch": 4, "step": 248, "epsilon": 6.989802718757768, "accuracy": 0.7821100917431193, "validation_loss": 1.089545293685493, "validation_examples": 872}
{"step": 250, "epoch": 5, "step_seconds": 0.2675299886614084, "innovation_std_sum": 1.7273655294376953, "noise_marginal_std_sum": 1.9368335451060459, "pure_mf_cumulative_momentum_noise_variance": 2.191088305462746e-05, "preconditioner_mean": 513.6679077148438, "preconditioner_change_relative": 0.0033333362080156803, "denominator_lag_relative": 0.0, "block_age": 0}
{"step": 260, "epoch": 5, "step_seconds": 0.26666866429150105, "innovation_std_sum": 1.7273655294376953, "noise_marginal_std_sum": 1.9368335451060459, "pure_mf_cumulative_momentum_noise_variance": 2.2383922536557016e-05, "preconditioner_mean": 513.7108154296875, "preconditioner_change_relative": 0.002979147480800748, "denominator_lag_relative": 0.0, "block_age": 0}
{"step": 270, "epoch": 5, "step_seconds": 0.26559029519557953, "innovation_std_sum": 1.7273655294376953, "noise_marginal_std_sum": 1.9368335451060459, "pure_mf_cumulative_momentum_noise_variance": 2.2856962018514633e-05, "preconditioner_mean": 513.7547607421875, "preconditioner_change_relative": 0.0027461627032607794, "denominator_lag_relative": 0.0, "block_age": 0}
{"step": 280, "epoch": 5, "step_seconds": 0.26595805026590824, "innovation_std_sum": 1.7273655294376953, "noise_marginal_std_sum": 1.9368335451060459, "pure_mf_cumulative_momentum_noise_variance": 2.3330001500482442e-05, "preconditioner_mean": 513.7596435546875, "preconditioner_change_relative": 0.0029004912357777357, "denominator_lag_relative": 0.0, "block_age": 0}
{"step": 290, "epoch": 5, "step_seconds": 0.12458174675703049, "innovation_std_sum": 1.7273655294376953, "noise_marginal_std_sum": 1.9368335451060459, "pure_mf_cumulative_momentum_noise_variance": 2.380304098245394e-05, "preconditioner_mean": 513.5623779296875, "preconditioner_change_relative": 0.0030093188397586346, "denominator_lag_relative": 0.0, "block_age": 0}
{"step": 300, "epoch": 5, "step_seconds": 0.2662400212138891, "innovation_std_sum": 1.7273655294376953, "noise_marginal_std_sum": 1.9368335451060459, "pure_mf_cumulative_momentum_noise_variance": 2.4276080464426774e-05, "preconditioner_mean": 513.4578247070312, "preconditioner_change_relative": 0.0027204386424273252, "denominator_lag_relative": 0.0, "block_age": 0}
{"step": 310, "epoch": 5, "step_seconds": 0.1284063160419464, "innovation_std_sum": 1.7273655294376953, "noise_marginal_std_sum": 1.9368335451060459, "pure_mf_cumulative_momentum_noise_variance": 2.4749119946400092e-05, "preconditioner_mean": 513.6448364257812, "preconditioner_change_relative": 0.002521105809137225, "denominator_lag_relative": 0.0, "block_age": 0}
{"epoch": 5, "step": 310, "epsilon": 8.000000000000005, "accuracy": 0.7878440366972477, "validation_loss": 1.0542548293367437, "validation_examples": 872}
