/home/longt29/miniconda3/envs/curve/lib/python3.11/site-packages/torchvision/datasets/cifar.py:83: VisibleDeprecationWarning: dtype(): align should be passed as Python or NumPy boolean but got `align=0`. Did you mean to pass a tuple to create a subarray type? (Deprecated NumPy 2.4)
  entry = pickle.load(f, encoding="latin1")
sys:1: UserWarning: Full backward hook is firing when gradients are computed with respect to module outputs since no inputs require gradients. See https://docs.pytorch.org/docs/main/generated/torch.nn.Module.html#torch.nn.Module.register_full_backward_hook for more details.
{"step": 10, "epoch": 1, "train_loss": 4.50800146484375, "clip_fraction": 1.0, "gradient_norm_mean": 53.1275859375, "gradient_norm_max": 131.34124755859375, "step_seconds": 2.1126489844173193, "innovation_std_sum": 144.0803108758691, "noise_marginal_std_sum": 198.73177379497218}
{"step": 20, "epoch": 1, "train_loss": 4.18641650390625, "clip_fraction": 1.0, "gradient_norm_mean": 62.6067548828125, "gradient_norm_max": 141.21197509765625, "step_seconds": 2.117532527074218, "innovation_std_sum": 144.0803108758691, "noise_marginal_std_sum": 198.73177379497218}
{"step": 30, "epoch": 1, "train_loss": 3.7923302612304686, "clip_fraction": 1.0, "gradient_norm_mean": 82.494693359375, "gradient_norm_max": 194.15321350097656, "step_seconds": 2.119822397828102, "innovation_std_sum": 144.0803108758691, "noise_marginal_std_sum": 198.73177379497218}
{"step": 40, "epoch": 1, "train_loss": 3.3157027587890626, "clip_fraction": 1.0, "gradient_norm_mean": 100.04099609375, "gradient_norm_max": 276.4904479980469, "step_seconds": 2.121720077469945, "innovation_std_sum": 144.0803108758691, "noise_marginal_std_sum": 198.73177379497218}
{"epoch": 1, "step": 45, "train_loss": 4.027108405219184, "clip_fraction": 0.9999555555555556, "epsilon": 2.805247463992718, "accuracy": 0.2772, "validation_loss": 2.943956457519531, "validation_examples": 5000}
{"step": 50, "epoch": 2, "train_loss": 3.0116756591796876, "clip_fraction": 0.999, "gradient_norm_mean": 107.20384375, "gradient_norm_max": 355.5544128417969, "step_seconds": 2.1008336786180735, "innovation_std_sum": 144.0803108758691, "noise_marginal_std_sum": 198.73177379497218}
{"step": 60, "epoch": 2, "train_loss": 2.7666184692382814, "clip_fraction": 0.99, "gradient_norm_mean": 111.502939453125, "gradient_norm_max": 368.16082763671875, "step_seconds": 2.1148027777671814, "innovation_std_sum": 144.0803108758691, "noise_marginal_std_sum": 198.73177379497218}
{"step": 70, "epoch": 2, "train_loss": 2.5587593383789065, "clip_fraction": 0.98, "gradient_norm_mean": 113.23088671875, "gradient_norm_max": 397.0351257324219, "step_seconds": 2.116192553192377, "innovation_std_sum": 144.0803108758691, "noise_marginal_std_sum": 198.73177379497218}
{"step": 80, "epoch": 2, "train_loss": 2.3277699584960936, "clip_fraction": 0.962, "gradient_norm_mean": 112.46212109375, "gradient_norm_max": 574.7813720703125, "step_seconds": 2.128022611141205, "innovation_std_sum": 144.0803108758691, "noise_marginal_std_sum": 198.73177379497218}
{"step": 90, "epoch": 2, "train_loss": 2.2971337890625, "clip_fraction": 0.953, "gradient_norm_mean": 116.55832421875, "gradient_norm_max": 659.9494018554688, "step_seconds": 2.1179133225232363, "innovation_std_sum": 144.0803108758691, "noise_marginal_std_sum": 198.73177379497218}
{"epoch": 2, "step": 90, "train_loss": 2.6583473822699655, "clip_fraction": 0.9791333333333333, "epsilon": 4.4474719255524375, "accuracy": 0.5188, "validation_loss": 1.8684159545898438, "validation_examples": 5000}
{"step": 100, "epoch": 3, "train_loss": 2.1589088134765624, "clip_fraction": 0.925, "gradient_norm_mean": 113.01580078125, "gradient_norm_max": 630.0269165039062, "step_seconds": 2.1158988159149885, "innovation_std_sum": 144.0803108758691, "noise_marginal_std_sum": 198.73177379497218}
{"step": 110, "epoch": 3, "train_loss": 2.1046946411132814, "clip_fraction": 0.911, "gradient_norm_mean": 112.850615234375, "gradient_norm_max": 395.11767578125, "step_seconds": 2.138238150626421, "innovation_std_sum": 144.0803108758691, "noise_marginal_std_sum": 198.73177379497218}
{"step": 120, "epoch": 3, "train_loss": 2.0681525268554686, "clip_fraction": 0.901, "gradient_norm_mean": 116.573466796875, "gradient_norm_max": 630.2913208007812, "step_seconds": 2.130980109795928, "innovation_std_sum": 144.0803108758691, "noise_marginal_std_sum": 198.73177379497218}
{"step": 130, "epoch": 3, "train_loss": 1.830503448486328, "clip_fraction": 0.872, "gradient_norm_mean": 112.473990234375, "gradient_norm_max": 507.6960754394531, "step_seconds": 2.1339380890130997, "innovation_std_sum": 144.0803108758691, "noise_marginal_std_sum": 198.73177379497218}
{"epoch": 3, "step": 135, "train_loss": 2.0386655327690972, "clip_fraction": 0.9058222222222222, "epsilon": 5.779485746307642, "accuracy": 0.6216, "validation_loss": 1.3848821716308595, "validation_examples": 5000}
{"step": 140, "epoch": 4, "train_loss": 1.7395941162109374, "clip_fraction": 0.846, "gradient_norm_mean": 109.39453515625, "gradient_norm_max": 713.583984375, "step_seconds": 2.1128130443394184, "innovation_std_sum": 144.0803108758691, "noise_marginal_std_sum": 198.73177379497218}
{"step": 150, "epoch": 4, "train_loss": 1.7146172485351563, "clip_fraction": 0.842, "gradient_norm_mean": 111.997361328125, "gradient_norm_max": 567.55908203125, "step_seconds": 2.116234814748168, "innovation_std_sum": 144.0803108758691, "noise_marginal_std_sum": 198.73177379497218}
{"step": 160, "epoch": 4, "train_loss": 1.678003662109375, "clip_fraction": 0.815, "gradient_norm_mean": 110.89348046875, "gradient_norm_max": 658.4459838867188, "step_seconds": 2.1350045893341303, "innovation_std_sum": 144.0803108758691, "noise_marginal_std_sum": 198.73177379497218}
{"step": 170, "epoch": 4, "train_loss": 1.5757919006347656, "clip_fraction": 0.785, "gradient_norm_mean": 106.399638671875, "gradient_norm_max": 778.986572265625, "step_seconds": 2.1504262313246727, "innovation_std_sum": 144.0803108758691, "noise_marginal_std_sum": 198.73177379497218}
{"step": 180, "epoch": 4, "train_loss": 1.7679936218261718, "clip_fraction": 0.821, "gradient_norm_mean": 118.546328125, "gradient_norm_max": 610.4125366210938, "step_seconds": 2.1379969771951437, "innovation_std_sum": 144.0803108758691, "noise_marginal_std_sum": 198.73177379497218}
{"epoch": 4, "step": 180, "train_loss": 1.7201183939615885, "clip_fraction": 0.8266888888888889, "epsilon": 6.943065470652311, "accuracy": 0.6824, "validation_loss": 1.1301542236328126, "validation_examples": 5000}
{"step": 190, "epoch": 5, "train_loss": 1.6142095947265624, "clip_fraction": 0.766, "gradient_norm_mean": 105.520068359375, "gradient_norm_max": 879.5972290039062, "step_seconds": 2.1081316471099854, "innovation_std_sum": 144.0803108758691, "noise_marginal_std_sum": 198.73177379497218}
{"step": 200, "epoch": 5, "train_loss": 1.576818115234375, "clip_fraction": 0.77, "gradient_norm_mean": 111.907689453125, "gradient_norm_max": 816.7786865234375, "step_seconds": 2.1158616188913584, "innovation_std_sum": 144.0803108758691, "noise_marginal_std_sum": 198.73177379497218}
{"step": 210, "epoch": 5, "train_loss": 1.6279873352050782, "clip_fraction": 0.776, "gradient_norm_mean": 115.8265390625, "gradient_norm_max": 678.8798217773438, "step_seconds": 2.1248988676816225, "innovation_std_sum": 144.0803108758691, "noise_marginal_std_sum": 198.73177379497218}
{"step": 220, "epoch": 5, "train_loss": 1.5225440673828126, "clip_fraction": 0.75, "gradient_norm_mean": 110.583599609375, "gradient_norm_max": 568.1126708984375, "step_seconds": 2.1331627536565065, "innovation_std_sum": 144.0803108758691, "noise_marginal_std_sum": 198.73177379497218}
{"epoch": 5, "step": 225, "train_loss": 1.5542563991970486, "clip_fraction": 0.7619777777777778, "epsilon": 8.000000000000005, "accuracy": 0.7114, "validation_loss": 0.9881098114013672, "validation_examples": 5000}
