Loading weights:   0%|          | 0/39 [00:00<?, ?it/s]Loading weights: 100%|██████████| 39/39 [00:00<00:00, 26632.67it/s]
[transformers] [1mBertModel LOAD REPORT[0m from: /media/data/data/lt/dp-adam-correlated/cache/bert-tiny
Key                                        | Status     |  | 
-------------------------------------------+------------+--+-
cls.seq_relationship.bias                  | UNEXPECTED |  | 
cls.predictions.transform.dense.weight     | UNEXPECTED |  | 
cls.predictions.transform.LayerNorm.weight | UNEXPECTED |  | 
cls.predictions.decoder.bias               | UNEXPECTED |  | 
cls.predictions.decoder.weight             | UNEXPECTED |  | 
cls.seq_relationship.weight                | UNEXPECTED |  | 
cls.predictions.transform.LayerNorm.bias   | UNEXPECTED |  | 
cls.predictions.bias                       | UNEXPECTED |  | 
cls.predictions.transform.dense.bias       | UNEXPECTED |  | 

Notes:
- UNEXPECTED:	can be ignored when loading from different task/architecture; not ok if you expect identical arch.
sys:1: UserWarning: Full backward hook is firing when gradients are computed with respect to module outputs since no inputs require gradients. See https://docs.pytorch.org/docs/main/generated/torch.nn.Module.html#torch.nn.Module.register_full_backward_hook for more details.
{"step": 10, "epoch": 1, "train_loss": 0.7272387084960937, "clip_fraction": 0.565, "gradient_norm_mean": 461.203625, "gradient_norm_max": 1360.182861328125, "step_seconds": 0.26711858808994293, "innovation_std_sum": 432.013885583381, "noise_marginal_std_sum": 504.57147023289264}
{"step": 20, "epoch": 1, "train_loss": 0.5637037963867187, "clip_fraction": 0.622, "gradient_norm_mean": 876.199625, "gradient_norm_max": 3838.962890625, "step_seconds": 0.26536455377936363, "innovation_std_sum": 432.013885583381, "noise_marginal_std_sum": 504.57147023289264}
{"step": 30, "epoch": 1, "train_loss": 0.7016090698242188, "clip_fraction": 0.443, "gradient_norm_mean": 1232.70975, "gradient_norm_max": 10061.47265625, "step_seconds": 0.2647370230406523, "innovation_std_sum": 432.013885583381, "noise_marginal_std_sum": 504.57147023289264}
{"step": 40, "epoch": 1, "train_loss": 0.6076051025390625, "clip_fraction": 0.385, "gradient_norm_mean": 1154.2815, "gradient_norm_max": 9515.0986328125, "step_seconds": 0.2659613788127899, "innovation_std_sum": 432.013885583381, "noise_marginal_std_sum": 504.57147023289264}
{"step": 50, "epoch": 1, "train_loss": 0.5319168701171875, "clip_fraction": 0.392, "gradient_norm_mean": 1021.0633125, "gradient_norm_max": 9870.1826171875, "step_seconds": 0.25870423950254917, "innovation_std_sum": 432.013885583381, "noise_marginal_std_sum": 504.57147023289264}
{"step": 60, "epoch": 1, "train_loss": 0.574027099609375, "clip_fraction": 0.368, "gradient_norm_mean": 1067.120125, "gradient_norm_max": 12295.0517578125, "step_seconds": 0.2621536012738943, "innovation_std_sum": 432.013885583381, "noise_marginal_std_sum": 504.57147023289264}
{"epoch": 1, "step": 62, "train_loss": 0.650436534758537, "clip_fraction": 0.49756451612903224, "epsilon": 5.808307688816871, "accuracy": 0.75, "validation_loss": 0.7640193667980509, "validation_examples": 872}
{"step": 70, "epoch": 2, "train_loss": 0.5147855834960937, "clip_fraction": 0.35, "gradient_norm_mean": 981.725375, "gradient_norm_max": 10690.451171875, "step_seconds": 0.25834968499839306, "innovation_std_sum": 432.013885583381, "noise_marginal_std_sum": 504.57147023289264}
{"step": 80, "epoch": 2, "train_loss": 0.46412005615234375, "clip_fraction": 0.322, "gradient_norm_mean": 928.560125, "gradient_norm_max": 10836.1083984375, "step_seconds": 0.2577873729169369, "innovation_std_sum": 432.013885583381, "noise_marginal_std_sum": 504.57147023289264}
{"step": 90, "epoch": 2, "train_loss": 0.5160154418945313, "clip_fraction": 0.3, "gradient_norm_mean": 1045.1661875, "gradient_norm_max": 13345.3271484375, "step_seconds": 0.25819576904177666, "innovation_std_sum": 432.013885583381, "noise_marginal_std_sum": 504.57147023289264}
{"step": 100, "epoch": 2, "train_loss": 0.47430059814453124, "clip_fraction": 0.299, "gradient_norm_mean": 951.41275, "gradient_norm_max": 18445.892578125, "step_seconds": 0.2615753598511219, "innovation_std_sum": 432.013885583381, "noise_marginal_std_sum": 504.57147023289264}
{"step": 110, "epoch": 2, "train_loss": 0.537332763671875, "clip_fraction": 0.31, "gradient_norm_mean": 976.4285625, "gradient_norm_max": 12763.6259765625, "step_seconds": 0.25917148031294346, "innovation_std_sum": 432.013885583381, "noise_marginal_std_sum": 504.57147023289264}
{"step": 120, "epoch": 2, "train_loss": 0.42598590087890625, "clip_fraction": 0.268, "gradient_norm_mean": 894.27375, "gradient_norm_max": 15015.8583984375, "step_seconds": 0.2606161441653967, "innovation_std_sum": 432.013885583381, "noise_marginal_std_sum": 504.57147023289264}
{"epoch": 2, "step": 124, "train_loss": 0.502810782155683, "clip_fraction": 0.3153064516129032, "epsilon": 8.92841099823688, "accuracy": 0.7821100917431193, "validation_loss": 0.6668366642173277, "validation_examples": 872}
{"step": 130, "epoch": 3, "train_loss": 0.4409345703125, "clip_fraction": 0.253, "gradient_norm_mean": 842.718875, "gradient_norm_max": 11172.55859375, "step_seconds": 0.2601834051311016, "innovation_std_sum": 432.013885583381, "noise_marginal_std_sum": 504.57147023289264}
{"step": 140, "epoch": 3, "train_loss": 0.46517034912109373, "clip_fraction": 0.277, "gradient_norm_mean": 908.4805, "gradient_norm_max": 14963.6416015625, "step_seconds": 0.2682895418256521, "innovation_std_sum": 432.013885583381, "noise_marginal_std_sum": 504.57147023289264}
{"step": 150, "epoch": 3, "train_loss": 0.4747872314453125, "clip_fraction": 0.27, "gradient_norm_mean": 901.44575, "gradient_norm_max": 12746.490234375, "step_seconds": 0.2633042689412832, "innovation_std_sum": 432.013885583381, "noise_marginal_std_sum": 504.57147023289264}
{"step": 160, "epoch": 3, "train_loss": 0.4942273864746094, "clip_fraction": 0.261, "gradient_norm_mean": 981.204375, "gradient_norm_max": 16198.5966796875, "step_seconds": 0.2641858719289303, "innovation_std_sum": 432.013885583381, "noise_marginal_std_sum": 504.57147023289264}
{"step": 170, "epoch": 3, "train_loss": 0.49291397094726563, "clip_fraction": 0.267, "gradient_norm_mean": 935.73125, "gradient_norm_max": 17880.673828125, "step_seconds": 0.26514020562171936, "innovation_std_sum": 432.013885583381, "noise_marginal_std_sum": 504.57147023289264}
{"step": 180, "epoch": 3, "train_loss": 0.475518310546875, "clip_fraction": 0.253, "gradient_norm_mean": 873.603125, "gradient_norm_max": 13250.6572265625, "step_seconds": 0.2688038535416126, "innovation_std_sum": 432.013885583381, "noise_marginal_std_sum": 504.57147023289264}
{"epoch": 3, "step": 186, "train_loss": 0.46338510968608243, "clip_fraction": 0.25920967741935486, "epsilon": 11.524728508666009, "accuracy": 0.7958715596330275, "validation_loss": 0.6356093030457103, "validation_examples": 872}
{"step": 190, "epoch": 4, "train_loss": 0.4049869384765625, "clip_fraction": 0.233, "gradient_norm_mean": 977.3356875, "gradient_norm_max": 22056.794921875, "step_seconds": 0.2658083066344261, "innovation_std_sum": 432.013885583381, "noise_marginal_std_sum": 504.57147023289264}
{"step": 200, "epoch": 4, "train_loss": 0.48292974853515624, "clip_fraction": 0.251, "gradient_norm_mean": 862.3173125, "gradient_norm_max": 25655.05078125, "step_seconds": 0.2668598163872957, "innovation_std_sum": 432.013885583381, "noise_marginal_std_sum": 504.57147023289264}
{"step": 210, "epoch": 4, "train_loss": 0.42682183837890625, "clip_fraction": 0.231, "gradient_norm_mean": 855.4168125, "gradient_norm_max": 17822.146484375, "step_seconds": 0.2598933279514313, "innovation_std_sum": 432.013885583381, "noise_marginal_std_sum": 504.57147023289264}
{"step": 220, "epoch": 4, "train_loss": 0.442296630859375, "clip_fraction": 0.248, "gradient_norm_mean": 836.858125, "gradient_norm_max": 20074.60546875, "step_seconds": 0.2674169931560755, "innovation_std_sum": 432.013885583381, "noise_marginal_std_sum": 504.57147023289264}
{"step": 230, "epoch": 4, "train_loss": 0.49627325439453124, "clip_fraction": 0.241, "gradient_norm_mean": 954.4185, "gradient_norm_max": 16820.259765625, "step_seconds": 0.2662577051669359, "innovation_std_sum": 432.013885583381, "noise_marginal_std_sum": 504.57147023289264}
{"step": 240, "epoch": 4, "train_loss": 0.5049364624023438, "clip_fraction": 0.244, "gradient_norm_mean": 907.61425, "gradient_norm_max": 15242.4365234375, "step_seconds": 0.2824079319834709, "innovation_std_sum": 432.013885583381, "noise_marginal_std_sum": 504.57147023289264}
{"epoch": 4, "step": 248, "train_loss": 0.4440828670378654, "clip_fraction": 0.2359516129032258, "epsilon": 13.849185106256193, "accuracy": 0.8130733944954128, "validation_loss": 0.6343189466983901, "validation_examples": 872}
{"step": 250, "epoch": 5, "train_loss": 0.40838922119140625, "clip_fraction": 0.22, "gradient_norm_mean": 867.037875, "gradient_norm_max": 22293.005859375, "step_seconds": 0.2665412835776806, "innovation_std_sum": 432.013885583381, "noise_marginal_std_sum": 504.57147023289264}
{"step": 260, "epoch": 5, "train_loss": 0.342710205078125, "clip_fraction": 0.201, "gradient_norm_mean": 837.49175, "gradient_norm_max": 19014.27734375, "step_seconds": 0.26803802140057087, "innovation_std_sum": 432.013885583381, "noise_marginal_std_sum": 504.57147023289264}
{"step": 270, "epoch": 5, "train_loss": 0.43701220703125, "clip_fraction": 0.218, "gradient_norm_mean": 877.7780625, "gradient_norm_max": 16308.103515625, "step_seconds": 0.26704239286482334, "innovation_std_sum": 432.013885583381, "noise_marginal_std_sum": 504.57147023289264}
{"step": 280, "epoch": 5, "train_loss": 0.44762457275390627, "clip_fraction": 0.225, "gradient_norm_mean": 840.3663125, "gradient_norm_max": 17610.671875, "step_seconds": 0.25976984575390816, "innovation_std_sum": 432.013885583381, "noise_marginal_std_sum": 504.57147023289264}
{"step": 290, "epoch": 5, "train_loss": 0.39698153686523435, "clip_fraction": 0.205, "gradient_norm_mean": 823.6935, "gradient_norm_max": 16187.13671875, "step_seconds": 0.2687875721603632, "innovation_std_sum": 432.013885583381, "noise_marginal_std_sum": 504.57147023289264}
{"step": 300, "epoch": 5, "train_loss": 0.41773785400390623, "clip_fraction": 0.209, "gradient_norm_mean": 852.042375, "gradient_norm_max": 17979.76171875, "step_seconds": 0.26824144646525383, "innovation_std_sum": 432.013885583381, "noise_marginal_std_sum": 504.57147023289264}
{"step": 310, "epoch": 5, "train_loss": 0.4369627685546875, "clip_fraction": 0.215, "gradient_norm_mean": 999.34925, "gradient_norm_max": 19722.640625, "step_seconds": 0.12723184935748577, "innovation_std_sum": 432.013885583381, "noise_marginal_std_sum": 504.57147023289264}
{"epoch": 5, "step": 310, "train_loss": 0.43122337390530496, "clip_fraction": 0.2185967741935484, "epsilon": 16.000000000000018, "accuracy": 0.8027522935779816, "validation_loss": 0.663377210634564, "validation_examples": 872}
