Loading weights:   0%|          | 0/39 [00:00<?, ?it/s]Loading weights: 100%|██████████| 39/39 [00:00<00:00, 18731.00it/s]
[transformers] [1mBertModel LOAD REPORT[0m from: /media/data/data/lt/dp-adam-correlated/cache/bert-tiny
Key                                        | Status     |  | 
-------------------------------------------+------------+--+-
cls.predictions.decoder.bias               | UNEXPECTED |  | 
cls.predictions.transform.dense.bias       | UNEXPECTED |  | 
cls.predictions.bias                       | UNEXPECTED |  | 
cls.predictions.transform.LayerNorm.weight | UNEXPECTED |  | 
cls.predictions.transform.dense.weight     | UNEXPECTED |  | 
cls.seq_relationship.bias                  | UNEXPECTED |  | 
cls.predictions.decoder.weight             | UNEXPECTED |  | 
cls.seq_relationship.weight                | UNEXPECTED |  | 
cls.predictions.transform.LayerNorm.bias   | UNEXPECTED |  | 

Notes:
- UNEXPECTED:	can be ignored when loading from different task/architecture; not ok if you expect identical arch.
sys:1: UserWarning: Full backward hook is firing when gradients are computed with respect to module outputs since no inputs require gradients. See https://docs.pytorch.org/docs/main/generated/torch.nn.Module.html#torch.nn.Module.register_full_backward_hook for more details.
{"step": 10, "epoch": 1, "step_seconds": 0.2637255284935236, "innovation_std_sum": 25.113722579427673, "noise_marginal_std_sum": 29.33162184778228, "pure_mf_cumulative_momentum_noise_variance": 0.0018077443639561465, "preconditioner_mean": 41.16228103637695, "preconditioner_change_relative": 0.0, "denominator_lag_relative": 0.1572120636701584, "block_age": 4}
{"step": 20, "epoch": 1, "step_seconds": 0.2601296119391918, "innovation_std_sum": 25.113722579427673, "noise_marginal_std_sum": 29.33162184778228, "pure_mf_cumulative_momentum_noise_variance": 0.0018440778665447057, "preconditioner_mean": 36.111839294433594, "preconditioner_change_relative": 0.0, "denominator_lag_relative": 0.06662697345018387, "block_age": 4}
{"step": 30, "epoch": 1, "step_seconds": 0.2613432202488184, "innovation_std_sum": 25.113722579427673, "noise_marginal_std_sum": 29.33162184778228, "pure_mf_cumulative_momentum_noise_variance": 0.0018793520737198427, "preconditioner_mean": 35.23892593383789, "preconditioner_change_relative": 0.0, "denominator_lag_relative": 0.04286902770400047, "block_age": 4}
{"step": 40, "epoch": 1, "step_seconds": 0.260707875713706, "innovation_std_sum": 25.113722579427673, "noise_marginal_std_sum": 29.33162184778228, "pure_mf_cumulative_momentum_noise_variance": 0.0019279276184915666, "preconditioner_mean": 34.81983184814453, "preconditioner_change_relative": 0.0, "denominator_lag_relative": 0.03194015845656395, "block_age": 4}
{"step": 50, "epoch": 1, "step_seconds": 0.2610953599214554, "innovation_std_sum": 25.113722579427673, "noise_marginal_std_sum": 29.33162184778228, "pure_mf_cumulative_momentum_noise_variance": 0.001983901332047514, "preconditioner_mean": 34.63559341430664, "preconditioner_change_relative": 0.0, "denominator_lag_relative": 0.024815266951918602, "block_age": 4}
{"step": 60, "epoch": 1, "step_seconds": 0.17209184542298317, "innovation_std_sum": 25.113722579427673, "noise_marginal_std_sum": 29.33162184778228, "pure_mf_cumulative_momentum_noise_variance": 0.0020433257721094345, "preconditioner_mean": 34.507965087890625, "preconditioner_change_relative": 0.0, "denominator_lag_relative": 0.020769769325852394, "block_age": 4}
{"epoch": 1, "step": 62, "epsilon": 3.054089440266451, "accuracy": 0.5617872499532623, "validation_loss": 0.6891985044766418, "validation_examples": 5349}
{"step": 70, "epoch": 2, "step_seconds": 0.2622631397098303, "innovation_std_sum": 25.113722579427673, "noise_marginal_std_sum": 29.33162184778228, "pure_mf_cumulative_momentum_noise_variance": 0.0021042531805044807, "preconditioner_mean": 34.43415832519531, "preconditioner_change_relative": 0.0, "denominator_lag_relative": 0.018091145902872086, "block_age": 4}
{"step": 80, "epoch": 2, "step_seconds": 0.2614780683070421, "innovation_std_sum": 25.113722579427673, "noise_marginal_std_sum": 29.33162184778228, "pure_mf_cumulative_momentum_noise_variance": 0.002165809318444291, "preconditioner_mean": 34.34934616088867, "preconditioner_change_relative": 0.0, "denominator_lag_relative": 0.015438742004334927, "block_age": 4}
{"step": 90, "epoch": 2, "step_seconds": 0.26165895350277424, "innovation_std_sum": 25.113722579427673, "noise_marginal_std_sum": 29.33162184778228, "pure_mf_cumulative_momentum_noise_variance": 0.0022276212687494567, "preconditioner_mean": 34.28729248046875, "preconditioner_change_relative": 0.0, "denominator_lag_relative": 0.01372683234512806, "block_age": 4}
{"step": 100, "epoch": 2, "step_seconds": 0.26305714063346386, "innovation_std_sum": 25.113722579427673, "noise_marginal_std_sum": 29.33162184778228, "pure_mf_cumulative_momentum_noise_variance": 0.0022895351920334023, "preconditioner_mean": 34.256431579589844, "preconditioner_change_relative": 0.0, "denominator_lag_relative": 0.012790217995643616, "block_age": 4}
{"step": 110, "epoch": 2, "step_seconds": 0.26281555742025375, "innovation_std_sum": 25.113722579427673, "noise_marginal_std_sum": 29.33162184778228, "pure_mf_cumulative_momentum_noise_variance": 0.0023514891294320263, "preconditioner_mean": 34.208065032958984, "preconditioner_change_relative": 0.0, "denominator_lag_relative": 0.011096571572124958, "block_age": 4}
{"step": 120, "epoch": 2, "step_seconds": 0.2630463484674692, "innovation_std_sum": 25.113722579427673, "noise_marginal_std_sum": 29.33162184778228, "pure_mf_cumulative_momentum_noise_variance": 0.0024134585739487998, "preconditioner_mean": 34.193904876708984, "preconditioner_change_relative": 0.0, "denominator_lag_relative": 0.01035232376307249, "block_age": 4}
{"epoch": 2, "step": 124, "epsilon": 4.610238743691153, "accuracy": 0.5589829874742943, "validation_loss": 0.6845457597990352, "validation_examples": 5349}
{"step": 130, "epoch": 3, "step_seconds": 0.2638012710958719, "innovation_std_sum": 25.113722579427673, "noise_marginal_std_sum": 29.33162184778228, "pure_mf_cumulative_momentum_noise_variance": 0.0024754339677588726, "preconditioner_mean": 34.16236114501953, "preconditioner_change_relative": 0.0, "denominator_lag_relative": 0.009411873295903206, "block_age": 4}
{"step": 140, "epoch": 3, "step_seconds": 0.2641709540039301, "innovation_std_sum": 25.113722579427673, "noise_marginal_std_sum": 29.33162184778228, "pure_mf_cumulative_momentum_noise_variance": 0.0025374116250575724, "preconditioner_mean": 34.13540267944336, "preconditioner_change_relative": 0.0, "denominator_lag_relative": 0.009440070018172264, "block_age": 4}
{"step": 150, "epoch": 3, "step_seconds": 0.26385078951716423, "innovation_std_sum": 25.113722579427673, "noise_marginal_std_sum": 29.33162184778228, "pure_mf_cumulative_momentum_noise_variance": 0.00259939013752209, "preconditioner_mean": 34.13936233520508, "preconditioner_change_relative": 0.0, "denominator_lag_relative": 0.008249393664300442, "block_age": 4}
{"step": 160, "epoch": 3, "step_seconds": 0.2690014857798815, "innovation_std_sum": 25.113722579427673, "noise_marginal_std_sum": 29.33162184778228, "pure_mf_cumulative_momentum_noise_variance": 0.0026613689711552247, "preconditioner_mean": 34.13340377807617, "preconditioner_change_relative": 0.0, "denominator_lag_relative": 0.00796628836542368, "block_age": 4}
{"step": 170, "epoch": 3, "step_seconds": 0.2696379292756319, "innovation_std_sum": 25.113722579427673, "noise_marginal_std_sum": 29.33162184778228, "pure_mf_cumulative_momentum_noise_variance": 0.002723347924789336, "preconditioner_mean": 34.11570358276367, "preconditioner_change_relative": 0.0, "denominator_lag_relative": 0.007318349089473486, "block_age": 4}
{"step": 180, "epoch": 3, "step_seconds": 0.26852441765367985, "innovation_std_sum": 25.113722579427673, "noise_marginal_std_sum": 29.33162184778228, "pure_mf_cumulative_momentum_noise_variance": 0.002785326923060352, "preconditioner_mean": 34.12015151977539, "preconditioner_change_relative": 0.0, "denominator_lag_relative": 0.007029258646070957, "block_age": 4}
{"epoch": 3, "step": 186, "epsilon": 5.873890881586911, "accuracy": 0.5612263974574687, "validation_loss": 0.6827019766170882, "validation_examples": 5349}
{"step": 190, "epoch": 4, "step_seconds": 0.26294549368321896, "innovation_std_sum": 25.113722579427673, "noise_marginal_std_sum": 29.33162184778228, "pure_mf_cumulative_momentum_noise_variance": 0.0028473059378699038, "preconditioner_mean": 34.1116828918457, "preconditioner_change_relative": 0.0, "denominator_lag_relative": 0.0068261222913861275, "block_age": 4}
{"step": 200, "epoch": 4, "step_seconds": 0.26434258557856083, "innovation_std_sum": 25.113722579427673, "noise_marginal_std_sum": 29.33162184778228, "pure_mf_cumulative_momentum_noise_variance": 0.0029092849587859116, "preconditioner_mean": 34.10836410522461, "preconditioner_change_relative": 0.0, "denominator_lag_relative": 0.006391011644154787, "block_age": 4}
{"step": 210, "epoch": 4, "step_seconds": 0.2672572433948517, "innovation_std_sum": 25.113722579427673, "noise_marginal_std_sum": 29.33162184778228, "pure_mf_cumulative_momentum_noise_variance": 0.0029712639819496002, "preconditioner_mean": 34.096153259277344, "preconditioner_change_relative": 0.0, "denominator_lag_relative": 0.005903386976569891, "block_age": 4}
{"step": 220, "epoch": 4, "step_seconds": 0.26042170636355877, "innovation_std_sum": 25.113722579427673, "noise_marginal_std_sum": 29.33162184778228, "pure_mf_cumulative_momentum_noise_variance": 0.00303324300593832, "preconditioner_mean": 34.087711334228516, "preconditioner_change_relative": 0.0, "denominator_lag_relative": 0.005858344025909901, "block_age": 4}
{"step": 230, "epoch": 4, "step_seconds": 0.26142365857958794, "innovation_std_sum": 25.113722579427673, "noise_marginal_std_sum": 29.33162184778228, "pure_mf_cumulative_momentum_noise_variance": 0.0030952220302291164, "preconditioner_mean": 34.08811569213867, "preconditioner_change_relative": 0.0, "denominator_lag_relative": 0.005490144249051809, "block_age": 4}
{"step": 240, "epoch": 4, "step_seconds": 0.2614181023091078, "innovation_std_sum": 25.113722579427673, "noise_marginal_std_sum": 29.33162184778228, "pure_mf_cumulative_momentum_noise_variance": 0.0031572010546302622, "preconditioner_mean": 34.094181060791016, "preconditioner_change_relative": 0.0, "denominator_lag_relative": 0.0054601626470685005, "block_age": 4}
{"epoch": 4, "step": 248, "epsilon": 6.985551657770655, "accuracy": 0.5827257431295569, "validation_loss": 0.6745532562318618, "validation_examples": 5349}
{"step": 250, "epoch": 5, "step_seconds": 0.2610754258930683, "innovation_std_sum": 25.113722579427673, "noise_marginal_std_sum": 29.33162184778228, "pure_mf_cumulative_momentum_noise_variance": 0.003219180079071639, "preconditioner_mean": 34.0860481262207, "preconditioner_change_relative": 0.0, "denominator_lag_relative": 0.0053663491271436214, "block_age": 4}
{"step": 260, "epoch": 5, "step_seconds": 0.25719012320041656, "innovation_std_sum": 25.113722579427673, "noise_marginal_std_sum": 29.33162184778228, "pure_mf_cumulative_momentum_noise_variance": 0.0032811591035276514, "preconditioner_mean": 34.07571029663086, "preconditioner_change_relative": 0.0, "denominator_lag_relative": 0.004957769997417927, "block_age": 4}
{"step": 270, "epoch": 5, "step_seconds": 0.2613477371633053, "innovation_std_sum": 25.113722579427673, "noise_marginal_std_sum": 29.33162184778228, "pure_mf_cumulative_momentum_noise_variance": 0.0033431381279889804, "preconditioner_mean": 34.08024215698242, "preconditioner_change_relative": 0.0, "denominator_lag_relative": 0.005045298486948013, "block_age": 4}
{"step": 280, "epoch": 5, "step_seconds": 0.26386458426713943, "innovation_std_sum": 25.113722579427673, "noise_marginal_std_sum": 29.33162184778228, "pure_mf_cumulative_momentum_noise_variance": 0.0034051171524522375, "preconditioner_mean": 34.08353805541992, "preconditioner_change_relative": 0.0, "denominator_lag_relative": 0.004628742579370737, "block_age": 4}
{"step": 290, "epoch": 5, "step_seconds": 0.2633222844451666, "innovation_std_sum": 25.113722579427673, "noise_marginal_std_sum": 29.33162184778228, "pure_mf_cumulative_momentum_noise_variance": 0.003467096176916193, "preconditioner_mean": 34.09981155395508, "preconditioner_change_relative": 0.0, "denominator_lag_relative": 0.004717526026070118, "block_age": 4}
{"step": 300, "epoch": 5, "step_seconds": 0.2628170922398567, "innovation_std_sum": 25.113722579427673, "noise_marginal_std_sum": 29.33162184778228, "pure_mf_cumulative_momentum_noise_variance": 0.0035290752013804024, "preconditioner_mean": 34.098121643066406, "preconditioner_change_relative": 0.0, "denominator_lag_relative": 0.004423755686730146, "block_age": 4}
{"step": 310, "epoch": 5, "step_seconds": 0.16984691470861435, "innovation_std_sum": 25.113722579427673, "noise_marginal_std_sum": 29.33162184778228, "pure_mf_cumulative_momentum_noise_variance": 0.0035910542258447004, "preconditioner_mean": 34.0927734375, "preconditioner_change_relative": 0.0, "denominator_lag_relative": 0.0042371368035674095, "block_age": 4}
{"epoch": 5, "step": 310, "epsilon": 8.000000000000005, "accuracy": 0.5817909889699009, "validation_loss": 0.6889900461404785, "validation_examples": 5349}
