Loading weights:   0%|          | 0/39 [00:00<?, ?it/s]Loading weights: 100%|██████████| 39/39 [00:00<00:00, 24374.59it/s]
[transformers] [1mBertModel LOAD REPORT[0m from: /media/data/data/lt/dp-adam-correlated/cache/bert-tiny
Key                                        | Status     |  | 
-------------------------------------------+------------+--+-
cls.predictions.transform.dense.bias       | UNEXPECTED |  | 
cls.seq_relationship.bias                  | UNEXPECTED |  | 
cls.predictions.bias                       | UNEXPECTED |  | 
cls.predictions.transform.LayerNorm.bias   | UNEXPECTED |  | 
cls.seq_relationship.weight                | UNEXPECTED |  | 
cls.predictions.decoder.bias               | UNEXPECTED |  | 
cls.predictions.transform.LayerNorm.weight | UNEXPECTED |  | 
cls.predictions.decoder.weight             | UNEXPECTED |  | 
cls.predictions.transform.dense.weight     | UNEXPECTED |  | 

Notes:
- UNEXPECTED:	can be ignored when loading from different task/architecture; not ok if you expect identical arch.
sys:1: UserWarning: Full backward hook is firing when gradients are computed with respect to module outputs since no inputs require gradients. See https://docs.pytorch.org/docs/main/generated/torch.nn.Module.html#torch.nn.Module.register_full_backward_hook for more details.
{"step": 10, "epoch": 1, "train_loss": 0.6785238037109375, "clip_fraction": 0.0, "gradient_norm_mean": 45.536734375, "gradient_norm_max": 75.45285034179688, "step_seconds": 0.27242280170321465, "innovation_std_sum": 341.90962901649914, "noise_marginal_std_sum": 385.2414684355806}
{"step": 20, "epoch": 1, "train_loss": 0.6479920654296875, "clip_fraction": 0.0, "gradient_norm_mean": 56.41971875, "gradient_norm_max": 107.87406158447266, "step_seconds": 0.27415523305535316, "innovation_std_sum": 341.90962901649914, "noise_marginal_std_sum": 385.2414684355806}
{"step": 30, "epoch": 1, "train_loss": 0.6220523681640625, "clip_fraction": 0.0, "gradient_norm_mean": 73.0760859375, "gradient_norm_max": 175.6165008544922, "step_seconds": 0.27418589405715466, "innovation_std_sum": 341.90962901649914, "noise_marginal_std_sum": 385.2414684355806}
{"step": 40, "epoch": 1, "train_loss": 0.6067626953125, "clip_fraction": 0.0, "gradient_norm_mean": 87.494859375, "gradient_norm_max": 194.36822509765625, "step_seconds": 0.2718123085796833, "innovation_std_sum": 341.90962901649914, "noise_marginal_std_sum": 385.2414684355806}
{"step": 50, "epoch": 1, "train_loss": 0.5732603149414063, "clip_fraction": 0.029, "gradient_norm_mean": 100.685484375, "gradient_norm_max": 282.058349609375, "step_seconds": 0.2727734409272671, "innovation_std_sum": 341.90962901649914, "noise_marginal_std_sum": 385.2414684355806}
{"step": 60, "epoch": 1, "train_loss": 0.5514384765625, "clip_fraction": 0.113, "gradient_norm_mean": 113.9382421875, "gradient_norm_max": 398.66900634765625, "step_seconds": 0.17987030558288097, "innovation_std_sum": 341.90962901649914, "noise_marginal_std_sum": 385.2414684355806}
{"epoch": 1, "step": 62, "train_loss": 0.6168498732043851, "clip_fraction": 0.01806451612903226, "epsilon": 3.1232923300753557, "accuracy": 0.7253692278930641, "validation_loss": 0.5332115467162105, "validation_examples": 5349}
{"step": 70, "epoch": 2, "train_loss": 0.5197828369140625, "clip_fraction": 0.206, "gradient_norm_mean": 119.10278125, "gradient_norm_max": 409.5439758300781, "step_seconds": 0.273770647123456, "innovation_std_sum": 341.90962901649914, "noise_marginal_std_sum": 385.2414684355806}
{"step": 80, "epoch": 2, "train_loss": 0.5254669189453125, "clip_fraction": 0.288, "gradient_norm_mean": 132.99353125, "gradient_norm_max": 551.3322143554688, "step_seconds": 0.27332957088947296, "innovation_std_sum": 341.90962901649914, "noise_marginal_std_sum": 385.2414684355806}
{"step": 90, "epoch": 2, "train_loss": 0.5090916137695313, "clip_fraction": 0.278, "gradient_norm_mean": 129.367546875, "gradient_norm_max": 507.48760986328125, "step_seconds": 0.2729969061911106, "innovation_std_sum": 341.90962901649914, "noise_marginal_std_sum": 385.2414684355806}
{"step": 100, "epoch": 2, "train_loss": 0.49835723876953125, "clip_fraction": 0.277, "gradient_norm_mean": 133.218984375, "gradient_norm_max": 597.0966186523438, "step_seconds": 0.27299643866717815, "innovation_std_sum": 341.90962901649914, "noise_marginal_std_sum": 385.2414684355806}
{"step": 110, "epoch": 2, "train_loss": 0.46621734619140626, "clip_fraction": 0.256, "gradient_norm_mean": 125.8718203125, "gradient_norm_max": 642.468505859375, "step_seconds": 0.2738033290952444, "innovation_std_sum": 341.90962901649914, "noise_marginal_std_sum": 385.2414684355806}
{"step": 120, "epoch": 2, "train_loss": 0.4452696533203125, "clip_fraction": 0.245, "gradient_norm_mean": 120.924734375, "gradient_norm_max": 641.3685302734375, "step_seconds": 0.18085308000445366, "innovation_std_sum": 341.90962901649914, "noise_marginal_std_sum": 385.2414684355806}
{"epoch": 2, "step": 124, "train_loss": 0.4974104446903352, "clip_fraction": 0.2589032258064516, "epsilon": 4.65092091490115, "accuracy": 0.7836978874555992, "validation_loss": 0.48670318697652853, "validation_examples": 5349}
{"step": 130, "epoch": 3, "train_loss": 0.47325772094726565, "clip_fraction": 0.27, "gradient_norm_mean": 131.44403125, "gradient_norm_max": 705.91015625, "step_seconds": 0.2737690322101116, "innovation_std_sum": 341.90962901649914, "noise_marginal_std_sum": 385.2414684355806}
{"step": 140, "epoch": 3, "train_loss": 0.45828564453125, "clip_fraction": 0.293, "gradient_norm_mean": 132.49125, "gradient_norm_max": 871.8673095703125, "step_seconds": 0.27451916597783566, "innovation_std_sum": 341.90962901649914, "noise_marginal_std_sum": 385.2414684355806}
{"step": 150, "epoch": 3, "train_loss": 0.4741171264648438, "clip_fraction": 0.278, "gradient_norm_mean": 131.383859375, "gradient_norm_max": 733.8634643554688, "step_seconds": 0.2748301774263382, "innovation_std_sum": 341.90962901649914, "noise_marginal_std_sum": 385.2414684355806}
{"step": 160, "epoch": 3, "train_loss": 0.49584613037109376, "clip_fraction": 0.295, "gradient_norm_mean": 133.93484375, "gradient_norm_max": 745.9459838867188, "step_seconds": 0.27518702298402786, "innovation_std_sum": 341.90962901649914, "noise_marginal_std_sum": 385.2414684355806}
{"step": 170, "epoch": 3, "train_loss": 0.47748980712890626, "clip_fraction": 0.28, "gradient_norm_mean": 125.86715625, "gradient_norm_max": 734.8905639648438, "step_seconds": 0.27596080116927624, "innovation_std_sum": 341.90962901649914, "noise_marginal_std_sum": 385.2414684355806}
{"step": 180, "epoch": 3, "train_loss": 0.5027864685058594, "clip_fraction": 0.266, "gradient_norm_mean": 131.59021875, "gradient_norm_max": 969.2598876953125, "step_seconds": 0.2744462061673403, "innovation_std_sum": 341.90962901649914, "noise_marginal_std_sum": 385.2414684355806}
{"epoch": 3, "step": 186, "train_loss": 0.45905127986784905, "clip_fraction": 0.27064516129032257, "epsilon": 5.8971720333737725, "accuracy": 0.7936062815479529, "validation_loss": 0.4750032016642184, "validation_examples": 5349}
{"step": 190, "epoch": 4, "train_loss": 0.4076354370117187, "clip_fraction": 0.254, "gradient_norm_mean": 116.42725, "gradient_norm_max": 773.3682861328125, "step_seconds": 0.27484991028904915, "innovation_std_sum": 341.90962901649914, "noise_marginal_std_sum": 385.2414684355806}
{"step": 200, "epoch": 4, "train_loss": 0.4693010864257813, "clip_fraction": 0.282, "gradient_norm_mean": 130.3888671875, "gradient_norm_max": 823.48193359375, "step_seconds": 0.2756343614310026, "innovation_std_sum": 341.90962901649914, "noise_marginal_std_sum": 385.2414684355806}
{"step": 210, "epoch": 4, "train_loss": 0.43327630615234375, "clip_fraction": 0.257, "gradient_norm_mean": 117.763234375, "gradient_norm_max": 706.9510498046875, "step_seconds": 0.27454482950270176, "innovation_std_sum": 341.90962901649914, "noise_marginal_std_sum": 385.2414684355806}
{"step": 220, "epoch": 4, "train_loss": 0.4394260559082031, "clip_fraction": 0.258, "gradient_norm_mean": 117.4224609375, "gradient_norm_max": 620.5676879882812, "step_seconds": 0.2746940106153488, "innovation_std_sum": 341.90962901649914, "noise_marginal_std_sum": 385.2414684355806}
{"step": 230, "epoch": 4, "train_loss": 0.41552593994140624, "clip_fraction": 0.267, "gradient_norm_mean": 125.608390625, "gradient_norm_max": 933.4098510742188, "step_seconds": 0.2770109437406063, "innovation_std_sum": 341.90962901649914, "noise_marginal_std_sum": 385.2414684355806}
{"step": 240, "epoch": 4, "train_loss": 0.43552493286132815, "clip_fraction": 0.264, "gradient_norm_mean": 124.598359375, "gradient_norm_max": 823.5311279296875, "step_seconds": 0.2763518411666155, "innovation_std_sum": 341.90962901649914, "noise_marginal_std_sum": 385.2414684355806}
{"epoch": 4, "step": 248, "train_loss": 0.43168193841749625, "clip_fraction": 0.24769354838709678, "epsilon": 6.99603312968092, "accuracy": 0.8154795288839035, "validation_loss": 0.4365914003005271, "validation_examples": 5349}
{"step": 250, "epoch": 5, "train_loss": 0.44304449462890627, "clip_fraction": 0.225, "gradient_norm_mean": 115.1055703125, "gradient_norm_max": 908.3712158203125, "step_seconds": 0.2718139700591564, "innovation_std_sum": 341.90962901649914, "noise_marginal_std_sum": 385.2414684355806}
{"step": 260, "epoch": 5, "train_loss": 0.42344512939453127, "clip_fraction": 0.229, "gradient_norm_mean": 115.507359375, "gradient_norm_max": 756.0263061523438, "step_seconds": 0.2766753528267145, "innovation_std_sum": 341.90962901649914, "noise_marginal_std_sum": 385.2414684355806}
{"step": 270, "epoch": 5, "train_loss": 0.40253204345703125, "clip_fraction": 0.229, "gradient_norm_mean": 114.46034375, "gradient_norm_max": 869.6565551757812, "step_seconds": 0.2765091136097908, "innovation_std_sum": 341.90962901649914, "noise_marginal_std_sum": 385.2414684355806}
{"step": 280, "epoch": 5, "train_loss": 0.398387939453125, "clip_fraction": 0.231, "gradient_norm_mean": 112.180671875, "gradient_norm_max": 702.541015625, "step_seconds": 0.27594916708767414, "innovation_std_sum": 341.90962901649914, "noise_marginal_std_sum": 385.2414684355806}
{"step": 290, "epoch": 5, "train_loss": 0.3994852294921875, "clip_fraction": 0.229, "gradient_norm_mean": 113.760640625, "gradient_norm_max": 799.6980590820312, "step_seconds": 0.2765359804034233, "innovation_std_sum": 341.90962901649914, "noise_marginal_std_sum": 385.2414684355806}
{"step": 300, "epoch": 5, "train_loss": 0.4003196411132813, "clip_fraction": 0.224, "gradient_norm_mean": 108.6961015625, "gradient_norm_max": 810.448974609375, "step_seconds": 0.1339877974241972, "innovation_std_sum": 341.90962901649914, "noise_marginal_std_sum": 385.2414684355806}
{"step": 310, "epoch": 5, "train_loss": 0.43010626220703124, "clip_fraction": 0.237, "gradient_norm_mean": 112.28846875, "gradient_norm_max": 991.70849609375, "step_seconds": 0.135418513789773, "innovation_std_sum": 341.90962901649914, "noise_marginal_std_sum": 385.2414684355806}
{"epoch": 5, "step": 310, "train_loss": 0.41432988763624623, "clip_fraction": 0.23259677419354838, "epsilon": 8.000000000000005, "accuracy": 0.8255748738081884, "validation_loss": 0.4249550891961087, "validation_examples": 5349}
