Loading weights:   0%|          | 0/39 [00:00<?, ?it/s]Loading weights: 100%|██████████| 39/39 [00:00<00:00, 18681.80it/s]
[transformers] [1mBertModel LOAD REPORT[0m from: /media/data/data/lt/dp-adam-correlated/cache/bert-tiny
Key                                        | Status     |  | 
-------------------------------------------+------------+--+-
cls.predictions.transform.dense.weight     | UNEXPECTED |  | 
cls.predictions.transform.dense.bias       | UNEXPECTED |  | 
cls.predictions.bias                       | UNEXPECTED |  | 
cls.predictions.decoder.bias               | UNEXPECTED |  | 
cls.predictions.decoder.weight             | UNEXPECTED |  | 
cls.seq_relationship.weight                | UNEXPECTED |  | 
cls.predictions.transform.LayerNorm.weight | UNEXPECTED |  | 
cls.seq_relationship.bias                  | UNEXPECTED |  | 
cls.predictions.transform.LayerNorm.bias   | UNEXPECTED |  | 

Notes:
- UNEXPECTED:	can be ignored when loading from different task/architecture; not ok if you expect identical arch.
sys:1: UserWarning: Full backward hook is firing when gradients are computed with respect to module outputs since no inputs require gradients. See https://docs.pytorch.org/docs/main/generated/torch.nn.Module.html#torch.nn.Module.register_full_backward_hook for more details.
{"step": 10, "epoch": 1, "train_loss": 0.90830419921875, "clip_fraction": 0.604, "gradient_norm_mean": 862.843375, "gradient_norm_max": 4878.20361328125, "step_seconds": 0.13071342557668686, "innovation_std_sum": 512.8644435247487, "noise_marginal_std_sum": 577.8622026533709}
{"step": 20, "epoch": 1, "train_loss": 0.749537841796875, "clip_fraction": 0.608, "gradient_norm_mean": 3032.6175, "gradient_norm_max": 17805.060546875, "step_seconds": 0.27614851109683514, "innovation_std_sum": 512.8644435247487, "noise_marginal_std_sum": 577.8622026533709}
{"step": 30, "epoch": 1, "train_loss": 0.9951728515625, "clip_fraction": 0.465, "gradient_norm_mean": 4028.8785, "gradient_norm_max": 32301.373046875, "step_seconds": 0.1304752081632614, "innovation_std_sum": 512.8644435247487, "noise_marginal_std_sum": 577.8622026533709}
{"step": 40, "epoch": 1, "train_loss": 0.6893578491210938, "clip_fraction": 0.485, "gradient_norm_mean": 3013.73225, "gradient_norm_max": 23864.58984375, "step_seconds": 0.27522600814700127, "innovation_std_sum": 512.8644435247487, "noise_marginal_std_sum": 577.8622026533709}
{"step": 50, "epoch": 1, "train_loss": 0.718575439453125, "clip_fraction": 0.427, "gradient_norm_mean": 2605.7755, "gradient_norm_max": 24012.302734375, "step_seconds": 0.2702012900263071, "innovation_std_sum": 512.8644435247487, "noise_marginal_std_sum": 577.8622026533709}
{"step": 60, "epoch": 1, "train_loss": 0.6287767333984375, "clip_fraction": 0.386, "gradient_norm_mean": 2332.5485, "gradient_norm_max": 25766.26953125, "step_seconds": 0.2737568709999323, "innovation_std_sum": 512.8644435247487, "noise_marginal_std_sum": 577.8622026533709}
{"epoch": 1, "step": 62, "train_loss": 0.7830239996141003, "clip_fraction": 0.5385483870967742, "epsilon": 3.1232923300753557, "accuracy": 0.7958496915311273, "validation_loss": 0.6214590117204387, "validation_examples": 5349}
{"step": 70, "epoch": 2, "train_loss": 0.6178489990234375, "clip_fraction": 0.369, "gradient_norm_mean": 2388.25625, "gradient_norm_max": 29785.765625, "step_seconds": 0.2745664995163679, "innovation_std_sum": 512.8644435247487, "noise_marginal_std_sum": 577.8622026533709}
{"step": 80, "epoch": 2, "train_loss": 0.676241455078125, "clip_fraction": 0.357, "gradient_norm_mean": 2437.5905, "gradient_norm_max": 28176.865234375, "step_seconds": 0.2725387495011091, "innovation_std_sum": 512.8644435247487, "noise_marginal_std_sum": 577.8622026533709}
{"step": 90, "epoch": 2, "train_loss": 0.574360595703125, "clip_fraction": 0.335, "gradient_norm_mean": 2135.45925, "gradient_norm_max": 27068.33984375, "step_seconds": 0.27451961673796177, "innovation_std_sum": 512.8644435247487, "noise_marginal_std_sum": 577.8622026533709}
{"step": 100, "epoch": 2, "train_loss": 0.649311767578125, "clip_fraction": 0.327, "gradient_norm_mean": 2103.8545, "gradient_norm_max": 38280.15234375, "step_seconds": 0.2739504277706146, "innovation_std_sum": 512.8644435247487, "noise_marginal_std_sum": 577.8622026533709}
{"step": 110, "epoch": 2, "train_loss": 0.5826673583984375, "clip_fraction": 0.298, "gradient_norm_mean": 1992.387875, "gradient_norm_max": 32393.89453125, "step_seconds": 0.26027087308466434, "innovation_std_sum": 512.8644435247487, "noise_marginal_std_sum": 577.8622026533709}
{"step": 120, "epoch": 2, "train_loss": 0.710375244140625, "clip_fraction": 0.333, "gradient_norm_mean": 2371.9, "gradient_norm_max": 43117.28515625, "step_seconds": 0.27379967272281647, "innovation_std_sum": 512.8644435247487, "noise_marginal_std_sum": 577.8622026533709}
{"epoch": 2, "step": 124, "train_loss": 0.6103063620290449, "clip_fraction": 0.3370967741935484, "epsilon": 4.65092091490115, "accuracy": 0.8141708730603852, "validation_loss": 0.5654378439203827, "validation_examples": 5349}
{"step": 130, "epoch": 3, "train_loss": 0.5396166381835937, "clip_fraction": 0.3, "gradient_norm_mean": 1895.203, "gradient_norm_max": 31732.03515625, "step_seconds": 0.27476077899336815, "innovation_std_sum": 512.8644435247487, "noise_marginal_std_sum": 577.8622026533709}
{"step": 140, "epoch": 3, "train_loss": 0.599906982421875, "clip_fraction": 0.299, "gradient_norm_mean": 1975.93475, "gradient_norm_max": 48057.20703125, "step_seconds": 0.1796775422990322, "innovation_std_sum": 512.8644435247487, "noise_marginal_std_sum": 577.8622026533709}
{"step": 150, "epoch": 3, "train_loss": 0.5023848571777344, "clip_fraction": 0.279, "gradient_norm_mean": 1968.476875, "gradient_norm_max": 58097.3203125, "step_seconds": 0.2747776675969362, "innovation_std_sum": 512.8644435247487, "noise_marginal_std_sum": 577.8622026533709}
{"step": 160, "epoch": 3, "train_loss": 0.5393480224609375, "clip_fraction": 0.29, "gradient_norm_mean": 1906.991, "gradient_norm_max": 30267.265625, "step_seconds": 0.2760990485548973, "innovation_std_sum": 512.8644435247487, "noise_marginal_std_sum": 577.8622026533709}
{"step": 170, "epoch": 3, "train_loss": 0.5575050048828125, "clip_fraction": 0.3, "gradient_norm_mean": 1841.497, "gradient_norm_max": 38180.28125, "step_seconds": 0.2746179439127445, "innovation_std_sum": 512.8644435247487, "noise_marginal_std_sum": 577.8622026533709}
{"step": 180, "epoch": 3, "train_loss": 0.5380081787109375, "clip_fraction": 0.279, "gradient_norm_mean": 2085.35925, "gradient_norm_max": 38135.09375, "step_seconds": 0.26924719847738743, "innovation_std_sum": 512.8644435247487, "noise_marginal_std_sum": 577.8622026533709}
{"epoch": 3, "step": 186, "train_loss": 0.5704997927758001, "clip_fraction": 0.2887096774193548, "epsilon": 5.8971720333737725, "accuracy": 0.8190315946905964, "validation_loss": 0.553820824886086, "validation_examples": 5349}
{"step": 190, "epoch": 4, "train_loss": 0.66462890625, "clip_fraction": 0.299, "gradient_norm_mean": 1969.89, "gradient_norm_max": 35097.43359375, "step_seconds": 0.27207379043102264, "innovation_std_sum": 512.8644435247487, "noise_marginal_std_sum": 577.8622026533709}
{"step": 200, "epoch": 4, "train_loss": 0.554800537109375, "clip_fraction": 0.26, "gradient_norm_mean": 1911.92775, "gradient_norm_max": 39689.37890625, "step_seconds": 0.2699589189141989, "innovation_std_sum": 512.8644435247487, "noise_marginal_std_sum": 577.8622026533709}
{"step": 210, "epoch": 4, "train_loss": 0.47319424438476565, "clip_fraction": 0.246, "gradient_norm_mean": 1458.44075, "gradient_norm_max": 32546.1796875, "step_seconds": 0.27276051603257656, "innovation_std_sum": 512.8644435247487, "noise_marginal_std_sum": 577.8622026533709}
{"step": 220, "epoch": 4, "train_loss": 0.6156759033203125, "clip_fraction": 0.269, "gradient_norm_mean": 2058.567875, "gradient_norm_max": 48341.20703125, "step_seconds": 0.2722147796303034, "innovation_std_sum": 512.8644435247487, "noise_marginal_std_sum": 577.8622026533709}
{"step": 230, "epoch": 4, "train_loss": 0.5475709228515625, "clip_fraction": 0.254, "gradient_norm_mean": 1624.05475, "gradient_norm_max": 36210.82421875, "step_seconds": 0.26824983581900597, "innovation_std_sum": 512.8644435247487, "noise_marginal_std_sum": 577.8622026533709}
{"step": 240, "epoch": 4, "train_loss": 0.6223002319335937, "clip_fraction": 0.272, "gradient_norm_mean": 2073.23675, "gradient_norm_max": 39227.49609375, "step_seconds": 0.274314159527421, "innovation_std_sum": 512.8644435247487, "noise_marginal_std_sum": 577.8622026533709}
{"epoch": 4, "step": 248, "train_loss": 0.5540971320367628, "clip_fraction": 0.2634677419354839, "epsilon": 6.99603312968092, "accuracy": 0.823331463825014, "validation_loss": 0.5776731059983147, "validation_examples": 5349}
{"step": 250, "epoch": 5, "train_loss": 0.5630989379882813, "clip_fraction": 0.253, "gradient_norm_mean": 1908.557875, "gradient_norm_max": 41534.50390625, "step_seconds": 0.27277871035039425, "innovation_std_sum": 512.8644435247487, "noise_marginal_std_sum": 577.8622026533709}
{"step": 260, "epoch": 5, "train_loss": 0.58629248046875, "clip_fraction": 0.241, "gradient_norm_mean": 1680.2355, "gradient_norm_max": 37074.9765625, "step_seconds": 0.27465271949768066, "innovation_std_sum": 512.8644435247487, "noise_marginal_std_sum": 577.8622026533709}
{"step": 270, "epoch": 5, "train_loss": 0.49187615966796877, "clip_fraction": 0.228, "gradient_norm_mean": 1608.920625, "gradient_norm_max": 48994.640625, "step_seconds": 0.27438816614449024, "innovation_std_sum": 512.8644435247487, "noise_marginal_std_sum": 577.8622026533709}
{"step": 280, "epoch": 5, "train_loss": 0.5481187133789063, "clip_fraction": 0.237, "gradient_norm_mean": 2047.26075, "gradient_norm_max": 69852.40625, "step_seconds": 0.2732121404260397, "innovation_std_sum": 512.8644435247487, "noise_marginal_std_sum": 577.8622026533709}
{"step": 290, "epoch": 5, "train_loss": 0.5341806640625, "clip_fraction": 0.243, "gradient_norm_mean": 1740.44525, "gradient_norm_max": 39332.41796875, "step_seconds": 0.27459769137203693, "innovation_std_sum": 512.8644435247487, "noise_marginal_std_sum": 577.8622026533709}
{"step": 300, "epoch": 5, "train_loss": 0.4823382568359375, "clip_fraction": 0.224, "gradient_norm_mean": 1710.285625, "gradient_norm_max": 38597.84765625, "step_seconds": 0.2744845785200596, "innovation_std_sum": 512.8644435247487, "noise_marginal_std_sum": 577.8622026533709}
{"step": 310, "epoch": 5, "train_loss": 0.5278463134765625, "clip_fraction": 0.248, "gradient_norm_mean": 1696.664625, "gradient_norm_max": 36981.95703125, "step_seconds": 0.27154851891100407, "innovation_std_sum": 512.8644435247487, "noise_marginal_std_sum": 577.8622026533709}
{"epoch": 5, "step": 310, "train_loss": 0.5400741798646989, "clip_fraction": 0.24329032258064517, "epsilon": 8.000000000000007, "accuracy": 0.8276313329594317, "validation_loss": 0.568990099784436, "validation_examples": 5349}
