Loading weights:   0%|          | 0/39 [00:00<?, ?it/s]Loading weights: 100%|██████████| 39/39 [00:00<00:00, 18326.00it/s]
[transformers] [1mBertModel LOAD REPORT[0m from: /media/data/data/lt/dp-adam-correlated/cache/bert-tiny
Key                                        | Status     |  | 
-------------------------------------------+------------+--+-
cls.seq_relationship.bias                  | UNEXPECTED |  | 
cls.predictions.transform.LayerNorm.bias   | UNEXPECTED |  | 
cls.predictions.bias                       | UNEXPECTED |  | 
cls.predictions.decoder.weight             | UNEXPECTED |  | 
cls.predictions.decoder.bias               | UNEXPECTED |  | 
cls.predictions.transform.dense.bias       | UNEXPECTED |  | 
cls.seq_relationship.weight                | UNEXPECTED |  | 
cls.predictions.transform.dense.weight     | UNEXPECTED |  | 
cls.predictions.transform.LayerNorm.weight | UNEXPECTED |  | 

Notes:
- UNEXPECTED:	can be ignored when loading from different task/architecture; not ok if you expect identical arch.
sys:1: UserWarning: Full backward hook is firing when gradients are computed with respect to module outputs since no inputs require gradients. See https://docs.pytorch.org/docs/main/generated/torch.nn.Module.html#torch.nn.Module.register_full_backward_hook for more details.
{"step": 10, "epoch": 1, "train_loss": 0.6754072875976562, "clip_fraction": 0.0, "gradient_norm_mean": 30.43416015625, "gradient_norm_max": 51.61017990112305, "step_seconds": 0.27240815199911594, "innovation_std_sum": 1371.6137629230047, "noise_marginal_std_sum": 1891.8840083717369}
{"step": 20, "epoch": 1, "train_loss": 0.6640723266601563, "clip_fraction": 0.0, "gradient_norm_mean": 17.176244140625, "gradient_norm_max": 29.852331161499023, "step_seconds": 0.2721297349780798, "innovation_std_sum": 1371.6137629230047, "noise_marginal_std_sum": 1891.8840083717369}
{"step": 30, "epoch": 1, "train_loss": 0.6630870361328125, "clip_fraction": 0.0, "gradient_norm_mean": 11.67069140625, "gradient_norm_max": 19.686059951782227, "step_seconds": 0.272676981985569, "innovation_std_sum": 1371.6137629230047, "noise_marginal_std_sum": 1891.8840083717369}
{"step": 40, "epoch": 1, "train_loss": 0.6586382446289063, "clip_fraction": 0.0, "gradient_norm_mean": 8.646962890625, "gradient_norm_max": 15.530668258666992, "step_seconds": 0.27335652709007263, "innovation_std_sum": 1371.6137629230047, "noise_marginal_std_sum": 1891.8840083717369}
{"step": 50, "epoch": 1, "train_loss": 0.6587926025390625, "clip_fraction": 0.0, "gradient_norm_mean": 6.7614228515625, "gradient_norm_max": 11.830286026000977, "step_seconds": 0.27075232565402985, "innovation_std_sum": 1371.6137629230047, "noise_marginal_std_sum": 1891.8840083717369}
{"step": 60, "epoch": 1, "train_loss": 0.660241943359375, "clip_fraction": 0.0, "gradient_norm_mean": 5.66684765625, "gradient_norm_max": 10.075055122375488, "step_seconds": 0.24700867757201195, "innovation_std_sum": 1371.6137629230047, "noise_marginal_std_sum": 1891.8840083717369}
{"epoch": 1, "step": 62, "train_loss": 0.6658892477712324, "clip_fraction": 6.451612903225807e-05, "epsilon": 2.9834732111505784, "accuracy": 0.6075902037764068, "validation_loss": 0.6532644349228536, "validation_examples": 5349}
{"step": 70, "epoch": 2, "train_loss": 0.6488719482421875, "clip_fraction": 0.0, "gradient_norm_mean": 4.74044384765625, "gradient_norm_max": 8.195294380187988, "step_seconds": 0.18139005079865456, "innovation_std_sum": 1371.6137629230047, "noise_marginal_std_sum": 1891.8840083717369}
{"step": 80, "epoch": 2, "train_loss": 0.6564525146484375, "clip_fraction": 0.0, "gradient_norm_mean": 4.0807216796875, "gradient_norm_max": 7.610577583312988, "step_seconds": 0.274141326546669, "innovation_std_sum": 1371.6137629230047, "noise_marginal_std_sum": 1891.8840083717369}
{"step": 90, "epoch": 2, "train_loss": 0.6483818969726562, "clip_fraction": 0.0, "gradient_norm_mean": 3.66228662109375, "gradient_norm_max": 6.5310492515563965, "step_seconds": 0.27391898073256016, "innovation_std_sum": 1371.6137629230047, "noise_marginal_std_sum": 1891.8840083717369}
{"step": 100, "epoch": 2, "train_loss": 0.6577943115234375, "clip_fraction": 0.0, "gradient_norm_mean": 3.251076171875, "gradient_norm_max": 7.875949382781982, "step_seconds": 0.27414999157190323, "innovation_std_sum": 1371.6137629230047, "noise_marginal_std_sum": 1891.8840083717369}
{"step": 110, "epoch": 2, "train_loss": 0.6551920776367187, "clip_fraction": 0.0, "gradient_norm_mean": 2.92901708984375, "gradient_norm_max": 5.796553134918213, "step_seconds": 0.23488605581223965, "innovation_std_sum": 1371.6137629230047, "noise_marginal_std_sum": 1891.8840083717369}
{"step": 120, "epoch": 2, "train_loss": 0.6551959228515625, "clip_fraction": 0.0, "gradient_norm_mean": 2.730664306640625, "gradient_norm_max": 5.604170322418213, "step_seconds": 0.274447089061141, "innovation_std_sum": 1371.6137629230047, "noise_marginal_std_sum": 1891.8840083717369}
{"epoch": 2, "step": 124, "train_loss": 0.6538661105248236, "clip_fraction": 0.0, "epsilon": 4.566965972959099, "accuracy": 0.6277808936249766, "validation_loss": 0.6472721174735403, "validation_examples": 5349}
{"step": 130, "epoch": 3, "train_loss": 0.6455608520507813, "clip_fraction": 0.0, "gradient_norm_mean": 2.4191748046875, "gradient_norm_max": 4.541731357574463, "step_seconds": 0.2749001942574978, "innovation_std_sum": 1371.6137629230047, "noise_marginal_std_sum": 1891.8840083717369}
{"step": 140, "epoch": 3, "train_loss": 0.6534898681640625, "clip_fraction": 0.0, "gradient_norm_mean": 2.23228955078125, "gradient_norm_max": 4.426351070404053, "step_seconds": 0.2744099199771881, "innovation_std_sum": 1371.6137629230047, "noise_marginal_std_sum": 1891.8840083717369}
{"step": 150, "epoch": 3, "train_loss": 0.6483395385742188, "clip_fraction": 0.0, "gradient_norm_mean": 2.088765869140625, "gradient_norm_max": 4.121767044067383, "step_seconds": 0.2729526050388813, "innovation_std_sum": 1371.6137629230047, "noise_marginal_std_sum": 1891.8840083717369}
{"step": 160, "epoch": 3, "train_loss": 0.65077001953125, "clip_fraction": 0.0, "gradient_norm_mean": 1.89431982421875, "gradient_norm_max": 3.684222936630249, "step_seconds": 0.22965949773788452, "innovation_std_sum": 1371.6137629230047, "noise_marginal_std_sum": 1891.8840083717369}
{"step": 170, "epoch": 3, "train_loss": 0.6469564819335938, "clip_fraction": 0.0, "gradient_norm_mean": 1.737539794921875, "gradient_norm_max": 3.2955591678619385, "step_seconds": 0.13482086919248104, "innovation_std_sum": 1371.6137629230047, "noise_marginal_std_sum": 1891.8840083717369}
{"step": 180, "epoch": 3, "train_loss": 0.6567437133789062, "clip_fraction": 0.0, "gradient_norm_mean": 1.6013011474609375, "gradient_norm_max": 3.210707426071167, "step_seconds": 0.2739293221384287, "innovation_std_sum": 1371.6137629230047, "noise_marginal_std_sum": 1891.8840083717369}
{"epoch": 3, "step": 186, "train_loss": 0.6506641599593624, "clip_fraction": 0.0, "epsilon": 5.849088165717443, "accuracy": 0.6298373527762199, "validation_loss": 0.6450704438014663, "validation_examples": 5349}
{"step": 190, "epoch": 4, "train_loss": 0.6584755859375, "clip_fraction": 0.0, "gradient_norm_mean": 1.5440626220703124, "gradient_norm_max": 2.8060948848724365, "step_seconds": 0.27460863441228867, "innovation_std_sum": 1371.6137629230047, "noise_marginal_std_sum": 1891.8840083717369}
{"step": 200, "epoch": 4, "train_loss": 0.6515138549804688, "clip_fraction": 0.0, "gradient_norm_mean": 1.430232177734375, "gradient_norm_max": 2.7396469116210938, "step_seconds": 0.27345716394484043, "innovation_std_sum": 1371.6137629230047, "noise_marginal_std_sum": 1891.8840083717369}
{"step": 210, "epoch": 4, "train_loss": 0.6537158203125, "clip_fraction": 0.0, "gradient_norm_mean": 1.348339111328125, "gradient_norm_max": 2.4607651233673096, "step_seconds": 0.1603312399238348, "innovation_std_sum": 1371.6137629230047, "noise_marginal_std_sum": 1891.8840083717369}
{"step": 220, "epoch": 4, "train_loss": 0.6475931396484375, "clip_fraction": 0.0, "gradient_norm_mean": 1.2653177490234375, "gradient_norm_max": 2.363163709640503, "step_seconds": 0.12980224564671516, "innovation_std_sum": 1371.6137629230047, "noise_marginal_std_sum": 1891.8840083717369}
{"step": 230, "epoch": 4, "train_loss": 0.6410897827148437, "clip_fraction": 0.0, "gradient_norm_mean": 1.2030526123046874, "gradient_norm_max": 2.3112645149230957, "step_seconds": 0.2730346415191889, "innovation_std_sum": 1371.6137629230047, "noise_marginal_std_sum": 1891.8840083717369}
{"step": 240, "epoch": 4, "train_loss": 0.64907080078125, "clip_fraction": 0.0, "gradient_norm_mean": 1.1479150390625, "gradient_norm_max": 2.2172610759735107, "step_seconds": 0.2737863641232252, "innovation_std_sum": 1371.6137629230047, "noise_marginal_std_sum": 1891.8840083717369}
{"epoch": 4, "step": 248, "train_loss": 0.6492791708669354, "clip_fraction": 0.0, "epsilon": 6.974398475295218, "accuracy": 0.6373153860534679, "validation_loss": 0.6426372417536244, "validation_examples": 5349}
{"step": 250, "epoch": 5, "train_loss": 0.6473060302734375, "clip_fraction": 0.0, "gradient_norm_mean": 1.04210888671875, "gradient_norm_max": 2.3423333168029785, "step_seconds": 0.2709205746650696, "innovation_std_sum": 1371.6137629230047, "noise_marginal_std_sum": 1891.8840083717369}
{"step": 260, "epoch": 5, "train_loss": 0.6391016845703125, "clip_fraction": 0.0, "gradient_norm_mean": 1.0204259033203125, "gradient_norm_max": 2.0646286010742188, "step_seconds": 0.15215321257710457, "innovation_std_sum": 1371.6137629230047, "noise_marginal_std_sum": 1891.8840083717369}
{"step": 270, "epoch": 5, "train_loss": 0.648855224609375, "clip_fraction": 0.0, "gradient_norm_mean": 0.9951221923828125, "gradient_norm_max": 1.8350905179977417, "step_seconds": 0.2618838883936405, "innovation_std_sum": 1371.6137629230047, "noise_marginal_std_sum": 1891.8840083717369}
{"step": 280, "epoch": 5, "train_loss": 0.6468796997070313, "clip_fraction": 0.0, "gradient_norm_mean": 0.9129517211914062, "gradient_norm_max": 1.8211438655853271, "step_seconds": 0.2739725951105356, "innovation_std_sum": 1371.6137629230047, "noise_marginal_std_sum": 1891.8840083717369}
{"step": 290, "epoch": 5, "train_loss": 0.6433916015625, "clip_fraction": 0.0, "gradient_norm_mean": 0.87070654296875, "gradient_norm_max": 1.7013280391693115, "step_seconds": 0.2744449358433485, "innovation_std_sum": 1371.6137629230047, "noise_marginal_std_sum": 1891.8840083717369}
{"step": 300, "epoch": 5, "train_loss": 0.6507035522460938, "clip_fraction": 0.0, "gradient_norm_mean": 0.8419360961914063, "gradient_norm_max": 1.6703659296035767, "step_seconds": 0.27693857811391354, "innovation_std_sum": 1371.6137629230047, "noise_marginal_std_sum": 1891.8840083717369}
{"step": 310, "epoch": 5, "train_loss": 0.6515291748046875, "clip_fraction": 0.0, "gradient_norm_mean": 0.8080923461914062, "gradient_norm_max": 1.6499850749969482, "step_seconds": 0.27319658920168877, "innovation_std_sum": 1371.6137629230047, "noise_marginal_std_sum": 1891.8840083717369}
{"epoch": 5, "step": 310, "train_loss": 0.6478892507245464, "clip_fraction": 0.0, "epsilon": 8.000000000000005, "accuracy": 0.642923911011404, "validation_loss": 0.6403680239064289, "validation_examples": 5349}
