Loading weights:   0%|          | 0/39 [00:00<?, ?it/s]Loading weights: 100%|██████████| 39/39 [00:00<00:00, 27524.46it/s]
[transformers] [1mBertModel LOAD REPORT[0m from: /media/data/data/lt/dp-adam-correlated/cache/bert-tiny
Key                                        | Status     |  | 
-------------------------------------------+------------+--+-
cls.predictions.transform.dense.bias       | UNEXPECTED |  | 
cls.seq_relationship.bias                  | UNEXPECTED |  | 
cls.seq_relationship.weight                | UNEXPECTED |  | 
cls.predictions.decoder.bias               | UNEXPECTED |  | 
cls.predictions.transform.LayerNorm.bias   | UNEXPECTED |  | 
cls.predictions.transform.LayerNorm.weight | UNEXPECTED |  | 
cls.predictions.bias                       | UNEXPECTED |  | 
cls.predictions.decoder.weight             | UNEXPECTED |  | 
cls.predictions.transform.dense.weight     | UNEXPECTED |  | 

Notes:
- UNEXPECTED:	can be ignored when loading from different task/architecture; not ok if you expect identical arch.
sys:1: UserWarning: Full backward hook is firing when gradients are computed with respect to module outputs since no inputs require gradients. See https://docs.pytorch.org/docs/main/generated/torch.nn.Module.html#torch.nn.Module.register_full_backward_hook for more details.
{"step": 10, "epoch": 1, "train_loss": 0.679525146484375, "clip_fraction": 0.0, "gradient_norm_mean": 33.6767265625, "gradient_norm_max": 54.33561706542969, "step_seconds": 0.2649875972419977, "innovation_std_sum": 2502.6471536196495, "noise_marginal_std_sum": 2922.9716819653245}
{"step": 20, "epoch": 1, "train_loss": 0.6775393676757813, "clip_fraction": 0.0, "gradient_norm_mean": 9.644083984375, "gradient_norm_max": 14.015233993530273, "step_seconds": 0.26651271618902683, "innovation_std_sum": 2502.6471536196495, "noise_marginal_std_sum": 2922.9716819653245}
{"step": 30, "epoch": 1, "train_loss": 0.6651529541015625, "clip_fraction": 0.0, "gradient_norm_mean": 3.24853369140625, "gradient_norm_max": 6.212873935699463, "step_seconds": 0.2666126452386379, "innovation_std_sum": 2502.6471536196495, "noise_marginal_std_sum": 2922.9716819653245}
{"step": 40, "epoch": 1, "train_loss": 0.6735697021484375, "clip_fraction": 0.0, "gradient_norm_mean": 1.548164794921875, "gradient_norm_max": 3.085171699523926, "step_seconds": 0.2672652043402195, "innovation_std_sum": 2502.6471536196495, "noise_marginal_std_sum": 2922.9716819653245}
{"step": 50, "epoch": 1, "train_loss": 0.6837579956054688, "clip_fraction": 0.0, "gradient_norm_mean": 1.0081373901367188, "gradient_norm_max": 2.5738978385925293, "step_seconds": 0.2676943205296993, "innovation_std_sum": 2502.6471536196495, "noise_marginal_std_sum": 2922.9716819653245}
{"step": 60, "epoch": 1, "train_loss": 0.669071044921875, "clip_fraction": 0.0, "gradient_norm_mean": 0.6686707763671875, "gradient_norm_max": 1.6285860538482666, "step_seconds": 0.2678936067968607, "innovation_std_sum": 2502.6471536196495, "noise_marginal_std_sum": 2922.9716819653245}
{"epoch": 1, "step": 62, "train_loss": 0.6761742573399697, "clip_fraction": 0.02338709677419355, "epsilon": 0.8049486181219319, "accuracy": 0.5435779816513762, "validation_loss": 0.6781757949689112, "validation_examples": 872}
{"step": 70, "epoch": 2, "train_loss": 0.663340576171875, "clip_fraction": 0.0, "gradient_norm_mean": 0.5258634033203125, "gradient_norm_max": 1.3057314157485962, "step_seconds": 0.26724690943956375, "innovation_std_sum": 2502.6471536196495, "noise_marginal_std_sum": 2922.9716819653245}
{"step": 80, "epoch": 2, "train_loss": 0.6694688720703125, "clip_fraction": 0.0, "gradient_norm_mean": 0.3392375183105469, "gradient_norm_max": 1.0736298561096191, "step_seconds": 0.2686682026833296, "innovation_std_sum": 2502.6471536196495, "noise_marginal_std_sum": 2922.9716819653245}
{"step": 90, "epoch": 2, "train_loss": 0.6722112426757813, "clip_fraction": 0.0, "gradient_norm_mean": 0.20034817504882813, "gradient_norm_max": 0.4111173450946808, "step_seconds": 0.27086072601377964, "innovation_std_sum": 2502.6471536196495, "noise_marginal_std_sum": 2922.9716819653245}
{"step": 100, "epoch": 2, "train_loss": 0.67044091796875, "clip_fraction": 0.0, "gradient_norm_mean": 0.15579953002929686, "gradient_norm_max": 0.5865042805671692, "step_seconds": 0.27105278708040714, "innovation_std_sum": 2502.6471536196495, "noise_marginal_std_sum": 2922.9716819653245}
{"step": 110, "epoch": 2, "train_loss": 0.6775072021484375, "clip_fraction": 0.0, "gradient_norm_mean": 0.10986383056640625, "gradient_norm_max": 0.2934049963951111, "step_seconds": 0.2741849273443222, "innovation_std_sum": 2502.6471536196495, "noise_marginal_std_sum": 2922.9716819653245}
{"step": 120, "epoch": 2, "train_loss": 0.6779415283203125, "clip_fraction": 0.0, "gradient_norm_mean": 0.08982227325439453, "gradient_norm_max": 0.24373312294483185, "step_seconds": 0.267904432490468, "innovation_std_sum": 2502.6471536196495, "noise_marginal_std_sum": 2922.9716819653245}
{"epoch": 2, "step": 124, "train_loss": 0.67232862804782, "clip_fraction": 0.0, "epsilon": 1.1934855510554259, "accuracy": 0.5389908256880734, "validation_loss": 0.676098604814722, "validation_examples": 872}
{"step": 130, "epoch": 3, "train_loss": 0.6606633911132812, "clip_fraction": 0.0, "gradient_norm_mean": 0.05753183364868164, "gradient_norm_max": 0.1545487344264984, "step_seconds": 0.27385132014751434, "innovation_std_sum": 2502.6471536196495, "noise_marginal_std_sum": 2922.9716819653245}
{"step": 140, "epoch": 3, "train_loss": 0.675972412109375, "clip_fraction": 0.0, "gradient_norm_mean": 0.04464472961425781, "gradient_norm_max": 0.08913487195968628, "step_seconds": 0.26637943647801876, "innovation_std_sum": 2502.6471536196495, "noise_marginal_std_sum": 2922.9716819653245}
{"step": 150, "epoch": 3, "train_loss": 0.6800711059570312, "clip_fraction": 0.0, "gradient_norm_mean": 0.036181781768798826, "gradient_norm_max": 0.08166470378637314, "step_seconds": 0.26974551752209663, "innovation_std_sum": 2502.6471536196495, "noise_marginal_std_sum": 2922.9716819653245}
{"step": 160, "epoch": 3, "train_loss": 0.6761368408203124, "clip_fraction": 0.0, "gradient_norm_mean": 0.0254974365234375, "gradient_norm_max": 0.10707101970911026, "step_seconds": 0.2721382603049278, "innovation_std_sum": 2502.6471536196495, "noise_marginal_std_sum": 2922.9716819653245}
{"step": 170, "epoch": 3, "train_loss": 0.680533935546875, "clip_fraction": 0.0, "gradient_norm_mean": 0.019835784912109376, "gradient_norm_max": 0.055915188044309616, "step_seconds": 0.27032769098877907, "innovation_std_sum": 2502.6471536196495, "noise_marginal_std_sum": 2922.9716819653245}
{"step": 180, "epoch": 3, "train_loss": 0.68216943359375, "clip_fraction": 0.0, "gradient_norm_mean": 0.015958126068115235, "gradient_norm_max": 0.027985112741589546, "step_seconds": 0.2716847490519285, "innovation_std_sum": 2502.6471536196495, "noise_marginal_std_sum": 2922.9716819653245}
{"epoch": 3, "step": 186, "train_loss": 0.6762455552624118, "clip_fraction": 0.0, "epsilon": 1.49995008302887, "accuracy": 0.6112385321100917, "validation_loss": 0.6823877719564175, "validation_examples": 872}
{"step": 190, "epoch": 4, "train_loss": 0.6790848388671875, "clip_fraction": 0.0, "gradient_norm_mean": 0.012718097686767578, "gradient_norm_max": 0.0323609784245491, "step_seconds": 0.27212002500891685, "innovation_std_sum": 2502.6471536196495, "noise_marginal_std_sum": 2922.9716819653245}
{"step": 200, "epoch": 4, "train_loss": 0.6779268798828125, "clip_fraction": 0.0, "gradient_norm_mean": 0.010784128189086913, "gradient_norm_max": 0.02362198382616043, "step_seconds": 0.2657169010490179, "innovation_std_sum": 2502.6471536196495, "noise_marginal_std_sum": 2922.9716819653245}
{"step": 210, "epoch": 4, "train_loss": 0.6824927368164062, "clip_fraction": 0.0, "gradient_norm_mean": 0.008743803024291992, "gradient_norm_max": 0.026261189952492714, "step_seconds": 0.2649789024144411, "innovation_std_sum": 2502.6471536196495, "noise_marginal_std_sum": 2922.9716819653245}
{"step": 220, "epoch": 4, "train_loss": 0.6826261596679688, "clip_fraction": 0.0, "gradient_norm_mean": 0.007328897953033447, "gradient_norm_max": 0.02012575790286064, "step_seconds": 0.26694224029779434, "innovation_std_sum": 2502.6471536196495, "noise_marginal_std_sum": 2922.9716819653245}
{"step": 230, "epoch": 4, "train_loss": 0.6786815185546875, "clip_fraction": 0.0, "gradient_norm_mean": 0.006467514038085938, "gradient_norm_max": 0.029560934752225876, "step_seconds": 0.26539044827222824, "innovation_std_sum": 2502.6471536196495, "noise_marginal_std_sum": 2922.9716819653245}
{"step": 240, "epoch": 4, "train_loss": 0.678359619140625, "clip_fraction": 0.0, "gradient_norm_mean": 0.00554946756362915, "gradient_norm_max": 0.013560168445110321, "step_seconds": 0.26539771258831024, "innovation_std_sum": 2502.6471536196495, "noise_marginal_std_sum": 2922.9716819653245}
{"epoch": 4, "step": 248, "train_loss": 0.6791439779958417, "clip_fraction": 0.0, "epsilon": 1.7636718529552016, "accuracy": 0.5802752293577982, "validation_loss": 0.6849808474199488, "validation_examples": 872}
{"step": 250, "epoch": 5, "train_loss": 0.6825469360351563, "clip_fraction": 0.0, "gradient_norm_mean": 0.0049108476638793945, "gradient_norm_max": 0.015811312943696976, "step_seconds": 0.27526360005140305, "innovation_std_sum": 2502.6471536196495, "noise_marginal_std_sum": 2922.9716819653245}
{"step": 260, "epoch": 5, "train_loss": 0.6798018798828125, "clip_fraction": 0.0, "gradient_norm_mean": 0.004430581092834473, "gradient_norm_max": 0.01044849120080471, "step_seconds": 0.26913369446992874, "innovation_std_sum": 2502.6471536196495, "noise_marginal_std_sum": 2922.9716819653245}
{"step": 270, "epoch": 5, "train_loss": 0.6824432373046875, "clip_fraction": 0.0, "gradient_norm_mean": 0.004025214672088623, "gradient_norm_max": 0.012083163484930992, "step_seconds": 0.2715557627379894, "innovation_std_sum": 2502.6471536196495, "noise_marginal_std_sum": 2922.9716819653245}
{"step": 280, "epoch": 5, "train_loss": 0.674314453125, "clip_fraction": 0.0, "gradient_norm_mean": 0.0029793939590454102, "gradient_norm_max": 0.005923173855990171, "step_seconds": 0.27288566157221794, "innovation_std_sum": 2502.6471536196495, "noise_marginal_std_sum": 2922.9716819653245}
{"step": 290, "epoch": 5, "train_loss": 0.6862194213867188, "clip_fraction": 0.0, "gradient_norm_mean": 0.0026996989250183106, "gradient_norm_max": 0.005154646001756191, "step_seconds": 0.27395336516201496, "innovation_std_sum": 2502.6471536196495, "noise_marginal_std_sum": 2922.9716819653245}
{"step": 300, "epoch": 5, "train_loss": 0.6803070068359375, "clip_fraction": 0.0, "gradient_norm_mean": 0.0023342604637145996, "gradient_norm_max": 0.007568763103336096, "step_seconds": 0.2707846537232399, "innovation_std_sum": 2502.6471536196495, "noise_marginal_std_sum": 2922.9716819653245}
{"step": 310, "epoch": 5, "train_loss": 0.6863265380859375, "clip_fraction": 0.0, "gradient_norm_mean": 0.0020819101333618166, "gradient_norm_max": 0.005386008881032467, "step_seconds": 0.1334672849625349, "innovation_std_sum": 2502.6471536196495, "noise_marginal_std_sum": 2922.9716819653245}
{"epoch": 5, "step": 310, "train_loss": 0.6811321873818674, "clip_fraction": 0.0, "epsilon": 2.0000000000008775, "accuracy": 0.5194954128440367, "validation_loss": 0.6899213615907441, "validation_examples": 872}
