/home/longt29/miniconda3/envs/curve/lib/python3.11/site-packages/torchvision/datasets/cifar.py:83: VisibleDeprecationWarning: dtype(): align should be passed as Python or NumPy boolean but got `align=0`. Did you mean to pass a tuple to create a subarray type? (Deprecated NumPy 2.4)
  entry = pickle.load(f, encoding="latin1")
sys:1: UserWarning: Full backward hook is firing when gradients are computed with respect to module outputs since no inputs require gradients. See https://docs.pytorch.org/docs/main/generated/torch.nn.Module.html#torch.nn.Module.register_full_backward_hook for more details.
{"step": 10, "epoch": 1, "train_loss": 4.2982646484375, "clip_fraction": 1.0, "gradient_norm_mean": 57.39846484375, "gradient_norm_max": 134.83444213867188, "step_seconds": 2.1130059510469437, "innovation_std_sum": 51.28650502540745, "noise_marginal_std_sum": 57.78628862764004}
{"step": 20, "epoch": 1, "train_loss": 3.5995797119140627, "clip_fraction": 0.999, "gradient_norm_mean": 96.91339453125, "gradient_norm_max": 232.70040893554688, "step_seconds": 2.122828286141157, "innovation_std_sum": 51.28650502540745, "noise_marginal_std_sum": 57.78628862764004}
{"step": 30, "epoch": 1, "train_loss": 3.010370178222656, "clip_fraction": 0.99, "gradient_norm_mean": 112.46977734375, "gradient_norm_max": 335.7464904785156, "step_seconds": 2.1586328987032175, "innovation_std_sum": 51.28650502540745, "noise_marginal_std_sum": 57.78628862764004}
{"step": 40, "epoch": 1, "train_loss": 2.63432177734375, "clip_fraction": 0.972, "gradient_norm_mean": 119.78543359375, "gradient_norm_max": 451.34991455078125, "step_seconds": 2.1781516056507826, "innovation_std_sum": 51.28650502540745, "noise_marginal_std_sum": 57.78628862764004}
{"step": 50, "epoch": 1, "train_loss": 2.2576656494140623, "clip_fraction": 0.945, "gradient_norm_mean": 115.4448125, "gradient_norm_max": 610.955078125, "step_seconds": 2.176158072426915, "innovation_std_sum": 51.28650502540745, "noise_marginal_std_sum": 57.78628862764004}
{"epoch": 1, "step": 50, "train_loss": 3.403766060791016, "clip_fraction": 0.98494, "epsilon": 3.1232881288764163, "accuracy": 0.5024, "validation_loss": 1.8726970489501953, "validation_examples": 10000}
{"step": 60, "epoch": 2, "train_loss": 2.1107456665039064, "clip_fraction": 0.91, "gradient_norm_mean": 116.64290234375, "gradient_norm_max": 522.7230224609375, "step_seconds": 2.120815521106124, "innovation_std_sum": 51.28650502540745, "noise_marginal_std_sum": 57.78628862764004}
{"step": 70, "epoch": 2, "train_loss": 1.965597412109375, "clip_fraction": 0.863, "gradient_norm_mean": 115.5367734375, "gradient_norm_max": 475.1760559082031, "step_seconds": 2.13640858232975, "innovation_std_sum": 51.28650502540745, "noise_marginal_std_sum": 57.78628862764004}
{"step": 80, "epoch": 2, "train_loss": 1.9101265563964844, "clip_fraction": 0.851, "gradient_norm_mean": 118.62976953125, "gradient_norm_max": 514.7047119140625, "step_seconds": 2.202040897682309, "innovation_std_sum": 51.28650502540745, "noise_marginal_std_sum": 57.78628862764004}
{"step": 90, "epoch": 2, "train_loss": 1.8338790588378906, "clip_fraction": 0.833, "gradient_norm_mean": 122.517513671875, "gradient_norm_max": 631.8152465820312, "step_seconds": 2.188740724697709, "innovation_std_sum": 51.28650502540745, "noise_marginal_std_sum": 57.78628862764004}
{"step": 100, "epoch": 2, "train_loss": 1.7861682434082031, "clip_fraction": 0.819, "gradient_norm_mean": 117.209142578125, "gradient_norm_max": 741.8204956054688, "step_seconds": 2.2019116953015327, "innovation_std_sum": 51.28650502540745, "noise_marginal_std_sum": 57.78628862764004}
{"epoch": 2, "step": 100, "train_loss": 1.9727659014892578, "clip_fraction": 0.86846, "epsilon": 4.6509185172252945, "accuracy": 0.6394, "validation_loss": 1.2602832336425782, "validation_examples": 10000}
{"step": 110, "epoch": 3, "train_loss": 1.72135595703125, "clip_fraction": 0.806, "gradient_norm_mean": 124.335548828125, "gradient_norm_max": 896.5081176757812, "step_seconds": 2.1372426450252533, "innovation_std_sum": 51.28650502540745, "noise_marginal_std_sum": 57.78628862764004}
{"step": 120, "epoch": 3, "train_loss": 1.6428404846191407, "clip_fraction": 0.77, "gradient_norm_mean": 118.991029296875, "gradient_norm_max": 500.2021179199219, "step_seconds": 2.1485381461679935, "innovation_std_sum": 51.28650502540745, "noise_marginal_std_sum": 57.78628862764004}
{"step": 130, "epoch": 3, "train_loss": 1.683443603515625, "clip_fraction": 0.756, "gradient_norm_mean": 119.327263671875, "gradient_norm_max": 761.1128540039062, "step_seconds": 2.175494357943535, "innovation_std_sum": 51.28650502540745, "noise_marginal_std_sum": 57.78628862764004}
{"step": 140, "epoch": 3, "train_loss": 1.66123095703125, "clip_fraction": 0.773, "gradient_norm_mean": 125.273275390625, "gradient_norm_max": 672.4224243164062, "step_seconds": 2.395770989358425, "innovation_std_sum": 51.28650502540745, "noise_marginal_std_sum": 57.78628862764004}
{"step": 150, "epoch": 3, "train_loss": 1.6725335083007813, "clip_fraction": 0.778, "gradient_norm_mean": 124.8795703125, "gradient_norm_max": 923.1431274414062, "step_seconds": 2.1832579877227545, "innovation_std_sum": 51.28650502540745, "noise_marginal_std_sum": 57.78628862764004}
{"epoch": 3, "step": 150, "train_loss": 1.6990164428710937, "clip_fraction": 0.78198, "epsilon": 5.89717066071296, "accuracy": 0.6783, "validation_loss": 1.0975147827148437, "validation_examples": 10000}
{"step": 160, "epoch": 4, "train_loss": 1.5824263000488281, "clip_fraction": 0.744, "gradient_norm_mean": 125.080990234375, "gradient_norm_max": 1071.5989990234375, "step_seconds": 2.134958269074559, "innovation_std_sum": 51.28650502540745, "noise_marginal_std_sum": 57.78628862764004}
{"step": 170, "epoch": 4, "train_loss": 1.5707745361328125, "clip_fraction": 0.723, "gradient_norm_mean": 121.667166015625, "gradient_norm_max": 599.1832275390625, "step_seconds": 2.121540741994977, "innovation_std_sum": 51.28650502540745, "noise_marginal_std_sum": 57.78628862764004}
{"step": 180, "epoch": 4, "train_loss": 1.5540196533203126, "clip_fraction": 0.719, "gradient_norm_mean": 125.64680859375, "gradient_norm_max": 500.2375793457031, "step_seconds": 2.1551085859537125, "innovation_std_sum": 51.28650502540745, "noise_marginal_std_sum": 57.78628862764004}
{"step": 190, "epoch": 4, "train_loss": 1.595289306640625, "clip_fraction": 0.745, "gradient_norm_mean": 131.796478515625, "gradient_norm_max": 735.8405151367188, "step_seconds": 2.170891858637333, "innovation_std_sum": 51.28650502540745, "noise_marginal_std_sum": 57.78628862764004}
{"step": 200, "epoch": 4, "train_loss": 1.6493668823242187, "clip_fraction": 0.738, "gradient_norm_mean": 133.744005859375, "gradient_norm_max": 728.7999267578125, "step_seconds": 2.1831159070134163, "innovation_std_sum": 51.28650502540745, "noise_marginal_std_sum": 57.78628862764004}
{"epoch": 4, "step": 200, "train_loss": 1.600768868408203, "clip_fraction": 0.74228, "epsilon": 6.996032511238057, "accuracy": 0.6935, "validation_loss": 1.0524570556640624, "validation_examples": 10000}
{"step": 210, "epoch": 5, "train_loss": 1.5708221435546874, "clip_fraction": 0.727, "gradient_norm_mean": 131.22223046875, "gradient_norm_max": 694.0274047851562, "step_seconds": 2.1276544760912657, "innovation_std_sum": 51.28650502540745, "noise_marginal_std_sum": 57.78628862764004}
{"step": 220, "epoch": 5, "train_loss": 1.5796918334960937, "clip_fraction": 0.693, "gradient_norm_mean": 126.33762109375, "gradient_norm_max": 692.2586669921875, "step_seconds": 2.1561425887048244, "innovation_std_sum": 51.28650502540745, "noise_marginal_std_sum": 57.78628862764004}
{"step": 230, "epoch": 5, "train_loss": 1.562350830078125, "clip_fraction": 0.686, "gradient_norm_mean": 129.338451171875, "gradient_norm_max": 767.986328125, "step_seconds": 2.1925289407372475, "innovation_std_sum": 51.28650502540745, "noise_marginal_std_sum": 57.78628862764004}
{"step": 240, "epoch": 5, "train_loss": 1.5786459350585937, "clip_fraction": 0.734, "gradient_norm_mean": 132.903703125, "gradient_norm_max": 515.4735107421875, "step_seconds": 2.202979639172554, "innovation_std_sum": 51.28650502540745, "noise_marginal_std_sum": 57.78628862764004}
{"step": 250, "epoch": 5, "train_loss": 1.6028160095214843, "clip_fraction": 0.711, "gradient_norm_mean": 133.51132421875, "gradient_norm_max": 618.9942016601562, "step_seconds": 2.1957934852689505, "innovation_std_sum": 51.28650502540745, "noise_marginal_std_sum": 57.78628862764004}
{"epoch": 5, "step": 250, "train_loss": 1.5819837841796875, "clip_fraction": 0.71968, "epsilon": 8.000000000000005, "accuracy": 0.7001, "validation_loss": 1.0283266204833985, "validation_examples": 10000}
