/home/longt29/miniconda3/envs/curve/lib/python3.11/site-packages/torchvision/datasets/cifar.py:83: VisibleDeprecationWarning: dtype(): align should be passed as Python or NumPy boolean but got `align=0`. Did you mean to pass a tuple to create a subarray type? (Deprecated NumPy 2.4)
  entry = pickle.load(f, encoding="latin1")
sys:1: UserWarning: Full backward hook is firing when gradients are computed with respect to module outputs since no inputs require gradients. See https://docs.pytorch.org/docs/main/generated/torch.nn.Module.html#torch.nn.Module.register_full_backward_hook for more details.
{"step": 10, "epoch": 1, "train_loss": 4.374581665039062, "clip_fraction": 0.914, "gradient_norm_mean": 131.463373046875, "gradient_norm_max": 288.56549072265625, "step_seconds": 1.94409641623497, "innovation_std_sum": 240.75993838827023, "noise_marginal_std_sum": 281.66422180982534}
{"step": 20, "epoch": 1, "train_loss": 3.769854736328125, "clip_fraction": 1.0, "gradient_norm_mean": 200.35118359375, "gradient_norm_max": 445.3173828125, "step_seconds": 1.970276577398181, "innovation_std_sum": 240.75993838827023, "noise_marginal_std_sum": 281.66422180982534}
{"step": 30, "epoch": 1, "train_loss": 3.2099902954101562, "clip_fraction": 0.99, "gradient_norm_mean": 253.446140625, "gradient_norm_max": 747.7702026367188, "step_seconds": 2.002838732674718, "innovation_std_sum": 240.75993838827023, "noise_marginal_std_sum": 281.66422180982534}
{"step": 40, "epoch": 1, "train_loss": 2.7835599365234374, "clip_fraction": 0.97, "gradient_norm_mean": 266.872203125, "gradient_norm_max": 846.9642333984375, "step_seconds": 1.9776102639734745, "innovation_std_sum": 240.75993838827023, "noise_marginal_std_sum": 281.66422180982534}
{"epoch": 1, "step": 45, "train_loss": 3.6521423448350694, "clip_fraction": 0.9777333333333333, "epsilon": 3.0297011451528837, "accuracy": 0.4526, "validation_loss": 2.1858590576171877, "validation_examples": 5000}
{"step": 50, "epoch": 2, "train_loss": 2.398676452636719, "clip_fraction": 0.937, "gradient_norm_mean": 267.38521484375, "gradient_norm_max": 1159.7735595703125, "step_seconds": 1.949976623058319, "innovation_std_sum": 240.75993838827023, "noise_marginal_std_sum": 281.66422180982534}
{"step": 60, "epoch": 2, "train_loss": 2.2588263549804686, "clip_fraction": 0.91, "gradient_norm_mean": 271.98696875, "gradient_norm_max": 1684.741943359375, "step_seconds": 1.9726328253746033, "innovation_std_sum": 240.75993838827023, "noise_marginal_std_sum": 281.66422180982534}
{"step": 70, "epoch": 2, "train_loss": 1.9796976318359376, "clip_fraction": 0.845, "gradient_norm_mean": 257.03779296875, "gradient_norm_max": 1481.572265625, "step_seconds": 1.9737952128052711, "innovation_std_sum": 240.75993838827023, "noise_marginal_std_sum": 281.66422180982534}
{"step": 80, "epoch": 2, "train_loss": 1.9675565490722655, "clip_fraction": 0.849, "gradient_norm_mean": 270.029890625, "gradient_norm_max": 1477.2557373046875, "step_seconds": 1.9829528331756592, "innovation_std_sum": 240.75993838827023, "noise_marginal_std_sum": 281.66422180982534}
{"step": 90, "epoch": 2, "train_loss": 1.8363600463867187, "clip_fraction": 0.823, "gradient_norm_mean": 267.916828125, "gradient_norm_max": 1082.8682861328125, "step_seconds": 1.994335686787963, "innovation_std_sum": 240.75993838827023, "noise_marginal_std_sum": 281.66422180982534}
{"epoch": 2, "step": 90, "train_loss": 2.1117415466308596, "clip_fraction": 0.8753333333333333, "epsilon": 4.5953206372907065, "accuracy": 0.6384, "validation_loss": 1.3218277038574218, "validation_examples": 5000}
{"step": 100, "epoch": 3, "train_loss": 1.6795252685546875, "clip_fraction": 0.79, "gradient_norm_mean": 260.22959375, "gradient_norm_max": 1302.458251953125, "step_seconds": 1.9555987138301134, "innovation_std_sum": 240.75993838827023, "noise_marginal_std_sum": 281.66422180982534}
{"step": 110, "epoch": 3, "train_loss": 1.6146724853515626, "clip_fraction": 0.767, "gradient_norm_mean": 255.1692890625, "gradient_norm_max": 1281.1944580078125, "step_seconds": 1.9677276201546192, "innovation_std_sum": 240.75993838827023, "noise_marginal_std_sum": 281.66422180982534}
{"step": 120, "epoch": 3, "train_loss": 1.5630374450683593, "clip_fraction": 0.738, "gradient_norm_mean": 257.1056171875, "gradient_norm_max": 1204.7833251953125, "step_seconds": 2.0042657908052206, "innovation_std_sum": 240.75993838827023, "noise_marginal_std_sum": 281.66422180982534}
{"step": 130, "epoch": 3, "train_loss": 1.5027068786621094, "clip_fraction": 0.715, "gradient_norm_mean": 254.285328125, "gradient_norm_max": 1665.012451171875, "step_seconds": 1.9948465134948492, "innovation_std_sum": 240.75993838827023, "noise_marginal_std_sum": 281.66422180982534}
{"epoch": 3, "step": 135, "train_loss": 1.6488946953667534, "clip_fraction": 0.7531555555555556, "epsilon": 5.865340104265841, "accuracy": 0.7048, "validation_loss": 1.0344495635986328, "validation_examples": 5000}
{"step": 140, "epoch": 4, "train_loss": 1.5349063720703124, "clip_fraction": 0.694, "gradient_norm_mean": 248.9571875, "gradient_norm_max": 1835.5986328125, "step_seconds": 1.9540900941938162, "innovation_std_sum": 240.75993838827023, "noise_marginal_std_sum": 281.66422180982534}
{"step": 150, "epoch": 4, "train_loss": 1.5001819152832032, "clip_fraction": 0.676, "gradient_norm_mean": 260.36419921875, "gradient_norm_max": 1459.510986328125, "step_seconds": 1.9701497573405504, "innovation_std_sum": 240.75993838827023, "noise_marginal_std_sum": 281.66422180982534}
{"step": 160, "epoch": 4, "train_loss": 1.511236541748047, "clip_fraction": 0.686, "gradient_norm_mean": 262.6538203125, "gradient_norm_max": 1761.8651123046875, "step_seconds": 1.9744808729737997, "innovation_std_sum": 240.75993838827023, "noise_marginal_std_sum": 281.66422180982534}
{"step": 170, "epoch": 4, "train_loss": 1.4358480834960938, "clip_fraction": 0.661, "gradient_norm_mean": 249.1118125, "gradient_norm_max": 1585.6182861328125, "step_seconds": 1.9889991413801908, "innovation_std_sum": 240.75993838827023, "noise_marginal_std_sum": 281.66422180982534}
{"step": 180, "epoch": 4, "train_loss": 1.3991806640625, "clip_fraction": 0.636, "gradient_norm_mean": 245.913109375, "gradient_norm_max": 1272.301025390625, "step_seconds": 1.9971280694007874, "innovation_std_sum": 240.75993838827023, "noise_marginal_std_sum": 281.66422180982534}
{"epoch": 4, "step": 180, "train_loss": 1.4695920742458768, "clip_fraction": 0.6804444444444444, "epsilon": 6.9817050448149836, "accuracy": 0.7394, "validation_loss": 0.8883755493164063, "validation_examples": 5000}
{"step": 190, "epoch": 5, "train_loss": 1.3340211181640624, "clip_fraction": 0.666, "gradient_norm_mean": 247.62399609375, "gradient_norm_max": 1175.3104248046875, "step_seconds": 1.964863933622837, "innovation_std_sum": 240.75993838827023, "noise_marginal_std_sum": 281.66422180982534}
{"step": 200, "epoch": 5, "train_loss": 1.3815475769042969, "clip_fraction": 0.665, "gradient_norm_mean": 251.72775, "gradient_norm_max": 1411.8951416015625, "step_seconds": 1.9703891593962908, "innovation_std_sum": 240.75993838827023, "noise_marginal_std_sum": 281.66422180982534}
{"step": 210, "epoch": 5, "train_loss": 1.4247476196289062, "clip_fraction": 0.637, "gradient_norm_mean": 255.55081640625, "gradient_norm_max": 1528.3416748046875, "step_seconds": 1.9826100952923298, "innovation_std_sum": 240.75993838827023, "noise_marginal_std_sum": 281.66422180982534}
{"step": 220, "epoch": 5, "train_loss": 1.3432732238769531, "clip_fraction": 0.644, "gradient_norm_mean": 259.220859375, "gradient_norm_max": 1447.605224609375, "step_seconds": 2.00001865811646, "innovation_std_sum": 240.75993838827023, "noise_marginal_std_sum": 281.66422180982534}
{"epoch": 5, "step": 225, "train_loss": 1.3630762871636284, "clip_fraction": 0.6384888888888889, "epsilon": 8.000000000000005, "accuracy": 0.7646, "validation_loss": 0.8162724884033203, "validation_examples": 5000}
