Loading weights:   0%|          | 0/39 [00:00<?, ?it/s]Loading weights: 100%|██████████| 39/39 [00:00<00:00, 17339.18it/s]
[transformers] [1mBertModel LOAD REPORT[0m from: /media/data/data/lt/dp-adam-correlated/cache/bert-tiny
Key                                        | Status     |  | 
-------------------------------------------+------------+--+-
cls.predictions.transform.LayerNorm.bias   | UNEXPECTED |  | 
cls.predictions.transform.LayerNorm.weight | UNEXPECTED |  | 
cls.predictions.decoder.bias               | UNEXPECTED |  | 
cls.predictions.transform.dense.bias       | UNEXPECTED |  | 
cls.predictions.transform.dense.weight     | UNEXPECTED |  | 
cls.predictions.decoder.weight             | UNEXPECTED |  | 
cls.predictions.bias                       | UNEXPECTED |  | 
cls.seq_relationship.bias                  | UNEXPECTED |  | 
cls.seq_relationship.weight                | UNEXPECTED |  | 

Notes:
- UNEXPECTED:	can be ignored when loading from different task/architecture; not ok if you expect identical arch.
sys:1: UserWarning: Full backward hook is firing when gradients are computed with respect to module outputs since no inputs require gradients. See https://docs.pytorch.org/docs/main/generated/torch.nn.Module.html#torch.nn.Module.register_full_backward_hook for more details.
{"step": 10, "epoch": 1, "train_loss": 0.6963652954101562, "clip_fraction": 0.263, "gradient_norm_mean": 7.39075927734375, "gradient_norm_max": 13.333508491516113, "step_seconds": 0.13238787651062012, "innovation_std_sum": 26.21657406472233, "noise_marginal_std_sum": 36.16084831464732}
{"step": 20, "epoch": 1, "train_loss": 0.6837877197265625, "clip_fraction": 0.478, "gradient_norm_mean": 10.2350234375, "gradient_norm_max": 23.657392501831055, "step_seconds": 0.1289773602038622, "innovation_std_sum": 26.21657406472233, "noise_marginal_std_sum": 36.16084831464732}
{"step": 30, "epoch": 1, "train_loss": 0.68315283203125, "clip_fraction": 0.61, "gradient_norm_mean": 17.3099453125, "gradient_norm_max": 55.6114616394043, "step_seconds": 0.2730607632547617, "innovation_std_sum": 26.21657406472233, "noise_marginal_std_sum": 36.16084831464732}
{"step": 40, "epoch": 1, "train_loss": 0.6558896484375, "clip_fraction": 0.609, "gradient_norm_mean": 26.855673828125, "gradient_norm_max": 93.6913070678711, "step_seconds": 0.27347101271152496, "innovation_std_sum": 26.21657406472233, "noise_marginal_std_sum": 36.16084831464732}
{"step": 50, "epoch": 1, "train_loss": 0.6304512939453125, "clip_fraction": 0.543, "gradient_norm_mean": 33.2350625, "gradient_norm_max": 166.54925537109375, "step_seconds": 0.27043181098997593, "innovation_std_sum": 26.21657406472233, "noise_marginal_std_sum": 36.16084831464732}
{"step": 60, "epoch": 1, "train_loss": 0.611691162109375, "clip_fraction": 0.473, "gradient_norm_mean": 36.60753125, "gradient_norm_max": 208.894775390625, "step_seconds": 0.27040581963956356, "innovation_std_sum": 26.21657406472233, "noise_marginal_std_sum": 36.16084831464732}
{"epoch": 1, "step": 62, "train_loss": 0.644054676671182, "clip_fraction": 0.4616774193548387, "epsilon": 5.668975774097162, "accuracy": 0.694954128440367, "validation_loss": 0.8954496646146162, "validation_examples": 872}
{"step": 70, "epoch": 2, "train_loss": 0.74804931640625, "clip_fraction": 0.477, "gradient_norm_mean": 40.09159375, "gradient_norm_max": 227.58843994140625, "step_seconds": 0.27078770846128464, "innovation_std_sum": 26.21657406472233, "noise_marginal_std_sum": 36.16084831464732}
{"step": 80, "epoch": 2, "train_loss": 0.6330270385742187, "clip_fraction": 0.431, "gradient_norm_mean": 36.19121875, "gradient_norm_max": 218.4252166748047, "step_seconds": 0.27140580862760544, "innovation_std_sum": 26.21657406472233, "noise_marginal_std_sum": 36.16084831464732}
{"step": 90, "epoch": 2, "train_loss": 0.619378173828125, "clip_fraction": 0.425, "gradient_norm_mean": 37.211453125, "gradient_norm_max": 254.7454071044922, "step_seconds": 0.2759538069367409, "innovation_std_sum": 26.21657406472233, "noise_marginal_std_sum": 36.16084831464732}
{"step": 100, "epoch": 2, "train_loss": 0.60891552734375, "clip_fraction": 0.441, "gradient_norm_mean": 38.069, "gradient_norm_max": 269.0237121582031, "step_seconds": 0.277257839217782, "innovation_std_sum": 26.21657406472233, "noise_marginal_std_sum": 36.16084831464732}
{"step": 110, "epoch": 2, "train_loss": 0.6147039794921875, "clip_fraction": 0.412, "gradient_norm_mean": 35.30415234375, "gradient_norm_max": 258.9732971191406, "step_seconds": 0.2769530266523361, "innovation_std_sum": 26.21657406472233, "noise_marginal_std_sum": 36.16084831464732}
{"step": 120, "epoch": 2, "train_loss": 0.6831221313476562, "clip_fraction": 0.404, "gradient_norm_mean": 36.4809453125, "gradient_norm_max": 241.8206024169922, "step_seconds": 0.27279411256313324, "innovation_std_sum": 26.21657406472233, "noise_marginal_std_sum": 36.16084831464732}
{"epoch": 2, "step": 124, "train_loss": 0.6283403822375883, "clip_fraction": 0.429758064516129, "epsilon": 8.840441430354401, "accuracy": 0.7672018348623854, "validation_loss": 0.7137364378762902, "validation_examples": 872}
{"step": 130, "epoch": 3, "train_loss": 0.5353800048828125, "clip_fraction": 0.387, "gradient_norm_mean": 35.716109375, "gradient_norm_max": 255.81301879882812, "step_seconds": 0.2747537810355425, "innovation_std_sum": 26.21657406472233, "noise_marginal_std_sum": 36.16084831464732}
{"step": 140, "epoch": 3, "train_loss": 0.5464727172851562, "clip_fraction": 0.359, "gradient_norm_mean": 31.921384765625, "gradient_norm_max": 271.7678527832031, "step_seconds": 0.27252195216715336, "innovation_std_sum": 26.21657406472233, "noise_marginal_std_sum": 36.16084831464732}
{"step": 150, "epoch": 3, "train_loss": 0.5725874633789062, "clip_fraction": 0.375, "gradient_norm_mean": 35.191859375, "gradient_norm_max": 302.48834228515625, "step_seconds": 0.2739285212010145, "innovation_std_sum": 26.21657406472233, "noise_marginal_std_sum": 36.16084831464732}
{"step": 160, "epoch": 3, "train_loss": 0.554103515625, "clip_fraction": 0.38, "gradient_norm_mean": 34.407328125, "gradient_norm_max": 306.6866149902344, "step_seconds": 0.2730943560600281, "innovation_std_sum": 26.21657406472233, "noise_marginal_std_sum": 36.16084831464732}
{"step": 170, "epoch": 3, "train_loss": 0.49286279296875, "clip_fraction": 0.353, "gradient_norm_mean": 32.0228359375, "gradient_norm_max": 313.0009460449219, "step_seconds": 0.273956960067153, "innovation_std_sum": 26.21657406472233, "noise_marginal_std_sum": 36.16084831464732}
{"step": 180, "epoch": 3, "train_loss": 0.5795918579101562, "clip_fraction": 0.372, "gradient_norm_mean": 33.726203125, "gradient_norm_max": 283.84173583984375, "step_seconds": 0.27447266690433025, "innovation_std_sum": 26.21657406472233, "noise_marginal_std_sum": 36.16084831464732}
{"epoch": 3, "step": 186, "train_loss": 0.557587650422127, "clip_fraction": 0.37312903225806454, "epsilon": 11.473280419145594, "accuracy": 0.7717889908256881, "validation_loss": 0.6656251566125713, "validation_examples": 872}
{"step": 190, "epoch": 4, "train_loss": 0.56898681640625, "clip_fraction": 0.374, "gradient_norm_mean": 30.6694140625, "gradient_norm_max": 254.24325561523438, "step_seconds": 0.1292894445359707, "innovation_std_sum": 26.21657406472233, "noise_marginal_std_sum": 36.16084831464732}
{"step": 200, "epoch": 4, "train_loss": 0.49952947998046876, "clip_fraction": 0.346, "gradient_norm_mean": 28.7688359375, "gradient_norm_max": 267.9066467285156, "step_seconds": 0.27589135617017746, "innovation_std_sum": 26.21657406472233, "noise_marginal_std_sum": 36.16084831464732}
{"step": 210, "epoch": 4, "train_loss": 0.4779768371582031, "clip_fraction": 0.326, "gradient_norm_mean": 27.405140625, "gradient_norm_max": 279.3703308105469, "step_seconds": 0.27520974539220333, "innovation_std_sum": 26.21657406472233, "noise_marginal_std_sum": 36.16084831464732}
{"step": 220, "epoch": 4, "train_loss": 0.525984619140625, "clip_fraction": 0.332, "gradient_norm_mean": 27.73851953125, "gradient_norm_max": 338.18035888671875, "step_seconds": 0.273151446133852, "innovation_std_sum": 26.21657406472233, "noise_marginal_std_sum": 36.16084831464732}
{"step": 230, "epoch": 4, "train_loss": 0.5414200439453125, "clip_fraction": 0.34, "gradient_norm_mean": 31.013189453125, "gradient_norm_max": 297.55535888671875, "step_seconds": 0.2731228470802307, "innovation_std_sum": 26.21657406472233, "noise_marginal_std_sum": 36.16084831464732}
{"step": 240, "epoch": 4, "train_loss": 0.4393795471191406, "clip_fraction": 0.303, "gradient_norm_mean": 26.94024609375, "gradient_norm_max": 324.7198486328125, "step_seconds": 0.2725290358066559, "innovation_std_sum": 26.21657406472233, "noise_marginal_std_sum": 36.16084831464732}
{"epoch": 4, "step": 248, "train_loss": 0.5127831366754347, "clip_fraction": 0.33522580645161293, "epsilon": 13.825690185222754, "accuracy": 0.7717889908256881, "validation_loss": 0.6449610815135711, "validation_examples": 872}
{"step": 250, "epoch": 5, "train_loss": 0.485619140625, "clip_fraction": 0.306, "gradient_norm_mean": 31.21005078125, "gradient_norm_max": 320.3122253417969, "step_seconds": 0.27452563121914864, "innovation_std_sum": 26.21657406472233, "noise_marginal_std_sum": 36.16084831464732}
{"step": 260, "epoch": 5, "train_loss": 0.5097378540039063, "clip_fraction": 0.299, "gradient_norm_mean": 25.207306640625, "gradient_norm_max": 269.7591247558594, "step_seconds": 0.27039021626114845, "innovation_std_sum": 26.21657406472233, "noise_marginal_std_sum": 36.16084831464732}
{"step": 270, "epoch": 5, "train_loss": 0.5179547119140625, "clip_fraction": 0.32, "gradient_norm_mean": 28.9040234375, "gradient_norm_max": 307.8833923339844, "step_seconds": 0.26943860203027725, "innovation_std_sum": 26.21657406472233, "noise_marginal_std_sum": 36.16084831464732}
{"step": 280, "epoch": 5, "train_loss": 0.44515875244140624, "clip_fraction": 0.294, "gradient_norm_mean": 27.5982265625, "gradient_norm_max": 325.920654296875, "step_seconds": 0.2697508707642555, "innovation_std_sum": 26.21657406472233, "noise_marginal_std_sum": 36.16084831464732}
{"step": 290, "epoch": 5, "train_loss": 0.497987060546875, "clip_fraction": 0.313, "gradient_norm_mean": 31.1476640625, "gradient_norm_max": 383.1270446777344, "step_seconds": 0.2703245207667351, "innovation_std_sum": 26.21657406472233, "noise_marginal_std_sum": 36.16084831464732}
{"step": 300, "epoch": 5, "train_loss": 0.45871112060546876, "clip_fraction": 0.288, "gradient_norm_mean": 25.13135546875, "gradient_norm_max": 408.22833251953125, "step_seconds": 0.2702598571777344, "innovation_std_sum": 26.21657406472233, "noise_marginal_std_sum": 36.16084831464732}
{"step": 310, "epoch": 5, "train_loss": 0.483500732421875, "clip_fraction": 0.299, "gradient_norm_mean": 27.025861328125, "gradient_norm_max": 346.484130859375, "step_seconds": 0.269098486751318, "innovation_std_sum": 26.21657406472233, "noise_marginal_std_sum": 36.16084831464732}
{"epoch": 5, "step": 310, "train_loss": 0.48860975154753655, "clip_fraction": 0.3050806451612903, "epsilon": 16.000000000000018, "accuracy": 0.7729357798165137, "validation_loss": 0.6549131804649982, "validation_examples": 872}
