Loading weights:   0%|          | 0/39 [00:00<?, ?it/s]Loading weights: 100%|██████████| 39/39 [00:00<00:00, 6007.27it/s]
[transformers] [1mBertModel LOAD REPORT[0m from: /media/data/data/lt/dp-adam-correlated/cache/bert-tiny
Key                                        | Status     |  | 
-------------------------------------------+------------+--+-
cls.seq_relationship.weight                | UNEXPECTED |  | 
cls.predictions.bias                       | UNEXPECTED |  | 
cls.predictions.transform.LayerNorm.weight | UNEXPECTED |  | 
cls.predictions.decoder.weight             | UNEXPECTED |  | 
cls.predictions.transform.LayerNorm.bias   | UNEXPECTED |  | 
cls.predictions.decoder.bias               | UNEXPECTED |  | 
cls.predictions.transform.dense.weight     | UNEXPECTED |  | 
cls.seq_relationship.bias                  | UNEXPECTED |  | 
cls.predictions.transform.dense.bias       | UNEXPECTED |  | 

Notes:
- UNEXPECTED:	can be ignored when loading from different task/architecture; not ok if you expect identical arch.
sys:1: UserWarning: Full backward hook is firing when gradients are computed with respect to module outputs since no inputs require gradients. See https://docs.pytorch.org/docs/main/generated/torch.nn.Module.html#torch.nn.Module.register_full_backward_hook for more details.
{"step": 10, "epoch": 1, "train_loss": 0.6751246948242188, "clip_fraction": 0.0, "gradient_norm_mean": 7.89856298828125, "gradient_norm_max": 14.768269538879395, "step_seconds": 0.2654811106622219, "innovation_std_sum": 90.47212142804185, "noise_marginal_std_sum": 105.66709276576073}
{"step": 20, "epoch": 1, "train_loss": 0.6565795288085937, "clip_fraction": 0.001, "gradient_norm_mean": 9.847962890625, "gradient_norm_max": 20.1405029296875, "step_seconds": 0.2679503094404936, "innovation_std_sum": 90.47212142804185, "noise_marginal_std_sum": 105.66709276576073}
{"step": 30, "epoch": 1, "train_loss": 0.643134765625, "clip_fraction": 0.046, "gradient_norm_mean": 12.20922265625, "gradient_norm_max": 26.355466842651367, "step_seconds": 0.26773531548678875, "innovation_std_sum": 90.47212142804185, "noise_marginal_std_sum": 105.66709276576073}
{"step": 40, "epoch": 1, "train_loss": 0.61146533203125, "clip_fraction": 0.232, "gradient_norm_mean": 15.0564794921875, "gradient_norm_max": 32.68400192260742, "step_seconds": 0.2681575436145067, "innovation_std_sum": 90.47212142804185, "noise_marginal_std_sum": 105.66709276576073}
{"step": 50, "epoch": 1, "train_loss": 0.5872347412109375, "clip_fraction": 0.436, "gradient_norm_mean": 18.4183046875, "gradient_norm_max": 49.5443000793457, "step_seconds": 0.26798771508038044, "innovation_std_sum": 90.47212142804185, "noise_marginal_std_sum": 105.66709276576073}
{"step": 60, "epoch": 1, "train_loss": 0.5312628173828124, "clip_fraction": 0.485, "gradient_norm_mean": 22.185224609375, "gradient_norm_max": 66.60184478759766, "step_seconds": 0.27120123989880085, "innovation_std_sum": 90.47212142804185, "noise_marginal_std_sum": 105.66709276576073}
{"epoch": 1, "step": 62, "train_loss": 0.6225723719443045, "clip_fraction": 0.1689516129032258, "epsilon": 1.5789886026562023, "accuracy": 0.6731651376146789, "validation_loss": 0.6000857178224336, "validation_examples": 872}
{"step": 70, "epoch": 2, "train_loss": 0.6207626342773438, "clip_fraction": 0.491, "gradient_norm_mean": 25.8719140625, "gradient_norm_max": 100.28833770751953, "step_seconds": 0.26910925284028053, "innovation_std_sum": 90.47212142804185, "noise_marginal_std_sum": 105.66709276576073}
{"step": 80, "epoch": 2, "train_loss": 0.5697083740234375, "clip_fraction": 0.48, "gradient_norm_mean": 28.73236328125, "gradient_norm_max": 119.1072769165039, "step_seconds": 0.2672699559479952, "innovation_std_sum": 90.47212142804185, "noise_marginal_std_sum": 105.66709276576073}
{"step": 90, "epoch": 2, "train_loss": 0.558009521484375, "clip_fraction": 0.457, "gradient_norm_mean": 31.878373046875, "gradient_norm_max": 144.1885986328125, "step_seconds": 0.2714997585862875, "innovation_std_sum": 90.47212142804185, "noise_marginal_std_sum": 105.66709276576073}
{"step": 100, "epoch": 2, "train_loss": 0.56625537109375, "clip_fraction": 0.447, "gradient_norm_mean": 33.6924296875, "gradient_norm_max": 159.6270294189453, "step_seconds": 0.2600814364850521, "innovation_std_sum": 90.47212142804185, "noise_marginal_std_sum": 105.66709276576073}
{"step": 110, "epoch": 2, "train_loss": 0.5602337036132813, "clip_fraction": 0.417, "gradient_norm_mean": 33.08225, "gradient_norm_max": 168.74710083007812, "step_seconds": 0.2714708708226681, "innovation_std_sum": 90.47212142804185, "noise_marginal_std_sum": 105.66709276576073}
{"step": 120, "epoch": 2, "train_loss": 0.6236792602539063, "clip_fraction": 0.417, "gradient_norm_mean": 35.0424765625, "gradient_norm_max": 191.5714569091797, "step_seconds": 0.26795546896755695, "innovation_std_sum": 90.47212142804185, "noise_marginal_std_sum": 105.66709276576073}
{"epoch": 2, "step": 124, "train_loss": 0.5575755221459173, "clip_fraction": 0.4545161290322581, "epsilon": 2.356100864794592, "accuracy": 0.7454128440366973, "validation_loss": 0.654345276158884, "validation_examples": 872}
{"step": 130, "epoch": 3, "train_loss": 0.5225275268554688, "clip_fraction": 0.41, "gradient_norm_mean": 33.926484375, "gradient_norm_max": 202.89686584472656, "step_seconds": 0.2713761292397976, "innovation_std_sum": 90.47212142804185, "noise_marginal_std_sum": 105.66709276576073}
{"step": 140, "epoch": 3, "train_loss": 0.5297611694335937, "clip_fraction": 0.391, "gradient_norm_mean": 30.86687109375, "gradient_norm_max": 181.2251739501953, "step_seconds": 0.27139209397137165, "innovation_std_sum": 90.47212142804185, "noise_marginal_std_sum": 105.66709276576073}
{"step": 150, "epoch": 3, "train_loss": 0.5486224365234375, "clip_fraction": 0.408, "gradient_norm_mean": 33.036609375, "gradient_norm_max": 187.78636169433594, "step_seconds": 0.27195118740200996, "innovation_std_sum": 90.47212142804185, "noise_marginal_std_sum": 105.66709276576073}
{"step": 160, "epoch": 3, "train_loss": 0.5229125366210937, "clip_fraction": 0.396, "gradient_norm_mean": 34.006546875, "gradient_norm_max": 219.68453979492188, "step_seconds": 0.27153563126921654, "innovation_std_sum": 90.47212142804185, "noise_marginal_std_sum": 105.66709276576073}
{"step": 170, "epoch": 3, "train_loss": 0.5054852294921875, "clip_fraction": 0.373, "gradient_norm_mean": 31.8051328125, "gradient_norm_max": 215.48382568359375, "step_seconds": 0.2714943252503872, "innovation_std_sum": 90.47212142804185, "noise_marginal_std_sum": 105.66709276576073}
{"step": 180, "epoch": 3, "train_loss": 0.5745170288085938, "clip_fraction": 0.393, "gradient_norm_mean": 33.67898046875, "gradient_norm_max": 201.16842651367188, "step_seconds": 0.2721504755318165, "innovation_std_sum": 90.47212142804185, "noise_marginal_std_sum": 105.66709276576073}
{"epoch": 3, "step": 186, "train_loss": 0.5390658372448337, "clip_fraction": 0.3937741935483871, "epsilon": 2.9760310906613787, "accuracy": 0.7580275229357798, "validation_loss": 0.6267104280104331, "validation_examples": 872}
{"step": 190, "epoch": 4, "train_loss": 0.5487123413085937, "clip_fraction": 0.389, "gradient_norm_mean": 31.97561328125, "gradient_norm_max": 203.0594024658203, "step_seconds": 0.27186904661357403, "innovation_std_sum": 90.47212142804185, "noise_marginal_std_sum": 105.66709276576073}
{"step": 200, "epoch": 4, "train_loss": 0.493184326171875, "clip_fraction": 0.368, "gradient_norm_mean": 30.18228515625, "gradient_norm_max": 189.53868103027344, "step_seconds": 0.2721003592014313, "innovation_std_sum": 90.47212142804185, "noise_marginal_std_sum": 105.66709276576073}
{"step": 210, "epoch": 4, "train_loss": 0.47668511962890625, "clip_fraction": 0.355, "gradient_norm_mean": 27.734765625, "gradient_norm_max": 211.8986053466797, "step_seconds": 0.2712669391185045, "innovation_std_sum": 90.47212142804185, "noise_marginal_std_sum": 105.66709276576073}
{"step": 220, "epoch": 4, "train_loss": 0.5221815185546875, "clip_fraction": 0.364, "gradient_norm_mean": 30.408375, "gradient_norm_max": 224.17491149902344, "step_seconds": 0.26765706948935986, "innovation_std_sum": 90.47212142804185, "noise_marginal_std_sum": 105.66709276576073}
{"step": 230, "epoch": 4, "train_loss": 0.5240010986328125, "clip_fraction": 0.368, "gradient_norm_mean": 30.27080859375, "gradient_norm_max": 183.15562438964844, "step_seconds": 0.27007948979735374, "innovation_std_sum": 90.47212142804185, "noise_marginal_std_sum": 105.66709276576073}
{"step": 240, "epoch": 4, "train_loss": 0.45540423583984374, "clip_fraction": 0.326, "gradient_norm_mean": 29.25102734375, "gradient_norm_max": 230.88763427734375, "step_seconds": 0.2746435757726431, "innovation_std_sum": 90.47212142804185, "noise_marginal_std_sum": 105.66709276576073}
{"epoch": 4, "step": 248, "train_loss": 0.5063059520106162, "clip_fraction": 0.3630967741935484, "epsilon": 3.514193505558318, "accuracy": 0.7626146788990825, "validation_loss": 0.6185274999076074, "validation_examples": 872}
{"step": 250, "epoch": 5, "train_loss": 0.4989508056640625, "clip_fraction": 0.344, "gradient_norm_mean": 32.166328125, "gradient_norm_max": 213.2355499267578, "step_seconds": 0.2693441268056631, "innovation_std_sum": 90.47212142804185, "noise_marginal_std_sum": 105.66709276576073}
{"step": 260, "epoch": 5, "train_loss": 0.5120443115234375, "clip_fraction": 0.341, "gradient_norm_mean": 27.558759765625, "gradient_norm_max": 195.5503387451172, "step_seconds": 0.27452513575553894, "innovation_std_sum": 90.47212142804185, "noise_marginal_std_sum": 105.66709276576073}
{"step": 270, "epoch": 5, "train_loss": 0.5018302307128907, "clip_fraction": 0.353, "gradient_norm_mean": 28.561205078125, "gradient_norm_max": 214.53086853027344, "step_seconds": 0.2726630810648203, "innovation_std_sum": 90.47212142804185, "noise_marginal_std_sum": 105.66709276576073}
{"step": 280, "epoch": 5, "train_loss": 0.43452767944335935, "clip_fraction": 0.333, "gradient_norm_mean": 27.860701171875, "gradient_norm_max": 221.62326049804688, "step_seconds": 0.2704820763319731, "innovation_std_sum": 90.47212142804185, "noise_marginal_std_sum": 105.66709276576073}
{"step": 290, "epoch": 5, "train_loss": 0.5066890869140624, "clip_fraction": 0.342, "gradient_norm_mean": 30.6377734375, "gradient_norm_max": 236.39569091796875, "step_seconds": 0.274398572742939, "innovation_std_sum": 90.47212142804185, "noise_marginal_std_sum": 105.66709276576073}
{"step": 300, "epoch": 5, "train_loss": 0.4439298095703125, "clip_fraction": 0.315, "gradient_norm_mean": 25.235142578125, "gradient_norm_max": 226.220458984375, "step_seconds": 0.2702201586216688, "innovation_std_sum": 90.47212142804185, "noise_marginal_std_sum": 105.66709276576073}
{"step": 310, "epoch": 5, "train_loss": 0.4867288208007812, "clip_fraction": 0.347, "gradient_norm_mean": 29.5054140625, "gradient_norm_max": 266.0551452636719, "step_seconds": 0.1317105796188116, "innovation_std_sum": 90.47212142804185, "noise_marginal_std_sum": 105.66709276576073}
{"epoch": 5, "step": 310, "train_loss": 0.4823655055876701, "clip_fraction": 0.3394516129032258, "epsilon": 3.9999999999999685, "accuracy": 0.768348623853211, "validation_loss": 0.5988399785593015, "validation_examples": 872}
