Loading weights:   0%|          | 0/39 [00:00<?, ?it/s]Loading weights: 100%|██████████| 39/39 [00:00<00:00, 20105.44it/s]
[transformers] [1mBertModel LOAD REPORT[0m from: /media/data/data/lt/dp-adam-correlated/cache/bert-tiny
Key                                        | Status     |  | 
-------------------------------------------+------------+--+-
cls.predictions.transform.LayerNorm.weight | UNEXPECTED |  | 
cls.predictions.decoder.bias               | UNEXPECTED |  | 
cls.predictions.decoder.weight             | UNEXPECTED |  | 
cls.predictions.transform.dense.weight     | UNEXPECTED |  | 
cls.predictions.transform.LayerNorm.bias   | UNEXPECTED |  | 
cls.predictions.transform.dense.bias       | UNEXPECTED |  | 
cls.seq_relationship.bias                  | UNEXPECTED |  | 
cls.seq_relationship.weight                | UNEXPECTED |  | 
cls.predictions.bias                       | UNEXPECTED |  | 

Notes:
- UNEXPECTED:	can be ignored when loading from different task/architecture; not ok if you expect identical arch.
sys:1: UserWarning: Full backward hook is firing when gradients are computed with respect to module outputs since no inputs require gradients. See https://docs.pytorch.org/docs/main/generated/torch.nn.Module.html#torch.nn.Module.register_full_backward_hook for more details.
{"step": 10, "epoch": 1, "train_loss": 0.6924571533203125, "clip_fraction": 0.131, "gradient_norm_mean": 145.775828125, "gradient_norm_max": 369.6214294433594, "step_seconds": 0.27034619450569153, "innovation_std_sum": 914.409175282003, "noise_marginal_std_sum": 1261.2560055811578}
{"step": 20, "epoch": 1, "train_loss": 0.658118408203125, "clip_fraction": 0.005, "gradient_norm_mean": 114.868734375, "gradient_norm_max": 350.1691589355469, "step_seconds": 0.27292854711413383, "innovation_std_sum": 914.409175282003, "noise_marginal_std_sum": 1261.2560055811578}
{"step": 30, "epoch": 1, "train_loss": 0.625867431640625, "clip_fraction": 0.074, "gradient_norm_mean": 138.927578125, "gradient_norm_max": 337.5927734375, "step_seconds": 0.2734064105898142, "innovation_std_sum": 914.409175282003, "noise_marginal_std_sum": 1261.2560055811578}
{"step": 40, "epoch": 1, "train_loss": 0.5895567626953125, "clip_fraction": 0.26, "gradient_norm_mean": 153.3915625, "gradient_norm_max": 363.68511962890625, "step_seconds": 0.27330298349261284, "innovation_std_sum": 914.409175282003, "noise_marginal_std_sum": 1261.2560055811578}
{"step": 50, "epoch": 1, "train_loss": 0.557483154296875, "clip_fraction": 0.405, "gradient_norm_mean": 174.5016875, "gradient_norm_max": 497.43890380859375, "step_seconds": 0.27258162945508957, "innovation_std_sum": 914.409175282003, "noise_marginal_std_sum": 1261.2560055811578}
{"step": 60, "epoch": 1, "train_loss": 0.5348345947265625, "clip_fraction": 0.431, "gradient_norm_mean": 193.3941875, "gradient_norm_max": 629.8421630859375, "step_seconds": 0.23431342653930187, "innovation_std_sum": 914.409175282003, "noise_marginal_std_sum": 1261.2560055811578}
{"epoch": 1, "step": 62, "train_loss": 0.6205495359359249, "clip_fraction": 0.2376290322580645, "epsilon": 2.983473211150575, "accuracy": 0.7213302752293578, "validation_loss": 0.5648034778210002, "validation_examples": 872}
{"step": 70, "epoch": 2, "train_loss": 0.5118102111816406, "clip_fraction": 0.418, "gradient_norm_mean": 204.4589375, "gradient_norm_max": 741.2018432617188, "step_seconds": 0.27296701818704605, "innovation_std_sum": 914.409175282003, "noise_marginal_std_sum": 1261.2560055811578}
{"step": 80, "epoch": 2, "train_loss": 0.4990114440917969, "clip_fraction": 0.398, "gradient_norm_mean": 207.4970625, "gradient_norm_max": 964.6919555664062, "step_seconds": 0.2719681691378355, "innovation_std_sum": 914.409175282003, "noise_marginal_std_sum": 1261.2560055811578}
{"step": 90, "epoch": 2, "train_loss": 0.539105224609375, "clip_fraction": 0.369, "gradient_norm_mean": 196.78859375, "gradient_norm_max": 968.2086181640625, "step_seconds": 0.2733493950217962, "innovation_std_sum": 914.409175282003, "noise_marginal_std_sum": 1261.2560055811578}
{"step": 100, "epoch": 2, "train_loss": 0.5151476440429688, "clip_fraction": 0.382, "gradient_norm_mean": 200.572453125, "gradient_norm_max": 1253.92529296875, "step_seconds": 0.2749112658202648, "innovation_std_sum": 914.409175282003, "noise_marginal_std_sum": 1261.2560055811578}
{"step": 110, "epoch": 2, "train_loss": 0.5064298400878906, "clip_fraction": 0.373, "gradient_norm_mean": 199.181375, "gradient_norm_max": 1120.4991455078125, "step_seconds": 0.16100780107080936, "innovation_std_sum": 914.409175282003, "noise_marginal_std_sum": 1261.2560055811578}
{"step": 120, "epoch": 2, "train_loss": 0.46056036376953124, "clip_fraction": 0.333, "gradient_norm_mean": 173.02140625, "gradient_norm_max": 859.2884521484375, "step_seconds": 0.27488792687654495, "innovation_std_sum": 914.409175282003, "noise_marginal_std_sum": 1261.2560055811578}
{"epoch": 2, "step": 124, "train_loss": 0.5149550505607359, "clip_fraction": 0.3811935483870968, "epsilon": 4.566965972959099, "accuracy": 0.7534403669724771, "validation_loss": 0.5721714693471927, "validation_examples": 872}
{"step": 130, "epoch": 3, "train_loss": 0.4800269775390625, "clip_fraction": 0.319, "gradient_norm_mean": 176.259125, "gradient_norm_max": 1095.0968017578125, "step_seconds": 0.13591930083930492, "innovation_std_sum": 914.409175282003, "noise_marginal_std_sum": 1261.2560055811578}
{"step": 140, "epoch": 3, "train_loss": 0.462360107421875, "clip_fraction": 0.321, "gradient_norm_mean": 164.235375, "gradient_norm_max": 896.7195434570312, "step_seconds": 0.27588811703026295, "innovation_std_sum": 914.409175282003, "noise_marginal_std_sum": 1261.2560055811578}
{"step": 150, "epoch": 3, "train_loss": 0.47499957275390625, "clip_fraction": 0.311, "gradient_norm_mean": 155.967578125, "gradient_norm_max": 969.60498046875, "step_seconds": 0.276397954672575, "innovation_std_sum": 914.409175282003, "noise_marginal_std_sum": 1261.2560055811578}
{"step": 160, "epoch": 3, "train_loss": 0.505504638671875, "clip_fraction": 0.327, "gradient_norm_mean": 160.737375, "gradient_norm_max": 1038.85595703125, "step_seconds": 0.2739066667854786, "innovation_std_sum": 914.409175282003, "noise_marginal_std_sum": 1261.2560055811578}
{"step": 170, "epoch": 3, "train_loss": 0.45546258544921875, "clip_fraction": 0.293, "gradient_norm_mean": 146.59553125, "gradient_norm_max": 891.3956298828125, "step_seconds": 0.2737985663115978, "innovation_std_sum": 914.409175282003, "noise_marginal_std_sum": 1261.2560055811578}
{"step": 180, "epoch": 3, "train_loss": 0.4673278198242187, "clip_fraction": 0.282, "gradient_norm_mean": 138.01234375, "gradient_norm_max": 745.2649536132812, "step_seconds": 0.27450069785118103, "innovation_std_sum": 914.409175282003, "noise_marginal_std_sum": 1261.2560055811578}
{"epoch": 3, "step": 186, "train_loss": 0.47132566981161794, "clip_fraction": 0.3066451612903226, "epsilon": 5.849088165717443, "accuracy": 0.7637614678899083, "validation_loss": 0.5295620270825308, "validation_examples": 872}
{"step": 190, "epoch": 4, "train_loss": 0.42251715087890623, "clip_fraction": 0.264, "gradient_norm_mean": 130.677203125, "gradient_norm_max": 860.8383178710938, "step_seconds": 0.27366715483367443, "innovation_std_sum": 914.409175282003, "noise_marginal_std_sum": 1261.2560055811578}
{"step": 200, "epoch": 4, "train_loss": 0.4756219177246094, "clip_fraction": 0.29, "gradient_norm_mean": 134.9620625, "gradient_norm_max": 793.3798828125, "step_seconds": 0.27549476735293865, "innovation_std_sum": 914.409175282003, "noise_marginal_std_sum": 1261.2560055811578}
{"step": 210, "epoch": 4, "train_loss": 0.4369249267578125, "clip_fraction": 0.277, "gradient_norm_mean": 127.928546875, "gradient_norm_max": 677.6161499023438, "step_seconds": 0.2750999480485916, "innovation_std_sum": 914.409175282003, "noise_marginal_std_sum": 1261.2560055811578}
{"step": 220, "epoch": 4, "train_loss": 0.41443255615234376, "clip_fraction": 0.231, "gradient_norm_mean": 113.7015625, "gradient_norm_max": 687.5599365234375, "step_seconds": 0.27488279342651367, "innovation_std_sum": 914.409175282003, "noise_marginal_std_sum": 1261.2560055811578}
{"step": 230, "epoch": 4, "train_loss": 0.46527813720703126, "clip_fraction": 0.252, "gradient_norm_mean": 117.9758125, "gradient_norm_max": 780.0269775390625, "step_seconds": 0.2735313381999731, "innovation_std_sum": 914.409175282003, "noise_marginal_std_sum": 1261.2560055811578}
{"step": 240, "epoch": 4, "train_loss": 0.39016558837890625, "clip_fraction": 0.208, "gradient_norm_mean": 103.8090625, "gradient_norm_max": 641.888671875, "step_seconds": 0.2735948897898197, "innovation_std_sum": 914.409175282003, "noise_marginal_std_sum": 1261.2560055811578}
{"epoch": 4, "step": 248, "train_loss": 0.435639149327432, "clip_fraction": 0.252, "epsilon": 6.974398475295221, "accuracy": 0.7706422018348624, "validation_loss": 0.5197348157200244, "validation_examples": 872}
{"step": 250, "epoch": 5, "train_loss": 0.39665679931640624, "clip_fraction": 0.211, "gradient_norm_mean": 102.4881875, "gradient_norm_max": 597.2456665039062, "step_seconds": 0.2757789809256792, "innovation_std_sum": 914.409175282003, "noise_marginal_std_sum": 1261.2560055811578}
{"step": 260, "epoch": 5, "train_loss": 0.44140054321289063, "clip_fraction": 0.245, "gradient_norm_mean": 113.9771953125, "gradient_norm_max": 781.241943359375, "step_seconds": 0.2720627598464489, "innovation_std_sum": 914.409175282003, "noise_marginal_std_sum": 1261.2560055811578}
{"step": 270, "epoch": 5, "train_loss": 0.41283929443359374, "clip_fraction": 0.225, "gradient_norm_mean": 106.85253125, "gradient_norm_max": 707.3469848632812, "step_seconds": 0.2657952420413494, "innovation_std_sum": 914.409175282003, "noise_marginal_std_sum": 1261.2560055811578}
{"step": 280, "epoch": 5, "train_loss": 0.40151971435546874, "clip_fraction": 0.202, "gradient_norm_mean": 103.1319296875, "gradient_norm_max": 632.3574829101562, "step_seconds": 0.13251934573054314, "innovation_std_sum": 914.409175282003, "noise_marginal_std_sum": 1261.2560055811578}
{"step": 290, "epoch": 5, "train_loss": 0.42819476318359373, "clip_fraction": 0.206, "gradient_norm_mean": 103.7720703125, "gradient_norm_max": 812.0506591796875, "step_seconds": 0.2751254215836525, "innovation_std_sum": 914.409175282003, "noise_marginal_std_sum": 1261.2560055811578}
{"step": 300, "epoch": 5, "train_loss": 0.4397908935546875, "clip_fraction": 0.222, "gradient_norm_mean": 103.4948984375, "gradient_norm_max": 638.733154296875, "step_seconds": 0.13108978047966957, "innovation_std_sum": 914.409175282003, "noise_marginal_std_sum": 1261.2560055811578}
{"step": 310, "epoch": 5, "train_loss": 0.399963623046875, "clip_fraction": 0.181, "gradient_norm_mean": 94.7218828125, "gradient_norm_max": 840.4994506835938, "step_seconds": 0.13096641190350056, "innovation_std_sum": 914.409175282003, "noise_marginal_std_sum": 1261.2560055811578}
{"epoch": 5, "step": 310, "train_loss": 0.413732420890562, "clip_fraction": 0.21137096774193548, "epsilon": 8.000000000000005, "accuracy": 0.7821100917431193, "validation_loss": 0.49058025692581037, "validation_examples": 872}
