/home/longt29/miniconda3/envs/curve/lib/python3.11/site-packages/torchvision/datasets/cifar.py:83: VisibleDeprecationWarning: dtype(): align should be passed as Python or NumPy boolean but got `align=0`. Did you mean to pass a tuple to create a subarray type? (Deprecated NumPy 2.4)
  entry = pickle.load(f, encoding="latin1")
sys:1: UserWarning: Full backward hook is firing when gradients are computed with respect to module outputs since no inputs require gradients. See https://docs.pytorch.org/docs/main/generated/torch.nn.Module.html#torch.nn.Module.register_full_backward_hook for more details.
{"step": 10, "epoch": 1, "train_loss": 4.494363647460937, "clip_fraction": 0.954, "gradient_norm_mean": 274.051171875, "gradient_norm_max": 654.7623291015625, "step_seconds": 2.0693721156567335, "innovation_std_sum": 960.5354058391272, "noise_marginal_std_sum": 1324.878491966481}
{"step": 20, "epoch": 1, "train_loss": 4.166805297851562, "clip_fraction": 0.71, "gradient_norm_mean": 234.68694140625, "gradient_norm_max": 523.0281982421875, "step_seconds": 2.1553327664732933, "innovation_std_sum": 960.5354058391272, "noise_marginal_std_sum": 1324.878491966481}
{"step": 30, "epoch": 1, "train_loss": 3.79694873046875, "clip_fraction": 0.821, "gradient_norm_mean": 253.63834375, "gradient_norm_max": 638.979736328125, "step_seconds": 2.2141813095659018, "innovation_std_sum": 960.5354058391272, "noise_marginal_std_sum": 1324.878491966481}
{"step": 40, "epoch": 1, "train_loss": 3.4134793090820312, "clip_fraction": 0.831, "gradient_norm_mean": 259.61118359375, "gradient_norm_max": 632.2744750976562, "step_seconds": 2.2246348317712545, "innovation_std_sum": 960.5354058391272, "noise_marginal_std_sum": 1324.878491966481}
{"epoch": 1, "step": 45, "train_loss": 4.037578594292535, "clip_fraction": 0.8470888888888889, "epsilon": 2.805247463992718, "accuracy": 0.3032, "validation_loss": 2.8774753662109376, "validation_examples": 5000}
{"step": 50, "epoch": 2, "train_loss": 2.981369934082031, "clip_fraction": 0.754, "gradient_norm_mean": 245.01758984375, "gradient_norm_max": 841.3507080078125, "step_seconds": 2.0595665276050568, "innovation_std_sum": 960.5354058391272, "noise_marginal_std_sum": 1324.878491966481}
{"step": 60, "epoch": 2, "train_loss": 2.7802645263671875, "clip_fraction": 0.625, "gradient_norm_mean": 225.947984375, "gradient_norm_max": 603.953125, "step_seconds": 2.1715449951589108, "innovation_std_sum": 960.5354058391272, "noise_marginal_std_sum": 1324.878491966481}
{"step": 70, "epoch": 2, "train_loss": 2.486333251953125, "clip_fraction": 0.507, "gradient_norm_mean": 209.72759765625, "gradient_norm_max": 778.3048706054688, "step_seconds": 2.217778168618679, "innovation_std_sum": 960.5354058391272, "noise_marginal_std_sum": 1324.878491966481}
{"step": 80, "epoch": 2, "train_loss": 2.4127129516601564, "clip_fraction": 0.43, "gradient_norm_mean": 201.10198828125, "gradient_norm_max": 693.517822265625, "step_seconds": 2.1265186052769423, "innovation_std_sum": 960.5354058391272, "noise_marginal_std_sum": 1324.878491966481}
{"step": 90, "epoch": 2, "train_loss": 2.2988351440429686, "clip_fraction": 0.393, "gradient_norm_mean": 190.05088671875, "gradient_norm_max": 862.4861450195312, "step_seconds": 2.2259338330477476, "innovation_std_sum": 960.5354058391272, "noise_marginal_std_sum": 1324.878491966481}
{"epoch": 2, "step": 90, "train_loss": 2.6180156209309895, "clip_fraction": 0.5587333333333333, "epsilon": 4.447471925552444, "accuracy": 0.5388, "validation_loss": 1.8178269592285157, "validation_examples": 5000}
{"step": 100, "epoch": 3, "train_loss": 2.096901611328125, "clip_fraction": 0.3, "gradient_norm_mean": 173.0578515625, "gradient_norm_max": 638.3779907226562, "step_seconds": 2.123884791508317, "innovation_std_sum": 960.5354058391272, "noise_marginal_std_sum": 1324.878491966481}
{"step": 110, "epoch": 3, "train_loss": 2.042051513671875, "clip_fraction": 0.277, "gradient_norm_mean": 165.1596484375, "gradient_norm_max": 1061.5543212890625, "step_seconds": 2.184470599517226, "innovation_std_sum": 960.5354058391272, "noise_marginal_std_sum": 1324.878491966481}
{"step": 120, "epoch": 3, "train_loss": 1.953425750732422, "clip_fraction": 0.254, "gradient_norm_mean": 159.2705703125, "gradient_norm_max": 632.3203735351562, "step_seconds": 2.19617448374629, "innovation_std_sum": 960.5354058391272, "noise_marginal_std_sum": 1324.878491966481}
{"step": 130, "epoch": 3, "train_loss": 1.9121934814453125, "clip_fraction": 0.211, "gradient_norm_mean": 148.06144921875, "gradient_norm_max": 786.9118041992188, "step_seconds": 2.2003680653870106, "innovation_std_sum": 960.5354058391272, "noise_marginal_std_sum": 1324.878491966481}
{"epoch": 3, "step": 135, "train_loss": 2.0413783494737414, "clip_fraction": 0.2773555555555556, "epsilon": 5.779485746307642, "accuracy": 0.6242, "validation_loss": 1.4385012756347657, "validation_examples": 5000}
{"step": 140, "epoch": 4, "train_loss": 1.851848876953125, "clip_fraction": 0.186, "gradient_norm_mean": 137.85062109375, "gradient_norm_max": 835.3724365234375, "step_seconds": 2.0812582094222307, "innovation_std_sum": 960.5354058391272, "noise_marginal_std_sum": 1324.878491966481}
{"step": 150, "epoch": 4, "train_loss": 1.8354713439941406, "clip_fraction": 0.194, "gradient_norm_mean": 137.30840625, "gradient_norm_max": 737.627685546875, "step_seconds": 2.16611167229712, "innovation_std_sum": 960.5354058391272, "noise_marginal_std_sum": 1324.878491966481}
{"step": 160, "epoch": 4, "train_loss": 1.8503717346191406, "clip_fraction": 0.199, "gradient_norm_mean": 136.0673046875, "gradient_norm_max": 841.19580078125, "step_seconds": 2.2213260028511286, "innovation_std_sum": 960.5354058391272, "noise_marginal_std_sum": 1324.878491966481}
{"step": 170, "epoch": 4, "train_loss": 1.727608154296875, "clip_fraction": 0.146, "gradient_norm_mean": 124.3941484375, "gradient_norm_max": 560.4292602539062, "step_seconds": 2.2515163347125053, "innovation_std_sum": 960.5354058391272, "noise_marginal_std_sum": 1324.878491966481}
{"step": 180, "epoch": 4, "train_loss": 1.7156262817382812, "clip_fraction": 0.135, "gradient_norm_mean": 121.432564453125, "gradient_norm_max": 492.56488037109375, "step_seconds": 2.106398580595851, "innovation_std_sum": 960.5354058391272, "noise_marginal_std_sum": 1324.878491966481}
{"epoch": 4, "step": 180, "train_loss": 1.8005422214084201, "clip_fraction": 0.17524444444444445, "epsilon": 6.943065470652319, "accuracy": 0.664, "validation_loss": 1.2465939453125, "validation_examples": 5000}
{"step": 190, "epoch": 5, "train_loss": 1.6691373291015625, "clip_fraction": 0.13, "gradient_norm_mean": 119.099689453125, "gradient_norm_max": 488.20404052734375, "step_seconds": 2.125008001923561, "innovation_std_sum": 960.5354058391272, "noise_marginal_std_sum": 1324.878491966481}
{"step": 200, "epoch": 5, "train_loss": 1.70231298828125, "clip_fraction": 0.124, "gradient_norm_mean": 118.160216796875, "gradient_norm_max": 509.4464111328125, "step_seconds": 2.1650203950703144, "innovation_std_sum": 960.5354058391272, "noise_marginal_std_sum": 1324.878491966481}
{"step": 210, "epoch": 5, "train_loss": 1.70359619140625, "clip_fraction": 0.123, "gradient_norm_mean": 113.5945078125, "gradient_norm_max": 566.1698608398438, "step_seconds": 2.181679155677557, "innovation_std_sum": 960.5354058391272, "noise_marginal_std_sum": 1324.878491966481}
{"step": 220, "epoch": 5, "train_loss": 1.6286598510742187, "clip_fraction": 0.118, "gradient_norm_mean": 112.000341796875, "gradient_norm_max": 517.2297973632812, "step_seconds": 2.1911953166127205, "innovation_std_sum": 960.5354058391272, "noise_marginal_std_sum": 1324.878491966481}
{"epoch": 5, "step": 225, "train_loss": 1.6597850009494357, "clip_fraction": 0.12324444444444445, "epsilon": 8.000000000000005, "accuracy": 0.685, "validation_loss": 1.1473804138183594, "validation_examples": 5000}
