/home/longt29/miniconda3/envs/curve/lib/python3.11/site-packages/torchvision/datasets/cifar.py:83: VisibleDeprecationWarning: dtype(): align should be passed as Python or NumPy boolean but got `align=0`. Did you mean to pass a tuple to create a subarray type? (Deprecated NumPy 2.4)
  entry = pickle.load(f, encoding="latin1")
sys:1: UserWarning: Full backward hook is firing when gradients are computed with respect to module outputs since no inputs require gradients. See https://docs.pytorch.org/docs/main/generated/torch.nn.Module.html#torch.nn.Module.register_full_backward_hook for more details.
{"step": 10, "epoch": 1, "train_loss": 4.241501708984375, "clip_fraction": 1.0, "gradient_norm_mean": 533.35790625, "gradient_norm_max": 1238.738525390625, "step_seconds": 1.946654038503766, "innovation_std_sum": 51.286678060925176, "noise_marginal_std_sum": 57.78648359277493}
{"step": 20, "epoch": 1, "train_loss": 3.414992614746094, "clip_fraction": 1.0, "gradient_norm_mean": 942.683234375, "gradient_norm_max": 3033.1943359375, "step_seconds": 1.9548467360436916, "innovation_std_sum": 51.286678060925176, "noise_marginal_std_sum": 57.78648359277493}
{"step": 30, "epoch": 1, "train_loss": 2.8524771728515623, "clip_fraction": 1.0, "gradient_norm_mean": 1063.96440625, "gradient_norm_max": 3327.1142578125, "step_seconds": 1.955040082335472, "innovation_std_sum": 51.286678060925176, "noise_marginal_std_sum": 57.78648359277493}
{"step": 40, "epoch": 1, "train_loss": 2.5050037841796877, "clip_fraction": 0.998, "gradient_norm_mean": 1132.28621875, "gradient_norm_max": 3356.0400390625, "step_seconds": 1.9721182957291603, "innovation_std_sum": 51.286678060925176, "noise_marginal_std_sum": 57.78648359277493}
{"epoch": 1, "step": 45, "train_loss": 3.39762936062283, "clip_fraction": 0.9994, "epsilon": 3.1232761473275064, "accuracy": 0.5018, "validation_loss": 1.8779550842285155, "validation_examples": 5000}
{"step": 50, "epoch": 2, "train_loss": 2.2143930053710936, "clip_fraction": 0.993, "gradient_norm_mean": 1126.1498125, "gradient_norm_max": 8122.1259765625, "step_seconds": 1.9731660541146994, "innovation_std_sum": 51.286678060925176, "noise_marginal_std_sum": 57.78648359277493}
{"step": 60, "epoch": 2, "train_loss": 2.1314063110351564, "clip_fraction": 0.983, "gradient_norm_mean": 1141.131375, "gradient_norm_max": 4866.724609375, "step_seconds": 1.956141721457243, "innovation_std_sum": 51.286678060925176, "noise_marginal_std_sum": 57.78648359277493}
{"step": 70, "epoch": 2, "train_loss": 1.9111321716308594, "clip_fraction": 0.955, "gradient_norm_mean": 1092.36075, "gradient_norm_max": 6445.314453125, "step_seconds": 1.9526670817285776, "innovation_std_sum": 51.286678060925176, "noise_marginal_std_sum": 57.78648359277493}
{"step": 80, "epoch": 2, "train_loss": 1.9679099731445313, "clip_fraction": 0.963, "gradient_norm_mean": 1174.4645, "gradient_norm_max": 6093.59912109375, "step_seconds": 2.0112612061202526, "innovation_std_sum": 51.286678060925176, "noise_marginal_std_sum": 57.78648359277493}
{"step": 90, "epoch": 2, "train_loss": 1.8169263610839843, "clip_fraction": 0.943, "gradient_norm_mean": 1175.39246875, "gradient_norm_max": 7559.32666015625, "step_seconds": 1.969792166724801, "innovation_std_sum": 51.286678060925176, "noise_marginal_std_sum": 57.78648359277493}
{"epoch": 2, "step": 90, "train_loss": 2.0221806315104165, "clip_fraction": 0.9692, "epsilon": 4.650911679155922, "accuracy": 0.6352, "validation_loss": 1.2983715942382812, "validation_examples": 5000}
{"step": 100, "epoch": 3, "train_loss": 1.71386376953125, "clip_fraction": 0.926, "gradient_norm_mean": 1148.164, "gradient_norm_max": 5483.2802734375, "step_seconds": 1.968692185357213, "innovation_std_sum": 51.286678060925176, "noise_marginal_std_sum": 57.78648359277493}
{"step": 110, "epoch": 3, "train_loss": 1.6756716613769531, "clip_fraction": 0.916, "gradient_norm_mean": 1166.31628125, "gradient_norm_max": 7741.49853515625, "step_seconds": 1.9704047478735447, "innovation_std_sum": 51.286678060925176, "noise_marginal_std_sum": 57.78648359277493}
{"step": 120, "epoch": 3, "train_loss": 1.6427648315429688, "clip_fraction": 0.89, "gradient_norm_mean": 1188.39921875, "gradient_norm_max": 9629.5302734375, "step_seconds": 1.9750301167368889, "innovation_std_sum": 51.286678060925176, "noise_marginal_std_sum": 57.78648359277493}
{"step": 130, "epoch": 3, "train_loss": 1.6505809326171874, "clip_fraction": 0.882, "gradient_norm_mean": 1218.9628125, "gradient_norm_max": 6571.9140625, "step_seconds": 1.9692010581493378, "innovation_std_sum": 51.286678060925176, "noise_marginal_std_sum": 57.78648359277493}
{"epoch": 3, "step": 135, "train_loss": 1.7287547336154514, "clip_fraction": 0.9080666666666667, "epsilon": 5.897166745944286, "accuracy": 0.6794, "validation_loss": 1.1167404388427735, "validation_examples": 5000}
{"step": 140, "epoch": 4, "train_loss": 1.6821516418457032, "clip_fraction": 0.867, "gradient_norm_mean": 1188.86084375, "gradient_norm_max": 6376.642578125, "step_seconds": 1.9567797984927893, "innovation_std_sum": 51.286678060925176, "noise_marginal_std_sum": 57.78648359277493}
{"step": 150, "epoch": 4, "train_loss": 1.6636903076171874, "clip_fraction": 0.862, "gradient_norm_mean": 1216.22484375, "gradient_norm_max": 8357.04296875, "step_seconds": 1.9917597323656082, "innovation_std_sum": 51.286678060925176, "noise_marginal_std_sum": 57.78648359277493}
{"step": 160, "epoch": 4, "train_loss": 1.6643267211914063, "clip_fraction": 0.859, "gradient_norm_mean": 1242.83090625, "gradient_norm_max": 6139.89990234375, "step_seconds": 1.9668398536741734, "innovation_std_sum": 51.286678060925176, "noise_marginal_std_sum": 57.78648359277493}
{"step": 170, "epoch": 4, "train_loss": 1.6779857788085937, "clip_fraction": 0.866, "gradient_norm_mean": 1220.1280625, "gradient_norm_max": 7110.7880859375, "step_seconds": 1.9881463143974543, "innovation_std_sum": 51.286678060925176, "noise_marginal_std_sum": 57.78648359277493}
{"step": 180, "epoch": 4, "train_loss": 1.5956317443847656, "clip_fraction": 0.845, "gradient_norm_mean": 1250.56775, "gradient_norm_max": 8885.49609375, "step_seconds": 1.9780188538134098, "innovation_std_sum": 51.286678060925176, "noise_marginal_std_sum": 57.78648359277493}
{"epoch": 4, "step": 180, "train_loss": 1.6393763190375434, "clip_fraction": 0.8667777777777778, "epsilon": 6.996030747466345, "accuracy": 0.693, "validation_loss": 1.0635096466064453, "validation_examples": 5000}
{"step": 190, "epoch": 5, "train_loss": 1.5516087646484376, "clip_fraction": 0.848, "gradient_norm_mean": 1223.07125, "gradient_norm_max": 10090.767578125, "step_seconds": 2.000218078494072, "innovation_std_sum": 51.286678060925176, "noise_marginal_std_sum": 57.78648359277493}
{"step": 200, "epoch": 5, "train_loss": 1.6678465576171875, "clip_fraction": 0.852, "gradient_norm_mean": 1299.816375, "gradient_norm_max": 7624.14501953125, "step_seconds": 1.948803011327982, "innovation_std_sum": 51.286678060925176, "noise_marginal_std_sum": 57.78648359277493}
{"step": 210, "epoch": 5, "train_loss": 1.70000048828125, "clip_fraction": 0.817, "gradient_norm_mean": 1270.22534375, "gradient_norm_max": 6250.96044921875, "step_seconds": 1.9722545631229877, "innovation_std_sum": 51.286678060925176, "noise_marginal_std_sum": 57.78648359277493}
{"step": 220, "epoch": 5, "train_loss": 1.6398405456542968, "clip_fraction": 0.864, "gradient_norm_mean": 1380.14190625, "gradient_norm_max": 7157.48486328125, "step_seconds": 1.9769818261265755, "innovation_std_sum": 51.286678060925176, "noise_marginal_std_sum": 57.78648359277493}
{"epoch": 5, "step": 225, "train_loss": 1.6136575697157118, "clip_fraction": 0.8387555555555556, "epsilon": 8.000000000000005, "accuracy": 0.7072, "validation_loss": 1.0493020416259766, "validation_examples": 5000}
