Loading weights:   0%|          | 0/39 [00:00<?, ?it/s]Loading weights: 100%|██████████| 39/39 [00:00<00:00, 19096.18it/s]
[transformers] [1mBertModel LOAD REPORT[0m from: /media/data/data/lt/dp-adam-correlated/cache/bert-tiny
Key                                        | Status     |  | 
-------------------------------------------+------------+--+-
cls.predictions.decoder.weight             | UNEXPECTED |  | 
cls.predictions.transform.LayerNorm.bias   | UNEXPECTED |  | 
cls.predictions.transform.dense.bias       | UNEXPECTED |  | 
cls.predictions.decoder.bias               | UNEXPECTED |  | 
cls.seq_relationship.weight                | UNEXPECTED |  | 
cls.predictions.transform.dense.weight     | UNEXPECTED |  | 
cls.predictions.bias                       | UNEXPECTED |  | 
cls.predictions.transform.LayerNorm.weight | UNEXPECTED |  | 
cls.seq_relationship.bias                  | UNEXPECTED |  | 

Notes:
- UNEXPECTED:	can be ignored when loading from different task/architecture; not ok if you expect identical arch.
sys:1: UserWarning: Full backward hook is firing when gradients are computed with respect to module outputs since no inputs require gradients. See https://docs.pytorch.org/docs/main/generated/torch.nn.Module.html#torch.nn.Module.register_full_backward_hook for more details.
{"step": 62, "epoch": 1.0, "train_loss": 0.6078292196950605, "clip_fraction": 0.38567741935483874, "validation_loss": 0.7394736884930811, "accuracy": 0.7419724770642202, "validation_examples": 872, "epsilon": 3.123292330075357}
{"step": 124, "epoch": 2.0, "train_loss": 0.5371464021744267, "clip_fraction": 0.37949999999999995, "validation_loss": 0.6555685734530108, "accuracy": 0.7637614678899083, "validation_examples": 872, "epsilon": 4.65092091490115}
{"step": 186, "epoch": 3.0, "train_loss": 0.47839361129268515, "clip_fraction": 0.3275322580645162, "validation_loss": 0.6083168239768492, "accuracy": 0.7706422018348624, "validation_examples": 872, "epsilon": 5.8971720333737725}
{"step": 248, "epoch": 4.0, "train_loss": 0.45323977611910904, "clip_fraction": 0.2919516129032258, "validation_loss": 0.5986675647420621, "accuracy": 0.7740825688073395, "validation_examples": 872, "epsilon": 6.996033129680917}
{"step": 310, "epoch": 5.0, "train_loss": 0.4351519519436745, "clip_fraction": 0.26975806451612905, "validation_loss": 0.564305850125234, "accuracy": 0.7844036697247706, "validation_examples": 872, "epsilon": 8.000000000000005}
