/home/longt29/miniconda3/envs/curve/lib/python3.11/site-packages/torchvision/datasets/cifar.py:83: VisibleDeprecationWarning: dtype(): align should be passed as Python or NumPy boolean but got `align=0`. Did you mean to pass a tuple to create a subarray type? (Deprecated NumPy 2.4)
  entry = pickle.load(f, encoding="latin1")
{"status": "running", "method": "mf_muon_standard", "seed": 20261001, "calibration": {"target_mu": 1.6660305978457184, "sensitivity": 7.852751308631718, "innovation_std_sum": 141.40348896567355, "adjacency": "add_remove_zero_out", "k": 5, "b_participation": 50, "sampling_amplification": false}, "coefficients": [1.0, -0.95, -0.0012500000000000844, -0.001187499999999897]}
sys:1: UserWarning: Full backward hook is firing when gradients are computed with respect to module outputs since no inputs require gradients. See https://docs.pytorch.org/docs/main/generated/torch.nn.Module.html#torch.nn.Module.register_full_backward_hook for more details.
{"event": "logical_progress", "step": 1, "train_loss": 5.1808095703125, "clip_fraction": 1.0}
{"event": "logical_progress", "step": 25, "train_loss": 4.669412573242187, "clip_fraction": 1.0}
{"event": "logical_progress", "step": 50, "train_loss": 4.346706602783203, "clip_fraction": 1.0}
{"epoch": 1, "logical_steps": 50, "train_examples": 50000, "train_loss": 4.346706602783203, "test_loss": 3.584201953125, "test_top1": 0.1784, "clip_fraction": 1.0, "epsilon": 2.8734263506543494, "delta": 1e-05, "seconds": 137.0883100423962}
{"event": "logical_progress", "step": 75, "train_loss": 3.452777248535156, "clip_fraction": 0.99996}
{"event": "logical_progress", "step": 100, "train_loss": 3.2046160913085937, "clip_fraction": 0.99812}
{"epoch": 2, "logical_steps": 100, "train_examples": 50000, "train_loss": 3.2046160913085937, "test_loss": 2.426093084716797, "test_top1": 0.4287, "clip_fraction": 0.99812, "epsilon": 4.494876969944211, "delta": 1e-05, "seconds": 266.4948487095535}
{"event": "logical_progress", "step": 125, "train_loss": 2.566450305175781, "clip_fraction": 0.98432}
{"event": "logical_progress", "step": 150, "train_loss": 2.417253193359375, "clip_fraction": 0.97298}
{"epoch": 3, "logical_steps": 150, "train_examples": 50000, "train_loss": 2.417253193359375, "test_loss": 1.7499945770263672, "test_top1": 0.5656, "clip_fraction": 0.97298, "epsilon": 5.807351225535705, "delta": 1e-05, "seconds": 391.6745707448572}
{"event": "logical_progress", "step": 175, "train_loss": 2.069110227050781, "clip_fraction": 0.9316}
{"event": "logical_progress", "step": 200, "train_loss": 1.97591837890625, "clip_fraction": 0.91344}
{"epoch": 4, "logical_steps": 200, "train_examples": 50000, "train_loss": 1.97591837890625, "test_loss": 1.3755868560791016, "test_top1": 0.6409, "clip_fraction": 0.91344, "epsilon": 6.955627916806438, "delta": 1e-05, "seconds": 517.7219853224233}
{"event": "logical_progress", "step": 225, "train_loss": 1.7867014697265624, "clip_fraction": 0.86644}
{"event": "logical_progress", "step": 250, "train_loss": 1.7221813012695313, "clip_fraction": 0.85036}
{"epoch": 5, "logical_steps": 250, "train_examples": 50000, "train_loss": 1.7221813012695313, "test_loss": 1.154532746887207, "test_top1": 0.6865, "clip_fraction": 0.85036, "epsilon": 8.000000000000005, "delta": 1e-05, "seconds": 643.8798875305802}
{"status": "completed", "result_dir": "/media/data/data/lt/dp-adam-correlated/exp3/results/search/C/c02_adam_0.003"}
