/home/longt29/miniconda3/envs/curve/lib/python3.11/site-packages/torchvision/datasets/cifar.py:83: VisibleDeprecationWarning: dtype(): align should be passed as Python or NumPy boolean but got `align=0`. Did you mean to pass a tuple to create a subarray type? (Deprecated NumPy 2.4)
  entry = pickle.load(f, encoding="latin1")
{"method": "dp-adam-momentum-bias-bandinvmf-scale", "smoke": false, "calibration": {"target_mu": 1.6660305978457184, "sensitivity": 4.065608121489227, "innovation_std_sum": 244.02961906860006, "adjacency": "add_remove_zero_out", "k": 5, "b_participation": 50, "sampling_amplification": false}, "coefficients": [1.0, -0.53161943769869, -0.0779998119461293, -0.2795535556950146]}
sys:1: UserWarning: Full backward hook is firing when gradients are computed with respect to module outputs since no inputs require gradients. See https://docs.pytorch.org/docs/main/generated/torch.nn.Module.html#torch.nn.Module.register_full_backward_hook for more details.
{"progress_step": 10, "epoch": 1, "train_loss_so_far": 4.683948168945313, "clip_fraction_so_far": 1.0}
{"progress_step": 20, "epoch": 1, "train_loss_so_far": 4.3856951599121095, "clip_fraction_so_far": 1.0}
{"progress_step": 30, "epoch": 1, "train_loss_so_far": 4.071214298502604, "clip_fraction_so_far": 0.9996666666666667}
{"progress_step": 40, "epoch": 1, "train_loss_so_far": 3.7792754669189454, "clip_fraction_so_far": 0.998875}
{"progress_step": 50, "epoch": 1, "train_loss_so_far": 3.5353972094726562, "clip_fraction_so_far": 0.9961}
{"epoch": 1, "logical_steps": 50, "train_examples": 50000, "train_loss": 3.5353972094726562, "test_loss": 2.0019094573974607, "test_top1": 0.4805, "clip_fraction": 0.9961, "gdp_mu": 0.7271304784322894, "gdp_epsilon": 3.037976902428691, "target_mu": 1.6660305978457184, "target_epsilon": 8.0, "delta": 1e-05, "noise_std": 0.2853011411343001, "noise_std_space": "scaled", "innovation_std_sum": 244.02961906860006, "augmentation_trace_sha256": "a8c151975ddf09fb6defa1a31b4d40b9489ba4d351705bda6a2e61b3f3793078", "seconds": 142.8376364801079}
{"progress_step": 60, "epoch": 2, "train_loss_so_far": 2.266009100341797, "clip_fraction_so_far": 0.967}
{"progress_step": 70, "epoch": 2, "train_loss_so_far": 2.163992742919922, "clip_fraction_so_far": 0.958}
{"progress_step": 80, "epoch": 2, "train_loss_so_far": 2.0878293741861977, "clip_fraction_so_far": 0.9467666666666666}
{"progress_step": 90, "epoch": 2, "train_loss_so_far": 2.0204289810180662, "clip_fraction_so_far": 0.93465}
{"progress_step": 100, "epoch": 2, "train_loss_so_far": 1.964799225463867, "clip_fraction_so_far": 0.92468}
{"epoch": 2, "logical_steps": 100, "train_examples": 50000, "train_loss": 1.964799225463867, "test_loss": 1.2019645446777343, "test_top1": 0.6615, "clip_fraction": 0.92468, "gdp_mu": 1.0438331619280494, "gdp_epsilon": 4.600416946348178, "target_mu": 1.6660305978457184, "target_epsilon": 8.0, "delta": 1e-05, "noise_std": 0.2853011411343001, "noise_std_space": "scaled", "innovation_std_sum": 244.02961906860006, "augmentation_trace_sha256": "ecc368d96ff6bb2805bd99ce8d394d1b6a3c78f13b11bbbf2ad0823fbcd637d3", "seconds": 131.3753013983369}
{"progress_step": 110, "epoch": 3, "train_loss_so_far": 1.6443308166503907, "clip_fraction_so_far": 0.8598}
{"progress_step": 120, "epoch": 3, "train_loss_so_far": 1.6265903900146483, "clip_fraction_so_far": 0.85125}
{"progress_step": 130, "epoch": 3, "train_loss_so_far": 1.6060557993570963, "clip_fraction_so_far": 0.8418333333333333}
{"progress_step": 140, "epoch": 3, "train_loss_so_far": 1.5831463088989257, "clip_fraction_so_far": 0.833275}
{"progress_step": 150, "epoch": 3, "train_loss_so_far": 1.564059814453125, "clip_fraction_so_far": 0.82588}
{"epoch": 3, "logical_steps": 150, "train_examples": 50000, "train_loss": 1.564059814453125, "test_loss": 0.9465949554443359, "test_top1": 0.7198, "clip_fraction": 0.82588, "gdp_mu": 1.2851399415460758, "gdp_epsilon": 5.868262919898993, "target_mu": 1.6660305978457184, "target_epsilon": 8.0, "delta": 1e-05, "noise_std": 0.2853011411343001, "noise_std_space": "scaled", "innovation_std_sum": 244.02961906860006, "augmentation_trace_sha256": "95fe857be2d88c1b628ca14cd9eaae2942aa5342354832a1d96782326845b509", "seconds": 130.54655271023512}
{"progress_step": 160, "epoch": 4, "train_loss_so_far": 1.4361850341796876, "clip_fraction_so_far": 0.7815}
{"progress_step": 170, "epoch": 4, "train_loss_so_far": 1.42635057220459, "clip_fraction_so_far": 0.7754}
{"progress_step": 180, "epoch": 4, "train_loss_so_far": 1.4309708872477214, "clip_fraction_so_far": 0.7695666666666666}
{"progress_step": 190, "epoch": 4, "train_loss_so_far": 1.4196255088806153, "clip_fraction_so_far": 0.764025}
{"progress_step": 200, "epoch": 4, "train_loss_so_far": 1.4140627709960938, "clip_fraction_so_far": 0.75964}
{"epoch": 4, "logical_steps": 200, "train_examples": 50000, "train_loss": 1.4140627709960938, "test_loss": 0.835208186340332, "test_top1": 0.7543, "clip_fraction": 0.75964, "gdp_mu": 1.4878241288541523, "gdp_epsilon": 6.983019766523851, "target_mu": 1.6660305978457184, "target_epsilon": 8.0, "delta": 1e-05, "noise_std": 0.2853011411343001, "noise_std_space": "scaled", "innovation_std_sum": 244.02961906860006, "augmentation_trace_sha256": "3a841c7818f7c1678f3532159e1f5fc64213626434b7489efee41d06bec67314", "seconds": 133.4266668073833}
{"progress_step": 210, "epoch": 5, "train_loss_so_far": 1.334810577392578, "clip_fraction_so_far": 0.7309}
{"progress_step": 220, "epoch": 5, "train_loss_so_far": 1.3356411483764647, "clip_fraction_so_far": 0.72555}
{"progress_step": 230, "epoch": 5, "train_loss_so_far": 1.327833408610026, "clip_fraction_so_far": 0.7196666666666667}
{"progress_step": 240, "epoch": 5, "train_loss_so_far": 1.3246416152954101, "clip_fraction_so_far": 0.715}
{"progress_step": 250, "epoch": 5, "train_loss_so_far": 1.3213711138916016, "clip_fraction_so_far": 0.71186}
{"epoch": 5, "logical_steps": 250, "train_examples": 50000, "train_loss": 1.3213711138916016, "test_loss": 0.7763542053222656, "test_top1": 0.7699, "clip_fraction": 0.71186, "gdp_mu": 1.6660305978457184, "gdp_epsilon": 8.000000000000005, "target_mu": 1.6660305978457184, "target_epsilon": 8.0, "delta": 1e-05, "noise_std": 0.2853011411343001, "noise_std_space": "scaled", "innovation_std_sum": 244.02961906860006, "augmentation_trace_sha256": "d3ad51dbbfa0e986fc5a4bfd39c69b156187653a336942e0c3cb1cd9a249ce2e", "seconds": 130.22378418780863}
{"status": "completed", "results": "/media/data/data/lt/dp-adam-correlated/exp7b/results/final/trials/b4d7287fbe3c27d7"}
