/home/longt29/miniconda3/envs/curve/lib/python3.11/site-packages/torchvision/datasets/cifar.py:83: VisibleDeprecationWarning: dtype(): align should be passed as Python or NumPy boolean but got `align=0`. Did you mean to pass a tuple to create a subarray type? (Deprecated NumPy 2.4)
  entry = pickle.load(f, encoding="latin1")
sys:1: UserWarning: Full backward hook is firing when gradients are computed with respect to module outputs since no inputs require gradients. See https://docs.pytorch.org/docs/main/generated/torch.nn.Module.html#torch.nn.Module.register_full_backward_hook for more details.
{"step": 10, "epoch": 1, "train_loss": 4.431313232421875, "clip_fraction": 1.0, "gradient_norm_mean": 58.50614453125, "gradient_norm_max": 122.64140319824219, "step_seconds": 2.2745945937931538, "innovation_std_sum": 48.02677029195635, "noise_marginal_std_sum": 66.24392459832404}
{"step": 20, "epoch": 1, "train_loss": 4.015559326171875, "clip_fraction": 1.0, "gradient_norm_mean": 73.417974609375, "gradient_norm_max": 211.08474731445312, "step_seconds": 2.4107677936553955, "innovation_std_sum": 48.02677029195635, "noise_marginal_std_sum": 66.24392459832404}
{"step": 30, "epoch": 1, "train_loss": 3.6162866821289064, "clip_fraction": 1.0, "gradient_norm_mean": 94.03204296875, "gradient_norm_max": 233.76016235351562, "step_seconds": 2.4534120932221413, "innovation_std_sum": 48.02677029195635, "noise_marginal_std_sum": 66.24392459832404}
{"step": 40, "epoch": 1, "train_loss": 3.2502265625, "clip_fraction": 1.0, "gradient_norm_mean": 107.09683984375, "gradient_norm_max": 233.66644287109375, "step_seconds": 2.4410858284682035, "innovation_std_sum": 48.02677029195635, "noise_marginal_std_sum": 66.24392459832404}
{"epoch": 1, "step": 45, "train_loss": 3.913726553005642, "clip_fraction": 1.0, "epsilon": 2.8052474639927167, "accuracy": 0.3306, "validation_loss": 2.7328898193359374, "validation_examples": 5000}
{"step": 50, "epoch": 2, "train_loss": 2.932110778808594, "clip_fraction": 1.0, "gradient_norm_mean": 114.16545703125, "gradient_norm_max": 385.8631896972656, "step_seconds": 2.289028787985444, "innovation_std_sum": 48.02677029195635, "noise_marginal_std_sum": 66.24392459832404}
{"step": 60, "epoch": 2, "train_loss": 2.672413635253906, "clip_fraction": 0.995, "gradient_norm_mean": 112.77787109375, "gradient_norm_max": 336.739501953125, "step_seconds": 2.488734731450677, "innovation_std_sum": 48.02677029195635, "noise_marginal_std_sum": 66.24392459832404}
{"step": 70, "epoch": 2, "train_loss": 2.4321217041015624, "clip_fraction": 0.989, "gradient_norm_mean": 112.98287890625, "gradient_norm_max": 523.8242797851562, "step_seconds": 2.5012020021677017, "innovation_std_sum": 48.02677029195635, "noise_marginal_std_sum": 66.24392459832404}
{"step": 80, "epoch": 2, "train_loss": 2.326866882324219, "clip_fraction": 0.98, "gradient_norm_mean": 116.7036875, "gradient_norm_max": 634.5999755859375, "step_seconds": 2.451861135661602, "innovation_std_sum": 48.02677029195635, "noise_marginal_std_sum": 66.24392459832404}
{"step": 90, "epoch": 2, "train_loss": 2.1316725463867185, "clip_fraction": 0.974, "gradient_norm_mean": 112.888857421875, "gradient_norm_max": 539.5938720703125, "step_seconds": 2.42974398098886, "innovation_std_sum": 48.02677029195635, "noise_marginal_std_sum": 66.24392459832404}
{"epoch": 2, "step": 90, "train_loss": 2.5466824917263455, "clip_fraction": 0.9905777777777778, "epsilon": 4.447471925552441, "accuracy": 0.5358, "validation_loss": 1.74070234375, "validation_examples": 5000}
{"step": 100, "epoch": 3, "train_loss": 2.122135437011719, "clip_fraction": 0.961, "gradient_norm_mean": 120.241505859375, "gradient_norm_max": 655.7374877929688, "step_seconds": 2.450493413954973, "innovation_std_sum": 48.02677029195635, "noise_marginal_std_sum": 66.24392459832404}
{"step": 110, "epoch": 3, "train_loss": 1.9125330810546874, "clip_fraction": 0.958, "gradient_norm_mean": 113.564828125, "gradient_norm_max": 579.245361328125, "step_seconds": 2.4642682913690805, "innovation_std_sum": 48.02677029195635, "noise_marginal_std_sum": 66.24392459832404}
{"step": 120, "epoch": 3, "train_loss": 1.9863816833496093, "clip_fraction": 0.947, "gradient_norm_mean": 120.685552734375, "gradient_norm_max": 506.8249816894531, "step_seconds": 2.45846782065928, "innovation_std_sum": 48.02677029195635, "noise_marginal_std_sum": 66.24392459832404}
{"step": 130, "epoch": 3, "train_loss": 1.7758438720703125, "clip_fraction": 0.923, "gradient_norm_mean": 112.567126953125, "gradient_norm_max": 673.444091796875, "step_seconds": 2.452303748577833, "innovation_std_sum": 48.02677029195635, "noise_marginal_std_sum": 66.24392459832404}
{"epoch": 3, "step": 135, "train_loss": 1.9708104614257813, "clip_fraction": 0.9446444444444444, "epsilon": 5.779485746307641, "accuracy": 0.6366, "validation_loss": 1.3155083374023437, "validation_examples": 5000}
{"step": 140, "epoch": 4, "train_loss": 1.6806861267089843, "clip_fraction": 0.907, "gradient_norm_mean": 112.875123046875, "gradient_norm_max": 846.1665649414062, "step_seconds": 2.39456507563591, "innovation_std_sum": 48.02677029195635, "noise_marginal_std_sum": 66.24392459832404}
{"step": 150, "epoch": 4, "train_loss": 1.6691272888183595, "clip_fraction": 0.909, "gradient_norm_mean": 113.586431640625, "gradient_norm_max": 491.4084777832031, "step_seconds": 2.44860427826643, "innovation_std_sum": 48.02677029195635, "noise_marginal_std_sum": 66.24392459832404}
{"step": 160, "epoch": 4, "train_loss": 1.571919219970703, "clip_fraction": 0.874, "gradient_norm_mean": 110.16522265625, "gradient_norm_max": 622.0095825195312, "step_seconds": 2.4612221531569958, "innovation_std_sum": 48.02677029195635, "noise_marginal_std_sum": 66.24392459832404}
{"step": 170, "epoch": 4, "train_loss": 1.675163604736328, "clip_fraction": 0.864, "gradient_norm_mean": 114.496224609375, "gradient_norm_max": 745.9374389648438, "step_seconds": 2.4610735531896353, "innovation_std_sum": 48.02677029195635, "noise_marginal_std_sum": 66.24392459832404}
{"step": 180, "epoch": 4, "train_loss": 1.5497965393066406, "clip_fraction": 0.854, "gradient_norm_mean": 112.665896484375, "gradient_norm_max": 670.8092651367188, "step_seconds": 2.4289662837982178, "innovation_std_sum": 48.02677029195635, "noise_marginal_std_sum": 66.24392459832404}
{"epoch": 4, "step": 180, "train_loss": 1.6877814548068577, "clip_fraction": 0.8895555555555555, "epsilon": 6.943065470652318, "accuracy": 0.6914, "validation_loss": 1.0958961242675782, "validation_examples": 5000}
{"step": 190, "epoch": 5, "train_loss": 1.6198637084960938, "clip_fraction": 0.852, "gradient_norm_mean": 115.99049609375, "gradient_norm_max": 667.67724609375, "step_seconds": 2.4179334491491318, "innovation_std_sum": 48.02677029195635, "noise_marginal_std_sum": 66.24392459832404}
{"step": 200, "epoch": 5, "train_loss": 1.5342056274414062, "clip_fraction": 0.839, "gradient_norm_mean": 109.77846875, "gradient_norm_max": 715.767333984375, "step_seconds": 2.4806392192840576, "innovation_std_sum": 48.02677029195635, "noise_marginal_std_sum": 66.24392459832404}
{"step": 210, "epoch": 5, "train_loss": 1.6457209167480469, "clip_fraction": 0.863, "gradient_norm_mean": 119.59505078125, "gradient_norm_max": 618.8086547851562, "step_seconds": 2.472387384623289, "innovation_std_sum": 48.02677029195635, "noise_marginal_std_sum": 66.24392459832404}
{"step": 220, "epoch": 5, "train_loss": 1.4092391967773437, "clip_fraction": 0.823, "gradient_norm_mean": 110.983875, "gradient_norm_max": 1060.3695068359375, "step_seconds": 2.420739898458123, "innovation_std_sum": 48.02677029195635, "noise_marginal_std_sum": 66.24392459832404}
{"epoch": 5, "step": 225, "train_loss": 1.5449897827148438, "clip_fraction": 0.8390444444444445, "epsilon": 8.000000000000005, "accuracy": 0.723, "validation_loss": 0.9720482604980468, "validation_examples": 5000}
