/home/longt29/miniconda3/envs/curve/lib/python3.11/site-packages/torchvision/datasets/cifar.py:83: VisibleDeprecationWarning: dtype(): align should be passed as Python or NumPy boolean but got `align=0`. Did you mean to pass a tuple to create a subarray type? (Deprecated NumPy 2.4)
  entry = pickle.load(f, encoding="latin1")
sys:1: UserWarning: Full backward hook is firing when gradients are computed with respect to module outputs since no inputs require gradients. See https://docs.pytorch.org/docs/main/generated/torch.nn.Module.html#torch.nn.Module.register_full_backward_hook for more details.
{"step": 10, "epoch": 1, "train_loss": 4.43131103515625, "clip_fraction": 1.0, "gradient_norm_mean": 58.5061171875, "gradient_norm_max": 122.63511657714844, "step_seconds": 2.1321422811597586, "innovation_std_sum": 144.0803108758691, "noise_marginal_std_sum": 198.73177379497218}
{"step": 20, "epoch": 1, "train_loss": 4.0155556640625, "clip_fraction": 1.0, "gradient_norm_mean": 73.41774609375, "gradient_norm_max": 211.09890747070312, "step_seconds": 2.123518619686365, "innovation_std_sum": 144.0803108758691, "noise_marginal_std_sum": 198.73177379497218}
{"step": 30, "epoch": 1, "train_loss": 3.61627978515625, "clip_fraction": 1.0, "gradient_norm_mean": 94.032466796875, "gradient_norm_max": 233.76893615722656, "step_seconds": 2.147596925497055, "innovation_std_sum": 144.0803108758691, "noise_marginal_std_sum": 198.73177379497218}
{"step": 40, "epoch": 1, "train_loss": 3.2502300415039063, "clip_fraction": 0.998, "gradient_norm_mean": 107.095337890625, "gradient_norm_max": 233.65345764160156, "step_seconds": 2.162395369261503, "innovation_std_sum": 144.0803108758691, "noise_marginal_std_sum": 198.73177379497218}
{"epoch": 1, "step": 45, "train_loss": 3.91372525906033, "clip_fraction": 0.9993111111111111, "epsilon": 2.805247463992718, "accuracy": 0.33, "validation_loss": 2.7329052001953125, "validation_examples": 5000}
{"step": 50, "epoch": 2, "train_loss": 2.9321862182617187, "clip_fraction": 0.989, "gradient_norm_mean": 114.164326171875, "gradient_norm_max": 385.53369140625, "step_seconds": 2.12231532484293, "innovation_std_sum": 144.0803108758691, "noise_marginal_std_sum": 198.73177379497218}
{"step": 60, "epoch": 2, "train_loss": 2.6717474975585938, "clip_fraction": 0.98, "gradient_norm_mean": 112.7428828125, "gradient_norm_max": 337.70587158203125, "step_seconds": 2.1474422812461853, "innovation_std_sum": 144.0803108758691, "noise_marginal_std_sum": 198.73177379497218}
{"step": 70, "epoch": 2, "train_loss": 2.43095849609375, "clip_fraction": 0.949, "gradient_norm_mean": 113.017759765625, "gradient_norm_max": 519.807373046875, "step_seconds": 2.1504889521747828, "innovation_std_sum": 144.0803108758691, "noise_marginal_std_sum": 198.73177379497218}
{"step": 80, "epoch": 2, "train_loss": 2.3245339965820313, "clip_fraction": 0.942, "gradient_norm_mean": 116.7330390625, "gradient_norm_max": 635.0685424804688, "step_seconds": 2.1816495023667812, "innovation_std_sum": 144.0803108758691, "noise_marginal_std_sum": 198.73177379497218}
{"step": 90, "epoch": 2, "train_loss": 2.1310764770507813, "clip_fraction": 0.928, "gradient_norm_mean": 112.76172265625, "gradient_norm_max": 528.0219116210938, "step_seconds": 2.1906256172806025, "innovation_std_sum": 144.0803108758691, "noise_marginal_std_sum": 198.73177379497218}
{"epoch": 2, "step": 90, "train_loss": 2.545679631890191, "clip_fraction": 0.9632666666666667, "epsilon": 4.4474719255524375, "accuracy": 0.5404, "validation_loss": 1.7382459716796874, "validation_examples": 5000}
{"step": 100, "epoch": 3, "train_loss": 2.117605163574219, "clip_fraction": 0.921, "gradient_norm_mean": 119.5639296875, "gradient_norm_max": 674.57177734375, "step_seconds": 2.142241671681404, "innovation_std_sum": 144.0803108758691, "noise_marginal_std_sum": 198.73177379497218}
{"step": 110, "epoch": 3, "train_loss": 1.911106719970703, "clip_fraction": 0.882, "gradient_norm_mean": 113.107876953125, "gradient_norm_max": 542.4905395507812, "step_seconds": 2.1500780917704105, "innovation_std_sum": 144.0803108758691, "noise_marginal_std_sum": 198.73177379497218}
{"step": 120, "epoch": 3, "train_loss": 1.982351806640625, "clip_fraction": 0.89, "gradient_norm_mean": 119.669892578125, "gradient_norm_max": 484.5705871582031, "step_seconds": 2.180464267730713, "innovation_std_sum": 144.0803108758691, "noise_marginal_std_sum": 198.73177379497218}
{"step": 130, "epoch": 3, "train_loss": 1.7723339233398439, "clip_fraction": 0.84, "gradient_norm_mean": 111.900556640625, "gradient_norm_max": 668.5029907226562, "step_seconds": 2.2353734839707613, "innovation_std_sum": 144.0803108758691, "noise_marginal_std_sum": 198.73177379497218}
{"epoch": 3, "step": 135, "train_loss": 1.968083541531033, "clip_fraction": 0.8833111111111112, "epsilon": 5.779485746307642, "accuracy": 0.6438, "validation_loss": 1.3123253051757813, "validation_examples": 5000}
{"step": 140, "epoch": 4, "train_loss": 1.6815292358398437, "clip_fraction": 0.821, "gradient_norm_mean": 112.0085390625, "gradient_norm_max": 815.4708862304688, "step_seconds": 2.124767078086734, "innovation_std_sum": 144.0803108758691, "noise_marginal_std_sum": 198.73177379497218}
{"step": 150, "epoch": 4, "train_loss": 1.6638291320800782, "clip_fraction": 0.835, "gradient_norm_mean": 112.453685546875, "gradient_norm_max": 466.87469482421875, "step_seconds": 2.1682994551956654, "innovation_std_sum": 144.0803108758691, "noise_marginal_std_sum": 198.73177379497218}
{"step": 160, "epoch": 4, "train_loss": 1.569152801513672, "clip_fraction": 0.802, "gradient_norm_mean": 108.586314453125, "gradient_norm_max": 558.2386474609375, "step_seconds": 2.1833060048520565, "innovation_std_sum": 144.0803108758691, "noise_marginal_std_sum": 198.73177379497218}
{"step": 170, "epoch": 4, "train_loss": 1.6722809448242189, "clip_fraction": 0.788, "gradient_norm_mean": 112.772552734375, "gradient_norm_max": 821.3126831054688, "step_seconds": 2.184501776471734, "innovation_std_sum": 144.0803108758691, "noise_marginal_std_sum": 198.73177379497218}
{"step": 180, "epoch": 4, "train_loss": 1.5464685974121093, "clip_fraction": 0.757, "gradient_norm_mean": 111.21653515625, "gradient_norm_max": 621.802978515625, "step_seconds": 2.2185146640986204, "innovation_std_sum": 144.0803108758691, "noise_marginal_std_sum": 198.73177379497218}
{"epoch": 4, "step": 180, "train_loss": 1.6858977111816407, "clip_fraction": 0.8094666666666667, "epsilon": 6.943065470652311, "accuracy": 0.6956, "validation_loss": 1.0960874908447265, "validation_examples": 5000}
{"step": 190, "epoch": 5, "train_loss": 1.613960205078125, "clip_fraction": 0.772, "gradient_norm_mean": 113.936025390625, "gradient_norm_max": 640.1465454101562, "step_seconds": 2.1322281025350094, "innovation_std_sum": 144.0803108758691, "noise_marginal_std_sum": 198.73177379497218}
{"step": 200, "epoch": 5, "train_loss": 1.5300898742675781, "clip_fraction": 0.744, "gradient_norm_mean": 108.00341796875, "gradient_norm_max": 672.4552612304688, "step_seconds": 2.164760649204254, "innovation_std_sum": 144.0803108758691, "noise_marginal_std_sum": 198.73177379497218}
{"step": 210, "epoch": 5, "train_loss": 1.6394837951660157, "clip_fraction": 0.766, "gradient_norm_mean": 117.007076171875, "gradient_norm_max": 614.4771118164062, "step_seconds": 2.194159770384431, "innovation_std_sum": 144.0803108758691, "noise_marginal_std_sum": 198.73177379497218}
{"step": 220, "epoch": 5, "train_loss": 1.4074547424316406, "clip_fraction": 0.721, "gradient_norm_mean": 108.216642578125, "gradient_norm_max": 990.473876953125, "step_seconds": 2.207907821983099, "innovation_std_sum": 144.0803108758691, "noise_marginal_std_sum": 198.73177379497218}
{"epoch": 5, "step": 225, "train_loss": 1.5405903157552083, "clip_fraction": 0.7541333333333333, "epsilon": 8.000000000000005, "accuracy": 0.7256, "validation_loss": 0.9735143005371094, "validation_examples": 5000}
