/home/longt29/miniconda3/envs/curve/lib/python3.11/site-packages/torchvision/datasets/cifar.py:83: VisibleDeprecationWarning: dtype(): align should be passed as Python or NumPy boolean but got `align=0`. Did you mean to pass a tuple to create a subarray type? (Deprecated NumPy 2.4)
  entry = pickle.load(f, encoding="latin1")
sys:1: UserWarning: Full backward hook is firing when gradients are computed with respect to module outputs since no inputs require gradients. See https://docs.pytorch.org/docs/main/generated/torch.nn.Module.html#torch.nn.Module.register_full_backward_hook for more details.
{"step": 10, "epoch": 1, "train_loss": 4.273400146484375, "clip_fraction": 1.0, "gradient_norm_mean": 754.902328125, "gradient_norm_max": 1524.3804931640625, "step_seconds": 2.0529444571584463, "innovation_std_sum": 341.91118707283454, "noise_marginal_std_sum": 385.2432239518329}
{"step": 20, "epoch": 1, "train_loss": 3.5228091430664064, "clip_fraction": 1.0, "gradient_norm_mean": 1224.45821875, "gradient_norm_max": 3184.900634765625, "step_seconds": 2.0216483268886805, "innovation_std_sum": 341.91118707283454, "noise_marginal_std_sum": 385.2432239518329}
{"step": 30, "epoch": 1, "train_loss": 2.9686597290039063, "clip_fraction": 1.0, "gradient_norm_mean": 1448.13103125, "gradient_norm_max": 5511.076171875, "step_seconds": 2.056268384680152, "innovation_std_sum": 341.91118707283454, "noise_marginal_std_sum": 385.2432239518329}
{"step": 40, "epoch": 1, "train_loss": 2.436924011230469, "clip_fraction": 0.987, "gradient_norm_mean": 1461.490125, "gradient_norm_max": 7147.4541015625, "step_seconds": 2.01823584549129, "innovation_std_sum": 341.91118707283454, "noise_marginal_std_sum": 385.2432239518329}
{"epoch": 1, "step": 45, "train_loss": 3.427656952582465, "clip_fraction": 0.9966888888888888, "epsilon": 3.1232761473275077, "accuracy": 0.4954, "validation_loss": 1.946552783203125, "validation_examples": 5000}
{"step": 50, "epoch": 2, "train_loss": 2.2609818115234375, "clip_fraction": 0.965, "gradient_norm_mean": 1526.20821875, "gradient_norm_max": 8790.021484375, "step_seconds": 2.0509459748864174, "innovation_std_sum": 341.91118707283454, "noise_marginal_std_sum": 385.2432239518329}
{"step": 60, "epoch": 2, "train_loss": 2.058925750732422, "clip_fraction": 0.94, "gradient_norm_mean": 1481.5566875, "gradient_norm_max": 6926.650390625, "step_seconds": 2.0367769859731197, "innovation_std_sum": 341.91118707283454, "noise_marginal_std_sum": 385.2432239518329}
{"step": 70, "epoch": 2, "train_loss": 1.9328578491210937, "clip_fraction": 0.923, "gradient_norm_mean": 1488.2761875, "gradient_norm_max": 7489.361328125, "step_seconds": 2.0089656058698893, "innovation_std_sum": 341.91118707283454, "noise_marginal_std_sum": 385.2432239518329}
{"step": 80, "epoch": 2, "train_loss": 1.8121147766113281, "clip_fraction": 0.885, "gradient_norm_mean": 1447.5288125, "gradient_norm_max": 6201.3056640625, "step_seconds": 2.058228386566043, "innovation_std_sum": 341.91118707283454, "noise_marginal_std_sum": 385.2432239518329}
{"step": 90, "epoch": 2, "train_loss": 1.854091339111328, "clip_fraction": 0.891, "gradient_norm_mean": 1608.63090625, "gradient_norm_max": 8427.287109375, "step_seconds": 2.018691962584853, "innovation_std_sum": 341.91118707283454, "noise_marginal_std_sum": 385.2432239518329}
{"epoch": 2, "step": 90, "train_loss": 2.012734329562717, "clip_fraction": 0.9255333333333333, "epsilon": 4.650911679155922, "accuracy": 0.6422, "validation_loss": 1.2698264709472655, "validation_examples": 5000}
{"step": 100, "epoch": 3, "train_loss": 1.7316965637207031, "clip_fraction": 0.865, "gradient_norm_mean": 1524.264625, "gradient_norm_max": 7745.6513671875, "step_seconds": 2.0045087821781635, "innovation_std_sum": 341.91118707283454, "noise_marginal_std_sum": 385.2432239518329}
{"step": 110, "epoch": 3, "train_loss": 1.7576886901855469, "clip_fraction": 0.839, "gradient_norm_mean": 1517.59778125, "gradient_norm_max": 8887.1376953125, "step_seconds": 2.0088666435331106, "innovation_std_sum": 341.91118707283454, "noise_marginal_std_sum": 385.2432239518329}
{"step": 120, "epoch": 3, "train_loss": 1.7999180603027343, "clip_fraction": 0.848, "gradient_norm_mean": 1581.69346875, "gradient_norm_max": 6781.48486328125, "step_seconds": 2.0200847275555134, "innovation_std_sum": 341.91118707283454, "noise_marginal_std_sum": 385.2432239518329}
{"step": 130, "epoch": 3, "train_loss": 1.6126199645996093, "clip_fraction": 0.825, "gradient_norm_mean": 1524.35596875, "gradient_norm_max": 8055.24658203125, "step_seconds": 2.038714412599802, "innovation_std_sum": 341.91118707283454, "noise_marginal_std_sum": 385.2432239518329}
{"epoch": 3, "step": 135, "train_loss": 1.7241726820203993, "clip_fraction": 0.8399555555555556, "epsilon": 5.897166745944286, "accuracy": 0.6782, "validation_loss": 1.1007246948242186, "validation_examples": 5000}
{"step": 140, "epoch": 4, "train_loss": 1.6020269775390625, "clip_fraction": 0.806, "gradient_norm_mean": 1488.45084375, "gradient_norm_max": 8083.09228515625, "step_seconds": 2.0168507117778063, "innovation_std_sum": 341.91118707283454, "noise_marginal_std_sum": 385.2432239518329}
{"step": 150, "epoch": 4, "train_loss": 1.530497100830078, "clip_fraction": 0.803, "gradient_norm_mean": 1565.51784375, "gradient_norm_max": 11613.5546875, "step_seconds": 2.0057871099561453, "innovation_std_sum": 341.91118707283454, "noise_marginal_std_sum": 385.2432239518329}
{"step": 160, "epoch": 4, "train_loss": 1.553606689453125, "clip_fraction": 0.776, "gradient_norm_mean": 1526.53096875, "gradient_norm_max": 8389.720703125, "step_seconds": 2.0185255967080593, "innovation_std_sum": 341.91118707283454, "noise_marginal_std_sum": 385.2432239518329}
{"step": 170, "epoch": 4, "train_loss": 1.4999054565429688, "clip_fraction": 0.763, "gradient_norm_mean": 1506.344625, "gradient_norm_max": 6710.666015625, "step_seconds": 2.0397275127470493, "innovation_std_sum": 341.91118707283454, "noise_marginal_std_sum": 385.2432239518329}
{"step": 180, "epoch": 4, "train_loss": 1.7524888916015624, "clip_fraction": 0.803, "gradient_norm_mean": 1677.09075, "gradient_norm_max": 9098.0107421875, "step_seconds": 2.003846788778901, "innovation_std_sum": 341.91118707283454, "noise_marginal_std_sum": 385.2432239518329}
{"epoch": 4, "step": 180, "train_loss": 1.6159467753092447, "clip_fraction": 0.7925555555555556, "epsilon": 6.9960307474663415, "accuracy": 0.6966, "validation_loss": 1.037508905029297, "validation_examples": 5000}
{"step": 190, "epoch": 5, "train_loss": 1.5901712951660156, "clip_fraction": 0.747, "gradient_norm_mean": 1512.58515625, "gradient_norm_max": 7535.2666015625, "step_seconds": 2.008561147376895, "innovation_std_sum": 341.91118707283454, "noise_marginal_std_sum": 385.2432239518329}
{"step": 200, "epoch": 5, "train_loss": 1.6266564331054687, "clip_fraction": 0.779, "gradient_norm_mean": 1637.788, "gradient_norm_max": 11885.142578125, "step_seconds": 2.0116755180060863, "innovation_std_sum": 341.91118707283454, "noise_marginal_std_sum": 385.2432239518329}
{"step": 210, "epoch": 5, "train_loss": 1.71707861328125, "clip_fraction": 0.787, "gradient_norm_mean": 1694.118125, "gradient_norm_max": 8057.59326171875, "step_seconds": 2.0387471951544285, "innovation_std_sum": 341.91118707283454, "noise_marginal_std_sum": 385.2432239518329}
{"step": 220, "epoch": 5, "train_loss": 1.6163005065917968, "clip_fraction": 0.773, "gradient_norm_mean": 1720.29184375, "gradient_norm_max": 7903.4541015625, "step_seconds": 2.075149029493332, "innovation_std_sum": 341.91118707283454, "noise_marginal_std_sum": 385.2432239518329}
{"epoch": 5, "step": 225, "train_loss": 1.5976881334092883, "clip_fraction": 0.7660888888888889, "epsilon": 8.000000000000005, "accuracy": 0.7026, "validation_loss": 1.0326154571533204, "validation_examples": 5000}
