/home/longt29/miniconda3/envs/curve/lib/python3.11/site-packages/torchvision/datasets/cifar.py:83: VisibleDeprecationWarning: dtype(): align should be passed as Python or NumPy boolean but got `align=0`. Did you mean to pass a tuple to create a subarray type? (Deprecated NumPy 2.4)
  entry = pickle.load(f, encoding="latin1")
sys:1: UserWarning: Full backward hook is firing when gradients are computed with respect to module outputs since no inputs require gradients. See https://docs.pytorch.org/docs/main/generated/torch.nn.Module.html#torch.nn.Module.register_full_backward_hook for more details.
{"step": 10, "epoch": 1, "train_loss": 4.711240966796875, "clip_fraction": 1.0, "gradient_norm_mean": 59.9733994140625, "gradient_norm_max": 119.36992645263672, "step_seconds": 2.1632258370518684, "innovation_std_sum": 40.264590225254544, "noise_marginal_std_sum": 40.264590225254544}
{"step": 20, "epoch": 1, "train_loss": 4.50187158203125, "clip_fraction": 1.0, "gradient_norm_mean": 52.19934375, "gradient_norm_max": 103.87299346923828, "step_seconds": 2.2524874787777662, "innovation_std_sum": 40.264590225254544, "noise_marginal_std_sum": 40.264590225254544}
{"step": 30, "epoch": 1, "train_loss": 4.374031982421875, "clip_fraction": 1.0, "gradient_norm_mean": 53.8757138671875, "gradient_norm_max": 111.08655548095703, "step_seconds": 2.2801561634987593, "innovation_std_sum": 40.264590225254544, "noise_marginal_std_sum": 40.264590225254544}
{"step": 40, "epoch": 1, "train_loss": 4.145103332519532, "clip_fraction": 1.0, "gradient_norm_mean": 60.794484375, "gradient_norm_max": 118.97119903564453, "step_seconds": 2.3353605773299932, "innovation_std_sum": 40.264590225254544, "noise_marginal_std_sum": 40.264590225254544}
{"epoch": 1, "step": 45, "train_loss": 4.4866533786349825, "clip_fraction": 1.0, "epsilon": 3.1232925162148586, "accuracy": 0.1096, "validation_loss": 3.9562507568359373, "validation_examples": 5000}
{"step": 50, "epoch": 2, "train_loss": 3.9104541015625, "clip_fraction": 1.0, "gradient_norm_mean": 73.1819609375, "gradient_norm_max": 139.9820556640625, "step_seconds": 2.1989952977746725, "innovation_std_sum": 40.264590225254544, "noise_marginal_std_sum": 40.264590225254544}
{"step": 60, "epoch": 2, "train_loss": 3.7002127075195315, "clip_fraction": 1.0, "gradient_norm_mean": 82.204451171875, "gradient_norm_max": 197.6667022705078, "step_seconds": 2.2704379931092262, "innovation_std_sum": 40.264590225254544, "noise_marginal_std_sum": 40.264590225254544}
{"step": 70, "epoch": 2, "train_loss": 3.494432861328125, "clip_fraction": 1.0, "gradient_norm_mean": 93.493244140625, "gradient_norm_max": 306.8211975097656, "step_seconds": 2.345980016514659, "innovation_std_sum": 40.264590225254544, "noise_marginal_std_sum": 40.264590225254544}
{"step": 80, "epoch": 2, "train_loss": 3.28032568359375, "clip_fraction": 1.0, "gradient_norm_mean": 100.49668359375, "gradient_norm_max": 259.2022399902344, "step_seconds": 2.3802146036177874, "innovation_std_sum": 40.264590225254544, "noise_marginal_std_sum": 40.264590225254544}
{"step": 90, "epoch": 2, "train_loss": 3.165335144042969, "clip_fraction": 1.0, "gradient_norm_mean": 104.949654296875, "gradient_norm_max": 349.14654541015625, "step_seconds": 2.3825208265334368, "innovation_std_sum": 40.264590225254544, "noise_marginal_std_sum": 40.264590225254544}
{"epoch": 2, "step": 90, "train_loss": 3.5801159586588542, "clip_fraction": 1.0, "epsilon": 4.650921021133024, "accuracy": 0.2906, "validation_loss": 2.9500209228515626, "validation_examples": 5000}
{"step": 100, "epoch": 3, "train_loss": 3.0291864624023437, "clip_fraction": 1.0, "gradient_norm_mean": 109.992232421875, "gradient_norm_max": 517.1472778320312, "step_seconds": 2.2997339237481356, "innovation_std_sum": 40.264590225254544, "noise_marginal_std_sum": 40.264590225254544}
{"step": 110, "epoch": 3, "train_loss": 2.917598693847656, "clip_fraction": 0.999, "gradient_norm_mean": 110.887296875, "gradient_norm_max": 358.3358459472656, "step_seconds": 2.3794362004846334, "innovation_std_sum": 40.264590225254544, "noise_marginal_std_sum": 40.264590225254544}
{"step": 120, "epoch": 3, "train_loss": 2.8388114013671877, "clip_fraction": 0.994, "gradient_norm_mean": 113.5938203125, "gradient_norm_max": 562.8636474609375, "step_seconds": 2.4619584158062935, "innovation_std_sum": 40.264590225254544, "noise_marginal_std_sum": 40.264590225254544}
{"step": 130, "epoch": 3, "train_loss": 2.612747619628906, "clip_fraction": 0.99, "gradient_norm_mean": 115.260775390625, "gradient_norm_max": 425.013427734375, "step_seconds": 2.4289445765316486, "innovation_std_sum": 40.264590225254544, "noise_marginal_std_sum": 40.264590225254544}
{"epoch": 3, "step": 135, "train_loss": 2.8606331583658853, "clip_fraction": 0.9942444444444445, "epsilon": 5.897172094191148, "accuracy": 0.4426, "validation_loss": 2.2692302978515624, "validation_examples": 5000}
{"step": 140, "epoch": 4, "train_loss": 2.512913024902344, "clip_fraction": 0.979, "gradient_norm_mean": 115.2490078125, "gradient_norm_max": 509.92193603515625, "step_seconds": 2.2577565759420395, "innovation_std_sum": 40.264590225254544, "noise_marginal_std_sum": 40.264590225254544}
{"step": 150, "epoch": 4, "train_loss": 2.45658740234375, "clip_fraction": 0.968, "gradient_norm_mean": 118.49194921875, "gradient_norm_max": 588.184814453125, "step_seconds": 2.4057758189737797, "innovation_std_sum": 40.264590225254544, "noise_marginal_std_sum": 40.264590225254544}
{"step": 160, "epoch": 4, "train_loss": 2.3685189208984374, "clip_fraction": 0.963, "gradient_norm_mean": 118.2264140625, "gradient_norm_max": 436.97991943359375, "step_seconds": 2.45706245303154, "innovation_std_sum": 40.264590225254544, "noise_marginal_std_sum": 40.264590225254544}
{"step": 170, "epoch": 4, "train_loss": 2.203143127441406, "clip_fraction": 0.957, "gradient_norm_mean": 116.311705078125, "gradient_norm_max": 578.1971435546875, "step_seconds": 2.404171971604228, "innovation_std_sum": 40.264590225254544, "noise_marginal_std_sum": 40.264590225254544}
{"step": 180, "epoch": 4, "train_loss": 2.333000915527344, "clip_fraction": 0.953, "gradient_norm_mean": 121.606154296875, "gradient_norm_max": 453.4319763183594, "step_seconds": 2.4276863168925047, "innovation_std_sum": 40.264590225254544, "noise_marginal_std_sum": 40.264590225254544}
{"epoch": 4, "step": 180, "train_loss": 2.415311376953125, "clip_fraction": 0.9672666666666667, "epsilon": 6.99603315708177, "accuracy": 0.527, "validation_loss": 1.8627502319335938, "validation_examples": 5000}
{"step": 190, "epoch": 5, "train_loss": 2.2067080078125, "clip_fraction": 0.941, "gradient_norm_mean": 114.153697265625, "gradient_norm_max": 487.4148254394531, "step_seconds": 2.32197268307209, "innovation_std_sum": 40.264590225254544, "noise_marginal_std_sum": 40.264590225254544}
{"step": 200, "epoch": 5, "train_loss": 2.187982177734375, "clip_fraction": 0.936, "gradient_norm_mean": 121.763869140625, "gradient_norm_max": 755.900634765625, "step_seconds": 2.4127121046185493, "innovation_std_sum": 40.264590225254544, "noise_marginal_std_sum": 40.264590225254544}
{"step": 210, "epoch": 5, "train_loss": 2.180882080078125, "clip_fraction": 0.928, "gradient_norm_mean": 121.0991328125, "gradient_norm_max": 463.4944763183594, "step_seconds": 2.4296177234500647, "innovation_std_sum": 40.264590225254544, "noise_marginal_std_sum": 40.264590225254544}
{"step": 220, "epoch": 5, "train_loss": 2.1081209411621096, "clip_fraction": 0.918, "gradient_norm_mean": 123.007986328125, "gradient_norm_max": 581.556640625, "step_seconds": 2.4368049912154675, "innovation_std_sum": 40.264590225254544, "noise_marginal_std_sum": 40.264590225254544}
{"epoch": 5, "step": 225, "train_loss": 2.155416525607639, "clip_fraction": 0.932, "epsilon": 8.000000000000007, "accuracy": 0.5796, "validation_loss": 1.62153681640625, "validation_examples": 5000}
