Loading weights:   0%|          | 0/39 [00:00<?, ?it/s]Loading weights: 100%|██████████| 39/39 [00:00<00:00, 18264.61it/s]
[transformers] [1mBertModel LOAD REPORT[0m from: /media/data/data/lt/dp-adam-correlated/cache/bert-tiny
Key                                        | Status     |  | 
-------------------------------------------+------------+--+-
cls.predictions.transform.dense.bias       | UNEXPECTED |  | 
cls.seq_relationship.bias                  | UNEXPECTED |  | 
cls.predictions.decoder.bias               | UNEXPECTED |  | 
cls.predictions.transform.LayerNorm.bias   | UNEXPECTED |  | 
cls.predictions.transform.LayerNorm.weight | UNEXPECTED |  | 
cls.predictions.bias                       | UNEXPECTED |  | 
cls.seq_relationship.weight                | UNEXPECTED |  | 
cls.predictions.transform.dense.weight     | UNEXPECTED |  | 
cls.predictions.decoder.weight             | UNEXPECTED |  | 

Notes:
- UNEXPECTED:	can be ignored when loading from different task/architecture; not ok if you expect identical arch.
sys:1: UserWarning: Full backward hook is firing when gradients are computed with respect to module outputs since no inputs require gradients. See https://docs.pytorch.org/docs/main/generated/torch.nn.Module.html#torch.nn.Module.register_full_backward_hook for more details.
{"step": 10, "epoch": 1, "train_loss": 0.6602469482421875, "clip_fraction": 0.0, "gradient_norm_mean": 8.269044921875, "gradient_norm_max": 12.669841766357422, "step_seconds": 0.1928467471152544, "innovation_std_sum": 34.19096290164991, "noise_marginal_std_sum": 38.52414684355806}
{"step": 20, "epoch": 1, "train_loss": 0.6297454223632812, "clip_fraction": 0.005, "gradient_norm_mean": 11.8445654296875, "gradient_norm_max": 22.64743423461914, "step_seconds": 0.26790305972099304, "innovation_std_sum": 34.19096290164991, "noise_marginal_std_sum": 38.52414684355806}
{"step": 30, "epoch": 1, "train_loss": 0.5577526245117187, "clip_fraction": 0.403, "gradient_norm_mean": 18.21496484375, "gradient_norm_max": 50.4105339050293, "step_seconds": 0.27976092137396336, "innovation_std_sum": 34.19096290164991, "noise_marginal_std_sum": 38.52414684355806}
{"step": 40, "epoch": 1, "train_loss": 0.5442325439453125, "clip_fraction": 0.489, "gradient_norm_mean": 27.29481640625, "gradient_norm_max": 106.37952423095703, "step_seconds": 0.28304626792669296, "innovation_std_sum": 34.19096290164991, "noise_marginal_std_sum": 38.52414684355806}
{"step": 50, "epoch": 1, "train_loss": 0.6702283935546876, "clip_fraction": 0.434, "gradient_norm_mean": 33.6663203125, "gradient_norm_max": 167.39181518554688, "step_seconds": 0.2830323539674282, "innovation_std_sum": 34.19096290164991, "noise_marginal_std_sum": 38.52414684355806}
{"step": 60, "epoch": 1, "train_loss": 0.5441658325195312, "clip_fraction": 0.406, "gradient_norm_mean": 31.73861328125, "gradient_norm_max": 178.60072326660156, "step_seconds": 0.2871954273432493, "innovation_std_sum": 34.19096290164991, "noise_marginal_std_sum": 38.52414684355806}
{"epoch": 1, "step": 62, "train_loss": 0.6032835309428554, "clip_fraction": 0.2705, "epsilon": 3.123292330075361, "accuracy": 0.7626146788990825, "validation_loss": 0.6487343858141418, "validation_examples": 872}
{"step": 70, "epoch": 2, "train_loss": 0.5413052368164063, "clip_fraction": 0.383, "gradient_norm_mean": 29.934779296875, "gradient_norm_max": 148.25184631347656, "step_seconds": 0.2866017185151577, "innovation_std_sum": 34.19096290164991, "noise_marginal_std_sum": 38.52414684355806}
{"step": 80, "epoch": 2, "train_loss": 0.5762630004882813, "clip_fraction": 0.393, "gradient_norm_mean": 31.200462890625, "gradient_norm_max": 170.7238311767578, "step_seconds": 0.28627561777830124, "innovation_std_sum": 34.19096290164991, "noise_marginal_std_sum": 38.52414684355806}
{"step": 90, "epoch": 2, "train_loss": 0.521240966796875, "clip_fraction": 0.368, "gradient_norm_mean": 28.1813125, "gradient_norm_max": 165.9477996826172, "step_seconds": 0.29270274192094803, "innovation_std_sum": 34.19096290164991, "noise_marginal_std_sum": 38.52414684355806}
{"step": 100, "epoch": 2, "train_loss": 0.5210425415039063, "clip_fraction": 0.372, "gradient_norm_mean": 28.983818359375, "gradient_norm_max": 184.13319396972656, "step_seconds": 0.29174080304801464, "innovation_std_sum": 34.19096290164991, "noise_marginal_std_sum": 38.52414684355806}
{"step": 110, "epoch": 2, "train_loss": 0.469510009765625, "clip_fraction": 0.342, "gradient_norm_mean": 26.20346875, "gradient_norm_max": 204.62831115722656, "step_seconds": 0.29355216585099697, "innovation_std_sum": 34.19096290164991, "noise_marginal_std_sum": 38.52414684355806}
{"step": 120, "epoch": 2, "train_loss": 0.49570364379882814, "clip_fraction": 0.358, "gradient_norm_mean": 27.403658203125, "gradient_norm_max": 234.2737274169922, "step_seconds": 0.29187523014843464, "innovation_std_sum": 34.19096290164991, "noise_marginal_std_sum": 38.52414684355806}
{"epoch": 2, "step": 124, "train_loss": 0.5233330791842553, "clip_fraction": 0.37583870967741934, "epsilon": 4.650920914901151, "accuracy": 0.7603211009174312, "validation_loss": 0.6004450561803415, "validation_examples": 872}
{"step": 130, "epoch": 3, "train_loss": 0.47297314453125, "clip_fraction": 0.342, "gradient_norm_mean": 25.57959375, "gradient_norm_max": 178.46685791015625, "step_seconds": 0.29689120315015316, "innovation_std_sum": 34.19096290164991, "noise_marginal_std_sum": 38.52414684355806}
{"step": 140, "epoch": 3, "train_loss": 0.49222979736328126, "clip_fraction": 0.33, "gradient_norm_mean": 25.06153515625, "gradient_norm_max": 192.05160522460938, "step_seconds": 0.2920248229056597, "innovation_std_sum": 34.19096290164991, "noise_marginal_std_sum": 38.52414684355806}
{"step": 150, "epoch": 3, "train_loss": 0.47817193603515623, "clip_fraction": 0.335, "gradient_norm_mean": 25.588537109375, "gradient_norm_max": 237.03208923339844, "step_seconds": 0.2930112164467573, "innovation_std_sum": 34.19096290164991, "noise_marginal_std_sum": 38.52414684355806}
{"step": 160, "epoch": 3, "train_loss": 0.47524420166015624, "clip_fraction": 0.343, "gradient_norm_mean": 25.496359375, "gradient_norm_max": 188.92697143554688, "step_seconds": 0.29790404811501503, "innovation_std_sum": 34.19096290164991, "noise_marginal_std_sum": 38.52414684355806}
{"step": 170, "epoch": 3, "train_loss": 0.5054965209960938, "clip_fraction": 0.345, "gradient_norm_mean": 27.132654296875, "gradient_norm_max": 233.67153930664062, "step_seconds": 0.29234609566628933, "innovation_std_sum": 34.19096290164991, "noise_marginal_std_sum": 38.52414684355806}
{"step": 180, "epoch": 3, "train_loss": 0.44319708251953127, "clip_fraction": 0.306, "gradient_norm_mean": 24.5320234375, "gradient_norm_max": 240.6478271484375, "step_seconds": 0.29023431800305843, "innovation_std_sum": 34.19096290164991, "noise_marginal_std_sum": 38.52414684355806}
{"epoch": 3, "step": 186, "train_loss": 0.4658534900296119, "clip_fraction": 0.3225967741935484, "epsilon": 5.8971720333737725, "accuracy": 0.7729357798165137, "validation_loss": 0.5684748527106889, "validation_examples": 872}
{"step": 190, "epoch": 4, "train_loss": 0.45965252685546876, "clip_fraction": 0.313, "gradient_norm_mean": 24.8912109375, "gradient_norm_max": 200.9739532470703, "step_seconds": 0.2965937238186598, "innovation_std_sum": 34.19096290164991, "noise_marginal_std_sum": 38.52414684355806}
{"step": 200, "epoch": 4, "train_loss": 0.4469072265625, "clip_fraction": 0.293, "gradient_norm_mean": 22.822283203125, "gradient_norm_max": 282.4777526855469, "step_seconds": 0.28825382329523563, "innovation_std_sum": 34.19096290164991, "noise_marginal_std_sum": 38.52414684355806}
{"step": 210, "epoch": 4, "train_loss": 0.43492724609375, "clip_fraction": 0.281, "gradient_norm_mean": 24.147421875, "gradient_norm_max": 235.7982940673828, "step_seconds": 0.2949911020696163, "innovation_std_sum": 34.19096290164991, "noise_marginal_std_sum": 38.52414684355806}
{"step": 220, "epoch": 4, "train_loss": 0.47587255859375, "clip_fraction": 0.297, "gradient_norm_mean": 23.9077109375, "gradient_norm_max": 226.8874969482422, "step_seconds": 0.29398213140666485, "innovation_std_sum": 34.19096290164991, "noise_marginal_std_sum": 38.52414684355806}
{"step": 230, "epoch": 4, "train_loss": 0.41371295166015626, "clip_fraction": 0.274, "gradient_norm_mean": 23.251671875, "gradient_norm_max": 247.37118530273438, "step_seconds": 0.2864366788417101, "innovation_std_sum": 34.19096290164991, "noise_marginal_std_sum": 38.52414684355806}
{"step": 240, "epoch": 4, "train_loss": 0.4524050598144531, "clip_fraction": 0.291, "gradient_norm_mean": 24.79062890625, "gradient_norm_max": 257.3842468261719, "step_seconds": 0.29456337355077267, "innovation_std_sum": 34.19096290164991, "noise_marginal_std_sum": 38.52414684355806}
{"epoch": 4, "step": 248, "train_loss": 0.4357516873267389, "clip_fraction": 0.28366129032258064, "epsilon": 6.996033129680921, "accuracy": 0.7912844036697247, "validation_loss": 0.5338353804492075, "validation_examples": 872}
{"step": 250, "epoch": 5, "train_loss": 0.44683013916015624, "clip_fraction": 0.269, "gradient_norm_mean": 22.6695390625, "gradient_norm_max": 213.21424865722656, "step_seconds": 0.29651255905628204, "innovation_std_sum": 34.19096290164991, "noise_marginal_std_sum": 38.52414684355806}
{"step": 260, "epoch": 5, "train_loss": 0.45293527221679686, "clip_fraction": 0.27, "gradient_norm_mean": 23.471669921875, "gradient_norm_max": 309.3913879394531, "step_seconds": 0.2956153601408005, "innovation_std_sum": 34.19096290164991, "noise_marginal_std_sum": 38.52414684355806}
{"step": 270, "epoch": 5, "train_loss": 0.46748886108398435, "clip_fraction": 0.288, "gradient_norm_mean": 25.0425546875, "gradient_norm_max": 331.9325866699219, "step_seconds": 0.2959853634238243, "innovation_std_sum": 34.19096290164991, "noise_marginal_std_sum": 38.52414684355806}
{"step": 280, "epoch": 5, "train_loss": 0.4226445922851563, "clip_fraction": 0.28, "gradient_norm_mean": 22.189375, "gradient_norm_max": 267.6551513671875, "step_seconds": 0.29758266545832157, "innovation_std_sum": 34.19096290164991, "noise_marginal_std_sum": 38.52414684355806}
{"step": 290, "epoch": 5, "train_loss": 0.4011591491699219, "clip_fraction": 0.247, "gradient_norm_mean": 20.904412109375, "gradient_norm_max": 226.4697723388672, "step_seconds": 0.29367025196552277, "innovation_std_sum": 34.19096290164991, "noise_marginal_std_sum": 38.52414684355806}
{"step": 300, "epoch": 5, "train_loss": 0.38578363037109376, "clip_fraction": 0.234, "gradient_norm_mean": 21.73688671875, "gradient_norm_max": 247.34152221679688, "step_seconds": 0.29662461392581463, "innovation_std_sum": 34.19096290164991, "noise_marginal_std_sum": 38.52414684355806}
{"step": 310, "epoch": 5, "train_loss": 0.4356737060546875, "clip_fraction": 0.286, "gradient_norm_mean": 22.237701171875, "gradient_norm_max": 218.03256225585938, "step_seconds": 0.29534451477229595, "innovation_std_sum": 34.19096290164991, "noise_marginal_std_sum": 38.52414684355806}
{"epoch": 5, "step": 310, "train_loss": 0.42316644828550276, "clip_fraction": 0.267, "epsilon": 8.000000000000007, "accuracy": 0.786697247706422, "validation_loss": 0.5268400393494772, "validation_examples": 872}
