/home/longt29/miniconda3/envs/curve/lib/python3.11/site-packages/torchvision/datasets/cifar.py:83: VisibleDeprecationWarning: dtype(): align should be passed as Python or NumPy boolean but got `align=0`. Did you mean to pass a tuple to create a subarray type? (Deprecated NumPy 2.4)
  entry = pickle.load(f, encoding="latin1")
sys:1: UserWarning: Full backward hook is firing when gradients are computed with respect to module outputs since no inputs require gradients. See https://docs.pytorch.org/docs/main/generated/torch.nn.Module.html#torch.nn.Module.register_full_backward_hook for more details.
{"step": 10, "epoch": 1, "train_loss": 4.465863647460938, "clip_fraction": 1.0, "gradient_norm_mean": 537.01590625, "gradient_norm_max": 1045.634521484375, "step_seconds": 1.9987813215702772, "innovation_std_sum": 615.8650110649696, "noise_marginal_std_sum": 693.9165237996704}
{"step": 20, "epoch": 1, "train_loss": 4.016908020019531, "clip_fraction": 1.0, "gradient_norm_mean": 649.89334375, "gradient_norm_max": 1484.1185302734375, "step_seconds": 1.9874598998576403, "innovation_std_sum": 615.8650110649696, "noise_marginal_std_sum": 693.9165237996704}
{"step": 30, "epoch": 1, "train_loss": 3.530711975097656, "clip_fraction": 1.0, "gradient_norm_mean": 813.956984375, "gradient_norm_max": 2066.469482421875, "step_seconds": 1.9498872850090265, "innovation_std_sum": 615.8650110649696, "noise_marginal_std_sum": 693.9165237996704}
{"step": 40, "epoch": 1, "train_loss": 3.164977233886719, "clip_fraction": 0.999, "gradient_norm_mean": 875.675359375, "gradient_norm_max": 2992.937744140625, "step_seconds": 1.9383334182202816, "innovation_std_sum": 615.8650110649696, "noise_marginal_std_sum": 693.9165237996704}
{"step": 50, "epoch": 1, "train_loss": 2.8138046875, "clip_fraction": 0.998, "gradient_norm_mean": 916.86934375, "gradient_norm_max": 2798.0341796875, "step_seconds": 1.9576207641512156, "innovation_std_sum": 615.8650110649696, "noise_marginal_std_sum": 693.9165237996704}
{"epoch": 1, "step": 50, "train_loss": 3.802091945800781, "clip_fraction": 0.99946, "epsilon": 1.6138995487824446, "accuracy": 0.3729, "validation_loss": 2.495436639404297, "validation_examples": 10000}
{"step": 60, "epoch": 2, "train_loss": 2.6371558227539063, "clip_fraction": 0.991, "gradient_norm_mean": 939.919203125, "gradient_norm_max": 2711.01318359375, "step_seconds": 1.973734414204955, "innovation_std_sum": 615.8650110649696, "noise_marginal_std_sum": 693.9165237996704}
{"step": 70, "epoch": 2, "train_loss": 2.471262390136719, "clip_fraction": 0.972, "gradient_norm_mean": 919.8610625, "gradient_norm_max": 3158.79736328125, "step_seconds": 1.945719564333558, "innovation_std_sum": 615.8650110649696, "noise_marginal_std_sum": 693.9165237996704}
{"step": 80, "epoch": 2, "train_loss": 2.3621505737304687, "clip_fraction": 0.956, "gradient_norm_mean": 924.617234375, "gradient_norm_max": 4340.12744140625, "step_seconds": 1.9530238844454288, "innovation_std_sum": 615.8650110649696, "noise_marginal_std_sum": 693.9165237996704}
{"step": 90, "epoch": 2, "train_loss": 2.228951171875, "clip_fraction": 0.953, "gradient_norm_mean": 935.578, "gradient_norm_max": 4288.74658203125, "step_seconds": 1.9599451646208763, "innovation_std_sum": 615.8650110649696, "noise_marginal_std_sum": 693.9165237996704}
{"step": 100, "epoch": 2, "train_loss": 2.289289001464844, "clip_fraction": 0.935, "gradient_norm_mean": 984.076765625, "gradient_norm_max": 5061.8759765625, "step_seconds": 1.9534418880939484, "innovation_std_sum": 615.8650110649696, "noise_marginal_std_sum": 693.9165237996704}
{"epoch": 2, "step": 100, "train_loss": 2.42642405456543, "clip_fraction": 0.966, "epsilon": 2.376204237872786, "accuracy": 0.5444, "validation_loss": 1.6860754516601562, "validation_examples": 10000}
{"step": 110, "epoch": 3, "train_loss": 2.1088258361816408, "clip_fraction": 0.909, "gradient_norm_mean": 937.6533125, "gradient_norm_max": 3903.8291015625, "step_seconds": 1.94151228107512, "innovation_std_sum": 615.8650110649696, "noise_marginal_std_sum": 693.9165237996704}
{"step": 120, "epoch": 3, "train_loss": 2.092696960449219, "clip_fraction": 0.916, "gradient_norm_mean": 940.49821875, "gradient_norm_max": 3553.6416015625, "step_seconds": 2.1710843108594418, "innovation_std_sum": 615.8650110649696, "noise_marginal_std_sum": 693.9165237996704}
{"step": 130, "epoch": 3, "train_loss": 1.9635506591796874, "clip_fraction": 0.895, "gradient_norm_mean": 912.77765625, "gradient_norm_max": 3762.03466796875, "step_seconds": 1.9569710828363895, "innovation_std_sum": 615.8650110649696, "noise_marginal_std_sum": 693.9165237996704}
{"step": 140, "epoch": 3, "train_loss": 1.9174005432128907, "clip_fraction": 0.873, "gradient_norm_mean": 912.416765625, "gradient_norm_max": 3554.048583984375, "step_seconds": 1.9529998749494553, "innovation_std_sum": 615.8650110649696, "noise_marginal_std_sum": 693.9165237996704}
{"step": 150, "epoch": 3, "train_loss": 2.035750427246094, "clip_fraction": 0.886, "gradient_norm_mean": 965.480265625, "gradient_norm_max": 4519.373046875, "step_seconds": 1.9559761621057987, "innovation_std_sum": 615.8650110649696, "noise_marginal_std_sum": 693.9165237996704}
{"epoch": 3, "step": 150, "train_loss": 2.042617208251953, "clip_fraction": 0.89964, "epsilon": 2.9873672491319447, "accuracy": 0.6021, "validation_loss": 1.4319452209472656, "validation_examples": 10000}
{"step": 160, "epoch": 4, "train_loss": 1.8816409606933593, "clip_fraction": 0.869, "gradient_norm_mean": 949.013859375, "gradient_norm_max": 4462.99951171875, "step_seconds": 1.9988256115466356, "innovation_std_sum": 615.8650110649696, "noise_marginal_std_sum": 693.9165237996704}
{"step": 170, "epoch": 4, "train_loss": 1.9548563842773437, "clip_fraction": 0.863, "gradient_norm_mean": 942.650546875, "gradient_norm_max": 3781.168212890625, "step_seconds": 1.9534262046217918, "innovation_std_sum": 615.8650110649696, "noise_marginal_std_sum": 693.9165237996704}
{"step": 180, "epoch": 4, "train_loss": 1.8735328369140625, "clip_fraction": 0.847, "gradient_norm_mean": 929.018140625, "gradient_norm_max": 4109.14794921875, "step_seconds": 1.9614628367125988, "innovation_std_sum": 615.8650110649696, "noise_marginal_std_sum": 693.9165237996704}
{"step": 190, "epoch": 4, "train_loss": 1.8694226989746094, "clip_fraction": 0.834, "gradient_norm_mean": 964.117921875, "gradient_norm_max": 4924.50048828125, "step_seconds": 1.961299929767847, "innovation_std_sum": 615.8650110649696, "noise_marginal_std_sum": 693.9165237996704}
{"step": 200, "epoch": 4, "train_loss": 2.0176970825195313, "clip_fraction": 0.836, "gradient_norm_mean": 1006.968953125, "gradient_norm_max": 4260.9296875, "step_seconds": 1.9574093874543905, "innovation_std_sum": 615.8650110649696, "noise_marginal_std_sum": 693.9165237996704}
{"epoch": 4, "step": 200, "train_loss": 1.9040793713378907, "clip_fraction": 0.85418, "epsilon": 3.5192376234400635, "accuracy": 0.6263, "validation_loss": 1.3359977264404297, "validation_examples": 10000}
{"step": 210, "epoch": 5, "train_loss": 1.875577667236328, "clip_fraction": 0.827, "gradient_norm_mean": 971.910765625, "gradient_norm_max": 4582.7177734375, "step_seconds": 1.9731702487915754, "innovation_std_sum": 615.8650110649696, "noise_marginal_std_sum": 693.9165237996704}
{"step": 220, "epoch": 5, "train_loss": 1.9196468200683594, "clip_fraction": 0.832, "gradient_norm_mean": 979.64859375, "gradient_norm_max": 3942.547607421875, "step_seconds": 1.9617777485400438, "innovation_std_sum": 615.8650110649696, "noise_marginal_std_sum": 693.9165237996704}
{"step": 230, "epoch": 5, "train_loss": 1.8988576965332031, "clip_fraction": 0.832, "gradient_norm_mean": 977.584109375, "gradient_norm_max": 4144.64111328125, "step_seconds": 1.9970322586596012, "innovation_std_sum": 615.8650110649696, "noise_marginal_std_sum": 693.9165237996704}
{"step": 240, "epoch": 5, "train_loss": 1.8542250061035157, "clip_fraction": 0.798, "gradient_norm_mean": 982.5136875, "gradient_norm_max": 5034.75927734375, "step_seconds": 1.9761872068047523, "innovation_std_sum": 615.8650110649696, "noise_marginal_std_sum": 693.9165237996704}
{"step": 250, "epoch": 5, "train_loss": 1.9187526245117188, "clip_fraction": 0.824, "gradient_norm_mean": 1039.657390625, "gradient_norm_max": 5553.931640625, "step_seconds": 1.9585783034563065, "innovation_std_sum": 615.8650110649696, "noise_marginal_std_sum": 693.9165237996704}
{"epoch": 5, "step": 250, "train_loss": 1.8686090521240235, "clip_fraction": 0.83084, "epsilon": 3.9999999999999685, "accuracy": 0.6297, "validation_loss": 1.3124205932617188, "validation_examples": 10000}
