/home/longt29/miniconda3/envs/curve/lib/python3.11/site-packages/torchvision/datasets/cifar.py:83: VisibleDeprecationWarning: dtype(): align should be passed as Python or NumPy boolean but got `align=0`. Did you mean to pass a tuple to create a subarray type? (Deprecated NumPy 2.4)
  entry = pickle.load(f, encoding="latin1")
sys:1: UserWarning: Full backward hook is firing when gradients are computed with respect to module outputs since no inputs require gradients. See https://docs.pytorch.org/docs/main/generated/torch.nn.Module.html#torch.nn.Module.register_full_backward_hook for more details.
{"step": 10, "epoch": 1, "train_loss": 4.480049194335938, "clip_fraction": 0.85, "gradient_norm_mean": 247.61148828125, "gradient_norm_max": 538.1353149414062, "step_seconds": 1.951355192810297, "innovation_std_sum": 960.5354058391272, "noise_marginal_std_sum": 1324.878491966481}
{"step": 20, "epoch": 1, "train_loss": 4.110894653320313, "clip_fraction": 0.884, "gradient_norm_mean": 264.47966015625, "gradient_norm_max": 589.8480834960938, "step_seconds": 1.9490836560726166, "innovation_std_sum": 960.5354058391272, "noise_marginal_std_sum": 1324.878491966481}
{"step": 30, "epoch": 1, "train_loss": 3.65723583984375, "clip_fraction": 0.93, "gradient_norm_mean": 288.2826796875, "gradient_norm_max": 723.96240234375, "step_seconds": 1.9726140946149826, "innovation_std_sum": 960.5354058391272, "noise_marginal_std_sum": 1324.878491966481}
{"step": 40, "epoch": 1, "train_loss": 3.27269189453125, "clip_fraction": 0.89, "gradient_norm_mean": 285.6227890625, "gradient_norm_max": 683.8565673828125, "step_seconds": 1.9561255127191544, "innovation_std_sum": 960.5354058391272, "noise_marginal_std_sum": 1324.878491966481}
{"epoch": 1, "step": 45, "train_loss": 3.961707275390625, "clip_fraction": 0.8998444444444444, "epsilon": 2.805247463992718, "accuracy": 0.3268, "validation_loss": 2.7083388916015627, "validation_examples": 5000}
{"step": 50, "epoch": 2, "train_loss": 2.87166943359375, "clip_fraction": 0.804, "gradient_norm_mean": 264.2318984375, "gradient_norm_max": 816.7156372070312, "step_seconds": 1.9429138116538525, "innovation_std_sum": 960.5354058391272, "noise_marginal_std_sum": 1324.878491966481}
{"step": 60, "epoch": 2, "train_loss": 2.6826805419921875, "clip_fraction": 0.684, "gradient_norm_mean": 239.47569140625, "gradient_norm_max": 954.6746215820312, "step_seconds": 1.9534570407122374, "innovation_std_sum": 960.5354058391272, "noise_marginal_std_sum": 1324.878491966481}
{"step": 70, "epoch": 2, "train_loss": 2.4419013671875, "clip_fraction": 0.577, "gradient_norm_mean": 219.87083203125, "gradient_norm_max": 1258.3818359375, "step_seconds": 1.9633664060384035, "innovation_std_sum": 960.5354058391272, "noise_marginal_std_sum": 1324.878491966481}
{"step": 80, "epoch": 2, "train_loss": 2.38444482421875, "clip_fraction": 0.522, "gradient_norm_mean": 213.69321875, "gradient_norm_max": 749.0247192382812, "step_seconds": 1.9626484885811806, "innovation_std_sum": 960.5354058391272, "noise_marginal_std_sum": 1324.878491966481}
{"step": 90, "epoch": 2, "train_loss": 2.2445565185546874, "clip_fraction": 0.44, "gradient_norm_mean": 197.06750390625, "gradient_norm_max": 1139.935302734375, "step_seconds": 1.9684414695948362, "innovation_std_sum": 960.5354058391272, "noise_marginal_std_sum": 1324.878491966481}
{"epoch": 2, "step": 90, "train_loss": 2.5426563869900174, "clip_fraction": 0.6200888888888889, "epsilon": 4.447471925552444, "accuracy": 0.544, "validation_loss": 1.7483967041015624, "validation_examples": 5000}
{"step": 100, "epoch": 3, "train_loss": 2.0401959533691407, "clip_fraction": 0.358, "gradient_norm_mean": 176.86763671875, "gradient_norm_max": 669.9540405273438, "step_seconds": 1.9802972972393036, "innovation_std_sum": 960.5354058391272, "noise_marginal_std_sum": 1324.878491966481}
{"step": 110, "epoch": 3, "train_loss": 1.989684814453125, "clip_fraction": 0.317, "gradient_norm_mean": 168.99616015625, "gradient_norm_max": 671.857666015625, "step_seconds": 1.9592114239931107, "innovation_std_sum": 960.5354058391272, "noise_marginal_std_sum": 1324.878491966481}
{"step": 120, "epoch": 3, "train_loss": 1.9401984252929687, "clip_fraction": 0.301, "gradient_norm_mean": 165.80478125, "gradient_norm_max": 720.2367553710938, "step_seconds": 1.9798761680722237, "innovation_std_sum": 960.5354058391272, "noise_marginal_std_sum": 1324.878491966481}
{"step": 130, "epoch": 3, "train_loss": 1.8924400939941406, "clip_fraction": 0.26, "gradient_norm_mean": 153.78873046875, "gradient_norm_max": 1022.0780029296875, "step_seconds": 2.013049455359578, "innovation_std_sum": 960.5354058391272, "noise_marginal_std_sum": 1324.878491966481}
{"epoch": 3, "step": 135, "train_loss": 2.0079738396538627, "clip_fraction": 0.32613333333333333, "epsilon": 5.779485746307642, "accuracy": 0.626, "validation_loss": 1.3934377319335938, "validation_examples": 5000}
{"step": 140, "epoch": 4, "train_loss": 1.828551300048828, "clip_fraction": 0.218, "gradient_norm_mean": 142.18083203125, "gradient_norm_max": 698.2791137695312, "step_seconds": 1.951376460492611, "innovation_std_sum": 960.5354058391272, "noise_marginal_std_sum": 1324.878491966481}
{"step": 150, "epoch": 4, "train_loss": 1.8190749816894531, "clip_fraction": 0.219, "gradient_norm_mean": 142.76715625, "gradient_norm_max": 664.929443359375, "step_seconds": 1.9567287936806679, "innovation_std_sum": 960.5354058391272, "noise_marginal_std_sum": 1324.878491966481}
{"step": 160, "epoch": 4, "train_loss": 1.803980712890625, "clip_fraction": 0.206, "gradient_norm_mean": 136.9032734375, "gradient_norm_max": 592.4391479492188, "step_seconds": 1.956865368410945, "innovation_std_sum": 960.5354058391272, "noise_marginal_std_sum": 1324.878491966481}
{"step": 170, "epoch": 4, "train_loss": 1.7367252197265626, "clip_fraction": 0.159, "gradient_norm_mean": 127.2217265625, "gradient_norm_max": 589.6303100585938, "step_seconds": 1.9571502786129713, "innovation_std_sum": 960.5354058391272, "noise_marginal_std_sum": 1324.878491966481}
{"step": 180, "epoch": 4, "train_loss": 1.716587890625, "clip_fraction": 0.158, "gradient_norm_mean": 126.611966796875, "gradient_norm_max": 696.1715087890625, "step_seconds": 1.9593669064342976, "innovation_std_sum": 960.5354058391272, "noise_marginal_std_sum": 1324.878491966481}
{"epoch": 4, "step": 180, "train_loss": 1.788301385498047, "clip_fraction": 0.20475555555555555, "epsilon": 6.943065470652319, "accuracy": 0.6606, "validation_loss": 1.2303034790039062, "validation_examples": 5000}
{"step": 190, "epoch": 5, "train_loss": 1.6671730041503907, "clip_fraction": 0.168, "gradient_norm_mean": 122.75247265625, "gradient_norm_max": 540.8150634765625, "step_seconds": 1.9624528735876083, "innovation_std_sum": 960.5354058391272, "noise_marginal_std_sum": 1324.878491966481}
{"step": 200, "epoch": 5, "train_loss": 1.7131722412109376, "clip_fraction": 0.147, "gradient_norm_mean": 120.536724609375, "gradient_norm_max": 477.14208984375, "step_seconds": 1.9917174074798822, "innovation_std_sum": 960.5354058391272, "noise_marginal_std_sum": 1324.878491966481}
{"step": 210, "epoch": 5, "train_loss": 1.693176971435547, "clip_fraction": 0.128, "gradient_norm_mean": 114.842451171875, "gradient_norm_max": 449.1358947753906, "step_seconds": 1.9793914873152971, "innovation_std_sum": 960.5354058391272, "noise_marginal_std_sum": 1324.878491966481}
{"step": 220, "epoch": 5, "train_loss": 1.6416812744140625, "clip_fraction": 0.133, "gradient_norm_mean": 116.256125, "gradient_norm_max": 541.5615844726562, "step_seconds": 1.9555396772921085, "innovation_std_sum": 960.5354058391272, "noise_marginal_std_sum": 1324.878491966481}
{"epoch": 5, "step": 225, "train_loss": 1.6607909240722656, "clip_fraction": 0.14208888888888888, "epsilon": 8.000000000000005, "accuracy": 0.6816, "validation_loss": 1.1404265991210938, "validation_examples": 5000}
