Loading weights:   0%|          | 0/39 [00:00<?, ?it/s]Loading weights: 100%|██████████| 39/39 [00:00<00:00, 16958.10it/s]
[transformers] [1mBertModel LOAD REPORT[0m from: /media/data/data/lt/dp-adam-correlated/cache/bert-tiny
Key                                        | Status     |  | 
-------------------------------------------+------------+--+-
cls.predictions.decoder.bias               | UNEXPECTED |  | 
cls.predictions.transform.dense.bias       | UNEXPECTED |  | 
cls.predictions.transform.LayerNorm.weight | UNEXPECTED |  | 
cls.predictions.decoder.weight             | UNEXPECTED |  | 
cls.predictions.transform.LayerNorm.bias   | UNEXPECTED |  | 
cls.seq_relationship.weight                | UNEXPECTED |  | 
cls.predictions.bias                       | UNEXPECTED |  | 
cls.seq_relationship.bias                  | UNEXPECTED |  | 
cls.predictions.transform.dense.weight     | UNEXPECTED |  | 

Notes:
- UNEXPECTED:	can be ignored when loading from different task/architecture; not ok if you expect identical arch.
sys:1: UserWarning: Full backward hook is firing when gradients are computed with respect to module outputs since no inputs require gradients. See https://docs.pytorch.org/docs/main/generated/torch.nn.Module.html#torch.nn.Module.register_full_backward_hook for more details.
{"step": 10, "epoch": 1, "train_loss": 0.8371932983398438, "clip_fraction": 0.484, "gradient_norm_mean": 469.823625, "gradient_norm_max": 1390.1396484375, "step_seconds": 0.27679687179625034, "innovation_std_sum": 512.8644435247487, "noise_marginal_std_sum": 577.8622026533709}
{"step": 20, "epoch": 1, "train_loss": 0.7034849853515625, "clip_fraction": 0.738, "gradient_norm_mean": 487.8410625, "gradient_norm_max": 1182.2442626953125, "step_seconds": 0.2795103434473276, "innovation_std_sum": 512.8644435247487, "noise_marginal_std_sum": 577.8622026533709}
{"step": 30, "epoch": 1, "train_loss": 0.7919820556640625, "clip_fraction": 0.627, "gradient_norm_mean": 705.10475, "gradient_norm_max": 2296.33544921875, "step_seconds": 0.279335955157876, "innovation_std_sum": 512.8644435247487, "noise_marginal_std_sum": 577.8622026533709}
{"step": 40, "epoch": 1, "train_loss": 0.7172530517578125, "clip_fraction": 0.791, "gradient_norm_mean": 986.4804375, "gradient_norm_max": 2974.072021484375, "step_seconds": 0.2769543156027794, "innovation_std_sum": 512.8644435247487, "noise_marginal_std_sum": 577.8622026533709}
{"step": 50, "epoch": 1, "train_loss": 0.766781982421875, "clip_fraction": 0.721, "gradient_norm_mean": 1434.655, "gradient_norm_max": 4739.78662109375, "step_seconds": 0.2795982416719198, "innovation_std_sum": 512.8644435247487, "noise_marginal_std_sum": 577.8622026533709}
{"step": 60, "epoch": 1, "train_loss": 0.5932891845703125, "clip_fraction": 0.836, "gradient_norm_mean": 1847.066875, "gradient_norm_max": 6996.607421875, "step_seconds": 0.28298170678317547, "innovation_std_sum": 512.8644435247487, "noise_marginal_std_sum": 577.8622026533709}
{"epoch": 1, "step": 62, "train_loss": 0.729655515609249, "clip_fraction": 0.7042258064516129, "epsilon": 3.1232923300753557, "accuracy": 0.7091045055150496, "validation_loss": 0.5955575432013431, "validation_examples": 5349}
{"step": 70, "epoch": 2, "train_loss": 0.6792987670898437, "clip_fraction": 0.672, "gradient_norm_mean": 2447.239, "gradient_norm_max": 11370.443359375, "step_seconds": 0.28799019753932953, "innovation_std_sum": 512.8644435247487, "noise_marginal_std_sum": 577.8622026533709}
{"step": 80, "epoch": 2, "train_loss": 0.7241295166015626, "clip_fraction": 0.609, "gradient_norm_mean": 2763.16, "gradient_norm_max": 17110.484375, "step_seconds": 0.2836159598082304, "innovation_std_sum": 512.8644435247487, "noise_marginal_std_sum": 577.8622026533709}
{"step": 90, "epoch": 2, "train_loss": 0.7467611083984375, "clip_fraction": 0.502, "gradient_norm_mean": 2743.934, "gradient_norm_max": 22347.654296875, "step_seconds": 0.28073001094162464, "innovation_std_sum": 512.8644435247487, "noise_marginal_std_sum": 577.8622026533709}
{"step": 100, "epoch": 2, "train_loss": 0.7640241088867188, "clip_fraction": 0.49, "gradient_norm_mean": 3088.385, "gradient_norm_max": 22365.962890625, "step_seconds": 0.2745225839316845, "innovation_std_sum": 512.8644435247487, "noise_marginal_std_sum": 577.8622026533709}
{"step": 110, "epoch": 2, "train_loss": 0.74459375, "clip_fraction": 0.476, "gradient_norm_mean": 3063.203, "gradient_norm_max": 27666.080078125, "step_seconds": 0.26124754920601845, "innovation_std_sum": 512.8644435247487, "noise_marginal_std_sum": 577.8622026533709}
{"step": 120, "epoch": 2, "train_loss": 0.6795939331054688, "clip_fraction": 0.464, "gradient_norm_mean": 2985.02425, "gradient_norm_max": 27097.35546875, "step_seconds": 0.2921601813286543, "innovation_std_sum": 512.8644435247487, "noise_marginal_std_sum": 577.8622026533709}
{"epoch": 2, "step": 124, "train_loss": 0.7204812454715852, "clip_fraction": 0.5583387096774194, "epsilon": 4.65092091490115, "accuracy": 0.7694896242288278, "validation_loss": 0.7666675049159032, "validation_examples": 5349}
{"step": 130, "epoch": 3, "train_loss": 0.7207343139648438, "clip_fraction": 0.469, "gradient_norm_mean": 3281.778, "gradient_norm_max": 23343.046875, "step_seconds": 0.28761239908635616, "innovation_std_sum": 512.8644435247487, "noise_marginal_std_sum": 577.8622026533709}
{"step": 140, "epoch": 3, "train_loss": 0.754113037109375, "clip_fraction": 0.461, "gradient_norm_mean": 3399.422, "gradient_norm_max": 27307.34765625, "step_seconds": 0.29154222458601, "innovation_std_sum": 512.8644435247487, "noise_marginal_std_sum": 577.8622026533709}
{"step": 150, "epoch": 3, "train_loss": 0.7534310302734375, "clip_fraction": 0.455, "gradient_norm_mean": 3078.268, "gradient_norm_max": 25780.26953125, "step_seconds": 0.2868945822119713, "innovation_std_sum": 512.8644435247487, "noise_marginal_std_sum": 577.8622026533709}
{"step": 160, "epoch": 3, "train_loss": 0.7660372314453125, "clip_fraction": 0.459, "gradient_norm_mean": 3290.60975, "gradient_norm_max": 23014.501953125, "step_seconds": 0.2933910060673952, "innovation_std_sum": 512.8644435247487, "noise_marginal_std_sum": 577.8622026533709}
{"step": 170, "epoch": 3, "train_loss": 0.7665671997070312, "clip_fraction": 0.452, "gradient_norm_mean": 3195.04925, "gradient_norm_max": 27578.353515625, "step_seconds": 0.2899555340409279, "innovation_std_sum": 512.8644435247487, "noise_marginal_std_sum": 577.8622026533709}
{"step": 180, "epoch": 3, "train_loss": 0.782589111328125, "clip_fraction": 0.444, "gradient_norm_mean": 3099.3755, "gradient_norm_max": 24541.263671875, "step_seconds": 0.27490016259253025, "innovation_std_sum": 512.8644435247487, "noise_marginal_std_sum": 577.8622026533709}
{"epoch": 3, "step": 186, "train_loss": 0.7111334976688508, "clip_fraction": 0.4474516129032258, "epsilon": 5.8971720333737725, "accuracy": 0.7874369040942232, "validation_loss": 0.7047191669081144, "validation_examples": 5349}
{"step": 190, "epoch": 4, "train_loss": 0.6094481811523438, "clip_fraction": 0.427, "gradient_norm_mean": 3020.133, "gradient_norm_max": 34652.6640625, "step_seconds": 0.29119063168764114, "innovation_std_sum": 512.8644435247487, "noise_marginal_std_sum": 577.8622026533709}
{"step": 200, "epoch": 4, "train_loss": 0.671078857421875, "clip_fraction": 0.44, "gradient_norm_mean": 2889.4445, "gradient_norm_max": 30731.302734375, "step_seconds": 0.29042172245681286, "innovation_std_sum": 512.8644435247487, "noise_marginal_std_sum": 577.8622026533709}
{"step": 210, "epoch": 4, "train_loss": 0.7042398681640625, "clip_fraction": 0.415, "gradient_norm_mean": 2957.976, "gradient_norm_max": 29531.533203125, "step_seconds": 0.2948230244219303, "innovation_std_sum": 512.8644435247487, "noise_marginal_std_sum": 577.8622026533709}
{"step": 220, "epoch": 4, "train_loss": 0.6272408447265625, "clip_fraction": 0.411, "gradient_norm_mean": 2636.001, "gradient_norm_max": 33277.19921875, "step_seconds": 0.2926739640533924, "innovation_std_sum": 512.8644435247487, "noise_marginal_std_sum": 577.8622026533709}
{"step": 230, "epoch": 4, "train_loss": 0.6890426635742187, "clip_fraction": 0.41, "gradient_norm_mean": 2920.9735, "gradient_norm_max": 24364.037109375, "step_seconds": 0.2829702626913786, "innovation_std_sum": 512.8644435247487, "noise_marginal_std_sum": 577.8622026533709}
{"step": 240, "epoch": 4, "train_loss": 0.6597188720703125, "clip_fraction": 0.402, "gradient_norm_mean": 2645.07, "gradient_norm_max": 27155.6171875, "step_seconds": 0.2872141655534506, "innovation_std_sum": 512.8644435247487, "noise_marginal_std_sum": 577.8622026533709}
{"epoch": 4, "step": 248, "train_loss": 0.6641193138860887, "clip_fraction": 0.4075, "epsilon": 6.99603312968092, "accuracy": 0.8027668723125818, "validation_loss": 0.6649566075582998, "validation_examples": 5349}
{"step": 250, "epoch": 5, "train_loss": 0.7112794189453125, "clip_fraction": 0.374, "gradient_norm_mean": 2520.767, "gradient_norm_max": 26531.298828125, "step_seconds": 0.27668240666389465, "innovation_std_sum": 512.8644435247487, "noise_marginal_std_sum": 577.8622026533709}
{"step": 260, "epoch": 5, "train_loss": 0.682722412109375, "clip_fraction": 0.386, "gradient_norm_mean": 2653.4275, "gradient_norm_max": 36102.75390625, "step_seconds": 0.27413394674658775, "innovation_std_sum": 512.8644435247487, "noise_marginal_std_sum": 577.8622026533709}
{"step": 270, "epoch": 5, "train_loss": 0.6114361572265625, "clip_fraction": 0.377, "gradient_norm_mean": 2439.2945, "gradient_norm_max": 24919.232421875, "step_seconds": 0.294404748827219, "innovation_std_sum": 512.8644435247487, "noise_marginal_std_sum": 577.8622026533709}
{"step": 280, "epoch": 5, "train_loss": 0.631488037109375, "clip_fraction": 0.38, "gradient_norm_mean": 2618.375, "gradient_norm_max": 25773.751953125, "step_seconds": 0.29441878385841846, "innovation_std_sum": 512.8644435247487, "noise_marginal_std_sum": 577.8622026533709}
{"step": 290, "epoch": 5, "train_loss": 0.6160482788085937, "clip_fraction": 0.366, "gradient_norm_mean": 2564.29, "gradient_norm_max": 35238.10546875, "step_seconds": 0.2864740788936615, "innovation_std_sum": 512.8644435247487, "noise_marginal_std_sum": 577.8622026533709}
{"step": 300, "epoch": 5, "train_loss": 0.58256494140625, "clip_fraction": 0.36, "gradient_norm_mean": 2428.334, "gradient_norm_max": 32072.30078125, "step_seconds": 0.2910839822143316, "innovation_std_sum": 512.8644435247487, "noise_marginal_std_sum": 577.8622026533709}
{"step": 310, "epoch": 5, "train_loss": 0.6654793701171875, "clip_fraction": 0.376, "gradient_norm_mean": 2493.84475, "gradient_norm_max": 25056.548828125, "step_seconds": 0.14267629012465477, "innovation_std_sum": 512.8644435247487, "noise_marginal_std_sum": 577.8622026533709}
{"epoch": 5, "step": 310, "train_loss": 0.6338542608445691, "clip_fraction": 0.3771451612903226, "epsilon": 8.000000000000007, "accuracy": 0.8093101514301738, "validation_loss": 0.6265390188944944, "validation_examples": 5349}
