/home/longt29/miniconda3/envs/curve/lib/python3.11/site-packages/torchvision/datasets/cifar.py:83: VisibleDeprecationWarning: dtype(): align should be passed as Python or NumPy boolean but got `align=0`. Did you mean to pass a tuple to create a subarray type? (Deprecated NumPy 2.4)
  entry = pickle.load(f, encoding="latin1")
sys:1: UserWarning: Full backward hook is firing when gradients are computed with respect to module outputs since no inputs require gradients. See https://docs.pytorch.org/docs/main/generated/torch.nn.Module.html#torch.nn.Module.register_full_backward_hook for more details.
{"step": 10, "epoch": 1, "train_loss": 4.386162231445312, "clip_fraction": 1.0, "gradient_norm_mean": 51.627869140625, "gradient_norm_max": 118.33513641357422, "step_seconds": 2.112201815471053, "innovation_std_sum": 24.075993838827024, "noise_marginal_std_sum": 28.166422180982536}
{"step": 20, "epoch": 1, "train_loss": 3.806955322265625, "clip_fraction": 1.0, "gradient_norm_mean": 79.793212890625, "gradient_norm_max": 183.91078186035156, "step_seconds": 2.1545019894838333, "innovation_std_sum": 24.075993838827024, "noise_marginal_std_sum": 28.166422180982536}
{"step": 30, "epoch": 1, "train_loss": 3.2543919067382814, "clip_fraction": 1.0, "gradient_norm_mean": 103.349375, "gradient_norm_max": 301.4697265625, "step_seconds": 2.1575810704380274, "innovation_std_sum": 24.075993838827024, "noise_marginal_std_sum": 28.166422180982536}
{"step": 40, "epoch": 1, "train_loss": 2.8269000244140625, "clip_fraction": 0.998, "gradient_norm_mean": 109.303197265625, "gradient_norm_max": 318.53546142578125, "step_seconds": 2.128451680764556, "innovation_std_sum": 24.075993838827024, "noise_marginal_std_sum": 28.166422180982536}
{"epoch": 1, "step": 45, "train_loss": 3.6786368340386284, "clip_fraction": 0.9996888888888888, "epsilon": 3.0297011451528837, "accuracy": 0.4356, "validation_loss": 2.228309228515625, "validation_examples": 5000}
{"step": 50, "epoch": 2, "train_loss": 2.430240661621094, "clip_fraction": 0.992, "gradient_norm_mean": 110.495544921875, "gradient_norm_max": 561.5839233398438, "step_seconds": 2.112770538777113, "innovation_std_sum": 24.075993838827024, "noise_marginal_std_sum": 28.166422180982536}
{"step": 60, "epoch": 2, "train_loss": 2.2952908935546876, "clip_fraction": 0.985, "gradient_norm_mean": 113.802671875, "gradient_norm_max": 767.6464233398438, "step_seconds": 2.1263025365769863, "innovation_std_sum": 24.075993838827024, "noise_marginal_std_sum": 28.166422180982536}
{"step": 70, "epoch": 2, "train_loss": 2.0185228881835937, "clip_fraction": 0.952, "gradient_norm_mean": 108.21684375, "gradient_norm_max": 625.7101440429688, "step_seconds": 2.1324160527437925, "innovation_std_sum": 24.075993838827024, "noise_marginal_std_sum": 28.166422180982536}
{"step": 80, "epoch": 2, "train_loss": 2.009751007080078, "clip_fraction": 0.953, "gradient_norm_mean": 113.72565234375, "gradient_norm_max": 548.4619140625, "step_seconds": 2.1309025790542364, "innovation_std_sum": 24.075993838827024, "noise_marginal_std_sum": 28.166422180982536}
{"step": 90, "epoch": 2, "train_loss": 1.8584625549316407, "clip_fraction": 0.931, "gradient_norm_mean": 114.555205078125, "gradient_norm_max": 446.7467041015625, "step_seconds": 2.1398862563073635, "innovation_std_sum": 24.075993838827024, "noise_marginal_std_sum": 28.166422180982536}
{"epoch": 2, "step": 90, "train_loss": 2.147722277832031, "clip_fraction": 0.9655777777777778, "epsilon": 4.5953206372907065, "accuracy": 0.6302, "validation_loss": 1.3532267883300781, "validation_examples": 5000}
{"step": 100, "epoch": 3, "train_loss": 1.7143625183105469, "clip_fraction": 0.901, "gradient_norm_mean": 109.75105078125, "gradient_norm_max": 502.556396484375, "step_seconds": 2.107163516804576, "innovation_std_sum": 24.075993838827024, "noise_marginal_std_sum": 28.166422180982536}
{"step": 110, "epoch": 3, "train_loss": 1.6442676696777343, "clip_fraction": 0.898, "gradient_norm_mean": 108.861171875, "gradient_norm_max": 675.43603515625, "step_seconds": 2.1271400041878223, "innovation_std_sum": 24.075993838827024, "noise_marginal_std_sum": 28.166422180982536}
{"step": 120, "epoch": 3, "train_loss": 1.5837037963867187, "clip_fraction": 0.856, "gradient_norm_mean": 108.47488671875, "gradient_norm_max": 474.03240966796875, "step_seconds": 2.1349891908466816, "innovation_std_sum": 24.075993838827024, "noise_marginal_std_sum": 28.166422180982536}
{"step": 130, "epoch": 3, "train_loss": 1.523642578125, "clip_fraction": 0.858, "gradient_norm_mean": 108.660974609375, "gradient_norm_max": 1058.8333740234375, "step_seconds": 2.1357997562736273, "innovation_std_sum": 24.075993838827024, "noise_marginal_std_sum": 28.166422180982536}
{"epoch": 3, "step": 135, "train_loss": 1.6770189127604167, "clip_fraction": 0.8823111111111112, "epsilon": 5.865340104265841, "accuracy": 0.697, "validation_loss": 1.050777099609375, "validation_examples": 5000}
{"step": 140, "epoch": 4, "train_loss": 1.5557509765625, "clip_fraction": 0.818, "gradient_norm_mean": 107.11532421875, "gradient_norm_max": 653.4537353515625, "step_seconds": 2.1177203115075827, "innovation_std_sum": 24.075993838827024, "noise_marginal_std_sum": 28.166422180982536}
{"step": 150, "epoch": 4, "train_loss": 1.5269497985839844, "clip_fraction": 0.804, "gradient_norm_mean": 110.833482421875, "gradient_norm_max": 837.36474609375, "step_seconds": 2.1428922805935144, "innovation_std_sum": 24.075993838827024, "noise_marginal_std_sum": 28.166422180982536}
{"step": 160, "epoch": 4, "train_loss": 1.521342529296875, "clip_fraction": 0.808, "gradient_norm_mean": 111.830484375, "gradient_norm_max": 746.9713134765625, "step_seconds": 2.144624339416623, "innovation_std_sum": 24.075993838827024, "noise_marginal_std_sum": 28.166422180982536}
{"step": 170, "epoch": 4, "train_loss": 1.4598646545410157, "clip_fraction": 0.815, "gradient_norm_mean": 107.87828125, "gradient_norm_max": 686.3160400390625, "step_seconds": 2.125606684014201, "innovation_std_sum": 24.075993838827024, "noise_marginal_std_sum": 28.166422180982536}
{"step": 180, "epoch": 4, "train_loss": 1.418560821533203, "clip_fraction": 0.787, "gradient_norm_mean": 106.67933203125, "gradient_norm_max": 577.0969848632812, "step_seconds": 2.114183772355318, "innovation_std_sum": 24.075993838827024, "noise_marginal_std_sum": 28.166422180982536}
{"epoch": 4, "step": 180, "train_loss": 1.4935306905110677, "clip_fraction": 0.8121777777777778, "epsilon": 6.9817050448149836, "accuracy": 0.737, "validation_loss": 0.9013542205810546, "validation_examples": 5000}
{"step": 190, "epoch": 5, "train_loss": 1.3495263671875, "clip_fraction": 0.811, "gradient_norm_mean": 106.64463671875, "gradient_norm_max": 504.44622802734375, "step_seconds": 2.1330924835056067, "innovation_std_sum": 24.075993838827024, "noise_marginal_std_sum": 28.166422180982536}
{"step": 200, "epoch": 5, "train_loss": 1.4079056091308593, "clip_fraction": 0.772, "gradient_norm_mean": 108.4196640625, "gradient_norm_max": 659.5361328125, "step_seconds": 2.127553455531597, "innovation_std_sum": 24.075993838827024, "noise_marginal_std_sum": 28.166422180982536}
{"step": 210, "epoch": 5, "train_loss": 1.4481649780273438, "clip_fraction": 0.745, "gradient_norm_mean": 110.832166015625, "gradient_norm_max": 624.0094604492188, "step_seconds": 2.1143857166171074, "innovation_std_sum": 24.075993838827024, "noise_marginal_std_sum": 28.166422180982536}
{"step": 220, "epoch": 5, "train_loss": 1.3795782165527344, "clip_fraction": 0.763, "gradient_norm_mean": 113.60156640625, "gradient_norm_max": 658.5103149414062, "step_seconds": 2.139569254592061, "innovation_std_sum": 24.075993838827024, "noise_marginal_std_sum": 28.166422180982536}
{"epoch": 5, "step": 225, "train_loss": 1.3868754136827257, "clip_fraction": 0.7637111111111111, "epsilon": 8.000000000000005, "accuracy": 0.76, "validation_loss": 0.827304052734375, "validation_examples": 5000}
