/home/longt29/miniconda3/envs/curve/lib/python3.11/site-packages/torchvision/datasets/cifar.py:83: VisibleDeprecationWarning: dtype(): align should be passed as Python or NumPy boolean but got `align=0`. Did you mean to pass a tuple to create a subarray type? (Deprecated NumPy 2.4)
  entry = pickle.load(f, encoding="latin1")
{"method": "dp-adam-momentum-bandinvmf", "smoke": false, "calibration": {"target_mu": 1.6660305978457184, "sensitivity": 7.852751308631718, "innovation_std_sum": 141.40348896567355, "adjacency": "add_remove_zero_out", "k": 5, "b_participation": 50, "sampling_amplification": false}, "coefficients": [1.0, -0.95, -0.0012500000000000844, -0.001187499999999897]}
sys:1: UserWarning: Full backward hook is firing when gradients are computed with respect to module outputs since no inputs require gradients. See https://docs.pytorch.org/docs/main/generated/torch.nn.Module.html#torch.nn.Module.register_full_backward_hook for more details.
{"progress_step": 10, "epoch": 1, "train_loss_so_far": 4.683112719726562, "clip_fraction_so_far": 1.0}
{"progress_step": 20, "epoch": 1, "train_loss_so_far": 4.45466032409668, "clip_fraction_so_far": 1.0}
{"progress_step": 30, "epoch": 1, "train_loss_so_far": 4.232804844156901, "clip_fraction_so_far": 0.9999666666666667}
{"progress_step": 40, "epoch": 1, "train_loss_so_far": 4.0142898208618165, "clip_fraction_so_far": 0.999875}
{"progress_step": 50, "epoch": 1, "train_loss_so_far": 3.8078596276855468, "clip_fraction_so_far": 0.99894}
{"epoch": 1, "logical_steps": 50, "train_examples": 50000, "train_loss": 3.8078596276855468, "test_loss": 2.5011200927734376, "test_top1": 0.3761, "clip_fraction": 0.99894, "gdp_mu": 0.6922887915534621, "gdp_epsilon": 2.8734263506543494, "target_mu": 1.6660305978457184, "target_epsilon": 8.0, "delta": 1e-05, "noise_std": 0.19503959987396557, "noise_std_space": "gradient", "innovation_std_sum": 141.40348896567355, "augmentation_trace_sha256": "a8cb9c873959692e7ed635bac905df22dfc19a5887c40d581b7ed9c91322469a", "seconds": 151.8600760679692}
{"progress_step": 60, "epoch": 2, "train_loss_so_far": 2.6854401794433596, "clip_fraction_so_far": 0.983}
{"progress_step": 70, "epoch": 2, "train_loss_so_far": 2.5753513763427733, "clip_fraction_so_far": 0.97465}
{"progress_step": 80, "epoch": 2, "train_loss_so_far": 2.4887727213541666, "clip_fraction_so_far": 0.9663666666666667}
{"progress_step": 90, "epoch": 2, "train_loss_so_far": 2.4050435134887693, "clip_fraction_so_far": 0.956975}
{"progress_step": 100, "epoch": 2, "train_loss_so_far": 2.3297623864746093, "clip_fraction_so_far": 0.94688}
{"epoch": 2, "logical_steps": 100, "train_examples": 50000, "train_loss": 2.3297623864746093, "test_loss": 1.5474882568359376, "test_top1": 0.5899, "clip_fraction": 0.94688, "gdp_mu": 1.0231641324654879, "gdp_epsilon": 4.494876969944211, "target_mu": 1.6660305978457184, "target_epsilon": 8.0, "delta": 1e-05, "noise_std": 0.19503959987396557, "noise_std_space": "gradient", "innovation_std_sum": 141.40348896567355, "augmentation_trace_sha256": "cf10019b1d1abf4262ea5b45b9d1bed6b2264d036965058f07eafbbda55674ca", "seconds": 138.5392952412367}
{"progress_step": 110, "epoch": 3, "train_loss_so_far": 1.9336334228515626, "clip_fraction_so_far": 0.8813}
{"progress_step": 120, "epoch": 3, "train_loss_so_far": 1.889487535095215, "clip_fraction_so_far": 0.8729}
{"progress_step": 130, "epoch": 3, "train_loss_so_far": 1.8524122294108072, "clip_fraction_so_far": 0.8614333333333334}
{"progress_step": 140, "epoch": 3, "train_loss_so_far": 1.8288889778137207, "clip_fraction_so_far": 0.8553}
{"progress_step": 150, "epoch": 3, "train_loss_so_far": 1.7972657391357423, "clip_fraction_so_far": 0.84512}
{"epoch": 3, "logical_steps": 150, "train_examples": 50000, "train_loss": 1.7972657391357423, "test_loss": 1.1709427200317384, "test_top1": 0.6748, "clip_fraction": 0.84512, "gdp_mu": 1.273823246724324, "gdp_epsilon": 5.807351225535705, "target_mu": 1.6660305978457184, "target_epsilon": 8.0, "delta": 1e-05, "noise_std": 0.19503959987396557, "noise_std_space": "gradient", "innovation_std_sum": 141.40348896567355, "augmentation_trace_sha256": "c5c7062b9f4a6b1504b8df1867c72d01bab286abd6b3dbb379b274a765e363bb", "seconds": 139.05410960316658}
{"progress_step": 160, "epoch": 4, "train_loss_so_far": 1.627729150390625, "clip_fraction_so_far": 0.797}
{"progress_step": 170, "epoch": 4, "train_loss_so_far": 1.5987333618164064, "clip_fraction_so_far": 0.78775}
{"progress_step": 180, "epoch": 4, "train_loss_so_far": 1.5874869689941407, "clip_fraction_so_far": 0.7792666666666667}
{"progress_step": 190, "epoch": 4, "train_loss_so_far": 1.5773421249389648, "clip_fraction_so_far": 0.77415}
{"progress_step": 200, "epoch": 4, "train_loss_so_far": 1.5595142822265624, "clip_fraction_so_far": 0.76618}
{"epoch": 4, "logical_steps": 200, "train_examples": 50000, "train_loss": 1.5595142822265624, "test_loss": 0.9947271697998047, "test_top1": 0.7153, "clip_fraction": 0.76618, "gdp_mu": 1.482939600138006, "gdp_epsilon": 6.955627916806438, "target_mu": 1.6660305978457184, "target_epsilon": 8.0, "delta": 1e-05, "noise_std": 0.19503959987396557, "noise_std_space": "gradient", "innovation_std_sum": 141.40348896567355, "augmentation_trace_sha256": "c86e4100c9a99e46b33217074d109313177f66ca4a468bf535e8cf0fb813aa65", "seconds": 141.97114348970354}
{"progress_step": 210, "epoch": 5, "train_loss_so_far": 1.4645333160400391, "clip_fraction_so_far": 0.7261}
{"progress_step": 220, "epoch": 5, "train_loss_so_far": 1.4585897491455078, "clip_fraction_so_far": 0.72525}
{"progress_step": 230, "epoch": 5, "train_loss_so_far": 1.4447783477783203, "clip_fraction_so_far": 0.7198333333333333}
{"progress_step": 240, "epoch": 5, "train_loss_so_far": 1.444319905090332, "clip_fraction_so_far": 0.719125}
{"progress_step": 250, "epoch": 5, "train_loss_so_far": 1.4295994451904297, "clip_fraction_so_far": 0.71322}
{"epoch": 5, "logical_steps": 250, "train_examples": 50000, "train_loss": 1.4295994451904297, "test_loss": 0.893319026184082, "test_top1": 0.7399, "clip_fraction": 0.71322, "gdp_mu": 1.6660305978457184, "gdp_epsilon": 8.000000000000005, "target_mu": 1.6660305978457184, "target_epsilon": 8.0, "delta": 1e-05, "noise_std": 0.19503959987396557, "noise_std_space": "gradient", "innovation_std_sum": 141.40348896567355, "augmentation_trace_sha256": "5a166cfdf1664376691bc322b6380dc25bd2089500f85f43c9dcb0efb629664c", "seconds": 139.57779379189014}
{"status": "completed", "results": "/media/data/data/lt/dp-adam-correlated/exp7b/results/final/trials/18b8af04d54435dd"}
