Loading weights:   0%|          | 0/39 [00:00<?, ?it/s]Loading weights: 100%|██████████| 39/39 [00:00<00:00, 22270.64it/s]
[transformers] [1mBertModel LOAD REPORT[0m from: /media/data/data/lt/dp-adam-correlated/cache/bert-tiny
Key                                        | Status     |  | 
-------------------------------------------+------------+--+-
cls.predictions.transform.dense.weight     | UNEXPECTED |  | 
cls.seq_relationship.bias                  | UNEXPECTED |  | 
cls.predictions.transform.LayerNorm.bias   | UNEXPECTED |  | 
cls.predictions.bias                       | UNEXPECTED |  | 
cls.predictions.decoder.weight             | UNEXPECTED |  | 
cls.predictions.transform.LayerNorm.weight | UNEXPECTED |  | 
cls.predictions.transform.dense.bias       | UNEXPECTED |  | 
cls.seq_relationship.weight                | UNEXPECTED |  | 
cls.predictions.decoder.bias               | UNEXPECTED |  | 

Notes:
- UNEXPECTED:	can be ignored when loading from different task/architecture; not ok if you expect identical arch.
sys:1: UserWarning: Full backward hook is firing when gradients are computed with respect to module outputs since no inputs require gradients. See https://docs.pytorch.org/docs/main/generated/torch.nn.Module.html#torch.nn.Module.register_full_backward_hook for more details.
{"step": 10, "epoch": 1, "train_loss": 0.6774430541992188, "clip_fraction": 0.134, "gradient_norm_mean": 7.99438037109375, "gradient_norm_max": 15.780363082885742, "step_seconds": 0.2606646753847599, "innovation_std_sum": 45.72045876410015, "noise_marginal_std_sum": 63.06280027905789}
{"step": 20, "epoch": 1, "train_loss": 0.6465076293945312, "clip_fraction": 0.465, "gradient_norm_mean": 9.9946923828125, "gradient_norm_max": 25.24660301208496, "step_seconds": 0.26597170904278755, "innovation_std_sum": 45.72045876410015, "noise_marginal_std_sum": 63.06280027905789}
{"step": 30, "epoch": 1, "train_loss": 0.5952200927734375, "clip_fraction": 0.726, "gradient_norm_mean": 14.83329296875, "gradient_norm_max": 37.60795593261719, "step_seconds": 0.26138660684227943, "innovation_std_sum": 45.72045876410015, "noise_marginal_std_sum": 63.06280027905789}
{"step": 40, "epoch": 1, "train_loss": 0.5568809814453125, "clip_fraction": 0.738, "gradient_norm_mean": 21.46034765625, "gradient_norm_max": 68.78257751464844, "step_seconds": 0.26083613745868206, "innovation_std_sum": 45.72045876410015, "noise_marginal_std_sum": 63.06280027905789}
{"step": 50, "epoch": 1, "train_loss": 0.61157861328125, "clip_fraction": 0.664, "gradient_norm_mean": 30.5383671875, "gradient_norm_max": 105.63224792480469, "step_seconds": 0.26209311932325363, "innovation_std_sum": 45.72045876410015, "noise_marginal_std_sum": 63.06280027905789}
{"step": 60, "epoch": 1, "train_loss": 0.6383450317382813, "clip_fraction": 0.568, "gradient_norm_mean": 37.7393125, "gradient_norm_max": 172.38824462890625, "step_seconds": 0.26625573821365833, "innovation_std_sum": 45.72045876410015, "noise_marginal_std_sum": 63.06280027905789}
{"epoch": 1, "step": 62, "train_loss": 0.6332074309318296, "clip_fraction": 0.5056935483870968, "epsilon": 2.983473211150575, "accuracy": 0.7298560478594129, "validation_loss": 0.7068836135849995, "validation_examples": 5349}
{"step": 70, "epoch": 2, "train_loss": 0.6671046752929688, "clip_fraction": 0.516, "gradient_norm_mean": 37.50053125, "gradient_norm_max": 204.53990173339844, "step_seconds": 0.2622898519039154, "innovation_std_sum": 45.72045876410015, "noise_marginal_std_sum": 63.06280027905789}
{"step": 80, "epoch": 2, "train_loss": 0.6864618530273437, "clip_fraction": 0.516, "gradient_norm_mean": 41.5660078125, "gradient_norm_max": 239.20498657226562, "step_seconds": 0.2626066729426384, "innovation_std_sum": 45.72045876410015, "noise_marginal_std_sum": 63.06280027905789}
{"step": 90, "epoch": 2, "train_loss": 0.6970538330078125, "clip_fraction": 0.492, "gradient_norm_mean": 43.16225390625, "gradient_norm_max": 280.93804931640625, "step_seconds": 0.26234234496951103, "innovation_std_sum": 45.72045876410015, "noise_marginal_std_sum": 63.06280027905789}
{"step": 100, "epoch": 2, "train_loss": 0.6879404296875, "clip_fraction": 0.483, "gradient_norm_mean": 42.34809375, "gradient_norm_max": 246.7839813232422, "step_seconds": 0.26265362463891506, "innovation_std_sum": 45.72045876410015, "noise_marginal_std_sum": 63.06280027905789}
{"step": 110, "epoch": 2, "train_loss": 0.6112980346679687, "clip_fraction": 0.474, "gradient_norm_mean": 38.85019921875, "gradient_norm_max": 262.56427001953125, "step_seconds": 0.2621848080307245, "innovation_std_sum": 45.72045876410015, "noise_marginal_std_sum": 63.06280027905789}
{"step": 120, "epoch": 2, "train_loss": 0.729982421875, "clip_fraction": 0.466, "gradient_norm_mean": 43.3391015625, "gradient_norm_max": 252.81985473632812, "step_seconds": 0.2627044878900051, "innovation_std_sum": 45.72045876410015, "noise_marginal_std_sum": 63.06280027905789}
{"epoch": 2, "step": 124, "train_loss": 0.6663003284085182, "clip_fraction": 0.4925483870967742, "epsilon": 4.566965972959099, "accuracy": 0.765002804262479, "validation_loss": 0.7336084918900948, "validation_examples": 5349}
{"step": 130, "epoch": 3, "train_loss": 0.6326837768554687, "clip_fraction": 0.47, "gradient_norm_mean": 43.4785390625, "gradient_norm_max": 259.12823486328125, "step_seconds": 0.2624714281409979, "innovation_std_sum": 45.72045876410015, "noise_marginal_std_sum": 63.06280027905789}
{"step": 140, "epoch": 3, "train_loss": 0.650359375, "clip_fraction": 0.441, "gradient_norm_mean": 41.83746875, "gradient_norm_max": 250.0118865966797, "step_seconds": 0.2669651247560978, "innovation_std_sum": 45.72045876410015, "noise_marginal_std_sum": 63.06280027905789}
{"step": 150, "epoch": 3, "train_loss": 0.5447003173828125, "clip_fraction": 0.438, "gradient_norm_mean": 39.56191015625, "gradient_norm_max": 272.5362243652344, "step_seconds": 0.26647800393402576, "innovation_std_sum": 45.72045876410015, "noise_marginal_std_sum": 63.06280027905789}
{"step": 160, "epoch": 3, "train_loss": 0.606626708984375, "clip_fraction": 0.431, "gradient_norm_mean": 40.6664921875, "gradient_norm_max": 283.2667541503906, "step_seconds": 0.2673190012574196, "innovation_std_sum": 45.72045876410015, "noise_marginal_std_sum": 63.06280027905789}
{"step": 170, "epoch": 3, "train_loss": 0.6118385009765624, "clip_fraction": 0.428, "gradient_norm_mean": 38.88380859375, "gradient_norm_max": 290.484130859375, "step_seconds": 0.26387323066592216, "innovation_std_sum": 45.72045876410015, "noise_marginal_std_sum": 63.06280027905789}
{"step": 180, "epoch": 3, "train_loss": 0.5823387451171875, "clip_fraction": 0.415, "gradient_norm_mean": 39.96588671875, "gradient_norm_max": 289.63079833984375, "step_seconds": 0.2656116895377636, "innovation_std_sum": 45.72045876410015, "noise_marginal_std_sum": 63.06280027905789}
{"epoch": 3, "step": 186, "train_loss": 0.6293617115636025, "clip_fraction": 0.4336935483870968, "epsilon": 5.849088165717443, "accuracy": 0.7851934941110488, "validation_loss": 0.643985408113301, "validation_examples": 5349}
{"step": 190, "epoch": 4, "train_loss": 0.6627562255859375, "clip_fraction": 0.428, "gradient_norm_mean": 42.11746875, "gradient_norm_max": 312.1570129394531, "step_seconds": 0.2677551135420799, "innovation_std_sum": 45.72045876410015, "noise_marginal_std_sum": 63.06280027905789}
{"step": 200, "epoch": 4, "train_loss": 0.578538818359375, "clip_fraction": 0.384, "gradient_norm_mean": 37.5643359375, "gradient_norm_max": 265.61480712890625, "step_seconds": 0.26772667095065117, "innovation_std_sum": 45.72045876410015, "noise_marginal_std_sum": 63.06280027905789}
{"step": 210, "epoch": 4, "train_loss": 0.5502351684570312, "clip_fraction": 0.391, "gradient_norm_mean": 35.291125, "gradient_norm_max": 260.82745361328125, "step_seconds": 0.2675706744194031, "innovation_std_sum": 45.72045876410015, "noise_marginal_std_sum": 63.06280027905789}
{"step": 220, "epoch": 4, "train_loss": 0.6012676391601562, "clip_fraction": 0.396, "gradient_norm_mean": 36.2068984375, "gradient_norm_max": 292.32257080078125, "step_seconds": 0.2674422040581703, "innovation_std_sum": 45.72045876410015, "noise_marginal_std_sum": 63.06280027905789}
{"step": 230, "epoch": 4, "train_loss": 0.5552169189453126, "clip_fraction": 0.384, "gradient_norm_mean": 35.6137578125, "gradient_norm_max": 324.6556396484375, "step_seconds": 0.26782819442451, "innovation_std_sum": 45.72045876410015, "noise_marginal_std_sum": 63.06280027905789}
{"step": 240, "epoch": 4, "train_loss": 0.5948795776367187, "clip_fraction": 0.38, "gradient_norm_mean": 35.9054375, "gradient_norm_max": 319.69610595703125, "step_seconds": 0.2640515901148319, "innovation_std_sum": 45.72045876410015, "noise_marginal_std_sum": 63.06280027905789}
{"epoch": 4, "step": 248, "train_loss": 0.5868665860083795, "clip_fraction": 0.3960161290322581, "epsilon": 6.974398475295221, "accuracy": 0.797345298186577, "validation_loss": 0.5933839277722809, "validation_examples": 5349}
{"step": 250, "epoch": 5, "train_loss": 0.5988666381835938, "clip_fraction": 0.375, "gradient_norm_mean": 35.300984375, "gradient_norm_max": 262.6399230957031, "step_seconds": 0.2634999118745327, "innovation_std_sum": 45.72045876410015, "noise_marginal_std_sum": 63.06280027905789}
{"step": 260, "epoch": 5, "train_loss": 0.5680750732421875, "clip_fraction": 0.368, "gradient_norm_mean": 32.84426953125, "gradient_norm_max": 314.4989318847656, "step_seconds": 0.26719351299107075, "innovation_std_sum": 45.72045876410015, "noise_marginal_std_sum": 63.06280027905789}
{"step": 270, "epoch": 5, "train_loss": 0.5276021728515625, "clip_fraction": 0.374, "gradient_norm_mean": 35.697703125, "gradient_norm_max": 292.42950439453125, "step_seconds": 0.26340452767908573, "innovation_std_sum": 45.72045876410015, "noise_marginal_std_sum": 63.06280027905789}
{"step": 280, "epoch": 5, "train_loss": 0.5125899658203125, "clip_fraction": 0.343, "gradient_norm_mean": 32.88434375, "gradient_norm_max": 331.31915283203125, "step_seconds": 0.2650952022522688, "innovation_std_sum": 45.72045876410015, "noise_marginal_std_sum": 63.06280027905789}
{"step": 290, "epoch": 5, "train_loss": 0.5477442626953125, "clip_fraction": 0.367, "gradient_norm_mean": 32.4412890625, "gradient_norm_max": 279.4778137207031, "step_seconds": 0.267844595015049, "innovation_std_sum": 45.72045876410015, "noise_marginal_std_sum": 63.06280027905789}
{"step": 300, "epoch": 5, "train_loss": 0.47195684814453126, "clip_fraction": 0.314, "gradient_norm_mean": 31.316322265625, "gradient_norm_max": 321.3922119140625, "step_seconds": 0.2646808698773384, "innovation_std_sum": 45.72045876410015, "noise_marginal_std_sum": 63.06280027905789}
{"step": 310, "epoch": 5, "train_loss": 0.5436151123046875, "clip_fraction": 0.356, "gradient_norm_mean": 30.114767578125, "gradient_norm_max": 349.487548828125, "step_seconds": 0.1796374823898077, "innovation_std_sum": 45.72045876410015, "noise_marginal_std_sum": 63.06280027905789}
{"epoch": 5, "step": 310, "train_loss": 0.551346927765877, "clip_fraction": 0.36843548387096775, "epsilon": 8.000000000000005, "accuracy": 0.8031407739764442, "validation_loss": 0.5617769265937056, "validation_examples": 5349}
