/home/longt29/miniconda3/envs/curve/lib/python3.11/site-packages/torchvision/datasets/cifar.py:83: VisibleDeprecationWarning: dtype(): align should be passed as Python or NumPy boolean but got `align=0`. Did you mean to pass a tuple to create a subarray type? (Deprecated NumPy 2.4)
  entry = pickle.load(f, encoding="latin1")
sys:1: UserWarning: Full backward hook is firing when gradients are computed with respect to module outputs since no inputs require gradients. See https://docs.pytorch.org/docs/main/generated/torch.nn.Module.html#torch.nn.Module.register_full_backward_hook for more details.
{"step": 10, "epoch": 1, "train_loss": 4.178524047851562, "clip_fraction": 1.0, "gradient_norm_mean": 433.49071875, "gradient_norm_max": 890.519287109375, "step_seconds": 2.0376890022307634, "innovation_std_sum": 270.2739752026552, "noise_marginal_std_sum": 372.79227242171237}
{"step": 20, "epoch": 1, "train_loss": 3.4278068237304686, "clip_fraction": 1.0, "gradient_norm_mean": 647.965671875, "gradient_norm_max": 1692.808837890625, "step_seconds": 2.1350328288972378, "innovation_std_sum": 270.2739752026552, "noise_marginal_std_sum": 372.79227242171237}
{"step": 30, "epoch": 1, "train_loss": 2.876802429199219, "clip_fraction": 0.999, "gradient_norm_mean": 718.597078125, "gradient_norm_max": 2574.684814453125, "step_seconds": 2.1151267532259226, "innovation_std_sum": 270.2739752026552, "noise_marginal_std_sum": 372.79227242171237}
{"step": 40, "epoch": 1, "train_loss": 2.4947115478515625, "clip_fraction": 0.991, "gradient_norm_mean": 748.245171875, "gradient_norm_max": 2620.654296875, "step_seconds": 2.146831963211298, "innovation_std_sum": 270.2739752026552, "noise_marginal_std_sum": 372.79227242171237}
{"step": 50, "epoch": 1, "train_loss": 2.2583839721679686, "clip_fraction": 0.963, "gradient_norm_mean": 726.239359375, "gradient_norm_max": 3168.642578125, "step_seconds": 2.2173060644418, "innovation_std_sum": 270.2739752026552, "noise_marginal_std_sum": 372.79227242171237}
{"epoch": 1, "step": 50, "train_loss": 3.270313680419922, "clip_fraction": 0.9931, "epsilon": 5.452262524286497, "accuracy": 0.5341, "validation_loss": 1.7319500701904298, "validation_examples": 10000}
{"step": 60, "epoch": 2, "train_loss": 1.9867017211914062, "clip_fraction": 0.927, "gradient_norm_mean": 712.188015625, "gradient_norm_max": 4181.189453125, "step_seconds": 2.1406761053949594, "innovation_std_sum": 270.2739752026552, "noise_marginal_std_sum": 372.79227242171237}
{"step": 70, "epoch": 2, "train_loss": 1.8692359619140626, "clip_fraction": 0.91, "gradient_norm_mean": 713.750140625, "gradient_norm_max": 6131.72216796875, "step_seconds": 2.1674922350794077, "innovation_std_sum": 270.2739752026552, "noise_marginal_std_sum": 372.79227242171237}
{"step": 80, "epoch": 2, "train_loss": 1.7885516662597656, "clip_fraction": 0.866, "gradient_norm_mean": 713.455953125, "gradient_norm_max": 5824.9833984375, "step_seconds": 2.1642962377518415, "innovation_std_sum": 270.2739752026552, "noise_marginal_std_sum": 372.79227242171237}
{"step": 90, "epoch": 2, "train_loss": 1.5887240295410157, "clip_fraction": 0.856, "gradient_norm_mean": 705.973609375, "gradient_norm_max": 3497.74951171875, "step_seconds": 2.2254452537745237, "innovation_std_sum": 270.2739752026552, "noise_marginal_std_sum": 372.79227242171237}
{"step": 100, "epoch": 2, "train_loss": 1.6160348205566406, "clip_fraction": 0.806, "gradient_norm_mean": 688.08921875, "gradient_norm_max": 4970.212890625, "step_seconds": 2.2081617079675198, "innovation_std_sum": 270.2739752026552, "noise_marginal_std_sum": 372.79227242171237}
{"epoch": 2, "step": 100, "train_loss": 1.7979017852783203, "clip_fraction": 0.88452, "epsilon": 8.694036130941571, "accuracy": 0.6919, "validation_loss": 1.06442950592041, "validation_examples": 10000}
{"step": 110, "epoch": 3, "train_loss": 1.521891815185547, "clip_fraction": 0.787, "gradient_norm_mean": 697.1760625, "gradient_norm_max": 4065.977294921875, "step_seconds": 2.090740831568837, "innovation_std_sum": 270.2739752026552, "noise_marginal_std_sum": 372.79227242171237}
{"step": 120, "epoch": 3, "train_loss": 1.4293226318359376, "clip_fraction": 0.77, "gradient_norm_mean": 683.761390625, "gradient_norm_max": 4549.30712890625, "step_seconds": 2.1562244296073914, "innovation_std_sum": 270.2739752026552, "noise_marginal_std_sum": 372.79227242171237}
{"step": 130, "epoch": 3, "train_loss": 1.5025955200195313, "clip_fraction": 0.787, "gradient_norm_mean": 716.33415625, "gradient_norm_max": 4022.18017578125, "step_seconds": 2.2078753858804703, "innovation_std_sum": 270.2739752026552, "noise_marginal_std_sum": 372.79227242171237}
{"step": 140, "epoch": 3, "train_loss": 1.4548935852050782, "clip_fraction": 0.748, "gradient_norm_mean": 702.36721875, "gradient_norm_max": 5338.20654296875, "step_seconds": 2.2011375222355127, "innovation_std_sum": 270.2739752026552, "noise_marginal_std_sum": 372.79227242171237}
{"step": 150, "epoch": 3, "train_loss": 1.4803684387207032, "clip_fraction": 0.71, "gradient_norm_mean": 685.77903125, "gradient_norm_max": 3635.546630859375, "step_seconds": 2.224483611062169, "innovation_std_sum": 270.2739752026552, "noise_marginal_std_sum": 372.79227242171237}
{"epoch": 3, "step": 150, "train_loss": 1.4745338012695313, "clip_fraction": 0.77094, "epsilon": 11.386748135094711, "accuracy": 0.7461, "validation_loss": 0.8557752227783203, "validation_examples": 10000}
{"step": 160, "epoch": 4, "train_loss": 1.4036936950683594, "clip_fraction": 0.72, "gradient_norm_mean": 700.51915625, "gradient_norm_max": 4299.3173828125, "step_seconds": 2.1023578457534313, "innovation_std_sum": 270.2739752026552, "noise_marginal_std_sum": 372.79227242171237}
{"step": 170, "epoch": 4, "train_loss": 1.307882110595703, "clip_fraction": 0.705, "gradient_norm_mean": 686.58928125, "gradient_norm_max": 6770.41162109375, "step_seconds": 2.129888493567705, "innovation_std_sum": 270.2739752026552, "noise_marginal_std_sum": 372.79227242171237}
{"step": 180, "epoch": 4, "train_loss": 1.3681486206054687, "clip_fraction": 0.711, "gradient_norm_mean": 681.2645625, "gradient_norm_max": 5210.87646484375, "step_seconds": 2.2032785583287477, "innovation_std_sum": 270.2739752026552, "noise_marginal_std_sum": 372.79227242171237}
{"step": 190, "epoch": 4, "train_loss": 1.4547130737304688, "clip_fraction": 0.699, "gradient_norm_mean": 707.462046875, "gradient_norm_max": 4458.90869140625, "step_seconds": 2.23603836260736, "innovation_std_sum": 270.2739752026552, "noise_marginal_std_sum": 372.79227242171237}
{"step": 200, "epoch": 4, "train_loss": 1.38508349609375, "clip_fraction": 0.665, "gradient_norm_mean": 690.22415625, "gradient_norm_max": 6902.0771484375, "step_seconds": 2.157705318182707, "innovation_std_sum": 270.2739752026552, "noise_marginal_std_sum": 372.79227242171237}
{"epoch": 4, "step": 200, "train_loss": 1.340034789428711, "clip_fraction": 0.70308, "epsilon": 13.786156446462625, "accuracy": 0.7752, "validation_loss": 0.765495443725586, "validation_examples": 10000}
{"step": 210, "epoch": 5, "train_loss": 1.2547507934570312, "clip_fraction": 0.677, "gradient_norm_mean": 670.187625, "gradient_norm_max": 4953.76513671875, "step_seconds": 2.111268686130643, "innovation_std_sum": 270.2739752026552, "noise_marginal_std_sum": 372.79227242171237}
{"step": 220, "epoch": 5, "train_loss": 1.2671561584472657, "clip_fraction": 0.673, "gradient_norm_mean": 711.92096875, "gradient_norm_max": 6405.3681640625, "step_seconds": 2.1940129343420267, "innovation_std_sum": 270.2739752026552, "noise_marginal_std_sum": 372.79227242171237}
{"step": 230, "epoch": 5, "train_loss": 1.2459720153808593, "clip_fraction": 0.663, "gradient_norm_mean": 683.25715625, "gradient_norm_max": 5357.04345703125, "step_seconds": 2.247200420126319, "innovation_std_sum": 270.2739752026552, "noise_marginal_std_sum": 372.79227242171237}
{"step": 240, "epoch": 5, "train_loss": 1.2993858642578124, "clip_fraction": 0.658, "gradient_norm_mean": 695.591015625, "gradient_norm_max": 5166.92578125, "step_seconds": 2.222723660990596, "innovation_std_sum": 270.2739752026552, "noise_marginal_std_sum": 372.79227242171237}
{"step": 250, "epoch": 5, "train_loss": 1.2484684906005858, "clip_fraction": 0.641, "gradient_norm_mean": 687.741859375, "gradient_norm_max": 6563.3876953125, "step_seconds": 2.1801863349974155, "innovation_std_sum": 270.2739752026552, "noise_marginal_std_sum": 372.79227242171237}
{"epoch": 5, "step": 250, "train_loss": 1.2613248937988282, "clip_fraction": 0.65606, "epsilon": 16.000000000000018, "accuracy": 0.7907, "validation_loss": 0.7104133239746093, "validation_examples": 10000}
