/home/longt29/miniconda3/envs/curve/lib/python3.11/site-packages/torchvision/datasets/cifar.py:83: VisibleDeprecationWarning: dtype(): align should be passed as Python or NumPy boolean but got `align=0`. Did you mean to pass a tuple to create a subarray type? (Deprecated NumPy 2.4)
  entry = pickle.load(f, encoding="latin1")
sys:1: UserWarning: Full backward hook is firing when gradients are computed with respect to module outputs since no inputs require gradients. See https://docs.pytorch.org/docs/main/generated/torch.nn.Module.html#torch.nn.Module.register_full_backward_hook for more details.
{"step": 10, "epoch": 1, "train_loss": 4.945806640625, "clip_fraction": 1.0, "gradient_norm_mean": 77.929849609375, "gradient_norm_max": 161.35374450683594, "step_seconds": 2.2342363968491554, "innovation_std_sum": 133.749004885269, "noise_marginal_std_sum": 133.749004885269}
{"step": 20, "epoch": 1, "train_loss": 4.729640014648438, "clip_fraction": 1.0, "gradient_norm_mean": 64.5655791015625, "gradient_norm_max": 139.7628936767578, "step_seconds": 2.3634690418839455, "innovation_std_sum": 133.749004885269, "noise_marginal_std_sum": 133.749004885269}
{"step": 30, "epoch": 1, "train_loss": 4.707430786132813, "clip_fraction": 1.0, "gradient_norm_mean": 61.0739560546875, "gradient_norm_max": 158.88580322265625, "step_seconds": 2.425395278260112, "innovation_std_sum": 133.749004885269, "noise_marginal_std_sum": 133.749004885269}
{"step": 40, "epoch": 1, "train_loss": 4.633696655273438, "clip_fraction": 1.0, "gradient_norm_mean": 59.2692646484375, "gradient_norm_max": 117.20748901367188, "step_seconds": 2.39030172675848, "innovation_std_sum": 133.749004885269, "noise_marginal_std_sum": 133.749004885269}
{"step": 50, "epoch": 1, "train_loss": 4.55050927734375, "clip_fraction": 1.0, "gradient_norm_mean": 59.7251630859375, "gradient_norm_max": 113.18595886230469, "step_seconds": 2.4305144771933556, "innovation_std_sum": 133.749004885269, "noise_marginal_std_sum": 133.749004885269}
{"epoch": 1, "step": 50, "train_loss": 4.771084409179688, "clip_fraction": 1.0, "epsilon": 0.822514386063458, "accuracy": 0.0259, "validation_loss": 4.52176005859375, "validation_examples": 10000}
{"step": 60, "epoch": 2, "train_loss": 4.5034334716796875, "clip_fraction": 1.0, "gradient_norm_mean": 60.9064326171875, "gradient_norm_max": 119.59452819824219, "step_seconds": 2.2920263782143593, "innovation_std_sum": 133.749004885269, "noise_marginal_std_sum": 133.749004885269}
{"step": 70, "epoch": 2, "train_loss": 4.39387353515625, "clip_fraction": 1.0, "gradient_norm_mean": 60.6739296875, "gradient_norm_max": 114.66223907470703, "step_seconds": 2.423222864046693, "innovation_std_sum": 133.749004885269, "noise_marginal_std_sum": 133.749004885269}
{"step": 80, "epoch": 2, "train_loss": 4.374855346679688, "clip_fraction": 1.0, "gradient_norm_mean": 62.8670322265625, "gradient_norm_max": 128.71034240722656, "step_seconds": 2.3847071025520563, "innovation_std_sum": 133.749004885269, "noise_marginal_std_sum": 133.749004885269}
{"step": 90, "epoch": 2, "train_loss": 4.352681274414063, "clip_fraction": 1.0, "gradient_norm_mean": 65.389220703125, "gradient_norm_max": 230.23292541503906, "step_seconds": 2.4386947974562645, "innovation_std_sum": 133.749004885269, "noise_marginal_std_sum": 133.749004885269}
{"step": 100, "epoch": 2, "train_loss": 4.303180053710937, "clip_fraction": 1.0, "gradient_norm_mean": 68.90095703125, "gradient_norm_max": 153.14794921875, "step_seconds": 2.437987459823489, "innovation_std_sum": 133.749004885269, "noise_marginal_std_sum": 133.749004885269}
{"epoch": 2, "step": 100, "train_loss": 4.400593647460937, "clip_fraction": 1.0, "epsilon": 1.203471306578466, "accuracy": 0.0704, "validation_loss": 4.186380627441406, "validation_examples": 10000}
{"step": 110, "epoch": 3, "train_loss": 4.190619018554687, "clip_fraction": 1.0, "gradient_norm_mean": 73.477822265625, "gradient_norm_max": 147.43862915039062, "step_seconds": 2.339896099641919, "innovation_std_sum": 133.749004885269, "noise_marginal_std_sum": 133.749004885269}
{"step": 120, "epoch": 3, "train_loss": 4.133609008789063, "clip_fraction": 1.0, "gradient_norm_mean": 78.08680078125, "gradient_norm_max": 172.44500732421875, "step_seconds": 2.376938907429576, "innovation_std_sum": 133.749004885269, "noise_marginal_std_sum": 133.749004885269}
{"step": 130, "epoch": 3, "train_loss": 4.043937255859375, "clip_fraction": 1.0, "gradient_norm_mean": 81.9063203125, "gradient_norm_max": 161.1250457763672, "step_seconds": 2.4029485378414392, "innovation_std_sum": 133.749004885269, "noise_marginal_std_sum": 133.749004885269}
{"step": 140, "epoch": 3, "train_loss": 4.033433837890625, "clip_fraction": 1.0, "gradient_norm_mean": 85.55996484375, "gradient_norm_max": 188.7427215576172, "step_seconds": 2.468625897541642, "innovation_std_sum": 133.749004885269, "noise_marginal_std_sum": 133.749004885269}
{"step": 150, "epoch": 3, "train_loss": 3.9745220947265625, "clip_fraction": 1.0, "gradient_norm_mean": 89.707978515625, "gradient_norm_max": 195.1714630126953, "step_seconds": 2.44384584762156, "innovation_std_sum": 133.749004885269, "noise_marginal_std_sum": 133.749004885269}
{"epoch": 3, "step": 150, "train_loss": 4.106718037109375, "clip_fraction": 1.0, "epsilon": 1.5055272928840184, "accuracy": 0.1294, "validation_loss": 3.8349695617675783, "validation_examples": 10000}
{"step": 160, "epoch": 4, "train_loss": 3.8774853515625, "clip_fraction": 1.0, "gradient_norm_mean": 92.658412109375, "gradient_norm_max": 252.8275146484375, "step_seconds": 2.3250914942473173, "innovation_std_sum": 133.749004885269, "noise_marginal_std_sum": 133.749004885269}
{"step": 170, "epoch": 4, "train_loss": 3.8541173095703125, "clip_fraction": 1.0, "gradient_norm_mean": 96.57734375, "gradient_norm_max": 199.27622985839844, "step_seconds": 2.45829357765615, "innovation_std_sum": 133.749004885269, "noise_marginal_std_sum": 133.749004885269}
{"step": 180, "epoch": 4, "train_loss": 3.7604708251953123, "clip_fraction": 1.0, "gradient_norm_mean": 97.709994140625, "gradient_norm_max": 180.9296417236328, "step_seconds": 2.504778580740094, "innovation_std_sum": 133.749004885269, "noise_marginal_std_sum": 133.749004885269}
{"step": 190, "epoch": 4, "train_loss": 3.7196710205078123, "clip_fraction": 1.0, "gradient_norm_mean": 100.961556640625, "gradient_norm_max": 200.7758026123047, "step_seconds": 2.4720855355262756, "innovation_std_sum": 133.749004885269, "noise_marginal_std_sum": 133.749004885269}
{"step": 200, "epoch": 4, "train_loss": 3.691785095214844, "clip_fraction": 0.999, "gradient_norm_mean": 103.303931640625, "gradient_norm_max": 261.47314453125, "step_seconds": 2.4049183074384928, "innovation_std_sum": 133.749004885269, "noise_marginal_std_sum": 133.749004885269}
{"epoch": 4, "step": 200, "train_loss": 3.8050564514160157, "clip_fraction": 0.99998, "epsilon": 1.7661340867632307, "accuracy": 0.1869, "validation_loss": 3.4985947265625, "validation_examples": 10000}
{"step": 210, "epoch": 5, "train_loss": 3.6337926025390623, "clip_fraction": 1.0, "gradient_norm_mean": 106.614796875, "gradient_norm_max": 337.3164367675781, "step_seconds": 2.3087787609547377, "innovation_std_sum": 133.749004885269, "noise_marginal_std_sum": 133.749004885269}
{"step": 220, "epoch": 5, "train_loss": 3.582556701660156, "clip_fraction": 1.0, "gradient_norm_mean": 107.9595546875, "gradient_norm_max": 349.79144287109375, "step_seconds": 2.437773857265711, "innovation_std_sum": 133.749004885269, "noise_marginal_std_sum": 133.749004885269}
{"step": 230, "epoch": 5, "train_loss": 3.5610269775390626, "clip_fraction": 1.0, "gradient_norm_mean": 110.09178125, "gradient_norm_max": 273.4126892089844, "step_seconds": 2.4928149096667767, "innovation_std_sum": 133.749004885269, "noise_marginal_std_sum": 133.749004885269}
{"step": 240, "epoch": 5, "train_loss": 3.4834675903320313, "clip_fraction": 1.0, "gradient_norm_mean": 112.09894921875, "gradient_norm_max": 390.90362548828125, "step_seconds": 2.4418908953666687, "innovation_std_sum": 133.749004885269, "noise_marginal_std_sum": 133.749004885269}
{"step": 250, "epoch": 5, "train_loss": 3.4546051025390625, "clip_fraction": 1.0, "gradient_norm_mean": 115.3363125, "gradient_norm_max": 265.0443420410156, "step_seconds": 2.432439049705863, "innovation_std_sum": 133.749004885269, "noise_marginal_std_sum": 133.749004885269}
{"epoch": 5, "step": 250, "train_loss": 3.5590867041015626, "clip_fraction": 0.99986, "epsilon": 2.0000000000008775, "accuracy": 0.2316, "validation_loss": 3.2394531433105467, "validation_examples": 10000}
