Loading weights:   0%|          | 0/39 [00:00<?, ?it/s]Loading weights: 100%|██████████| 39/39 [00:00<00:00, 19116.26it/s]
[transformers] [1mBertModel LOAD REPORT[0m from: /media/data/data/lt/dp-adam-correlated/cache/bert-tiny
Key                                        | Status     |  | 
-------------------------------------------+------------+--+-
cls.predictions.decoder.bias               | UNEXPECTED |  | 
cls.predictions.decoder.weight             | UNEXPECTED |  | 
cls.predictions.transform.LayerNorm.bias   | UNEXPECTED |  | 
cls.predictions.bias                       | UNEXPECTED |  | 
cls.predictions.transform.dense.bias       | UNEXPECTED |  | 
cls.seq_relationship.weight                | UNEXPECTED |  | 
cls.predictions.transform.LayerNorm.weight | UNEXPECTED |  | 
cls.predictions.transform.dense.weight     | UNEXPECTED |  | 
cls.seq_relationship.bias                  | UNEXPECTED |  | 

Notes:
- UNEXPECTED:	can be ignored when loading from different task/architecture; not ok if you expect identical arch.
sys:1: UserWarning: Full backward hook is firing when gradients are computed with respect to module outputs since no inputs require gradients. See https://docs.pytorch.org/docs/main/generated/torch.nn.Module.html#torch.nn.Module.register_full_backward_hook for more details.
{"step": 10, "epoch": 1, "train_loss": 0.6856064453125, "clip_fraction": 0.092, "gradient_norm_mean": 7.47980078125, "gradient_norm_max": 12.482646942138672, "step_seconds": 0.2652345448732376, "innovation_std_sum": 45.72045876410015, "noise_marginal_std_sum": 63.06280027905789}
{"step": 20, "epoch": 1, "train_loss": 0.6661749877929688, "clip_fraction": 0.427, "gradient_norm_mean": 9.09407421875, "gradient_norm_max": 16.419639587402344, "step_seconds": 0.2687539290636778, "innovation_std_sum": 45.72045876410015, "noise_marginal_std_sum": 63.06280027905789}
{"step": 30, "epoch": 1, "train_loss": 0.6527451171875, "clip_fraction": 0.56, "gradient_norm_mean": 12.337619140625, "gradient_norm_max": 28.4921817779541, "step_seconds": 0.26958351768553257, "innovation_std_sum": 45.72045876410015, "noise_marginal_std_sum": 63.06280027905789}
{"step": 40, "epoch": 1, "train_loss": 0.6159700927734375, "clip_fraction": 0.685, "gradient_norm_mean": 17.665787109375, "gradient_norm_max": 63.636043548583984, "step_seconds": 0.2703834529966116, "innovation_std_sum": 45.72045876410015, "noise_marginal_std_sum": 63.06280027905789}
{"step": 50, "epoch": 1, "train_loss": 0.5963475952148437, "clip_fraction": 0.683, "gradient_norm_mean": 23.7302578125, "gradient_norm_max": 83.358642578125, "step_seconds": 0.26939254254102707, "innovation_std_sum": 45.72045876410015, "noise_marginal_std_sum": 63.06280027905789}
{"step": 60, "epoch": 1, "train_loss": 0.588409423828125, "clip_fraction": 0.648, "gradient_norm_mean": 30.486869140625, "gradient_norm_max": 125.18216705322266, "step_seconds": 0.2712960820645094, "innovation_std_sum": 45.72045876410015, "noise_marginal_std_sum": 63.06280027905789}
{"epoch": 1, "step": 62, "train_loss": 0.6377843332598286, "clip_fraction": 0.4657903225806452, "epsilon": 2.983473211150575, "accuracy": 0.7052752293577982, "validation_loss": 0.6459299227513304, "validation_examples": 872}
{"step": 70, "epoch": 2, "train_loss": 0.6018063354492188, "clip_fraction": 0.559, "gradient_norm_mean": 33.2045703125, "gradient_norm_max": 179.59628295898438, "step_seconds": 0.2752979137003422, "innovation_std_sum": 45.72045876410015, "noise_marginal_std_sum": 63.06280027905789}
{"step": 80, "epoch": 2, "train_loss": 0.6846882934570313, "clip_fraction": 0.52, "gradient_norm_mean": 41.32353125, "gradient_norm_max": 252.09461975097656, "step_seconds": 0.27221696451306343, "innovation_std_sum": 45.72045876410015, "noise_marginal_std_sum": 63.06280027905789}
{"step": 90, "epoch": 2, "train_loss": 0.6464725341796875, "clip_fraction": 0.48, "gradient_norm_mean": 36.42003125, "gradient_norm_max": 249.8549041748047, "step_seconds": 0.27110728435218334, "innovation_std_sum": 45.72045876410015, "noise_marginal_std_sum": 63.06280027905789}
{"step": 100, "epoch": 2, "train_loss": 0.702421142578125, "clip_fraction": 0.497, "gradient_norm_mean": 42.01881640625, "gradient_norm_max": 292.5538330078125, "step_seconds": 0.2735933568328619, "innovation_std_sum": 45.72045876410015, "noise_marginal_std_sum": 63.06280027905789}
{"step": 110, "epoch": 2, "train_loss": 0.6502398681640625, "clip_fraction": 0.482, "gradient_norm_mean": 41.0865546875, "gradient_norm_max": 282.6951904296875, "step_seconds": 0.2747410163283348, "innovation_std_sum": 45.72045876410015, "noise_marginal_std_sum": 63.06280027905789}
{"step": 120, "epoch": 2, "train_loss": 0.648762451171875, "clip_fraction": 0.483, "gradient_norm_mean": 41.711203125, "gradient_norm_max": 275.56048583984375, "step_seconds": 0.269311361014843, "innovation_std_sum": 45.72045876410015, "noise_marginal_std_sum": 63.06280027905789}
{"epoch": 2, "step": 124, "train_loss": 0.6473522831086189, "clip_fraction": 0.5026129032258064, "epsilon": 4.566965972959099, "accuracy": 0.7442660550458715, "validation_loss": 0.7528002065256101, "validation_examples": 872}
{"step": 130, "epoch": 3, "train_loss": 0.67057470703125, "clip_fraction": 0.441, "gradient_norm_mean": 38.50865625, "gradient_norm_max": 290.05609130859375, "step_seconds": 0.2693129349499941, "innovation_std_sum": 45.72045876410015, "noise_marginal_std_sum": 63.06280027905789}
{"step": 140, "epoch": 3, "train_loss": 0.626109130859375, "clip_fraction": 0.449, "gradient_norm_mean": 41.06253125, "gradient_norm_max": 309.79437255859375, "step_seconds": 0.2723343390971422, "innovation_std_sum": 45.72045876410015, "noise_marginal_std_sum": 63.06280027905789}
{"step": 150, "epoch": 3, "train_loss": 0.6520831298828125, "clip_fraction": 0.429, "gradient_norm_mean": 42.525796875, "gradient_norm_max": 342.4289245605469, "step_seconds": 0.2709201369434595, "innovation_std_sum": 45.72045876410015, "noise_marginal_std_sum": 63.06280027905789}
{"step": 160, "epoch": 3, "train_loss": 0.6485323486328125, "clip_fraction": 0.44, "gradient_norm_mean": 44.569640625, "gradient_norm_max": 355.4278564453125, "step_seconds": 0.2690260801464319, "innovation_std_sum": 45.72045876410015, "noise_marginal_std_sum": 63.06280027905789}
{"step": 170, "epoch": 3, "train_loss": 0.6542460327148437, "clip_fraction": 0.411, "gradient_norm_mean": 40.2569375, "gradient_norm_max": 334.5494079589844, "step_seconds": 0.2724431939423084, "innovation_std_sum": 45.72045876410015, "noise_marginal_std_sum": 63.06280027905789}
{"step": 180, "epoch": 3, "train_loss": 0.645798095703125, "clip_fraction": 0.399, "gradient_norm_mean": 41.39946484375, "gradient_norm_max": 428.0997009277344, "step_seconds": 0.26846199110150337, "innovation_std_sum": 45.72045876410015, "noise_marginal_std_sum": 63.06280027905789}
{"epoch": 3, "step": 186, "train_loss": 0.6233909547867313, "clip_fraction": 0.4189193548387097, "epsilon": 5.849088165717443, "accuracy": 0.7419724770642202, "validation_loss": 0.734833726095497, "validation_examples": 872}
{"step": 190, "epoch": 4, "train_loss": 0.5868320922851562, "clip_fraction": 0.402, "gradient_norm_mean": 37.2102890625, "gradient_norm_max": 394.06884765625, "step_seconds": 0.2713868822902441, "innovation_std_sum": 45.72045876410015, "noise_marginal_std_sum": 63.06280027905789}
{"step": 200, "epoch": 4, "train_loss": 0.601765625, "clip_fraction": 0.413, "gradient_norm_mean": 38.9899140625, "gradient_norm_max": 334.2889404296875, "step_seconds": 0.2727632950991392, "innovation_std_sum": 45.72045876410015, "noise_marginal_std_sum": 63.06280027905789}
{"step": 210, "epoch": 4, "train_loss": 0.5729627685546875, "clip_fraction": 0.369, "gradient_norm_mean": 37.9698984375, "gradient_norm_max": 409.4006042480469, "step_seconds": 0.27612391486763954, "innovation_std_sum": 45.72045876410015, "noise_marginal_std_sum": 63.06280027905789}
{"step": 220, "epoch": 4, "train_loss": 0.5110386962890625, "clip_fraction": 0.357, "gradient_norm_mean": 36.3907421875, "gradient_norm_max": 471.51751708984375, "step_seconds": 0.1507677361369133, "innovation_std_sum": 45.72045876410015, "noise_marginal_std_sum": 63.06280027905789}
{"step": 230, "epoch": 4, "train_loss": 0.6284434204101562, "clip_fraction": 0.393, "gradient_norm_mean": 38.2179765625, "gradient_norm_max": 459.75640869140625, "step_seconds": 0.2700466811656952, "innovation_std_sum": 45.72045876410015, "noise_marginal_std_sum": 63.06280027905789}
{"step": 240, "epoch": 4, "train_loss": 0.5287147827148437, "clip_fraction": 0.384, "gradient_norm_mean": 36.911734375, "gradient_norm_max": 429.8427734375, "step_seconds": 0.27306228689849377, "innovation_std_sum": 45.72045876410015, "noise_marginal_std_sum": 63.06280027905789}
{"epoch": 4, "step": 248, "train_loss": 0.5878985083795363, "clip_fraction": 0.3779677419354839, "epsilon": 6.974398475295221, "accuracy": 0.7522935779816514, "validation_loss": 0.7292787919350721, "validation_examples": 872}
{"step": 250, "epoch": 5, "train_loss": 0.5982227783203125, "clip_fraction": 0.365, "gradient_norm_mean": 35.578828125, "gradient_norm_max": 422.63348388671875, "step_seconds": 0.26894516684114933, "innovation_std_sum": 45.72045876410015, "noise_marginal_std_sum": 63.06280027905789}
{"step": 260, "epoch": 5, "train_loss": 0.5173145141601563, "clip_fraction": 0.343, "gradient_norm_mean": 33.5000625, "gradient_norm_max": 397.5401611328125, "step_seconds": 0.27455768175423145, "innovation_std_sum": 45.72045876410015, "noise_marginal_std_sum": 63.06280027905789}
{"step": 270, "epoch": 5, "train_loss": 0.598297607421875, "clip_fraction": 0.354, "gradient_norm_mean": 36.35390625, "gradient_norm_max": 431.7554626464844, "step_seconds": 0.271725470200181, "innovation_std_sum": 45.72045876410015, "noise_marginal_std_sum": 63.06280027905789}
{"step": 280, "epoch": 5, "train_loss": 0.5842937622070312, "clip_fraction": 0.363, "gradient_norm_mean": 37.45490625, "gradient_norm_max": 455.8314208984375, "step_seconds": 0.27451542392373085, "innovation_std_sum": 45.72045876410015, "noise_marginal_std_sum": 63.06280027905789}
{"step": 290, "epoch": 5, "train_loss": 0.5838701171875, "clip_fraction": 0.36, "gradient_norm_mean": 34.9716484375, "gradient_norm_max": 430.39324951171875, "step_seconds": 0.1353689320385456, "innovation_std_sum": 45.72045876410015, "noise_marginal_std_sum": 63.06280027905789}
{"step": 300, "epoch": 5, "train_loss": 0.5027225952148437, "clip_fraction": 0.316, "gradient_norm_mean": 32.99703125, "gradient_norm_max": 462.79827880859375, "step_seconds": 0.13127226196229458, "innovation_std_sum": 45.72045876410015, "noise_marginal_std_sum": 63.06280027905789}
{"step": 310, "epoch": 5, "train_loss": 0.5188375854492188, "clip_fraction": 0.336, "gradient_norm_mean": 36.40200390625, "gradient_norm_max": 569.7073364257812, "step_seconds": 0.13164790347218513, "innovation_std_sum": 45.72045876410015, "noise_marginal_std_sum": 63.06280027905789}
{"epoch": 5, "step": 310, "train_loss": 0.5627441770492061, "clip_fraction": 0.3485967741935484, "epsilon": 8.000000000000005, "accuracy": 0.7637614678899083, "validation_loss": 0.6727111055216658, "validation_examples": 872}
