/home/longt29/miniconda3/envs/curve/lib/python3.11/site-packages/torchvision/datasets/cifar.py:83: VisibleDeprecationWarning: dtype(): align should be passed as Python or NumPy boolean but got `align=0`. Did you mean to pass a tuple to create a subarray type? (Deprecated NumPy 2.4)
  entry = pickle.load(f, encoding="latin1")
sys:1: UserWarning: Full backward hook is firing when gradients are computed with respect to module outputs since no inputs require gradients. See https://docs.pytorch.org/docs/main/generated/torch.nn.Module.html#torch.nn.Module.register_full_backward_hook for more details.
{"step": 10, "epoch": 1, "train_loss": 4.210534545898438, "clip_fraction": 1.0, "gradient_norm_mean": 56.785896484375, "gradient_norm_max": 125.29192352294922, "step_seconds": 2.1006550528109074, "innovation_std_sum": 51.28650502540745, "noise_marginal_std_sum": 57.78628862764004}
{"step": 20, "epoch": 1, "train_loss": 3.3694915161132815, "clip_fraction": 1.0, "gradient_norm_mean": 104.52268359375, "gradient_norm_max": 323.04132080078125, "step_seconds": 2.1169082522392273, "innovation_std_sum": 51.28650502540745, "noise_marginal_std_sum": 57.78628862764004}
{"step": 30, "epoch": 1, "train_loss": 2.776846374511719, "clip_fraction": 0.985, "gradient_norm_mean": 109.299095703125, "gradient_norm_max": 416.6379089355469, "step_seconds": 2.141733381897211, "innovation_std_sum": 51.28650502540745, "noise_marginal_std_sum": 57.78628862764004}
{"step": 40, "epoch": 1, "train_loss": 2.45200439453125, "clip_fraction": 0.957, "gradient_norm_mean": 113.070255859375, "gradient_norm_max": 461.6204833984375, "step_seconds": 2.1096560582518578, "innovation_std_sum": 51.28650502540745, "noise_marginal_std_sum": 57.78628862764004}
{"step": 50, "epoch": 1, "train_loss": 2.16086328125, "clip_fraction": 0.932, "gradient_norm_mean": 114.721142578125, "gradient_norm_max": 598.76123046875, "step_seconds": 2.1249781493097544, "innovation_std_sum": 51.28650502540745, "noise_marginal_std_sum": 57.78628862764004}
{"epoch": 1, "step": 50, "train_loss": 3.2525168621826173, "clip_fraction": 0.98324, "epsilon": 3.1232881288764163, "accuracy": 0.5347, "validation_loss": 1.7198770721435548, "validation_examples": 10000}
{"step": 60, "epoch": 2, "train_loss": 2.0446673583984376, "clip_fraction": 0.897, "gradient_norm_mean": 118.13486328125, "gradient_norm_max": 471.5090026855469, "step_seconds": 2.108389724045992, "innovation_std_sum": 51.28650502540745, "noise_marginal_std_sum": 57.78628862764004}
{"step": 70, "epoch": 2, "train_loss": 1.9247463684082031, "clip_fraction": 0.857, "gradient_norm_mean": 116.15125390625, "gradient_norm_max": 646.0822143554688, "step_seconds": 2.120355762541294, "innovation_std_sum": 51.28650502540745, "noise_marginal_std_sum": 57.78628862764004}
{"step": 80, "epoch": 2, "train_loss": 1.8851561279296876, "clip_fraction": 0.845, "gradient_norm_mean": 119.353111328125, "gradient_norm_max": 542.4556274414062, "step_seconds": 2.103028655052185, "innovation_std_sum": 51.28650502540745, "noise_marginal_std_sum": 57.78628862764004}
{"step": 90, "epoch": 2, "train_loss": 1.7336895751953125, "clip_fraction": 0.808, "gradient_norm_mean": 115.14889453125, "gradient_norm_max": 809.6300048828125, "step_seconds": 2.1205408461391926, "innovation_std_sum": 51.28650502540745, "noise_marginal_std_sum": 57.78628862764004}
{"step": 100, "epoch": 2, "train_loss": 1.8933352661132812, "clip_fraction": 0.812, "gradient_norm_mean": 126.8135234375, "gradient_norm_max": 743.0225219726562, "step_seconds": 2.1269125007092953, "innovation_std_sum": 51.28650502540745, "noise_marginal_std_sum": 57.78628862764004}
{"epoch": 2, "step": 100, "train_loss": 1.9014396606445312, "clip_fraction": 0.8552, "epsilon": 4.6509185172252945, "accuracy": 0.6577, "validation_loss": 1.202687939453125, "validation_examples": 10000}
{"step": 110, "epoch": 3, "train_loss": 1.6993584594726563, "clip_fraction": 0.778, "gradient_norm_mean": 118.148314453125, "gradient_norm_max": 616.878173828125, "step_seconds": 2.108113408088684, "innovation_std_sum": 51.28650502540745, "noise_marginal_std_sum": 57.78628862764004}
{"step": 120, "epoch": 3, "train_loss": 1.706576385498047, "clip_fraction": 0.788, "gradient_norm_mean": 122.2399296875, "gradient_norm_max": 676.6255493164062, "step_seconds": 2.1164441276341677, "innovation_std_sum": 51.28650502540745, "noise_marginal_std_sum": 57.78628862764004}
{"step": 130, "epoch": 3, "train_loss": 1.5864645080566406, "clip_fraction": 0.779, "gradient_norm_mean": 118.73960546875, "gradient_norm_max": 720.193359375, "step_seconds": 2.123775016516447, "innovation_std_sum": 51.28650502540745, "noise_marginal_std_sum": 57.78628862764004}
{"step": 140, "epoch": 3, "train_loss": 1.528770263671875, "clip_fraction": 0.732, "gradient_norm_mean": 117.926943359375, "gradient_norm_max": 692.28662109375, "step_seconds": 2.315163630992174, "innovation_std_sum": 51.28650502540745, "noise_marginal_std_sum": 57.78628862764004}
{"step": 150, "epoch": 3, "train_loss": 1.7362851257324219, "clip_fraction": 0.771, "gradient_norm_mean": 127.990451171875, "gradient_norm_max": 749.9512329101562, "step_seconds": 2.1093412078917027, "innovation_std_sum": 51.28650502540745, "noise_marginal_std_sum": 57.78628862764004}
{"epoch": 3, "step": 150, "train_loss": 1.6565620098876954, "clip_fraction": 0.7687, "epsilon": 5.89717066071296, "accuracy": 0.6946, "validation_loss": 1.0572314208984375, "validation_examples": 10000}
{"step": 160, "epoch": 4, "train_loss": 1.5477141723632812, "clip_fraction": 0.729, "gradient_norm_mean": 121.704140625, "gradient_norm_max": 567.802734375, "step_seconds": 2.123382031917572, "innovation_std_sum": 51.28650502540745, "noise_marginal_std_sum": 57.78628862764004}
{"step": 170, "epoch": 4, "train_loss": 1.6151044921875, "clip_fraction": 0.745, "gradient_norm_mean": 123.737275390625, "gradient_norm_max": 700.9176025390625, "step_seconds": 2.1208659317344427, "innovation_std_sum": 51.28650502540745, "noise_marginal_std_sum": 57.78628862764004}
{"step": 180, "epoch": 4, "train_loss": 1.5519363708496094, "clip_fraction": 0.731, "gradient_norm_mean": 121.882578125, "gradient_norm_max": 598.480224609375, "step_seconds": 2.125007964670658, "innovation_std_sum": 51.28650502540745, "noise_marginal_std_sum": 57.78628862764004}
{"step": 190, "epoch": 4, "train_loss": 1.54337109375, "clip_fraction": 0.707, "gradient_norm_mean": 125.800677734375, "gradient_norm_max": 619.7890014648438, "step_seconds": 2.1273833997547626, "innovation_std_sum": 51.28650502540745, "noise_marginal_std_sum": 57.78628862764004}
{"step": 200, "epoch": 4, "train_loss": 1.7142271728515626, "clip_fraction": 0.748, "gradient_norm_mean": 133.2780625, "gradient_norm_max": 693.5372314453125, "step_seconds": 2.134394321590662, "innovation_std_sum": 51.28650502540745, "noise_marginal_std_sum": 57.78628862764004}
{"epoch": 4, "step": 200, "train_loss": 1.5785224377441407, "clip_fraction": 0.72872, "epsilon": 6.996032511238057, "accuracy": 0.7057, "validation_loss": 1.0125760787963867, "validation_examples": 10000}
{"step": 210, "epoch": 5, "train_loss": 1.6073075256347655, "clip_fraction": 0.719, "gradient_norm_mean": 131.454033203125, "gradient_norm_max": 777.1810913085938, "step_seconds": 2.1148972492665052, "innovation_std_sum": 51.28650502540745, "noise_marginal_std_sum": 57.78628862764004}
{"step": 220, "epoch": 5, "train_loss": 1.6212625122070312, "clip_fraction": 0.715, "gradient_norm_mean": 129.2399609375, "gradient_norm_max": 651.9729614257812, "step_seconds": 2.118460336700082, "innovation_std_sum": 51.28650502540745, "noise_marginal_std_sum": 57.78628862764004}
{"step": 230, "epoch": 5, "train_loss": 1.5808185119628906, "clip_fraction": 0.733, "gradient_norm_mean": 129.39856640625, "gradient_norm_max": 560.356201171875, "step_seconds": 2.126856656745076, "innovation_std_sum": 51.28650502540745, "noise_marginal_std_sum": 57.78628862764004}
{"step": 240, "epoch": 5, "train_loss": 1.5424705200195312, "clip_fraction": 0.695, "gradient_norm_mean": 130.17591796875, "gradient_norm_max": 644.9586791992188, "step_seconds": 2.1272995322942734, "innovation_std_sum": 51.28650502540745, "noise_marginal_std_sum": 57.78628862764004}
{"step": 250, "epoch": 5, "train_loss": 1.6308160095214843, "clip_fraction": 0.719, "gradient_norm_mean": 137.5835, "gradient_norm_max": 675.0228881835938, "step_seconds": 2.1256603077054024, "innovation_std_sum": 51.28650502540745, "noise_marginal_std_sum": 57.78628862764004}
{"epoch": 5, "step": 250, "train_loss": 1.5715707568359376, "clip_fraction": 0.71424, "epsilon": 8.000000000000005, "accuracy": 0.7078, "validation_loss": 1.011201741027832, "validation_examples": 10000}
