/home/longt29/miniconda3/envs/curve/lib/python3.11/site-packages/torchvision/datasets/cifar.py:83: VisibleDeprecationWarning: dtype(): align should be passed as Python or NumPy boolean but got `align=0`. Did you mean to pass a tuple to create a subarray type? (Deprecated NumPy 2.4)
  entry = pickle.load(f, encoding="latin1")
{"status": "running", "method": "iid_dp_hybrid", "seed": 20261001, "calibration": {"target_mu": 1.6660305978457184, "sensitivity": 2.23606797749979, "innovation_std_sum": 40.264590225254544, "adjacency": "add_remove_zero_out", "k": 5, "b_participation": 50, "sampling_amplification": false}, "coefficients": [1.0]}
sys:1: UserWarning: Full backward hook is firing when gradients are computed with respect to module outputs since no inputs require gradients. See https://docs.pytorch.org/docs/main/generated/torch.nn.Module.html#torch.nn.Module.register_full_backward_hook for more details.
{"event": "logical_progress", "step": 1, "train_loss": 5.1808095703125, "clip_fraction": 1.0}
{"event": "logical_progress", "step": 25, "train_loss": 4.543212661132812, "clip_fraction": 1.0}
{"event": "logical_progress", "step": 50, "train_loss": 4.070673408203125, "clip_fraction": 0.99982}
{"epoch": 1, "logical_steps": 50, "train_examples": 50000, "train_loss": 4.070673408203125, "test_loss": 2.868026330566406, "test_top1": 0.3067, "clip_fraction": 0.99982, "epsilon": 3.1232925162148586, "delta": 1e-05, "seconds": 136.1363069191575}
{"event": "logical_progress", "step": 75, "train_loss": 2.813222421875, "clip_fraction": 0.9884}
{"event": "logical_progress", "step": 100, "train_loss": 2.598983511962891, "clip_fraction": 0.97346}
{"epoch": 2, "logical_steps": 100, "train_examples": 50000, "train_loss": 2.598983511962891, "test_loss": 1.8339113342285156, "test_top1": 0.5209, "clip_fraction": 0.97346, "epsilon": 4.650921021133024, "delta": 1e-05, "seconds": 262.0680492799729}
{"event": "logical_progress", "step": 125, "train_loss": 2.165442529296875, "clip_fraction": 0.9244}
{"event": "logical_progress", "step": 150, "train_loss": 2.097303001708984, "clip_fraction": 0.9093}
{"epoch": 3, "logical_steps": 150, "train_examples": 50000, "train_loss": 2.097303001708984, "test_loss": 1.5052637084960938, "test_top1": 0.5827, "clip_fraction": 0.9093, "epsilon": 5.897172094191148, "delta": 1e-05, "seconds": 388.29846208542585}
{"event": "logical_progress", "step": 175, "train_loss": 1.982715361328125, "clip_fraction": 0.8736}
{"event": "logical_progress", "step": 200, "train_loss": 1.9509618420410155, "clip_fraction": 0.86366}
{"epoch": 4, "logical_steps": 200, "train_examples": 50000, "train_loss": 1.9509618420410155, "test_loss": 1.3988880249023437, "test_top1": 0.6098, "clip_fraction": 0.86366, "epsilon": 6.99603315708177, "delta": 1e-05, "seconds": 515.7669234145433}
{"event": "logical_progress", "step": 225, "train_loss": 1.931919521484375, "clip_fraction": 0.84872}
{"event": "logical_progress", "step": 250, "train_loss": 1.911492135620117, "clip_fraction": 0.8422}
{"epoch": 5, "logical_steps": 250, "train_examples": 50000, "train_loss": 1.911492135620117, "test_loss": 1.3656829467773437, "test_top1": 0.6195, "clip_fraction": 0.8422, "epsilon": 8.000000000000007, "delta": 1e-05, "seconds": 643.2447045976296}
{"status": "completed", "result_dir": "/media/data/data/lt/dp-adam-correlated/exp3/results/search/B/b07_muon_0.003"}
