Loading weights:   0%|          | 0/39 [00:00<?, ?it/s]Loading weights: 100%|██████████| 39/39 [00:00<00:00, 18786.94it/s]
[transformers] [1mBertModel LOAD REPORT[0m from: /media/data/data/lt/dp-adam-correlated/cache/bert-tiny
Key                                        | Status     |  | 
-------------------------------------------+------------+--+-
cls.predictions.decoder.bias               | UNEXPECTED |  | 
cls.predictions.bias                       | UNEXPECTED |  | 
cls.seq_relationship.bias                  | UNEXPECTED |  | 
cls.predictions.transform.dense.weight     | UNEXPECTED |  | 
cls.predictions.decoder.weight             | UNEXPECTED |  | 
cls.predictions.transform.LayerNorm.weight | UNEXPECTED |  | 
cls.predictions.transform.LayerNorm.bias   | UNEXPECTED |  | 
cls.seq_relationship.weight                | UNEXPECTED |  | 
cls.predictions.transform.dense.bias       | UNEXPECTED |  | 

Notes:
- UNEXPECTED:	can be ignored when loading from different task/architecture; not ok if you expect identical arch.
sys:1: UserWarning: Full backward hook is firing when gradients are computed with respect to module outputs since no inputs require gradients. See https://docs.pytorch.org/docs/main/generated/torch.nn.Module.html#torch.nn.Module.register_full_backward_hook for more details.
{"step": 10, "epoch": 1, "train_loss": 0.6894014282226563, "clip_fraction": 0.015, "gradient_norm_mean": 119.75090625, "gradient_norm_max": 371.84375, "step_seconds": 0.2584429867565632, "innovation_std_sum": 914.409175282003, "noise_marginal_std_sum": 1261.2560055811578}
{"step": 20, "epoch": 1, "train_loss": 0.64592919921875, "clip_fraction": 0.07, "gradient_norm_mean": 126.435546875, "gradient_norm_max": 584.1931762695312, "step_seconds": 0.26277728378772736, "innovation_std_sum": 914.409175282003, "noise_marginal_std_sum": 1261.2560055811578}
{"step": 30, "epoch": 1, "train_loss": 0.6069322509765624, "clip_fraction": 0.31, "gradient_norm_mean": 177.104875, "gradient_norm_max": 526.27587890625, "step_seconds": 0.27142140828073025, "innovation_std_sum": 914.409175282003, "noise_marginal_std_sum": 1261.2560055811578}
{"step": 40, "epoch": 1, "train_loss": 0.5581785888671875, "clip_fraction": 0.535, "gradient_norm_mean": 235.8264375, "gradient_norm_max": 805.8665771484375, "step_seconds": 0.2683275006711483, "innovation_std_sum": 914.409175282003, "noise_marginal_std_sum": 1261.2560055811578}
{"step": 50, "epoch": 1, "train_loss": 0.5866987915039062, "clip_fraction": 0.518, "gradient_norm_mean": 277.8368125, "gradient_norm_max": 1069.168701171875, "step_seconds": 0.2681008018553257, "innovation_std_sum": 914.409175282003, "noise_marginal_std_sum": 1261.2560055811578}
{"step": 60, "epoch": 1, "train_loss": 0.5556145629882813, "clip_fraction": 0.455, "gradient_norm_mean": 272.55425, "gradient_norm_max": 1172.3463134765625, "step_seconds": 0.26499419286847115, "innovation_std_sum": 914.409175282003, "noise_marginal_std_sum": 1261.2560055811578}
{"epoch": 1, "step": 62, "train_loss": 0.626365456857989, "clip_fraction": 0.35674193548387095, "epsilon": 2.983473211150575, "accuracy": 0.7283604412039634, "validation_loss": 0.614341639563132, "validation_examples": 5349}
{"step": 70, "epoch": 2, "train_loss": 0.614868408203125, "clip_fraction": 0.407, "gradient_norm_mean": 228.677125, "gradient_norm_max": 1154.36181640625, "step_seconds": 0.17868405394256115, "innovation_std_sum": 914.409175282003, "noise_marginal_std_sum": 1261.2560055811578}
{"step": 80, "epoch": 2, "train_loss": 0.585613525390625, "clip_fraction": 0.41, "gradient_norm_mean": 211.79596875, "gradient_norm_max": 955.4364013671875, "step_seconds": 0.27042122930288315, "innovation_std_sum": 914.409175282003, "noise_marginal_std_sum": 1261.2560055811578}
{"step": 90, "epoch": 2, "train_loss": 0.52893310546875, "clip_fraction": 0.369, "gradient_norm_mean": 188.93378125, "gradient_norm_max": 936.21044921875, "step_seconds": 0.2704531457275152, "innovation_std_sum": 914.409175282003, "noise_marginal_std_sum": 1261.2560055811578}
{"step": 100, "epoch": 2, "train_loss": 0.51937744140625, "clip_fraction": 0.356, "gradient_norm_mean": 172.547125, "gradient_norm_max": 885.776123046875, "step_seconds": 0.26949823275208473, "innovation_std_sum": 914.409175282003, "noise_marginal_std_sum": 1261.2560055811578}
{"step": 110, "epoch": 2, "train_loss": 0.47791156005859375, "clip_fraction": 0.334, "gradient_norm_mean": 162.772453125, "gradient_norm_max": 1127.95849609375, "step_seconds": 0.27138318307697773, "innovation_std_sum": 914.409175282003, "noise_marginal_std_sum": 1261.2560055811578}
{"step": 120, "epoch": 2, "train_loss": 0.55098046875, "clip_fraction": 0.354, "gradient_norm_mean": 169.671125, "gradient_norm_max": 857.7139892578125, "step_seconds": 0.26472432911396027, "innovation_std_sum": 914.409175282003, "noise_marginal_std_sum": 1261.2560055811578}
{"epoch": 2, "step": 124, "train_loss": 0.5285540673040574, "clip_fraction": 0.37543548387096776, "epsilon": 4.566965972959099, "accuracy": 0.7726677883716583, "validation_loss": 0.5037052559616365, "validation_examples": 5349}
{"step": 130, "epoch": 3, "train_loss": 0.45426495361328123, "clip_fraction": 0.32, "gradient_norm_mean": 157.92728125, "gradient_norm_max": 1089.588134765625, "step_seconds": 0.2678008768707514, "innovation_std_sum": 914.409175282003, "noise_marginal_std_sum": 1261.2560055811578}
{"step": 140, "epoch": 3, "train_loss": 0.4878857421875, "clip_fraction": 0.32, "gradient_norm_mean": 147.118015625, "gradient_norm_max": 755.8887329101562, "step_seconds": 0.26907848939299583, "innovation_std_sum": 914.409175282003, "noise_marginal_std_sum": 1261.2560055811578}
{"step": 150, "epoch": 3, "train_loss": 0.4491371459960937, "clip_fraction": 0.284, "gradient_norm_mean": 138.701921875, "gradient_norm_max": 744.3495483398438, "step_seconds": 0.2651448883116245, "innovation_std_sum": 914.409175282003, "noise_marginal_std_sum": 1261.2560055811578}
{"step": 160, "epoch": 3, "train_loss": 0.455525634765625, "clip_fraction": 0.284, "gradient_norm_mean": 130.434015625, "gradient_norm_max": 721.7832641601562, "step_seconds": 0.15958250872790813, "innovation_std_sum": 914.409175282003, "noise_marginal_std_sum": 1261.2560055811578}
{"step": 170, "epoch": 3, "train_loss": 0.45770953369140627, "clip_fraction": 0.265, "gradient_norm_mean": 124.5825625, "gradient_norm_max": 727.8789672851562, "step_seconds": 0.26366356387734413, "innovation_std_sum": 914.409175282003, "noise_marginal_std_sum": 1261.2560055811578}
{"step": 180, "epoch": 3, "train_loss": 0.43219140625, "clip_fraction": 0.263, "gradient_norm_mean": 122.194828125, "gradient_norm_max": 654.0070190429688, "step_seconds": 0.2673269286751747, "innovation_std_sum": 914.409175282003, "noise_marginal_std_sum": 1261.2560055811578}
{"epoch": 3, "step": 186, "train_loss": 0.4693708924324282, "clip_fraction": 0.28783870967741937, "epsilon": 5.849088165717443, "accuracy": 0.7975322490185082, "validation_loss": 0.4494196252970857, "validation_examples": 5349}
{"step": 190, "epoch": 4, "train_loss": 0.5049143676757812, "clip_fraction": 0.286, "gradient_norm_mean": 130.83325, "gradient_norm_max": 949.8646850585938, "step_seconds": 0.2683628760278225, "innovation_std_sum": 914.409175282003, "noise_marginal_std_sum": 1261.2560055811578}
{"step": 200, "epoch": 4, "train_loss": 0.43089990234375, "clip_fraction": 0.242, "gradient_norm_mean": 110.55978125, "gradient_norm_max": 725.0543212890625, "step_seconds": 0.2759643830358982, "innovation_std_sum": 914.409175282003, "noise_marginal_std_sum": 1261.2560055811578}
{"step": 210, "epoch": 4, "train_loss": 0.41588430786132813, "clip_fraction": 0.201, "gradient_norm_mean": 101.3183828125, "gradient_norm_max": 588.0275268554688, "step_seconds": 0.1471289061009884, "innovation_std_sum": 914.409175282003, "noise_marginal_std_sum": 1261.2560055811578}
{"step": 220, "epoch": 4, "train_loss": 0.4562922668457031, "clip_fraction": 0.231, "gradient_norm_mean": 105.8585078125, "gradient_norm_max": 696.4151611328125, "step_seconds": 0.27165294624865055, "innovation_std_sum": 914.409175282003, "noise_marginal_std_sum": 1261.2560055811578}
{"step": 230, "epoch": 4, "train_loss": 0.4150353698730469, "clip_fraction": 0.21, "gradient_norm_mean": 100.60209375, "gradient_norm_max": 885.7308959960938, "step_seconds": 0.27470260113477707, "innovation_std_sum": 914.409175282003, "noise_marginal_std_sum": 1261.2560055811578}
{"step": 240, "epoch": 4, "train_loss": 0.4501004638671875, "clip_fraction": 0.21, "gradient_norm_mean": 101.015015625, "gradient_norm_max": 723.5084228515625, "step_seconds": 0.27000127732753754, "innovation_std_sum": 914.409175282003, "noise_marginal_std_sum": 1261.2560055811578}
{"epoch": 4, "step": 248, "train_loss": 0.43950528397098665, "clip_fraction": 0.2280806451612903, "epsilon": 6.974398475295221, "accuracy": 0.8087492989343803, "validation_loss": 0.42096016620515464, "validation_examples": 5349}
{"step": 250, "epoch": 5, "train_loss": 0.4309885559082031, "clip_fraction": 0.2, "gradient_norm_mean": 95.6827109375, "gradient_norm_max": 623.589111328125, "step_seconds": 0.2688494175672531, "innovation_std_sum": 914.409175282003, "noise_marginal_std_sum": 1261.2560055811578}
{"step": 260, "epoch": 5, "train_loss": 0.42814791870117186, "clip_fraction": 0.18, "gradient_norm_mean": 94.18371875, "gradient_norm_max": 809.30224609375, "step_seconds": 0.21781236864626408, "innovation_std_sum": 914.409175282003, "noise_marginal_std_sum": 1261.2560055811578}
{"step": 270, "epoch": 5, "train_loss": 0.413487060546875, "clip_fraction": 0.197, "gradient_norm_mean": 93.639734375, "gradient_norm_max": 617.0907592773438, "step_seconds": 0.2756729833781719, "innovation_std_sum": 914.409175282003, "noise_marginal_std_sum": 1261.2560055811578}
{"step": 280, "epoch": 5, "train_loss": 0.39564468383789064, "clip_fraction": 0.182, "gradient_norm_mean": 87.941171875, "gradient_norm_max": 726.5439453125, "step_seconds": 0.2761428840458393, "innovation_std_sum": 914.409175282003, "noise_marginal_std_sum": 1261.2560055811578}
{"step": 290, "epoch": 5, "train_loss": 0.41773309326171876, "clip_fraction": 0.171, "gradient_norm_mean": 86.9449375, "gradient_norm_max": 596.5061645507812, "step_seconds": 0.27635089866817, "innovation_std_sum": 914.409175282003, "noise_marginal_std_sum": 1261.2560055811578}
{"step": 300, "epoch": 5, "train_loss": 0.36836676025390624, "clip_fraction": 0.168, "gradient_norm_mean": 81.626984375, "gradient_norm_max": 576.0634155273438, "step_seconds": 0.2763582654297352, "innovation_std_sum": 914.409175282003, "noise_marginal_std_sum": 1261.2560055811578}
{"step": 310, "epoch": 5, "train_loss": 0.4321163635253906, "clip_fraction": 0.159, "gradient_norm_mean": 85.989734375, "gradient_norm_max": 630.47705078125, "step_seconds": 0.2760350704193115, "innovation_std_sum": 914.409175282003, "noise_marginal_std_sum": 1261.2560055811578}
{"epoch": 5, "step": 310, "train_loss": 0.4170637910904423, "clip_fraction": 0.1878064516129032, "epsilon": 8.000000000000005, "accuracy": 0.8151056272200411, "validation_loss": 0.41153950422896385, "validation_examples": 5349}
