Loading weights:   0%|          | 0/39 [00:00<?, ?it/s]Loading weights: 100%|██████████| 39/39 [00:00<00:00, 18584.17it/s]
[transformers] [1mBertModel LOAD REPORT[0m from: /media/data/data/lt/dp-adam-correlated/cache/bert-tiny
Key                                        | Status     |  | 
-------------------------------------------+------------+--+-
cls.predictions.transform.LayerNorm.weight | UNEXPECTED |  | 
cls.predictions.decoder.bias               | UNEXPECTED |  | 
cls.predictions.transform.dense.bias       | UNEXPECTED |  | 
cls.predictions.transform.LayerNorm.bias   | UNEXPECTED |  | 
cls.predictions.transform.dense.weight     | UNEXPECTED |  | 
cls.seq_relationship.weight                | UNEXPECTED |  | 
cls.predictions.bias                       | UNEXPECTED |  | 
cls.seq_relationship.bias                  | UNEXPECTED |  | 
cls.predictions.decoder.weight             | UNEXPECTED |  | 

Notes:
- UNEXPECTED:	can be ignored when loading from different task/architecture; not ok if you expect identical arch.
sys:1: UserWarning: Full backward hook is firing when gradients are computed with respect to module outputs since no inputs require gradients. See https://docs.pytorch.org/docs/main/generated/torch.nn.Module.html#torch.nn.Module.register_full_backward_hook for more details.
{"step": 10, "epoch": 1, "train_loss": 1.23307470703125, "clip_fraction": 0.706, "gradient_norm_mean": 10.004072265625, "gradient_norm_max": 41.868499755859375, "step_seconds": 0.2649122178554535, "innovation_std_sum": 2.5113722579427673, "noise_marginal_std_sum": 2.933162184778228}
{"step": 20, "epoch": 1, "train_loss": 1.46095654296875, "clip_fraction": 0.676, "gradient_norm_mean": 19.79495703125, "gradient_norm_max": 94.5492935180664, "step_seconds": 0.26281530410051346, "innovation_std_sum": 2.5113722579427673, "noise_marginal_std_sum": 2.933162184778228}
{"step": 30, "epoch": 1, "train_loss": 0.8940504760742187, "clip_fraction": 0.835, "gradient_norm_mean": 42.734890625, "gradient_norm_max": 185.7104034423828, "step_seconds": 0.26194570027291775, "innovation_std_sum": 2.5113722579427673, "noise_marginal_std_sum": 2.933162184778228}
{"step": 40, "epoch": 1, "train_loss": 1.0307877197265625, "clip_fraction": 0.631, "gradient_norm_mean": 62.28594140625, "gradient_norm_max": 487.0365905761719, "step_seconds": 0.26186572201550007, "innovation_std_sum": 2.5113722579427673, "noise_marginal_std_sum": 2.933162184778228}
{"step": 50, "epoch": 1, "train_loss": 1.145072998046875, "clip_fraction": 0.492, "gradient_norm_mean": 76.1815, "gradient_norm_max": 717.8861694335938, "step_seconds": 0.26320910081267357, "innovation_std_sum": 2.5113722579427673, "noise_marginal_std_sum": 2.933162184778228}
{"step": 60, "epoch": 1, "train_loss": 1.024748291015625, "clip_fraction": 0.508, "gradient_norm_mean": 69.367890625, "gradient_norm_max": 683.2060546875, "step_seconds": 0.26183477602899075, "innovation_std_sum": 2.5113722579427673, "noise_marginal_std_sum": 2.933162184778228}
{"epoch": 1, "step": 62, "train_loss": 1.1345652396909651, "clip_fraction": 0.6559677419354839, "epsilon": 3.054089440266451, "accuracy": 0.7605159842961301, "validation_loss": 1.0263814592744773, "validation_examples": 5349}
{"step": 70, "epoch": 2, "train_loss": 1.0091115112304687, "clip_fraction": 0.476, "gradient_norm_mean": 68.7197421875, "gradient_norm_max": 661.782470703125, "step_seconds": 0.24223081953823566, "innovation_std_sum": 2.5113722579427673, "noise_marginal_std_sum": 2.933162184778228}
{"step": 80, "epoch": 2, "train_loss": 1.027631591796875, "clip_fraction": 0.461, "gradient_norm_mean": 61.85878515625, "gradient_norm_max": 663.1822509765625, "step_seconds": 0.26479867100715637, "innovation_std_sum": 2.5113722579427673, "noise_marginal_std_sum": 2.933162184778228}
{"step": 90, "epoch": 2, "train_loss": 0.9660283813476562, "clip_fraction": 0.45, "gradient_norm_mean": 63.53915625, "gradient_norm_max": 760.159912109375, "step_seconds": 0.26443962194025517, "innovation_std_sum": 2.5113722579427673, "noise_marginal_std_sum": 2.933162184778228}
{"step": 100, "epoch": 2, "train_loss": 0.88698583984375, "clip_fraction": 0.428, "gradient_norm_mean": 57.8525078125, "gradient_norm_max": 788.490234375, "step_seconds": 0.27009288780391216, "innovation_std_sum": 2.5113722579427673, "noise_marginal_std_sum": 2.933162184778228}
{"step": 110, "epoch": 2, "train_loss": 0.9084122314453125, "clip_fraction": 0.422, "gradient_norm_mean": 53.464234375, "gradient_norm_max": 994.3269653320312, "step_seconds": 0.2650449201464653, "innovation_std_sum": 2.5113722579427673, "noise_marginal_std_sum": 2.933162184778228}
{"step": 120, "epoch": 2, "train_loss": 1.0096327514648438, "clip_fraction": 0.403, "gradient_norm_mean": 55.03698828125, "gradient_norm_max": 1097.076171875, "step_seconds": 0.26880485750734806, "innovation_std_sum": 2.5113722579427673, "noise_marginal_std_sum": 2.933162184778228}
{"epoch": 2, "step": 124, "train_loss": 0.9588766489336568, "clip_fraction": 0.4382258064516129, "epsilon": 4.610238743691153, "accuracy": 0.8018321181529258, "validation_loss": 0.8851559479050736, "validation_examples": 5349}
{"step": 130, "epoch": 3, "train_loss": 0.8883010864257812, "clip_fraction": 0.382, "gradient_norm_mean": 56.5527890625, "gradient_norm_max": 1021.5493774414062, "step_seconds": 0.27003480680286884, "innovation_std_sum": 2.5113722579427673, "noise_marginal_std_sum": 2.933162184778228}
{"step": 140, "epoch": 3, "train_loss": 0.9551220703125, "clip_fraction": 0.365, "gradient_norm_mean": 53.555796875, "gradient_norm_max": 986.0270385742188, "step_seconds": 0.2734862770885229, "innovation_std_sum": 2.5113722579427673, "noise_marginal_std_sum": 2.933162184778228}
{"step": 150, "epoch": 3, "train_loss": 0.9192181396484375, "clip_fraction": 0.377, "gradient_norm_mean": 50.657, "gradient_norm_max": 1185.62841796875, "step_seconds": 0.27258764021098614, "innovation_std_sum": 2.5113722579427673, "noise_marginal_std_sum": 2.933162184778228}
{"step": 160, "epoch": 3, "train_loss": 0.7346454467773438, "clip_fraction": 0.347, "gradient_norm_mean": 57.8201484375, "gradient_norm_max": 1154.558349609375, "step_seconds": 0.27310584113001823, "innovation_std_sum": 2.5113722579427673, "noise_marginal_std_sum": 2.933162184778228}
{"step": 170, "epoch": 3, "train_loss": 0.823201904296875, "clip_fraction": 0.336, "gradient_norm_mean": 45.85594921875, "gradient_norm_max": 1137.3253173828125, "step_seconds": 0.27324436604976654, "innovation_std_sum": 2.5113722579427673, "noise_marginal_std_sum": 2.933162184778228}
{"step": 180, "epoch": 3, "train_loss": 0.8041199951171875, "clip_fraction": 0.316, "gradient_norm_mean": 42.8297578125, "gradient_norm_max": 1387.7471923828125, "step_seconds": 0.18090610764920712, "innovation_std_sum": 2.5113722579427673, "noise_marginal_std_sum": 2.933162184778228}
{"epoch": 3, "step": 186, "train_loss": 0.8596194871471774, "clip_fraction": 0.35524193548387095, "epsilon": 5.873890881586911, "accuracy": 0.8132361189007291, "validation_loss": 0.8367881432585147, "validation_examples": 5349}
{"step": 190, "epoch": 4, "train_loss": 0.8069092407226562, "clip_fraction": 0.329, "gradient_norm_mean": 54.7110078125, "gradient_norm_max": 1614.4886474609375, "step_seconds": 0.2722682300955057, "innovation_std_sum": 2.5113722579427673, "noise_marginal_std_sum": 2.933162184778228}
{"step": 200, "epoch": 4, "train_loss": 0.9361101684570312, "clip_fraction": 0.345, "gradient_norm_mean": 46.6405546875, "gradient_norm_max": 1073.30322265625, "step_seconds": 0.2724559083580971, "innovation_std_sum": 2.5113722579427673, "noise_marginal_std_sum": 2.933162184778228}
{"step": 210, "epoch": 4, "train_loss": 0.7894205322265625, "clip_fraction": 0.32, "gradient_norm_mean": 49.84143359375, "gradient_norm_max": 964.1497192382812, "step_seconds": 0.2734224293380976, "innovation_std_sum": 2.5113722579427673, "noise_marginal_std_sum": 2.933162184778228}
{"step": 220, "epoch": 4, "train_loss": 0.7274882202148437, "clip_fraction": 0.296, "gradient_norm_mean": 45.78604296875, "gradient_norm_max": 1646.41650390625, "step_seconds": 0.2676117103546858, "innovation_std_sum": 2.5113722579427673, "noise_marginal_std_sum": 2.933162184778228}
{"step": 230, "epoch": 4, "train_loss": 0.8357662353515625, "clip_fraction": 0.302, "gradient_norm_mean": 53.29840625, "gradient_norm_max": 1321.453125, "step_seconds": 0.27365584298968315, "innovation_std_sum": 2.5113722579427673, "noise_marginal_std_sum": 2.933162184778228}
{"step": 240, "epoch": 4, "train_loss": 0.7714473876953125, "clip_fraction": 0.287, "gradient_norm_mean": 49.9751328125, "gradient_norm_max": 1146.49755859375, "step_seconds": 0.2734011020511389, "innovation_std_sum": 2.5113722579427673, "noise_marginal_std_sum": 2.933162184778228}
{"epoch": 4, "step": 248, "train_loss": 0.8171991892168599, "clip_fraction": 0.3100806451612903, "epsilon": 6.985551657770655, "accuracy": 0.8104318564217611, "validation_loss": 0.815505801728784, "validation_examples": 5349}
{"step": 250, "epoch": 5, "train_loss": 0.8372859497070313, "clip_fraction": 0.296, "gradient_norm_mean": 47.1160390625, "gradient_norm_max": 1233.3642578125, "step_seconds": 0.25961578264832497, "innovation_std_sum": 2.5113722579427673, "noise_marginal_std_sum": 2.933162184778228}
{"step": 260, "epoch": 5, "train_loss": 0.7727445068359375, "clip_fraction": 0.268, "gradient_norm_mean": 45.0486171875, "gradient_norm_max": 1346.630859375, "step_seconds": 0.27261473424732685, "innovation_std_sum": 2.5113722579427673, "noise_marginal_std_sum": 2.933162184778228}
{"step": 270, "epoch": 5, "train_loss": 0.7695043334960937, "clip_fraction": 0.283, "gradient_norm_mean": 40.9928515625, "gradient_norm_max": 1210.1668701171875, "step_seconds": 0.27245610021054745, "innovation_std_sum": 2.5113722579427673, "noise_marginal_std_sum": 2.933162184778228}
{"step": 280, "epoch": 5, "train_loss": 0.7745325317382813, "clip_fraction": 0.299, "gradient_norm_mean": 53.213421875, "gradient_norm_max": 1501.02587890625, "step_seconds": 0.27169800363481045, "innovation_std_sum": 2.5113722579427673, "noise_marginal_std_sum": 2.933162184778228}
{"step": 290, "epoch": 5, "train_loss": 0.8765308837890625, "clip_fraction": 0.289, "gradient_norm_mean": 54.13228125, "gradient_norm_max": 1407.471435546875, "step_seconds": 0.2728038318455219, "innovation_std_sum": 2.5113722579427673, "noise_marginal_std_sum": 2.933162184778228}
{"step": 300, "epoch": 5, "train_loss": 0.7802491455078125, "clip_fraction": 0.27, "gradient_norm_mean": 42.9245703125, "gradient_norm_max": 1450.400634765625, "step_seconds": 0.27178761176764965, "innovation_std_sum": 2.5113722579427673, "noise_marginal_std_sum": 2.933162184778228}
{"step": 310, "epoch": 5, "train_loss": 0.8458358764648437, "clip_fraction": 0.289, "gradient_norm_mean": 48.497296875, "gradient_norm_max": 1488.0616455078125, "step_seconds": 0.1265202108770609, "innovation_std_sum": 2.5113722579427673, "noise_marginal_std_sum": 2.933162184778228}
{"epoch": 5, "step": 310, "train_loss": 0.7846049568422379, "clip_fraction": 0.2854032258064516, "epsilon": 8.000000000000005, "accuracy": 0.8246401196485325, "validation_loss": 0.799636817999166, "validation_examples": 5349}
