/home/longt29/miniconda3/envs/curve/lib/python3.11/site-packages/torchvision/datasets/cifar.py:83: VisibleDeprecationWarning: dtype(): align should be passed as Python or NumPy boolean but got `align=0`. Did you mean to pass a tuple to create a subarray type? (Deprecated NumPy 2.4)
  entry = pickle.load(f, encoding="latin1")
sys:1: UserWarning: Full backward hook is firing when gradients are computed with respect to module outputs since no inputs require gradients. See https://docs.pytorch.org/docs/main/generated/torch.nn.Module.html#torch.nn.Module.register_full_backward_hook for more details.
{"step": 10, "epoch": 1, "train_loss": 4.477435302734375, "clip_fraction": 1.0, "gradient_norm_mean": 412.00559375, "gradient_norm_max": 887.349609375, "step_seconds": 2.027619630098343, "innovation_std_sum": 144.0803108758691, "noise_marginal_std_sum": 198.73177379497218}
{"step": 20, "epoch": 1, "train_loss": 4.122707153320312, "clip_fraction": 1.0, "gradient_norm_mean": 512.2510625, "gradient_norm_max": 1010.2456665039062, "step_seconds": 2.0041971039026976, "innovation_std_sum": 144.0803108758691, "noise_marginal_std_sum": 198.73177379497218}
{"step": 30, "epoch": 1, "train_loss": 3.73266552734375, "clip_fraction": 1.0, "gradient_norm_mean": 720.53503125, "gradient_norm_max": 1719.752685546875, "step_seconds": 2.0238252449780703, "innovation_std_sum": 144.0803108758691, "noise_marginal_std_sum": 198.73177379497218}
{"step": 40, "epoch": 1, "train_loss": 3.3603689575195315, "clip_fraction": 1.0, "gradient_norm_mean": 869.29259375, "gradient_norm_max": 2228.909912109375, "step_seconds": 2.007930502295494, "innovation_std_sum": 144.0803108758691, "noise_marginal_std_sum": 198.73177379497218}
{"epoch": 1, "step": 45, "train_loss": 3.997817785644531, "clip_fraction": 1.0, "epsilon": 2.805247463992718, "accuracy": 0.3128, "validation_loss": 2.8355793823242186, "validation_examples": 5000}
{"step": 50, "epoch": 2, "train_loss": 2.9270739135742185, "clip_fraction": 1.0, "gradient_norm_mean": 880.3043125, "gradient_norm_max": 2675.7841796875, "step_seconds": 2.0249801352620125, "innovation_std_sum": 144.0803108758691, "noise_marginal_std_sum": 198.73177379497218}
{"step": 60, "epoch": 2, "train_loss": 2.7485551147460936, "clip_fraction": 1.0, "gradient_norm_mean": 911.204734375, "gradient_norm_max": 3891.759033203125, "step_seconds": 2.004231419414282, "innovation_std_sum": 144.0803108758691, "noise_marginal_std_sum": 198.73177379497218}
{"step": 70, "epoch": 2, "train_loss": 2.4371578369140625, "clip_fraction": 0.999, "gradient_norm_mean": 893.527640625, "gradient_norm_max": 4043.7744140625, "step_seconds": 2.0012391693890095, "innovation_std_sum": 144.0803108758691, "noise_marginal_std_sum": 198.73177379497218}
{"step": 80, "epoch": 2, "train_loss": 2.398456970214844, "clip_fraction": 0.998, "gradient_norm_mean": 936.897203125, "gradient_norm_max": 4823.9794921875, "step_seconds": 2.0556969717144966, "innovation_std_sum": 144.0803108758691, "noise_marginal_std_sum": 198.73177379497218}
{"step": 90, "epoch": 2, "train_loss": 2.2245437622070314, "clip_fraction": 0.998, "gradient_norm_mean": 945.610890625, "gradient_norm_max": 5118.23046875, "step_seconds": 2.0041396487504244, "innovation_std_sum": 144.0803108758691, "noise_marginal_std_sum": 198.73177379497218}
{"epoch": 2, "step": 90, "train_loss": 2.5761602362738714, "clip_fraction": 0.9984444444444445, "epsilon": 4.4474719255524375, "accuracy": 0.5462, "validation_loss": 1.7614329223632812, "validation_examples": 5000}
{"step": 100, "epoch": 3, "train_loss": 2.0452735900878904, "clip_fraction": 0.986, "gradient_norm_mean": 914.46578125, "gradient_norm_max": 3675.37158203125, "step_seconds": 1.9967762622982264, "innovation_std_sum": 144.0803108758691, "noise_marginal_std_sum": 198.73177379497218}
{"step": 110, "epoch": 3, "train_loss": 1.9579985656738281, "clip_fraction": 0.982, "gradient_norm_mean": 904.714875, "gradient_norm_max": 3570.258544921875, "step_seconds": 2.0025269649922848, "innovation_std_sum": 144.0803108758691, "noise_marginal_std_sum": 198.73177379497218}
{"step": 120, "epoch": 3, "train_loss": 1.8712002258300782, "clip_fraction": 0.979, "gradient_norm_mean": 910.122015625, "gradient_norm_max": 4505.70361328125, "step_seconds": 2.0038098823279142, "innovation_std_sum": 144.0803108758691, "noise_marginal_std_sum": 198.73177379497218}
{"step": 130, "epoch": 3, "train_loss": 1.8012161254882812, "clip_fraction": 0.962, "gradient_norm_mean": 900.1058125, "gradient_norm_max": 5076.79248046875, "step_seconds": 2.01965737529099, "innovation_std_sum": 144.0803108758691, "noise_marginal_std_sum": 198.73177379497218}
{"epoch": 3, "step": 135, "train_loss": 1.9713629102918837, "clip_fraction": 0.9748222222222223, "epsilon": 5.779485746307642, "accuracy": 0.6354, "validation_loss": 1.3302840759277343, "validation_examples": 5000}
{"step": 140, "epoch": 4, "train_loss": 1.7666622009277344, "clip_fraction": 0.947, "gradient_norm_mean": 886.853765625, "gradient_norm_max": 5211.35205078125, "step_seconds": 1.9967192839831114, "innovation_std_sum": 144.0803108758691, "noise_marginal_std_sum": 198.73177379497218}
{"step": 150, "epoch": 4, "train_loss": 1.7494054870605469, "clip_fraction": 0.933, "gradient_norm_mean": 907.096640625, "gradient_norm_max": 5468.76708984375, "step_seconds": 1.9951110146939754, "innovation_std_sum": 144.0803108758691, "noise_marginal_std_sum": 198.73177379497218}
{"step": 160, "epoch": 4, "train_loss": 1.7329911804199218, "clip_fraction": 0.92, "gradient_norm_mean": 920.95853125, "gradient_norm_max": 5142.6103515625, "step_seconds": 2.042522558942437, "innovation_std_sum": 144.0803108758691, "noise_marginal_std_sum": 198.73177379497218}
{"step": 170, "epoch": 4, "train_loss": 1.6603518371582031, "clip_fraction": 0.913, "gradient_norm_mean": 893.903984375, "gradient_norm_max": 6082.51806640625, "step_seconds": 1.993844412267208, "innovation_std_sum": 144.0803108758691, "noise_marginal_std_sum": 198.73177379497218}
{"step": 180, "epoch": 4, "train_loss": 1.6091469116210937, "clip_fraction": 0.904, "gradient_norm_mean": 887.941796875, "gradient_norm_max": 4005.3154296875, "step_seconds": 1.990358566865325, "innovation_std_sum": 144.0803108758691, "noise_marginal_std_sum": 198.73177379497218}
{"epoch": 4, "step": 180, "train_loss": 1.7069504570855034, "clip_fraction": 0.9280666666666667, "epsilon": 6.943065470652311, "accuracy": 0.6822, "validation_loss": 1.1093580688476563, "validation_examples": 5000}
{"step": 190, "epoch": 5, "train_loss": 1.5384606323242187, "clip_fraction": 0.896, "gradient_norm_mean": 892.397328125, "gradient_norm_max": 4072.221435546875, "step_seconds": 2.016153248026967, "innovation_std_sum": 144.0803108758691, "noise_marginal_std_sum": 198.73177379497218}
{"step": 200, "epoch": 5, "train_loss": 1.5803858642578126, "clip_fraction": 0.893, "gradient_norm_mean": 905.7346875, "gradient_norm_max": 4573.6533203125, "step_seconds": 2.0055806431919336, "innovation_std_sum": 144.0803108758691, "noise_marginal_std_sum": 198.73177379497218}
{"step": 210, "epoch": 5, "train_loss": 1.5947240295410157, "clip_fraction": 0.866, "gradient_norm_mean": 916.682203125, "gradient_norm_max": 6325.80029296875, "step_seconds": 2.004779452458024, "innovation_std_sum": 144.0803108758691, "noise_marginal_std_sum": 198.73177379497218}
{"step": 220, "epoch": 5, "train_loss": 1.5158735046386718, "clip_fraction": 0.878, "gradient_norm_mean": 923.114546875, "gradient_norm_max": 4459.859375, "step_seconds": 2.0081777032464743, "innovation_std_sum": 144.0803108758691, "noise_marginal_std_sum": 198.73177379497218}
{"epoch": 5, "step": 225, "train_loss": 1.548656711154514, "clip_fraction": 0.8814, "epsilon": 8.000000000000005, "accuracy": 0.712, "validation_loss": 0.9813200805664063, "validation_examples": 5000}
