Loading weights:   0%|          | 0/39 [00:00<?, ?it/s]Loading weights: 100%|██████████| 39/39 [00:00<00:00, 18996.38it/s]
[transformers] [1mBertModel LOAD REPORT[0m from: /media/data/data/lt/dp-adam-correlated/cache/bert-tiny
Key                                        | Status     |  | 
-------------------------------------------+------------+--+-
cls.predictions.transform.dense.bias       | UNEXPECTED |  | 
cls.seq_relationship.weight                | UNEXPECTED |  | 
cls.predictions.decoder.bias               | UNEXPECTED |  | 
cls.predictions.transform.LayerNorm.weight | UNEXPECTED |  | 
cls.predictions.decoder.weight             | UNEXPECTED |  | 
cls.predictions.transform.dense.weight     | UNEXPECTED |  | 
cls.predictions.bias                       | UNEXPECTED |  | 
cls.seq_relationship.bias                  | UNEXPECTED |  | 
cls.predictions.transform.LayerNorm.bias   | UNEXPECTED |  | 

Notes:
- UNEXPECTED:	can be ignored when loading from different task/architecture; not ok if you expect identical arch.
sys:1: UserWarning: Full backward hook is firing when gradients are computed with respect to module outputs since no inputs require gradients. See https://docs.pytorch.org/docs/main/generated/torch.nn.Module.html#torch.nn.Module.register_full_backward_hook for more details.
{"step": 10, "epoch": 1, "train_loss": 1.636406005859375, "clip_fraction": 0.486, "gradient_norm_mean": 9.077564453125, "gradient_norm_max": 34.852237701416016, "step_seconds": 0.2664497997611761, "innovation_std_sum": 4.572045876410015, "noise_marginal_std_sum": 6.306280027905788}
{"step": 20, "epoch": 1, "train_loss": 1.195349365234375, "clip_fraction": 0.883, "gradient_norm_mean": 11.386095703125, "gradient_norm_max": 48.558448791503906, "step_seconds": 0.2663373928517103, "innovation_std_sum": 4.572045876410015, "noise_marginal_std_sum": 6.306280027905788}
{"step": 30, "epoch": 1, "train_loss": 1.456534912109375, "clip_fraction": 0.656, "gradient_norm_mean": 16.46288671875, "gradient_norm_max": 86.52606201171875, "step_seconds": 0.2664065267890692, "innovation_std_sum": 4.572045876410015, "noise_marginal_std_sum": 6.306280027905788}
{"step": 40, "epoch": 1, "train_loss": 1.13578173828125, "clip_fraction": 0.83, "gradient_norm_mean": 25.27131640625, "gradient_norm_max": 109.15911102294922, "step_seconds": 0.2666057161986828, "innovation_std_sum": 4.572045876410015, "noise_marginal_std_sum": 6.306280027905788}
{"step": 50, "epoch": 1, "train_loss": 1.156555908203125, "clip_fraction": 0.758, "gradient_norm_mean": 33.896734375, "gradient_norm_max": 134.0130157470703, "step_seconds": 0.2653066758066416, "innovation_std_sum": 4.572045876410015, "noise_marginal_std_sum": 6.306280027905788}
{"step": 60, "epoch": 1, "train_loss": 0.7541934814453125, "clip_fraction": 0.864, "gradient_norm_mean": 39.36277734375, "gradient_norm_max": 226.63156127929688, "step_seconds": 0.2672248501330614, "innovation_std_sum": 4.572045876410015, "noise_marginal_std_sum": 6.306280027905788}
{"epoch": 1, "step": 62, "train_loss": 1.1800687915432837, "clip_fraction": 0.7698387096774194, "epsilon": 2.9834732111505753, "accuracy": 0.6930267339689662, "validation_loss": 0.6982833982115707, "validation_examples": 5349}
{"step": 70, "epoch": 2, "train_loss": 0.853917724609375, "clip_fraction": 0.762, "gradient_norm_mean": 48.6668203125, "gradient_norm_max": 294.6423034667969, "step_seconds": 0.2663532104343176, "innovation_std_sum": 4.572045876410015, "noise_marginal_std_sum": 6.306280027905788}
{"step": 80, "epoch": 2, "train_loss": 0.911637451171875, "clip_fraction": 0.707, "gradient_norm_mean": 58.47402734375, "gradient_norm_max": 470.681396484375, "step_seconds": 0.2680966593325138, "innovation_std_sum": 4.572045876410015, "noise_marginal_std_sum": 6.306280027905788}
{"step": 90, "epoch": 2, "train_loss": 1.0251436767578126, "clip_fraction": 0.581, "gradient_norm_mean": 61.25563671875, "gradient_norm_max": 594.6558837890625, "step_seconds": 0.2675855942070484, "innovation_std_sum": 4.572045876410015, "noise_marginal_std_sum": 6.306280027905788}
{"step": 100, "epoch": 2, "train_loss": 1.0549224853515624, "clip_fraction": 0.562, "gradient_norm_mean": 69.168546875, "gradient_norm_max": 661.7009887695312, "step_seconds": 0.2669098135083914, "innovation_std_sum": 4.572045876410015, "noise_marginal_std_sum": 6.306280027905788}
{"step": 110, "epoch": 2, "train_loss": 1.03990966796875, "clip_fraction": 0.509, "gradient_norm_mean": 69.2329765625, "gradient_norm_max": 784.4069213867188, "step_seconds": 0.281910652294755, "innovation_std_sum": 4.572045876410015, "noise_marginal_std_sum": 6.306280027905788}
{"step": 120, "epoch": 2, "train_loss": 0.9922989501953124, "clip_fraction": 0.502, "gradient_norm_mean": 67.6240625, "gradient_norm_max": 683.4559326171875, "step_seconds": 0.2670865673571825, "innovation_std_sum": 4.572045876410015, "noise_marginal_std_sum": 6.306280027905788}
{"epoch": 2, "step": 124, "train_loss": 0.9722756574076991, "clip_fraction": 0.6284354838709677, "epsilon": 4.5669659729591, "accuracy": 0.7595812301364742, "validation_loss": 1.0621283790244636, "validation_examples": 5349}
{"step": 130, "epoch": 3, "train_loss": 1.0159698486328126, "clip_fraction": 0.511, "gradient_norm_mean": 77.02290625, "gradient_norm_max": 646.9714965820312, "step_seconds": 0.2672826051712036, "innovation_std_sum": 4.572045876410015, "noise_marginal_std_sum": 6.306280027905788}
{"step": 140, "epoch": 3, "train_loss": 1.02817041015625, "clip_fraction": 0.505, "gradient_norm_mean": 79.265796875, "gradient_norm_max": 764.0643310546875, "step_seconds": 0.2672864571213722, "innovation_std_sum": 4.572045876410015, "noise_marginal_std_sum": 6.306280027905788}
{"step": 150, "epoch": 3, "train_loss": 1.0664598388671875, "clip_fraction": 0.488, "gradient_norm_mean": 74.8495625, "gradient_norm_max": 669.205322265625, "step_seconds": 0.2672001086175442, "innovation_std_sum": 4.572045876410015, "noise_marginal_std_sum": 6.306280027905788}
{"step": 160, "epoch": 3, "train_loss": 1.0691505126953125, "clip_fraction": 0.495, "gradient_norm_mean": 73.857328125, "gradient_norm_max": 743.5086669921875, "step_seconds": 0.2683866322040558, "innovation_std_sum": 4.572045876410015, "noise_marginal_std_sum": 6.306280027905788}
{"step": 170, "epoch": 3, "train_loss": 1.077418701171875, "clip_fraction": 0.483, "gradient_norm_mean": 70.78875, "gradient_norm_max": 925.7887573242188, "step_seconds": 0.2817132640630007, "innovation_std_sum": 4.572045876410015, "noise_marginal_std_sum": 6.306280027905788}
{"step": 180, "epoch": 3, "train_loss": 1.119072509765625, "clip_fraction": 0.496, "gradient_norm_mean": 71.489515625, "gradient_norm_max": 762.4479370117188, "step_seconds": 0.2672994937747717, "innovation_std_sum": 4.572045876410015, "noise_marginal_std_sum": 6.306280027905788}
{"epoch": 3, "step": 186, "train_loss": 1.0136690890404485, "clip_fraction": 0.4928064516129032, "epsilon": 5.849088165717442, "accuracy": 0.7805197233127688, "validation_loss": 1.0097447151245413, "validation_examples": 5349}
{"step": 190, "epoch": 4, "train_loss": 0.856072265625, "clip_fraction": 0.466, "gradient_norm_mean": 70.661703125, "gradient_norm_max": 790.7952880859375, "step_seconds": 0.2674020640552044, "innovation_std_sum": 4.572045876410015, "noise_marginal_std_sum": 6.306280027905788}
{"step": 200, "epoch": 4, "train_loss": 0.98646728515625, "clip_fraction": 0.495, "gradient_norm_mean": 69.678546875, "gradient_norm_max": 867.5894165039062, "step_seconds": 0.2670624330639839, "innovation_std_sum": 4.572045876410015, "noise_marginal_std_sum": 6.306280027905788}
{"step": 210, "epoch": 4, "train_loss": 1.0011239624023438, "clip_fraction": 0.466, "gradient_norm_mean": 74.9402734375, "gradient_norm_max": 888.0919799804688, "step_seconds": 0.26746280677616596, "innovation_std_sum": 4.572045876410015, "noise_marginal_std_sum": 6.306280027905788}
{"step": 220, "epoch": 4, "train_loss": 0.906814453125, "clip_fraction": 0.447, "gradient_norm_mean": 64.714953125, "gradient_norm_max": 836.9742431640625, "step_seconds": 0.26821246929466724, "innovation_std_sum": 4.572045876410015, "noise_marginal_std_sum": 6.306280027905788}
{"step": 230, "epoch": 4, "train_loss": 0.9957872314453124, "clip_fraction": 0.45, "gradient_norm_mean": 73.56825, "gradient_norm_max": 780.5279541015625, "step_seconds": 0.15620948560535908, "innovation_std_sum": 4.572045876410015, "noise_marginal_std_sum": 6.306280027905788}
{"step": 240, "epoch": 4, "train_loss": 0.9580994262695313, "clip_fraction": 0.436, "gradient_norm_mean": 65.77859375, "gradient_norm_max": 830.9326171875, "step_seconds": 0.26771792583167553, "innovation_std_sum": 4.572045876410015, "noise_marginal_std_sum": 6.306280027905788}
{"epoch": 4, "step": 248, "train_loss": 0.966214123141381, "clip_fraction": 0.4535161290322581, "epsilon": 6.974398475295216, "accuracy": 0.7887455599177416, "validation_loss": 0.9747649710029949, "validation_examples": 5349}
{"step": 250, "epoch": 5, "train_loss": 1.0738316650390625, "clip_fraction": 0.417, "gradient_norm_mean": 64.4767734375, "gradient_norm_max": 892.7550659179688, "step_seconds": 0.26794558204710484, "innovation_std_sum": 4.572045876410015, "noise_marginal_std_sum": 6.306280027905788}
{"step": 260, "epoch": 5, "train_loss": 1.0071609497070313, "clip_fraction": 0.425, "gradient_norm_mean": 64.10831640625, "gradient_norm_max": 757.093017578125, "step_seconds": 0.26825521141290665, "innovation_std_sum": 4.572045876410015, "noise_marginal_std_sum": 6.306280027905788}
{"step": 270, "epoch": 5, "train_loss": 0.863592041015625, "clip_fraction": 0.418, "gradient_norm_mean": 62.7889296875, "gradient_norm_max": 800.42578125, "step_seconds": 0.26844650506973267, "innovation_std_sum": 4.572045876410015, "noise_marginal_std_sum": 6.306280027905788}
{"step": 280, "epoch": 5, "train_loss": 0.9487093505859375, "clip_fraction": 0.421, "gradient_norm_mean": 63.1156640625, "gradient_norm_max": 929.53662109375, "step_seconds": 0.2696043886244297, "innovation_std_sum": 4.572045876410015, "noise_marginal_std_sum": 6.306280027905788}
{"step": 290, "epoch": 5, "train_loss": 0.9233909301757812, "clip_fraction": 0.415, "gradient_norm_mean": 64.31051953125, "gradient_norm_max": 906.6234741210938, "step_seconds": 0.26750441268086433, "innovation_std_sum": 4.572045876410015, "noise_marginal_std_sum": 6.306280027905788}
{"step": 300, "epoch": 5, "train_loss": 0.8455761108398437, "clip_fraction": 0.401, "gradient_norm_mean": 63.43427734375, "gradient_norm_max": 1358.52587890625, "step_seconds": 0.12727585807442665, "innovation_std_sum": 4.572045876410015, "noise_marginal_std_sum": 6.306280027905788}
{"step": 310, "epoch": 5, "train_loss": 0.933503662109375, "clip_fraction": 0.408, "gradient_norm_mean": 62.05925390625, "gradient_norm_max": 1086.0902099609375, "step_seconds": 0.13181551732122898, "innovation_std_sum": 4.572045876410015, "noise_marginal_std_sum": 6.306280027905788}
{"epoch": 5, "step": 310, "train_loss": 0.9312723359138735, "clip_fraction": 0.42069354838709677, "epsilon": 8.000000000000005, "accuracy": 0.7951018882034026, "validation_loss": 0.9255234216792402, "validation_examples": 5349}
