/home/longt29/miniconda3/envs/curve/lib/python3.11/site-packages/torchvision/datasets/cifar.py:83: VisibleDeprecationWarning: dtype(): align should be passed as Python or NumPy boolean but got `align=0`. Did you mean to pass a tuple to create a subarray type? (Deprecated NumPy 2.4)
  entry = pickle.load(f, encoding="latin1")
sys:1: UserWarning: Full backward hook is firing when gradients are computed with respect to module outputs since no inputs require gradients. See https://docs.pytorch.org/docs/main/generated/torch.nn.Module.html#torch.nn.Module.register_full_backward_hook for more details.
{"step": 10, "epoch": 1, "train_loss": 4.471111694335938, "clip_fraction": 1.0, "gradient_norm_mean": 446.9156875, "gradient_norm_max": 836.4287109375, "step_seconds": 1.9414111413061619, "innovation_std_sum": 879.1160792107596, "noise_marginal_std_sum": 1027.7966320057017}
{"step": 20, "epoch": 1, "train_loss": 4.146430725097656, "clip_fraction": 1.0, "gradient_norm_mean": 379.74121875, "gradient_norm_max": 815.3961791992188, "step_seconds": 1.9843416847288609, "innovation_std_sum": 879.1160792107596, "noise_marginal_std_sum": 1027.7966320057017}
{"step": 30, "epoch": 1, "train_loss": 3.781714111328125, "clip_fraction": 1.0, "gradient_norm_mean": 405.2780703125, "gradient_norm_max": 1199.512451171875, "step_seconds": 1.9692539852112532, "innovation_std_sum": 879.1160792107596, "noise_marginal_std_sum": 1027.7966320057017}
{"step": 40, "epoch": 1, "train_loss": 3.436311218261719, "clip_fraction": 0.999, "gradient_norm_mean": 427.1402578125, "gradient_norm_max": 1128.8316650390625, "step_seconds": 1.9784311838448048, "innovation_std_sum": 879.1160792107596, "noise_marginal_std_sum": 1027.7966320057017}
{"step": 50, "epoch": 1, "train_loss": 3.102370544433594, "clip_fraction": 0.98, "gradient_norm_mean": 429.4533828125, "gradient_norm_max": 1318.6517333984375, "step_seconds": 1.9844403229653835, "innovation_std_sum": 879.1160792107596, "noise_marginal_std_sum": 1027.7966320057017}
{"epoch": 1, "step": 50, "train_loss": 3.9458887536621092, "clip_fraction": 0.997, "epsilon": 1.5708547539327524, "accuracy": 0.321, "validation_loss": 2.8063423156738283, "validation_examples": 10000}
{"step": 60, "epoch": 2, "train_loss": 2.7840628662109377, "clip_fraction": 0.965, "gradient_norm_mean": 427.9719765625, "gradient_norm_max": 1577.39306640625, "step_seconds": 1.9758207257837057, "innovation_std_sum": 879.1160792107596, "noise_marginal_std_sum": 1027.7966320057017}
{"step": 70, "epoch": 2, "train_loss": 2.5500497436523437, "clip_fraction": 0.94, "gradient_norm_mean": 424.8420859375, "gradient_norm_max": 1379.883544921875, "step_seconds": 1.962768105790019, "innovation_std_sum": 879.1160792107596, "noise_marginal_std_sum": 1027.7966320057017}
{"step": 80, "epoch": 2, "train_loss": 2.4069627075195315, "clip_fraction": 0.9, "gradient_norm_mean": 410.7041015625, "gradient_norm_max": 1882.0916748046875, "step_seconds": 1.9607926849275827, "innovation_std_sum": 879.1160792107596, "noise_marginal_std_sum": 1027.7966320057017}
{"step": 90, "epoch": 2, "train_loss": 2.2936416625976563, "clip_fraction": 0.865, "gradient_norm_mean": 401.3224921875, "gradient_norm_max": 1886.8924560546875, "step_seconds": 1.9958599768579006, "innovation_std_sum": 879.1160792107596, "noise_marginal_std_sum": 1027.7966320057017}
{"step": 100, "epoch": 2, "train_loss": 2.1520245361328123, "clip_fraction": 0.835, "gradient_norm_mean": 382.834, "gradient_norm_max": 1450.8651123046875, "step_seconds": 2.006850779056549, "innovation_std_sum": 879.1160792107596, "noise_marginal_std_sum": 1027.7966320057017}
{"epoch": 2, "step": 100, "train_loss": 2.521495231933594, "clip_fraction": 0.91616, "epsilon": 2.3512455457886707, "accuracy": 0.5502, "validation_loss": 1.7352996826171876, "validation_examples": 10000}
{"step": 110, "epoch": 3, "train_loss": 2.0500198669433596, "clip_fraction": 0.799, "gradient_norm_mean": 376.014, "gradient_norm_max": 1564.9970703125, "step_seconds": 1.9507938902825117, "innovation_std_sum": 879.1160792107596, "noise_marginal_std_sum": 1027.7966320057017}
{"step": 120, "epoch": 3, "train_loss": 1.92506787109375, "clip_fraction": 0.759, "gradient_norm_mean": 369.0026171875, "gradient_norm_max": 1700.0074462890625, "step_seconds": 1.9499009400606155, "innovation_std_sum": 879.1160792107596, "noise_marginal_std_sum": 1027.7966320057017}
{"step": 130, "epoch": 3, "train_loss": 1.8323624572753907, "clip_fraction": 0.752, "gradient_norm_mean": 354.6902734375, "gradient_norm_max": 1539.6358642578125, "step_seconds": 1.957993421703577, "innovation_std_sum": 879.1160792107596, "noise_marginal_std_sum": 1027.7966320057017}
{"step": 140, "epoch": 3, "train_loss": 1.8656283569335939, "clip_fraction": 0.746, "gradient_norm_mean": 362.09378125, "gradient_norm_max": 1468.18701171875, "step_seconds": 2.0176743175834417, "innovation_std_sum": 879.1160792107596, "noise_marginal_std_sum": 1027.7966320057017}
{"step": 150, "epoch": 3, "train_loss": 1.7609789428710938, "clip_fraction": 0.726, "gradient_norm_mean": 352.109375, "gradient_norm_max": 2067.69580078125, "step_seconds": 1.9962627422064543, "innovation_std_sum": 879.1160792107596, "noise_marginal_std_sum": 1027.7966320057017}
{"epoch": 3, "step": 150, "train_loss": 1.9464676861572265, "clip_fraction": 0.76986, "epsilon": 2.973290097247474, "accuracy": 0.6422, "validation_loss": 1.3215423370361328, "validation_examples": 10000}
{"step": 160, "epoch": 4, "train_loss": 1.7645495300292968, "clip_fraction": 0.719, "gradient_norm_mean": 360.679703125, "gradient_norm_max": 1979.7864990234375, "step_seconds": 1.9439887683838606, "innovation_std_sum": 879.1160792107596, "noise_marginal_std_sum": 1027.7966320057017}
{"step": 170, "epoch": 4, "train_loss": 1.7016631164550782, "clip_fraction": 0.7, "gradient_norm_mean": 339.685265625, "gradient_norm_max": 2186.68212890625, "step_seconds": 1.9825136065483093, "innovation_std_sum": 879.1160792107596, "noise_marginal_std_sum": 1027.7966320057017}
{"step": 180, "epoch": 4, "train_loss": 1.6922202758789062, "clip_fraction": 0.659, "gradient_norm_mean": 329.8496953125, "gradient_norm_max": 1816.093994140625, "step_seconds": 1.9676377810537815, "innovation_std_sum": 879.1160792107596, "noise_marginal_std_sum": 1027.7966320057017}
{"step": 190, "epoch": 4, "train_loss": 1.6649884338378906, "clip_fraction": 0.659, "gradient_norm_mean": 334.9954140625, "gradient_norm_max": 1635.5592041015625, "step_seconds": 1.9886320661753416, "innovation_std_sum": 879.1160792107596, "noise_marginal_std_sum": 1027.7966320057017}
{"step": 200, "epoch": 4, "train_loss": 1.5405245666503906, "clip_fraction": 0.642, "gradient_norm_mean": 326.16390625, "gradient_norm_max": 1587.839599609375, "step_seconds": 2.0056187007576227, "innovation_std_sum": 879.1160792107596, "noise_marginal_std_sum": 1027.7966320057017}
{"epoch": 4, "step": 200, "train_loss": 1.6774647827148437, "clip_fraction": 0.67378, "epsilon": 3.5129749023315266, "accuracy": 0.6881, "validation_loss": 1.1213659423828124, "validation_examples": 10000}
{"step": 210, "epoch": 5, "train_loss": 1.6331744079589843, "clip_fraction": 0.625, "gradient_norm_mean": 326.03265625, "gradient_norm_max": 1915.49560546875, "step_seconds": 1.9714951049536467, "innovation_std_sum": 879.1160792107596, "noise_marginal_std_sum": 1027.7966320057017}
{"step": 220, "epoch": 5, "train_loss": 1.5386194152832031, "clip_fraction": 0.619, "gradient_norm_mean": 324.486953125, "gradient_norm_max": 1771.9444580078125, "step_seconds": 1.966209102421999, "innovation_std_sum": 879.1160792107596, "noise_marginal_std_sum": 1027.7966320057017}
{"step": 230, "epoch": 5, "train_loss": 1.5823987426757813, "clip_fraction": 0.629, "gradient_norm_mean": 316.4780625, "gradient_norm_max": 1688.1710205078125, "step_seconds": 1.9745043963193893, "innovation_std_sum": 879.1160792107596, "noise_marginal_std_sum": 1027.7966320057017}
{"step": 240, "epoch": 5, "train_loss": 1.585322265625, "clip_fraction": 0.632, "gradient_norm_mean": 327.07715625, "gradient_norm_max": 2073.358642578125, "step_seconds": 1.9854965470731258, "innovation_std_sum": 879.1160792107596, "noise_marginal_std_sum": 1027.7966320057017}
{"step": 250, "epoch": 5, "train_loss": 1.4699295654296876, "clip_fraction": 0.61, "gradient_norm_mean": 306.7928515625, "gradient_norm_max": 1511.17431640625, "step_seconds": 1.9955295622348785, "innovation_std_sum": 879.1160792107596, "noise_marginal_std_sum": 1027.7966320057017}
{"epoch": 5, "step": 250, "train_loss": 1.5475930688476562, "clip_fraction": 0.61902, "epsilon": 3.9999999999999685, "accuracy": 0.7172, "validation_loss": 1.0056429016113282, "validation_examples": 10000}
