/home/longt29/miniconda3/envs/curve/lib/python3.11/site-packages/torchvision/datasets/cifar.py:83: VisibleDeprecationWarning: dtype(): align should be passed as Python or NumPy boolean but got `align=0`. Did you mean to pass a tuple to create a subarray type? (Deprecated NumPy 2.4)
  entry = pickle.load(f, encoding="latin1")
sys:1: UserWarning: Full backward hook is firing when gradients are computed with respect to module outputs since no inputs require gradients. See https://docs.pytorch.org/docs/main/generated/torch.nn.Module.html#torch.nn.Module.register_full_backward_hook for more details.
{"step": 10, "epoch": 1, "train_loss": 4.181001342773437, "clip_fraction": 1.0, "gradient_norm_mean": 235.4016015625, "gradient_norm_max": 431.94293212890625, "step_seconds": 1.9400759153068066, "innovation_std_sum": 51.286678060925176, "noise_marginal_std_sum": 57.78648359277493}
{"step": 20, "epoch": 1, "train_loss": 3.5217193603515624, "clip_fraction": 1.0, "gradient_norm_mean": 343.988453125, "gradient_norm_max": 796.9033203125, "step_seconds": 1.952405046671629, "innovation_std_sum": 51.286678060925176, "noise_marginal_std_sum": 57.78648359277493}
{"step": 30, "epoch": 1, "train_loss": 3.105798828125, "clip_fraction": 0.997, "gradient_norm_mean": 403.9931875, "gradient_norm_max": 1141.391845703125, "step_seconds": 1.9348774459213018, "innovation_std_sum": 51.286678060925176, "noise_marginal_std_sum": 57.78648359277493}
{"step": 40, "epoch": 1, "train_loss": 3.0336172485351565, "clip_fraction": 0.994, "gradient_norm_mean": 441.6383984375, "gradient_norm_max": 1226.489990234375, "step_seconds": 1.9663083720952272, "innovation_std_sum": 51.286678060925176, "noise_marginal_std_sum": 57.78648359277493}
{"epoch": 1, "step": 45, "train_loss": 3.597971112738715, "clip_fraction": 0.9979333333333333, "epsilon": 3.1232761473275064, "accuracy": 0.3352, "validation_loss": 2.505516564941406, "validation_examples": 5000}
{"step": 50, "epoch": 2, "train_loss": 2.8048465576171875, "clip_fraction": 0.988, "gradient_norm_mean": 433.451609375, "gradient_norm_max": 1224.3131103515625, "step_seconds": 1.9380833115428686, "innovation_std_sum": 51.286678060925176, "noise_marginal_std_sum": 57.78648359277493}
{"step": 60, "epoch": 2, "train_loss": 2.8139666748046874, "clip_fraction": 0.991, "gradient_norm_mean": 450.28153125, "gradient_norm_max": 1254.5693359375, "step_seconds": 1.9658758044242859, "innovation_std_sum": 51.286678060925176, "noise_marginal_std_sum": 57.78648359277493}
{"step": 70, "epoch": 2, "train_loss": 2.6716834716796876, "clip_fraction": 0.974, "gradient_norm_mean": 446.0015390625, "gradient_norm_max": 1837.5548095703125, "step_seconds": 1.9742486793547869, "innovation_std_sum": 51.286678060925176, "noise_marginal_std_sum": 57.78648359277493}
{"step": 80, "epoch": 2, "train_loss": 2.8121825561523437, "clip_fraction": 0.973, "gradient_norm_mean": 496.5983828125, "gradient_norm_max": 1526.6749267578125, "step_seconds": 1.9556806739419699, "innovation_std_sum": 51.286678060925176, "noise_marginal_std_sum": 57.78648359277493}
{"step": 90, "epoch": 2, "train_loss": 2.706651306152344, "clip_fraction": 0.975, "gradient_norm_mean": 482.985234375, "gradient_norm_max": 1453.5726318359375, "step_seconds": 1.9548494834452868, "innovation_std_sum": 51.286678060925176, "noise_marginal_std_sum": 57.78648359277493}
{"epoch": 2, "step": 90, "train_loss": 2.745746580674913, "clip_fraction": 0.9819333333333333, "epsilon": 4.650911679155922, "accuracy": 0.4098, "validation_loss": 2.1990054077148438, "validation_examples": 5000}
{"step": 100, "epoch": 3, "train_loss": 2.6545908813476564, "clip_fraction": 0.969, "gradient_norm_mean": 503.160078125, "gradient_norm_max": 1396.2239990234375, "step_seconds": 1.9394313599914312, "innovation_std_sum": 51.286678060925176, "noise_marginal_std_sum": 57.78648359277493}
{"step": 110, "epoch": 3, "train_loss": 2.573909484863281, "clip_fraction": 0.969, "gradient_norm_mean": 489.319765625, "gradient_norm_max": 1352.7894287109375, "step_seconds": 1.9463638421148062, "innovation_std_sum": 51.286678060925176, "noise_marginal_std_sum": 57.78648359277493}
{"step": 120, "epoch": 3, "train_loss": 2.627055114746094, "clip_fraction": 0.961, "gradient_norm_mean": 508.9589375, "gradient_norm_max": 1589.608642578125, "step_seconds": 1.9557203687727451, "innovation_std_sum": 51.286678060925176, "noise_marginal_std_sum": 57.78648359277493}
{"step": 130, "epoch": 3, "train_loss": 2.577348815917969, "clip_fraction": 0.967, "gradient_norm_mean": 508.7565546875, "gradient_norm_max": 1702.6004638671875, "step_seconds": 1.9816684294492006, "innovation_std_sum": 51.286678060925176, "noise_marginal_std_sum": 57.78648359277493}
{"epoch": 3, "step": 135, "train_loss": 2.6073396443684898, "clip_fraction": 0.9642444444444445, "epsilon": 5.897166745944286, "accuracy": 0.4218, "validation_loss": 2.1749566772460938, "validation_examples": 5000}
{"step": 140, "epoch": 4, "train_loss": 2.612637939453125, "clip_fraction": 0.967, "gradient_norm_mean": 489.1281484375, "gradient_norm_max": 1262.4915771484375, "step_seconds": 1.9669641852378845, "innovation_std_sum": 51.286678060925176, "noise_marginal_std_sum": 57.78648359277493}
{"step": 150, "epoch": 4, "train_loss": 2.6637647705078127, "clip_fraction": 0.959, "gradient_norm_mean": 519.8053125, "gradient_norm_max": 1388.4517822265625, "step_seconds": 1.975986037403345, "innovation_std_sum": 51.286678060925176, "noise_marginal_std_sum": 57.78648359277493}
{"step": 160, "epoch": 4, "train_loss": 2.579846862792969, "clip_fraction": 0.945, "gradient_norm_mean": 497.473671875, "gradient_norm_max": 1551.5194091796875, "step_seconds": 1.9757531117647886, "innovation_std_sum": 51.286678060925176, "noise_marginal_std_sum": 57.78648359277493}
{"step": 170, "epoch": 4, "train_loss": 2.6724544677734374, "clip_fraction": 0.959, "gradient_norm_mean": 517.971125, "gradient_norm_max": 1475.8431396484375, "step_seconds": 1.9757557976990938, "innovation_std_sum": 51.286678060925176, "noise_marginal_std_sum": 57.78648359277493}
{"step": 180, "epoch": 4, "train_loss": 2.613302917480469, "clip_fraction": 0.956, "gradient_norm_mean": 515.249328125, "gradient_norm_max": 1707.937744140625, "step_seconds": 1.9488024283200502, "innovation_std_sum": 51.286678060925176, "noise_marginal_std_sum": 57.78648359277493}
{"epoch": 4, "step": 180, "train_loss": 2.6148459676106772, "clip_fraction": 0.9598, "epsilon": 6.996030747466345, "accuracy": 0.424, "validation_loss": 2.2046667724609375, "validation_examples": 5000}
{"step": 190, "epoch": 5, "train_loss": 2.6193206787109373, "clip_fraction": 0.963, "gradient_norm_mean": 517.77915625, "gradient_norm_max": 1467.4892578125, "step_seconds": 1.982656741514802, "innovation_std_sum": 51.286678060925176, "noise_marginal_std_sum": 57.78648359277493}
{"step": 200, "epoch": 5, "train_loss": 2.7195425415039063, "clip_fraction": 0.956, "gradient_norm_mean": 530.44184375, "gradient_norm_max": 1395.0562744140625, "step_seconds": 1.9351153802126646, "innovation_std_sum": 51.286678060925176, "noise_marginal_std_sum": 57.78648359277493}
{"step": 210, "epoch": 5, "train_loss": 2.653658508300781, "clip_fraction": 0.948, "gradient_norm_mean": 521.381890625, "gradient_norm_max": 1483.124755859375, "step_seconds": 1.9507968071848154, "innovation_std_sum": 51.286678060925176, "noise_marginal_std_sum": 57.78648359277493}
{"step": 220, "epoch": 5, "train_loss": 2.6833643188476564, "clip_fraction": 0.963, "gradient_norm_mean": 513.8374453125, "gradient_norm_max": 1471.7415771484375, "step_seconds": 1.9529107697308064, "innovation_std_sum": 51.286678060925176, "noise_marginal_std_sum": 57.78648359277493}
{"epoch": 5, "step": 225, "train_loss": 2.6273514607747397, "clip_fraction": 0.9580444444444445, "epsilon": 8.000000000000005, "accuracy": 0.4158, "validation_loss": 2.246534423828125, "validation_examples": 5000}
