Loading weights:   0%|          | 0/39 [00:00<?, ?it/s]Loading weights: 100%|██████████| 39/39 [00:00<00:00, 18947.97it/s]
[transformers] [1mBertModel LOAD REPORT[0m from: /media/data/data/lt/dp-adam-correlated/cache/bert-tiny
Key                                        | Status     |  | 
-------------------------------------------+------------+--+-
cls.predictions.transform.LayerNorm.weight | UNEXPECTED |  | 
cls.predictions.decoder.bias               | UNEXPECTED |  | 
cls.predictions.decoder.weight             | UNEXPECTED |  | 
cls.predictions.transform.dense.weight     | UNEXPECTED |  | 
cls.predictions.transform.LayerNorm.bias   | UNEXPECTED |  | 
cls.seq_relationship.bias                  | UNEXPECTED |  | 
cls.predictions.bias                       | UNEXPECTED |  | 
cls.seq_relationship.weight                | UNEXPECTED |  | 
cls.predictions.transform.dense.bias       | UNEXPECTED |  | 

Notes:
- UNEXPECTED:	can be ignored when loading from different task/architecture; not ok if you expect identical arch.
sys:1: UserWarning: Full backward hook is firing when gradients are computed with respect to module outputs since no inputs require gradients. See https://docs.pytorch.org/docs/main/generated/torch.nn.Module.html#torch.nn.Module.register_full_backward_hook for more details.
{"step": 10, "epoch": 1, "train_loss": 0.6465147705078125, "clip_fraction": 0.002, "gradient_norm_mean": 10.917666015625, "gradient_norm_max": 20.411108016967773, "step_seconds": 0.12521089054644108, "innovation_std_sum": 34.19096290164991, "noise_marginal_std_sum": 38.52414684355806}
{"step": 20, "epoch": 1, "train_loss": 0.5714876708984375, "clip_fraction": 0.392, "gradient_norm_mean": 17.8358515625, "gradient_norm_max": 46.19812774658203, "step_seconds": 0.1262414287775755, "innovation_std_sum": 34.19096290164991, "noise_marginal_std_sum": 38.52414684355806}
{"step": 30, "epoch": 1, "train_loss": 0.538568115234375, "clip_fraction": 0.48, "gradient_norm_mean": 24.770591796875, "gradient_norm_max": 103.95148468017578, "step_seconds": 0.12601776979863644, "innovation_std_sum": 34.19096290164991, "noise_marginal_std_sum": 38.52414684355806}
{"step": 40, "epoch": 1, "train_loss": 0.6170771484375, "clip_fraction": 0.476, "gradient_norm_mean": 34.165734375, "gradient_norm_max": 170.7569122314453, "step_seconds": 0.26832709461450577, "innovation_std_sum": 34.19096290164991, "noise_marginal_std_sum": 38.52414684355806}
{"step": 50, "epoch": 1, "train_loss": 0.6404238891601562, "clip_fraction": 0.439, "gradient_norm_mean": 36.76470703125, "gradient_norm_max": 196.5406036376953, "step_seconds": 0.2669514734297991, "innovation_std_sum": 34.19096290164991, "noise_marginal_std_sum": 38.52414684355806}
{"step": 60, "epoch": 1, "train_loss": 0.5338990478515625, "clip_fraction": 0.406, "gradient_norm_mean": 31.88205078125, "gradient_norm_max": 201.0707244873047, "step_seconds": 0.2672747541218996, "innovation_std_sum": 34.19096290164991, "noise_marginal_std_sum": 38.52414684355806}
{"epoch": 1, "step": 62, "train_loss": 0.5991466477917087, "clip_fraction": 0.34211290322580645, "epsilon": 3.123292330075361, "accuracy": 0.7557339449541285, "validation_loss": 0.6367144453416177, "validation_examples": 872}
{"step": 70, "epoch": 2, "train_loss": 0.59142578125, "clip_fraction": 0.418, "gradient_norm_mean": 35.2229609375, "gradient_norm_max": 201.9119873046875, "step_seconds": 0.26931506022810936, "innovation_std_sum": 34.19096290164991, "noise_marginal_std_sum": 38.52414684355806}
{"step": 80, "epoch": 2, "train_loss": 0.5628502197265625, "clip_fraction": 0.396, "gradient_norm_mean": 32.087634765625, "gradient_norm_max": 191.4561767578125, "step_seconds": 0.2676504608243704, "innovation_std_sum": 34.19096290164991, "noise_marginal_std_sum": 38.52414684355806}
{"step": 90, "epoch": 2, "train_loss": 0.5187791137695312, "clip_fraction": 0.353, "gradient_norm_mean": 28.58062890625, "gradient_norm_max": 191.7187957763672, "step_seconds": 0.26913486793637276, "innovation_std_sum": 34.19096290164991, "noise_marginal_std_sum": 38.52414684355806}
{"step": 100, "epoch": 2, "train_loss": 0.48401416015625, "clip_fraction": 0.335, "gradient_norm_mean": 27.39971875, "gradient_norm_max": 186.6748504638672, "step_seconds": 0.25856527127325535, "innovation_std_sum": 34.19096290164991, "noise_marginal_std_sum": 38.52414684355806}
{"step": 110, "epoch": 2, "train_loss": 0.4901140747070313, "clip_fraction": 0.336, "gradient_norm_mean": 26.3948046875, "gradient_norm_max": 219.57772827148438, "step_seconds": 0.2703579682856798, "innovation_std_sum": 34.19096290164991, "noise_marginal_std_sum": 38.52414684355806}
{"step": 120, "epoch": 2, "train_loss": 0.4960643310546875, "clip_fraction": 0.329, "gradient_norm_mean": 26.1596796875, "gradient_norm_max": 212.67652893066406, "step_seconds": 0.2671673148870468, "innovation_std_sum": 34.19096290164991, "noise_marginal_std_sum": 38.52414684355806}
{"epoch": 2, "step": 124, "train_loss": 0.5124192691926033, "clip_fraction": 0.36298387096774193, "epsilon": 4.650920914901151, "accuracy": 0.7591743119266054, "validation_loss": 0.580041443536041, "validation_examples": 872}
{"step": 130, "epoch": 3, "train_loss": 0.4810364990234375, "clip_fraction": 0.33, "gradient_norm_mean": 25.637078125, "gradient_norm_max": 198.83816528320312, "step_seconds": 0.27417667396366596, "innovation_std_sum": 34.19096290164991, "noise_marginal_std_sum": 38.52414684355806}
{"step": 140, "epoch": 3, "train_loss": 0.5108556213378906, "clip_fraction": 0.328, "gradient_norm_mean": 26.334912109375, "gradient_norm_max": 200.86964416503906, "step_seconds": 0.26940969936549664, "innovation_std_sum": 34.19096290164991, "noise_marginal_std_sum": 38.52414684355806}
{"step": 150, "epoch": 3, "train_loss": 0.4987622680664062, "clip_fraction": 0.339, "gradient_norm_mean": 27.7984453125, "gradient_norm_max": 227.74053955078125, "step_seconds": 0.27141132205724716, "innovation_std_sum": 34.19096290164991, "noise_marginal_std_sum": 38.52414684355806}
{"step": 160, "epoch": 3, "train_loss": 0.5257530517578125, "clip_fraction": 0.318, "gradient_norm_mean": 25.97001953125, "gradient_norm_max": 206.56082153320312, "step_seconds": 0.2672163248062134, "innovation_std_sum": 34.19096290164991, "noise_marginal_std_sum": 38.52414684355806}
{"step": 170, "epoch": 3, "train_loss": 0.45972604370117187, "clip_fraction": 0.308, "gradient_norm_mean": 23.854685546875, "gradient_norm_max": 206.9813995361328, "step_seconds": 0.2687968872487545, "innovation_std_sum": 34.19096290164991, "noise_marginal_std_sum": 38.52414684355806}
{"step": 180, "epoch": 3, "train_loss": 0.4339397888183594, "clip_fraction": 0.296, "gradient_norm_mean": 24.903796875, "gradient_norm_max": 210.35281372070312, "step_seconds": 0.26762245409190655, "innovation_std_sum": 34.19096290164991, "noise_marginal_std_sum": 38.52414684355806}
{"epoch": 3, "step": 186, "train_loss": 0.4610737536030431, "clip_fraction": 0.3084677419354839, "epsilon": 5.8971720333737725, "accuracy": 0.7717889908256881, "validation_loss": 0.5294969322484567, "validation_examples": 872}
{"step": 190, "epoch": 4, "train_loss": 0.4461483154296875, "clip_fraction": 0.273, "gradient_norm_mean": 22.46323828125, "gradient_norm_max": 202.8614044189453, "step_seconds": 0.27307094261050224, "innovation_std_sum": 34.19096290164991, "noise_marginal_std_sum": 38.52414684355806}
{"step": 200, "epoch": 4, "train_loss": 0.43080209350585935, "clip_fraction": 0.271, "gradient_norm_mean": 21.04674609375, "gradient_norm_max": 234.9192657470703, "step_seconds": 0.2698503192514181, "innovation_std_sum": 34.19096290164991, "noise_marginal_std_sum": 38.52414684355806}
{"step": 210, "epoch": 4, "train_loss": 0.46016259765625, "clip_fraction": 0.277, "gradient_norm_mean": 23.91458984375, "gradient_norm_max": 254.4856719970703, "step_seconds": 0.2729385159909725, "innovation_std_sum": 34.19096290164991, "noise_marginal_std_sum": 38.52414684355806}
{"step": 220, "epoch": 4, "train_loss": 0.40929351806640624, "clip_fraction": 0.258, "gradient_norm_mean": 20.489599609375, "gradient_norm_max": 217.41513061523438, "step_seconds": 0.16611073352396488, "innovation_std_sum": 34.19096290164991, "noise_marginal_std_sum": 38.52414684355806}
{"step": 230, "epoch": 4, "train_loss": 0.4495128784179688, "clip_fraction": 0.254, "gradient_norm_mean": 22.648802734375, "gradient_norm_max": 275.0157165527344, "step_seconds": 0.26934914849698544, "innovation_std_sum": 34.19096290164991, "noise_marginal_std_sum": 38.52414684355806}
{"step": 240, "epoch": 4, "train_loss": 0.43053317260742185, "clip_fraction": 0.294, "gradient_norm_mean": 22.5522421875, "gradient_norm_max": 199.59083557128906, "step_seconds": 0.2724713161587715, "innovation_std_sum": 34.19096290164991, "noise_marginal_std_sum": 38.52414684355806}
{"epoch": 4, "step": 248, "train_loss": 0.44002462227113787, "clip_fraction": 0.27896774193548385, "epsilon": 6.996033129680921, "accuracy": 0.7740825688073395, "validation_loss": 0.5234014309874369, "validation_examples": 872}
{"step": 250, "epoch": 5, "train_loss": 0.40006195068359374, "clip_fraction": 0.279, "gradient_norm_mean": 23.425166015625, "gradient_norm_max": 229.3821258544922, "step_seconds": 0.12911568023264408, "innovation_std_sum": 34.19096290164991, "noise_marginal_std_sum": 38.52414684355806}
{"step": 260, "epoch": 5, "train_loss": 0.4241065673828125, "clip_fraction": 0.266, "gradient_norm_mean": 22.6217734375, "gradient_norm_max": 247.2727813720703, "step_seconds": 0.27352106012403965, "innovation_std_sum": 34.19096290164991, "noise_marginal_std_sum": 38.52414684355806}
{"step": 270, "epoch": 5, "train_loss": 0.3566789855957031, "clip_fraction": 0.229, "gradient_norm_mean": 19.18195703125, "gradient_norm_max": 195.65875244140625, "step_seconds": 0.2751835994422436, "innovation_std_sum": 34.19096290164991, "noise_marginal_std_sum": 38.52414684355806}
{"step": 280, "epoch": 5, "train_loss": 0.44339898681640627, "clip_fraction": 0.275, "gradient_norm_mean": 23.297673828125, "gradient_norm_max": 208.04434204101562, "step_seconds": 0.27390908263623714, "innovation_std_sum": 34.19096290164991, "noise_marginal_std_sum": 38.52414684355806}
{"step": 290, "epoch": 5, "train_loss": 0.44626449584960937, "clip_fraction": 0.273, "gradient_norm_mean": 21.8500078125, "gradient_norm_max": 233.0323028564453, "step_seconds": 0.2704160772264004, "innovation_std_sum": 34.19096290164991, "noise_marginal_std_sum": 38.52414684355806}
{"step": 300, "epoch": 5, "train_loss": 0.401566162109375, "clip_fraction": 0.263, "gradient_norm_mean": 23.166857421875, "gradient_norm_max": 249.11647033691406, "step_seconds": 0.27048250660300255, "innovation_std_sum": 34.19096290164991, "noise_marginal_std_sum": 38.52414684355806}
{"step": 310, "epoch": 5, "train_loss": 0.39852301025390624, "clip_fraction": 0.253, "gradient_norm_mean": 21.33840234375, "gradient_norm_max": 253.70492553710938, "step_seconds": 0.2702886238694191, "innovation_std_sum": 34.19096290164991, "noise_marginal_std_sum": 38.52414684355806}
{"epoch": 5, "step": 310, "train_loss": 0.4285530513640373, "clip_fraction": 0.26514516129032256, "epsilon": 8.000000000000007, "accuracy": 0.7786697247706422, "validation_loss": 0.5177348556868527, "validation_examples": 872}
