/home/longt29/miniconda3/envs/curve/lib/python3.11/site-packages/torchvision/datasets/cifar.py:83: VisibleDeprecationWarning: dtype(): align should be passed as Python or NumPy boolean but got `align=0`. Did you mean to pass a tuple to create a subarray type? (Deprecated NumPy 2.4)
  entry = pickle.load(f, encoding="latin1")
{"method": "dp-adam-momentum-bias-bandinvmf-scale", "smoke": false, "calibration": {"target_mu": 1.6660305978457184, "sensitivity": 4.065608121489227, "innovation_std_sum": 244.02961906860006, "adjacency": "add_remove_zero_out", "k": 5, "b_participation": 50, "sampling_amplification": false}, "coefficients": [1.0, -0.53161943769869, -0.0779998119461293, -0.2795535556950146]}
sys:1: UserWarning: Full backward hook is firing when gradients are computed with respect to module outputs since no inputs require gradients. See https://docs.pytorch.org/docs/main/generated/torch.nn.Module.html#torch.nn.Module.register_full_backward_hook for more details.
{"progress_step": 10, "epoch": 1, "train_loss_so_far": 4.636391857910156, "clip_fraction_so_far": 1.0}
{"progress_step": 20, "epoch": 1, "train_loss_so_far": 4.327607220458984, "clip_fraction_so_far": 1.0}
{"progress_step": 30, "epoch": 1, "train_loss_so_far": 4.020805560302734, "clip_fraction_so_far": 0.9999333333333333}
{"progress_step": 40, "epoch": 1, "train_loss_so_far": 3.7316943466186525, "clip_fraction_so_far": 0.999625}
{"progress_step": 50, "epoch": 1, "train_loss_so_far": 3.4752843286132813, "clip_fraction_so_far": 0.99716}
{"epoch": 1, "logical_steps": 50, "train_examples": 50000, "train_loss": 3.4752843286132813, "test_loss": 1.9340181396484375, "test_top1": 0.505, "clip_fraction": 0.99716, "gdp_mu": 0.7271304784322894, "gdp_epsilon": 3.037976902428691, "target_mu": 1.6660305978457184, "target_epsilon": 8.0, "delta": 1e-05, "noise_std": 0.2853011411343001, "noise_std_space": "scaled", "innovation_std_sum": 244.02961906860006, "augmentation_trace_sha256": "71c97f62bd7c0ea66356dccabde091b4a4803cc0818700aab84983ffb2be0932", "seconds": 140.51227774843574}
{"progress_step": 60, "epoch": 2, "train_loss_so_far": 2.198812371826172, "clip_fraction_so_far": 0.9681}
{"progress_step": 70, "epoch": 2, "train_loss_so_far": 2.106787049865723, "clip_fraction_so_far": 0.95665}
{"progress_step": 80, "epoch": 2, "train_loss_so_far": 2.0396468454996746, "clip_fraction_so_far": 0.9469333333333333}
{"progress_step": 90, "epoch": 2, "train_loss_so_far": 1.9701122718811035, "clip_fraction_so_far": 0.934875}
{"progress_step": 100, "epoch": 2, "train_loss_so_far": 1.9157948266601563, "clip_fraction_so_far": 0.9229}
{"epoch": 2, "logical_steps": 100, "train_examples": 50000, "train_loss": 1.9157948266601563, "test_loss": 1.1657706512451171, "test_top1": 0.6717, "clip_fraction": 0.9229, "gdp_mu": 1.0438331619280494, "gdp_epsilon": 4.600416946348178, "target_mu": 1.6660305978457184, "target_epsilon": 8.0, "delta": 1e-05, "noise_std": 0.2853011411343001, "noise_std_space": "scaled", "innovation_std_sum": 244.02961906860006, "augmentation_trace_sha256": "2ef95fcb61f0d6e89865c8bd115f783bccba3d43bbffc657949960074c32e0c3", "seconds": 131.93084495142102}
{"progress_step": 110, "epoch": 3, "train_loss_so_far": 1.61826181640625, "clip_fraction_so_far": 0.8611}
{"progress_step": 120, "epoch": 3, "train_loss_so_far": 1.5824371307373046, "clip_fraction_so_far": 0.84845}
{"progress_step": 130, "epoch": 3, "train_loss_so_far": 1.5750298858642577, "clip_fraction_so_far": 0.8418333333333333}
{"progress_step": 140, "epoch": 3, "train_loss_so_far": 1.5490727279663086, "clip_fraction_so_far": 0.832425}
{"progress_step": 150, "epoch": 3, "train_loss_so_far": 1.529070845336914, "clip_fraction_so_far": 0.8209}
{"epoch": 3, "logical_steps": 150, "train_examples": 50000, "train_loss": 1.529070845336914, "test_loss": 0.9311547241210938, "test_top1": 0.7304, "clip_fraction": 0.8209, "gdp_mu": 1.2851399415460758, "gdp_epsilon": 5.868262919898993, "target_mu": 1.6660305978457184, "target_epsilon": 8.0, "delta": 1e-05, "noise_std": 0.2853011411343001, "noise_std_space": "scaled", "innovation_std_sum": 244.02961906860006, "augmentation_trace_sha256": "746e9baae5cb8703d14ca7ec88acfa940b03f4bdaf86e55e436ce38afa4ddc2a", "seconds": 131.68935120292008}
{"progress_step": 160, "epoch": 4, "train_loss_so_far": 1.4295086791992186, "clip_fraction_so_far": 0.7717}
{"progress_step": 170, "epoch": 4, "train_loss_so_far": 1.4079825561523438, "clip_fraction_so_far": 0.7661}
{"progress_step": 180, "epoch": 4, "train_loss_so_far": 1.401192441813151, "clip_fraction_so_far": 0.7632}
{"progress_step": 190, "epoch": 4, "train_loss_so_far": 1.3876321685791015, "clip_fraction_so_far": 0.754175}
{"progress_step": 200, "epoch": 4, "train_loss_so_far": 1.379823950805664, "clip_fraction_so_far": 0.747}
{"epoch": 4, "logical_steps": 200, "train_examples": 50000, "train_loss": 1.379823950805664, "test_loss": 0.8247403991699219, "test_top1": 0.7559, "clip_fraction": 0.747, "gdp_mu": 1.4878241288541523, "gdp_epsilon": 6.983019766523851, "target_mu": 1.6660305978457184, "target_epsilon": 8.0, "delta": 1e-05, "noise_std": 0.2853011411343001, "noise_std_space": "scaled", "innovation_std_sum": 244.02961906860006, "augmentation_trace_sha256": "bda4ad62e63e10ca13175235ba4b6a1269f29862f85da8ed91ee5ca169862c79", "seconds": 133.2968544214964}
{"progress_step": 210, "epoch": 5, "train_loss_so_far": 1.3135564361572265, "clip_fraction_so_far": 0.7096}
{"progress_step": 220, "epoch": 5, "train_loss_so_far": 1.3053244049072266, "clip_fraction_so_far": 0.7088}
{"progress_step": 230, "epoch": 5, "train_loss_so_far": 1.317840630086263, "clip_fraction_so_far": 0.7107}
{"progress_step": 240, "epoch": 5, "train_loss_so_far": 1.3101005958557128, "clip_fraction_so_far": 0.7048}
{"progress_step": 250, "epoch": 5, "train_loss_so_far": 1.3069572338867188, "clip_fraction_so_far": 0.70048}
{"epoch": 5, "logical_steps": 250, "train_examples": 50000, "train_loss": 1.3069572338867188, "test_loss": 0.7656788818359375, "test_top1": 0.7728, "clip_fraction": 0.70048, "gdp_mu": 1.6660305978457184, "gdp_epsilon": 8.000000000000005, "target_mu": 1.6660305978457184, "target_epsilon": 8.0, "delta": 1e-05, "noise_std": 0.2853011411343001, "noise_std_space": "scaled", "innovation_std_sum": 244.02961906860006, "augmentation_trace_sha256": "1fe2286e430ae9e709560a930cdc875b0be7445054cc2d157072c395c614f25e", "seconds": 135.76210693456233}
{"status": "completed", "results": "/media/data/data/lt/dp-adam-correlated/exp7b/results/final/trials/c0a49acac34f0312"}
