Loading weights:   0%|          | 0/39 [00:00<?, ?it/s]Loading weights: 100%|██████████| 39/39 [00:00<00:00, 19056.13it/s]
[transformers] [1mBertModel LOAD REPORT[0m from: /media/data/data/lt/dp-adam-correlated/cache/bert-tiny
Key                                        | Status     |  | 
-------------------------------------------+------------+--+-
cls.predictions.transform.dense.bias       | UNEXPECTED |  | 
cls.seq_relationship.weight                | UNEXPECTED |  | 
cls.predictions.decoder.weight             | UNEXPECTED |  | 
cls.predictions.transform.LayerNorm.bias   | UNEXPECTED |  | 
cls.predictions.transform.LayerNorm.weight | UNEXPECTED |  | 
cls.seq_relationship.bias                  | UNEXPECTED |  | 
cls.predictions.transform.dense.weight     | UNEXPECTED |  | 
cls.predictions.bias                       | UNEXPECTED |  | 
cls.predictions.decoder.bias               | UNEXPECTED |  | 

Notes:
- UNEXPECTED:	can be ignored when loading from different task/architecture; not ok if you expect identical arch.
sys:1: UserWarning: Full backward hook is firing when gradients are computed with respect to module outputs since no inputs require gradients. See https://docs.pytorch.org/docs/main/generated/torch.nn.Module.html#torch.nn.Module.register_full_backward_hook for more details.
{"step": 10, "epoch": 1, "step_seconds": 0.2672357242554426, "innovation_std_sum": 25.113722579427673, "noise_marginal_std_sum": 29.33162184778228, "pure_mf_cumulative_momentum_noise_variance": 0.0018077443639561465, "preconditioner_mean": 38.74234390258789, "preconditioner_change_relative": 0.0, "denominator_lag_relative": 0.05406598001718521, "block_age": 1}
{"step": 20, "epoch": 1, "step_seconds": 0.26861189119517803, "innovation_std_sum": 25.113722579427673, "noise_marginal_std_sum": 29.33162184778228, "pure_mf_cumulative_momentum_noise_variance": 0.0018440778665447057, "preconditioner_mean": 36.10795211791992, "preconditioner_change_relative": 0.0, "denominator_lag_relative": 0.02531602792441845, "block_age": 1}
{"step": 30, "epoch": 1, "step_seconds": 0.2644732128828764, "innovation_std_sum": 25.113722579427673, "noise_marginal_std_sum": 29.33162184778228, "pure_mf_cumulative_momentum_noise_variance": 0.0018793520737198427, "preconditioner_mean": 35.40911102294922, "preconditioner_change_relative": 0.0, "denominator_lag_relative": 0.017232822254300117, "block_age": 1}
{"step": 40, "epoch": 1, "step_seconds": 0.2657926585525274, "innovation_std_sum": 25.113722579427673, "noise_marginal_std_sum": 29.33162184778228, "pure_mf_cumulative_momentum_noise_variance": 0.0019279276184915666, "preconditioner_mean": 35.0900993347168, "preconditioner_change_relative": 0.0, "denominator_lag_relative": 0.01291992049664259, "block_age": 1}
{"step": 50, "epoch": 1, "step_seconds": 0.2663181070238352, "innovation_std_sum": 25.113722579427673, "noise_marginal_std_sum": 29.33162184778228, "pure_mf_cumulative_momentum_noise_variance": 0.001983901332047514, "preconditioner_mean": 34.90174102783203, "preconditioner_change_relative": 0.0, "denominator_lag_relative": 0.010213025845587254, "block_age": 1}
{"step": 60, "epoch": 1, "step_seconds": 0.2668299451470375, "innovation_std_sum": 25.113722579427673, "noise_marginal_std_sum": 29.33162184778228, "pure_mf_cumulative_momentum_noise_variance": 0.0020433257721094345, "preconditioner_mean": 34.752906799316406, "preconditioner_change_relative": 0.0, "denominator_lag_relative": 0.008526977151632309, "block_age": 1}
{"epoch": 1, "step": 62, "epsilon": 3.054089440266451, "accuracy": 0.5160550458715596, "validation_loss": 0.7059776236157899, "validation_examples": 872}
{"step": 70, "epoch": 2, "step_seconds": 0.26605014875531197, "innovation_std_sum": 25.113722579427673, "noise_marginal_std_sum": 29.33162184778228, "pure_mf_cumulative_momentum_noise_variance": 0.0021042531805044807, "preconditioner_mean": 34.6301155090332, "preconditioner_change_relative": 0.0, "denominator_lag_relative": 0.007363013457506895, "block_age": 1}
{"step": 80, "epoch": 2, "step_seconds": 0.26737653836607933, "innovation_std_sum": 25.113722579427673, "noise_marginal_std_sum": 29.33162184778228, "pure_mf_cumulative_momentum_noise_variance": 0.002165809318444291, "preconditioner_mean": 34.554622650146484, "preconditioner_change_relative": 0.0, "denominator_lag_relative": 0.006302810274064541, "block_age": 1}
{"step": 90, "epoch": 2, "step_seconds": 0.26734064519405365, "innovation_std_sum": 25.113722579427673, "noise_marginal_std_sum": 29.33162184778228, "pure_mf_cumulative_momentum_noise_variance": 0.0022276212687494567, "preconditioner_mean": 34.53306198120117, "preconditioner_change_relative": 0.0, "denominator_lag_relative": 0.00572943314909935, "block_age": 1}
{"step": 100, "epoch": 2, "step_seconds": 0.26998270489275455, "innovation_std_sum": 25.113722579427673, "noise_marginal_std_sum": 29.33162184778228, "pure_mf_cumulative_momentum_noise_variance": 0.0022895351920334023, "preconditioner_mean": 34.443668365478516, "preconditioner_change_relative": 0.0, "denominator_lag_relative": 0.00509632658213377, "block_age": 1}
{"step": 110, "epoch": 2, "step_seconds": 0.2714275885373354, "innovation_std_sum": 25.113722579427673, "noise_marginal_std_sum": 29.33162184778228, "pure_mf_cumulative_momentum_noise_variance": 0.0023514891294320263, "preconditioner_mean": 34.37255096435547, "preconditioner_change_relative": 0.0, "denominator_lag_relative": 0.004641011357307434, "block_age": 1}
{"step": 120, "epoch": 2, "step_seconds": 0.26722048595547676, "innovation_std_sum": 25.113722579427673, "noise_marginal_std_sum": 29.33162184778228, "pure_mf_cumulative_momentum_noise_variance": 0.0024134585739487998, "preconditioner_mean": 34.338199615478516, "preconditioner_change_relative": 0.0, "denominator_lag_relative": 0.00433617178350687, "block_age": 1}
{"epoch": 2, "step": 124, "epsilon": 4.610238743691153, "accuracy": 0.6077981651376146, "validation_loss": 0.6781573908044658, "validation_examples": 872}
{"step": 130, "epoch": 3, "step_seconds": 0.267490578815341, "innovation_std_sum": 25.113722579427673, "noise_marginal_std_sum": 29.33162184778228, "pure_mf_cumulative_momentum_noise_variance": 0.0024754339677588726, "preconditioner_mean": 34.31686019897461, "preconditioner_change_relative": 0.0, "denominator_lag_relative": 0.003981398418545723, "block_age": 1}
{"step": 140, "epoch": 3, "step_seconds": 0.2671430669724941, "innovation_std_sum": 25.113722579427673, "noise_marginal_std_sum": 29.33162184778228, "pure_mf_cumulative_momentum_noise_variance": 0.0025374116250575724, "preconditioner_mean": 34.29280090332031, "preconditioner_change_relative": 0.0, "denominator_lag_relative": 0.003874344751238823, "block_age": 1}
{"step": 150, "epoch": 3, "step_seconds": 0.2675400171428919, "innovation_std_sum": 25.113722579427673, "noise_marginal_std_sum": 29.33162184778228, "pure_mf_cumulative_momentum_noise_variance": 0.00259939013752209, "preconditioner_mean": 34.27714538574219, "preconditioner_change_relative": 0.0, "denominator_lag_relative": 0.003569567110389471, "block_age": 1}
{"step": 160, "epoch": 3, "step_seconds": 0.26764727011322975, "innovation_std_sum": 25.113722579427673, "noise_marginal_std_sum": 29.33162184778228, "pure_mf_cumulative_momentum_noise_variance": 0.0026613689711552247, "preconditioner_mean": 34.255184173583984, "preconditioner_change_relative": 0.0, "denominator_lag_relative": 0.003437439678236842, "block_age": 1}
{"step": 170, "epoch": 3, "step_seconds": 0.2668732926249504, "innovation_std_sum": 25.113722579427673, "noise_marginal_std_sum": 29.33162184778228, "pure_mf_cumulative_momentum_noise_variance": 0.002723347924789336, "preconditioner_mean": 34.23757553100586, "preconditioner_change_relative": 0.0, "denominator_lag_relative": 0.0033024528529495, "block_age": 1}
{"step": 180, "epoch": 3, "step_seconds": 0.26786443404853344, "innovation_std_sum": 25.113722579427673, "noise_marginal_std_sum": 29.33162184778228, "pure_mf_cumulative_momentum_noise_variance": 0.002785326923060352, "preconditioner_mean": 34.21821594238281, "preconditioner_change_relative": 0.0, "denominator_lag_relative": 0.002958819502964616, "block_age": 1}
{"epoch": 3, "step": 186, "epsilon": 5.873890881586911, "accuracy": 0.6307339449541285, "validation_loss": 0.6839370902525176, "validation_examples": 872}
{"step": 190, "epoch": 4, "step_seconds": 0.2671934422105551, "innovation_std_sum": 25.113722579427673, "noise_marginal_std_sum": 29.33162184778228, "pure_mf_cumulative_momentum_noise_variance": 0.0028473059378699038, "preconditioner_mean": 34.19796371459961, "preconditioner_change_relative": 0.0, "denominator_lag_relative": 0.0027636713348329067, "block_age": 1}
{"step": 200, "epoch": 4, "step_seconds": 0.2674264032393694, "innovation_std_sum": 25.113722579427673, "noise_marginal_std_sum": 29.33162184778228, "pure_mf_cumulative_momentum_noise_variance": 0.0029092849587859116, "preconditioner_mean": 34.20380401611328, "preconditioner_change_relative": 0.0, "denominator_lag_relative": 0.00264791795052588, "block_age": 1}
{"step": 210, "epoch": 4, "step_seconds": 0.26488100178539753, "innovation_std_sum": 25.113722579427673, "noise_marginal_std_sum": 29.33162184778228, "pure_mf_cumulative_momentum_noise_variance": 0.0029712639819496002, "preconditioner_mean": 34.18678665161133, "preconditioner_change_relative": 0.0, "denominator_lag_relative": 0.002503112656995654, "block_age": 1}
{"step": 220, "epoch": 4, "step_seconds": 0.12818630784749985, "innovation_std_sum": 25.113722579427673, "noise_marginal_std_sum": 29.33162184778228, "pure_mf_cumulative_momentum_noise_variance": 0.00303324300593832, "preconditioner_mean": 34.18286895751953, "preconditioner_change_relative": 0.0, "denominator_lag_relative": 0.0024712122976779938, "block_age": 1}
{"step": 230, "epoch": 4, "step_seconds": 0.2694120816886425, "innovation_std_sum": 25.113722579427673, "noise_marginal_std_sum": 29.33162184778228, "pure_mf_cumulative_momentum_noise_variance": 0.0030952220302291164, "preconditioner_mean": 34.17934036254883, "preconditioner_change_relative": 0.0, "denominator_lag_relative": 0.002346012042835355, "block_age": 1}
{"step": 240, "epoch": 4, "step_seconds": 0.2891212645918131, "innovation_std_sum": 25.113722579427673, "noise_marginal_std_sum": 29.33162184778228, "pure_mf_cumulative_momentum_noise_variance": 0.0031572010546302622, "preconditioner_mean": 34.17014694213867, "preconditioner_change_relative": 0.0, "denominator_lag_relative": 0.002235895488411188, "block_age": 1}
{"epoch": 4, "step": 248, "epsilon": 6.985551657770655, "accuracy": 0.6651376146788991, "validation_loss": 0.7023587926812128, "validation_examples": 872}
{"step": 250, "epoch": 5, "step_seconds": 0.262433722615242, "innovation_std_sum": 25.113722579427673, "noise_marginal_std_sum": 29.33162184778228, "pure_mf_cumulative_momentum_noise_variance": 0.003219180079071639, "preconditioner_mean": 34.178741455078125, "preconditioner_change_relative": 0.0, "denominator_lag_relative": 0.0022003513295203447, "block_age": 1}
{"step": 260, "epoch": 5, "step_seconds": 0.2666384130716324, "innovation_std_sum": 25.113722579427673, "noise_marginal_std_sum": 29.33162184778228, "pure_mf_cumulative_momentum_noise_variance": 0.0032811591035276514, "preconditioner_mean": 34.171016693115234, "preconditioner_change_relative": 0.0, "denominator_lag_relative": 0.0020701943431049585, "block_age": 1}
{"step": 270, "epoch": 5, "step_seconds": 0.2669587265700102, "innovation_std_sum": 25.113722579427673, "noise_marginal_std_sum": 29.33162184778228, "pure_mf_cumulative_momentum_noise_variance": 0.0033431381279889804, "preconditioner_mean": 34.154720306396484, "preconditioner_change_relative": 0.0, "denominator_lag_relative": 0.0020885791163891554, "block_age": 1}
{"step": 280, "epoch": 5, "step_seconds": 0.2680061012506485, "innovation_std_sum": 25.113722579427673, "noise_marginal_std_sum": 29.33162184778228, "pure_mf_cumulative_momentum_noise_variance": 0.0034051171524522375, "preconditioner_mean": 34.151607513427734, "preconditioner_change_relative": 0.0, "denominator_lag_relative": 0.001960707362741232, "block_age": 1}
{"step": 290, "epoch": 5, "step_seconds": 0.274525573477149, "innovation_std_sum": 25.113722579427673, "noise_marginal_std_sum": 29.33162184778228, "pure_mf_cumulative_momentum_noise_variance": 0.003467096176916193, "preconditioner_mean": 34.15866470336914, "preconditioner_change_relative": 0.0, "denominator_lag_relative": 0.0019271222408860922, "block_age": 1}
{"step": 300, "epoch": 5, "step_seconds": 0.2681311257183552, "innovation_std_sum": 25.113722579427673, "noise_marginal_std_sum": 29.33162184778228, "pure_mf_cumulative_momentum_noise_variance": 0.0035290752013804024, "preconditioner_mean": 34.1514892578125, "preconditioner_change_relative": 0.0, "denominator_lag_relative": 0.0018506385385990143, "block_age": 1}
{"step": 310, "epoch": 5, "step_seconds": 0.13338054530322552, "innovation_std_sum": 25.113722579427673, "noise_marginal_std_sum": 29.33162184778228, "pure_mf_cumulative_momentum_noise_variance": 0.0035910542258447004, "preconditioner_mean": 34.146724700927734, "preconditioner_change_relative": 0.0, "denominator_lag_relative": 0.001783503801561892, "block_age": 1}
{"epoch": 5, "step": 310, "epsilon": 8.000000000000005, "accuracy": 0.6834862385321101, "validation_loss": 0.7030707280570214, "validation_examples": 872}
