/home/longt29/miniconda3/envs/curve/lib/python3.11/site-packages/torchvision/datasets/cifar.py:83: VisibleDeprecationWarning: dtype(): align should be passed as Python or NumPy boolean but got `align=0`. Did you mean to pass a tuple to create a subarray type? (Deprecated NumPy 2.4)
  entry = pickle.load(f, encoding="latin1")
sys:1: UserWarning: Full backward hook is firing when gradients are computed with respect to module outputs since no inputs require gradients. See https://docs.pytorch.org/docs/main/generated/torch.nn.Module.html#torch.nn.Module.register_full_backward_hook for more details.
{"step": 10, "epoch": 1, "train_loss": 4.86569482421875, "clip_fraction": 0.0, "gradient_norm_mean": 63.97478515625, "gradient_norm_max": 162.73141479492188, "step_seconds": 2.0306157413870096, "innovation_std_sum": 960.5354058391272, "noise_marginal_std_sum": 1324.878491966481}
{"step": 20, "epoch": 1, "train_loss": 4.774712890625, "clip_fraction": 0.0, "gradient_norm_mean": 38.4622509765625, "gradient_norm_max": 75.73877716064453, "step_seconds": 2.0041647516191006, "innovation_std_sum": 960.5354058391272, "noise_marginal_std_sum": 1324.878491966481}
{"step": 30, "epoch": 1, "train_loss": 4.78083642578125, "clip_fraction": 0.0, "gradient_norm_mean": 29.927560546875, "gradient_norm_max": 57.326141357421875, "step_seconds": 2.042747190222144, "innovation_std_sum": 960.5354058391272, "noise_marginal_std_sum": 1324.878491966481}
{"step": 40, "epoch": 1, "train_loss": 4.7578115234375, "clip_fraction": 0.0, "gradient_norm_mean": 24.86544580078125, "gradient_norm_max": 55.8364143371582, "step_seconds": 1.9996966104954481, "innovation_std_sum": 960.5354058391272, "noise_marginal_std_sum": 1324.878491966481}
{"epoch": 1, "step": 45, "train_loss": 4.809788354492188, "clip_fraction": 0.029844444444444444, "epsilon": 2.805247463992718, "accuracy": 0.0128, "validation_loss": 4.725657641601562, "validation_examples": 5000}
{"step": 50, "epoch": 2, "train_loss": 4.685355590820312, "clip_fraction": 0.0, "gradient_norm_mean": 21.76508544921875, "gradient_norm_max": 47.77490234375, "step_seconds": 1.9928936082869768, "innovation_std_sum": 960.5354058391272, "noise_marginal_std_sum": 1324.878491966481}
{"step": 60, "epoch": 2, "train_loss": 4.668774047851563, "clip_fraction": 0.0, "gradient_norm_mean": 19.48281494140625, "gradient_norm_max": 37.88896179199219, "step_seconds": 1.9977885652333498, "innovation_std_sum": 960.5354058391272, "noise_marginal_std_sum": 1324.878491966481}
{"step": 70, "epoch": 2, "train_loss": 4.630625610351562, "clip_fraction": 0.0, "gradient_norm_mean": 17.68033935546875, "gradient_norm_max": 41.823978424072266, "step_seconds": 2.006045289337635, "innovation_std_sum": 960.5354058391272, "noise_marginal_std_sum": 1324.878491966481}
{"step": 80, "epoch": 2, "train_loss": 4.637482666015625, "clip_fraction": 0.0, "gradient_norm_mean": 16.168271728515624, "gradient_norm_max": 33.05673599243164, "step_seconds": 2.0043140314519405, "innovation_std_sum": 960.5354058391272, "noise_marginal_std_sum": 1324.878491966481}
{"step": 90, "epoch": 2, "train_loss": 4.647214965820313, "clip_fraction": 0.0, "gradient_norm_mean": 15.48440869140625, "gradient_norm_max": 32.37672424316406, "step_seconds": 1.9971457701176405, "innovation_std_sum": 960.5354058391272, "noise_marginal_std_sum": 1324.878491966481}
{"epoch": 2, "step": 90, "train_loss": 4.664235875108507, "clip_fraction": 0.0, "epsilon": 4.447471925552444, "accuracy": 0.0162, "validation_loss": 4.652810961914063, "validation_examples": 5000}
{"step": 100, "epoch": 3, "train_loss": 4.618815063476562, "clip_fraction": 0.0, "gradient_norm_mean": 14.500874267578125, "gradient_norm_max": 27.586498260498047, "step_seconds": 2.0205947924405336, "innovation_std_sum": 960.5354058391272, "noise_marginal_std_sum": 1324.878491966481}
{"step": 110, "epoch": 3, "train_loss": 4.6137490234375, "clip_fraction": 0.0, "gradient_norm_mean": 13.74996484375, "gradient_norm_max": 27.507427215576172, "step_seconds": 2.0048476047813892, "innovation_std_sum": 960.5354058391272, "noise_marginal_std_sum": 1324.878491966481}
{"step": 120, "epoch": 3, "train_loss": 4.662205322265625, "clip_fraction": 0.0, "gradient_norm_mean": 13.30075537109375, "gradient_norm_max": 30.8870792388916, "step_seconds": 2.0170223899185658, "innovation_std_sum": 960.5354058391272, "noise_marginal_std_sum": 1324.878491966481}
{"step": 130, "epoch": 3, "train_loss": 4.6411109619140625, "clip_fraction": 0.0, "gradient_norm_mean": 12.609388916015625, "gradient_norm_max": 28.00366973876953, "step_seconds": 2.009102739393711, "innovation_std_sum": 960.5354058391272, "noise_marginal_std_sum": 1324.878491966481}
{"epoch": 3, "step": 135, "train_loss": 4.6146688747829865, "clip_fraction": 0.0, "epsilon": 5.779485746307642, "accuracy": 0.0182, "validation_loss": 4.607762768554688, "validation_examples": 5000}
{"step": 140, "epoch": 4, "train_loss": 4.562807983398438, "clip_fraction": 0.0, "gradient_norm_mean": 12.12991162109375, "gradient_norm_max": 27.886993408203125, "step_seconds": 2.0088922549039125, "innovation_std_sum": 960.5354058391272, "noise_marginal_std_sum": 1324.878491966481}
{"step": 150, "epoch": 4, "train_loss": 4.583252319335937, "clip_fraction": 0.0, "gradient_norm_mean": 11.670859619140625, "gradient_norm_max": 24.423826217651367, "step_seconds": 2.03205600194633, "innovation_std_sum": 960.5354058391272, "noise_marginal_std_sum": 1324.878491966481}
{"step": 160, "epoch": 4, "train_loss": 4.56201904296875, "clip_fraction": 0.0, "gradient_norm_mean": 11.184203369140626, "gradient_norm_max": 23.25970458984375, "step_seconds": 2.060824640095234, "innovation_std_sum": 960.5354058391272, "noise_marginal_std_sum": 1324.878491966481}
{"step": 170, "epoch": 4, "train_loss": 4.572306640625, "clip_fraction": 0.0, "gradient_norm_mean": 10.956575439453125, "gradient_norm_max": 23.12993812561035, "step_seconds": 2.045863775536418, "innovation_std_sum": 960.5354058391272, "noise_marginal_std_sum": 1324.878491966481}
{"step": 180, "epoch": 4, "train_loss": 4.58139453125, "clip_fraction": 0.0, "gradient_norm_mean": 10.730607177734376, "gradient_norm_max": 22.593181610107422, "step_seconds": 2.0004090908914804, "innovation_std_sum": 960.5354058391272, "noise_marginal_std_sum": 1324.878491966481}
{"epoch": 4, "step": 180, "train_loss": 4.584272973632813, "clip_fraction": 0.0, "epsilon": 6.943065470652319, "accuracy": 0.0222, "validation_loss": 4.570710180664062, "validation_examples": 5000}
{"step": 190, "epoch": 5, "train_loss": 4.581026977539063, "clip_fraction": 0.0, "gradient_norm_mean": 10.22272265625, "gradient_norm_max": 23.493919372558594, "step_seconds": 1.9957574289292097, "innovation_std_sum": 960.5354058391272, "noise_marginal_std_sum": 1324.878491966481}
{"step": 200, "epoch": 5, "train_loss": 4.575063110351563, "clip_fraction": 0.0, "gradient_norm_mean": 10.002454345703125, "gradient_norm_max": 20.77016258239746, "step_seconds": 2.0009277667850256, "innovation_std_sum": 960.5354058391272, "noise_marginal_std_sum": 1324.878491966481}
{"step": 210, "epoch": 5, "train_loss": 4.588151611328125, "clip_fraction": 0.0, "gradient_norm_mean": 9.859778076171875, "gradient_norm_max": 29.48668098449707, "step_seconds": 2.0719333216547966, "innovation_std_sum": 960.5354058391272, "noise_marginal_std_sum": 1324.878491966481}
{"step": 220, "epoch": 5, "train_loss": 4.58931005859375, "clip_fraction": 0.0, "gradient_norm_mean": 9.455326171875, "gradient_norm_max": 22.884191513061523, "step_seconds": 1.9851689878851175, "innovation_std_sum": 960.5354058391272, "noise_marginal_std_sum": 1324.878491966481}
{"epoch": 5, "step": 225, "train_loss": 4.558003423394097, "clip_fraction": 0.0, "epsilon": 8.000000000000005, "accuracy": 0.0244, "validation_loss": 4.5437214599609375, "validation_examples": 5000}
