Loading weights:   0%|          | 0/39 [00:00<?, ?it/s]Loading weights: 100%|██████████| 39/39 [00:00<00:00, 19637.20it/s]
[transformers] [1mBertModel LOAD REPORT[0m from: /media/data/data/lt/dp-adam-correlated/cache/bert-tiny
Key                                        | Status     |  | 
-------------------------------------------+------------+--+-
cls.predictions.transform.LayerNorm.weight | UNEXPECTED |  | 
cls.seq_relationship.weight                | UNEXPECTED |  | 
cls.predictions.decoder.bias               | UNEXPECTED |  | 
cls.predictions.transform.dense.weight     | UNEXPECTED |  | 
cls.predictions.transform.dense.bias       | UNEXPECTED |  | 
cls.predictions.transform.LayerNorm.bias   | UNEXPECTED |  | 
cls.seq_relationship.bias                  | UNEXPECTED |  | 
cls.predictions.decoder.weight             | UNEXPECTED |  | 
cls.predictions.bias                       | UNEXPECTED |  | 

Notes:
- UNEXPECTED:	can be ignored when loading from different task/architecture; not ok if you expect identical arch.
sys:1: UserWarning: Full backward hook is firing when gradients are computed with respect to module outputs since no inputs require gradients. See https://docs.pytorch.org/docs/main/generated/torch.nn.Module.html#torch.nn.Module.register_full_backward_hook for more details.
{"step": 62, "epoch": 1.0, "train_loss": 1.4846441374747983, "clip_fraction": 0.8357096774193549, "validation_loss": 1.6528514648825459, "accuracy": 0.557861282482707, "validation_examples": 5349, "epsilon": 3.1232925162148586}
{"step": 124, "epoch": 2.0, "train_loss": 1.0863782141900833, "clip_fraction": 0.7188225806451611, "validation_loss": 1.2837385747071226, "accuracy": 0.7528510001869508, "validation_examples": 5349, "epsilon": 4.650921021133028}
{"step": 186, "epoch": 3.0, "train_loss": 1.1852988497826358, "clip_fraction": 0.5045000000000001, "validation_loss": 1.1838869432530286, "accuracy": 0.7773415591699383, "validation_examples": 5349, "epsilon": 5.897172094191148}
{"step": 248, "epoch": 4.0, "train_loss": 1.0949830026934226, "clip_fraction": 0.4594354838709678, "validation_loss": 1.1373712793201525, "accuracy": 0.7879977565900168, "validation_examples": 5349, "epsilon": 6.99603315708177}
{"step": 310, "epoch": 5.0, "train_loss": 1.0427340324155745, "clip_fraction": 0.42224193548387107, "validation_loss": 1.081421580219251, "accuracy": 0.802019068984857, "validation_examples": 5349, "epsilon": 8.000000000000005}
