/home/longt29/miniconda3/envs/curve/lib/python3.11/site-packages/torchvision/datasets/cifar.py:83: VisibleDeprecationWarning: dtype(): align should be passed as Python or NumPy boolean but got `align=0`. Did you mean to pass a tuple to create a subarray type? (Deprecated NumPy 2.4)
  entry = pickle.load(f, encoding="latin1")
sys:1: UserWarning: Full backward hook is firing when gradients are computed with respect to module outputs since no inputs require gradients. See https://docs.pytorch.org/docs/main/generated/torch.nn.Module.html#torch.nn.Module.register_full_backward_hook for more details.
{"step": 10, "epoch": 1, "train_loss": 4.130133605957031, "clip_fraction": 1.0, "gradient_norm_mean": 64.0202421875, "gradient_norm_max": 142.7964630126953, "step_seconds": 2.1363614480942488, "innovation_std_sum": 51.286678060925176, "noise_marginal_std_sum": 57.78648359277493}
{"step": 20, "epoch": 1, "train_loss": 3.2870185546875, "clip_fraction": 1.0, "gradient_norm_mean": 98.62340625, "gradient_norm_max": 290.5765075683594, "step_seconds": 2.11350729316473, "innovation_std_sum": 51.286678060925176, "noise_marginal_std_sum": 57.78648359277493}
{"step": 30, "epoch": 1, "train_loss": 2.79827490234375, "clip_fraction": 0.983, "gradient_norm_mean": 114.378396484375, "gradient_norm_max": 398.6526184082031, "step_seconds": 2.1439764723181725, "innovation_std_sum": 51.286678060925176, "noise_marginal_std_sum": 57.78648359277493}
{"step": 40, "epoch": 1, "train_loss": 2.420360168457031, "clip_fraction": 0.95, "gradient_norm_mean": 117.249931640625, "gradient_norm_max": 477.0821533203125, "step_seconds": 2.177981959655881, "innovation_std_sum": 51.286678060925176, "noise_marginal_std_sum": 57.78648359277493}
{"epoch": 1, "step": 45, "train_loss": 3.3070860880533854, "clip_fraction": 0.9823111111111111, "epsilon": 3.1232761473275064, "accuracy": 0.51, "validation_loss": 1.821049493408203, "validation_examples": 5000}
{"step": 50, "epoch": 2, "train_loss": 2.1812794189453126, "clip_fraction": 0.917, "gradient_norm_mean": 117.45591796875, "gradient_norm_max": 537.179443359375, "step_seconds": 2.1104307044297457, "innovation_std_sum": 51.286678060925176, "noise_marginal_std_sum": 57.78648359277493}
{"step": 60, "epoch": 2, "train_loss": 2.0000344848632814, "clip_fraction": 0.884, "gradient_norm_mean": 117.550849609375, "gradient_norm_max": 484.8468322753906, "step_seconds": 2.1102962475270033, "innovation_std_sum": 51.286678060925176, "noise_marginal_std_sum": 57.78648359277493}
{"step": 70, "epoch": 2, "train_loss": 1.8205606689453124, "clip_fraction": 0.837, "gradient_norm_mean": 113.852794921875, "gradient_norm_max": 600.7064819335938, "step_seconds": 2.1507952846586704, "innovation_std_sum": 51.286678060925176, "noise_marginal_std_sum": 57.78648359277493}
{"step": 80, "epoch": 2, "train_loss": 1.833984619140625, "clip_fraction": 0.83, "gradient_norm_mean": 119.12076171875, "gradient_norm_max": 828.1217651367188, "step_seconds": 2.1810138691216707, "innovation_std_sum": 51.286678060925176, "noise_marginal_std_sum": 57.78648359277493}
{"step": 90, "epoch": 2, "train_loss": 1.7456700134277343, "clip_fraction": 0.805, "gradient_norm_mean": 116.674525390625, "gradient_norm_max": 610.643798828125, "step_seconds": 2.187028892338276, "innovation_std_sum": 51.286678060925176, "noise_marginal_std_sum": 57.78648359277493}
{"epoch": 2, "step": 90, "train_loss": 1.97002379421658, "clip_fraction": 0.8645555555555555, "epsilon": 4.650911679155922, "accuracy": 0.6462, "validation_loss": 1.2631089233398438, "validation_examples": 5000}
{"step": 100, "epoch": 3, "train_loss": 1.7829215698242187, "clip_fraction": 0.814, "gradient_norm_mean": 125.86255078125, "gradient_norm_max": 707.107177734375, "step_seconds": 2.142777616158128, "innovation_std_sum": 51.286678060925176, "noise_marginal_std_sum": 57.78648359277493}
{"step": 110, "epoch": 3, "train_loss": 1.6261376953125, "clip_fraction": 0.78, "gradient_norm_mean": 118.037580078125, "gradient_norm_max": 494.2151794433594, "step_seconds": 2.1667590588331223, "innovation_std_sum": 51.286678060925176, "noise_marginal_std_sum": 57.78648359277493}
{"step": 120, "epoch": 3, "train_loss": 1.7394149475097656, "clip_fraction": 0.786, "gradient_norm_mean": 129.160275390625, "gradient_norm_max": 664.66064453125, "step_seconds": 2.186685496941209, "innovation_std_sum": 51.286678060925176, "noise_marginal_std_sum": 57.78648359277493}
{"step": 130, "epoch": 3, "train_loss": 1.578245147705078, "clip_fraction": 0.749, "gradient_norm_mean": 120.07537109375, "gradient_norm_max": 568.7498779296875, "step_seconds": 2.202819924801588, "innovation_std_sum": 51.286678060925176, "noise_marginal_std_sum": 57.78648359277493}
{"epoch": 3, "step": 135, "train_loss": 1.699319740125868, "clip_fraction": 0.7841111111111111, "epsilon": 5.897166745944286, "accuracy": 0.6774, "validation_loss": 1.1070114166259766, "validation_examples": 5000}
{"step": 140, "epoch": 4, "train_loss": 1.493829803466797, "clip_fraction": 0.743, "gradient_norm_mean": 120.116337890625, "gradient_norm_max": 483.41876220703125, "step_seconds": 2.116692926734686, "innovation_std_sum": 51.286678060925176, "noise_marginal_std_sum": 57.78648359277493}
{"step": 150, "epoch": 4, "train_loss": 1.570212677001953, "clip_fraction": 0.751, "gradient_norm_mean": 127.6804921875, "gradient_norm_max": 620.2282104492188, "step_seconds": 2.137352626770735, "innovation_std_sum": 51.286678060925176, "noise_marginal_std_sum": 57.78648359277493}
{"step": 160, "epoch": 4, "train_loss": 1.4771429138183594, "clip_fraction": 0.719, "gradient_norm_mean": 116.44827734375, "gradient_norm_max": 608.5189819335938, "step_seconds": 2.1768715232610703, "innovation_std_sum": 51.286678060925176, "noise_marginal_std_sum": 57.78648359277493}
{"step": 170, "epoch": 4, "train_loss": 1.63587060546875, "clip_fraction": 0.728, "gradient_norm_mean": 128.089484375, "gradient_norm_max": 671.4900512695312, "step_seconds": 2.1817664559930563, "innovation_std_sum": 51.286678060925176, "noise_marginal_std_sum": 57.78648359277493}
{"step": 180, "epoch": 4, "train_loss": 1.5466228942871094, "clip_fraction": 0.714, "gradient_norm_mean": 125.469287109375, "gradient_norm_max": 555.7169189453125, "step_seconds": 2.200680749490857, "innovation_std_sum": 51.286678060925176, "noise_marginal_std_sum": 57.78648359277493}
{"epoch": 4, "step": 180, "train_loss": 1.5994567050509982, "clip_fraction": 0.7429555555555556, "epsilon": 6.996030747466345, "accuracy": 0.6954, "validation_loss": 1.0438046173095703, "validation_examples": 5000}
{"step": 190, "epoch": 5, "train_loss": 1.6015792541503906, "clip_fraction": 0.727, "gradient_norm_mean": 126.10186328125, "gradient_norm_max": 589.0193481445312, "step_seconds": 2.12874523922801, "innovation_std_sum": 51.286678060925176, "noise_marginal_std_sum": 57.78648359277493}
{"step": 200, "epoch": 5, "train_loss": 1.5525196838378905, "clip_fraction": 0.71, "gradient_norm_mean": 122.13446484375, "gradient_norm_max": 573.6266479492188, "step_seconds": 2.151228604838252, "innovation_std_sum": 51.286678060925176, "noise_marginal_std_sum": 57.78648359277493}
{"step": 210, "epoch": 5, "train_loss": 1.6869963989257812, "clip_fraction": 0.731, "gradient_norm_mean": 133.04001171875, "gradient_norm_max": 632.5526123046875, "step_seconds": 2.1810522694140673, "innovation_std_sum": 51.286678060925176, "noise_marginal_std_sum": 57.78648359277493}
{"step": 220, "epoch": 5, "train_loss": 1.4712840576171875, "clip_fraction": 0.696, "gradient_norm_mean": 124.525279296875, "gradient_norm_max": 683.7763061523438, "step_seconds": 2.196955393999815, "innovation_std_sum": 51.286678060925176, "noise_marginal_std_sum": 57.78648359277493}
{"epoch": 5, "step": 225, "train_loss": 1.5753716152615018, "clip_fraction": 0.7219777777777778, "epsilon": 8.000000000000005, "accuracy": 0.7092, "validation_loss": 1.035100927734375, "validation_examples": 5000}
