Loading weights:   0%|          | 0/39 [00:00<?, ?it/s]Loading weights: 100%|██████████| 39/39 [00:00<00:00, 18605.31it/s]
[transformers] [1mBertModel LOAD REPORT[0m from: /media/data/data/lt/dp-adam-correlated/cache/bert-tiny
Key                                        | Status     |  | 
-------------------------------------------+------------+--+-
cls.predictions.transform.LayerNorm.bias   | UNEXPECTED |  | 
cls.predictions.transform.LayerNorm.weight | UNEXPECTED |  | 
cls.predictions.bias                       | UNEXPECTED |  | 
cls.predictions.decoder.weight             | UNEXPECTED |  | 
cls.seq_relationship.weight                | UNEXPECTED |  | 
cls.seq_relationship.bias                  | UNEXPECTED |  | 
cls.predictions.transform.dense.weight     | UNEXPECTED |  | 
cls.predictions.transform.dense.bias       | UNEXPECTED |  | 
cls.predictions.decoder.bias               | UNEXPECTED |  | 

Notes:
- UNEXPECTED:	can be ignored when loading from different task/architecture; not ok if you expect identical arch.
sys:1: UserWarning: Full backward hook is firing when gradients are computed with respect to module outputs since no inputs require gradients. See https://docs.pytorch.org/docs/main/generated/torch.nn.Module.html#torch.nn.Module.register_full_backward_hook for more details.
{"step": 10, "epoch": 1, "train_loss": 0.931582275390625, "clip_fraction": 1.0, "gradient_norm_mean": 7.5225625, "gradient_norm_max": 19.51929473876953, "step_seconds": 0.26414757780730724, "innovation_std_sum": 0.13421530075084848, "noise_marginal_std_sum": 0.13421530075084848}
{"step": 20, "epoch": 1, "train_loss": 1.589129638671875, "clip_fraction": 1.0, "gradient_norm_mean": 8.298583984375, "gradient_norm_max": 32.909523010253906, "step_seconds": 0.2658608928322792, "innovation_std_sum": 0.13421530075084848, "noise_marginal_std_sum": 0.13421530075084848}
{"step": 30, "epoch": 1, "train_loss": 2.39486669921875, "clip_fraction": 0.549, "gradient_norm_mean": 9.4518935546875, "gradient_norm_max": 36.1668586730957, "step_seconds": 0.2611147090792656, "innovation_std_sum": 0.13421530075084848, "noise_marginal_std_sum": 0.13421530075084848}
{"step": 40, "epoch": 1, "train_loss": 2.094940673828125, "clip_fraction": 0.831, "gradient_norm_mean": 14.7389404296875, "gradient_norm_max": 67.29228210449219, "step_seconds": 0.2618843726813793, "innovation_std_sum": 0.13421530075084848, "noise_marginal_std_sum": 0.13421530075084848}
{"step": 50, "epoch": 1, "train_loss": 2.355132568359375, "clip_fraction": 0.68, "gradient_norm_mean": 20.80625390625, "gradient_norm_max": 100.05438232421875, "step_seconds": 0.2619732487946749, "innovation_std_sum": 0.13421530075084848, "noise_marginal_std_sum": 0.13421530075084848}
{"step": 60, "epoch": 1, "train_loss": 1.438352783203125, "clip_fraction": 0.892, "gradient_norm_mean": 37.6237421875, "gradient_norm_max": 160.82398986816406, "step_seconds": 0.2623103931546211, "innovation_std_sum": 0.13421530075084848, "noise_marginal_std_sum": 0.13421530075084848}
{"epoch": 1, "step": 62, "train_loss": 1.7462878998787172, "clip_fraction": 0.8450483870967742, "epsilon": 3.1232925162148586, "accuracy": 0.589269022247149, "validation_loss": 1.2488191796811101, "validation_examples": 5349}
{"step": 70, "epoch": 2, "train_loss": 1.535082275390625, "clip_fraction": 0.737, "gradient_norm_mean": 49.9714453125, "gradient_norm_max": 244.39268493652344, "step_seconds": 0.2618090435862541, "innovation_std_sum": 0.13421530075084848, "noise_marginal_std_sum": 0.13421530075084848}
{"step": 80, "epoch": 2, "train_loss": 0.90822216796875, "clip_fraction": 0.854, "gradient_norm_mean": 48.49130078125, "gradient_norm_max": 360.5549011230469, "step_seconds": 0.26167792081832886, "innovation_std_sum": 0.13421530075084848, "noise_marginal_std_sum": 0.13421530075084848}
{"step": 90, "epoch": 2, "train_loss": 1.2241904296875, "clip_fraction": 0.77, "gradient_norm_mean": 61.163484375, "gradient_norm_max": 515.521484375, "step_seconds": 0.26211803779006004, "innovation_std_sum": 0.13421530075084848, "noise_marginal_std_sum": 0.13421530075084848}
{"step": 100, "epoch": 2, "train_loss": 1.3647596435546876, "clip_fraction": 0.623, "gradient_norm_mean": 81.54278125, "gradient_norm_max": 692.2842407226562, "step_seconds": 0.26231126487255096, "innovation_std_sum": 0.13421530075084848, "noise_marginal_std_sum": 0.13421530075084848}
{"step": 110, "epoch": 2, "train_loss": 1.439869384765625, "clip_fraction": 0.519, "gradient_norm_mean": 95.9314296875, "gradient_norm_max": 1021.5729370117188, "step_seconds": 0.2625153139233589, "innovation_std_sum": 0.13421530075084848, "noise_marginal_std_sum": 0.13421530075084848}
{"step": 120, "epoch": 2, "train_loss": 1.42639404296875, "clip_fraction": 0.505, "gradient_norm_mean": 86.767640625, "gradient_norm_max": 960.139404296875, "step_seconds": 0.1825461909174919, "innovation_std_sum": 0.13421530075084848, "noise_marginal_std_sum": 0.13421530075084848}
{"epoch": 2, "step": 124, "train_loss": 1.2941820836221019, "clip_fraction": 0.6913548387096774, "epsilon": 4.650921021133028, "accuracy": 0.7597681809684053, "validation_loss": 1.5399392313947409, "validation_examples": 5349}
{"step": 130, "epoch": 3, "train_loss": 1.347228271484375, "clip_fraction": 0.502, "gradient_norm_mean": 96.1002109375, "gradient_norm_max": 1287.822509765625, "step_seconds": 0.2623261474072933, "innovation_std_sum": 0.13421530075084848, "noise_marginal_std_sum": 0.13421530075084848}
{"step": 140, "epoch": 3, "train_loss": 1.467483154296875, "clip_fraction": 0.52, "gradient_norm_mean": 101.881453125, "gradient_norm_max": 1106.6053466796875, "step_seconds": 0.26263175159692764, "innovation_std_sum": 0.13421530075084848, "noise_marginal_std_sum": 0.13421530075084848}
{"step": 150, "epoch": 3, "train_loss": 1.4800147705078126, "clip_fraction": 0.498, "gradient_norm_mean": 89.81271875, "gradient_norm_max": 923.6776733398438, "step_seconds": 0.2627984471619129, "innovation_std_sum": 0.13421530075084848, "noise_marginal_std_sum": 0.13421530075084848}
{"step": 160, "epoch": 3, "train_loss": 1.5257301025390626, "clip_fraction": 0.506, "gradient_norm_mean": 97.336640625, "gradient_norm_max": 1263.9954833984375, "step_seconds": 0.2622792925685644, "innovation_std_sum": 0.13421530075084848, "noise_marginal_std_sum": 0.13421530075084848}
{"step": 170, "epoch": 3, "train_loss": 1.51104296875, "clip_fraction": 0.48, "gradient_norm_mean": 89.604953125, "gradient_norm_max": 1065.72412109375, "step_seconds": 0.26260334625840187, "innovation_std_sum": 0.13421530075084848, "noise_marginal_std_sum": 0.13421530075084848}
{"step": 180, "epoch": 3, "train_loss": 1.5014158935546875, "clip_fraction": 0.493, "gradient_norm_mean": 83.82434375, "gradient_norm_max": 1197.62255859375, "step_seconds": 0.262673681601882, "innovation_std_sum": 0.13421530075084848, "noise_marginal_std_sum": 0.13421530075084848}
{"epoch": 3, "step": 186, "train_loss": 1.3923778076171875, "clip_fraction": 0.4945322580645161, "epsilon": 5.897172094191146, "accuracy": 0.7782763133295943, "validation_loss": 1.4045711965912144, "validation_examples": 5349}
{"step": 190, "epoch": 4, "train_loss": 1.208156982421875, "clip_fraction": 0.474, "gradient_norm_mean": 88.6346015625, "gradient_norm_max": 1024.691162109375, "step_seconds": 0.26227831840515137, "innovation_std_sum": 0.13421530075084848, "noise_marginal_std_sum": 0.13421530075084848}
{"step": 200, "epoch": 4, "train_loss": 1.3495286865234375, "clip_fraction": 0.484, "gradient_norm_mean": 95.164921875, "gradient_norm_max": 1047.297607421875, "step_seconds": 0.26195632480084896, "innovation_std_sum": 0.13421530075084848, "noise_marginal_std_sum": 0.13421530075084848}
{"step": 210, "epoch": 4, "train_loss": 1.365310791015625, "clip_fraction": 0.473, "gradient_norm_mean": 89.062671875, "gradient_norm_max": 1155.56884765625, "step_seconds": 0.2621727231889963, "innovation_std_sum": 0.13421530075084848, "noise_marginal_std_sum": 0.13421530075084848}
{"step": 220, "epoch": 4, "train_loss": 1.26926904296875, "clip_fraction": 0.452, "gradient_norm_mean": 69.878203125, "gradient_norm_max": 1193.222900390625, "step_seconds": 0.2623209748417139, "innovation_std_sum": 0.13421530075084848, "noise_marginal_std_sum": 0.13421530075084848}
{"step": 230, "epoch": 4, "train_loss": 1.3131419677734375, "clip_fraction": 0.455, "gradient_norm_mean": 85.9120859375, "gradient_norm_max": 1299.558837890625, "step_seconds": 0.2630464043468237, "innovation_std_sum": 0.13421530075084848, "noise_marginal_std_sum": 0.13421530075084848}
{"step": 240, "epoch": 4, "train_loss": 1.33818701171875, "clip_fraction": 0.441, "gradient_norm_mean": 82.463453125, "gradient_norm_max": 1297.380615234375, "step_seconds": 0.2620308864861727, "innovation_std_sum": 0.13421530075084848, "noise_marginal_std_sum": 0.13421530075084848}
{"epoch": 4, "step": 248, "train_loss": 1.3122208960748487, "clip_fraction": 0.45388709677419353, "epsilon": 6.99603315708177, "accuracy": 0.7851934941110488, "validation_loss": 1.3616784581248393, "validation_examples": 5349}
{"step": 250, "epoch": 5, "train_loss": 1.4580697021484375, "clip_fraction": 0.419, "gradient_norm_mean": 73.244671875, "gradient_norm_max": 1446.8436279296875, "step_seconds": 0.26363697461783886, "innovation_std_sum": 0.13421530075084848, "noise_marginal_std_sum": 0.13421530075084848}
{"step": 260, "epoch": 5, "train_loss": 1.4174010009765625, "clip_fraction": 0.422, "gradient_norm_mean": 76.959625, "gradient_norm_max": 1202.4979248046875, "step_seconds": 0.26353663578629494, "innovation_std_sum": 0.13421530075084848, "noise_marginal_std_sum": 0.13421530075084848}
{"step": 270, "epoch": 5, "train_loss": 1.222611328125, "clip_fraction": 0.408, "gradient_norm_mean": 73.00596875, "gradient_norm_max": 1213.166259765625, "step_seconds": 0.2639676332473755, "innovation_std_sum": 0.13421530075084848, "noise_marginal_std_sum": 0.13421530075084848}
{"step": 280, "epoch": 5, "train_loss": 1.2043321533203124, "clip_fraction": 0.427, "gradient_norm_mean": 78.27009375, "gradient_norm_max": 1286.8416748046875, "step_seconds": 0.2664738930761814, "innovation_std_sum": 0.13421530075084848, "noise_marginal_std_sum": 0.13421530075084848}
{"step": 290, "epoch": 5, "train_loss": 1.2568265380859376, "clip_fraction": 0.402, "gradient_norm_mean": 79.649296875, "gradient_norm_max": 1368.700927734375, "step_seconds": 0.26363235898315907, "innovation_std_sum": 0.13421530075084848, "noise_marginal_std_sum": 0.13421530075084848}
{"step": 300, "epoch": 5, "train_loss": 1.170580322265625, "clip_fraction": 0.396, "gradient_norm_mean": 69.8893828125, "gradient_norm_max": 1316.6605224609375, "step_seconds": 0.26367247104644775, "innovation_std_sum": 0.13421530075084848, "noise_marginal_std_sum": 0.13421530075084848}
{"step": 310, "epoch": 5, "train_loss": 1.44294921875, "clip_fraction": 0.429, "gradient_norm_mean": 75.36134375, "gradient_norm_max": 1187.4609375, "step_seconds": 0.26350346952676773, "innovation_std_sum": 0.13421530075084848, "noise_marginal_std_sum": 0.13421530075084848}
{"epoch": 5, "step": 310, "train_loss": 1.2737870227444557, "clip_fraction": 0.41685483870967743, "epsilon": 8.000000000000005, "accuracy": 0.7945410357076089, "validation_loss": 1.3002515669113277, "validation_examples": 5349}
