Loading weights:   0%|          | 0/39 [00:00<?, ?it/s]Loading weights: 100%|██████████| 39/39 [00:00<00:00, 15063.80it/s]
[transformers] [1mBertModel LOAD REPORT[0m from: /media/data/data/lt/dp-adam-correlated/cache/bert-tiny
Key                                        | Status     |  | 
-------------------------------------------+------------+--+-
cls.predictions.transform.dense.bias       | UNEXPECTED |  | 
cls.predictions.transform.dense.weight     | UNEXPECTED |  | 
cls.predictions.decoder.weight             | UNEXPECTED |  | 
cls.seq_relationship.bias                  | UNEXPECTED |  | 
cls.seq_relationship.weight                | UNEXPECTED |  | 
cls.predictions.decoder.bias               | UNEXPECTED |  | 
cls.predictions.bias                       | UNEXPECTED |  | 
cls.predictions.transform.LayerNorm.bias   | UNEXPECTED |  | 
cls.predictions.transform.LayerNorm.weight | UNEXPECTED |  | 

Notes:
- UNEXPECTED:	can be ignored when loading from different task/architecture; not ok if you expect identical arch.
sys:1: UserWarning: Full backward hook is firing when gradients are computed with respect to module outputs since no inputs require gradients. See https://docs.pytorch.org/docs/main/generated/torch.nn.Module.html#torch.nn.Module.register_full_backward_hook for more details.
{"step": 62, "epoch": 1.0, "train_loss": 0.632041254843435, "clip_fraction": 0.4956774193548388, "validation_loss": 0.7020827520877944, "accuracy": 0.7282110091743119, "validation_examples": 872, "epsilon": 3.054089440266451}
{"step": 124, "epoch": 2.0, "train_loss": 0.6373949461906186, "clip_fraction": 0.45775806451612916, "validation_loss": 0.7226953768948896, "accuracy": 0.7626146788990825, "validation_examples": 872, "epsilon": 4.610238743691153}
{"step": 186, "epoch": 3.0, "train_loss": 0.5846826856059414, "clip_fraction": 0.39979032258064523, "validation_loss": 0.6858300287789161, "accuracy": 0.7706422018348624, "validation_examples": 872, "epsilon": 5.873890881586911}
{"step": 248, "epoch": 4.0, "train_loss": 0.5396895894696636, "clip_fraction": 0.36185483870967744, "validation_loss": 0.6405439333084526, "accuracy": 0.7786697247706422, "validation_examples": 872, "epsilon": 6.985551657770655}
{"step": 310, "epoch": 5.0, "train_loss": 0.5184954095655873, "clip_fraction": 0.3331451612903226, "validation_loss": 0.6221866301440317, "accuracy": 0.7809633027522935, "validation_examples": 872, "epsilon": 8.000000000000005}
