/home/longt29/miniconda3/envs/curve/lib/python3.11/site-packages/torchvision/datasets/cifar.py:83: VisibleDeprecationWarning: dtype(): align should be passed as Python or NumPy boolean but got `align=0`. Did you mean to pass a tuple to create a subarray type? (Deprecated NumPy 2.4)
  entry = pickle.load(f, encoding="latin1")
sys:1: UserWarning: Full backward hook is firing when gradients are computed with respect to module outputs since no inputs require gradients. See https://docs.pytorch.org/docs/main/generated/torch.nn.Module.html#torch.nn.Module.register_full_backward_hook for more details.
{"step": 10, "epoch": 1, "train_loss": 4.246879272460937, "clip_fraction": 1.0, "gradient_norm_mean": 56.10486328125, "gradient_norm_max": 130.78565979003906, "step_seconds": 2.125770328566432, "innovation_std_sum": 51.286678060925176, "noise_marginal_std_sum": 57.78648359277493}
{"step": 20, "epoch": 1, "train_loss": 3.4271795654296877, "clip_fraction": 1.0, "gradient_norm_mean": 99.584486328125, "gradient_norm_max": 302.6828308105469, "step_seconds": 2.116611212491989, "innovation_std_sum": 51.286678060925176, "noise_marginal_std_sum": 57.78648359277493}
{"step": 30, "epoch": 1, "train_loss": 2.8628726806640623, "clip_fraction": 0.985, "gradient_norm_mean": 112.73625, "gradient_norm_max": 344.9974060058594, "step_seconds": 2.1016758661717176, "innovation_std_sum": 51.286678060925176, "noise_marginal_std_sum": 57.78648359277493}
{"step": 40, "epoch": 1, "train_loss": 2.5135887451171874, "clip_fraction": 0.96, "gradient_norm_mean": 120.01766015625, "gradient_norm_max": 354.0991516113281, "step_seconds": 2.1407321989536285, "innovation_std_sum": 51.286678060925176, "noise_marginal_std_sum": 57.78648359277493}
{"epoch": 1, "step": 45, "train_loss": 3.40533508843316, "clip_fraction": 0.9873111111111111, "epsilon": 3.1232761473275064, "accuracy": 0.505, "validation_loss": 1.8856559814453124, "validation_examples": 5000}
{"step": 50, "epoch": 2, "train_loss": 2.220567321777344, "clip_fraction": 0.918, "gradient_norm_mean": 118.9219140625, "gradient_norm_max": 782.5598754882812, "step_seconds": 2.1066968627274036, "innovation_std_sum": 51.286678060925176, "noise_marginal_std_sum": 57.78648359277493}
{"step": 60, "epoch": 2, "train_loss": 2.140054504394531, "clip_fraction": 0.894, "gradient_norm_mean": 120.945529296875, "gradient_norm_max": 471.25885009765625, "step_seconds": 2.122072296217084, "innovation_std_sum": 51.286678060925176, "noise_marginal_std_sum": 57.78648359277493}
{"step": 70, "epoch": 2, "train_loss": 1.9113476257324218, "clip_fraction": 0.864, "gradient_norm_mean": 114.815513671875, "gradient_norm_max": 719.3414916992188, "step_seconds": 2.128678284585476, "innovation_std_sum": 51.286678060925176, "noise_marginal_std_sum": 57.78648359277493}
{"step": 80, "epoch": 2, "train_loss": 1.9625462341308593, "clip_fraction": 0.879, "gradient_norm_mean": 122.782716796875, "gradient_norm_max": 599.0341186523438, "step_seconds": 2.1424922607839108, "innovation_std_sum": 51.286678060925176, "noise_marginal_std_sum": 57.78648359277493}
{"step": 90, "epoch": 2, "train_loss": 1.812209014892578, "clip_fraction": 0.829, "gradient_norm_mean": 123.331412109375, "gradient_norm_max": 791.5416259765625, "step_seconds": 2.1252661049365997, "innovation_std_sum": 51.286678060925176, "noise_marginal_std_sum": 57.78648359277493}
{"epoch": 2, "step": 90, "train_loss": 2.0225490987141925, "clip_fraction": 0.8802444444444445, "epsilon": 4.650911679155922, "accuracy": 0.6422, "validation_loss": 1.2917121948242187, "validation_examples": 5000}
{"step": 100, "epoch": 3, "train_loss": 1.6964163513183594, "clip_fraction": 0.818, "gradient_norm_mean": 118.608884765625, "gradient_norm_max": 545.0493774414062, "step_seconds": 2.114156063646078, "innovation_std_sum": 51.286678060925176, "noise_marginal_std_sum": 57.78648359277493}
{"step": 110, "epoch": 3, "train_loss": 1.65719189453125, "clip_fraction": 0.813, "gradient_norm_mean": 120.730130859375, "gradient_norm_max": 794.37158203125, "step_seconds": 2.166773406788707, "innovation_std_sum": 51.286678060925176, "noise_marginal_std_sum": 57.78648359277493}
{"step": 120, "epoch": 3, "train_loss": 1.6302635803222656, "clip_fraction": 0.774, "gradient_norm_mean": 122.54539453125, "gradient_norm_max": 899.7968139648438, "step_seconds": 2.1232069302350283, "innovation_std_sum": 51.286678060925176, "noise_marginal_std_sum": 57.78648359277493}
{"step": 130, "epoch": 3, "train_loss": 1.61507568359375, "clip_fraction": 0.774, "gradient_norm_mean": 122.147015625, "gradient_norm_max": 617.021484375, "step_seconds": 2.1171964202076197, "innovation_std_sum": 51.286678060925176, "noise_marginal_std_sum": 57.78648359277493}
{"epoch": 3, "step": 135, "train_loss": 1.716161609564887, "clip_fraction": 0.7922, "epsilon": 5.897166745944286, "accuracy": 0.6814, "validation_loss": 1.1031722229003906, "validation_examples": 5000}
{"step": 140, "epoch": 4, "train_loss": 1.6731159057617186, "clip_fraction": 0.749, "gradient_norm_mean": 120.715287109375, "gradient_norm_max": 631.9127807617188, "step_seconds": 2.1049584858119488, "innovation_std_sum": 51.286678060925176, "noise_marginal_std_sum": 57.78648359277493}
{"step": 150, "epoch": 4, "train_loss": 1.6417146301269532, "clip_fraction": 0.738, "gradient_norm_mean": 124.563251953125, "gradient_norm_max": 761.101318359375, "step_seconds": 2.1206127274781466, "innovation_std_sum": 51.286678060925176, "noise_marginal_std_sum": 57.78648359277493}
{"step": 160, "epoch": 4, "train_loss": 1.6434317321777343, "clip_fraction": 0.746, "gradient_norm_mean": 124.835671875, "gradient_norm_max": 533.1723022460938, "step_seconds": 2.1263245716691017, "innovation_std_sum": 51.286678060925176, "noise_marginal_std_sum": 57.78648359277493}
{"step": 170, "epoch": 4, "train_loss": 1.6439573364257813, "clip_fraction": 0.743, "gradient_norm_mean": 123.40707421875, "gradient_norm_max": 686.6942749023438, "step_seconds": 2.132911616936326, "innovation_std_sum": 51.286678060925176, "noise_marginal_std_sum": 57.78648359277493}
{"step": 180, "epoch": 4, "train_loss": 1.5693992614746093, "clip_fraction": 0.727, "gradient_norm_mean": 124.3908515625, "gradient_norm_max": 824.8837280273438, "step_seconds": 2.1284559462219477, "innovation_std_sum": 51.286678060925176, "noise_marginal_std_sum": 57.78648359277493}
{"epoch": 4, "step": 180, "train_loss": 1.6182558783637153, "clip_fraction": 0.7503111111111112, "epsilon": 6.996030747466345, "accuracy": 0.6984, "validation_loss": 1.0443597412109376, "validation_examples": 5000}
{"step": 190, "epoch": 5, "train_loss": 1.530922149658203, "clip_fraction": 0.74, "gradient_norm_mean": 123.452599609375, "gradient_norm_max": 921.4295654296875, "step_seconds": 2.1080956533551216, "innovation_std_sum": 51.286678060925176, "noise_marginal_std_sum": 57.78648359277493}
{"step": 200, "epoch": 5, "train_loss": 1.63290283203125, "clip_fraction": 0.73, "gradient_norm_mean": 129.716646484375, "gradient_norm_max": 610.3386840820312, "step_seconds": 2.1093340422958136, "innovation_std_sum": 51.286678060925176, "noise_marginal_std_sum": 57.78648359277493}
{"step": 210, "epoch": 5, "train_loss": 1.6543191833496094, "clip_fraction": 0.709, "gradient_norm_mean": 126.296650390625, "gradient_norm_max": 578.230224609375, "step_seconds": 2.15243005938828, "innovation_std_sum": 51.286678060925176, "noise_marginal_std_sum": 57.78648359277493}
{"step": 220, "epoch": 5, "train_loss": 1.589879150390625, "clip_fraction": 0.757, "gradient_norm_mean": 136.6233515625, "gradient_norm_max": 775.1421508789062, "step_seconds": 2.130121596157551, "innovation_std_sum": 51.286678060925176, "noise_marginal_std_sum": 57.78648359277493}
{"epoch": 5, "step": 225, "train_loss": 1.5820902153862848, "clip_fraction": 0.7276444444444444, "epsilon": 8.000000000000005, "accuracy": 0.7046, "validation_loss": 1.033153744506836, "validation_examples": 5000}
