/home/longt29/miniconda3/envs/curve/lib/python3.11/site-packages/torchvision/datasets/cifar.py:83: VisibleDeprecationWarning: dtype(): align should be passed as Python or NumPy boolean but got `align=0`. Did you mean to pass a tuple to create a subarray type? (Deprecated NumPy 2.4)
  entry = pickle.load(f, encoding="latin1")
sys:1: UserWarning: Full backward hook is firing when gradients are computed with respect to module outputs since no inputs require gradients. See https://docs.pytorch.org/docs/main/generated/torch.nn.Module.html#torch.nn.Module.register_full_backward_hook for more details.
{"step": 10, "epoch": 1, "train_loss": 3.7129158935546873, "clip_fraction": 1.0, "gradient_norm_mean": 1379.18565625, "gradient_norm_max": 4504.2138671875, "step_seconds": 1.995927195996046, "innovation_std_sum": 196.05467572066416, "noise_marginal_std_sum": 220.90162065791233}
{"step": 20, "epoch": 1, "train_loss": 2.685650634765625, "clip_fraction": 0.995, "gradient_norm_mean": 1705.47846875, "gradient_norm_max": 7008.556640625, "step_seconds": 2.005387742072344, "innovation_std_sum": 196.05467572066416, "noise_marginal_std_sum": 220.90162065791233}
{"step": 30, "epoch": 1, "train_loss": 2.1995963745117186, "clip_fraction": 0.961, "gradient_norm_mean": 1729.39159375, "gradient_norm_max": 6590.94140625, "step_seconds": 2.0062758810818195, "innovation_std_sum": 196.05467572066416, "noise_marginal_std_sum": 220.90162065791233}
{"step": 40, "epoch": 1, "train_loss": 1.9055922241210939, "clip_fraction": 0.909, "gradient_norm_mean": 1742.89175, "gradient_norm_max": 7256.86328125, "step_seconds": 2.0301240887492895, "innovation_std_sum": 196.05467572066416, "noise_marginal_std_sum": 220.90162065791233}
{"step": 50, "epoch": 1, "train_loss": 1.790944122314453, "clip_fraction": 0.867, "gradient_norm_mean": 1755.5996875, "gradient_norm_max": 9353.2431640625, "step_seconds": 1.999380435794592, "innovation_std_sum": 196.05467572066416, "noise_marginal_std_sum": 220.90162065791233}
{"epoch": 1, "step": 50, "train_loss": 2.713203602294922, "clip_fraction": 0.95636, "epsilon": 5.94504426534263, "accuracy": 0.6536, "validation_loss": 1.1910231231689452, "validation_examples": 10000}
{"step": 60, "epoch": 2, "train_loss": 1.656904754638672, "clip_fraction": 0.82, "gradient_norm_mean": 1711.9961875, "gradient_norm_max": 10186.67578125, "step_seconds": 1.993918139487505, "innovation_std_sum": 196.05467572066416, "noise_marginal_std_sum": 220.90162065791233}
{"step": 70, "epoch": 2, "train_loss": 1.5923869018554688, "clip_fraction": 0.812, "gradient_norm_mean": 1763.9655625, "gradient_norm_max": 12880.251953125, "step_seconds": 1.9993842374533415, "innovation_std_sum": 196.05467572066416, "noise_marginal_std_sum": 220.90162065791233}
{"step": 80, "epoch": 2, "train_loss": 1.5768411865234375, "clip_fraction": 0.796, "gradient_norm_mean": 1774.0623125, "gradient_norm_max": 12445.552734375, "step_seconds": 2.0103215407580137, "innovation_std_sum": 196.05467572066416, "noise_marginal_std_sum": 220.90162065791233}
{"step": 90, "epoch": 2, "train_loss": 1.41472607421875, "clip_fraction": 0.769, "gradient_norm_mean": 1751.1343125, "gradient_norm_max": 9479.146484375, "step_seconds": 2.0393906701356173, "innovation_std_sum": 196.05467572066416, "noise_marginal_std_sum": 220.90162065791233}
{"step": 100, "epoch": 2, "train_loss": 1.4687384033203126, "clip_fraction": 0.728, "gradient_norm_mean": 1803.712375, "gradient_norm_max": 11084.587890625, "step_seconds": 2.0045600086450577, "innovation_std_sum": 196.05467572066416, "noise_marginal_std_sum": 220.90162065791233}
{"epoch": 2, "step": 100, "train_loss": 1.5601458917236328, "clip_fraction": 0.79106, "epsilon": 9.011168455707674, "accuracy": 0.7233, "validation_loss": 0.934525032043457, "validation_examples": 10000}
{"step": 110, "epoch": 3, "train_loss": 1.4639349670410156, "clip_fraction": 0.732, "gradient_norm_mean": 1848.19290625, "gradient_norm_max": 8817.1591796875, "step_seconds": 2.015945043414831, "innovation_std_sum": 196.05467572066416, "noise_marginal_std_sum": 220.90162065791233}
{"step": 120, "epoch": 3, "train_loss": 1.4294789123535157, "clip_fraction": 0.719, "gradient_norm_mean": 1847.1165, "gradient_norm_max": 8545.69140625, "step_seconds": 2.2206271570175886, "innovation_std_sum": 196.05467572066416, "noise_marginal_std_sum": 220.90162065791233}
{"step": 130, "epoch": 3, "train_loss": 1.5197353210449218, "clip_fraction": 0.74, "gradient_norm_mean": 1904.8290625, "gradient_norm_max": 10555.4111328125, "step_seconds": 2.002488423138857, "innovation_std_sum": 196.05467572066416, "noise_marginal_std_sum": 220.90162065791233}
{"step": 140, "epoch": 3, "train_loss": 1.4743971557617188, "clip_fraction": 0.712, "gradient_norm_mean": 1942.43415625, "gradient_norm_max": 13862.134765625, "step_seconds": 2.0256268829107285, "innovation_std_sum": 196.05467572066416, "noise_marginal_std_sum": 220.90162065791233}
{"step": 150, "epoch": 3, "train_loss": 1.4669084167480468, "clip_fraction": 0.696, "gradient_norm_mean": 1879.96990625, "gradient_norm_max": 11659.4375, "step_seconds": 2.011785324662924, "innovation_std_sum": 196.05467572066416, "noise_marginal_std_sum": 220.90162065791233}
{"epoch": 3, "step": 150, "train_loss": 1.4548733673095704, "clip_fraction": 0.72008, "epsilon": 11.5730345971491, "accuracy": 0.7439, "validation_loss": 0.8637384048461914, "validation_examples": 10000}
{"step": 160, "epoch": 4, "train_loss": 1.5067391357421875, "clip_fraction": 0.691, "gradient_norm_mean": 1960.4741875, "gradient_norm_max": 23009.470703125, "step_seconds": 2.039013860747218, "innovation_std_sum": 196.05467572066416, "noise_marginal_std_sum": 220.90162065791233}
{"step": 170, "epoch": 4, "train_loss": 1.4240549011230468, "clip_fraction": 0.691, "gradient_norm_mean": 1941.48275, "gradient_norm_max": 13260.783203125, "step_seconds": 2.019133385270834, "innovation_std_sum": 196.05467572066416, "noise_marginal_std_sum": 220.90162065791233}
{"step": 180, "epoch": 4, "train_loss": 1.5002329406738282, "clip_fraction": 0.692, "gradient_norm_mean": 1924.35328125, "gradient_norm_max": 13232.5751953125, "step_seconds": 2.0222103018313646, "innovation_std_sum": 196.05467572066416, "noise_marginal_std_sum": 220.90162065791233}
{"step": 190, "epoch": 4, "train_loss": 1.5955934143066406, "clip_fraction": 0.692, "gradient_norm_mean": 2031.27925, "gradient_norm_max": 10798.6240234375, "step_seconds": 2.0128129236400127, "innovation_std_sum": 196.05467572066416, "noise_marginal_std_sum": 220.90162065791233}
{"step": 200, "epoch": 4, "train_loss": 1.4857986450195313, "clip_fraction": 0.703, "gradient_norm_mean": 2028.5295625, "gradient_norm_max": 14033.626953125, "step_seconds": 2.0150213167071342, "innovation_std_sum": 196.05467572066416, "noise_marginal_std_sum": 220.90162065791233}
{"epoch": 4, "step": 200, "train_loss": 1.418829360961914, "clip_fraction": 0.6903, "epsilon": 13.871266822698008, "accuracy": 0.7517, "validation_loss": 0.8709396240234375, "validation_examples": 10000}
{"step": 210, "epoch": 5, "train_loss": 1.3981012573242189, "clip_fraction": 0.67, "gradient_norm_mean": 1889.57571875, "gradient_norm_max": 11693.90234375, "step_seconds": 2.000247413292527, "innovation_std_sum": 196.05467572066416, "noise_marginal_std_sum": 220.90162065791233}
{"step": 220, "epoch": 5, "train_loss": 1.4500970153808594, "clip_fraction": 0.679, "gradient_norm_mean": 1997.9783125, "gradient_norm_max": 11368.646484375, "step_seconds": 2.00023659132421, "innovation_std_sum": 196.05467572066416, "noise_marginal_std_sum": 220.90162065791233}
{"step": 230, "epoch": 5, "train_loss": 1.4417786254882812, "clip_fraction": 0.681, "gradient_norm_mean": 1948.09965625, "gradient_norm_max": 9824.2724609375, "step_seconds": 2.003593323752284, "innovation_std_sum": 196.05467572066416, "noise_marginal_std_sum": 220.90162065791233}
{"step": 240, "epoch": 5, "train_loss": 1.4902041625976563, "clip_fraction": 0.674, "gradient_norm_mean": 2011.80315625, "gradient_norm_max": 12475.9111328125, "step_seconds": 2.0028420966118574, "innovation_std_sum": 196.05467572066416, "noise_marginal_std_sum": 220.90162065791233}
{"step": 250, "epoch": 5, "train_loss": 1.42706396484375, "clip_fraction": 0.682, "gradient_norm_mean": 1953.74696875, "gradient_norm_max": 12962.841796875, "step_seconds": 2.001397516578436, "innovation_std_sum": 196.05467572066416, "noise_marginal_std_sum": 220.90162065791233}
{"epoch": 5, "step": 250, "train_loss": 1.4156903985595704, "clip_fraction": 0.67286, "epsilon": 16.000000000000018, "accuracy": 0.7513, "validation_loss": 0.8791995315551758, "validation_examples": 10000}
