GPU 0: /media/data/data/lt/dp-adam-correlated/exp1e/results/search/stage1/clip_100
GPU 1: /media/data/data/lt/dp-adam-correlated/exp1e/results/search/stage1/clip_150
GPU 2: /media/data/data/lt/dp-adam-correlated/exp1e/results/search/stage1/clip_200
GPU 3: /media/data/data/lt/dp-adam-correlated/exp1e/results/search/stage1/clip_300
/media/data/data/lt/dp-adam-correlated/exp1e/results/search/stage1/clip_150: exit 0
GPU 1: /media/data/data/lt/dp-adam-correlated/exp1e/results/search/stage1/clip_500
/media/data/data/lt/dp-adam-correlated/exp1e/results/search/stage1/clip_200: exit 0
/media/data/data/lt/dp-adam-correlated/exp1e/results/search/stage1/clip_300: exit 0
/media/data/data/lt/dp-adam-correlated/exp1e/results/search/stage1/clip_100: exit 0
/media/data/data/lt/dp-adam-correlated/exp1e/results/search/stage1/clip_500: exit 0
GPU 0: /media/data/data/lt/dp-adam-correlated/exp1e/results/search/stage2/lr_0.0005
GPU 1: /media/data/data/lt/dp-adam-correlated/exp1e/results/search/stage2/lr_0.002
GPU 2: /media/data/data/lt/dp-adam-correlated/exp1e/results/search/stage2/lr_0.003
/media/data/data/lt/dp-adam-correlated/exp1e/results/search/stage2/lr_0.003: exit 0
/media/data/data/lt/dp-adam-correlated/exp1e/results/search/stage2/lr_0.002: exit 0
/media/data/data/lt/dp-adam-correlated/exp1e/results/search/stage2/lr_0.0005: exit 0
GPU 0: /media/data/data/lt/dp-adam-correlated/exp1e/results/final/adam/seed_20261011
GPU 1: /media/data/data/lt/dp-adam-correlated/exp1e/results/final/dp_adam/seed_20261011
GPU 2: /media/data/data/lt/dp-adam-correlated/exp1e/results/final/dp_adam_bandinvmf_momentum/seed_20261011
GPU 3: /media/data/data/lt/dp-adam-correlated/exp1e/results/final/dp_adam_bandinvmf_scale/seed_20261011
/media/data/data/lt/dp-adam-correlated/exp1e/results/final/adam/seed_20261011: exit 0
GPU 0: /media/data/data/lt/dp-adam-correlated/exp1e/results/final/adam/seed_20261012
/media/data/data/lt/dp-adam-correlated/exp1e/results/final/dp_adam_bandinvmf_momentum/seed_20261011: exit 0
GPU 2: /media/data/data/lt/dp-adam-correlated/exp1e/results/final/dp_adam/seed_20261012
/media/data/data/lt/dp-adam-correlated/exp1e/results/final/dp_adam/seed_20261011: exit 0
GPU 1: /media/data/data/lt/dp-adam-correlated/exp1e/results/final/dp_adam_bandinvmf_momentum/seed_20261012
/media/data/data/lt/dp-adam-correlated/exp1e/results/final/dp_adam_bandinvmf_scale/seed_20261011: exit 0
GPU 3: /media/data/data/lt/dp-adam-correlated/exp1e/results/final/dp_adam_bandinvmf_scale/seed_20261012
/media/data/data/lt/dp-adam-correlated/exp1e/results/final/adam/seed_20261012: exit 0
GPU 0: /media/data/data/lt/dp-adam-correlated/exp1e/results/final/adam/seed_20261013
/media/data/data/lt/dp-adam-correlated/exp1e/results/final/adam/seed_20261013: exit 0
GPU 0: /media/data/data/lt/dp-adam-correlated/exp1e/results/final/dp_adam/seed_20261013
/media/data/data/lt/dp-adam-correlated/exp1e/results/final/dp_adam_bandinvmf_momentum/seed_20261012: exit 0
GPU 1: /media/data/data/lt/dp-adam-correlated/exp1e/results/final/dp_adam_bandinvmf_momentum/seed_20261013
/media/data/data/lt/dp-adam-correlated/exp1e/results/final/dp_adam/seed_20261012: exit 0
GPU 2: /media/data/data/lt/dp-adam-correlated/exp1e/results/final/dp_adam_bandinvmf_scale/seed_20261013
/media/data/data/lt/dp-adam-correlated/exp1e/results/final/dp_adam_bandinvmf_scale/seed_20261012: exit 0
/media/data/data/lt/dp-adam-correlated/exp1e/results/final/dp_adam/seed_20261013: exit 0
/media/data/data/lt/dp-adam-correlated/exp1e/results/final/dp_adam_bandinvmf_momentum/seed_20261013: exit 0
/media/data/data/lt/dp-adam-correlated/exp1e/results/final/dp_adam_bandinvmf_scale/seed_20261013: exit 0
