Loading weights:   0%|          | 0/39 [00:00<?, ?it/s]Loading weights: 100%|██████████| 39/39 [00:00<00:00, 27857.26it/s]
[transformers] [1mBertModel LOAD REPORT[0m from: /media/data/data/lt/dp-adam-correlated/cache/bert-tiny
Key                                        | Status     |  | 
-------------------------------------------+------------+--+-
cls.predictions.transform.dense.weight     | UNEXPECTED |  | 
cls.predictions.transform.dense.bias       | UNEXPECTED |  | 
cls.predictions.bias                       | UNEXPECTED |  | 
cls.predictions.decoder.bias               | UNEXPECTED |  | 
cls.seq_relationship.bias                  | UNEXPECTED |  | 
cls.predictions.decoder.weight             | UNEXPECTED |  | 
cls.predictions.transform.LayerNorm.weight | UNEXPECTED |  | 
cls.predictions.transform.LayerNorm.bias   | UNEXPECTED |  | 
cls.seq_relationship.weight                | UNEXPECTED |  | 

Notes:
- UNEXPECTED:	can be ignored when loading from different task/architecture; not ok if you expect identical arch.
sys:1: UserWarning: Full backward hook is firing when gradients are computed with respect to module outputs since no inputs require gradients. See https://docs.pytorch.org/docs/main/generated/torch.nn.Module.html#torch.nn.Module.register_full_backward_hook for more details.
{"step": 10, "epoch": 1, "step_seconds": 0.26616539247334003, "innovation_std_sum": 20.09097806354214, "noise_marginal_std_sum": 23.465297478225825, "pure_mf_cumulative_momentum_noise_variance": 0.0011569563929319337, "preconditioner_mean": 48.653194427490234, "preconditioner_change_relative": 0.0, "denominator_lag_relative": 0.05416279658675194, "block_age": 1}
{"step": 20, "epoch": 1, "step_seconds": 0.261470228433609, "innovation_std_sum": 20.09097806354214, "noise_marginal_std_sum": 23.465297478225825, "pure_mf_cumulative_momentum_noise_variance": 0.0011802098345886115, "preconditioner_mean": 45.08763885498047, "preconditioner_change_relative": 0.0, "denominator_lag_relative": 0.024820484220981598, "block_age": 1}
{"step": 30, "epoch": 1, "step_seconds": 0.26679556630551815, "innovation_std_sum": 20.09097806354214, "noise_marginal_std_sum": 23.465297478225825, "pure_mf_cumulative_momentum_noise_variance": 0.0012027853271806993, "preconditioner_mean": 44.23366165161133, "preconditioner_change_relative": 0.0, "denominator_lag_relative": 0.01686745136976242, "block_age": 1}
{"step": 40, "epoch": 1, "step_seconds": 0.2647232413291931, "innovation_std_sum": 20.09097806354214, "noise_marginal_std_sum": 23.465297478225825, "pure_mf_cumulative_momentum_noise_variance": 0.0012338736758346026, "preconditioner_mean": 43.78003692626953, "preconditioner_change_relative": 0.0, "denominator_lag_relative": 0.012335394509136677, "block_age": 1}
{"step": 50, "epoch": 1, "step_seconds": 0.26401749812066555, "innovation_std_sum": 20.09097806354214, "noise_marginal_std_sum": 23.465297478225825, "pure_mf_cumulative_momentum_noise_variance": 0.0012696968525104091, "preconditioner_mean": 43.55195617675781, "preconditioner_change_relative": 0.0, "denominator_lag_relative": 0.010084988549351692, "block_age": 1}
{"step": 60, "epoch": 1, "step_seconds": 0.13029094599187374, "innovation_std_sum": 20.09097806354214, "noise_marginal_std_sum": 23.465297478225825, "pure_mf_cumulative_momentum_noise_variance": 0.0013077284941500381, "preconditioner_mean": 43.432884216308594, "preconditioner_change_relative": 0.0, "denominator_lag_relative": 0.008407563902437687, "block_age": 1}
{"epoch": 1, "step": 62, "epsilon": 3.054089440266451, "accuracy": 0.5589829874742943, "validation_loss": 0.6903629178175371, "validation_examples": 5349}
{"step": 70, "epoch": 2, "step_seconds": 0.26763033494353294, "innovation_std_sum": 20.09097806354214, "noise_marginal_std_sum": 23.465297478225825, "pure_mf_cumulative_momentum_noise_variance": 0.0013467220355228675, "preconditioner_mean": 43.29306411743164, "preconditioner_change_relative": 0.0, "denominator_lag_relative": 0.007408853620290756, "block_age": 1}
{"step": 80, "epoch": 2, "step_seconds": 0.26570351608097553, "innovation_std_sum": 20.09097806354214, "noise_marginal_std_sum": 23.465297478225825, "pure_mf_cumulative_momentum_noise_variance": 0.001386117963804346, "preconditioner_mean": 43.158023834228516, "preconditioner_change_relative": 0.0, "denominator_lag_relative": 0.006423634476959705, "block_age": 1}
{"step": 90, "epoch": 2, "step_seconds": 0.2642388790845871, "innovation_std_sum": 20.09097806354214, "noise_marginal_std_sum": 23.465297478225825, "pure_mf_cumulative_momentum_noise_variance": 0.0014256776119996523, "preconditioner_mean": 43.09699249267578, "preconditioner_change_relative": 0.0, "denominator_lag_relative": 0.005796470213681459, "block_age": 1}
{"step": 100, "epoch": 2, "step_seconds": 0.269921300932765, "innovation_std_sum": 20.09097806354214, "noise_marginal_std_sum": 23.465297478225825, "pure_mf_cumulative_momentum_noise_variance": 0.0014653025229013775, "preconditioner_mean": 43.031700134277344, "preconditioner_change_relative": 0.0, "denominator_lag_relative": 0.005140251945704222, "block_age": 1}
{"step": 110, "epoch": 2, "step_seconds": 0.1682285461574793, "innovation_std_sum": 20.09097806354214, "noise_marginal_std_sum": 23.465297478225825, "pure_mf_cumulative_momentum_noise_variance": 0.0015049530428364968, "preconditioner_mean": 42.97356033325195, "preconditioner_change_relative": 0.0, "denominator_lag_relative": 0.00481234397739172, "block_age": 1}
{"step": 120, "epoch": 2, "step_seconds": 0.2633094359189272, "innovation_std_sum": 20.09097806354214, "noise_marginal_std_sum": 23.465297478225825, "pure_mf_cumulative_momentum_noise_variance": 0.0015446134873272318, "preconditioner_mean": 42.928688049316406, "preconditioner_change_relative": 0.0, "denominator_lag_relative": 0.004551643971353769, "block_age": 1}
{"epoch": 2, "step": 124, "epsilon": 4.610238743691153, "accuracy": 0.5599177416339502, "validation_loss": 0.7076287090410627, "validation_examples": 5349}
{"step": 130, "epoch": 3, "step_seconds": 0.2702374551445246, "innovation_std_sum": 20.09097806354214, "noise_marginal_std_sum": 23.465297478225825, "pure_mf_cumulative_momentum_noise_variance": 0.0015842777393656783, "preconditioner_mean": 42.89324188232422, "preconditioner_change_relative": 0.0, "denominator_lag_relative": 0.0039659533649683, "block_age": 1}
{"step": 140, "epoch": 3, "step_seconds": 0.2654471341520548, "innovation_std_sum": 20.09097806354214, "noise_marginal_std_sum": 23.465297478225825, "pure_mf_cumulative_momentum_noise_variance": 0.001623943440036846, "preconditioner_mean": 42.866371154785156, "preconditioner_change_relative": 0.0, "denominator_lag_relative": 0.0038606752641499043, "block_age": 1}
{"step": 150, "epoch": 3, "step_seconds": 0.26652171090245247, "innovation_std_sum": 20.09097806354214, "noise_marginal_std_sum": 23.465297478225825, "pure_mf_cumulative_momentum_noise_variance": 0.0016636096880141376, "preconditioner_mean": 42.85390853881836, "preconditioner_change_relative": 0.0, "denominator_lag_relative": 0.003424606518819928, "block_age": 1}
{"step": 160, "epoch": 3, "step_seconds": 0.2663411069661379, "innovation_std_sum": 20.09097806354214, "noise_marginal_std_sum": 23.465297478225825, "pure_mf_cumulative_momentum_noise_variance": 0.0017032761415393437, "preconditioner_mean": 42.8261833190918, "preconditioner_change_relative": 0.0, "denominator_lag_relative": 0.0033099655993282795, "block_age": 1}
{"step": 170, "epoch": 3, "step_seconds": 0.2669017408043146, "innovation_std_sum": 20.09097806354214, "noise_marginal_std_sum": 23.465297478225825, "pure_mf_cumulative_momentum_noise_variance": 0.001742942671865175, "preconditioner_mean": 42.805450439453125, "preconditioner_change_relative": 0.0, "denominator_lag_relative": 0.003095933236181736, "block_age": 1}
{"step": 180, "epoch": 3, "step_seconds": 0.2670328635722399, "innovation_std_sum": 20.09097806354214, "noise_marginal_std_sum": 23.465297478225825, "pure_mf_cumulative_momentum_noise_variance": 0.0017826092307586252, "preconditioner_mean": 42.767967224121094, "preconditioner_change_relative": 0.0, "denominator_lag_relative": 0.0030321944504976273, "block_age": 1}
{"epoch": 3, "step": 186, "epsilon": 5.873890881586911, "accuracy": 0.5758085623481024, "validation_loss": 0.6976221291054786, "validation_examples": 5349}
{"step": 190, "epoch": 4, "step_seconds": 0.26747663132846355, "innovation_std_sum": 20.09097806354214, "noise_marginal_std_sum": 23.465297478225825, "pure_mf_cumulative_momentum_noise_variance": 0.0018222758002367384, "preconditioner_mean": 42.762451171875, "preconditioner_change_relative": 0.0, "denominator_lag_relative": 0.002819740679115057, "block_age": 1}
{"step": 200, "epoch": 4, "step_seconds": 0.26458485797047615, "innovation_std_sum": 20.09097806354214, "noise_marginal_std_sum": 23.465297478225825, "pure_mf_cumulative_momentum_noise_variance": 0.0018619423736229834, "preconditioner_mean": 42.73963928222656, "preconditioner_change_relative": 0.0, "denominator_lag_relative": 0.0026458913926035166, "block_age": 1}
{"step": 210, "epoch": 4, "step_seconds": 0.2652156036347151, "innovation_std_sum": 20.09097806354214, "noise_marginal_std_sum": 23.465297478225825, "pure_mf_cumulative_momentum_noise_variance": 0.001901608948447744, "preconditioner_mean": 42.710689544677734, "preconditioner_change_relative": 0.0, "denominator_lag_relative": 0.002445262623950839, "block_age": 1}
{"step": 220, "epoch": 4, "step_seconds": 0.2647293396294117, "innovation_std_sum": 20.09097806354214, "noise_marginal_std_sum": 23.465297478225825, "pure_mf_cumulative_momentum_noise_variance": 0.0019412755238005246, "preconditioner_mean": 42.695091247558594, "preconditioner_change_relative": 0.0, "denominator_lag_relative": 0.0025330609641969204, "block_age": 1}
{"step": 230, "epoch": 4, "step_seconds": 0.2647396083921194, "innovation_std_sum": 20.09097806354214, "noise_marginal_std_sum": 23.465297478225825, "pure_mf_cumulative_momentum_noise_variance": 0.0019809420993466345, "preconditioner_mean": 42.70285415649414, "preconditioner_change_relative": 0.0, "denominator_lag_relative": 0.002355153439566493, "block_age": 1}
{"step": 240, "epoch": 4, "step_seconds": 0.17346279323101044, "innovation_std_sum": 20.09097806354214, "noise_marginal_std_sum": 23.465297478225825, "pure_mf_cumulative_momentum_noise_variance": 0.002020608674963368, "preconditioner_mean": 42.70292282104492, "preconditioner_change_relative": 0.0, "denominator_lag_relative": 0.0023336049634963274, "block_age": 1}
{"epoch": 4, "step": 248, "epsilon": 6.985551657770655, "accuracy": 0.5978687605159843, "validation_loss": 0.7223895770586591, "validation_examples": 5349}
{"step": 250, "epoch": 5, "step_seconds": 0.2667414154857397, "innovation_std_sum": 20.09097806354214, "noise_marginal_std_sum": 23.465297478225825, "pure_mf_cumulative_momentum_noise_variance": 0.002060275250605849, "preconditioner_mean": 42.69615936279297, "preconditioner_change_relative": 0.0, "denominator_lag_relative": 0.0022205158602446318, "block_age": 1}
{"step": 260, "epoch": 5, "step_seconds": 0.2677931319922209, "innovation_std_sum": 20.09097806354214, "noise_marginal_std_sum": 23.465297478225825, "pure_mf_cumulative_momentum_noise_variance": 0.0020999418262576965, "preconditioner_mean": 42.686859130859375, "preconditioner_change_relative": 0.0, "denominator_lag_relative": 0.002099446253851056, "block_age": 1}
{"step": 270, "epoch": 5, "step_seconds": 0.26615389063954353, "innovation_std_sum": 20.09097806354214, "noise_marginal_std_sum": 23.465297478225825, "pure_mf_cumulative_momentum_noise_variance": 0.0021396084019129472, "preconditioner_mean": 42.676849365234375, "preconditioner_change_relative": 0.0, "denominator_lag_relative": 0.0020808069966733456, "block_age": 1}
{"step": 280, "epoch": 5, "step_seconds": 0.26757738925516605, "innovation_std_sum": 20.09097806354214, "noise_marginal_std_sum": 23.465297478225825, "pure_mf_cumulative_momentum_noise_variance": 0.002179274977569432, "preconditioner_mean": 42.675785064697266, "preconditioner_change_relative": 0.0, "denominator_lag_relative": 0.002066864864900708, "block_age": 1}
{"step": 290, "epoch": 5, "step_seconds": 0.26988103799521923, "innovation_std_sum": 20.09097806354214, "noise_marginal_std_sum": 23.465297478225825, "pure_mf_cumulative_momentum_noise_variance": 0.0022189415532263635, "preconditioner_mean": 42.67000198364258, "preconditioner_change_relative": 0.0, "denominator_lag_relative": 0.0019369598012417555, "block_age": 1}
{"step": 300, "epoch": 5, "step_seconds": 0.2628095503896475, "innovation_std_sum": 20.09097806354214, "noise_marginal_std_sum": 23.465297478225825, "pure_mf_cumulative_momentum_noise_variance": 0.0022586081288834573, "preconditioner_mean": 42.669673919677734, "preconditioner_change_relative": 0.0, "denominator_lag_relative": 0.0019063532818108797, "block_age": 1}
{"step": 310, "epoch": 5, "step_seconds": 0.1272634882479906, "innovation_std_sum": 20.09097806354214, "noise_marginal_std_sum": 23.465297478225825, "pure_mf_cumulative_momentum_noise_variance": 0.002298274704540608, "preconditioner_mean": 42.671913146972656, "preconditioner_change_relative": 0.0, "denominator_lag_relative": 0.0017981372075155377, "block_age": 1}
{"epoch": 5, "step": 310, "epsilon": 8.000000000000005, "accuracy": 0.6300243036081511, "validation_loss": 0.7724369061195999, "validation_examples": 5349}
