Loading weights:   0%|          | 0/39 [00:00<?, ?it/s]Loading weights: 100%|██████████| 39/39 [00:00<00:00, 18895.44it/s]
[transformers] [1mBertModel LOAD REPORT[0m from: /media/data/data/lt/dp-adam-correlated/cache/bert-tiny
Key                                        | Status     |  | 
-------------------------------------------+------------+--+-
cls.predictions.bias                       | UNEXPECTED |  | 
cls.seq_relationship.bias                  | UNEXPECTED |  | 
cls.predictions.transform.dense.weight     | UNEXPECTED |  | 
cls.predictions.transform.dense.bias       | UNEXPECTED |  | 
cls.predictions.transform.LayerNorm.weight | UNEXPECTED |  | 
cls.seq_relationship.weight                | UNEXPECTED |  | 
cls.predictions.decoder.weight             | UNEXPECTED |  | 
cls.predictions.transform.LayerNorm.bias   | UNEXPECTED |  | 
cls.predictions.decoder.bias               | UNEXPECTED |  | 

Notes:
- UNEXPECTED:	can be ignored when loading from different task/architecture; not ok if you expect identical arch.
sys:1: UserWarning: Full backward hook is firing when gradients are computed with respect to module outputs since no inputs require gradients. See https://docs.pytorch.org/docs/main/generated/torch.nn.Module.html#torch.nn.Module.register_full_backward_hook for more details.
{"step": 10, "epoch": 1, "train_loss": 1.627467041015625, "clip_fraction": 0.904, "gradient_norm_mean": 7.62891259765625, "gradient_norm_max": 26.630430221557617, "step_seconds": 0.2615847960114479, "innovation_std_sum": 0.40264590225254543, "noise_marginal_std_sum": 0.40264590225254543}
{"step": 20, "epoch": 1, "train_loss": 1.674387451171875, "clip_fraction": 0.886, "gradient_norm_mean": 12.9552421875, "gradient_norm_max": 50.45793151855469, "step_seconds": 0.26504794135689735, "innovation_std_sum": 0.40264590225254543, "noise_marginal_std_sum": 0.40264590225254543}
{"step": 30, "epoch": 1, "train_loss": 1.41317333984375, "clip_fraction": 0.87, "gradient_norm_mean": 22.88587890625, "gradient_norm_max": 80.3027572631836, "step_seconds": 0.2648348733782768, "innovation_std_sum": 0.40264590225254543, "noise_marginal_std_sum": 0.40264590225254543}
{"step": 40, "epoch": 1, "train_loss": 1.1166143798828125, "clip_fraction": 0.812, "gradient_norm_mean": 49.1336796875, "gradient_norm_max": 232.96417236328125, "step_seconds": 0.26588036492466927, "innovation_std_sum": 0.40264590225254543, "noise_marginal_std_sum": 0.40264590225254543}
{"step": 50, "epoch": 1, "train_loss": 1.16491259765625, "clip_fraction": 0.684, "gradient_norm_mean": 64.83099609375, "gradient_norm_max": 448.97650146484375, "step_seconds": 0.26475569419562817, "innovation_std_sum": 0.40264590225254543, "noise_marginal_std_sum": 0.40264590225254543}
{"step": 60, "epoch": 1, "train_loss": 1.19769091796875, "clip_fraction": 0.545, "gradient_norm_mean": 69.19396875, "gradient_norm_max": 572.0830688476562, "step_seconds": 0.2659612540155649, "innovation_std_sum": 0.40264590225254543, "noise_marginal_std_sum": 0.40264590225254543}
{"epoch": 1, "step": 62, "train_loss": 1.3461548619424144, "clip_fraction": 0.7662741935483871, "epsilon": 3.1232925162148586, "accuracy": 0.698394495412844, "validation_loss": 1.702111069215547, "validation_examples": 872}
{"step": 70, "epoch": 2, "train_loss": 1.46115380859375, "clip_fraction": 0.529, "gradient_norm_mean": 80.975875, "gradient_norm_max": 589.457763671875, "step_seconds": 0.26651359163224697, "innovation_std_sum": 0.40264590225254543, "noise_marginal_std_sum": 0.40264590225254543}
{"step": 80, "epoch": 2, "train_loss": 1.3498768310546876, "clip_fraction": 0.54, "gradient_norm_mean": 75.4973125, "gradient_norm_max": 772.1538696289062, "step_seconds": 0.26583193987607956, "innovation_std_sum": 0.40264590225254543, "noise_marginal_std_sum": 0.40264590225254543}
{"step": 90, "epoch": 2, "train_loss": 1.21490771484375, "clip_fraction": 0.489, "gradient_norm_mean": 60.26344140625, "gradient_norm_max": 717.5858764648438, "step_seconds": 0.2671149782836437, "innovation_std_sum": 0.40264590225254543, "noise_marginal_std_sum": 0.40264590225254543}
{"step": 100, "epoch": 2, "train_loss": 1.1942093505859375, "clip_fraction": 0.469, "gradient_norm_mean": 68.34515625, "gradient_norm_max": 648.9794311523438, "step_seconds": 0.2671819180250168, "innovation_std_sum": 0.40264590225254543, "noise_marginal_std_sum": 0.40264590225254543}
{"step": 110, "epoch": 2, "train_loss": 1.252871337890625, "clip_fraction": 0.482, "gradient_norm_mean": 69.1094375, "gradient_norm_max": 671.8861694335938, "step_seconds": 0.26775720342993736, "innovation_std_sum": 0.40264590225254543, "noise_marginal_std_sum": 0.40264590225254543}
{"step": 120, "epoch": 2, "train_loss": 1.1536953125, "clip_fraction": 0.49, "gradient_norm_mean": 64.21507421875, "gradient_norm_max": 689.4019775390625, "step_seconds": 0.26719265431165695, "innovation_std_sum": 0.40264590225254543, "noise_marginal_std_sum": 0.40264590225254543}
{"epoch": 2, "step": 124, "train_loss": 1.213913565358808, "clip_fraction": 0.49824193548387097, "epsilon": 4.650921021133024, "accuracy": 0.7396788990825688, "validation_loss": 1.3996377035018501, "validation_examples": 872}
{"step": 130, "epoch": 3, "train_loss": 1.1823175048828125, "clip_fraction": 0.452, "gradient_norm_mean": 70.288515625, "gradient_norm_max": 650.3810424804688, "step_seconds": 0.2662289924919605, "innovation_std_sum": 0.40264590225254543, "noise_marginal_std_sum": 0.40264590225254543}
{"step": 140, "epoch": 3, "train_loss": 1.2267294921875, "clip_fraction": 0.464, "gradient_norm_mean": 67.898140625, "gradient_norm_max": 795.783447265625, "step_seconds": 0.2651285622268915, "innovation_std_sum": 0.40264590225254543, "noise_marginal_std_sum": 0.40264590225254543}
{"step": 150, "epoch": 3, "train_loss": 1.1250458984375, "clip_fraction": 0.455, "gradient_norm_mean": 64.8923671875, "gradient_norm_max": 741.2300415039062, "step_seconds": 0.2654490303248167, "innovation_std_sum": 0.40264590225254543, "noise_marginal_std_sum": 0.40264590225254543}
{"step": 160, "epoch": 3, "train_loss": 1.1936424560546874, "clip_fraction": 0.448, "gradient_norm_mean": 65.259703125, "gradient_norm_max": 1035.973876953125, "step_seconds": 0.2673691716045141, "innovation_std_sum": 0.40264590225254543, "noise_marginal_std_sum": 0.40264590225254543}
{"step": 170, "epoch": 3, "train_loss": 1.07930419921875, "clip_fraction": 0.424, "gradient_norm_mean": 70.1789296875, "gradient_norm_max": 844.2392578125, "step_seconds": 0.2668837122619152, "innovation_std_sum": 0.40264590225254543, "noise_marginal_std_sum": 0.40264590225254543}
{"step": 180, "epoch": 3, "train_loss": 1.09081591796875, "clip_fraction": 0.407, "gradient_norm_mean": 69.874875, "gradient_norm_max": 783.0115966796875, "step_seconds": 0.26598458737134933, "innovation_std_sum": 0.40264590225254543, "noise_marginal_std_sum": 0.40264590225254543}
{"epoch": 3, "step": 186, "train_loss": 1.1003956476026966, "clip_fraction": 0.4330483870967742, "epsilon": 5.897172094191148, "accuracy": 0.7557339449541285, "validation_loss": 1.267058722469785, "validation_examples": 872}
{"step": 190, "epoch": 4, "train_loss": 1.0560699462890626, "clip_fraction": 0.4, "gradient_norm_mean": 58.34065625, "gradient_norm_max": 770.8221435546875, "step_seconds": 0.26636766269803047, "innovation_std_sum": 0.40264590225254543, "noise_marginal_std_sum": 0.40264590225254543}
{"step": 200, "epoch": 4, "train_loss": 1.0479248046875, "clip_fraction": 0.38, "gradient_norm_mean": 64.85153125, "gradient_norm_max": 754.4588012695312, "step_seconds": 0.26621876657009125, "innovation_std_sum": 0.40264590225254543, "noise_marginal_std_sum": 0.40264590225254543}
{"step": 210, "epoch": 4, "train_loss": 1.136885986328125, "clip_fraction": 0.396, "gradient_norm_mean": 60.2103828125, "gradient_norm_max": 780.968017578125, "step_seconds": 0.266620758920908, "innovation_std_sum": 0.40264590225254543, "noise_marginal_std_sum": 0.40264590225254543}
{"step": 220, "epoch": 4, "train_loss": 0.9443211669921875, "clip_fraction": 0.379, "gradient_norm_mean": 55.6707265625, "gradient_norm_max": 958.016845703125, "step_seconds": 0.26731182634830475, "innovation_std_sum": 0.40264590225254543, "noise_marginal_std_sum": 0.40264590225254543}
{"step": 230, "epoch": 4, "train_loss": 1.024832763671875, "clip_fraction": 0.364, "gradient_norm_mean": 57.2705390625, "gradient_norm_max": 1025.7991943359375, "step_seconds": 0.267000999301672, "innovation_std_sum": 0.40264590225254543, "noise_marginal_std_sum": 0.40264590225254543}
{"step": 240, "epoch": 4, "train_loss": 1.04658837890625, "clip_fraction": 0.383, "gradient_norm_mean": 66.5081328125, "gradient_norm_max": 893.959716796875, "step_seconds": 0.2670012377202511, "innovation_std_sum": 0.40264590225254543, "noise_marginal_std_sum": 0.40264590225254543}
{"epoch": 4, "step": 248, "train_loss": 1.0572770366053428, "clip_fraction": 0.39214516129032256, "epsilon": 6.99603315708177, "accuracy": 0.7649082568807339, "validation_loss": 1.2223032767619562, "validation_examples": 872}
{"step": 250, "epoch": 5, "train_loss": 0.9390659790039062, "clip_fraction": 0.375, "gradient_norm_mean": 61.9498984375, "gradient_norm_max": 1000.8250122070312, "step_seconds": 0.2661611419171095, "innovation_std_sum": 0.40264590225254543, "noise_marginal_std_sum": 0.40264590225254543}
{"step": 260, "epoch": 5, "train_loss": 0.9789280395507812, "clip_fraction": 0.366, "gradient_norm_mean": 62.04041015625, "gradient_norm_max": 930.2274169921875, "step_seconds": 0.2670019641518593, "innovation_std_sum": 0.40264590225254543, "noise_marginal_std_sum": 0.40264590225254543}
{"step": 270, "epoch": 5, "train_loss": 0.8401463012695313, "clip_fraction": 0.337, "gradient_norm_mean": 45.6709296875, "gradient_norm_max": 940.0225830078125, "step_seconds": 0.2661171294748783, "innovation_std_sum": 0.40264590225254543, "noise_marginal_std_sum": 0.40264590225254543}
{"step": 280, "epoch": 5, "train_loss": 0.9414053955078125, "clip_fraction": 0.381, "gradient_norm_mean": 52.44315625, "gradient_norm_max": 900.263671875, "step_seconds": 0.26670271158218384, "innovation_std_sum": 0.40264590225254543, "noise_marginal_std_sum": 0.40264590225254543}
{"step": 290, "epoch": 5, "train_loss": 1.14275341796875, "clip_fraction": 0.35, "gradient_norm_mean": 60.959171875, "gradient_norm_max": 977.3536987304688, "step_seconds": 0.26579994708299637, "innovation_std_sum": 0.40264590225254543, "noise_marginal_std_sum": 0.40264590225254543}
{"step": 300, "epoch": 5, "train_loss": 0.9713438720703125, "clip_fraction": 0.368, "gradient_norm_mean": 56.043890625, "gradient_norm_max": 1108.50146484375, "step_seconds": 0.26523341052234173, "innovation_std_sum": 0.40264590225254543, "noise_marginal_std_sum": 0.40264590225254543}
{"step": 310, "epoch": 5, "train_loss": 0.980492431640625, "clip_fraction": 0.365, "gradient_norm_mean": 56.63250390625, "gradient_norm_max": 964.3687133789062, "step_seconds": 0.15747838281095028, "innovation_std_sum": 0.40264590225254543, "noise_marginal_std_sum": 0.40264590225254543}
{"epoch": 5, "step": 310, "train_loss": 1.0337756613454512, "clip_fraction": 0.3701451612903226, "epsilon": 8.000000000000005, "accuracy": 0.7649082568807339, "validation_loss": 1.241874738570747, "validation_examples": 872}
