/home/longt29/miniconda3/envs/curve/lib/python3.11/site-packages/torchvision/datasets/cifar.py:83: VisibleDeprecationWarning: dtype(): align should be passed as Python or NumPy boolean but got `align=0`. Did you mean to pass a tuple to create a subarray type? (Deprecated NumPy 2.4)
  entry = pickle.load(f, encoding="latin1")
{"method": "dp-adam-momentum-bias-bandinvmf-scale", "smoke": false, "calibration": {"target_mu": 1.6660305978457184, "sensitivity": 4.065608121489227, "innovation_std_sum": 244.02961906860006, "adjacency": "add_remove_zero_out", "k": 5, "b_participation": 50, "sampling_amplification": false}, "coefficients": [1.0, -0.53161943769869, -0.0779998119461293, -0.2795535556950146]}
sys:1: UserWarning: Full backward hook is firing when gradients are computed with respect to module outputs since no inputs require gradients. See https://docs.pytorch.org/docs/main/generated/torch.nn.Module.html#torch.nn.Module.register_full_backward_hook for more details.
{"progress_step": 10, "epoch": 1, "train_loss_so_far": 4.676754650878906, "clip_fraction_so_far": 1.0}
{"progress_step": 20, "epoch": 1, "train_loss_so_far": 4.394389959716797, "clip_fraction_so_far": 1.0}
{"progress_step": 30, "epoch": 1, "train_loss_so_far": 4.0987649922688805, "clip_fraction_so_far": 0.9997333333333334}
{"progress_step": 40, "epoch": 1, "train_loss_so_far": 3.824927688598633, "clip_fraction_so_far": 0.999125}
{"progress_step": 50, "epoch": 1, "train_loss_so_far": 3.5874804736328123, "clip_fraction_so_far": 0.99806}
{"epoch": 1, "logical_steps": 50, "train_examples": 50000, "train_loss": 3.5874804736328123, "test_loss": 2.0982792449951173, "test_top1": 0.4714, "clip_fraction": 0.99806, "gdp_mu": 0.7271304784322894, "gdp_epsilon": 3.037976902428691, "target_mu": 1.6660305978457184, "target_epsilon": 8.0, "delta": 1e-05, "noise_std": 0.2853011411343001, "noise_std_space": "scaled", "innovation_std_sum": 244.02961906860006, "augmentation_trace_sha256": "db128d4a1343574879305bd7fd9c871dc5c311f5ff649a0060d9cbec7269e61a", "seconds": 142.23406353779137}
{"progress_step": 60, "epoch": 2, "train_loss_so_far": 2.331318572998047, "clip_fraction_so_far": 0.9794}
{"progress_step": 70, "epoch": 2, "train_loss_so_far": 2.233784910583496, "clip_fraction_so_far": 0.9716}
{"progress_step": 80, "epoch": 2, "train_loss_so_far": 2.1498993591308593, "clip_fraction_so_far": 0.9618666666666666}
{"progress_step": 90, "epoch": 2, "train_loss_so_far": 2.078858087158203, "clip_fraction_so_far": 0.950725}
{"progress_step": 100, "epoch": 2, "train_loss_so_far": 2.0187547814941404, "clip_fraction_so_far": 0.94142}
{"epoch": 2, "logical_steps": 100, "train_examples": 50000, "train_loss": 2.0187547814941404, "test_loss": 1.248750946044922, "test_top1": 0.6557, "clip_fraction": 0.94142, "gdp_mu": 1.0438331619280494, "gdp_epsilon": 4.600416946348178, "target_mu": 1.6660305978457184, "target_epsilon": 8.0, "delta": 1e-05, "noise_std": 0.2853011411343001, "noise_std_space": "scaled", "innovation_std_sum": 244.02961906860006, "augmentation_trace_sha256": "03651116c9ec63a0c1efa3312b63111d95a813469ddfa8bd0cb6a0a13c9a6bfa", "seconds": 133.66611862368882}
{"progress_step": 110, "epoch": 3, "train_loss_so_far": 1.6849336395263672, "clip_fraction_so_far": 0.8722}
{"progress_step": 120, "epoch": 3, "train_loss_so_far": 1.651186280822754, "clip_fraction_so_far": 0.8632}
{"progress_step": 130, "epoch": 3, "train_loss_so_far": 1.6247317067464193, "clip_fraction_so_far": 0.8536666666666667}
{"progress_step": 140, "epoch": 3, "train_loss_so_far": 1.6099113822937012, "clip_fraction_so_far": 0.844725}
{"progress_step": 150, "epoch": 3, "train_loss_so_far": 1.58613841796875, "clip_fraction_so_far": 0.83854}
{"epoch": 3, "logical_steps": 150, "train_examples": 50000, "train_loss": 1.58613841796875, "test_loss": 0.9680596054077149, "test_top1": 0.7206, "clip_fraction": 0.83854, "gdp_mu": 1.2851399415460758, "gdp_epsilon": 5.868262919898993, "target_mu": 1.6660305978457184, "target_epsilon": 8.0, "delta": 1e-05, "noise_std": 0.2853011411343001, "noise_std_space": "scaled", "innovation_std_sum": 244.02961906860006, "augmentation_trace_sha256": "10b7e3f22012f12bb1f8ccdc6a4834b26ac8b1f122b0057e5d43453424ed57bd", "seconds": 136.25489780679345}
{"progress_step": 160, "epoch": 4, "train_loss_so_far": 1.467681787109375, "clip_fraction_so_far": 0.7902}
{"progress_step": 170, "epoch": 4, "train_loss_so_far": 1.4481616683959961, "clip_fraction_so_far": 0.78065}
{"progress_step": 180, "epoch": 4, "train_loss_so_far": 1.4277615091959635, "clip_fraction_so_far": 0.7714}
{"progress_step": 190, "epoch": 4, "train_loss_so_far": 1.424252759552002, "clip_fraction_so_far": 0.766525}
{"progress_step": 200, "epoch": 4, "train_loss_so_far": 1.4151196453857422, "clip_fraction_so_far": 0.7627}
{"epoch": 4, "logical_steps": 200, "train_examples": 50000, "train_loss": 1.4151196453857422, "test_loss": 0.8416069763183593, "test_top1": 0.75, "clip_fraction": 0.7627, "gdp_mu": 1.4878241288541523, "gdp_epsilon": 6.983019766523851, "target_mu": 1.6660305978457184, "target_epsilon": 8.0, "delta": 1e-05, "noise_std": 0.2853011411343001, "noise_std_space": "scaled", "innovation_std_sum": 244.02961906860006, "augmentation_trace_sha256": "199e2a862d99af89935337af169ac888112cbec8ce4bd69ccfaa9819477d6970", "seconds": 136.31200706213713}
{"progress_step": 210, "epoch": 5, "train_loss_so_far": 1.3399043060302733, "clip_fraction_so_far": 0.7303}
{"progress_step": 220, "epoch": 5, "train_loss_so_far": 1.3315170379638672, "clip_fraction_so_far": 0.725}
{"progress_step": 230, "epoch": 5, "train_loss_so_far": 1.3295514658610026, "clip_fraction_so_far": 0.7226666666666667}
{"progress_step": 240, "epoch": 5, "train_loss_so_far": 1.3238216201782227, "clip_fraction_so_far": 0.718575}
{"progress_step": 250, "epoch": 5, "train_loss_so_far": 1.326261112060547, "clip_fraction_so_far": 0.7156}
{"epoch": 5, "logical_steps": 250, "train_examples": 50000, "train_loss": 1.326261112060547, "test_loss": 0.7741754302978515, "test_top1": 0.7729, "clip_fraction": 0.7156, "gdp_mu": 1.6660305978457184, "gdp_epsilon": 8.000000000000005, "target_mu": 1.6660305978457184, "target_epsilon": 8.0, "delta": 1e-05, "noise_std": 0.2853011411343001, "noise_std_space": "scaled", "innovation_std_sum": 244.02961906860006, "augmentation_trace_sha256": "2d8f99d54707bcf3a169f1187e9c925ce2c93dedb2c026b991c387c233b89402", "seconds": 132.80535588227212}
{"status": "completed", "results": "/media/data/data/lt/dp-adam-correlated/exp7b/results/final/trials/5fc25b1367900354"}
