/home/longt29/miniconda3/envs/curve/lib/python3.11/site-packages/torchvision/datasets/cifar.py:83: VisibleDeprecationWarning: dtype(): align should be passed as Python or NumPy boolean but got `align=0`. Did you mean to pass a tuple to create a subarray type? (Deprecated NumPy 2.4)
  entry = pickle.load(f, encoding="latin1")
{"method": "dp-adam-sgd-bandinvmf", "smoke": false, "calibration": {"target_mu": 1.6660305978457184, "sensitivity": 2.8481628876299, "innovation_std_sum": 17.095501675135814, "adjacency": "add_remove_zero_out", "k": 5, "b_participation": 50, "sampling_amplification": false}, "coefficients": [1.0, -0.5, -0.125, -0.0625]}
sys:1: UserWarning: Full backward hook is firing when gradients are computed with respect to module outputs since no inputs require gradients. See https://docs.pytorch.org/docs/main/generated/torch.nn.Module.html#torch.nn.Module.register_full_backward_hook for more details.
{"progress_step": 10, "epoch": 1, "train_loss_so_far": 4.633965942382813, "clip_fraction_so_far": 1.0}
{"progress_step": 20, "epoch": 1, "train_loss_so_far": 4.327237261962891, "clip_fraction_so_far": 1.0}
{"progress_step": 30, "epoch": 1, "train_loss_so_far": 4.026131068929036, "clip_fraction_so_far": 1.0}
{"progress_step": 40, "epoch": 1, "train_loss_so_far": 3.7552747787475584, "clip_fraction_so_far": 0.999975}
{"progress_step": 50, "epoch": 1, "train_loss_so_far": 3.5150394897460937, "clip_fraction_so_far": 0.99936}
{"epoch": 1, "logical_steps": 50, "train_examples": 50000, "train_loss": 3.5150394897460937, "test_loss": 2.0203161499023436, "test_top1": 0.483, "clip_fraction": 0.99936, "gdp_mu": 0.7450706133874356, "gdp_epsilon": 3.1232881288764167, "target_mu": 1.6660305978457184, "target_epsilon": 8.0, "delta": 1e-05, "noise_std": 0.019262096209213344, "noise_std_space": "gradient", "innovation_std_sum": 17.095501675135814, "augmentation_trace_sha256": "a8cb9c873959692e7ed635bac905df22dfc19a5887c40d581b7ed9c91322469a", "seconds": 144.05515444092453}
{"progress_step": 60, "epoch": 2, "train_loss_so_far": 2.2945950042724608, "clip_fraction_so_far": 0.9846}
{"progress_step": 70, "epoch": 2, "train_loss_so_far": 2.2014971435546875, "clip_fraction_so_far": 0.9781}
{"progress_step": 80, "epoch": 2, "train_loss_so_far": 2.132604584757487, "clip_fraction_so_far": 0.9709333333333333}
{"progress_step": 90, "epoch": 2, "train_loss_so_far": 2.0683835189819337, "clip_fraction_so_far": 0.962125}
{"progress_step": 100, "epoch": 2, "train_loss_so_far": 2.0089234661865234, "clip_fraction_so_far": 0.95282}
{"epoch": 2, "logical_steps": 100, "train_examples": 50000, "train_loss": 2.0089234661865234, "test_loss": 1.2618727294921874, "test_top1": 0.6491, "clip_fraction": 0.95282, "gdp_mu": 1.0536897799813885, "gdp_epsilon": 4.650918517225291, "target_mu": 1.6660305978457184, "target_epsilon": 8.0, "delta": 1e-05, "noise_std": 0.019262096209213344, "noise_std_space": "gradient", "innovation_std_sum": 17.095501675135814, "augmentation_trace_sha256": "cf10019b1d1abf4262ea5b45b9d1bed6b2264d036965058f07eafbbda55674ca", "seconds": 137.28607172891498}
{"progress_step": 110, "epoch": 3, "train_loss_so_far": 1.7059246795654297, "clip_fraction_so_far": 0.8963}
{"progress_step": 120, "epoch": 3, "train_loss_so_far": 1.6833602767944336, "clip_fraction_so_far": 0.88865}
{"progress_step": 130, "epoch": 3, "train_loss_so_far": 1.6614473378499348, "clip_fraction_so_far": 0.8796}
{"progress_step": 140, "epoch": 3, "train_loss_so_far": 1.6524305122375489, "clip_fraction_so_far": 0.87355}
{"progress_step": 150, "epoch": 3, "train_loss_so_far": 1.632266171875, "clip_fraction_so_far": 0.86524}
{"epoch": 3, "logical_steps": 150, "train_examples": 50000, "train_loss": 1.632266171875, "test_loss": 1.033253823852539, "test_top1": 0.6988, "clip_fraction": 0.86524, "gdp_mu": 1.2905014862231676, "gdp_epsilon": 5.897170660712959, "target_mu": 1.6660305978457184, "target_epsilon": 8.0, "delta": 1e-05, "noise_std": 0.019262096209213344, "noise_std_space": "gradient", "innovation_std_sum": 17.095501675135814, "augmentation_trace_sha256": "c5c7062b9f4a6b1504b8df1867c72d01bab286abd6b3dbb379b274a765e363bb", "seconds": 139.15973850898445}
{"progress_step": 160, "epoch": 4, "train_loss_so_far": 1.531846368408203, "clip_fraction_so_far": 0.8236}
{"progress_step": 170, "epoch": 4, "train_loss_so_far": 1.5101866744995118, "clip_fraction_so_far": 0.81905}
{"progress_step": 180, "epoch": 4, "train_loss_so_far": 1.5065916076660155, "clip_fraction_so_far": 0.8141333333333334}
{"progress_step": 190, "epoch": 4, "train_loss_so_far": 1.5076170051574707, "clip_fraction_so_far": 0.8119}
{"progress_step": 200, "epoch": 4, "train_loss_so_far": 1.4956120489501954, "clip_fraction_so_far": 0.80598}
{"epoch": 4, "logical_steps": 200, "train_examples": 50000, "train_loss": 1.4956120489501954, "test_loss": 0.9383633422851563, "test_top1": 0.721, "clip_fraction": 0.80598, "gdp_mu": 1.4901429526898362, "gdp_epsilon": 6.996032511238058, "target_mu": 1.6660305978457184, "target_epsilon": 8.0, "delta": 1e-05, "noise_std": 0.019262096209213344, "noise_std_space": "gradient", "innovation_std_sum": 17.095501675135814, "augmentation_trace_sha256": "c86e4100c9a99e46b33217074d109313177f66ca4a468bf535e8cf0fb813aa65", "seconds": 137.60653106309474}
{"progress_step": 210, "epoch": 5, "train_loss_so_far": 1.4470887542724609, "clip_fraction_so_far": 0.7727}
{"progress_step": 220, "epoch": 5, "train_loss_so_far": 1.444156819152832, "clip_fraction_so_far": 0.77195}
{"progress_step": 230, "epoch": 5, "train_loss_so_far": 1.435835063680013, "clip_fraction_so_far": 0.7705}
{"progress_step": 240, "epoch": 5, "train_loss_so_far": 1.4447094146728516, "clip_fraction_so_far": 0.7714}
{"progress_step": 250, "epoch": 5, "train_loss_so_far": 1.4368775634765625, "clip_fraction_so_far": 0.76714}
{"epoch": 5, "logical_steps": 250, "train_examples": 50000, "train_loss": 1.4368775634765625, "test_loss": 0.89677294921875, "test_top1": 0.7346, "clip_fraction": 0.76714, "gdp_mu": 1.6660305978457184, "gdp_epsilon": 8.000000000000005, "target_mu": 1.6660305978457184, "target_epsilon": 8.0, "delta": 1e-05, "noise_std": 0.019262096209213344, "noise_std_space": "gradient", "innovation_std_sum": 17.095501675135814, "augmentation_trace_sha256": "5a166cfdf1664376691bc322b6380dc25bd2089500f85f43c9dcb0efb629664c", "seconds": 137.3206706829369}
{"status": "completed", "results": "/media/data/data/lt/dp-adam-correlated/exp7b/results/final/trials/fb8899159d4a3d8e"}
