/home/longt29/miniconda3/envs/curve/lib/python3.11/site-packages/torchvision/datasets/cifar.py:83: VisibleDeprecationWarning: dtype(): align should be passed as Python or NumPy boolean but got `align=0`. Did you mean to pass a tuple to create a subarray type? (Deprecated NumPy 2.4)
  entry = pickle.load(f, encoding="latin1")
sys:1: UserWarning: Full backward hook is firing when gradients are computed with respect to module outputs since no inputs require gradients. See https://docs.pytorch.org/docs/main/generated/torch.nn.Module.html#torch.nn.Module.register_full_backward_hook for more details.
{"step": 10, "epoch": 1, "train_loss": 4.323171630859375, "clip_fraction": 1.0, "gradient_norm_mean": 59.6756552734375, "gradient_norm_max": 122.9177017211914, "step_seconds": 2.1174336299300194, "innovation_std_sum": 73.20888572058001, "noise_marginal_std_sum": 85.59034234029004}
{"step": 20, "epoch": 1, "train_loss": 3.621845947265625, "clip_fraction": 0.999, "gradient_norm_mean": 87.384228515625, "gradient_norm_max": 174.3018035888672, "step_seconds": 2.1157041415572166, "innovation_std_sum": 73.20888572058001, "noise_marginal_std_sum": 85.59034234029004}
{"step": 30, "epoch": 1, "train_loss": 3.1964521484375, "clip_fraction": 0.996, "gradient_norm_mean": 105.940201171875, "gradient_norm_max": 312.78515625, "step_seconds": 2.1318748835474253, "innovation_std_sum": 73.20888572058001, "noise_marginal_std_sum": 85.59034234029004}
{"step": 40, "epoch": 1, "train_loss": 2.661542724609375, "clip_fraction": 0.979, "gradient_norm_mean": 106.721130859375, "gradient_norm_max": 396.1102600097656, "step_seconds": 2.1432721838355064, "innovation_std_sum": 73.20888572058001, "noise_marginal_std_sum": 85.59034234029004}
{"step": 50, "epoch": 1, "train_loss": 2.3749259033203125, "clip_fraction": 0.968, "gradient_norm_mean": 109.429119140625, "gradient_norm_max": 427.5978088378906, "step_seconds": 2.123807270079851, "innovation_std_sum": 73.20888572058001, "noise_marginal_std_sum": 85.59034234029004}
{"epoch": 1, "step": 50, "train_loss": 3.451866170654297, "clip_fraction": 0.99246, "epsilon": 3.037976902428692, "accuracy": 0.4953, "validation_loss": 1.9536818359375, "validation_examples": 10000}
{"step": 60, "epoch": 2, "train_loss": 2.0363473510742187, "clip_fraction": 0.92, "gradient_norm_mean": 105.5275859375, "gradient_norm_max": 554.9675903320312, "step_seconds": 2.116863725706935, "innovation_std_sum": 73.20888572058001, "noise_marginal_std_sum": 85.59034234029004}
{"step": 70, "epoch": 2, "train_loss": 1.8673033447265626, "clip_fraction": 0.887, "gradient_norm_mean": 104.413462890625, "gradient_norm_max": 385.01153564453125, "step_seconds": 2.1126550380140543, "innovation_std_sum": 73.20888572058001, "noise_marginal_std_sum": 85.59034234029004}
{"step": 80, "epoch": 2, "train_loss": 1.9321652526855468, "clip_fraction": 0.872, "gradient_norm_mean": 109.899439453125, "gradient_norm_max": 459.407470703125, "step_seconds": 2.1031881868839264, "innovation_std_sum": 73.20888572058001, "noise_marginal_std_sum": 85.59034234029004}
{"step": 90, "epoch": 2, "train_loss": 1.7528719177246095, "clip_fraction": 0.845, "gradient_norm_mean": 108.427029296875, "gradient_norm_max": 461.535400390625, "step_seconds": 2.1216925848275423, "innovation_std_sum": 73.20888572058001, "noise_marginal_std_sum": 85.59034234029004}
{"step": 100, "epoch": 2, "train_loss": 1.6826836853027343, "clip_fraction": 0.82, "gradient_norm_mean": 109.514046875, "gradient_norm_max": 663.7384033203125, "step_seconds": 2.114454684779048, "innovation_std_sum": 73.20888572058001, "noise_marginal_std_sum": 85.59034234029004}
{"epoch": 2, "step": 100, "train_loss": 1.9256757214355469, "clip_fraction": 0.88242, "epsilon": 4.600416946348178, "accuracy": 0.6795, "validation_loss": 1.1723844680786133, "validation_examples": 10000}
{"step": 110, "epoch": 3, "train_loss": 1.53472802734375, "clip_fraction": 0.775, "gradient_norm_mean": 103.352228515625, "gradient_norm_max": 902.6061401367188, "step_seconds": 2.1104815900325775, "innovation_std_sum": 73.20888572058001, "noise_marginal_std_sum": 85.59034234029004}
{"step": 120, "epoch": 3, "train_loss": 1.442874237060547, "clip_fraction": 0.758, "gradient_norm_mean": 105.83381640625, "gradient_norm_max": 620.3114624023438, "step_seconds": 2.141218289732933, "innovation_std_sum": 73.20888572058001, "noise_marginal_std_sum": 85.59034234029004}
{"step": 130, "epoch": 3, "train_loss": 1.5136669921875, "clip_fraction": 0.752, "gradient_norm_mean": 107.937310546875, "gradient_norm_max": 598.7923583984375, "step_seconds": 2.1209541633725166, "innovation_std_sum": 73.20888572058001, "noise_marginal_std_sum": 85.59034234029004}
{"step": 140, "epoch": 3, "train_loss": 1.437196044921875, "clip_fraction": 0.723, "gradient_norm_mean": 105.633474609375, "gradient_norm_max": 616.1397705078125, "step_seconds": 2.135192058980465, "innovation_std_sum": 73.20888572058001, "noise_marginal_std_sum": 85.59034234029004}
{"step": 150, "epoch": 3, "train_loss": 1.4943324890136718, "clip_fraction": 0.719, "gradient_norm_mean": 108.9629921875, "gradient_norm_max": 739.456787109375, "step_seconds": 2.1260350793600082, "innovation_std_sum": 73.20888572058001, "noise_marginal_std_sum": 85.59034234029004}
{"epoch": 3, "step": 150, "train_loss": 1.5180335375976564, "clip_fraction": 0.75686, "epsilon": 5.868262919898993, "accuracy": 0.7313, "validation_loss": 0.9301378768920898, "validation_examples": 10000}
{"step": 160, "epoch": 4, "train_loss": 1.4067900695800781, "clip_fraction": 0.702, "gradient_norm_mean": 109.23928515625, "gradient_norm_max": 629.1708374023438, "step_seconds": 2.13703291118145, "innovation_std_sum": 73.20888572058001, "noise_marginal_std_sum": 85.59034234029004}
{"step": 170, "epoch": 4, "train_loss": 1.2560349731445313, "clip_fraction": 0.66, "gradient_norm_mean": 98.860568359375, "gradient_norm_max": 701.3217163085938, "step_seconds": 2.128295812755823, "innovation_std_sum": 73.20888572058001, "noise_marginal_std_sum": 85.59034234029004}
{"step": 180, "epoch": 4, "train_loss": 1.4116526794433595, "clip_fraction": 0.678, "gradient_norm_mean": 106.04380078125, "gradient_norm_max": 637.144287109375, "step_seconds": 2.2085777651518583, "innovation_std_sum": 73.20888572058001, "noise_marginal_std_sum": 85.59034234029004}
{"step": 190, "epoch": 4, "train_loss": 1.3745144958496094, "clip_fraction": 0.671, "gradient_norm_mean": 108.251689453125, "gradient_norm_max": 742.59375, "step_seconds": 2.134838055819273, "innovation_std_sum": 73.20888572058001, "noise_marginal_std_sum": 85.59034234029004}
{"step": 200, "epoch": 4, "train_loss": 1.3289367065429687, "clip_fraction": 0.676, "gradient_norm_mean": 109.662107421875, "gradient_norm_max": 906.937744140625, "step_seconds": 2.1189474519342184, "innovation_std_sum": 73.20888572058001, "noise_marginal_std_sum": 85.59034234029004}
{"epoch": 4, "step": 200, "train_loss": 1.375519076538086, "clip_fraction": 0.68804, "epsilon": 6.9830197665238485, "accuracy": 0.7583, "validation_loss": 0.8200231750488282, "validation_examples": 10000}
{"step": 210, "epoch": 5, "train_loss": 1.3071749572753906, "clip_fraction": 0.641, "gradient_norm_mean": 104.273177734375, "gradient_norm_max": 634.9231567382812, "step_seconds": 2.1159574575722218, "innovation_std_sum": 73.20888572058001, "noise_marginal_std_sum": 85.59034234029004}
{"step": 220, "epoch": 5, "train_loss": 1.2355582275390624, "clip_fraction": 0.624, "gradient_norm_mean": 102.504419921875, "gradient_norm_max": 825.425048828125, "step_seconds": 2.1130182947963476, "innovation_std_sum": 73.20888572058001, "noise_marginal_std_sum": 85.59034234029004}
{"step": 230, "epoch": 5, "train_loss": 1.3358457336425782, "clip_fraction": 0.657, "gradient_norm_mean": 107.298806640625, "gradient_norm_max": 1252.0625, "step_seconds": 2.1244327146559954, "innovation_std_sum": 73.20888572058001, "noise_marginal_std_sum": 85.59034234029004}
{"step": 240, "epoch": 5, "train_loss": 1.2439339904785156, "clip_fraction": 0.594, "gradient_norm_mean": 98.62878125, "gradient_norm_max": 594.1080322265625, "step_seconds": 2.130561513826251, "innovation_std_sum": 73.20888572058001, "noise_marginal_std_sum": 85.59034234029004}
{"step": 250, "epoch": 5, "train_loss": 1.2507323608398437, "clip_fraction": 0.629, "gradient_norm_mean": 105.834212890625, "gradient_norm_max": 680.4970092773438, "step_seconds": 2.1182910948991776, "innovation_std_sum": 73.20888572058001, "noise_marginal_std_sum": 85.59034234029004}
{"epoch": 5, "step": 250, "train_loss": 1.2994350665283203, "clip_fraction": 0.6459, "epsilon": 8.000000000000005, "accuracy": 0.7752, "validation_loss": 0.759605549621582, "validation_examples": 10000}
