/home/longt29/miniconda3/envs/curve/lib/python3.11/site-packages/torchvision/datasets/cifar.py:83: VisibleDeprecationWarning: dtype(): align should be passed as Python or NumPy boolean but got `align=0`. Did you mean to pass a tuple to create a subarray type? (Deprecated NumPy 2.4)
  entry = pickle.load(f, encoding="latin1")
sys:1: UserWarning: Full backward hook is firing when gradients are computed with respect to module outputs since no inputs require gradients. See https://docs.pytorch.org/docs/main/generated/torch.nn.Module.html#torch.nn.Module.register_full_backward_hook for more details.
{"step": 10, "epoch": 1, "train_loss": 4.64949658203125, "clip_fraction": 1.0, "gradient_norm_mean": 526.011328125, "gradient_norm_max": 1101.701416015625, "step_seconds": 1.9729486182332039, "innovation_std_sum": 72.22798151648107, "noise_marginal_std_sum": 84.4992665429476}
{"step": 20, "epoch": 1, "train_loss": 4.453316772460938, "clip_fraction": 1.0, "gradient_norm_mean": 474.6960546875, "gradient_norm_max": 859.9955444335938, "step_seconds": 1.9598287735134363, "innovation_std_sum": 72.22798151648107, "noise_marginal_std_sum": 84.4992665429476}
{"step": 30, "epoch": 1, "train_loss": 4.306425903320313, "clip_fraction": 1.0, "gradient_norm_mean": 529.820046875, "gradient_norm_max": 953.3728637695312, "step_seconds": 1.95760627835989, "innovation_std_sum": 72.22798151648107, "noise_marginal_std_sum": 84.4992665429476}
{"step": 40, "epoch": 1, "train_loss": 4.095967712402344, "clip_fraction": 1.0, "gradient_norm_mean": 628.95953125, "gradient_norm_max": 1323.9212646484375, "step_seconds": 1.9846588261425495, "innovation_std_sum": 72.22798151648107, "noise_marginal_std_sum": 84.4992665429476}
{"epoch": 1, "step": 45, "train_loss": 4.4137446980794275, "clip_fraction": 1.0, "epsilon": 3.0297011451528837, "accuracy": 0.1506, "validation_loss": 3.7693121948242188, "validation_examples": 5000}
{"step": 50, "epoch": 2, "train_loss": 3.772327087402344, "clip_fraction": 1.0, "gradient_norm_mean": 738.67378125, "gradient_norm_max": 1417.634033203125, "step_seconds": 1.956667872145772, "innovation_std_sum": 72.22798151648107, "noise_marginal_std_sum": 84.4992665429476}
{"step": 60, "epoch": 2, "train_loss": 3.565343994140625, "clip_fraction": 1.0, "gradient_norm_mean": 838.34421875, "gradient_norm_max": 2685.07421875, "step_seconds": 1.9650921542197466, "innovation_std_sum": 72.22798151648107, "noise_marginal_std_sum": 84.4992665429476}
{"step": 70, "epoch": 2, "train_loss": 3.2549025268554685, "clip_fraction": 1.0, "gradient_norm_mean": 884.49384375, "gradient_norm_max": 2323.811279296875, "step_seconds": 1.9859480615705252, "innovation_std_sum": 72.22798151648107, "noise_marginal_std_sum": 84.4992665429476}
{"step": 80, "epoch": 2, "train_loss": 3.1310993041992186, "clip_fraction": 1.0, "gradient_norm_mean": 924.98740625, "gradient_norm_max": 3104.205078125, "step_seconds": 1.9896172732114792, "innovation_std_sum": 72.22798151648107, "noise_marginal_std_sum": 84.4992665429476}
{"step": 90, "epoch": 2, "train_loss": 2.9648856201171876, "clip_fraction": 1.0, "gradient_norm_mean": 955.798640625, "gradient_norm_max": 3003.3271484375, "step_seconds": 1.9677721243351698, "innovation_std_sum": 72.22798151648107, "noise_marginal_std_sum": 84.4992665429476}
{"epoch": 2, "step": 90, "train_loss": 3.3826410671657987, "clip_fraction": 1.0, "epsilon": 4.5953206372907065, "accuracy": 0.3686, "validation_loss": 2.6394478149414065, "validation_examples": 5000}
{"step": 100, "epoch": 3, "train_loss": 2.753684143066406, "clip_fraction": 1.0, "gradient_norm_mean": 974.354046875, "gradient_norm_max": 2615.5927734375, "step_seconds": 1.9905259683728218, "innovation_std_sum": 72.22798151648107, "noise_marginal_std_sum": 84.4992665429476}
{"step": 110, "epoch": 3, "train_loss": 2.586743408203125, "clip_fraction": 1.0, "gradient_norm_mean": 970.689640625, "gradient_norm_max": 3872.349609375, "step_seconds": 1.9813726022839546, "innovation_std_sum": 72.22798151648107, "noise_marginal_std_sum": 84.4992665429476}
{"step": 120, "epoch": 3, "train_loss": 2.5137866821289063, "clip_fraction": 1.0, "gradient_norm_mean": 987.87315625, "gradient_norm_max": 3366.803466796875, "step_seconds": 1.9385280665010214, "innovation_std_sum": 72.22798151648107, "noise_marginal_std_sum": 84.4992665429476}
{"step": 130, "epoch": 3, "train_loss": 2.353814453125, "clip_fraction": 0.998, "gradient_norm_mean": 986.252984375, "gradient_norm_max": 4062.74853515625, "step_seconds": 2.1677707228809595, "innovation_std_sum": 72.22798151648107, "noise_marginal_std_sum": 84.4992665429476}
{"epoch": 3, "step": 135, "train_loss": 2.6006923597547744, "clip_fraction": 0.9996666666666667, "epsilon": 5.865340104265841, "accuracy": 0.5122, "validation_loss": 1.978095654296875, "validation_examples": 5000}
{"step": 140, "epoch": 4, "train_loss": 2.26059130859375, "clip_fraction": 0.996, "gradient_norm_mean": 971.943359375, "gradient_norm_max": 4799.583984375, "step_seconds": 1.9767463598400354, "innovation_std_sum": 72.22798151648107, "noise_marginal_std_sum": 84.4992665429476}
{"step": 150, "epoch": 4, "train_loss": 2.2509029541015626, "clip_fraction": 0.997, "gradient_norm_mean": 997.68090625, "gradient_norm_max": 5335.9365234375, "step_seconds": 1.9897992014884949, "innovation_std_sum": 72.22798151648107, "noise_marginal_std_sum": 84.4992665429476}
{"step": 160, "epoch": 4, "train_loss": 2.1887530517578124, "clip_fraction": 0.994, "gradient_norm_mean": 1012.554421875, "gradient_norm_max": 4317.6982421875, "step_seconds": 1.9893586561083794, "innovation_std_sum": 72.22798151648107, "noise_marginal_std_sum": 84.4992665429476}
{"step": 170, "epoch": 4, "train_loss": 2.0647962646484377, "clip_fraction": 0.989, "gradient_norm_mean": 984.741671875, "gradient_norm_max": 4152.544921875, "step_seconds": 1.9621284287422895, "innovation_std_sum": 72.22798151648107, "noise_marginal_std_sum": 84.4992665429476}
{"step": 180, "epoch": 4, "train_loss": 2.0252964477539064, "clip_fraction": 0.99, "gradient_norm_mean": 977.017171875, "gradient_norm_max": 3813.53466796875, "step_seconds": 1.9566698875278234, "innovation_std_sum": 72.22798151648107, "noise_marginal_std_sum": 84.4992665429476}
{"epoch": 4, "step": 180, "train_loss": 2.164727988009983, "clip_fraction": 0.9941333333333333, "epsilon": 6.981705044814983, "accuracy": 0.5882, "validation_loss": 1.5950450378417969, "validation_examples": 5000}
{"step": 190, "epoch": 5, "train_loss": 1.9629002685546875, "clip_fraction": 0.985, "gradient_norm_mean": 996.0345625, "gradient_norm_max": 4941.328125, "step_seconds": 1.9958326369524002, "innovation_std_sum": 72.22798151648107, "noise_marginal_std_sum": 84.4992665429476}
{"step": 200, "epoch": 5, "train_loss": 1.932989471435547, "clip_fraction": 0.983, "gradient_norm_mean": 1002.738296875, "gradient_norm_max": 5215.44287109375, "step_seconds": 1.9887024350464344, "innovation_std_sum": 72.22798151648107, "noise_marginal_std_sum": 84.4992665429476}
{"step": 210, "epoch": 5, "train_loss": 1.9490158081054687, "clip_fraction": 0.982, "gradient_norm_mean": 993.44184375, "gradient_norm_max": 4373.59765625, "step_seconds": 1.9865302797406912, "innovation_std_sum": 72.22798151648107, "noise_marginal_std_sum": 84.4992665429476}
{"step": 220, "epoch": 5, "train_loss": 1.8454764709472655, "clip_fraction": 0.974, "gradient_norm_mean": 1012.52403125, "gradient_norm_max": 4978.4658203125, "step_seconds": 1.9920630101114511, "innovation_std_sum": 72.22798151648107, "noise_marginal_std_sum": 84.4992665429476}
{"epoch": 5, "step": 225, "train_loss": 1.9000980075412326, "clip_fraction": 0.9791777777777778, "epsilon": 8.000000000000005, "accuracy": 0.6356, "validation_loss": 1.3587287841796876, "validation_examples": 5000}
