/home/longt29/miniconda3/envs/curve/lib/python3.11/site-packages/torchvision/datasets/cifar.py:83: VisibleDeprecationWarning: dtype(): align should be passed as Python or NumPy boolean but got `align=0`. Did you mean to pass a tuple to create a subarray type? (Deprecated NumPy 2.4)
  entry = pickle.load(f, encoding="latin1")
{"method": "dp-adam-momentum-bandinvmf-scale", "smoke": false, "calibration": {"target_mu": 1.6660305978457184, "sensitivity": 7.852751308631718, "innovation_std_sum": 471.34496321891186, "adjacency": "add_remove_zero_out", "k": 5, "b_participation": 50, "sampling_amplification": false}, "coefficients": [1.0, -0.95, -0.0012500000000000844, -0.001187499999999897]}
sys:1: UserWarning: Full backward hook is firing when gradients are computed with respect to module outputs since no inputs require gradients. See https://docs.pytorch.org/docs/main/generated/torch.nn.Module.html#torch.nn.Module.register_full_backward_hook for more details.
{"progress_step": 10, "epoch": 1, "train_loss_so_far": 4.692512023925781, "clip_fraction_so_far": 1.0}
{"progress_step": 20, "epoch": 1, "train_loss_so_far": 4.487057369995117, "clip_fraction_so_far": 1.0}
{"progress_step": 30, "epoch": 1, "train_loss_so_far": 4.27560396118164, "clip_fraction_so_far": 1.0}
{"progress_step": 40, "epoch": 1, "train_loss_so_far": 4.062294201660157, "clip_fraction_so_far": 0.99985}
{"progress_step": 50, "epoch": 1, "train_loss_so_far": 3.8657311254882814, "clip_fraction_so_far": 0.99954}
{"epoch": 1, "logical_steps": 50, "train_examples": 50000, "train_loss": 3.8657311254882814, "test_loss": 2.629118896484375, "test_top1": 0.3423, "clip_fraction": 0.99954, "gdp_mu": 0.692288791553462, "gdp_epsilon": 2.873426350654349, "target_mu": 1.6660305978457184, "target_epsilon": 8.0, "delta": 1e-05, "noise_std": 0.6501319995798853, "noise_std_space": "scaled", "innovation_std_sum": 471.34496321891186, "augmentation_trace_sha256": "eb38061316bcc37b021a6fd5e35df885ea987663f026a0c19339760bf3e847d3", "seconds": 143.21376024372876}
{"progress_step": 60, "epoch": 2, "train_loss_so_far": 2.7604263427734375, "clip_fraction_so_far": 0.9945}
{"progress_step": 70, "epoch": 2, "train_loss_so_far": 2.6625763549804686, "clip_fraction_so_far": 0.98855}
{"progress_step": 80, "epoch": 2, "train_loss_so_far": 2.564812266031901, "clip_fraction_so_far": 0.9818666666666667}
{"progress_step": 90, "epoch": 2, "train_loss_so_far": 2.4755925453186034, "clip_fraction_so_far": 0.973075}
{"progress_step": 100, "epoch": 2, "train_loss_so_far": 2.3998726245117186, "clip_fraction_so_far": 0.96416}
{"epoch": 2, "logical_steps": 100, "train_examples": 50000, "train_loss": 2.3998726245117186, "test_loss": 1.6092892364501954, "test_top1": 0.5658, "clip_fraction": 0.96416, "gdp_mu": 1.0231641324654879, "gdp_epsilon": 4.494876969944211, "target_mu": 1.6660305978457184, "target_epsilon": 8.0, "delta": 1e-05, "noise_std": 0.6501319995798853, "noise_std_space": "scaled", "innovation_std_sum": 471.34496321891186, "augmentation_trace_sha256": "257e692163c8eed63984477e567ada19e94946ac2c058472d79dac1b521d4db7", "seconds": 134.27362359315157}
{"progress_step": 110, "epoch": 3, "train_loss_so_far": 1.9644040191650392, "clip_fraction_so_far": 0.906}
{"progress_step": 120, "epoch": 3, "train_loss_so_far": 1.928678353881836, "clip_fraction_so_far": 0.89685}
{"progress_step": 130, "epoch": 3, "train_loss_so_far": 1.8980051747639974, "clip_fraction_so_far": 0.8891}
{"progress_step": 140, "epoch": 3, "train_loss_so_far": 1.8614628089904786, "clip_fraction_so_far": 0.87835}
{"progress_step": 150, "epoch": 3, "train_loss_so_far": 1.8308799792480468, "clip_fraction_so_far": 0.86986}
{"epoch": 3, "logical_steps": 150, "train_examples": 50000, "train_loss": 1.8308799792480468, "test_loss": 1.1934561767578125, "test_top1": 0.6626, "clip_fraction": 0.86986, "gdp_mu": 1.2738232467243236, "gdp_epsilon": 5.807351225535705, "target_mu": 1.6660305978457184, "target_epsilon": 8.0, "delta": 1e-05, "noise_std": 0.6501319995798853, "noise_std_space": "scaled", "innovation_std_sum": 471.34496321891186, "augmentation_trace_sha256": "75b88e45730987647265e9b72d6e060cab185b673afd46d2d7a20342f7c95065", "seconds": 133.60511583276093}
{"progress_step": 160, "epoch": 4, "train_loss_so_far": 1.640694989013672, "clip_fraction_so_far": 0.8201}
{"progress_step": 170, "epoch": 4, "train_loss_so_far": 1.6338275726318359, "clip_fraction_so_far": 0.81375}
{"progress_step": 180, "epoch": 4, "train_loss_so_far": 1.622259683227539, "clip_fraction_so_far": 0.8056666666666666}
{"progress_step": 190, "epoch": 4, "train_loss_so_far": 1.5966512496948242, "clip_fraction_so_far": 0.79815}
{"progress_step": 200, "epoch": 4, "train_loss_so_far": 1.5831432153320313, "clip_fraction_so_far": 0.79172}
{"epoch": 4, "logical_steps": 200, "train_examples": 50000, "train_loss": 1.5831432153320313, "test_loss": 0.9912515441894532, "test_top1": 0.7128, "clip_fraction": 0.79172, "gdp_mu": 1.4829396001380057, "gdp_epsilon": 6.9556279168064306, "target_mu": 1.6660305978457184, "target_epsilon": 8.0, "delta": 1e-05, "noise_std": 0.6501319995798853, "noise_std_space": "scaled", "innovation_std_sum": 471.34496321891186, "augmentation_trace_sha256": "18a9d1ac6e60f68aa1632f8377bc5e08252c728506236a6e55e3089e326bc967", "seconds": 133.88871449232101}
{"progress_step": 210, "epoch": 5, "train_loss_so_far": 1.4631781066894531, "clip_fraction_so_far": 0.7491}
{"progress_step": 220, "epoch": 5, "train_loss_so_far": 1.4647860733032227, "clip_fraction_so_far": 0.7455}
{"progress_step": 230, "epoch": 5, "train_loss_so_far": 1.45633635152181, "clip_fraction_so_far": 0.7402666666666666}
{"progress_step": 240, "epoch": 5, "train_loss_so_far": 1.4490664344787598, "clip_fraction_so_far": 0.735725}
{"progress_step": 250, "epoch": 5, "train_loss_so_far": 1.4407515032958984, "clip_fraction_so_far": 0.7316}
{"epoch": 5, "logical_steps": 250, "train_examples": 50000, "train_loss": 1.4407515032958984, "test_loss": 0.8815047927856445, "test_top1": 0.7384, "clip_fraction": 0.7316, "gdp_mu": 1.6660305978457184, "gdp_epsilon": 8.000000000000005, "target_mu": 1.6660305978457184, "target_epsilon": 8.0, "delta": 1e-05, "noise_std": 0.6501319995798853, "noise_std_space": "scaled", "innovation_std_sum": 471.34496321891186, "augmentation_trace_sha256": "40c369f851729ec1bd8a4f0460438ddfe34ef997ab09028d6fc973b7b5af2252", "seconds": 133.66897717677057}
{"status": "completed", "results": "/media/data/data/lt/dp-adam-correlated/exp7b/results/final/trials/04e80c1e74243bea"}
