Loading weights:   0%|          | 0/39 [00:00<?, ?it/s]Loading weights: 100%|██████████| 39/39 [00:00<00:00, 8143.47it/s]
[transformers] [1mBertModel LOAD REPORT[0m from: /media/data/data/lt/dp-adam-correlated/cache/bert-tiny
Key                                        | Status     |  | 
-------------------------------------------+------------+--+-
cls.predictions.decoder.weight             | UNEXPECTED |  | 
cls.predictions.transform.LayerNorm.bias   | UNEXPECTED |  | 
cls.predictions.transform.LayerNorm.weight | UNEXPECTED |  | 
cls.predictions.decoder.bias               | UNEXPECTED |  | 
cls.seq_relationship.weight                | UNEXPECTED |  | 
cls.seq_relationship.bias                  | UNEXPECTED |  | 
cls.predictions.transform.dense.weight     | UNEXPECTED |  | 
cls.predictions.bias                       | UNEXPECTED |  | 
cls.predictions.transform.dense.bias       | UNEXPECTED |  | 

Notes:
- UNEXPECTED:	can be ignored when loading from different task/architecture; not ok if you expect identical arch.
sys:1: UserWarning: Full backward hook is firing when gradients are computed with respect to module outputs since no inputs require gradients. See https://docs.pytorch.org/docs/main/generated/torch.nn.Module.html#torch.nn.Module.register_full_backward_hook for more details.
{"step": 10, "epoch": 1, "train_loss": 0.6847582397460937, "clip_fraction": 0.0, "gradient_norm_mean": 44.47278125, "gradient_norm_max": 69.92633819580078, "step_seconds": 0.27135905250906944, "innovation_std_sum": 341.90962901649914, "noise_marginal_std_sum": 385.2414684355806}
{"step": 20, "epoch": 1, "train_loss": 0.6693555297851562, "clip_fraction": 0.0, "gradient_norm_mean": 45.03201171875, "gradient_norm_max": 89.90039825439453, "step_seconds": 0.27055687457323074, "innovation_std_sum": 341.90962901649914, "noise_marginal_std_sum": 385.2414684355806}
{"step": 30, "epoch": 1, "train_loss": 0.6641353759765625, "clip_fraction": 0.0, "gradient_norm_mean": 47.63444140625, "gradient_norm_max": 74.22459411621094, "step_seconds": 0.27151614986360073, "innovation_std_sum": 341.90962901649914, "noise_marginal_std_sum": 385.2414684355806}
{"step": 40, "epoch": 1, "train_loss": 0.6555283813476562, "clip_fraction": 0.0, "gradient_norm_mean": 51.7046640625, "gradient_norm_max": 100.52021789550781, "step_seconds": 0.27253274247050285, "innovation_std_sum": 341.90962901649914, "noise_marginal_std_sum": 385.2414684355806}
{"step": 50, "epoch": 1, "train_loss": 0.6483934326171875, "clip_fraction": 0.0, "gradient_norm_mean": 56.55764453125, "gradient_norm_max": 112.32170104980469, "step_seconds": 0.26715649850666523, "innovation_std_sum": 341.90962901649914, "noise_marginal_std_sum": 385.2414684355806}
{"step": 60, "epoch": 1, "train_loss": 0.6445953979492187, "clip_fraction": 0.0, "gradient_norm_mean": 61.690859375, "gradient_norm_max": 109.81449127197266, "step_seconds": 0.27296593226492405, "innovation_std_sum": 341.90962901649914, "noise_marginal_std_sum": 385.2414684355806}
{"epoch": 1, "step": 62, "train_loss": 0.6634055963331653, "clip_fraction": 0.0, "epsilon": 3.1232923300753557, "accuracy": 0.6661058141708731, "validation_loss": 0.6334320135396493, "validation_examples": 5349}
{"step": 70, "epoch": 2, "train_loss": 0.6235523681640625, "clip_fraction": 0.0, "gradient_norm_mean": 65.8615, "gradient_norm_max": 122.9054183959961, "step_seconds": 0.2723649740219116, "innovation_std_sum": 341.90962901649914, "noise_marginal_std_sum": 385.2414684355806}
{"step": 80, "epoch": 2, "train_loss": 0.62598486328125, "clip_fraction": 0.0, "gradient_norm_mean": 72.93234375, "gradient_norm_max": 149.05804443359375, "step_seconds": 0.2707684151828289, "innovation_std_sum": 341.90962901649914, "noise_marginal_std_sum": 385.2414684355806}
{"step": 90, "epoch": 2, "train_loss": 0.603297119140625, "clip_fraction": 0.0, "gradient_norm_mean": 77.812625, "gradient_norm_max": 168.64695739746094, "step_seconds": 0.2704127412289381, "innovation_std_sum": 341.90962901649914, "noise_marginal_std_sum": 385.2414684355806}
{"step": 100, "epoch": 2, "train_loss": 0.607428955078125, "clip_fraction": 0.0, "gradient_norm_mean": 86.183078125, "gradient_norm_max": 195.9913787841797, "step_seconds": 0.26904200948774815, "innovation_std_sum": 341.90962901649914, "noise_marginal_std_sum": 385.2414684355806}
{"step": 110, "epoch": 2, "train_loss": 0.59212939453125, "clip_fraction": 0.003, "gradient_norm_mean": 92.6748046875, "gradient_norm_max": 205.90280151367188, "step_seconds": 0.2694074120372534, "innovation_std_sum": 341.90962901649914, "noise_marginal_std_sum": 385.2414684355806}
{"step": 120, "epoch": 2, "train_loss": 0.5634281005859375, "clip_fraction": 0.012, "gradient_norm_mean": 97.9886875, "gradient_norm_max": 261.15020751953125, "step_seconds": 0.2692265007644892, "innovation_std_sum": 341.90962901649914, "noise_marginal_std_sum": 385.2414684355806}
{"epoch": 2, "step": 124, "train_loss": 0.6061255197832661, "clip_fraction": 0.002903225806451613, "epsilon": 4.65092091490115, "accuracy": 0.7264909328846514, "validation_loss": 0.5519820067298191, "validation_examples": 5349}
{"step": 130, "epoch": 3, "train_loss": 0.554987548828125, "clip_fraction": 0.039, "gradient_norm_mean": 101.9702578125, "gradient_norm_max": 274.9423522949219, "step_seconds": 0.2707099039107561, "innovation_std_sum": 341.90962901649914, "noise_marginal_std_sum": 385.2414684355806}
{"step": 140, "epoch": 3, "train_loss": 0.5559969482421875, "clip_fraction": 0.064, "gradient_norm_mean": 109.089125, "gradient_norm_max": 293.8267822265625, "step_seconds": 0.26896836049854755, "innovation_std_sum": 341.90962901649914, "noise_marginal_std_sum": 385.2414684355806}
{"step": 150, "epoch": 3, "train_loss": 0.538135009765625, "clip_fraction": 0.116, "gradient_norm_mean": 110.6203125, "gradient_norm_max": 330.30780029296875, "step_seconds": 0.2690680008381605, "innovation_std_sum": 341.90962901649914, "noise_marginal_std_sum": 385.2414684355806}
{"step": 160, "epoch": 3, "train_loss": 0.5462700805664062, "clip_fraction": 0.152, "gradient_norm_mean": 117.58446875, "gradient_norm_max": 358.0499267578125, "step_seconds": 0.2700832486152649, "innovation_std_sum": 341.90962901649914, "noise_marginal_std_sum": 385.2414684355806}
{"step": 170, "epoch": 3, "train_loss": 0.540556884765625, "clip_fraction": 0.203, "gradient_norm_mean": 123.29546875, "gradient_norm_max": 399.0252685546875, "step_seconds": 0.1746777482330799, "innovation_std_sum": 341.90962901649914, "noise_marginal_std_sum": 385.2414684355806}
{"step": 180, "epoch": 3, "train_loss": 0.5451627197265625, "clip_fraction": 0.227, "gradient_norm_mean": 125.913953125, "gradient_norm_max": 402.90081787109375, "step_seconds": 0.2689914405345917, "innovation_std_sum": 341.90962901649914, "noise_marginal_std_sum": 385.2414684355806}
{"epoch": 3, "step": 186, "train_loss": 0.5395839070966166, "clip_fraction": 0.12783870967741937, "epsilon": 5.8971720333737725, "accuracy": 0.7575247709852309, "validation_loss": 0.4962451761516372, "validation_examples": 5349}
{"step": 190, "epoch": 4, "train_loss": 0.51709521484375, "clip_fraction": 0.258, "gradient_norm_mean": 130.724125, "gradient_norm_max": 426.90216064453125, "step_seconds": 0.13277523592114449, "innovation_std_sum": 341.90962901649914, "noise_marginal_std_sum": 385.2414684355806}
{"step": 200, "epoch": 4, "train_loss": 0.5070758056640625, "clip_fraction": 0.274, "gradient_norm_mean": 130.40975, "gradient_norm_max": 457.1363525390625, "step_seconds": 0.27058766782283783, "innovation_std_sum": 341.90962901649914, "noise_marginal_std_sum": 385.2414684355806}
{"step": 210, "epoch": 4, "train_loss": 0.522784912109375, "clip_fraction": 0.307, "gradient_norm_mean": 137.0434375, "gradient_norm_max": 510.7325744628906, "step_seconds": 0.26819575019180775, "innovation_std_sum": 341.90962901649914, "noise_marginal_std_sum": 385.2414684355806}
{"step": 220, "epoch": 4, "train_loss": 0.5001098022460938, "clip_fraction": 0.289, "gradient_norm_mean": 133.7526875, "gradient_norm_max": 501.41162109375, "step_seconds": 0.26968099921941757, "innovation_std_sum": 341.90962901649914, "noise_marginal_std_sum": 385.2414684355806}
{"step": 230, "epoch": 4, "train_loss": 0.5007280883789063, "clip_fraction": 0.308, "gradient_norm_mean": 141.927609375, "gradient_norm_max": 594.1295776367188, "step_seconds": 0.2704172842204571, "innovation_std_sum": 341.90962901649914, "noise_marginal_std_sum": 385.2414684355806}
{"step": 240, "epoch": 4, "train_loss": 0.4826541748046875, "clip_fraction": 0.319, "gradient_norm_mean": 146.354625, "gradient_norm_max": 708.0596923828125, "step_seconds": 0.27056233771145344, "innovation_std_sum": 341.90962901649914, "noise_marginal_std_sum": 385.2414684355806}
{"epoch": 4, "step": 248, "train_loss": 0.4992147694249307, "clip_fraction": 0.2835161290322581, "epsilon": 6.99603312968092, "accuracy": 0.7749111983548327, "validation_loss": 0.47479732283076787, "validation_examples": 5349}
{"step": 250, "epoch": 5, "train_loss": 0.5232897338867187, "clip_fraction": 0.313, "gradient_norm_mean": 140.9245625, "gradient_norm_max": 619.9804077148438, "step_seconds": 0.2661728523671627, "innovation_std_sum": 341.90962901649914, "noise_marginal_std_sum": 385.2414684355806}
{"step": 260, "epoch": 5, "train_loss": 0.47127593994140626, "clip_fraction": 0.288, "gradient_norm_mean": 140.42678125, "gradient_norm_max": 622.440185546875, "step_seconds": 0.2722916454076767, "innovation_std_sum": 341.90962901649914, "noise_marginal_std_sum": 385.2414684355806}
{"step": 270, "epoch": 5, "train_loss": 0.4763496398925781, "clip_fraction": 0.311, "gradient_norm_mean": 143.1588125, "gradient_norm_max": 602.256591796875, "step_seconds": 0.26847674138844013, "innovation_std_sum": 341.90962901649914, "noise_marginal_std_sum": 385.2414684355806}
{"step": 280, "epoch": 5, "train_loss": 0.4655177001953125, "clip_fraction": 0.312, "gradient_norm_mean": 144.6170625, "gradient_norm_max": 626.4950561523438, "step_seconds": 0.26897035352885723, "innovation_std_sum": 341.90962901649914, "noise_marginal_std_sum": 385.2414684355806}
{"step": 290, "epoch": 5, "train_loss": 0.4662694091796875, "clip_fraction": 0.303, "gradient_norm_mean": 141.551984375, "gradient_norm_max": 656.1694946289062, "step_seconds": 0.1305437795817852, "innovation_std_sum": 341.90962901649914, "noise_marginal_std_sum": 385.2414684355806}
{"step": 300, "epoch": 5, "train_loss": 0.4671603698730469, "clip_fraction": 0.309, "gradient_norm_mean": 142.39740625, "gradient_norm_max": 775.2551879882812, "step_seconds": 0.13280496187508106, "innovation_std_sum": 341.90962901649914, "noise_marginal_std_sum": 385.2414684355806}
{"step": 310, "epoch": 5, "train_loss": 0.496407958984375, "clip_fraction": 0.312, "gradient_norm_mean": 148.35590625, "gradient_norm_max": 751.4356079101562, "step_seconds": 0.1259744819253683, "innovation_std_sum": 341.90962901649914, "noise_marginal_std_sum": 385.2414684355806}
{"epoch": 5, "step": 310, "train_loss": 0.48335704483524444, "clip_fraction": 0.31324193548387097, "epsilon": 8.000000000000005, "accuracy": 0.7902411665731912, "validation_loss": 0.4637089517322026, "validation_examples": 5349}
