/home/longt29/miniconda3/envs/curve/lib/python3.11/site-packages/torchvision/datasets/cifar.py:83: VisibleDeprecationWarning: dtype(): align should be passed as Python or NumPy boolean but got `align=0`. Did you mean to pass a tuple to create a subarray type? (Deprecated NumPy 2.4)
  entry = pickle.load(f, encoding="latin1")
sys:1: UserWarning: Full backward hook is firing when gradients are computed with respect to module outputs since no inputs require gradients. See https://docs.pytorch.org/docs/main/generated/torch.nn.Module.html#torch.nn.Module.register_full_backward_hook for more details.
{"step": 10, "epoch": 1, "train_loss": 4.70255712890625, "clip_fraction": 1.0, "gradient_norm_mean": 57.0893193359375, "gradient_norm_max": 137.31398010253906, "step_seconds": 2.111384179443121, "innovation_std_sum": 40.264590225254544, "noise_marginal_std_sum": 40.264590225254544}
{"step": 20, "epoch": 1, "train_loss": 4.52485791015625, "clip_fraction": 1.0, "gradient_norm_mean": 48.7792666015625, "gradient_norm_max": 98.47306823730469, "step_seconds": 2.1250892616808414, "innovation_std_sum": 40.264590225254544, "noise_marginal_std_sum": 40.264590225254544}
{"step": 30, "epoch": 1, "train_loss": 4.3944769287109375, "clip_fraction": 1.0, "gradient_norm_mean": 51.3800830078125, "gradient_norm_max": 124.96510314941406, "step_seconds": 2.1095477398484945, "innovation_std_sum": 40.264590225254544, "noise_marginal_std_sum": 40.264590225254544}
{"step": 40, "epoch": 1, "train_loss": 4.2539990234375, "clip_fraction": 1.0, "gradient_norm_mean": 59.22405859375, "gradient_norm_max": 146.04933166503906, "step_seconds": 2.1274706162512302, "innovation_std_sum": 40.264590225254544, "noise_marginal_std_sum": 40.264590225254544}
{"step": 50, "epoch": 1, "train_loss": 4.026755615234375, "clip_fraction": 1.0, "gradient_norm_mean": 71.550201171875, "gradient_norm_max": 175.53311157226562, "step_seconds": 2.132110698148608, "innovation_std_sum": 40.264590225254544, "noise_marginal_std_sum": 40.264590225254544}
{"epoch": 1, "step": 50, "train_loss": 4.490347139892578, "clip_fraction": 0.9997, "epsilon": 3.1232925162148586, "accuracy": 0.1225, "validation_loss": 3.9169461181640624, "validation_examples": 10000}
{"step": 60, "epoch": 2, "train_loss": 3.8283748168945313, "clip_fraction": 1.0, "gradient_norm_mean": 83.66815625, "gradient_norm_max": 330.142822265625, "step_seconds": 2.093637304380536, "innovation_std_sum": 40.264590225254544, "noise_marginal_std_sum": 40.264590225254544}
{"step": 70, "epoch": 2, "train_loss": 3.6251524047851564, "clip_fraction": 0.999, "gradient_norm_mean": 92.45567578125, "gradient_norm_max": 195.130126953125, "step_seconds": 2.117892539128661, "innovation_std_sum": 40.264590225254544, "noise_marginal_std_sum": 40.264590225254544}
{"step": 80, "epoch": 2, "train_loss": 3.4970953979492188, "clip_fraction": 0.997, "gradient_norm_mean": 99.22180078125, "gradient_norm_max": 235.62667846679688, "step_seconds": 2.1237401198595762, "innovation_std_sum": 40.264590225254544, "noise_marginal_std_sum": 40.264590225254544}
{"step": 90, "epoch": 2, "train_loss": 3.2496663208007814, "clip_fraction": 0.996, "gradient_norm_mean": 105.661177734375, "gradient_norm_max": 297.7472839355469, "step_seconds": 2.138372404500842, "innovation_std_sum": 40.264590225254544, "noise_marginal_std_sum": 40.264590225254544}
{"step": 100, "epoch": 2, "train_loss": 3.0902020263671877, "clip_fraction": 0.996, "gradient_norm_mean": 110.36638671875, "gradient_norm_max": 520.9297485351562, "step_seconds": 2.129622019827366, "innovation_std_sum": 40.264590225254544, "noise_marginal_std_sum": 40.264590225254544}
{"epoch": 2, "step": 100, "train_loss": 3.5399026806640626, "clip_fraction": 0.99792, "epsilon": 4.650921021133024, "accuracy": 0.3072, "validation_loss": 2.8394160705566405, "validation_examples": 10000}
{"step": 110, "epoch": 3, "train_loss": 2.9191417236328125, "clip_fraction": 0.987, "gradient_norm_mean": 114.543197265625, "gradient_norm_max": 552.8763427734375, "step_seconds": 2.1204746160656214, "innovation_std_sum": 40.264590225254544, "noise_marginal_std_sum": 40.264590225254544}
{"step": 120, "epoch": 3, "train_loss": 2.8387701416015627, "clip_fraction": 0.989, "gradient_norm_mean": 116.40256640625, "gradient_norm_max": 415.1065673828125, "step_seconds": 2.114315824583173, "innovation_std_sum": 40.264590225254544, "noise_marginal_std_sum": 40.264590225254544}
{"step": 130, "epoch": 3, "train_loss": 2.717912536621094, "clip_fraction": 0.973, "gradient_norm_mean": 114.40501171875, "gradient_norm_max": 417.77655029296875, "step_seconds": 2.1146411933004856, "innovation_std_sum": 40.264590225254544, "noise_marginal_std_sum": 40.264590225254544}
{"step": 140, "epoch": 3, "train_loss": 2.6494441528320314, "clip_fraction": 0.978, "gradient_norm_mean": 117.82009765625, "gradient_norm_max": 512.9758911132812, "step_seconds": 2.1217003408819437, "innovation_std_sum": 40.264590225254544, "noise_marginal_std_sum": 40.264590225254544}
{"step": 150, "epoch": 3, "train_loss": 2.5437698364257812, "clip_fraction": 0.98, "gradient_norm_mean": 117.218705078125, "gradient_norm_max": 396.87225341796875, "step_seconds": 2.122158570215106, "innovation_std_sum": 40.264590225254544, "noise_marginal_std_sum": 40.264590225254544}
{"epoch": 3, "step": 150, "train_loss": 2.7943139672851562, "clip_fraction": 0.9838, "epsilon": 5.897172094191148, "accuracy": 0.4488, "validation_loss": 2.1777703857421873, "validation_examples": 10000}
{"step": 160, "epoch": 4, "train_loss": 2.4069349975585936, "clip_fraction": 0.961, "gradient_norm_mean": 118.414681640625, "gradient_norm_max": 720.4310913085938, "step_seconds": 2.1097930520772934, "innovation_std_sum": 40.264590225254544, "noise_marginal_std_sum": 40.264590225254544}
{"step": 170, "epoch": 4, "train_loss": 2.3924312744140623, "clip_fraction": 0.955, "gradient_norm_mean": 119.04025, "gradient_norm_max": 482.0490417480469, "step_seconds": 2.1142613794654608, "innovation_std_sum": 40.264590225254544, "noise_marginal_std_sum": 40.264590225254544}
{"step": 180, "epoch": 4, "train_loss": 2.317819641113281, "clip_fraction": 0.936, "gradient_norm_mean": 121.07499609375, "gradient_norm_max": 709.22802734375, "step_seconds": 2.120003057643771, "innovation_std_sum": 40.264590225254544, "noise_marginal_std_sum": 40.264590225254544}
{"step": 190, "epoch": 4, "train_loss": 2.2165726318359376, "clip_fraction": 0.943, "gradient_norm_mean": 121.06412890625, "gradient_norm_max": 440.8030700683594, "step_seconds": 2.1226045601069927, "innovation_std_sum": 40.264590225254544, "noise_marginal_std_sum": 40.264590225254544}
{"step": 200, "epoch": 4, "train_loss": 2.2271281127929687, "clip_fraction": 0.934, "gradient_norm_mean": 122.24177734375, "gradient_norm_max": 603.0252075195312, "step_seconds": 2.1095561254769564, "innovation_std_sum": 40.264590225254544, "noise_marginal_std_sum": 40.264590225254544}
{"epoch": 4, "step": 200, "train_loss": 2.3487877209472656, "clip_fraction": 0.94928, "epsilon": 6.99603315708177, "accuracy": 0.5284, "validation_loss": 1.7914644989013673, "validation_examples": 10000}
{"step": 210, "epoch": 5, "train_loss": 2.166555908203125, "clip_fraction": 0.916, "gradient_norm_mean": 122.81379296875, "gradient_norm_max": 679.1102905273438, "step_seconds": 2.1138958651572466, "innovation_std_sum": 40.264590225254544, "noise_marginal_std_sum": 40.264590225254544}
{"step": 220, "epoch": 5, "train_loss": 2.114746398925781, "clip_fraction": 0.904, "gradient_norm_mean": 119.583712890625, "gradient_norm_max": 462.29779052734375, "step_seconds": 2.117241756990552, "innovation_std_sum": 40.264590225254544, "noise_marginal_std_sum": 40.264590225254544}
{"step": 230, "epoch": 5, "train_loss": 2.04460888671875, "clip_fraction": 0.897, "gradient_norm_mean": 117.830912109375, "gradient_norm_max": 460.3041687011719, "step_seconds": 2.123606374487281, "innovation_std_sum": 40.264590225254544, "noise_marginal_std_sum": 40.264590225254544}
{"step": 240, "epoch": 5, "train_loss": 2.0485809326171873, "clip_fraction": 0.913, "gradient_norm_mean": 122.319158203125, "gradient_norm_max": 567.8805541992188, "step_seconds": 2.1237365193665028, "innovation_std_sum": 40.264590225254544, "noise_marginal_std_sum": 40.264590225254544}
{"step": 250, "epoch": 5, "train_loss": 2.0243942565917967, "clip_fraction": 0.897, "gradient_norm_mean": 121.113232421875, "gradient_norm_max": 463.4295959472656, "step_seconds": 2.1302449591457844, "innovation_std_sum": 40.264590225254544, "noise_marginal_std_sum": 40.264590225254544}
{"epoch": 5, "step": 250, "train_loss": 2.1109529541015624, "clip_fraction": 0.91146, "epsilon": 8.000000000000007, "accuracy": 0.5777, "validation_loss": 1.5642651458740235, "validation_examples": 10000}
