/home/longt29/miniconda3/envs/curve/lib/python3.11/site-packages/torchvision/datasets/cifar.py:83: VisibleDeprecationWarning: dtype(): align should be passed as Python or NumPy boolean but got `align=0`. Did you mean to pass a tuple to create a subarray type? (Deprecated NumPy 2.4)
  entry = pickle.load(f, encoding="latin1")
{"method": "dp-adam-sgd-bandinvmf", "smoke": false, "calibration": {"target_mu": 1.6660305978457184, "sensitivity": 2.8481628876299, "innovation_std_sum": 17.095501675135814, "adjacency": "add_remove_zero_out", "k": 5, "b_participation": 50, "sampling_amplification": false}, "coefficients": [1.0, -0.5, -0.125, -0.0625]}
sys:1: UserWarning: Full backward hook is firing when gradients are computed with respect to module outputs since no inputs require gradients. See https://docs.pytorch.org/docs/main/generated/torch.nn.Module.html#torch.nn.Module.register_full_backward_hook for more details.
{"progress_step": 10, "epoch": 1, "train_loss_so_far": 4.687188745117187, "clip_fraction_so_far": 1.0}
{"progress_step": 20, "epoch": 1, "train_loss_so_far": 4.390160763549805, "clip_fraction_so_far": 1.0}
{"progress_step": 30, "epoch": 1, "train_loss_so_far": 4.080207678222656, "clip_fraction_so_far": 0.9999}
{"progress_step": 40, "epoch": 1, "train_loss_so_far": 3.7934086334228514, "clip_fraction_so_far": 0.999375}
{"progress_step": 50, "epoch": 1, "train_loss_so_far": 3.5536207104492186, "clip_fraction_so_far": 0.99792}
{"epoch": 1, "logical_steps": 50, "train_examples": 50000, "train_loss": 3.5536207104492186, "test_loss": 2.0415724029541016, "test_top1": 0.4711, "clip_fraction": 0.99792, "gdp_mu": 0.7450706133874356, "gdp_epsilon": 3.1232881288764167, "target_mu": 1.6660305978457184, "target_epsilon": 8.0, "delta": 1e-05, "noise_std": 0.019262096209213344, "noise_std_space": "gradient", "innovation_std_sum": 17.095501675135814, "augmentation_trace_sha256": "a8c151975ddf09fb6defa1a31b4d40b9489ba4d351705bda6a2e61b3f3793078", "seconds": 150.53785868175328}
{"progress_step": 60, "epoch": 2, "train_loss_so_far": 2.311304364013672, "clip_fraction_so_far": 0.9798}
{"progress_step": 70, "epoch": 2, "train_loss_so_far": 2.2161665267944337, "clip_fraction_so_far": 0.97315}
{"progress_step": 80, "epoch": 2, "train_loss_so_far": 2.143599459838867, "clip_fraction_so_far": 0.9643666666666667}
{"progress_step": 90, "epoch": 2, "train_loss_so_far": 2.078993775177002, "clip_fraction_so_far": 0.955375}
{"progress_step": 100, "epoch": 2, "train_loss_so_far": 2.02740733581543, "clip_fraction_so_far": 0.94754}
{"epoch": 2, "logical_steps": 100, "train_examples": 50000, "train_loss": 2.02740733581543, "test_loss": 1.2786705352783203, "test_top1": 0.6397, "clip_fraction": 0.94754, "gdp_mu": 1.0536897799813885, "gdp_epsilon": 4.650918517225291, "target_mu": 1.6660305978457184, "target_epsilon": 8.0, "delta": 1e-05, "noise_std": 0.019262096209213344, "noise_std_space": "gradient", "innovation_std_sum": 17.095501675135814, "augmentation_trace_sha256": "ecc368d96ff6bb2805bd99ce8d394d1b6a3c78f13b11bbbf2ad0823fbcd637d3", "seconds": 140.9680663868785}
{"progress_step": 110, "epoch": 3, "train_loss_so_far": 1.7247951110839843, "clip_fraction_so_far": 0.8981}
{"progress_step": 120, "epoch": 3, "train_loss_so_far": 1.7085651321411133, "clip_fraction_so_far": 0.8897}
{"progress_step": 130, "epoch": 3, "train_loss_so_far": 1.6916910614013672, "clip_fraction_so_far": 0.8819}
{"progress_step": 140, "epoch": 3, "train_loss_so_far": 1.670786930847168, "clip_fraction_so_far": 0.87535}
{"progress_step": 150, "epoch": 3, "train_loss_so_far": 1.654952593383789, "clip_fraction_so_far": 0.86916}
{"epoch": 3, "logical_steps": 150, "train_examples": 50000, "train_loss": 1.654952593383789, "test_loss": 1.0447810699462892, "test_top1": 0.6939, "clip_fraction": 0.86916, "gdp_mu": 1.2905014862231676, "gdp_epsilon": 5.897170660712959, "target_mu": 1.6660305978457184, "target_epsilon": 8.0, "delta": 1e-05, "noise_std": 0.019262096209213344, "noise_std_space": "gradient", "innovation_std_sum": 17.095501675135814, "augmentation_trace_sha256": "95fe857be2d88c1b628ca14cd9eaae2942aa5342354832a1d96782326845b509", "seconds": 142.8838372156024}
{"progress_step": 160, "epoch": 4, "train_loss_so_far": 1.539903384399414, "clip_fraction_so_far": 0.8343}
{"progress_step": 170, "epoch": 4, "train_loss_so_far": 1.5332310134887694, "clip_fraction_so_far": 0.8277}
{"progress_step": 180, "epoch": 4, "train_loss_so_far": 1.5388332763671875, "clip_fraction_so_far": 0.8233}
{"progress_step": 190, "epoch": 4, "train_loss_so_far": 1.5303088050842286, "clip_fraction_so_far": 0.8183}
{"progress_step": 200, "epoch": 4, "train_loss_so_far": 1.525995473022461, "clip_fraction_so_far": 0.81398}
{"epoch": 4, "logical_steps": 200, "train_examples": 50000, "train_loss": 1.525995473022461, "test_loss": 0.9479500793457031, "test_top1": 0.716, "clip_fraction": 0.81398, "gdp_mu": 1.4901429526898362, "gdp_epsilon": 6.996032511238058, "target_mu": 1.6660305978457184, "target_epsilon": 8.0, "delta": 1e-05, "noise_std": 0.019262096209213344, "noise_std_space": "gradient", "innovation_std_sum": 17.095501675135814, "augmentation_trace_sha256": "3a841c7818f7c1678f3532159e1f5fc64213626434b7489efee41d06bec67314", "seconds": 141.63915992341936}
{"progress_step": 210, "epoch": 5, "train_loss_so_far": 1.4604799255371095, "clip_fraction_so_far": 0.7929}
{"progress_step": 220, "epoch": 5, "train_loss_so_far": 1.4628648147583008, "clip_fraction_so_far": 0.7893}
{"progress_step": 230, "epoch": 5, "train_loss_so_far": 1.4565995025634766, "clip_fraction_so_far": 0.7822}
{"progress_step": 240, "epoch": 5, "train_loss_so_far": 1.4531644554138183, "clip_fraction_so_far": 0.7783}
{"progress_step": 250, "epoch": 5, "train_loss_so_far": 1.451051997680664, "clip_fraction_so_far": 0.77602}
{"epoch": 5, "logical_steps": 250, "train_examples": 50000, "train_loss": 1.451051997680664, "test_loss": 0.9006460357666015, "test_top1": 0.7307, "clip_fraction": 0.77602, "gdp_mu": 1.6660305978457184, "gdp_epsilon": 8.000000000000005, "target_mu": 1.6660305978457184, "target_epsilon": 8.0, "delta": 1e-05, "noise_std": 0.019262096209213344, "noise_std_space": "gradient", "innovation_std_sum": 17.095501675135814, "augmentation_trace_sha256": "d3ad51dbbfa0e986fc5a4bfd39c69b156187653a336942e0c3cb1cd9a249ce2e", "seconds": 138.79186859354377}
{"status": "completed", "results": "/media/data/data/lt/dp-adam-correlated/exp7b/results/final/trials/4b40a28ed2624895"}
