/home/longt29/miniconda3/envs/curve/lib/python3.11/site-packages/torchvision/datasets/cifar.py:83: VisibleDeprecationWarning: dtype(): align should be passed as Python or NumPy boolean but got `align=0`. Did you mean to pass a tuple to create a subarray type? (Deprecated NumPy 2.4)
  entry = pickle.load(f, encoding="latin1")
sys:1: UserWarning: Full backward hook is firing when gradients are computed with respect to module outputs since no inputs require gradients. See https://docs.pytorch.org/docs/main/generated/torch.nn.Module.html#torch.nn.Module.register_full_backward_hook for more details.
{"step": 10, "epoch": 1, "train_loss": 4.3779521484375, "clip_fraction": 1.0, "gradient_norm_mean": 52.637158203125, "gradient_norm_max": 105.85533905029297, "step_seconds": 2.166893457993865, "innovation_std_sum": 73.20888572058001, "noise_marginal_std_sum": 85.59034234029004}
{"step": 20, "epoch": 1, "train_loss": 3.767937683105469, "clip_fraction": 1.0, "gradient_norm_mean": 80.45062109375, "gradient_norm_max": 161.68820190429688, "step_seconds": 2.1700589563697577, "innovation_std_sum": 73.20888572058001, "noise_marginal_std_sum": 85.59034234029004}
{"step": 30, "epoch": 1, "train_loss": 3.2021220703125, "clip_fraction": 0.999, "gradient_norm_mean": 100.8108984375, "gradient_norm_max": 271.8348388671875, "step_seconds": 2.1779182758182287, "innovation_std_sum": 73.20888572058001, "noise_marginal_std_sum": 85.59034234029004}
{"step": 40, "epoch": 1, "train_loss": 2.769800964355469, "clip_fraction": 0.986, "gradient_norm_mean": 105.699935546875, "gradient_norm_max": 328.3851013183594, "step_seconds": 2.1853784024715424, "innovation_std_sum": 73.20888572058001, "noise_marginal_std_sum": 85.59034234029004}
{"step": 50, "epoch": 1, "train_loss": 2.415153137207031, "clip_fraction": 0.978, "gradient_norm_mean": 108.879517578125, "gradient_norm_max": 588.9495849609375, "step_seconds": 2.1814652532339096, "innovation_std_sum": 73.20888572058001, "noise_marginal_std_sum": 85.59034234029004}
{"epoch": 1, "step": 50, "train_loss": 3.540402547607422, "clip_fraction": 0.99448, "epsilon": 3.037976902428692, "accuracy": 0.48, "validation_loss": 2.0434056732177734, "validation_examples": 10000}
{"step": 60, "epoch": 2, "train_loss": 2.2217169189453125, "clip_fraction": 0.937, "gradient_norm_mean": 110.4584921875, "gradient_norm_max": 438.73443603515625, "step_seconds": 2.1963457483798265, "innovation_std_sum": 73.20888572058001, "noise_marginal_std_sum": 85.59034234029004}
{"step": 70, "epoch": 2, "train_loss": 2.0420435485839845, "clip_fraction": 0.905, "gradient_norm_mean": 107.19807421875, "gradient_norm_max": 627.6657104492188, "step_seconds": 2.174189882352948, "innovation_std_sum": 73.20888572058001, "noise_marginal_std_sum": 85.59034234029004}
{"step": 80, "epoch": 2, "train_loss": 1.949581512451172, "clip_fraction": 0.879, "gradient_norm_mean": 109.39996484375, "gradient_norm_max": 481.5260925292969, "step_seconds": 2.18677225895226, "innovation_std_sum": 73.20888572058001, "noise_marginal_std_sum": 85.59034234029004}
{"step": 90, "epoch": 2, "train_loss": 1.7815452880859375, "clip_fraction": 0.847, "gradient_norm_mean": 105.890134765625, "gradient_norm_max": 513.7721557617188, "step_seconds": 2.181377513334155, "innovation_std_sum": 73.20888572058001, "noise_marginal_std_sum": 85.59034234029004}
{"step": 100, "epoch": 2, "train_loss": 1.8603836669921876, "clip_fraction": 0.836, "gradient_norm_mean": 111.98390234375, "gradient_norm_max": 522.8534545898438, "step_seconds": 2.180986385792494, "innovation_std_sum": 73.20888572058001, "noise_marginal_std_sum": 85.59034234029004}
{"epoch": 2, "step": 100, "train_loss": 1.9998869885253907, "clip_fraction": 0.89206, "epsilon": 4.600416946348178, "accuracy": 0.6612, "validation_loss": 1.2251148101806641, "validation_examples": 10000}
{"step": 110, "epoch": 3, "train_loss": 1.650316162109375, "clip_fraction": 0.798, "gradient_norm_mean": 106.625044921875, "gradient_norm_max": 514.634521484375, "step_seconds": 2.167983064427972, "innovation_std_sum": 73.20888572058001, "noise_marginal_std_sum": 85.59034234029004}
{"step": 120, "epoch": 3, "train_loss": 1.6406672973632812, "clip_fraction": 0.806, "gradient_norm_mean": 110.231626953125, "gradient_norm_max": 951.0847778320312, "step_seconds": 2.1773102022707462, "innovation_std_sum": 73.20888572058001, "noise_marginal_std_sum": 85.59034234029004}
{"step": 130, "epoch": 3, "train_loss": 1.5220448303222656, "clip_fraction": 0.775, "gradient_norm_mean": 106.00680859375, "gradient_norm_max": 615.6163330078125, "step_seconds": 2.1786311250180006, "innovation_std_sum": 73.20888572058001, "noise_marginal_std_sum": 85.59034234029004}
{"step": 140, "epoch": 3, "train_loss": 1.4325809936523437, "clip_fraction": 0.729, "gradient_norm_mean": 100.613900390625, "gradient_norm_max": 735.6636352539062, "step_seconds": 2.195107314735651, "innovation_std_sum": 73.20888572058001, "noise_marginal_std_sum": 85.59034234029004}
{"step": 150, "epoch": 3, "train_loss": 1.57525732421875, "clip_fraction": 0.761, "gradient_norm_mean": 109.135529296875, "gradient_norm_max": 596.7520141601562, "step_seconds": 2.1888158433139324, "innovation_std_sum": 73.20888572058001, "noise_marginal_std_sum": 85.59034234029004}
{"epoch": 3, "step": 150, "train_loss": 1.576623150024414, "clip_fraction": 0.7721, "epsilon": 5.868262919898993, "accuracy": 0.7236, "validation_loss": 0.9551753280639649, "validation_examples": 10000}
{"step": 160, "epoch": 4, "train_loss": 1.3955798950195313, "clip_fraction": 0.745, "gradient_norm_mean": 104.92395703125, "gradient_norm_max": 551.6939697265625, "step_seconds": 2.1716011613607407, "innovation_std_sum": 73.20888572058001, "noise_marginal_std_sum": 85.59034234029004}
{"step": 170, "epoch": 4, "train_loss": 1.4631795654296875, "clip_fraction": 0.711, "gradient_norm_mean": 105.985615234375, "gradient_norm_max": 784.0298461914062, "step_seconds": 2.205356964841485, "innovation_std_sum": 73.20888572058001, "noise_marginal_std_sum": 85.59034234029004}
{"step": 180, "epoch": 4, "train_loss": 1.3984521789550781, "clip_fraction": 0.683, "gradient_norm_mean": 104.638783203125, "gradient_norm_max": 854.3209228515625, "step_seconds": 2.1839625779539347, "innovation_std_sum": 73.20888572058001, "noise_marginal_std_sum": 85.59034234029004}
{"step": 190, "epoch": 4, "train_loss": 1.37810302734375, "clip_fraction": 0.68, "gradient_norm_mean": 109.2609921875, "gradient_norm_max": 591.5740966796875, "step_seconds": 2.190326541662216, "innovation_std_sum": 73.20888572058001, "noise_marginal_std_sum": 85.59034234029004}
{"step": 200, "epoch": 4, "train_loss": 1.4502247924804688, "clip_fraction": 0.698, "gradient_norm_mean": 112.17846484375, "gradient_norm_max": 657.2291259765625, "step_seconds": 2.196526348590851, "innovation_std_sum": 73.20888572058001, "noise_marginal_std_sum": 85.59034234029004}
{"epoch": 4, "step": 200, "train_loss": 1.4056083563232422, "clip_fraction": 0.69492, "epsilon": 6.9830197665238485, "accuracy": 0.7524, "validation_loss": 0.8327379302978516, "validation_examples": 10000}
{"step": 210, "epoch": 5, "train_loss": 1.38793310546875, "clip_fraction": 0.677, "gradient_norm_mean": 110.221150390625, "gradient_norm_max": 861.762451171875, "step_seconds": 2.1596592608839273, "innovation_std_sum": 73.20888572058001, "noise_marginal_std_sum": 85.59034234029004}
{"step": 220, "epoch": 5, "train_loss": 1.3778279724121094, "clip_fraction": 0.668, "gradient_norm_mean": 108.39602734375, "gradient_norm_max": 591.4837036132812, "step_seconds": 2.18853141926229, "innovation_std_sum": 73.20888572058001, "noise_marginal_std_sum": 85.59034234029004}
{"step": 230, "epoch": 5, "train_loss": 1.3436656188964844, "clip_fraction": 0.667, "gradient_norm_mean": 107.27983203125, "gradient_norm_max": 635.8953247070312, "step_seconds": 2.1914570033550262, "innovation_std_sum": 73.20888572058001, "noise_marginal_std_sum": 85.59034234029004}
{"step": 240, "epoch": 5, "train_loss": 1.2831382446289064, "clip_fraction": 0.635, "gradient_norm_mean": 107.9910859375, "gradient_norm_max": 791.7168579101562, "step_seconds": 2.1966732125729322, "innovation_std_sum": 73.20888572058001, "noise_marginal_std_sum": 85.59034234029004}
{"step": 250, "epoch": 5, "train_loss": 1.3213048400878906, "clip_fraction": 0.637, "gradient_norm_mean": 108.542978515625, "gradient_norm_max": 749.5328979492188, "step_seconds": 2.199315907433629, "innovation_std_sum": 73.20888572058001, "noise_marginal_std_sum": 85.59034234029004}
{"epoch": 5, "step": 250, "train_loss": 1.3270553546142578, "clip_fraction": 0.65482, "epsilon": 8.000000000000005, "accuracy": 0.7709, "validation_loss": 0.7673047119140625, "validation_examples": 10000}
