Loading weights:   0%|          | 0/39 [00:00<?, ?it/s]Loading weights: 100%|██████████| 39/39 [00:00<00:00, 12035.75it/s]
[transformers] [1mBertModel LOAD REPORT[0m from: /media/data/data/lt/dp-adam-correlated/cache/bert-tiny
Key                                        | Status     |  | 
-------------------------------------------+------------+--+-
cls.predictions.decoder.bias               | UNEXPECTED |  | 
cls.predictions.transform.LayerNorm.bias   | UNEXPECTED |  | 
cls.predictions.transform.LayerNorm.weight | UNEXPECTED |  | 
cls.predictions.decoder.weight             | UNEXPECTED |  | 
cls.predictions.transform.dense.bias       | UNEXPECTED |  | 
cls.seq_relationship.bias                  | UNEXPECTED |  | 
cls.seq_relationship.weight                | UNEXPECTED |  | 
cls.predictions.bias                       | UNEXPECTED |  | 
cls.predictions.transform.dense.weight     | UNEXPECTED |  | 

Notes:
- UNEXPECTED:	can be ignored when loading from different task/architecture; not ok if you expect identical arch.
sys:1: UserWarning: Full backward hook is firing when gradients are computed with respect to module outputs since no inputs require gradients. See https://docs.pytorch.org/docs/main/generated/torch.nn.Module.html#torch.nn.Module.register_full_backward_hook for more details.
{"step": 10, "epoch": 1, "train_loss": 0.6767796630859375, "clip_fraction": 0.027, "gradient_norm_mean": 227.67853125, "gradient_norm_max": 506.7323913574219, "step_seconds": 0.28006656654179096, "innovation_std_sum": 512.8644435247487, "noise_marginal_std_sum": 577.8622026533709}
{"step": 20, "epoch": 1, "train_loss": 0.65376806640625, "clip_fraction": 0.414, "gradient_norm_mean": 284.54575, "gradient_norm_max": 601.5039672851562, "step_seconds": 0.28179866820573807, "innovation_std_sum": 512.8644435247487, "noise_marginal_std_sum": 577.8622026533709}
{"step": 30, "epoch": 1, "train_loss": 0.6405540771484375, "clip_fraction": 0.657, "gradient_norm_mean": 391.8463125, "gradient_norm_max": 976.6197509765625, "step_seconds": 0.27738022059202194, "innovation_std_sum": 512.8644435247487, "noise_marginal_std_sum": 577.8622026533709}
{"step": 40, "epoch": 1, "train_loss": 0.6252064208984375, "clip_fraction": 0.766, "gradient_norm_mean": 513.700625, "gradient_norm_max": 1344.9776611328125, "step_seconds": 0.27875741943717003, "innovation_std_sum": 512.8644435247487, "noise_marginal_std_sum": 577.8622026533709}
{"step": 50, "epoch": 1, "train_loss": 0.63107470703125, "clip_fraction": 0.703, "gradient_norm_mean": 675.4906875, "gradient_norm_max": 2431.673828125, "step_seconds": 0.27772344648838043, "innovation_std_sum": 512.8644435247487, "noise_marginal_std_sum": 577.8622026533709}
{"step": 60, "epoch": 1, "train_loss": 0.5697778930664062, "clip_fraction": 0.74, "gradient_norm_mean": 828.332875, "gradient_norm_max": 3080.42138671875, "step_seconds": 0.2848449628800154, "innovation_std_sum": 512.8644435247487, "noise_marginal_std_sum": 577.8622026533709}
{"epoch": 1, "step": 62, "train_loss": 0.6397027194115423, "clip_fraction": 0.5329516129032258, "epsilon": 3.1232923300753557, "accuracy": 0.7171433912880912, "validation_loss": 0.5576967113506996, "validation_examples": 5349}
{"step": 70, "epoch": 2, "train_loss": 0.5861434326171875, "clip_fraction": 0.634, "gradient_norm_mean": 1004.832625, "gradient_norm_max": 5002.8291015625, "step_seconds": 0.284191619604826, "innovation_std_sum": 512.8644435247487, "noise_marginal_std_sum": 577.8622026533709}
{"step": 80, "epoch": 2, "train_loss": 0.627487548828125, "clip_fraction": 0.603, "gradient_norm_mean": 1161.5015, "gradient_norm_max": 4991.4736328125, "step_seconds": 0.2841893658041954, "innovation_std_sum": 512.8644435247487, "noise_marginal_std_sum": 577.8622026533709}
{"step": 90, "epoch": 2, "train_loss": 0.6148368530273437, "clip_fraction": 0.518, "gradient_norm_mean": 1160.237, "gradient_norm_max": 6941.9716796875, "step_seconds": 0.2884092219173908, "innovation_std_sum": 512.8644435247487, "noise_marginal_std_sum": 577.8622026533709}
{"step": 100, "epoch": 2, "train_loss": 0.630068603515625, "clip_fraction": 0.504, "gradient_norm_mean": 1327.067125, "gradient_norm_max": 7369.37939453125, "step_seconds": 0.28194871358573437, "innovation_std_sum": 512.8644435247487, "noise_marginal_std_sum": 577.8622026533709}
{"step": 110, "epoch": 2, "train_loss": 0.6405975952148437, "clip_fraction": 0.475, "gradient_norm_mean": 1355.070875, "gradient_norm_max": 8944.9091796875, "step_seconds": 0.28378868475556374, "innovation_std_sum": 512.8644435247487, "noise_marginal_std_sum": 577.8622026533709}
{"step": 120, "epoch": 2, "train_loss": 0.5861544189453125, "clip_fraction": 0.475, "gradient_norm_mean": 1323.87375, "gradient_norm_max": 15002.2587890625, "step_seconds": 0.2854230310767889, "innovation_std_sum": 512.8644435247487, "noise_marginal_std_sum": 577.8622026533709}
{"epoch": 2, "step": 124, "train_loss": 0.6145662703975554, "clip_fraction": 0.5518548387096774, "epsilon": 4.65092091490115, "accuracy": 0.7739764441951766, "validation_loss": 0.6531445204955347, "validation_examples": 5349}
{"step": 130, "epoch": 3, "train_loss": 0.6067940673828125, "clip_fraction": 0.456, "gradient_norm_mean": 1414.393, "gradient_norm_max": 9654.8837890625, "step_seconds": 0.29122958704829216, "innovation_std_sum": 512.8644435247487, "noise_marginal_std_sum": 577.8622026533709}
{"step": 140, "epoch": 3, "train_loss": 0.6507445068359375, "clip_fraction": 0.445, "gradient_norm_mean": 1459.963375, "gradient_norm_max": 10455.685546875, "step_seconds": 0.28805486485362053, "innovation_std_sum": 512.8644435247487, "noise_marginal_std_sum": 577.8622026533709}
{"step": 150, "epoch": 3, "train_loss": 0.6587833862304687, "clip_fraction": 0.449, "gradient_norm_mean": 1377.237375, "gradient_norm_max": 9856.55078125, "step_seconds": 0.29035584814846516, "innovation_std_sum": 512.8644435247487, "noise_marginal_std_sum": 577.8622026533709}
{"step": 160, "epoch": 3, "train_loss": 0.68310888671875, "clip_fraction": 0.456, "gradient_norm_mean": 1459.0485, "gradient_norm_max": 9338.6484375, "step_seconds": 0.29336531832814217, "innovation_std_sum": 512.8644435247487, "noise_marginal_std_sum": 577.8622026533709}
{"step": 170, "epoch": 3, "train_loss": 0.6843753662109375, "clip_fraction": 0.443, "gradient_norm_mean": 1421.60275, "gradient_norm_max": 10004.0224609375, "step_seconds": 0.27702584117650986, "innovation_std_sum": 512.8644435247487, "noise_marginal_std_sum": 577.8622026533709}
{"step": 180, "epoch": 3, "train_loss": 0.6922166137695313, "clip_fraction": 0.427, "gradient_norm_mean": 1386.574125, "gradient_norm_max": 12624.8154296875, "step_seconds": 0.29102477990090847, "innovation_std_sum": 512.8644435247487, "noise_marginal_std_sum": 577.8622026533709}
{"epoch": 3, "step": 186, "train_loss": 0.6312950626496345, "clip_fraction": 0.43859677419354837, "epsilon": 5.8971720333737725, "accuracy": 0.7896803140773977, "validation_loss": 0.6145837826246546, "validation_examples": 5349}
{"step": 190, "epoch": 4, "train_loss": 0.5602802734375, "clip_fraction": 0.413, "gradient_norm_mean": 1385.041875, "gradient_norm_max": 12757.814453125, "step_seconds": 0.291412765160203, "innovation_std_sum": 512.8644435247487, "noise_marginal_std_sum": 577.8622026533709}
{"step": 200, "epoch": 4, "train_loss": 0.60037548828125, "clip_fraction": 0.43, "gradient_norm_mean": 1314.58675, "gradient_norm_max": 10394.5576171875, "step_seconds": 0.27431461587548256, "innovation_std_sum": 512.8644435247487, "noise_marginal_std_sum": 577.8622026533709}
{"step": 210, "epoch": 4, "train_loss": 0.63755029296875, "clip_fraction": 0.412, "gradient_norm_mean": 1417.518375, "gradient_norm_max": 11307.87890625, "step_seconds": 0.1389547809958458, "innovation_std_sum": 512.8644435247487, "noise_marginal_std_sum": 577.8622026533709}
{"step": 220, "epoch": 4, "train_loss": 0.5837509765625, "clip_fraction": 0.403, "gradient_norm_mean": 1237.71425, "gradient_norm_max": 9621.48046875, "step_seconds": 0.29188827984035015, "innovation_std_sum": 512.8644435247487, "noise_marginal_std_sum": 577.8622026533709}
{"step": 230, "epoch": 4, "train_loss": 0.612165771484375, "clip_fraction": 0.398, "gradient_norm_mean": 1330.8, "gradient_norm_max": 13065.310546875, "step_seconds": 0.2927973512560129, "innovation_std_sum": 512.8644435247487, "noise_marginal_std_sum": 577.8622026533709}
{"step": 240, "epoch": 4, "train_loss": 0.5777596435546875, "clip_fraction": 0.392, "gradient_norm_mean": 1311.48975, "gradient_norm_max": 13581.8173828125, "step_seconds": 0.29125127010047436, "innovation_std_sum": 512.8644435247487, "noise_marginal_std_sum": 577.8622026533709}
{"epoch": 4, "step": 248, "train_loss": 0.5964137095789755, "clip_fraction": 0.3981774193548387, "epsilon": 6.99603312968092, "accuracy": 0.8018321181529258, "validation_loss": 0.586749380471484, "validation_examples": 5349}
{"step": 250, "epoch": 5, "train_loss": 0.6326336669921875, "clip_fraction": 0.364, "gradient_norm_mean": 1086.1655, "gradient_norm_max": 12091.248046875, "step_seconds": 0.19002988561987877, "innovation_std_sum": 512.8644435247487, "noise_marginal_std_sum": 577.8622026533709}
{"step": 260, "epoch": 5, "train_loss": 0.577714599609375, "clip_fraction": 0.367, "gradient_norm_mean": 1244.1385, "gradient_norm_max": 13208.1044921875, "step_seconds": 0.28681167773902416, "innovation_std_sum": 512.8644435247487, "noise_marginal_std_sum": 577.8622026533709}
{"step": 270, "epoch": 5, "train_loss": 0.550801513671875, "clip_fraction": 0.373, "gradient_norm_mean": 1123.471375, "gradient_norm_max": 11209.0869140625, "step_seconds": 0.2928885594010353, "innovation_std_sum": 512.8644435247487, "noise_marginal_std_sum": 577.8622026533709}
{"step": 280, "epoch": 5, "train_loss": 0.5480821533203125, "clip_fraction": 0.364, "gradient_norm_mean": 1217.913625, "gradient_norm_max": 11564.3759765625, "step_seconds": 0.2925989981740713, "innovation_std_sum": 512.8644435247487, "noise_marginal_std_sum": 577.8622026533709}
{"step": 290, "epoch": 5, "train_loss": 0.5441173095703125, "clip_fraction": 0.358, "gradient_norm_mean": 1123.327625, "gradient_norm_max": 10608.9287109375, "step_seconds": 0.2886650636792183, "innovation_std_sum": 512.8644435247487, "noise_marginal_std_sum": 577.8622026533709}
{"step": 300, "epoch": 5, "train_loss": 0.5411607055664063, "clip_fraction": 0.345, "gradient_norm_mean": 1115.28875, "gradient_norm_max": 15122.2861328125, "step_seconds": 0.29283782094717026, "innovation_std_sum": 512.8644435247487, "noise_marginal_std_sum": 577.8622026533709}
{"step": 310, "epoch": 5, "train_loss": 0.608996337890625, "clip_fraction": 0.369, "gradient_norm_mean": 1138.020125, "gradient_norm_max": 16088.2724609375, "step_seconds": 0.2789503037929535, "innovation_std_sum": 512.8644435247487, "noise_marginal_std_sum": 577.8622026533709}
{"epoch": 5, "step": 310, "train_loss": 0.5696486747495589, "clip_fraction": 0.3669032258064516, "epsilon": 8.000000000000007, "accuracy": 0.8102449055898299, "validation_loss": 0.5573728257951435, "validation_examples": 5349}
