/home/longt29/miniconda3/envs/curve/lib/python3.11/site-packages/torchvision/datasets/cifar.py:83: VisibleDeprecationWarning: dtype(): align should be passed as Python or NumPy boolean but got `align=0`. Did you mean to pass a tuple to create a subarray type? (Deprecated NumPy 2.4)
  entry = pickle.load(f, encoding="latin1")
sys:1: UserWarning: Full backward hook is firing when gradients are computed with respect to module outputs since no inputs require gradients. See https://docs.pytorch.org/docs/main/generated/torch.nn.Module.html#torch.nn.Module.register_full_backward_hook for more details.
{"step": 10, "epoch": 1, "train_loss": 4.3055146484375, "clip_fraction": 0.995, "gradient_norm_mean": 331.4089921875, "gradient_norm_max": 748.9757690429688, "step_seconds": 2.0843699146062136, "innovation_std_sum": 481.51987677654046, "noise_marginal_std_sum": 563.3284436196507}
{"step": 20, "epoch": 1, "train_loss": 3.652164794921875, "clip_fraction": 0.999, "gradient_norm_mean": 456.262125, "gradient_norm_max": 1189.345947265625, "step_seconds": 2.124746473506093, "innovation_std_sum": 481.51987677654046, "noise_marginal_std_sum": 563.3284436196507}
{"step": 30, "epoch": 1, "train_loss": 3.1076790771484375, "clip_fraction": 0.992, "gradient_norm_mean": 526.6290859375, "gradient_norm_max": 1387.338134765625, "step_seconds": 2.1759388335049152, "innovation_std_sum": 481.51987677654046, "noise_marginal_std_sum": 563.3284436196507}
{"step": 40, "epoch": 1, "train_loss": 2.6824483032226563, "clip_fraction": 0.959, "gradient_norm_mean": 539.4315390625, "gradient_norm_max": 2120.984375, "step_seconds": 2.209594540297985, "innovation_std_sum": 481.51987677654046, "noise_marginal_std_sum": 563.3284436196507}
{"epoch": 1, "step": 45, "train_loss": 3.55326900906033, "clip_fraction": 0.9873111111111111, "epsilon": 3.0297011451528837, "accuracy": 0.47, "validation_loss": 2.0895878234863283, "validation_examples": 5000}
{"step": 50, "epoch": 2, "train_loss": 2.3783735961914063, "clip_fraction": 0.925, "gradient_norm_mean": 545.47590625, "gradient_norm_max": 2021.2318115234375, "step_seconds": 2.0758562088012695, "innovation_std_sum": 481.51987677654046, "noise_marginal_std_sum": 563.3284436196507}
{"step": 60, "epoch": 2, "train_loss": 2.1337422485351563, "clip_fraction": 0.886, "gradient_norm_mean": 523.2071015625, "gradient_norm_max": 2610.525146484375, "step_seconds": 2.179059511050582, "innovation_std_sum": 481.51987677654046, "noise_marginal_std_sum": 563.3284436196507}
{"step": 70, "epoch": 2, "train_loss": 1.9099295959472655, "clip_fraction": 0.833, "gradient_norm_mean": 518.51659375, "gradient_norm_max": 2936.930419921875, "step_seconds": 2.194222029298544, "innovation_std_sum": 481.51987677654046, "noise_marginal_std_sum": 563.3284436196507}
{"step": 80, "epoch": 2, "train_loss": 1.8430260620117187, "clip_fraction": 0.814, "gradient_norm_mean": 517.91621875, "gradient_norm_max": 4272.69140625, "step_seconds": 2.190490247681737, "innovation_std_sum": 481.51987677654046, "noise_marginal_std_sum": 563.3284436196507}
{"step": 90, "epoch": 2, "train_loss": 1.7118873291015626, "clip_fraction": 0.781, "gradient_norm_mean": 507.255515625, "gradient_norm_max": 2297.97802734375, "step_seconds": 2.2323592603206635, "innovation_std_sum": 481.51987677654046, "noise_marginal_std_sum": 563.3284436196507}
{"epoch": 2, "step": 90, "train_loss": 2.0416614583333335, "clip_fraction": 0.8576444444444444, "epsilon": 4.5953206372907065, "accuracy": 0.6592, "validation_loss": 1.2607860656738281, "validation_examples": 5000}
{"step": 100, "epoch": 3, "train_loss": 1.6992566528320312, "clip_fraction": 0.764, "gradient_norm_mean": 530.55559375, "gradient_norm_max": 2857.81494140625, "step_seconds": 2.163514032959938, "innovation_std_sum": 481.51987677654046, "noise_marginal_std_sum": 563.3284436196507}
{"step": 110, "epoch": 3, "train_loss": 1.5529118041992187, "clip_fraction": 0.729, "gradient_norm_mean": 500.772484375, "gradient_norm_max": 3548.6533203125, "step_seconds": 2.174658043310046, "innovation_std_sum": 481.51987677654046, "noise_marginal_std_sum": 563.3284436196507}
{"step": 120, "epoch": 3, "train_loss": 1.6390133056640626, "clip_fraction": 0.729, "gradient_norm_mean": 528.7960859375, "gradient_norm_max": 3212.198974609375, "step_seconds": 2.191471241414547, "innovation_std_sum": 481.51987677654046, "noise_marginal_std_sum": 563.3284436196507}
{"step": 130, "epoch": 3, "train_loss": 1.4764242858886718, "clip_fraction": 0.69, "gradient_norm_mean": 497.8003828125, "gradient_norm_max": 4017.495849609375, "step_seconds": 2.2029461339116096, "innovation_std_sum": 481.51987677654046, "noise_marginal_std_sum": 563.3284436196507}
{"epoch": 3, "step": 135, "train_loss": 1.6100315728081598, "clip_fraction": 0.7352, "epsilon": 5.865340104265841, "accuracy": 0.721, "validation_loss": 0.9875801696777343, "validation_examples": 5000}
{"step": 140, "epoch": 4, "train_loss": 1.38412939453125, "clip_fraction": 0.671, "gradient_norm_mean": 493.57784375, "gradient_norm_max": 2728.938720703125, "step_seconds": 2.162300432100892, "innovation_std_sum": 481.51987677654046, "noise_marginal_std_sum": 563.3284436196507}
{"step": 150, "epoch": 4, "train_loss": 1.3950013732910156, "clip_fraction": 0.69, "gradient_norm_mean": 499.924265625, "gradient_norm_max": 2550.750732421875, "step_seconds": 2.17863866686821, "innovation_std_sum": 481.51987677654046, "noise_marginal_std_sum": 563.3284436196507}
{"step": 160, "epoch": 4, "train_loss": 1.317223602294922, "clip_fraction": 0.644, "gradient_norm_mean": 464.719015625, "gradient_norm_max": 2292.09326171875, "step_seconds": 2.1847795639187098, "innovation_std_sum": 481.51987677654046, "noise_marginal_std_sum": 563.3284436196507}
{"step": 170, "epoch": 4, "train_loss": 1.4442580871582031, "clip_fraction": 0.639, "gradient_norm_mean": 489.820078125, "gradient_norm_max": 3885.244140625, "step_seconds": 2.2131030429154634, "innovation_std_sum": 481.51987677654046, "noise_marginal_std_sum": 563.3284436196507}
{"step": 180, "epoch": 4, "train_loss": 1.3352371520996094, "clip_fraction": 0.628, "gradient_norm_mean": 487.649765625, "gradient_norm_max": 2669.03173828125, "step_seconds": 2.2020070403814316, "innovation_std_sum": 481.51987677654046, "noise_marginal_std_sum": 563.3284436196507}
{"epoch": 4, "step": 180, "train_loss": 1.4304049391004774, "clip_fraction": 0.6658666666666667, "epsilon": 6.9817050448149836, "accuracy": 0.7502, "validation_loss": 0.8594951873779297, "validation_examples": 5000}
{"step": 190, "epoch": 5, "train_loss": 1.38902099609375, "clip_fraction": 0.637, "gradient_norm_mean": 491.0492578125, "gradient_norm_max": 2761.242919921875, "step_seconds": 2.1920010782778263, "innovation_std_sum": 481.51987677654046, "noise_marginal_std_sum": 563.3284436196507}
{"step": 200, "epoch": 5, "train_loss": 1.3445046997070313, "clip_fraction": 0.621, "gradient_norm_mean": 471.181484375, "gradient_norm_max": 2295.0732421875, "step_seconds": 2.186813123524189, "innovation_std_sum": 481.51987677654046, "noise_marginal_std_sum": 563.3284436196507}
{"step": 210, "epoch": 5, "train_loss": 1.4581318359375, "clip_fraction": 0.631, "gradient_norm_mean": 512.5241640625, "gradient_norm_max": 3498.627685546875, "step_seconds": 2.1989136338233948, "innovation_std_sum": 481.51987677654046, "noise_marginal_std_sum": 563.3284436196507}
{"step": 220, "epoch": 5, "train_loss": 1.2456018676757812, "clip_fraction": 0.588, "gradient_norm_mean": 466.7772421875, "gradient_norm_max": 3593.1025390625, "step_seconds": 2.151253566145897, "innovation_std_sum": 481.51987677654046, "noise_marginal_std_sum": 563.3284436196507}
{"epoch": 5, "step": 225, "train_loss": 1.3462445020887588, "clip_fraction": 0.6205333333333334, "epsilon": 8.000000000000005, "accuracy": 0.7686, "validation_loss": 0.7978698181152344, "validation_examples": 5000}
