/home/longt29/miniconda3/envs/curve/lib/python3.11/site-packages/torchvision/datasets/cifar.py:83: VisibleDeprecationWarning: dtype(): align should be passed as Python or NumPy boolean but got `align=0`. Did you mean to pass a tuple to create a subarray type? (Deprecated NumPy 2.4)
  entry = pickle.load(f, encoding="latin1")
sys:1: UserWarning: Full backward hook is firing when gradients are computed with respect to module outputs since no inputs require gradients. See https://docs.pytorch.org/docs/main/generated/torch.nn.Module.html#torch.nn.Module.register_full_backward_hook for more details.
{"step": 10, "epoch": 1, "train_loss": 4.374438842773437, "clip_fraction": 1.0, "gradient_norm_mean": 394.7710234375, "gradient_norm_max": 866.439697265625, "step_seconds": 2.099685287103057, "innovation_std_sum": 240.75993838827023, "noise_marginal_std_sum": 281.66422180982534}
{"step": 20, "epoch": 1, "train_loss": 3.7680162963867185, "clip_fraction": 1.0, "gradient_norm_mean": 601.867671875, "gradient_norm_max": 1337.34912109375, "step_seconds": 2.1698369942605495, "innovation_std_sum": 240.75993838827023, "noise_marginal_std_sum": 281.66422180982534}
{"step": 30, "epoch": 1, "train_loss": 3.2088544311523437, "clip_fraction": 1.0, "gradient_norm_mean": 760.82646875, "gradient_norm_max": 2258.548095703125, "step_seconds": 2.1163796577602625, "innovation_std_sum": 240.75993838827023, "noise_marginal_std_sum": 281.66422180982534}
{"step": 40, "epoch": 1, "train_loss": 2.78293994140625, "clip_fraction": 0.997, "gradient_norm_mean": 801.027640625, "gradient_norm_max": 2549.59423828125, "step_seconds": 2.1914419755339622, "innovation_std_sum": 240.75993838827023, "noise_marginal_std_sum": 281.66422180982534}
{"epoch": 1, "step": 45, "train_loss": 3.651428884548611, "clip_fraction": 0.9991333333333333, "epsilon": 3.0297011451528837, "accuracy": 0.4506, "validation_loss": 2.1852705078125, "validation_examples": 5000}
{"step": 50, "epoch": 2, "train_loss": 2.398028564453125, "clip_fraction": 0.982, "gradient_norm_mean": 803.692671875, "gradient_norm_max": 3480.94384765625, "step_seconds": 2.1116433814167976, "innovation_std_sum": 240.75993838827023, "noise_marginal_std_sum": 281.66422180982534}
{"step": 60, "epoch": 2, "train_loss": 2.2558260498046874, "clip_fraction": 0.971, "gradient_norm_mean": 817.540421875, "gradient_norm_max": 5467.1728515625, "step_seconds": 2.089799143373966, "innovation_std_sum": 240.75993838827023, "noise_marginal_std_sum": 281.66422180982534}
{"step": 70, "epoch": 2, "train_loss": 1.9803085021972657, "clip_fraction": 0.931, "gradient_norm_mean": 773.464265625, "gradient_norm_max": 4365.5595703125, "step_seconds": 2.232662871479988, "innovation_std_sum": 240.75993838827023, "noise_marginal_std_sum": 281.66422180982534}
{"step": 80, "epoch": 2, "train_loss": 1.97019091796875, "clip_fraction": 0.934, "gradient_norm_mean": 815.047515625, "gradient_norm_max": 4509.166015625, "step_seconds": 2.1702708266675472, "innovation_std_sum": 240.75993838827023, "noise_marginal_std_sum": 281.66422180982534}
{"step": 90, "epoch": 2, "train_loss": 1.8320740661621093, "clip_fraction": 0.911, "gradient_norm_mean": 810.8288125, "gradient_norm_max": 3442.1728515625, "step_seconds": 2.1883326545357704, "innovation_std_sum": 240.75993838827023, "noise_marginal_std_sum": 281.66422180982534}
{"epoch": 2, "step": 90, "train_loss": 2.1117563320583765, "clip_fraction": 0.9509555555555556, "epsilon": 4.5953206372907065, "accuracy": 0.6348, "validation_loss": 1.3214271362304688, "validation_examples": 5000}
{"step": 100, "epoch": 3, "train_loss": 1.68201904296875, "clip_fraction": 0.874, "gradient_norm_mean": 789.889828125, "gradient_norm_max": 4117.98193359375, "step_seconds": 2.087175799533725, "innovation_std_sum": 240.75993838827023, "noise_marginal_std_sum": 281.66422180982534}
{"step": 110, "epoch": 3, "train_loss": 1.6160671081542968, "clip_fraction": 0.865, "gradient_norm_mean": 774.35384375, "gradient_norm_max": 4202.58837890625, "step_seconds": 2.1753489021211863, "innovation_std_sum": 240.75993838827023, "noise_marginal_std_sum": 281.66422180982534}
{"step": 120, "epoch": 3, "train_loss": 1.559608673095703, "clip_fraction": 0.829, "gradient_norm_mean": 780.2866875, "gradient_norm_max": 3379.7275390625, "step_seconds": 2.187090653926134, "innovation_std_sum": 240.75993838827023, "noise_marginal_std_sum": 281.66422180982534}
{"step": 130, "epoch": 3, "train_loss": 1.499251708984375, "clip_fraction": 0.829, "gradient_norm_mean": 776.05490625, "gradient_norm_max": 5242.49365234375, "step_seconds": 2.3507543466985226, "innovation_std_sum": 240.75993838827023, "noise_marginal_std_sum": 281.66422180982534}
{"epoch": 3, "step": 135, "train_loss": 1.6467082919650609, "clip_fraction": 0.8558888888888889, "epsilon": 5.865340104265841, "accuracy": 0.7028, "validation_loss": 1.0285575927734374, "validation_examples": 5000}
{"step": 140, "epoch": 4, "train_loss": 1.529301300048828, "clip_fraction": 0.794, "gradient_norm_mean": 758.476421875, "gradient_norm_max": 5665.927734375, "step_seconds": 2.093060474842787, "innovation_std_sum": 240.75993838827023, "noise_marginal_std_sum": 281.66422180982534}
{"step": 150, "epoch": 4, "train_loss": 1.5005644836425782, "clip_fraction": 0.776, "gradient_norm_mean": 795.45684375, "gradient_norm_max": 4541.0224609375, "step_seconds": 2.1692304462194443, "innovation_std_sum": 240.75993838827023, "noise_marginal_std_sum": 281.66422180982534}
{"step": 160, "epoch": 4, "train_loss": 1.507943359375, "clip_fraction": 0.781, "gradient_norm_mean": 803.526171875, "gradient_norm_max": 5201.9267578125, "step_seconds": 2.176484262570739, "innovation_std_sum": 240.75993838827023, "noise_marginal_std_sum": 281.66422180982534}
{"step": 170, "epoch": 4, "train_loss": 1.4373560180664062, "clip_fraction": 0.781, "gradient_norm_mean": 766.186296875, "gradient_norm_max": 5039.1162109375, "step_seconds": 2.209093863144517, "innovation_std_sum": 240.75993838827023, "noise_marginal_std_sum": 281.66422180982534}
{"step": 180, "epoch": 4, "train_loss": 1.3973070373535157, "clip_fraction": 0.757, "gradient_norm_mean": 761.987390625, "gradient_norm_max": 4153.90087890625, "step_seconds": 2.199088077992201, "innovation_std_sum": 240.75993838827023, "noise_marginal_std_sum": 281.66422180982534}
{"epoch": 4, "step": 180, "train_loss": 1.4688235731336805, "clip_fraction": 0.7847555555555555, "epsilon": 6.9817050448149836, "accuracy": 0.736, "validation_loss": 0.8826788879394531, "validation_examples": 5000}
{"step": 190, "epoch": 5, "train_loss": 1.3284093017578125, "clip_fraction": 0.775, "gradient_norm_mean": 759.332859375, "gradient_norm_max": 3777.55322265625, "step_seconds": 2.0961216744035482, "innovation_std_sum": 240.75993838827023, "noise_marginal_std_sum": 281.66422180982534}
{"step": 200, "epoch": 5, "train_loss": 1.3864734191894532, "clip_fraction": 0.749, "gradient_norm_mean": 777.69809375, "gradient_norm_max": 4700.8115234375, "step_seconds": 2.1397351026535034, "innovation_std_sum": 240.75993838827023, "noise_marginal_std_sum": 281.66422180982534}
{"step": 210, "epoch": 5, "train_loss": 1.4296215209960939, "clip_fraction": 0.72, "gradient_norm_mean": 790.78559375, "gradient_norm_max": 4646.1865234375, "step_seconds": 2.187093362212181, "innovation_std_sum": 240.75993838827023, "noise_marginal_std_sum": 281.66422180982534}
{"step": 220, "epoch": 5, "train_loss": 1.359428497314453, "clip_fraction": 0.737, "gradient_norm_mean": 809.20596875, "gradient_norm_max": 4748.25439453125, "step_seconds": 2.1683073453605175, "innovation_std_sum": 240.75993838827023, "noise_marginal_std_sum": 281.66422180982534}
{"epoch": 5, "step": 225, "train_loss": 1.3667128309461805, "clip_fraction": 0.7372444444444445, "epsilon": 8.000000000000005, "accuracy": 0.763, "validation_loss": 0.8100653076171875, "validation_examples": 5000}
