Loading weights:   0%|          | 0/39 [00:00<?, ?it/s]Loading weights: 100%|██████████| 39/39 [00:00<00:00, 19632.48it/s]
[transformers] [1mBertModel LOAD REPORT[0m from: /media/data/data/lt/dp-adam-correlated/cache/bert-tiny
Key                                        | Status     |  | 
-------------------------------------------+------------+--+-
cls.predictions.decoder.weight             | UNEXPECTED |  | 
cls.predictions.transform.LayerNorm.bias   | UNEXPECTED |  | 
cls.predictions.transform.LayerNorm.weight | UNEXPECTED |  | 
cls.seq_relationship.weight                | UNEXPECTED |  | 
cls.predictions.transform.dense.weight     | UNEXPECTED |  | 
cls.seq_relationship.bias                  | UNEXPECTED |  | 
cls.predictions.transform.dense.bias       | UNEXPECTED |  | 
cls.predictions.bias                       | UNEXPECTED |  | 
cls.predictions.decoder.bias               | UNEXPECTED |  | 

Notes:
- UNEXPECTED:	can be ignored when loading from different task/architecture; not ok if you expect identical arch.
sys:1: UserWarning: Full backward hook is firing when gradients are computed with respect to module outputs since no inputs require gradients. See https://docs.pytorch.org/docs/main/generated/torch.nn.Module.html#torch.nn.Module.register_full_backward_hook for more details.
{"step": 10, "epoch": 1, "train_loss": 0.6813082275390625, "clip_fraction": 0.031, "gradient_norm_mean": 172.8608125, "gradient_norm_max": 443.577880859375, "step_seconds": 0.264571625739336, "innovation_std_sum": 923.7964237270317, "noise_marginal_std_sum": 1040.8735543243972}
{"step": 20, "epoch": 1, "train_loss": 0.634837158203125, "clip_fraction": 0.048, "gradient_norm_mean": 179.93953125, "gradient_norm_max": 410.1278076171875, "step_seconds": 0.2656188029795885, "innovation_std_sum": 923.7964237270317, "noise_marginal_std_sum": 1040.8735543243972}
{"step": 30, "epoch": 1, "train_loss": 0.5571693725585938, "clip_fraction": 0.35, "gradient_norm_mean": 250.49940625, "gradient_norm_max": 1231.0694580078125, "step_seconds": 0.2667042165994644, "innovation_std_sum": 923.7964237270317, "noise_marginal_std_sum": 1040.8735543243972}
{"step": 40, "epoch": 1, "train_loss": 0.4933988037109375, "clip_fraction": 0.405, "gradient_norm_mean": 283.1954375, "gradient_norm_max": 1038.01416015625, "step_seconds": 0.26601338014006615, "innovation_std_sum": 923.7964237270317, "noise_marginal_std_sum": 1040.8735543243972}
{"step": 50, "epoch": 1, "train_loss": 0.5184772338867187, "clip_fraction": 0.427, "gradient_norm_mean": 349.04740625, "gradient_norm_max": 1973.673095703125, "step_seconds": 0.2658237926661968, "innovation_std_sum": 923.7964237270317, "noise_marginal_std_sum": 1040.8735543243972}
{"step": 60, "epoch": 1, "train_loss": 0.527577392578125, "clip_fraction": 0.399, "gradient_norm_mean": 355.680625, "gradient_norm_max": 1898.71435546875, "step_seconds": 0.26603182032704353, "innovation_std_sum": 923.7964237270317, "noise_marginal_std_sum": 1040.8735543243972}
{"epoch": 1, "step": 62, "train_loss": 0.5904128939720892, "clip_fraction": 0.29174193548387095, "epsilon": 1.6139016672406568, "accuracy": 0.7213302752293578, "validation_loss": 0.6967553042490547, "validation_examples": 872}
{"step": 70, "epoch": 2, "train_loss": 0.5167304077148438, "clip_fraction": 0.385, "gradient_norm_mean": 350.901625, "gradient_norm_max": 1960.794921875, "step_seconds": 0.25891220569610596, "innovation_std_sum": 923.7964237270317, "noise_marginal_std_sum": 1040.8735543243972}
{"step": 80, "epoch": 2, "train_loss": 0.480481201171875, "clip_fraction": 0.361, "gradient_norm_mean": 324.584375, "gradient_norm_max": 1969.806396484375, "step_seconds": 0.2633665148168802, "innovation_std_sum": 923.7964237270317, "noise_marginal_std_sum": 1040.8735543243972}
{"step": 90, "epoch": 2, "train_loss": 0.4940909423828125, "clip_fraction": 0.341, "gradient_norm_mean": 311.535, "gradient_norm_max": 1993.696533203125, "step_seconds": 0.26161484979093075, "innovation_std_sum": 923.7964237270317, "noise_marginal_std_sum": 1040.8735543243972}
{"step": 100, "epoch": 2, "train_loss": 0.4713283081054688, "clip_fraction": 0.331, "gradient_norm_mean": 290.6113125, "gradient_norm_max": 1821.368408203125, "step_seconds": 0.26372854597866535, "innovation_std_sum": 923.7964237270317, "noise_marginal_std_sum": 1040.8735543243972}
{"step": 110, "epoch": 2, "train_loss": 0.5319898071289062, "clip_fraction": 0.35, "gradient_norm_mean": 300.23215625, "gradient_norm_max": 2451.139892578125, "step_seconds": 0.2638498190790415, "innovation_std_sum": 923.7964237270317, "noise_marginal_std_sum": 1040.8735543243972}
{"step": 120, "epoch": 2, "train_loss": 0.4233253173828125, "clip_fraction": 0.309, "gradient_norm_mean": 265.2829375, "gradient_norm_max": 1853.527587890625, "step_seconds": 0.2663081753998995, "innovation_std_sum": 923.7964237270317, "noise_marginal_std_sum": 1040.8735543243972}
{"epoch": 2, "step": 124, "train_loss": 0.4998209597679876, "clip_fraction": 0.35208064516129034, "epsilon": 2.3762054224712514, "accuracy": 0.7649082568807339, "validation_loss": 0.5541672619110948, "validation_examples": 872}
{"step": 130, "epoch": 3, "train_loss": 0.44045611572265625, "clip_fraction": 0.293, "gradient_norm_mean": 236.2481875, "gradient_norm_max": 2216.927490234375, "step_seconds": 0.26348225586116314, "innovation_std_sum": 923.7964237270317, "noise_marginal_std_sum": 1040.8735543243972}
{"step": 140, "epoch": 3, "train_loss": 0.4659141845703125, "clip_fraction": 0.302, "gradient_norm_mean": 249.34128125, "gradient_norm_max": 1421.7244873046875, "step_seconds": 0.2664926890283823, "innovation_std_sum": 923.7964237270317, "noise_marginal_std_sum": 1040.8735543243972}
{"step": 150, "epoch": 3, "train_loss": 0.45786868286132815, "clip_fraction": 0.302, "gradient_norm_mean": 237.573578125, "gradient_norm_max": 1394.0333251953125, "step_seconds": 0.26503629237413406, "innovation_std_sum": 923.7964237270317, "noise_marginal_std_sum": 1040.8735543243972}
{"step": 160, "epoch": 3, "train_loss": 0.4376791381835938, "clip_fraction": 0.299, "gradient_norm_mean": 238.52534375, "gradient_norm_max": 1670.8995361328125, "step_seconds": 0.2662556264549494, "innovation_std_sum": 923.7964237270317, "noise_marginal_std_sum": 1040.8735543243972}
{"step": 170, "epoch": 3, "train_loss": 0.47060772705078124, "clip_fraction": 0.291, "gradient_norm_mean": 240.30909375, "gradient_norm_max": 1456.47216796875, "step_seconds": 0.2682703323662281, "innovation_std_sum": 923.7964237270317, "noise_marginal_std_sum": 1040.8735543243972}
{"step": 180, "epoch": 3, "train_loss": 0.46236669921875, "clip_fraction": 0.272, "gradient_norm_mean": 233.470671875, "gradient_norm_max": 1530.568359375, "step_seconds": 0.26691505312919617, "innovation_std_sum": 923.7964237270317, "noise_marginal_std_sum": 1040.8735543243972}
{"epoch": 3, "step": 186, "train_loss": 0.44786523880497103, "clip_fraction": 0.29374193548387095, "epsilon": 2.987367917466798, "accuracy": 0.7603211009174312, "validation_loss": 0.5599125372160465, "validation_examples": 872}
{"step": 190, "epoch": 4, "train_loss": 0.40248770141601564, "clip_fraction": 0.25, "gradient_norm_mean": 203.94234375, "gradient_norm_max": 2243.087158203125, "step_seconds": 0.2675221115350723, "innovation_std_sum": 923.7964237270317, "noise_marginal_std_sum": 1040.8735543243972}
{"step": 200, "epoch": 4, "train_loss": 0.4529221496582031, "clip_fraction": 0.283, "gradient_norm_mean": 218.621109375, "gradient_norm_max": 1850.6802978515625, "step_seconds": 0.266460919752717, "innovation_std_sum": 923.7964237270317, "noise_marginal_std_sum": 1040.8735543243972}
{"step": 210, "epoch": 4, "train_loss": 0.42831561279296876, "clip_fraction": 0.264, "gradient_norm_mean": 208.869359375, "gradient_norm_max": 1424.51171875, "step_seconds": 0.26837986148893833, "innovation_std_sum": 923.7964237270317, "noise_marginal_std_sum": 1040.8735543243972}
{"step": 220, "epoch": 4, "train_loss": 0.42983380126953125, "clip_fraction": 0.262, "gradient_norm_mean": 204.91478125, "gradient_norm_max": 1430.6300048828125, "step_seconds": 0.2595273107290268, "innovation_std_sum": 923.7964237270317, "noise_marginal_std_sum": 1040.8735543243972}
{"step": 230, "epoch": 4, "train_loss": 0.45334280395507814, "clip_fraction": 0.268, "gradient_norm_mean": 201.56059375, "gradient_norm_max": 1325.073974609375, "step_seconds": 0.26582697592675686, "innovation_std_sum": 923.7964237270317, "noise_marginal_std_sum": 1040.8735543243972}
{"step": 240, "epoch": 4, "train_loss": 0.446042236328125, "clip_fraction": 0.263, "gradient_norm_mean": 209.055859375, "gradient_norm_max": 1386.286376953125, "step_seconds": 0.26734371669590473, "innovation_std_sum": 923.7964237270317, "noise_marginal_std_sum": 1040.8735543243972}
{"epoch": 4, "step": 248, "train_loss": 0.4290004651469569, "clip_fraction": 0.2604516129032258, "epsilon": 3.5192379210620808, "accuracy": 0.783256880733945, "validation_loss": 0.5416438951404816, "validation_examples": 872}
{"step": 250, "epoch": 5, "train_loss": 0.39771844482421875, "clip_fraction": 0.256, "gradient_norm_mean": 200.33421875, "gradient_norm_max": 1775.9835205078125, "step_seconds": 0.26873173378407955, "innovation_std_sum": 923.7964237270317, "noise_marginal_std_sum": 1040.8735543243972}
{"step": 260, "epoch": 5, "train_loss": 0.37453021240234374, "clip_fraction": 0.239, "gradient_norm_mean": 190.77378125, "gradient_norm_max": 1279.785400390625, "step_seconds": 0.26616159826517105, "innovation_std_sum": 923.7964237270317, "noise_marginal_std_sum": 1040.8735543243972}
{"step": 270, "epoch": 5, "train_loss": 0.40178939819335935, "clip_fraction": 0.239, "gradient_norm_mean": 185.97815625, "gradient_norm_max": 1451.2371826171875, "step_seconds": 0.26661705039441586, "innovation_std_sum": 923.7964237270317, "noise_marginal_std_sum": 1040.8735543243972}
{"step": 280, "epoch": 5, "train_loss": 0.41712060546875, "clip_fraction": 0.258, "gradient_norm_mean": 199.19021875, "gradient_norm_max": 1393.325927734375, "step_seconds": 0.2668254431337118, "innovation_std_sum": 923.7964237270317, "noise_marginal_std_sum": 1040.8735543243972}
{"step": 290, "epoch": 5, "train_loss": 0.4080357055664062, "clip_fraction": 0.227, "gradient_norm_mean": 182.81903125, "gradient_norm_max": 1455.7265625, "step_seconds": 0.26653361693024635, "innovation_std_sum": 923.7964237270317, "noise_marginal_std_sum": 1040.8735543243972}
{"step": 300, "epoch": 5, "train_loss": 0.3989498901367188, "clip_fraction": 0.234, "gradient_norm_mean": 186.228140625, "gradient_norm_max": 1656.38330078125, "step_seconds": 0.2687299232929945, "innovation_std_sum": 923.7964237270317, "noise_marginal_std_sum": 1040.8735543243972}
{"step": 310, "epoch": 5, "train_loss": 0.4188841552734375, "clip_fraction": 0.244, "gradient_norm_mean": 201.2749375, "gradient_norm_max": 1381.134033203125, "step_seconds": 0.26695067435503006, "innovation_std_sum": 923.7964237270317, "noise_marginal_std_sum": 1040.8735543243972}
{"epoch": 5, "step": 310, "train_loss": 0.41438632349814136, "clip_fraction": 0.24180645161290323, "epsilon": 3.9999999999999685, "accuracy": 0.7740825688073395, "validation_loss": 0.5411445153962582, "validation_examples": 872}
