Loading weights:   0%|          | 0/39 [00:00<?, ?it/s]Loading weights: 100%|██████████| 39/39 [00:00<00:00, 17932.24it/s]
[transformers] [1mBertModel LOAD REPORT[0m from: /media/data/data/lt/dp-adam-correlated/cache/bert-tiny
Key                                        | Status     |  | 
-------------------------------------------+------------+--+-
cls.predictions.transform.dense.bias       | UNEXPECTED |  | 
cls.seq_relationship.weight                | UNEXPECTED |  | 
cls.predictions.transform.dense.weight     | UNEXPECTED |  | 
cls.predictions.decoder.weight             | UNEXPECTED |  | 
cls.predictions.transform.LayerNorm.bias   | UNEXPECTED |  | 
cls.predictions.transform.LayerNorm.weight | UNEXPECTED |  | 
cls.predictions.decoder.bias               | UNEXPECTED |  | 
cls.predictions.bias                       | UNEXPECTED |  | 
cls.seq_relationship.bias                  | UNEXPECTED |  | 

Notes:
- UNEXPECTED:	can be ignored when loading from different task/architecture; not ok if you expect identical arch.
sys:1: UserWarning: Full backward hook is firing when gradients are computed with respect to module outputs since no inputs require gradients. See https://docs.pytorch.org/docs/main/generated/torch.nn.Module.html#torch.nn.Module.register_full_backward_hook for more details.
{"step": 10, "epoch": 1, "train_loss": 0.6874071655273437, "clip_fraction": 0.0, "gradient_norm_mean": 36.338, "gradient_norm_max": 65.72284698486328, "step_seconds": 0.26481393352150917, "innovation_std_sum": 457.2045876410015, "noise_marginal_std_sum": 630.6280027905789}
{"step": 20, "epoch": 1, "train_loss": 0.6470304565429688, "clip_fraction": 0.0, "gradient_norm_mean": 40.1201171875, "gradient_norm_max": 76.90498352050781, "step_seconds": 0.270112419500947, "innovation_std_sum": 457.2045876410015, "noise_marginal_std_sum": 630.6280027905789}
{"step": 30, "epoch": 1, "train_loss": 0.6282939453125, "clip_fraction": 0.0, "gradient_norm_mean": 48.68952734375, "gradient_norm_max": 97.09142303466797, "step_seconds": 0.2695862390100956, "innovation_std_sum": 457.2045876410015, "noise_marginal_std_sum": 630.6280027905789}
{"step": 40, "epoch": 1, "train_loss": 0.6186144409179688, "clip_fraction": 0.019, "gradient_norm_mean": 56.85225, "gradient_norm_max": 118.2936019897461, "step_seconds": 0.2704156953841448, "innovation_std_sum": 457.2045876410015, "noise_marginal_std_sum": 630.6280027905789}
{"step": 50, "epoch": 1, "train_loss": 0.5865093383789063, "clip_fraction": 0.102, "gradient_norm_mean": 64.007359375, "gradient_norm_max": 179.7398681640625, "step_seconds": 0.2695026211440563, "innovation_std_sum": 457.2045876410015, "noise_marginal_std_sum": 630.6280027905789}
{"step": 60, "epoch": 1, "train_loss": 0.5646724853515624, "clip_fraction": 0.256, "gradient_norm_mean": 73.365203125, "gradient_norm_max": 206.66458129882812, "step_seconds": 0.2743515968322754, "innovation_std_sum": 457.2045876410015, "noise_marginal_std_sum": 630.6280027905789}
{"epoch": 1, "step": 62, "train_loss": 0.6250195824407762, "clip_fraction": 0.05140322580645161, "epsilon": 2.983473211150575, "accuracy": 0.7292951953636194, "validation_loss": 0.538977899870531, "validation_examples": 5349}
{"step": 70, "epoch": 2, "train_loss": 0.534754638671875, "clip_fraction": 0.354, "gradient_norm_mean": 80.511203125, "gradient_norm_max": 255.39382934570312, "step_seconds": 0.27170578949153423, "innovation_std_sum": 457.2045876410015, "noise_marginal_std_sum": 630.6280027905789}
{"step": 80, "epoch": 2, "train_loss": 0.53759619140625, "clip_fraction": 0.413, "gradient_norm_mean": 91.39253125, "gradient_norm_max": 340.24346923828125, "step_seconds": 0.271066639572382, "innovation_std_sum": 457.2045876410015, "noise_marginal_std_sum": 630.6280027905789}
{"step": 90, "epoch": 2, "train_loss": 0.526648193359375, "clip_fraction": 0.391, "gradient_norm_mean": 92.838515625, "gradient_norm_max": 415.08868408203125, "step_seconds": 0.2750218100845814, "innovation_std_sum": 457.2045876410015, "noise_marginal_std_sum": 630.6280027905789}
{"step": 100, "epoch": 2, "train_loss": 0.5209498291015625, "clip_fraction": 0.399, "gradient_norm_mean": 102.283203125, "gradient_norm_max": 431.8067321777344, "step_seconds": 0.274552034214139, "innovation_std_sum": 457.2045876410015, "noise_marginal_std_sum": 630.6280027905789}
{"step": 110, "epoch": 2, "train_loss": 0.5069065551757812, "clip_fraction": 0.381, "gradient_norm_mean": 102.907078125, "gradient_norm_max": 509.23089599609375, "step_seconds": 0.27648355066776276, "innovation_std_sum": 457.2045876410015, "noise_marginal_std_sum": 630.6280027905789}
{"step": 120, "epoch": 2, "train_loss": 0.4737903137207031, "clip_fraction": 0.368, "gradient_norm_mean": 102.8978515625, "gradient_norm_max": 647.829833984375, "step_seconds": 0.2835570927709341, "innovation_std_sum": 457.2045876410015, "noise_marginal_std_sum": 630.6280027905789}
{"epoch": 2, "step": 124, "train_loss": 0.523468491585024, "clip_fraction": 0.386241935483871, "epsilon": 4.566965972959099, "accuracy": 0.7737894933632454, "validation_loss": 0.5192948008145233, "validation_examples": 5349}
{"step": 130, "epoch": 3, "train_loss": 0.4898253173828125, "clip_fraction": 0.371, "gradient_norm_mean": 107.1370625, "gradient_norm_max": 571.4050903320312, "step_seconds": 0.27491884119808674, "innovation_std_sum": 457.2045876410015, "noise_marginal_std_sum": 630.6280027905789}
{"step": 140, "epoch": 3, "train_loss": 0.5151446533203125, "clip_fraction": 0.385, "gradient_norm_mean": 117.433078125, "gradient_norm_max": 616.2522583007812, "step_seconds": 0.274550074711442, "innovation_std_sum": 457.2045876410015, "noise_marginal_std_sum": 630.6280027905789}
{"step": 150, "epoch": 3, "train_loss": 0.525826416015625, "clip_fraction": 0.373, "gradient_norm_mean": 112.035734375, "gradient_norm_max": 664.0365600585938, "step_seconds": 0.2730205897241831, "innovation_std_sum": 457.2045876410015, "noise_marginal_std_sum": 630.6280027905789}
{"step": 160, "epoch": 3, "train_loss": 0.539400634765625, "clip_fraction": 0.38, "gradient_norm_mean": 116.358515625, "gradient_norm_max": 578.9703979492188, "step_seconds": 0.155209980905056, "innovation_std_sum": 457.2045876410015, "noise_marginal_std_sum": 630.6280027905789}
{"step": 170, "epoch": 3, "train_loss": 0.5202593994140625, "clip_fraction": 0.369, "gradient_norm_mean": 110.7342421875, "gradient_norm_max": 603.0293579101562, "step_seconds": 0.2728615626692772, "innovation_std_sum": 457.2045876410015, "noise_marginal_std_sum": 630.6280027905789}
{"step": 180, "epoch": 3, "train_loss": 0.5237826538085938, "clip_fraction": 0.351, "gradient_norm_mean": 109.2875703125, "gradient_norm_max": 631.6885986328125, "step_seconds": 0.18455505557358265, "innovation_std_sum": 457.2045876410015, "noise_marginal_std_sum": 630.6280027905789}
{"epoch": 3, "step": 186, "train_loss": 0.503579090241463, "clip_fraction": 0.36782258064516127, "epsilon": 5.849088165717443, "accuracy": 0.7952888390353338, "validation_loss": 0.4852297917150475, "validation_examples": 5349}
{"step": 190, "epoch": 4, "train_loss": 0.43965509033203126, "clip_fraction": 0.347, "gradient_norm_mean": 108.2123984375, "gradient_norm_max": 797.6669311523438, "step_seconds": 0.27320689149200916, "innovation_std_sum": 457.2045876410015, "noise_marginal_std_sum": 630.6280027905789}
{"step": 200, "epoch": 4, "train_loss": 0.492131103515625, "clip_fraction": 0.355, "gradient_norm_mean": 110.8624765625, "gradient_norm_max": 640.4935302734375, "step_seconds": 0.27623683772981167, "innovation_std_sum": 457.2045876410015, "noise_marginal_std_sum": 630.6280027905789}
{"step": 210, "epoch": 4, "train_loss": 0.4952971801757812, "clip_fraction": 0.358, "gradient_norm_mean": 111.4984609375, "gradient_norm_max": 648.021240234375, "step_seconds": 0.20622451417148113, "innovation_std_sum": 457.2045876410015, "noise_marginal_std_sum": 630.6280027905789}
{"step": 220, "epoch": 4, "train_loss": 0.47945379638671876, "clip_fraction": 0.328, "gradient_norm_mean": 99.104640625, "gradient_norm_max": 759.9718627929688, "step_seconds": 0.2752246595919132, "innovation_std_sum": 457.2045876410015, "noise_marginal_std_sum": 630.6280027905789}
{"step": 230, "epoch": 4, "train_loss": 0.475041748046875, "clip_fraction": 0.343, "gradient_norm_mean": 109.2795546875, "gradient_norm_max": 844.554931640625, "step_seconds": 0.27596062049269676, "innovation_std_sum": 457.2045876410015, "noise_marginal_std_sum": 630.6280027905789}
{"step": 240, "epoch": 4, "train_loss": 0.472764892578125, "clip_fraction": 0.328, "gradient_norm_mean": 106.7355625, "gradient_norm_max": 719.396240234375, "step_seconds": 0.2758982200175524, "innovation_std_sum": 457.2045876410015, "noise_marginal_std_sum": 630.6280027905789}
{"epoch": 4, "step": 248, "train_loss": 0.47852532663652975, "clip_fraction": 0.33433870967741935, "epsilon": 6.974398475295221, "accuracy": 0.806692839783137, "validation_loss": 0.46544720529729927, "validation_examples": 5349}
{"step": 250, "epoch": 5, "train_loss": 0.49397772216796876, "clip_fraction": 0.31, "gradient_norm_mean": 96.6324375, "gradient_norm_max": 711.0716552734375, "step_seconds": 0.2687894720584154, "innovation_std_sum": 457.2045876410015, "noise_marginal_std_sum": 630.6280027905789}
{"step": 260, "epoch": 5, "train_loss": 0.46374267578125, "clip_fraction": 0.304, "gradient_norm_mean": 100.270265625, "gradient_norm_max": 754.2677612304688, "step_seconds": 0.20464113913476467, "innovation_std_sum": 457.2045876410015, "noise_marginal_std_sum": 630.6280027905789}
{"step": 270, "epoch": 5, "train_loss": 0.448268798828125, "clip_fraction": 0.315, "gradient_norm_mean": 95.82615625, "gradient_norm_max": 725.5078125, "step_seconds": 0.27542069740593433, "innovation_std_sum": 457.2045876410015, "noise_marginal_std_sum": 630.6280027905789}
{"step": 280, "epoch": 5, "train_loss": 0.4487728271484375, "clip_fraction": 0.319, "gradient_norm_mean": 101.33484375, "gradient_norm_max": 685.7293090820312, "step_seconds": 0.2760728970170021, "innovation_std_sum": 457.2045876410015, "noise_marginal_std_sum": 630.6280027905789}
{"step": 290, "epoch": 5, "train_loss": 0.4371068115234375, "clip_fraction": 0.293, "gradient_norm_mean": 90.979515625, "gradient_norm_max": 762.2342529296875, "step_seconds": 0.2771502248942852, "innovation_std_sum": 457.2045876410015, "noise_marginal_std_sum": 630.6280027905789}
{"step": 300, "epoch": 5, "train_loss": 0.434212158203125, "clip_fraction": 0.301, "gradient_norm_mean": 91.362640625, "gradient_norm_max": 701.56591796875, "step_seconds": 0.2766983639448881, "innovation_std_sum": 457.2045876410015, "noise_marginal_std_sum": 630.6280027905789}
{"step": 310, "epoch": 5, "train_loss": 0.4753540954589844, "clip_fraction": 0.309, "gradient_norm_mean": 93.8029375, "gradient_norm_max": 743.7462158203125, "step_seconds": 0.13083193078637123, "innovation_std_sum": 457.2045876410015, "noise_marginal_std_sum": 630.6280027905789}
{"epoch": 5, "step": 310, "train_loss": 0.4578720442248929, "clip_fraction": 0.3095806451612903, "epsilon": 8.000000000000005, "accuracy": 0.8151056272200411, "validation_loss": 0.4471073603491891, "validation_examples": 5349}
