/home/longt29/miniconda3/envs/curve/lib/python3.11/site-packages/torchvision/datasets/cifar.py:83: VisibleDeprecationWarning: dtype(): align should be passed as Python or NumPy boolean but got `align=0`. Did you mean to pass a tuple to create a subarray type? (Deprecated NumPy 2.4)
  entry = pickle.load(f, encoding="latin1")
sys:1: UserWarning: Full backward hook is firing when gradients are computed with respect to module outputs since no inputs require gradients. See https://docs.pytorch.org/docs/main/generated/torch.nn.Module.html#torch.nn.Module.register_full_backward_hook for more details.
{"step": 10, "epoch": 1, "train_loss": 4.599279907226562, "clip_fraction": 1.0, "gradient_norm_mean": 56.5958857421875, "gradient_norm_max": 115.68987274169922, "step_seconds": 2.1571385711431503, "innovation_std_sum": 254.70285385988242, "noise_marginal_std_sum": 351.31483011460904}
{"step": 20, "epoch": 1, "train_loss": 4.411586059570313, "clip_fraction": 1.0, "gradient_norm_mean": 52.5749716796875, "gradient_norm_max": 95.66133880615234, "step_seconds": 2.168747818097472, "innovation_std_sum": 254.70285385988242, "noise_marginal_std_sum": 351.31483011460904}
{"step": 30, "epoch": 1, "train_loss": 4.209089111328125, "clip_fraction": 1.0, "gradient_norm_mean": 63.237044921875, "gradient_norm_max": 127.6323013305664, "step_seconds": 2.170862974599004, "innovation_std_sum": 254.70285385988242, "noise_marginal_std_sum": 351.31483011460904}
{"step": 40, "epoch": 1, "train_loss": 4.002031921386719, "clip_fraction": 1.0, "gradient_norm_mean": 80.007451171875, "gradient_norm_max": 177.64122009277344, "step_seconds": 2.1754252295941114, "innovation_std_sum": 254.70285385988242, "noise_marginal_std_sum": 351.31483011460904}
{"step": 50, "epoch": 1, "train_loss": 3.713418518066406, "clip_fraction": 1.0, "gradient_norm_mean": 96.57823828125, "gradient_norm_max": 263.895263671875, "step_seconds": 2.177276412025094, "innovation_std_sum": 254.70285385988242, "noise_marginal_std_sum": 351.31483011460904}
{"epoch": 1, "step": 50, "train_loss": 4.305521929931641, "clip_fraction": 1.0, "epsilon": 1.4876774306847862, "accuracy": 0.1836, "validation_loss": 3.5258463806152345, "validation_examples": 10000}
{"step": 60, "epoch": 2, "train_loss": 3.4936805419921875, "clip_fraction": 1.0, "gradient_norm_mean": 105.47596484375, "gradient_norm_max": 263.0071105957031, "step_seconds": 2.1636380665004253, "innovation_std_sum": 254.70285385988242, "noise_marginal_std_sum": 351.31483011460904}
{"step": 70, "epoch": 2, "train_loss": 3.2865165405273435, "clip_fraction": 1.0, "gradient_norm_mean": 108.72200390625, "gradient_norm_max": 335.2028503417969, "step_seconds": 2.2043886054307222, "innovation_std_sum": 254.70285385988242, "noise_marginal_std_sum": 351.31483011460904}
{"step": 80, "epoch": 2, "train_loss": 3.144086181640625, "clip_fraction": 0.999, "gradient_norm_mean": 117.060685546875, "gradient_norm_max": 354.1158142089844, "step_seconds": 2.182185413315892, "innovation_std_sum": 254.70285385988242, "noise_marginal_std_sum": 351.31483011460904}
{"step": 90, "epoch": 2, "train_loss": 2.994328857421875, "clip_fraction": 1.0, "gradient_norm_mean": 116.292375, "gradient_norm_max": 283.7825927734375, "step_seconds": 2.180698174983263, "innovation_std_sum": 254.70285385988242, "noise_marginal_std_sum": 351.31483011460904}
{"step": 100, "epoch": 2, "train_loss": 2.9142864990234374, "clip_fraction": 0.993, "gradient_norm_mean": 122.483625, "gradient_norm_max": 544.9199829101562, "step_seconds": 2.18028306029737, "innovation_std_sum": 254.70285385988242, "noise_marginal_std_sum": 351.31483011460904}
{"epoch": 2, "step": 100, "train_loss": 3.2157035913085936, "clip_fraction": 0.99866, "epsilon": 2.299035157951723, "accuracy": 0.3799, "validation_loss": 2.504126416015625, "validation_examples": 10000}
{"step": 110, "epoch": 3, "train_loss": 2.654366455078125, "clip_fraction": 0.987, "gradient_norm_mean": 118.539982421875, "gradient_norm_max": 429.3092956542969, "step_seconds": 2.1641944777220488, "innovation_std_sum": 254.70285385988242, "noise_marginal_std_sum": 351.31483011460904}
{"step": 120, "epoch": 3, "train_loss": 2.653885009765625, "clip_fraction": 0.981, "gradient_norm_mean": 121.663099609375, "gradient_norm_max": 464.0588684082031, "step_seconds": 2.178516201674938, "innovation_std_sum": 254.70285385988242, "noise_marginal_std_sum": 351.31483011460904}
{"step": 130, "epoch": 3, "train_loss": 2.48083154296875, "clip_fraction": 0.98, "gradient_norm_mean": 119.4155546875, "gradient_norm_max": 529.7033081054688, "step_seconds": 2.1790832690894604, "innovation_std_sum": 254.70285385988242, "noise_marginal_std_sum": 351.31483011460904}
{"step": 140, "epoch": 3, "train_loss": 2.3857628784179687, "clip_fraction": 0.967, "gradient_norm_mean": 121.3384609375, "gradient_norm_max": 682.7667236328125, "step_seconds": 2.172167457640171, "innovation_std_sum": 254.70285385988242, "noise_marginal_std_sum": 351.31483011460904}
{"step": 150, "epoch": 3, "train_loss": 2.411931396484375, "clip_fraction": 0.955, "gradient_norm_mean": 121.070267578125, "gradient_norm_max": 398.51568603515625, "step_seconds": 2.1666355207562447, "innovation_std_sum": 254.70285385988242, "noise_marginal_std_sum": 351.31483011460904}
{"epoch": 3, "step": 150, "train_loss": 2.555894183349609, "clip_fraction": 0.9779, "epsilon": 2.9436131898430915, "accuracy": 0.5029, "validation_loss": 1.9325061279296876, "validation_examples": 10000}
{"step": 160, "epoch": 4, "train_loss": 2.1733509521484375, "clip_fraction": 0.945, "gradient_norm_mean": 118.032484375, "gradient_norm_max": 380.71954345703125, "step_seconds": 2.1661565098911524, "innovation_std_sum": 254.70285385988242, "noise_marginal_std_sum": 351.31483011460904}
{"step": 170, "epoch": 4, "train_loss": 2.2872537841796876, "clip_fraction": 0.95, "gradient_norm_mean": 120.79971484375, "gradient_norm_max": 356.7076721191406, "step_seconds": 2.169509483501315, "innovation_std_sum": 254.70285385988242, "noise_marginal_std_sum": 351.31483011460904}
{"step": 180, "epoch": 4, "train_loss": 2.1110519409179687, "clip_fraction": 0.923, "gradient_norm_mean": 116.797552734375, "gradient_norm_max": 406.7505187988281, "step_seconds": 2.1878286842256784, "innovation_std_sum": 254.70285385988242, "noise_marginal_std_sum": 351.31483011460904}
{"step": 190, "epoch": 4, "train_loss": 2.07719580078125, "clip_fraction": 0.929, "gradient_norm_mean": 119.76153515625, "gradient_norm_max": 533.5088500976562, "step_seconds": 2.171081865206361, "innovation_std_sum": 254.70285385988242, "noise_marginal_std_sum": 351.31483011460904}
{"step": 200, "epoch": 4, "train_loss": 2.1412777709960937, "clip_fraction": 0.909, "gradient_norm_mean": 122.319998046875, "gradient_norm_max": 537.2960205078125, "step_seconds": 2.1909944266080856, "innovation_std_sum": 254.70285385988242, "noise_marginal_std_sum": 351.31483011460904}
{"epoch": 4, "step": 200, "train_loss": 2.166733606567383, "clip_fraction": 0.93232, "epsilon": 3.49978915643989, "accuracy": 0.5766, "validation_loss": 1.593907180786133, "validation_examples": 10000}
{"step": 210, "epoch": 5, "train_loss": 1.9957327270507812, "clip_fraction": 0.901, "gradient_norm_mean": 119.384169921875, "gradient_norm_max": 550.9948120117188, "step_seconds": 2.173181204125285, "innovation_std_sum": 254.70285385988242, "noise_marginal_std_sum": 351.31483011460904}
{"step": 220, "epoch": 5, "train_loss": 2.027515075683594, "clip_fraction": 0.888, "gradient_norm_mean": 118.167818359375, "gradient_norm_max": 450.697509765625, "step_seconds": 2.1650769487023354, "innovation_std_sum": 254.70285385988242, "noise_marginal_std_sum": 351.31483011460904}
{"step": 230, "epoch": 5, "train_loss": 1.9238980407714843, "clip_fraction": 0.892, "gradient_norm_mean": 117.26823828125, "gradient_norm_max": 548.4192504882812, "step_seconds": 2.187852617353201, "innovation_std_sum": 254.70285385988242, "noise_marginal_std_sum": 351.31483011460904}
{"step": 240, "epoch": 5, "train_loss": 1.8423100891113282, "clip_fraction": 0.877, "gradient_norm_mean": 116.967091796875, "gradient_norm_max": 718.4580078125, "step_seconds": 2.179207378998399, "innovation_std_sum": 254.70285385988242, "noise_marginal_std_sum": 351.31483011460904}
{"step": 250, "epoch": 5, "train_loss": 1.8747796630859375, "clip_fraction": 0.871, "gradient_norm_mean": 120.879830078125, "gradient_norm_max": 542.0733642578125, "step_seconds": 2.197582198306918, "innovation_std_sum": 254.70285385988242, "noise_marginal_std_sum": 351.31483011460904}
{"epoch": 5, "step": 250, "train_loss": 1.931364559326172, "clip_fraction": 0.8848, "epsilon": 3.9999999999999685, "accuracy": 0.6269, "validation_loss": 1.3621040740966797, "validation_examples": 10000}
