/home/longt29/miniconda3/envs/curve/lib/python3.11/site-packages/torchvision/datasets/cifar.py:83: VisibleDeprecationWarning: dtype(): align should be passed as Python or NumPy boolean but got `align=0`. Did you mean to pass a tuple to create a subarray type? (Deprecated NumPy 2.4)
  entry = pickle.load(f, encoding="latin1")
sys:1: UserWarning: Full backward hook is firing when gradients are computed with respect to module outputs since no inputs require gradients. See https://docs.pytorch.org/docs/main/generated/torch.nn.Module.html#torch.nn.Module.register_full_backward_hook for more details.
{"step": 10, "epoch": 1, "train_loss": 4.57466796875, "clip_fraction": 1.0, "gradient_norm_mean": 54.12225, "gradient_norm_max": 101.07025146484375, "step_seconds": 2.114649059250951, "innovation_std_sum": 144.0803108758691, "noise_marginal_std_sum": 198.73177379497218}
{"step": 20, "epoch": 1, "train_loss": 4.361116943359375, "clip_fraction": 1.0, "gradient_norm_mean": 53.542466796875, "gradient_norm_max": 109.9019775390625, "step_seconds": 2.1245179511606693, "innovation_std_sum": 144.0803108758691, "noise_marginal_std_sum": 198.73177379497218}
{"step": 30, "epoch": 1, "train_loss": 4.14534228515625, "clip_fraction": 1.0, "gradient_norm_mean": 64.479078125, "gradient_norm_max": 129.0434112548828, "step_seconds": 2.1321070697158575, "innovation_std_sum": 144.0803108758691, "noise_marginal_std_sum": 198.73177379497218}
{"step": 40, "epoch": 1, "train_loss": 3.87198193359375, "clip_fraction": 1.0, "gradient_norm_mean": 82.41740625, "gradient_norm_max": 175.19024658203125, "step_seconds": 2.1238845139741898, "innovation_std_sum": 144.0803108758691, "noise_marginal_std_sum": 198.73177379497218}
{"epoch": 1, "step": 45, "train_loss": 4.284585894097222, "clip_fraction": 1.0, "epsilon": 2.805247463992718, "accuracy": 0.2026, "validation_loss": 3.477755224609375, "validation_examples": 5000}
{"step": 50, "epoch": 2, "train_loss": 3.50145947265625, "clip_fraction": 1.0, "gradient_norm_mean": 93.488748046875, "gradient_norm_max": 249.8008575439453, "step_seconds": 2.1206929069012403, "innovation_std_sum": 144.0803108758691, "noise_marginal_std_sum": 198.73177379497218}
{"step": 60, "epoch": 2, "train_loss": 3.2801904907226564, "clip_fraction": 0.999, "gradient_norm_mean": 102.1952890625, "gradient_norm_max": 305.725341796875, "step_seconds": 2.1591956615448, "innovation_std_sum": 144.0803108758691, "noise_marginal_std_sum": 198.73177379497218}
{"step": 70, "epoch": 2, "train_loss": 2.9504691162109373, "clip_fraction": 0.997, "gradient_norm_mean": 103.615146484375, "gradient_norm_max": 282.271240234375, "step_seconds": 2.1338879875838757, "innovation_std_sum": 144.0803108758691, "noise_marginal_std_sum": 198.73177379497218}
{"step": 80, "epoch": 2, "train_loss": 2.862570007324219, "clip_fraction": 0.987, "gradient_norm_mean": 107.84701171875, "gradient_norm_max": 329.0234375, "step_seconds": 2.1146310325711966, "innovation_std_sum": 144.0803108758691, "noise_marginal_std_sum": 198.73177379497218}
{"step": 90, "epoch": 2, "train_loss": 2.6924758911132813, "clip_fraction": 0.985, "gradient_norm_mean": 110.535130859375, "gradient_norm_max": 512.0943603515625, "step_seconds": 2.1181090380996466, "innovation_std_sum": 144.0803108758691, "noise_marginal_std_sum": 198.73177379497218}
{"epoch": 2, "step": 90, "train_loss": 3.0965985866970485, "clip_fraction": 0.9949333333333333, "epsilon": 4.4474719255524375, "accuracy": 0.4346, "validation_loss": 2.3089818603515626, "validation_examples": 5000}
{"step": 100, "epoch": 3, "train_loss": 2.47605908203125, "clip_fraction": 0.975, "gradient_norm_mean": 109.9559375, "gradient_norm_max": 355.50390625, "step_seconds": 2.1183847207576036, "innovation_std_sum": 144.0803108758691, "noise_marginal_std_sum": 198.73177379497218}
{"step": 110, "epoch": 3, "train_loss": 2.3485617065429687, "clip_fraction": 0.961, "gradient_norm_mean": 110.463447265625, "gradient_norm_max": 712.3853149414062, "step_seconds": 2.129595872014761, "innovation_std_sum": 144.0803108758691, "noise_marginal_std_sum": 198.73177379497218}
{"step": 120, "epoch": 3, "train_loss": 2.26573583984375, "clip_fraction": 0.95, "gradient_norm_mean": 110.970548828125, "gradient_norm_max": 443.5323486328125, "step_seconds": 2.126268172636628, "innovation_std_sum": 144.0803108758691, "noise_marginal_std_sum": 198.73177379497218}
{"step": 130, "epoch": 3, "train_loss": 2.1346695556640625, "clip_fraction": 0.936, "gradient_norm_mean": 108.626349609375, "gradient_norm_max": 401.7572326660156, "step_seconds": 2.1369359865784645, "innovation_std_sum": 144.0803108758691, "noise_marginal_std_sum": 198.73177379497218}
{"epoch": 3, "step": 135, "train_loss": 2.3574361707899305, "clip_fraction": 0.9550222222222222, "epsilon": 5.779485746307642, "accuracy": 0.565, "validation_loss": 1.7168289306640625, "validation_examples": 5000}
{"step": 140, "epoch": 4, "train_loss": 2.0639219665527344, "clip_fraction": 0.902, "gradient_norm_mean": 107.973203125, "gradient_norm_max": 641.7802124023438, "step_seconds": 2.125131420791149, "innovation_std_sum": 144.0803108758691, "noise_marginal_std_sum": 198.73177379497218}
{"step": 150, "epoch": 4, "train_loss": 2.05856982421875, "clip_fraction": 0.901, "gradient_norm_mean": 110.568048828125, "gradient_norm_max": 547.5955200195312, "step_seconds": 2.1192316226661205, "innovation_std_sum": 144.0803108758691, "noise_marginal_std_sum": 198.73177379497218}
{"step": 160, "epoch": 4, "train_loss": 2.0023355712890627, "clip_fraction": 0.887, "gradient_norm_mean": 111.61512890625, "gradient_norm_max": 485.65191650390625, "step_seconds": 2.1270196177065372, "innovation_std_sum": 144.0803108758691, "noise_marginal_std_sum": 198.73177379497218}
{"step": 170, "epoch": 4, "train_loss": 1.8827691650390626, "clip_fraction": 0.883, "gradient_norm_mean": 108.020078125, "gradient_norm_max": 554.6240844726562, "step_seconds": 2.1749271787703037, "innovation_std_sum": 144.0803108758691, "noise_marginal_std_sum": 198.73177379497218}
{"step": 180, "epoch": 4, "train_loss": 1.854164581298828, "clip_fraction": 0.87, "gradient_norm_mean": 106.8362265625, "gradient_norm_max": 368.8149719238281, "step_seconds": 2.135450964793563, "innovation_std_sum": 144.0803108758691, "noise_marginal_std_sum": 198.73177379497218}
{"epoch": 4, "step": 180, "train_loss": 1.9785156907823351, "clip_fraction": 0.8933555555555556, "epsilon": 6.943065470652311, "accuracy": 0.6328, "validation_loss": 1.3922018981933593, "validation_examples": 5000}
{"step": 190, "epoch": 5, "train_loss": 1.7851120300292969, "clip_fraction": 0.857, "gradient_norm_mean": 108.621587890625, "gradient_norm_max": 500.6775207519531, "step_seconds": 2.1204026360064745, "innovation_std_sum": 144.0803108758691, "noise_marginal_std_sum": 198.73177379497218}
{"step": 200, "epoch": 5, "train_loss": 1.782285369873047, "clip_fraction": 0.85, "gradient_norm_mean": 109.743634765625, "gradient_norm_max": 663.75341796875, "step_seconds": 2.1237485017627478, "innovation_std_sum": 144.0803108758691, "noise_marginal_std_sum": 198.73177379497218}
{"step": 210, "epoch": 5, "train_loss": 1.792794158935547, "clip_fraction": 0.81, "gradient_norm_mean": 108.042763671875, "gradient_norm_max": 565.7435302734375, "step_seconds": 2.1284274756908417, "innovation_std_sum": 144.0803108758691, "noise_marginal_std_sum": 198.73177379497218}
{"step": 220, "epoch": 5, "train_loss": 1.6911298522949219, "clip_fraction": 0.82, "gradient_norm_mean": 109.569798828125, "gradient_norm_max": 493.5658874511719, "step_seconds": 2.1339981481432915, "innovation_std_sum": 144.0803108758691, "noise_marginal_std_sum": 198.73177379497218}
{"epoch": 5, "step": 225, "train_loss": 1.752284605577257, "clip_fraction": 0.8347111111111111, "epsilon": 8.000000000000005, "accuracy": 0.6684, "validation_loss": 1.1949302612304689, "validation_examples": 5000}
