/home/longt29/miniconda3/envs/curve/lib/python3.11/site-packages/torchvision/datasets/cifar.py:83: VisibleDeprecationWarning: dtype(): align should be passed as Python or NumPy boolean but got `align=0`. Did you mean to pass a tuple to create a subarray type? (Deprecated NumPy 2.4)
  entry = pickle.load(f, encoding="latin1")
{"method": "dp-adam-momentum-bias-bandinvmf-scale", "smoke": false, "calibration": {"target_mu": 1.6660305978457184, "sensitivity": 4.065608121489227, "innovation_std_sum": 40.671603178100014, "adjacency": "add_remove_zero_out", "k": 5, "b_participation": 50, "sampling_amplification": false}, "coefficients": [1.0, -0.53161943769869, -0.0779998119461293, -0.2795535556950146]}
sys:1: UserWarning: Full backward hook is firing when gradients are computed with respect to module outputs since no inputs require gradients. See https://docs.pytorch.org/docs/main/generated/torch.nn.Module.html#torch.nn.Module.register_full_backward_hook for more details.
{"progress_step": 10, "epoch": 1, "train_loss_so_far": 4.580651379394531, "clip_fraction_so_far": 1.0}
{"progress_step": 20, "epoch": 1, "train_loss_so_far": 4.197499893188477, "clip_fraction_so_far": 1.0}
{"progress_step": 30, "epoch": 1, "train_loss_so_far": 3.8320084187825523, "clip_fraction_so_far": 0.9999}
{"progress_step": 40, "epoch": 1, "train_loss_so_far": 3.538516722106934, "clip_fraction_so_far": 0.998975}
{"progress_step": 50, "epoch": 1, "train_loss_so_far": 3.300128695678711, "clip_fraction_so_far": 0.99736}
{"epoch": 1, "logical_steps": 50, "train_examples": 50000, "train_loss": 3.300128695678711, "test_loss": 1.7854875396728516, "test_top1": 0.5083, "clip_fraction": 0.99736, "gdp_mu": 0.7271304784322894, "gdp_epsilon": 3.037976902428691, "target_mu": 1.6660305978457184, "target_epsilon": 8.0, "delta": 1e-05, "noise_std": 0.047550190189050025, "noise_std_space": "scaled", "innovation_std_sum": 40.671603178100014, "augmentation_trace_sha256": "d63da21bdb0b5208efde32fe6efd500a1dd8422cf2de8538c5d20df0af3afa1c", "seconds": 139.09042937867343}
{"progress_step": 60, "epoch": 2, "train_loss_so_far": 2.113086865234375, "clip_fraction_so_far": 0.9777}
{"progress_step": 70, "epoch": 2, "train_loss_so_far": 2.0520348220825197, "clip_fraction_so_far": 0.9688}
{"progress_step": 80, "epoch": 2, "train_loss_so_far": 1.9795344879150392, "clip_fraction_so_far": 0.9573}
{"progress_step": 90, "epoch": 2, "train_loss_so_far": 1.9313679084777833, "clip_fraction_so_far": 0.94665}
{"progress_step": 100, "epoch": 2, "train_loss_so_far": 1.8794388122558594, "clip_fraction_so_far": 0.93666}
{"epoch": 2, "logical_steps": 100, "train_examples": 50000, "train_loss": 1.8794388122558594, "test_loss": 1.1566235229492188, "test_top1": 0.6602, "clip_fraction": 0.93666, "gdp_mu": 1.0438331619280494, "gdp_epsilon": 4.600416946348178, "target_mu": 1.6660305978457184, "target_epsilon": 8.0, "delta": 1e-05, "noise_std": 0.047550190189050025, "noise_std_space": "scaled", "innovation_std_sum": 40.671603178100014, "augmentation_trace_sha256": "eba11842858511941e69682cb3174b7d5e6fd73ab7d8425892c6d4fc55cf418b", "seconds": 135.15964717417955}
{"progress_step": 110, "epoch": 3, "train_loss_so_far": 1.6302370025634765, "clip_fraction_so_far": 0.8802}
{"progress_step": 120, "epoch": 3, "train_loss_so_far": 1.6163714813232422, "clip_fraction_so_far": 0.8712}
{"progress_step": 130, "epoch": 3, "train_loss_so_far": 1.5853083984375, "clip_fraction_so_far": 0.8619}
{"progress_step": 140, "epoch": 3, "train_loss_so_far": 1.5754161811828613, "clip_fraction_so_far": 0.85415}
{"progress_step": 150, "epoch": 3, "train_loss_so_far": 1.5641749951171875, "clip_fraction_so_far": 0.84746}
{"epoch": 3, "logical_steps": 150, "train_examples": 50000, "train_loss": 1.5641749951171875, "test_loss": 0.947903483581543, "test_top1": 0.7137, "clip_fraction": 0.84746, "gdp_mu": 1.2851399415460758, "gdp_epsilon": 5.868262919898993, "target_mu": 1.6660305978457184, "target_epsilon": 8.0, "delta": 1e-05, "noise_std": 0.047550190189050025, "noise_std_space": "scaled", "innovation_std_sum": 40.671603178100014, "augmentation_trace_sha256": "f4ab582ea37ff08d6c3ec209d5c76a6a59fcdd228971935ccfe60255636fc688", "seconds": 131.4001945797354}
{"progress_step": 160, "epoch": 4, "train_loss_so_far": 1.4827149169921876, "clip_fraction_so_far": 0.8053}
{"progress_step": 170, "epoch": 4, "train_loss_so_far": 1.469445851135254, "clip_fraction_so_far": 0.80065}
{"progress_step": 180, "epoch": 4, "train_loss_so_far": 1.4521327362060548, "clip_fraction_so_far": 0.7924333333333333}
{"progress_step": 190, "epoch": 4, "train_loss_so_far": 1.4429921424865724, "clip_fraction_so_far": 0.786925}
{"progress_step": 200, "epoch": 4, "train_loss_so_far": 1.4388055529785155, "clip_fraction_so_far": 0.78232}
{"epoch": 4, "logical_steps": 200, "train_examples": 50000, "train_loss": 1.4388055529785155, "test_loss": 0.8679521987915039, "test_top1": 0.7423, "clip_fraction": 0.78232, "gdp_mu": 1.4878241288541523, "gdp_epsilon": 6.983019766523851, "target_mu": 1.6660305978457184, "target_epsilon": 8.0, "delta": 1e-05, "noise_std": 0.047550190189050025, "noise_std_space": "scaled", "innovation_std_sum": 40.671603178100014, "augmentation_trace_sha256": "eeab75a2450d737b335b1b301c8415d8e4847a2415b1acc4f6665e5915aa923a", "seconds": 131.89869455434382}
{"progress_step": 210, "epoch": 5, "train_loss_so_far": 1.419865640258789, "clip_fraction_so_far": 0.7525}
{"progress_step": 220, "epoch": 5, "train_loss_so_far": 1.4122119094848633, "clip_fraction_so_far": 0.74945}
{"progress_step": 230, "epoch": 5, "train_loss_so_far": 1.3944578491210937, "clip_fraction_so_far": 0.744}
{"progress_step": 240, "epoch": 5, "train_loss_so_far": 1.3964710487365724, "clip_fraction_so_far": 0.742375}
{"progress_step": 250, "epoch": 5, "train_loss_so_far": 1.390225689086914, "clip_fraction_so_far": 0.73932}
{"epoch": 5, "logical_steps": 250, "train_examples": 50000, "train_loss": 1.390225689086914, "test_loss": 0.8433400405883789, "test_top1": 0.7553, "clip_fraction": 0.73932, "gdp_mu": 1.6660305978457184, "gdp_epsilon": 8.000000000000005, "target_mu": 1.6660305978457184, "target_epsilon": 8.0, "delta": 1e-05, "noise_std": 0.047550190189050025, "noise_std_space": "scaled", "innovation_std_sum": 40.671603178100014, "augmentation_trace_sha256": "41f1cb58f0307df20ce87cfb313693105a3d89f587b34546eb06562652fb22c3", "seconds": 132.7453193627298}
{"status": "completed", "results": "/media/data/data/lt/dp-adam-correlated/exp7b/results/search/trials/9c6e11d8af726cb3"}
