/home/longt29/miniconda3/envs/curve/lib/python3.11/site-packages/torchvision/datasets/cifar.py:83: VisibleDeprecationWarning: dtype(): align should be passed as Python or NumPy boolean but got `align=0`. Did you mean to pass a tuple to create a subarray type? (Deprecated NumPy 2.4)
  entry = pickle.load(f, encoding="latin1")
{"method": "dp-adam-iid", "smoke": false, "calibration": {"target_mu": 1.6660305978457184, "sensitivity": 2.23606797749979, "innovation_std_sum": 40.264590225254544, "adjacency": "add_remove_zero_out", "k": 5, "b_participation": 50, "sampling_amplification": false}, "coefficients": [1.0]}
sys:1: UserWarning: Full backward hook is firing when gradients are computed with respect to module outputs since no inputs require gradients. See https://docs.pytorch.org/docs/main/generated/torch.nn.Module.html#torch.nn.Module.register_full_backward_hook for more details.
{"progress_step": 10, "epoch": 1, "train_loss_so_far": 4.868699841308594, "clip_fraction_so_far": 1.0}
{"progress_step": 20, "epoch": 1, "train_loss_so_far": 4.730071148681641, "clip_fraction_so_far": 0.99995}
{"progress_step": 30, "epoch": 1, "train_loss_so_far": 4.627791324869792, "clip_fraction_so_far": 0.9999666666666667}
{"progress_step": 40, "epoch": 1, "train_loss_so_far": 4.538301150512695, "clip_fraction_so_far": 0.999975}
{"progress_step": 50, "epoch": 1, "train_loss_so_far": 4.447274326171875, "clip_fraction_so_far": 0.99998}
{"epoch": 1, "logical_steps": 50, "train_examples": 50000, "train_loss": 4.447274326171875, "test_loss": 3.857607794189453, "test_top1": 0.1339, "clip_fraction": 0.99998, "gdp_mu": 0.7450715338755282, "gdp_epsilon": 3.1232925162148586, "target_mu": 1.6660305978457184, "target_epsilon": 8.0, "delta": 1e-05, "noise_std": 0.04026459022525455, "noise_std_space": "gradient", "innovation_std_sum": 40.264590225254544, "augmentation_trace_sha256": "b956146f05d624eaedb531429d7f2ecd6e84a42ff862a99950dc56e91b439839", "seconds": 143.69106434099376}
{"progress_step": 60, "epoch": 2, "train_loss_so_far": 3.858330505371094, "clip_fraction_so_far": 1.0}
{"progress_step": 70, "epoch": 2, "train_loss_so_far": 3.7600708526611326, "clip_fraction_so_far": 0.9999}
{"progress_step": 80, "epoch": 2, "train_loss_so_far": 3.6577524963378907, "clip_fraction_so_far": 0.9996333333333334}
{"progress_step": 90, "epoch": 2, "train_loss_so_far": 3.564628649902344, "clip_fraction_so_far": 0.9992}
{"progress_step": 100, "epoch": 2, "train_loss_so_far": 3.4766536474609375, "clip_fraction_so_far": 0.9984}
{"epoch": 2, "logical_steps": 100, "train_examples": 50000, "train_loss": 3.4766536474609375, "test_loss": 2.811012243652344, "test_top1": 0.3229, "clip_fraction": 0.9984, "gdp_mu": 1.0536902681448967, "gdp_epsilon": 4.650921021133024, "target_mu": 1.6660305978457184, "target_epsilon": 8.0, "delta": 1e-05, "noise_std": 0.04026459022525455, "noise_std_space": "gradient", "innovation_std_sum": 40.264590225254544, "augmentation_trace_sha256": "2455761cb1d44d781ccd26c58ad39c2cd06c3954e85831c52b9ee20dff5ebf7d", "seconds": 137.66099304892123}
{"progress_step": 110, "epoch": 3, "train_loss_so_far": 2.974495538330078, "clip_fraction_so_far": 0.9928}
{"progress_step": 120, "epoch": 3, "train_loss_so_far": 2.912820440673828, "clip_fraction_so_far": 0.99095}
{"progress_step": 130, "epoch": 3, "train_loss_so_far": 2.8430881510416666, "clip_fraction_so_far": 0.9884333333333334}
{"progress_step": 140, "epoch": 3, "train_loss_so_far": 2.793576094055176, "clip_fraction_so_far": 0.9862}
{"progress_step": 150, "epoch": 3, "train_loss_so_far": 2.746457333984375, "clip_fraction_so_far": 0.98288}
{"epoch": 3, "logical_steps": 150, "train_examples": 50000, "train_loss": 2.746457333984375, "test_loss": 2.151781033325195, "test_top1": 0.4561, "clip_fraction": 0.98288, "gdp_mu": 1.2905017519456905, "gdp_epsilon": 5.897172094191148, "target_mu": 1.6660305978457184, "target_epsilon": 8.0, "delta": 1e-05, "noise_std": 0.04026459022525455, "noise_std_space": "gradient", "innovation_std_sum": 40.264590225254544, "augmentation_trace_sha256": "451214a98530c42d051d21c7d0e88c777c2859122849e011866eff026240c858", "seconds": 138.3389002289623}
{"progress_step": 160, "epoch": 4, "train_loss_so_far": 2.4352139587402344, "clip_fraction_so_far": 0.9627}
{"progress_step": 170, "epoch": 4, "train_loss_so_far": 2.40692294921875, "clip_fraction_so_far": 0.95985}
{"progress_step": 180, "epoch": 4, "train_loss_so_far": 2.3646585032145184, "clip_fraction_so_far": 0.9546666666666667}
{"progress_step": 190, "epoch": 4, "train_loss_so_far": 2.3396769493103027, "clip_fraction_so_far": 0.950425}
{"progress_step": 200, "epoch": 4, "train_loss_so_far": 2.3164266772460937, "clip_fraction_so_far": 0.94586}
{"epoch": 4, "logical_steps": 200, "train_examples": 50000, "train_loss": 2.3164266772460937, "test_loss": 1.7779124084472657, "test_top1": 0.5315, "clip_fraction": 0.94586, "gdp_mu": 1.4901430677510563, "gdp_epsilon": 6.99603315708177, "target_mu": 1.6660305978457184, "target_epsilon": 8.0, "delta": 1e-05, "noise_std": 0.04026459022525455, "noise_std_space": "gradient", "innovation_std_sum": 40.264590225254544, "augmentation_trace_sha256": "443679eea72a1a371bb911a46123db12a111d05754f7c5dcba6e5ff3ed0aa283", "seconds": 138.61250118725002}
{"progress_step": 210, "epoch": 5, "train_loss_so_far": 2.1514043212890623, "clip_fraction_so_far": 0.9229}
{"progress_step": 220, "epoch": 5, "train_loss_so_far": 2.135065544128418, "clip_fraction_so_far": 0.91865}
{"progress_step": 230, "epoch": 5, "train_loss_so_far": 2.1030690073649088, "clip_fraction_so_far": 0.9129}
{"progress_step": 240, "epoch": 5, "train_loss_so_far": 2.089922841644287, "clip_fraction_so_far": 0.91035}
{"progress_step": 250, "epoch": 5, "train_loss_so_far": 2.072492130126953, "clip_fraction_so_far": 0.9055}
{"epoch": 5, "logical_steps": 250, "train_examples": 50000, "train_loss": 2.072492130126953, "test_loss": 1.5452278900146483, "test_top1": 0.5798, "clip_fraction": 0.9055, "gdp_mu": 1.6660305978457186, "gdp_epsilon": 8.000000000000007, "target_mu": 1.6660305978457184, "target_epsilon": 8.0, "delta": 1e-05, "noise_std": 0.04026459022525455, "noise_std_space": "gradient", "innovation_std_sum": 40.264590225254544, "augmentation_trace_sha256": "f66dc1e8dd9adced9d45b6ce8a2e776f27cd0357650b018ef913f281bc23cadb", "seconds": 138.60308718122542}
{"status": "completed", "results": "/media/data/data/lt/dp-adam-correlated/exp7b/results/final/trials/e8a56bf62615e6ae"}
