Loading weights:   0%|          | 0/39 [00:00<?, ?it/s]Loading weights: 100%|██████████| 39/39 [00:00<00:00, 18750.33it/s]
[transformers] [1mBertModel LOAD REPORT[0m from: /media/data/data/lt/dp-adam-correlated/cache/bert-tiny
Key                                        | Status     |  | 
-------------------------------------------+------------+--+-
cls.predictions.decoder.weight             | UNEXPECTED |  | 
cls.predictions.bias                       | UNEXPECTED |  | 
cls.predictions.transform.LayerNorm.weight | UNEXPECTED |  | 
cls.predictions.transform.dense.weight     | UNEXPECTED |  | 
cls.predictions.transform.dense.bias       | UNEXPECTED |  | 
cls.seq_relationship.bias                  | UNEXPECTED |  | 
cls.predictions.decoder.bias               | UNEXPECTED |  | 
cls.seq_relationship.weight                | UNEXPECTED |  | 
cls.predictions.transform.LayerNorm.bias   | UNEXPECTED |  | 

Notes:
- UNEXPECTED:	can be ignored when loading from different task/architecture; not ok if you expect identical arch.
sys:1: UserWarning: Full backward hook is firing when gradients are computed with respect to module outputs since no inputs require gradients. See https://docs.pytorch.org/docs/main/generated/torch.nn.Module.html#torch.nn.Module.register_full_backward_hook for more details.
{"step": 10, "epoch": 1, "train_loss": 0.6007157592773438, "clip_fraction": 0.859, "gradient_norm_mean": 714.557375, "gradient_norm_max": 1870.666748046875, "step_seconds": 0.26581208780407906, "innovation_std_sum": 512.8644435247487, "noise_marginal_std_sum": 577.8622026533709}
{"step": 20, "epoch": 1, "train_loss": 0.7048360595703125, "clip_fraction": 0.514, "gradient_norm_mean": 1369.50725, "gradient_norm_max": 8671.087890625, "step_seconds": 0.2697622049599886, "innovation_std_sum": 512.8644435247487, "noise_marginal_std_sum": 577.8622026533709}
{"step": 30, "epoch": 1, "train_loss": 0.6940961303710937, "clip_fraction": 0.462, "gradient_norm_mean": 1494.590375, "gradient_norm_max": 9653.8359375, "step_seconds": 0.2697021681815386, "innovation_std_sum": 512.8644435247487, "noise_marginal_std_sum": 577.8622026533709}
{"step": 40, "epoch": 1, "train_loss": 0.6699336547851562, "clip_fraction": 0.464, "gradient_norm_mean": 1274.415625, "gradient_norm_max": 10771.2060546875, "step_seconds": 0.2693822830915451, "innovation_std_sum": 512.8644435247487, "noise_marginal_std_sum": 577.8622026533709}
{"step": 50, "epoch": 1, "train_loss": 0.6316021728515625, "clip_fraction": 0.421, "gradient_norm_mean": 1275.9195, "gradient_norm_max": 11325.0234375, "step_seconds": 0.268820321187377, "innovation_std_sum": 512.8644435247487, "noise_marginal_std_sum": 577.8622026533709}
{"step": 60, "epoch": 1, "train_loss": 0.57807373046875, "clip_fraction": 0.4, "gradient_norm_mean": 1129.88625, "gradient_norm_max": 10291.40234375, "step_seconds": 0.26334233954548836, "innovation_std_sum": 512.8644435247487, "noise_marginal_std_sum": 577.8622026533709}
{"epoch": 1, "step": 62, "train_loss": 0.670426990139869, "clip_fraction": 0.5052903225806452, "epsilon": 3.1232923300753557, "accuracy": 0.7488532110091743, "validation_loss": 0.7012373941753982, "validation_examples": 872}
{"step": 70, "epoch": 2, "train_loss": 0.6161329345703125, "clip_fraction": 0.388, "gradient_norm_mean": 1220.56925, "gradient_norm_max": 11737.0615234375, "step_seconds": 0.26877798326313496, "innovation_std_sum": 512.8644435247487, "noise_marginal_std_sum": 577.8622026533709}
{"step": 80, "epoch": 2, "train_loss": 0.6034794311523437, "clip_fraction": 0.36, "gradient_norm_mean": 1058.387375, "gradient_norm_max": 10427.634765625, "step_seconds": 0.2836611717939377, "innovation_std_sum": 512.8644435247487, "noise_marginal_std_sum": 577.8622026533709}
{"step": 90, "epoch": 2, "train_loss": 0.520255126953125, "clip_fraction": 0.329, "gradient_norm_mean": 901.111625, "gradient_norm_max": 11062.625, "step_seconds": 0.25806912779808044, "innovation_std_sum": 512.8644435247487, "noise_marginal_std_sum": 577.8622026533709}
{"step": 100, "epoch": 2, "train_loss": 0.509916015625, "clip_fraction": 0.302, "gradient_norm_mean": 979.168875, "gradient_norm_max": 12844.3388671875, "step_seconds": 0.28197124786674976, "innovation_std_sum": 512.8644435247487, "noise_marginal_std_sum": 577.8622026533709}
{"step": 110, "epoch": 2, "train_loss": 0.5375761108398438, "clip_fraction": 0.313, "gradient_norm_mean": 921.355, "gradient_norm_max": 13627.076171875, "step_seconds": 0.27249925769865513, "innovation_std_sum": 512.8644435247487, "noise_marginal_std_sum": 577.8622026533709}
{"step": 120, "epoch": 2, "train_loss": 0.4947748413085937, "clip_fraction": 0.303, "gradient_norm_mean": 846.7073125, "gradient_norm_max": 12398.28125, "step_seconds": 0.27452818863093853, "innovation_std_sum": 512.8644435247487, "noise_marginal_std_sum": 577.8622026533709}
{"epoch": 2, "step": 124, "train_loss": 0.5376610939271989, "clip_fraction": 0.3352096774193548, "epsilon": 4.65092091490115, "accuracy": 0.7649082568807339, "validation_loss": 0.6439640675116023, "validation_examples": 872}
{"step": 130, "epoch": 3, "train_loss": 0.52063623046875, "clip_fraction": 0.301, "gradient_norm_mean": 929.692375, "gradient_norm_max": 11421.623046875, "step_seconds": 0.2917639687657356, "innovation_std_sum": 512.8644435247487, "noise_marginal_std_sum": 577.8622026533709}
{"step": 140, "epoch": 3, "train_loss": 0.5676216430664063, "clip_fraction": 0.3, "gradient_norm_mean": 903.418, "gradient_norm_max": 12983.1201171875, "step_seconds": 0.2819390129297972, "innovation_std_sum": 512.8644435247487, "noise_marginal_std_sum": 577.8622026533709}
{"step": 150, "epoch": 3, "train_loss": 0.5453026733398437, "clip_fraction": 0.306, "gradient_norm_mean": 913.875, "gradient_norm_max": 17146.681640625, "step_seconds": 0.27387135475873947, "innovation_std_sum": 512.8644435247487, "noise_marginal_std_sum": 577.8622026533709}
{"step": 160, "epoch": 3, "train_loss": 0.529226806640625, "clip_fraction": 0.305, "gradient_norm_mean": 925.8606875, "gradient_norm_max": 12755.591796875, "step_seconds": 0.27713575027883053, "innovation_std_sum": 512.8644435247487, "noise_marginal_std_sum": 577.8622026533709}
{"step": 170, "epoch": 3, "train_loss": 0.50311669921875, "clip_fraction": 0.278, "gradient_norm_mean": 906.5515625, "gradient_norm_max": 14164.1640625, "step_seconds": 0.2673878241330385, "innovation_std_sum": 512.8644435247487, "noise_marginal_std_sum": 577.8622026533709}
{"step": 180, "epoch": 3, "train_loss": 0.46601492309570314, "clip_fraction": 0.283, "gradient_norm_mean": 920.43475, "gradient_norm_max": 15142.3369140625, "step_seconds": 0.29121181182563305, "innovation_std_sum": 512.8644435247487, "noise_marginal_std_sum": 577.8622026533709}
{"epoch": 3, "step": 186, "train_loss": 0.4978063512002268, "clip_fraction": 0.28796774193548386, "epsilon": 5.8971720333737725, "accuracy": 0.7717889908256881, "validation_loss": 0.6156430113206216, "validation_examples": 872}
{"step": 190, "epoch": 4, "train_loss": 0.5017339172363281, "clip_fraction": 0.254, "gradient_norm_mean": 884.07225, "gradient_norm_max": 15568.0615234375, "step_seconds": 0.28796871937811375, "innovation_std_sum": 512.8644435247487, "noise_marginal_std_sum": 577.8622026533709}
{"step": 200, "epoch": 4, "train_loss": 0.45794677734375, "clip_fraction": 0.233, "gradient_norm_mean": 724.43025, "gradient_norm_max": 14652.3603515625, "step_seconds": 0.28871803544461727, "innovation_std_sum": 512.8644435247487, "noise_marginal_std_sum": 577.8622026533709}
{"step": 210, "epoch": 4, "train_loss": 0.48922528076171873, "clip_fraction": 0.259, "gradient_norm_mean": 842.2399375, "gradient_norm_max": 15000.7802734375, "step_seconds": 0.2865685783326626, "innovation_std_sum": 512.8644435247487, "noise_marginal_std_sum": 577.8622026533709}
{"step": 220, "epoch": 4, "train_loss": 0.43954205322265627, "clip_fraction": 0.242, "gradient_norm_mean": 871.8389375, "gradient_norm_max": 16814.9921875, "step_seconds": 0.2971236687153578, "innovation_std_sum": 512.8644435247487, "noise_marginal_std_sum": 577.8622026533709}
{"step": 230, "epoch": 4, "train_loss": 0.5021922607421875, "clip_fraction": 0.241, "gradient_norm_mean": 893.0688125, "gradient_norm_max": 18097.080078125, "step_seconds": 0.29405503906309605, "innovation_std_sum": 512.8644435247487, "noise_marginal_std_sum": 577.8622026533709}
{"step": 240, "epoch": 4, "train_loss": 0.46143878173828123, "clip_fraction": 0.279, "gradient_norm_mean": 850.18125, "gradient_norm_max": 10785.701171875, "step_seconds": 0.2894332502037287, "innovation_std_sum": 512.8644435247487, "noise_marginal_std_sum": 577.8622026533709}
{"epoch": 4, "step": 248, "train_loss": 0.4810363070580267, "clip_fraction": 0.262, "epsilon": 6.99603312968092, "accuracy": 0.783256880733945, "validation_loss": 0.6452905453673197, "validation_examples": 872}
{"step": 250, "epoch": 5, "train_loss": 0.4449939880371094, "clip_fraction": 0.267, "gradient_norm_mean": 873.751375, "gradient_norm_max": 18282.361328125, "step_seconds": 0.30008234456181526, "innovation_std_sum": 512.8644435247487, "noise_marginal_std_sum": 577.8622026533709}
{"step": 260, "epoch": 5, "train_loss": 0.47617852783203124, "clip_fraction": 0.258, "gradient_norm_mean": 874.1346875, "gradient_norm_max": 11464.494140625, "step_seconds": 0.29404660500586033, "innovation_std_sum": 512.8644435247487, "noise_marginal_std_sum": 577.8622026533709}
{"step": 270, "epoch": 5, "train_loss": 0.384527099609375, "clip_fraction": 0.211, "gradient_norm_mean": 771.4890625, "gradient_norm_max": 14830.9091796875, "step_seconds": 0.29276143014431, "innovation_std_sum": 512.8644435247487, "noise_marginal_std_sum": 577.8622026533709}
{"step": 280, "epoch": 5, "train_loss": 0.4517996826171875, "clip_fraction": 0.252, "gradient_norm_mean": 884.6704375, "gradient_norm_max": 15349.7939453125, "step_seconds": 0.2919344250112772, "innovation_std_sum": 512.8644435247487, "noise_marginal_std_sum": 577.8622026533709}
{"step": 290, "epoch": 5, "train_loss": 0.5144842529296875, "clip_fraction": 0.261, "gradient_norm_mean": 906.316625, "gradient_norm_max": 14488.3671875, "step_seconds": 0.28863984160125256, "innovation_std_sum": 512.8644435247487, "noise_marginal_std_sum": 577.8622026533709}
{"step": 300, "epoch": 5, "train_loss": 0.43478793334960936, "clip_fraction": 0.253, "gradient_norm_mean": 841.038125, "gradient_norm_max": 14044.462890625, "step_seconds": 0.29238699562847614, "innovation_std_sum": 512.8644435247487, "noise_marginal_std_sum": 577.8622026533709}
{"step": 310, "epoch": 5, "train_loss": 0.4499472961425781, "clip_fraction": 0.248, "gradient_norm_mean": 828.95025, "gradient_norm_max": 15163.2900390625, "step_seconds": 0.28671095333993435, "innovation_std_sum": 512.8644435247487, "noise_marginal_std_sum": 577.8622026533709}
{"epoch": 5, "step": 310, "train_loss": 0.4733902686334425, "clip_fraction": 0.2497258064516129, "epsilon": 8.000000000000007, "accuracy": 0.7901376146788991, "validation_loss": 0.620225508278663, "validation_examples": 872}
