Loading weights:   0%|          | 0/39 [00:00<?, ?it/s]Loading weights: 100%|██████████| 39/39 [00:00<00:00, 19422.69it/s]
[transformers] [1mBertModel LOAD REPORT[0m from: /media/data/data/lt/dp-adam-correlated/cache/bert-tiny
Key                                        | Status     |  | 
-------------------------------------------+------------+--+-
cls.seq_relationship.bias                  | UNEXPECTED |  | 
cls.predictions.transform.LayerNorm.weight | UNEXPECTED |  | 
cls.predictions.transform.LayerNorm.bias   | UNEXPECTED |  | 
cls.predictions.decoder.weight             | UNEXPECTED |  | 
cls.predictions.transform.dense.bias       | UNEXPECTED |  | 
cls.predictions.transform.dense.weight     | UNEXPECTED |  | 
cls.predictions.decoder.bias               | UNEXPECTED |  | 
cls.predictions.bias                       | UNEXPECTED |  | 
cls.seq_relationship.weight                | UNEXPECTED |  | 

Notes:
- UNEXPECTED:	can be ignored when loading from different task/architecture; not ok if you expect identical arch.
sys:1: UserWarning: Full backward hook is firing when gradients are computed with respect to module outputs since no inputs require gradients. See https://docs.pytorch.org/docs/main/generated/torch.nn.Module.html#torch.nn.Module.register_full_backward_hook for more details.
{"step": 10, "epoch": 1, "step_seconds": 0.2689273413270712, "innovation_std_sum": 25.113722579427673, "noise_marginal_std_sum": 29.33162184778228, "pure_mf_cumulative_momentum_noise_variance": 0.0018077443639561465, "preconditioner_mean": 38.44117736816406, "preconditioner_change_relative": 0.0, "denominator_lag_relative": 0.053282223641872406, "block_age": 1}
{"step": 20, "epoch": 1, "step_seconds": 0.2658100314438343, "innovation_std_sum": 25.113722579427673, "noise_marginal_std_sum": 29.33162184778228, "pure_mf_cumulative_momentum_noise_variance": 0.0018440778665447057, "preconditioner_mean": 35.93622970581055, "preconditioner_change_relative": 0.0, "denominator_lag_relative": 0.025243761017918587, "block_age": 1}
{"step": 30, "epoch": 1, "step_seconds": 0.2666697483509779, "innovation_std_sum": 25.113722579427673, "noise_marginal_std_sum": 29.33162184778228, "pure_mf_cumulative_momentum_noise_variance": 0.0018793520737198427, "preconditioner_mean": 35.210052490234375, "preconditioner_change_relative": 0.0, "denominator_lag_relative": 0.017300894483923912, "block_age": 1}
{"step": 40, "epoch": 1, "step_seconds": 0.2679180670529604, "innovation_std_sum": 25.113722579427673, "noise_marginal_std_sum": 29.33162184778228, "pure_mf_cumulative_momentum_noise_variance": 0.0019279276184915666, "preconditioner_mean": 34.88481140136719, "preconditioner_change_relative": 0.0, "denominator_lag_relative": 0.012442047707736492, "block_age": 1}
{"step": 50, "epoch": 1, "step_seconds": 0.2672925144433975, "innovation_std_sum": 25.113722579427673, "noise_marginal_std_sum": 29.33162184778228, "pure_mf_cumulative_momentum_noise_variance": 0.001983901332047514, "preconditioner_mean": 34.64443588256836, "preconditioner_change_relative": 0.0, "denominator_lag_relative": 0.010235742665827274, "block_age": 1}
{"step": 60, "epoch": 1, "step_seconds": 0.2633399199694395, "innovation_std_sum": 25.113722579427673, "noise_marginal_std_sum": 29.33162184778228, "pure_mf_cumulative_momentum_noise_variance": 0.0020433257721094345, "preconditioner_mean": 34.564422607421875, "preconditioner_change_relative": 0.0, "denominator_lag_relative": 0.008278473280370235, "block_age": 1}
{"epoch": 1, "step": 62, "epsilon": 3.054089440266451, "accuracy": 0.5103211009174312, "validation_loss": 0.6937836113326047, "validation_examples": 872}
{"step": 70, "epoch": 2, "step_seconds": 0.13496608287096024, "innovation_std_sum": 25.113722579427673, "noise_marginal_std_sum": 29.33162184778228, "pure_mf_cumulative_momentum_noise_variance": 0.0021042531805044807, "preconditioner_mean": 34.49907684326172, "preconditioner_change_relative": 0.0, "denominator_lag_relative": 0.007250768598169088, "block_age": 1}
{"step": 80, "epoch": 2, "step_seconds": 0.2611516769975424, "innovation_std_sum": 25.113722579427673, "noise_marginal_std_sum": 29.33162184778228, "pure_mf_cumulative_momentum_noise_variance": 0.002165809318444291, "preconditioner_mean": 34.44658279418945, "preconditioner_change_relative": 0.0, "denominator_lag_relative": 0.006365236360579729, "block_age": 1}
{"step": 90, "epoch": 2, "step_seconds": 0.2645007688552141, "innovation_std_sum": 25.113722579427673, "noise_marginal_std_sum": 29.33162184778228, "pure_mf_cumulative_momentum_noise_variance": 0.0022276212687494567, "preconditioner_mean": 34.385414123535156, "preconditioner_change_relative": 0.0, "denominator_lag_relative": 0.006085504312068224, "block_age": 1}
{"step": 100, "epoch": 2, "step_seconds": 0.2657856848090887, "innovation_std_sum": 25.113722579427673, "noise_marginal_std_sum": 29.33162184778228, "pure_mf_cumulative_momentum_noise_variance": 0.0022895351920334023, "preconditioner_mean": 34.28168487548828, "preconditioner_change_relative": 0.0, "denominator_lag_relative": 0.005038122180849314, "block_age": 1}
{"step": 110, "epoch": 2, "step_seconds": 0.26315547339618206, "innovation_std_sum": 25.113722579427673, "noise_marginal_std_sum": 29.33162184778228, "pure_mf_cumulative_momentum_noise_variance": 0.0023514891294320263, "preconditioner_mean": 34.2338752746582, "preconditioner_change_relative": 0.0, "denominator_lag_relative": 0.004946162924170494, "block_age": 1}
{"step": 120, "epoch": 2, "step_seconds": 0.27104843966662884, "innovation_std_sum": 25.113722579427673, "noise_marginal_std_sum": 29.33162184778228, "pure_mf_cumulative_momentum_noise_variance": 0.0024134585739487998, "preconditioner_mean": 34.170989990234375, "preconditioner_change_relative": 0.0, "denominator_lag_relative": 0.00422278419137001, "block_age": 1}
{"epoch": 2, "step": 124, "epsilon": 4.610238743691153, "accuracy": 0.5217889908256881, "validation_loss": 0.7170678891173197, "validation_examples": 872}
{"step": 130, "epoch": 3, "step_seconds": 0.2725100126117468, "innovation_std_sum": 25.113722579427673, "noise_marginal_std_sum": 29.33162184778228, "pure_mf_cumulative_momentum_noise_variance": 0.0024754339677588726, "preconditioner_mean": 34.16256332397461, "preconditioner_change_relative": 0.0, "denominator_lag_relative": 0.00395676214247942, "block_age": 1}
{"step": 140, "epoch": 3, "step_seconds": 0.2736341506242752, "innovation_std_sum": 25.113722579427673, "noise_marginal_std_sum": 29.33162184778228, "pure_mf_cumulative_momentum_noise_variance": 0.0025374116250575724, "preconditioner_mean": 34.16362762451172, "preconditioner_change_relative": 0.0, "denominator_lag_relative": 0.003715063910931349, "block_age": 1}
{"step": 150, "epoch": 3, "step_seconds": 0.2717054411768913, "innovation_std_sum": 25.113722579427673, "noise_marginal_std_sum": 29.33162184778228, "pure_mf_cumulative_momentum_noise_variance": 0.00259939013752209, "preconditioner_mean": 34.16066360473633, "preconditioner_change_relative": 0.0, "denominator_lag_relative": 0.0034414471592754126, "block_age": 1}
{"step": 160, "epoch": 3, "step_seconds": 0.27167562022805214, "innovation_std_sum": 25.113722579427673, "noise_marginal_std_sum": 29.33162184778228, "pure_mf_cumulative_momentum_noise_variance": 0.0026613689711552247, "preconditioner_mean": 34.12493133544922, "preconditioner_change_relative": 0.0, "denominator_lag_relative": 0.0032726989593356848, "block_age": 1}
{"step": 170, "epoch": 3, "step_seconds": 0.26532687805593014, "innovation_std_sum": 25.113722579427673, "noise_marginal_std_sum": 29.33162184778228, "pure_mf_cumulative_momentum_noise_variance": 0.002723347924789336, "preconditioner_mean": 34.110877990722656, "preconditioner_change_relative": 0.0, "denominator_lag_relative": 0.0032096717040985823, "block_age": 1}
{"step": 180, "epoch": 3, "step_seconds": 0.26225232519209385, "innovation_std_sum": 25.113722579427673, "noise_marginal_std_sum": 29.33162184778228, "pure_mf_cumulative_momentum_noise_variance": 0.002785326923060352, "preconditioner_mean": 34.10883331298828, "preconditioner_change_relative": 0.0, "denominator_lag_relative": 0.002861933084204793, "block_age": 1}
{"epoch": 3, "step": 186, "epsilon": 5.873890881586911, "accuracy": 0.6227064220183486, "validation_loss": 0.6531234618720658, "validation_examples": 872}
{"step": 190, "epoch": 4, "step_seconds": 0.27028765343129635, "innovation_std_sum": 25.113722579427673, "noise_marginal_std_sum": 29.33162184778228, "pure_mf_cumulative_momentum_noise_variance": 0.0028473059378699038, "preconditioner_mean": 34.124420166015625, "preconditioner_change_relative": 0.0, "denominator_lag_relative": 0.0027897150721400976, "block_age": 1}
{"step": 200, "epoch": 4, "step_seconds": 0.26614439487457275, "innovation_std_sum": 25.113722579427673, "noise_marginal_std_sum": 29.33162184778228, "pure_mf_cumulative_momentum_noise_variance": 0.0029092849587859116, "preconditioner_mean": 34.13556671142578, "preconditioner_change_relative": 0.0, "denominator_lag_relative": 0.0026126212906092405, "block_age": 1}
{"step": 210, "epoch": 4, "step_seconds": 0.2677317727357149, "innovation_std_sum": 25.113722579427673, "noise_marginal_std_sum": 29.33162184778228, "pure_mf_cumulative_momentum_noise_variance": 0.0029712639819496002, "preconditioner_mean": 34.12384796142578, "preconditioner_change_relative": 0.0, "denominator_lag_relative": 0.002624761313199997, "block_age": 1}
{"step": 220, "epoch": 4, "step_seconds": 0.27375766821205616, "innovation_std_sum": 25.113722579427673, "noise_marginal_std_sum": 29.33162184778228, "pure_mf_cumulative_momentum_noise_variance": 0.00303324300593832, "preconditioner_mean": 34.11600112915039, "preconditioner_change_relative": 0.0, "denominator_lag_relative": 0.0024406095035374165, "block_age": 1}
{"step": 230, "epoch": 4, "step_seconds": 0.2614836934953928, "innovation_std_sum": 25.113722579427673, "noise_marginal_std_sum": 29.33162184778228, "pure_mf_cumulative_momentum_noise_variance": 0.0030952220302291164, "preconditioner_mean": 34.10424041748047, "preconditioner_change_relative": 0.0, "denominator_lag_relative": 0.0023271539248526096, "block_age": 1}
{"step": 240, "epoch": 4, "step_seconds": 0.272223511710763, "innovation_std_sum": 25.113722579427673, "noise_marginal_std_sum": 29.33162184778228, "pure_mf_cumulative_momentum_noise_variance": 0.0031572010546302622, "preconditioner_mean": 34.109397888183594, "preconditioner_change_relative": 0.0, "denominator_lag_relative": 0.0022798809222877026, "block_age": 1}
{"epoch": 4, "step": 248, "epsilon": 6.985551657770655, "accuracy": 0.6513761467889908, "validation_loss": 0.6966064916838199, "validation_examples": 872}
{"step": 250, "epoch": 5, "step_seconds": 0.2684725057333708, "innovation_std_sum": 25.113722579427673, "noise_marginal_std_sum": 29.33162184778228, "pure_mf_cumulative_momentum_noise_variance": 0.003219180079071639, "preconditioner_mean": 34.10547637939453, "preconditioner_change_relative": 0.0, "denominator_lag_relative": 0.002185103017836809, "block_age": 1}
{"step": 260, "epoch": 5, "step_seconds": 0.2664256598800421, "innovation_std_sum": 25.113722579427673, "noise_marginal_std_sum": 29.33162184778228, "pure_mf_cumulative_momentum_noise_variance": 0.0032811591035276514, "preconditioner_mean": 34.113277435302734, "preconditioner_change_relative": 0.0, "denominator_lag_relative": 0.0021007389295846224, "block_age": 1}
{"step": 270, "epoch": 5, "step_seconds": 0.2651227191090584, "innovation_std_sum": 25.113722579427673, "noise_marginal_std_sum": 29.33162184778228, "pure_mf_cumulative_momentum_noise_variance": 0.0033431381279889804, "preconditioner_mean": 34.10609436035156, "preconditioner_change_relative": 0.0, "denominator_lag_relative": 0.00208079325966537, "block_age": 1}
{"step": 280, "epoch": 5, "step_seconds": 0.13275014981627464, "innovation_std_sum": 25.113722579427673, "noise_marginal_std_sum": 29.33162184778228, "pure_mf_cumulative_momentum_noise_variance": 0.0034051171524522375, "preconditioner_mean": 34.10267639160156, "preconditioner_change_relative": 0.0, "denominator_lag_relative": 0.0019710727501660585, "block_age": 1}
{"step": 290, "epoch": 5, "step_seconds": 0.2665248494595289, "innovation_std_sum": 25.113722579427673, "noise_marginal_std_sum": 29.33162184778228, "pure_mf_cumulative_momentum_noise_variance": 0.003467096176916193, "preconditioner_mean": 34.096683502197266, "preconditioner_change_relative": 0.0, "denominator_lag_relative": 0.0018708817660808563, "block_age": 1}
{"step": 300, "epoch": 5, "step_seconds": 0.13332626968622208, "innovation_std_sum": 25.113722579427673, "noise_marginal_std_sum": 29.33162184778228, "pure_mf_cumulative_momentum_noise_variance": 0.0035290752013804024, "preconditioner_mean": 34.094364166259766, "preconditioner_change_relative": 0.0, "denominator_lag_relative": 0.001891228836029768, "block_age": 1}
{"step": 310, "epoch": 5, "step_seconds": 0.13311300799250603, "innovation_std_sum": 25.113722579427673, "noise_marginal_std_sum": 29.33162184778228, "pure_mf_cumulative_momentum_noise_variance": 0.0035910542258447004, "preconditioner_mean": 34.08976745605469, "preconditioner_change_relative": 0.0, "denominator_lag_relative": 0.0017902833642438054, "block_age": 1}
{"epoch": 5, "step": 310, "epsilon": 8.000000000000005, "accuracy": 0.6938073394495413, "validation_loss": 0.7122003922768689, "validation_examples": 872}
