/home/longt29/miniconda3/envs/curve/lib/python3.11/site-packages/torchvision/datasets/cifar.py:83: VisibleDeprecationWarning: dtype(): align should be passed as Python or NumPy boolean but got `align=0`. Did you mean to pass a tuple to create a subarray type? (Deprecated NumPy 2.4)
  entry = pickle.load(f, encoding="latin1")
sys:1: UserWarning: Full backward hook is firing when gradients are computed with respect to module outputs since no inputs require gradients. See https://docs.pytorch.org/docs/main/generated/torch.nn.Module.html#torch.nn.Module.register_full_backward_hook for more details.
{"step": 10, "epoch": 1, "train_loss": 4.381124877929688, "clip_fraction": 1.0, "gradient_norm_mean": 50.14610546875, "gradient_norm_max": 130.76834106445312, "step_seconds": 2.126799302175641, "innovation_std_sum": 73.20888572058001, "noise_marginal_std_sum": 85.59034234029004}
{"step": 20, "epoch": 1, "train_loss": 3.8445028076171877, "clip_fraction": 1.0, "gradient_norm_mean": 71.273228515625, "gradient_norm_max": 178.32113647460938, "step_seconds": 2.1105507761240005, "innovation_std_sum": 73.20888572058001, "noise_marginal_std_sum": 85.59034234029004}
{"step": 30, "epoch": 1, "train_loss": 3.2616077880859375, "clip_fraction": 0.998, "gradient_norm_mean": 98.64277734375, "gradient_norm_max": 258.2469482421875, "step_seconds": 2.1203063260763884, "innovation_std_sum": 73.20888572058001, "noise_marginal_std_sum": 85.59034234029004}
{"step": 40, "epoch": 1, "train_loss": 2.951296203613281, "clip_fraction": 0.984, "gradient_norm_mean": 110.777236328125, "gradient_norm_max": 467.3802490234375, "step_seconds": 2.1182718239724636, "innovation_std_sum": 73.20888572058001, "noise_marginal_std_sum": 85.59034234029004}
{"step": 50, "epoch": 1, "train_loss": 2.5644423828125, "clip_fraction": 0.966, "gradient_norm_mean": 111.2123046875, "gradient_norm_max": 674.50537109375, "step_seconds": 2.1194770950824022, "innovation_std_sum": 73.20888572058001, "noise_marginal_std_sum": 85.59034234029004}
{"epoch": 1, "step": 50, "train_loss": 3.5974139196777344, "clip_fraction": 0.9927, "epsilon": 3.037976902428692, "accuracy": 0.4274, "validation_loss": 2.231643225097656, "validation_examples": 10000}
{"step": 60, "epoch": 2, "train_loss": 2.377556884765625, "clip_fraction": 0.949, "gradient_norm_mean": 110.341369140625, "gradient_norm_max": 456.04986572265625, "step_seconds": 2.102620456367731, "innovation_std_sum": 73.20888572058001, "noise_marginal_std_sum": 85.59034234029004}
{"step": 70, "epoch": 2, "train_loss": 2.2046621398925783, "clip_fraction": 0.907, "gradient_norm_mean": 109.746228515625, "gradient_norm_max": 423.88360595703125, "step_seconds": 2.1173323187977076, "innovation_std_sum": 73.20888572058001, "noise_marginal_std_sum": 85.59034234029004}
{"step": 80, "epoch": 2, "train_loss": 2.000109680175781, "clip_fraction": 0.88, "gradient_norm_mean": 108.756462890625, "gradient_norm_max": 634.7263793945312, "step_seconds": 2.1126457937061787, "innovation_std_sum": 73.20888572058001, "noise_marginal_std_sum": 85.59034234029004}
{"step": 90, "epoch": 2, "train_loss": 2.0139307861328124, "clip_fraction": 0.869, "gradient_norm_mean": 116.20830859375, "gradient_norm_max": 605.351318359375, "step_seconds": 2.134775958955288, "innovation_std_sum": 73.20888572058001, "noise_marginal_std_sum": 85.59034234029004}
{"step": 100, "epoch": 2, "train_loss": 1.8013900451660156, "clip_fraction": 0.837, "gradient_norm_mean": 108.786650390625, "gradient_norm_max": 685.64697265625, "step_seconds": 2.129113506525755, "innovation_std_sum": 73.20888572058001, "noise_marginal_std_sum": 85.59034234029004}
{"epoch": 2, "step": 100, "train_loss": 2.111184723510742, "clip_fraction": 0.90038, "epsilon": 4.600416946348178, "accuracy": 0.625, "validation_loss": 1.3462559112548829, "validation_examples": 10000}
{"step": 110, "epoch": 3, "train_loss": 1.743648223876953, "clip_fraction": 0.822, "gradient_norm_mean": 108.41989453125, "gradient_norm_max": 1022.7574462890625, "step_seconds": 2.1453856099396944, "innovation_std_sum": 73.20888572058001, "noise_marginal_std_sum": 85.59034234029004}
{"step": 120, "epoch": 3, "train_loss": 1.6847013244628906, "clip_fraction": 0.789, "gradient_norm_mean": 109.658455078125, "gradient_norm_max": 488.70184326171875, "step_seconds": 2.1048142686486244, "innovation_std_sum": 73.20888572058001, "noise_marginal_std_sum": 85.59034234029004}
{"step": 130, "epoch": 3, "train_loss": 1.6264651489257813, "clip_fraction": 0.79, "gradient_norm_mean": 111.990732421875, "gradient_norm_max": 920.4189453125, "step_seconds": 2.1179981101304293, "innovation_std_sum": 73.20888572058001, "noise_marginal_std_sum": 85.59034234029004}
{"step": 140, "epoch": 3, "train_loss": 1.6499086303710937, "clip_fraction": 0.777, "gradient_norm_mean": 112.85101171875, "gradient_norm_max": 669.2533569335938, "step_seconds": 2.11294418387115, "innovation_std_sum": 73.20888572058001, "noise_marginal_std_sum": 85.59034234029004}
{"step": 150, "epoch": 3, "train_loss": 1.5531160888671875, "clip_fraction": 0.749, "gradient_norm_mean": 108.47594140625, "gradient_norm_max": 561.809326171875, "step_seconds": 2.1259612273424864, "innovation_std_sum": 73.20888572058001, "noise_marginal_std_sum": 85.59034234029004}
{"epoch": 3, "step": 150, "train_loss": 1.6425244366455078, "clip_fraction": 0.78654, "epsilon": 5.868262919898993, "accuracy": 0.702, "validation_loss": 1.024851010131836, "validation_examples": 10000}
{"step": 160, "epoch": 4, "train_loss": 1.525852783203125, "clip_fraction": 0.729, "gradient_norm_mean": 109.575328125, "gradient_norm_max": 694.8909912109375, "step_seconds": 2.12883591838181, "innovation_std_sum": 73.20888572058001, "noise_marginal_std_sum": 85.59034234029004}
{"step": 170, "epoch": 4, "train_loss": 1.4431111755371093, "clip_fraction": 0.721, "gradient_norm_mean": 109.248267578125, "gradient_norm_max": 639.6764526367188, "step_seconds": 2.1061551701277494, "innovation_std_sum": 73.20888572058001, "noise_marginal_std_sum": 85.59034234029004}
{"step": 180, "epoch": 4, "train_loss": 1.4795457153320313, "clip_fraction": 0.728, "gradient_norm_mean": 109.45158203125, "gradient_norm_max": 733.1692504882812, "step_seconds": 2.123193107545376, "innovation_std_sum": 73.20888572058001, "noise_marginal_std_sum": 85.59034234029004}
{"step": 190, "epoch": 4, "train_loss": 1.4253675537109376, "clip_fraction": 0.716, "gradient_norm_mean": 107.951212890625, "gradient_norm_max": 852.8508911132812, "step_seconds": 2.1218832693994045, "innovation_std_sum": 73.20888572058001, "noise_marginal_std_sum": 85.59034234029004}
{"step": 200, "epoch": 4, "train_loss": 1.483404083251953, "clip_fraction": 0.721, "gradient_norm_mean": 113.8321484375, "gradient_norm_max": 1033.801025390625, "step_seconds": 2.1238350719213486, "innovation_std_sum": 73.20888572058001, "noise_marginal_std_sum": 85.59034234029004}
{"epoch": 4, "step": 200, "train_loss": 1.4562836560058594, "clip_fraction": 0.71584, "epsilon": 6.9830197665238485, "accuracy": 0.7339, "validation_loss": 0.881739306640625, "validation_examples": 10000}
{"step": 210, "epoch": 5, "train_loss": 1.356723876953125, "clip_fraction": 0.661, "gradient_norm_mean": 107.49540234375, "gradient_norm_max": 828.5450439453125, "step_seconds": 2.114892842248082, "innovation_std_sum": 73.20888572058001, "noise_marginal_std_sum": 85.59034234029004}
{"step": 220, "epoch": 5, "train_loss": 1.3464658813476562, "clip_fraction": 0.664, "gradient_norm_mean": 106.211748046875, "gradient_norm_max": 608.0257568359375, "step_seconds": 2.1183116026222706, "innovation_std_sum": 73.20888572058001, "noise_marginal_std_sum": 85.59034234029004}
{"step": 230, "epoch": 5, "train_loss": 1.3251679077148437, "clip_fraction": 0.657, "gradient_norm_mean": 109.539951171875, "gradient_norm_max": 663.8202514648438, "step_seconds": 2.117536950856447, "innovation_std_sum": 73.20888572058001, "noise_marginal_std_sum": 85.59034234029004}
{"step": 240, "epoch": 5, "train_loss": 1.4770285949707032, "clip_fraction": 0.666, "gradient_norm_mean": 117.03405859375, "gradient_norm_max": 700.1412353515625, "step_seconds": 2.1392030995339155, "innovation_std_sum": 73.20888572058001, "noise_marginal_std_sum": 85.59034234029004}
{"step": 250, "epoch": 5, "train_loss": 1.3416840209960939, "clip_fraction": 0.647, "gradient_norm_mean": 109.2846328125, "gradient_norm_max": 697.446533203125, "step_seconds": 2.123284487053752, "innovation_std_sum": 73.20888572058001, "noise_marginal_std_sum": 85.59034234029004}
{"epoch": 5, "step": 250, "train_loss": 1.3505097998046875, "clip_fraction": 0.66394, "epsilon": 8.000000000000005, "accuracy": 0.7594, "validation_loss": 0.801322233581543, "validation_examples": 10000}
