Loading weights:   0%|          | 0/39 [00:00<?, ?it/s]Loading weights: 100%|██████████| 39/39 [00:00<00:00, 4881.61it/s]
[transformers] [1mBertModel LOAD REPORT[0m from: /media/data/data/lt/dp-adam-correlated/cache/bert-tiny
Key                                        | Status     |  | 
-------------------------------------------+------------+--+-
cls.predictions.bias                       | UNEXPECTED |  | 
cls.seq_relationship.bias                  | UNEXPECTED |  | 
cls.predictions.transform.dense.bias       | UNEXPECTED |  | 
cls.predictions.transform.LayerNorm.weight | UNEXPECTED |  | 
cls.predictions.decoder.weight             | UNEXPECTED |  | 
cls.seq_relationship.weight                | UNEXPECTED |  | 
cls.predictions.transform.LayerNorm.bias   | UNEXPECTED |  | 
cls.predictions.decoder.bias               | UNEXPECTED |  | 
cls.predictions.transform.dense.weight     | UNEXPECTED |  | 

Notes:
- UNEXPECTED:	can be ignored when loading from different task/architecture; not ok if you expect identical arch.
sys:1: UserWarning: Full backward hook is firing when gradients are computed with respect to module outputs since no inputs require gradients. See https://docs.pytorch.org/docs/main/generated/torch.nn.Module.html#torch.nn.Module.register_full_backward_hook for more details.
{"step": 10, "epoch": 1, "train_loss": 0.6743333129882813, "clip_fraction": 0.131, "gradient_norm_mean": 216.04825, "gradient_norm_max": 724.6513061523438, "step_seconds": 0.2730506081134081, "innovation_std_sum": 512.8644435247487, "noise_marginal_std_sum": 577.8622026533709}
{"step": 20, "epoch": 1, "train_loss": 0.596911376953125, "clip_fraction": 0.72, "gradient_norm_mean": 445.1925625, "gradient_norm_max": 1082.5367431640625, "step_seconds": 0.26905617117881775, "innovation_std_sum": 512.8644435247487, "noise_marginal_std_sum": 577.8622026533709}
{"step": 30, "epoch": 1, "train_loss": 0.6418076782226563, "clip_fraction": 0.538, "gradient_norm_mean": 1112.9015, "gradient_norm_max": 6313.33056640625, "step_seconds": 0.27095157094299793, "innovation_std_sum": 512.8644435247487, "noise_marginal_std_sum": 577.8622026533709}
{"step": 40, "epoch": 1, "train_loss": 0.7378789672851562, "clip_fraction": 0.434, "gradient_norm_mean": 1383.1515, "gradient_norm_max": 9187.1484375, "step_seconds": 0.27069559693336487, "innovation_std_sum": 512.8644435247487, "noise_marginal_std_sum": 577.8622026533709}
{"step": 50, "epoch": 1, "train_loss": 0.713078369140625, "clip_fraction": 0.418, "gradient_norm_mean": 1267.59475, "gradient_norm_max": 8784.2431640625, "step_seconds": 0.2715922128409147, "innovation_std_sum": 512.8644435247487, "noise_marginal_std_sum": 577.8622026533709}
{"step": 60, "epoch": 1, "train_loss": 0.594178466796875, "clip_fraction": 0.436, "gradient_norm_mean": 1216.751625, "gradient_norm_max": 8548.2001953125, "step_seconds": 0.2729600202292204, "innovation_std_sum": 512.8644435247487, "noise_marginal_std_sum": 577.8622026533709}
{"epoch": 1, "step": 62, "train_loss": 0.6714654157084804, "clip_fraction": 0.43879032258064515, "epsilon": 3.1232923300753557, "accuracy": 0.7545871559633027, "validation_loss": 0.7009968582643281, "validation_examples": 872}
{"step": 70, "epoch": 2, "train_loss": 0.6062828369140625, "clip_fraction": 0.388, "gradient_norm_mean": 1166.8995, "gradient_norm_max": 9302.8583984375, "step_seconds": 0.2746632248163223, "innovation_std_sum": 512.8644435247487, "noise_marginal_std_sum": 577.8622026533709}
{"step": 80, "epoch": 2, "train_loss": 0.62348193359375, "clip_fraction": 0.395, "gradient_norm_mean": 1119.0705, "gradient_norm_max": 10551.5185546875, "step_seconds": 0.2730578649789095, "innovation_std_sum": 512.8644435247487, "noise_marginal_std_sum": 577.8622026533709}
{"step": 90, "epoch": 2, "train_loss": 0.5540303955078125, "clip_fraction": 0.358, "gradient_norm_mean": 1002.784625, "gradient_norm_max": 9751.9609375, "step_seconds": 0.21950848028063774, "innovation_std_sum": 512.8644435247487, "noise_marginal_std_sum": 577.8622026533709}
{"step": 100, "epoch": 2, "train_loss": 0.5759949340820313, "clip_fraction": 0.373, "gradient_norm_mean": 1006.6389375, "gradient_norm_max": 8305.6181640625, "step_seconds": 0.27382034808397293, "innovation_std_sum": 512.8644435247487, "noise_marginal_std_sum": 577.8622026533709}
{"step": 110, "epoch": 2, "train_loss": 0.5418031616210938, "clip_fraction": 0.355, "gradient_norm_mean": 995.983375, "gradient_norm_max": 10942.3115234375, "step_seconds": 0.2751515656709671, "innovation_std_sum": 512.8644435247487, "noise_marginal_std_sum": 577.8622026533709}
{"step": 120, "epoch": 2, "train_loss": 0.5234806518554688, "clip_fraction": 0.347, "gradient_norm_mean": 881.119125, "gradient_norm_max": 9460.8310546875, "step_seconds": 0.2727705892175436, "innovation_std_sum": 512.8644435247487, "noise_marginal_std_sum": 577.8622026533709}
{"epoch": 2, "step": 124, "train_loss": 0.5538631449053364, "clip_fraction": 0.36279032258064514, "epsilon": 4.65092091490115, "accuracy": 0.7821100917431193, "validation_loss": 0.6228879263641638, "validation_examples": 872}
{"step": 130, "epoch": 3, "train_loss": 0.5421283569335937, "clip_fraction": 0.322, "gradient_norm_mean": 943.1215, "gradient_norm_max": 11924.201171875, "step_seconds": 0.27491825446486473, "innovation_std_sum": 512.8644435247487, "noise_marginal_std_sum": 577.8622026533709}
{"step": 140, "epoch": 3, "train_loss": 0.5047540588378906, "clip_fraction": 0.312, "gradient_norm_mean": 863.3555, "gradient_norm_max": 9475.1484375, "step_seconds": 0.2737717181444168, "innovation_std_sum": 512.8644435247487, "noise_marginal_std_sum": 577.8622026533709}
{"step": 150, "epoch": 3, "train_loss": 0.4838692626953125, "clip_fraction": 0.314, "gradient_norm_mean": 870.939375, "gradient_norm_max": 11999.8388671875, "step_seconds": 0.2771384008228779, "innovation_std_sum": 512.8644435247487, "noise_marginal_std_sum": 577.8622026533709}
{"step": 160, "epoch": 3, "train_loss": 0.495140625, "clip_fraction": 0.287, "gradient_norm_mean": 741.741625, "gradient_norm_max": 10678.4384765625, "step_seconds": 0.2759236954152584, "innovation_std_sum": 512.8644435247487, "noise_marginal_std_sum": 577.8622026533709}
{"step": 170, "epoch": 3, "train_loss": 0.4878015747070312, "clip_fraction": 0.289, "gradient_norm_mean": 810.189875, "gradient_norm_max": 12269.2216796875, "step_seconds": 0.2718801908195019, "innovation_std_sum": 512.8644435247487, "noise_marginal_std_sum": 577.8622026533709}
{"step": 180, "epoch": 3, "train_loss": 0.5403803100585938, "clip_fraction": 0.279, "gradient_norm_mean": 877.2965, "gradient_norm_max": 12552.583984375, "step_seconds": 0.2878996171057224, "innovation_std_sum": 512.8644435247487, "noise_marginal_std_sum": 577.8622026533709}
{"epoch": 3, "step": 186, "train_loss": 0.4852035625826928, "clip_fraction": 0.29793548387096774, "epsilon": 5.8971720333737725, "accuracy": 0.7740825688073395, "validation_loss": 0.6511987808647506, "validation_examples": 872}
{"step": 190, "epoch": 4, "train_loss": 0.4691256103515625, "clip_fraction": 0.298, "gradient_norm_mean": 867.581125, "gradient_norm_max": 11106.7763671875, "step_seconds": 0.26620147936046124, "innovation_std_sum": 512.8644435247487, "noise_marginal_std_sum": 577.8622026533709}
{"step": 200, "epoch": 4, "train_loss": 0.47904434204101565, "clip_fraction": 0.289, "gradient_norm_mean": 829.5100625, "gradient_norm_max": 13697.8271484375, "step_seconds": 0.26215115189552307, "innovation_std_sum": 512.8644435247487, "noise_marginal_std_sum": 577.8622026533709}
{"step": 210, "epoch": 4, "train_loss": 0.44490621948242187, "clip_fraction": 0.261, "gradient_norm_mean": 815.0166875, "gradient_norm_max": 13434.48828125, "step_seconds": 0.268289165571332, "innovation_std_sum": 512.8644435247487, "noise_marginal_std_sum": 577.8622026533709}
{"step": 220, "epoch": 4, "train_loss": 0.4238062744140625, "clip_fraction": 0.241, "gradient_norm_mean": 731.3896875, "gradient_norm_max": 11373.8251953125, "step_seconds": 0.26698686741292477, "innovation_std_sum": 512.8644435247487, "noise_marginal_std_sum": 577.8622026533709}
{"step": 230, "epoch": 4, "train_loss": 0.4628161010742188, "clip_fraction": 0.269, "gradient_norm_mean": 798.299875, "gradient_norm_max": 12337.6552734375, "step_seconds": 0.2657282706350088, "innovation_std_sum": 512.8644435247487, "noise_marginal_std_sum": 577.8622026533709}
{"step": 240, "epoch": 4, "train_loss": 0.404083740234375, "clip_fraction": 0.255, "gradient_norm_mean": 755.4699375, "gradient_norm_max": 10790.671875, "step_seconds": 0.283247921615839, "innovation_std_sum": 512.8644435247487, "noise_marginal_std_sum": 577.8622026533709}
{"epoch": 4, "step": 248, "train_loss": 0.4612686836488785, "clip_fraction": 0.2682741935483871, "epsilon": 6.99603312968092, "accuracy": 0.7878440366972477, "validation_loss": 0.6482885211979578, "validation_examples": 872}
{"step": 250, "epoch": 5, "train_loss": 0.4531542663574219, "clip_fraction": 0.276, "gradient_norm_mean": 823.96775, "gradient_norm_max": 13028.4970703125, "step_seconds": 0.2699289359152317, "innovation_std_sum": 512.8644435247487, "noise_marginal_std_sum": 577.8622026533709}
{"step": 260, "epoch": 5, "train_loss": 0.4351271362304687, "clip_fraction": 0.251, "gradient_norm_mean": 847.7521875, "gradient_norm_max": 16312.69140625, "step_seconds": 0.2676100619137287, "innovation_std_sum": 512.8644435247487, "noise_marginal_std_sum": 577.8622026533709}
{"step": 270, "epoch": 5, "train_loss": 0.4863287353515625, "clip_fraction": 0.271, "gradient_norm_mean": 890.9534375, "gradient_norm_max": 15930.9638671875, "step_seconds": 0.2656130827963352, "innovation_std_sum": 512.8644435247487, "noise_marginal_std_sum": 577.8622026533709}
{"step": 280, "epoch": 5, "train_loss": 0.4857823486328125, "clip_fraction": 0.256, "gradient_norm_mean": 849.790875, "gradient_norm_max": 13774.310546875, "step_seconds": 0.2646955344825983, "innovation_std_sum": 512.8644435247487, "noise_marginal_std_sum": 577.8622026533709}
{"step": 290, "epoch": 5, "train_loss": 0.46171087646484377, "clip_fraction": 0.25, "gradient_norm_mean": 762.671, "gradient_norm_max": 12294.20703125, "step_seconds": 0.26541874185204506, "innovation_std_sum": 512.8644435247487, "noise_marginal_std_sum": 577.8622026533709}
{"step": 300, "epoch": 5, "train_loss": 0.4061622314453125, "clip_fraction": 0.237, "gradient_norm_mean": 728.5176875, "gradient_norm_max": 22266.9375, "step_seconds": 0.26891664788126945, "innovation_std_sum": 512.8644435247487, "noise_marginal_std_sum": 577.8622026533709}
{"step": 310, "epoch": 5, "train_loss": 0.46184075927734375, "clip_fraction": 0.246, "gradient_norm_mean": 837.53825, "gradient_norm_max": 17661.76953125, "step_seconds": 0.13047155365347862, "innovation_std_sum": 512.8644435247487, "noise_marginal_std_sum": 577.8622026533709}
{"epoch": 5, "step": 310, "train_loss": 0.4511781542378087, "clip_fraction": 0.25251612903225806, "epsilon": 8.000000000000007, "accuracy": 0.783256880733945, "validation_loss": 0.6371211174431197, "validation_examples": 872}
