/home/longt29/miniconda3/envs/curve/lib/python3.11/site-packages/torchvision/datasets/cifar.py:83: VisibleDeprecationWarning: dtype(): align should be passed as Python or NumPy boolean but got `align=0`. Did you mean to pass a tuple to create a subarray type? (Deprecated NumPy 2.4)
  entry = pickle.load(f, encoding="latin1")
sys:1: UserWarning: Full backward hook is firing when gradients are computed with respect to module outputs since no inputs require gradients. See https://docs.pytorch.org/docs/main/generated/torch.nn.Module.html#torch.nn.Module.register_full_backward_hook for more details.
{"step": 10, "epoch": 1, "train_loss": 4.6811983642578125, "clip_fraction": 1.0, "gradient_norm_mean": 58.8725166015625, "gradient_norm_max": 125.63444519042969, "step_seconds": 2.113765921443701, "innovation_std_sum": 13.421530075084847, "noise_marginal_std_sum": 13.421530075084847}
{"step": 20, "epoch": 1, "train_loss": 4.492176147460937, "clip_fraction": 1.0, "gradient_norm_mean": 51.9054736328125, "gradient_norm_max": 94.83322143554688, "step_seconds": 2.1125045027583838, "innovation_std_sum": 13.421530075084847, "noise_marginal_std_sum": 13.421530075084847}
{"step": 30, "epoch": 1, "train_loss": 4.3832265625, "clip_fraction": 1.0, "gradient_norm_mean": 56.21146875, "gradient_norm_max": 102.80657958984375, "step_seconds": 2.1370793152600527, "innovation_std_sum": 13.421530075084847, "noise_marginal_std_sum": 13.421530075084847}
{"step": 40, "epoch": 1, "train_loss": 4.18796630859375, "clip_fraction": 1.0, "gradient_norm_mean": 65.1604365234375, "gradient_norm_max": 144.6189422607422, "step_seconds": 2.152159631252289, "innovation_std_sum": 13.421530075084847, "noise_marginal_std_sum": 13.421530075084847}
{"epoch": 1, "step": 45, "train_loss": 4.4718529798719615, "clip_fraction": 1.0, "epsilon": 3.1232925162148586, "accuracy": 0.1272, "validation_loss": 3.901918127441406, "validation_examples": 5000}
{"step": 50, "epoch": 2, "train_loss": 3.9118828125, "clip_fraction": 1.0, "gradient_norm_mean": 78.152193359375, "gradient_norm_max": 156.5107879638672, "step_seconds": 2.1219681520015, "innovation_std_sum": 13.421530075084847, "noise_marginal_std_sum": 13.421530075084847}
{"step": 60, "epoch": 2, "train_loss": 3.70456005859375, "clip_fraction": 1.0, "gradient_norm_mean": 91.052796875, "gradient_norm_max": 279.8365173339844, "step_seconds": 2.1506687831133604, "innovation_std_sum": 13.421530075084847, "noise_marginal_std_sum": 13.421530075084847}
{"step": 70, "epoch": 2, "train_loss": 3.4266900634765625, "clip_fraction": 1.0, "gradient_norm_mean": 98.034951171875, "gradient_norm_max": 229.8941650390625, "step_seconds": 2.1582037173211575, "innovation_std_sum": 13.421530075084847, "noise_marginal_std_sum": 13.421530075084847}
{"step": 80, "epoch": 2, "train_loss": 3.3206390380859374, "clip_fraction": 1.0, "gradient_norm_mean": 102.890009765625, "gradient_norm_max": 303.8811950683594, "step_seconds": 2.181939108297229, "innovation_std_sum": 13.421530075084847, "noise_marginal_std_sum": 13.421530075084847}
{"step": 90, "epoch": 2, "train_loss": 3.140221130371094, "clip_fraction": 1.0, "gradient_norm_mean": 108.29538671875, "gradient_norm_max": 279.068603515625, "step_seconds": 2.1684999242424965, "innovation_std_sum": 13.421530075084847, "noise_marginal_std_sum": 13.421530075084847}
{"epoch": 2, "step": 90, "train_loss": 3.5369410061306423, "clip_fraction": 1.0, "epsilon": 4.650921021133028, "accuracy": 0.3326, "validation_loss": 2.827769287109375, "validation_examples": 5000}
{"step": 100, "epoch": 3, "train_loss": 2.92713232421875, "clip_fraction": 1.0, "gradient_norm_mean": 111.40305078125, "gradient_norm_max": 327.9025573730469, "step_seconds": 2.1550750713795424, "innovation_std_sum": 13.421530075084847, "noise_marginal_std_sum": 13.421530075084847}
{"step": 110, "epoch": 3, "train_loss": 2.763344482421875, "clip_fraction": 1.0, "gradient_norm_mean": 112.608068359375, "gradient_norm_max": 405.4949645996094, "step_seconds": 2.158557213842869, "innovation_std_sum": 13.421530075084847, "noise_marginal_std_sum": 13.421530075084847}
{"step": 120, "epoch": 3, "train_loss": 2.6915487670898437, "clip_fraction": 1.0, "gradient_norm_mean": 114.48614453125, "gradient_norm_max": 403.0897216796875, "step_seconds": 2.169506799429655, "innovation_std_sum": 13.421530075084847, "noise_marginal_std_sum": 13.421530075084847}
{"step": 130, "epoch": 3, "train_loss": 2.537054992675781, "clip_fraction": 0.998, "gradient_norm_mean": 114.43535546875, "gradient_norm_max": 429.728271484375, "step_seconds": 2.1910732071846724, "innovation_std_sum": 13.421530075084847, "noise_marginal_std_sum": 13.421530075084847}
{"epoch": 3, "step": 135, "train_loss": 2.7833057861328125, "clip_fraction": 0.9990888888888889, "epsilon": 5.897172094191148, "accuracy": 0.47, "validation_loss": 2.171858435058594, "validation_examples": 5000}
{"step": 140, "epoch": 4, "train_loss": 2.470054870605469, "clip_fraction": 0.993, "gradient_norm_mean": 114.74930859375, "gradient_norm_max": 473.03106689453125, "step_seconds": 2.183887654915452, "innovation_std_sum": 13.421530075084847, "noise_marginal_std_sum": 13.421530075084847}
{"step": 150, "epoch": 4, "train_loss": 2.446185119628906, "clip_fraction": 0.994, "gradient_norm_mean": 117.875712890625, "gradient_norm_max": 572.4292602539062, "step_seconds": 2.1612503193318844, "innovation_std_sum": 13.421530075084847, "noise_marginal_std_sum": 13.421530075084847}
{"step": 160, "epoch": 4, "train_loss": 2.391054992675781, "clip_fraction": 0.987, "gradient_norm_mean": 118.2155078125, "gradient_norm_max": 486.8887634277344, "step_seconds": 2.1647818721830845, "innovation_std_sum": 13.421530075084847, "noise_marginal_std_sum": 13.421530075084847}
{"step": 170, "epoch": 4, "train_loss": 2.2816309814453124, "clip_fraction": 0.983, "gradient_norm_mean": 118.20464453125, "gradient_norm_max": 476.7487487792969, "step_seconds": 2.170602761209011, "innovation_std_sum": 13.421530075084847, "noise_marginal_std_sum": 13.421530075084847}
{"step": 180, "epoch": 4, "train_loss": 2.236699035644531, "clip_fraction": 0.978, "gradient_norm_mean": 118.43968359375, "gradient_norm_max": 412.4161071777344, "step_seconds": 2.1707679759711027, "innovation_std_sum": 13.421530075084847, "noise_marginal_std_sum": 13.421530075084847}
{"epoch": 4, "step": 180, "train_loss": 2.362094113498264, "clip_fraction": 0.9887777777777778, "epsilon": 6.99603315708177, "accuracy": 0.5346, "validation_loss": 1.7969185119628905, "validation_examples": 5000}
{"step": 190, "epoch": 5, "train_loss": 2.1635416870117186, "clip_fraction": 0.972, "gradient_norm_mean": 119.66143359375, "gradient_norm_max": 467.8107604980469, "step_seconds": 2.163112536072731, "innovation_std_sum": 13.421530075084847, "noise_marginal_std_sum": 13.421530075084847}
{"step": 200, "epoch": 5, "train_loss": 2.125606353759766, "clip_fraction": 0.972, "gradient_norm_mean": 121.440685546875, "gradient_norm_max": 524.1544189453125, "step_seconds": 2.1721146181225777, "innovation_std_sum": 13.421530075084847, "noise_marginal_std_sum": 13.421530075084847}
{"step": 210, "epoch": 5, "train_loss": 2.1450484619140626, "clip_fraction": 0.969, "gradient_norm_mean": 119.5055390625, "gradient_norm_max": 422.2710266113281, "step_seconds": 2.180697178468108, "innovation_std_sum": 13.421530075084847, "noise_marginal_std_sum": 13.421530075084847}
{"step": 220, "epoch": 5, "train_loss": 2.078855987548828, "clip_fraction": 0.964, "gradient_norm_mean": 123.811544921875, "gradient_norm_max": 494.97625732421875, "step_seconds": 2.1760510578751564, "innovation_std_sum": 13.421530075084847, "noise_marginal_std_sum": 13.421530075084847}
{"epoch": 5, "step": 225, "train_loss": 2.1136032321506075, "clip_fraction": 0.9685111111111111, "epsilon": 8.000000000000005, "accuracy": 0.5784, "validation_loss": 1.5715439208984374, "validation_examples": 5000}
