Loading weights:   0%|          | 0/39 [00:00<?, ?it/s]Loading weights: 100%|██████████| 39/39 [00:00<00:00, 12533.74it/s]
[transformers] [1mBertModel LOAD REPORT[0m from: /media/data/data/lt/dp-adam-correlated/cache/bert-tiny
Key                                        | Status     |  | 
-------------------------------------------+------------+--+-
cls.predictions.transform.LayerNorm.bias   | UNEXPECTED |  | 
cls.predictions.decoder.weight             | UNEXPECTED |  | 
cls.predictions.bias                       | UNEXPECTED |  | 
cls.predictions.decoder.bias               | UNEXPECTED |  | 
cls.seq_relationship.weight                | UNEXPECTED |  | 
cls.seq_relationship.bias                  | UNEXPECTED |  | 
cls.predictions.transform.dense.bias       | UNEXPECTED |  | 
cls.predictions.transform.LayerNorm.weight | UNEXPECTED |  | 
cls.predictions.transform.dense.weight     | UNEXPECTED |  | 

Notes:
- UNEXPECTED:	can be ignored when loading from different task/architecture; not ok if you expect identical arch.
sys:1: UserWarning: Full backward hook is firing when gradients are computed with respect to module outputs since no inputs require gradients. See https://docs.pytorch.org/docs/main/generated/torch.nn.Module.html#torch.nn.Module.register_full_backward_hook for more details.
{"step": 10, "epoch": 1, "train_loss": 1.256860595703125, "clip_fraction": 0.627, "gradient_norm_mean": 672.858125, "gradient_norm_max": 2597.160888671875, "step_seconds": 0.2666700482368469, "innovation_std_sum": 170.95481450824957, "noise_marginal_std_sum": 192.6207342177903}
{"step": 20, "epoch": 1, "train_loss": 1.2134381103515626, "clip_fraction": 0.708, "gradient_norm_mean": 1435.20925, "gradient_norm_max": 6183.076171875, "step_seconds": 0.26791825145483017, "innovation_std_sum": 170.95481450824957, "noise_marginal_std_sum": 192.6207342177903}
{"step": 30, "epoch": 1, "train_loss": 0.8788676147460938, "clip_fraction": 0.75, "gradient_norm_mean": 2732.154, "gradient_norm_max": 14518.4521484375, "step_seconds": 0.26786245219409466, "innovation_std_sum": 170.95481450824957, "noise_marginal_std_sum": 192.6207342177903}
{"step": 40, "epoch": 1, "train_loss": 1.000188720703125, "clip_fraction": 0.6, "gradient_norm_mean": 4106.36375, "gradient_norm_max": 26134.984375, "step_seconds": 0.26818658225238323, "innovation_std_sum": 170.95481450824957, "noise_marginal_std_sum": 192.6207342177903}
{"step": 50, "epoch": 1, "train_loss": 1.0746998291015626, "clip_fraction": 0.479, "gradient_norm_mean": 4402.797, "gradient_norm_max": 36302.9375, "step_seconds": 0.26864354871213436, "innovation_std_sum": 170.95481450824957, "noise_marginal_std_sum": 192.6207342177903}
{"step": 60, "epoch": 1, "train_loss": 1.0090917358398437, "clip_fraction": 0.481, "gradient_norm_mean": 4599.715, "gradient_norm_max": 52234.09765625, "step_seconds": 0.2676541320979595, "innovation_std_sum": 170.95481450824957, "noise_marginal_std_sum": 192.6207342177903}
{"epoch": 1, "step": 62, "train_loss": 0.9866775788337954, "clip_fraction": 0.6565645161290322, "epsilon": 3.1232923300753557, "accuracy": 0.7743503458590391, "validation_loss": 0.9718844744842239, "validation_examples": 5349}
{"step": 70, "epoch": 2, "train_loss": 0.95522705078125, "clip_fraction": 0.469, "gradient_norm_mean": 4324.146, "gradient_norm_max": 41226.5078125, "step_seconds": 0.2680847141891718, "innovation_std_sum": 170.95481450824957, "noise_marginal_std_sum": 192.6207342177903}
{"step": 80, "epoch": 2, "train_loss": 0.9090477905273437, "clip_fraction": 0.453, "gradient_norm_mean": 3889.35775, "gradient_norm_max": 47619.5, "step_seconds": 0.2670144196599722, "innovation_std_sum": 170.95481450824957, "noise_marginal_std_sum": 192.6207342177903}
{"step": 90, "epoch": 2, "train_loss": 0.8705011596679687, "clip_fraction": 0.39, "gradient_norm_mean": 2947.08475, "gradient_norm_max": 42229.74609375, "step_seconds": 0.2679798509925604, "innovation_std_sum": 170.95481450824957, "noise_marginal_std_sum": 192.6207342177903}
{"step": 100, "epoch": 2, "train_loss": 0.9179617309570313, "clip_fraction": 0.374, "gradient_norm_mean": 3555.3795, "gradient_norm_max": 41829.3046875, "step_seconds": 0.2626743856817484, "innovation_std_sum": 170.95481450824957, "noise_marginal_std_sum": 192.6207342177903}
{"step": 110, "epoch": 2, "train_loss": 0.7616396484375, "clip_fraction": 0.37, "gradient_norm_mean": 3420.42825, "gradient_norm_max": 91510.9921875, "step_seconds": 0.12806665152311325, "innovation_std_sum": 170.95481450824957, "noise_marginal_std_sum": 192.6207342177903}
{"step": 120, "epoch": 2, "train_loss": 0.7346656494140625, "clip_fraction": 0.357, "gradient_norm_mean": 3295.0805, "gradient_norm_max": 49589.59765625, "step_seconds": 0.2702411524951458, "innovation_std_sum": 170.95481450824957, "noise_marginal_std_sum": 192.6207342177903}
{"epoch": 2, "step": 124, "train_loss": 0.8637203398673765, "clip_fraction": 0.41543548387096774, "epsilon": 4.65092091490115, "accuracy": 0.8003365114974762, "validation_loss": 0.8305759918446808, "validation_examples": 5349}
{"step": 130, "epoch": 3, "train_loss": 0.769416015625, "clip_fraction": 0.372, "gradient_norm_mean": 3627.2215, "gradient_norm_max": 68886.296875, "step_seconds": 0.26948535069823265, "innovation_std_sum": 170.95481450824957, "noise_marginal_std_sum": 192.6207342177903}
{"step": 140, "epoch": 3, "train_loss": 0.8161437377929688, "clip_fraction": 0.358, "gradient_norm_mean": 3872.5825, "gradient_norm_max": 73249.953125, "step_seconds": 0.269200399518013, "innovation_std_sum": 170.95481450824957, "noise_marginal_std_sum": 192.6207342177903}
{"step": 150, "epoch": 3, "train_loss": 0.8104070434570313, "clip_fraction": 0.369, "gradient_norm_mean": 3599.682, "gradient_norm_max": 68757.2421875, "step_seconds": 0.27057724818587303, "innovation_std_sum": 170.95481450824957, "noise_marginal_std_sum": 192.6207342177903}
{"step": 160, "epoch": 3, "train_loss": 0.8581504516601562, "clip_fraction": 0.354, "gradient_norm_mean": 3781.31, "gradient_norm_max": 79657.9140625, "step_seconds": 0.271355414763093, "innovation_std_sum": 170.95481450824957, "noise_marginal_std_sum": 192.6207342177903}
{"step": 170, "epoch": 3, "train_loss": 0.8792545166015625, "clip_fraction": 0.356, "gradient_norm_mean": 3855.48675, "gradient_norm_max": 69021.1640625, "step_seconds": 0.2730216421186924, "innovation_std_sum": 170.95481450824957, "noise_marginal_std_sum": 192.6207342177903}
{"step": 180, "epoch": 3, "train_loss": 0.7923488159179688, "clip_fraction": 0.34, "gradient_norm_mean": 3151.97325, "gradient_norm_max": 79186.765625, "step_seconds": 0.2687846105545759, "innovation_std_sum": 170.95481450824957, "noise_marginal_std_sum": 192.6207342177903}
{"epoch": 3, "step": 186, "train_loss": 0.7873965483634703, "clip_fraction": 0.3490645161290323, "epsilon": 5.8971720333737725, "accuracy": 0.8179098896990091, "validation_loss": 0.778112369779115, "validation_examples": 5349}
{"step": 190, "epoch": 4, "train_loss": 0.6414298706054687, "clip_fraction": 0.295, "gradient_norm_mean": 3050.80525, "gradient_norm_max": 93441.4765625, "step_seconds": 0.2617489006370306, "innovation_std_sum": 170.95481450824957, "noise_marginal_std_sum": 192.6207342177903}
{"step": 200, "epoch": 4, "train_loss": 0.8052889404296875, "clip_fraction": 0.34, "gradient_norm_mean": 3895.5405, "gradient_norm_max": 69673.5, "step_seconds": 0.2655359636992216, "innovation_std_sum": 170.95481450824957, "noise_marginal_std_sum": 192.6207342177903}
{"step": 210, "epoch": 4, "train_loss": 0.7497310180664063, "clip_fraction": 0.323, "gradient_norm_mean": 3379.977, "gradient_norm_max": 62182.14453125, "step_seconds": 0.2610318586230278, "innovation_std_sum": 170.95481450824957, "noise_marginal_std_sum": 192.6207342177903}
{"step": 220, "epoch": 4, "train_loss": 0.7302449951171875, "clip_fraction": 0.307, "gradient_norm_mean": 2936.895, "gradient_norm_max": 85940.546875, "step_seconds": 0.2656836733222008, "innovation_std_sum": 170.95481450824957, "noise_marginal_std_sum": 192.6207342177903}
{"step": 230, "epoch": 4, "train_loss": 0.7416415405273438, "clip_fraction": 0.317, "gradient_norm_mean": 3139.972, "gradient_norm_max": 61663.06640625, "step_seconds": 0.26406217738986015, "innovation_std_sum": 170.95481450824957, "noise_marginal_std_sum": 192.6207342177903}
{"step": 240, "epoch": 4, "train_loss": 0.7708815307617187, "clip_fraction": 0.306, "gradient_norm_mean": 3356.635, "gradient_norm_max": 79022.78125, "step_seconds": 0.2671224307268858, "innovation_std_sum": 170.95481450824957, "noise_marginal_std_sum": 192.6207342177903}
{"epoch": 4, "step": 248, "train_loss": 0.7444935588221396, "clip_fraction": 0.30798387096774194, "epsilon": 6.99603312968092, "accuracy": 0.8216489063376332, "validation_loss": 0.7977029133966246, "validation_examples": 5349}
{"step": 250, "epoch": 5, "train_loss": 0.794650634765625, "clip_fraction": 0.288, "gradient_norm_mean": 3170.92, "gradient_norm_max": 75014.4375, "step_seconds": 0.266058836132288, "innovation_std_sum": 170.95481450824957, "noise_marginal_std_sum": 192.6207342177903}
{"step": 260, "epoch": 5, "train_loss": 0.8026008911132813, "clip_fraction": 0.302, "gradient_norm_mean": 3309.3675, "gradient_norm_max": 87438.3125, "step_seconds": 0.26748347468674183, "innovation_std_sum": 170.95481450824957, "noise_marginal_std_sum": 192.6207342177903}
{"step": 270, "epoch": 5, "train_loss": 0.6926922607421875, "clip_fraction": 0.277, "gradient_norm_mean": 2635.8415, "gradient_norm_max": 85203.3515625, "step_seconds": 0.2678214218467474, "innovation_std_sum": 170.95481450824957, "noise_marginal_std_sum": 192.6207342177903}
{"step": 280, "epoch": 5, "train_loss": 0.7325146484375, "clip_fraction": 0.294, "gradient_norm_mean": 3355.736, "gradient_norm_max": 75826.1484375, "step_seconds": 0.2646276094019413, "innovation_std_sum": 170.95481450824957, "noise_marginal_std_sum": 192.6207342177903}
{"step": 290, "epoch": 5, "train_loss": 0.7085126953125, "clip_fraction": 0.283, "gradient_norm_mean": 3483.20875, "gradient_norm_max": 83644.8046875, "step_seconds": 0.26783801056444645, "innovation_std_sum": 170.95481450824957, "noise_marginal_std_sum": 192.6207342177903}
{"step": 300, "epoch": 5, "train_loss": 0.6535338134765625, "clip_fraction": 0.271, "gradient_norm_mean": 3178.324, "gradient_norm_max": 70144.625, "step_seconds": 0.26490687765181065, "innovation_std_sum": 170.95481450824957, "noise_marginal_std_sum": 192.6207342177903}
{"step": 310, "epoch": 5, "train_loss": 0.7869581298828126, "clip_fraction": 0.284, "gradient_norm_mean": 3405.4305, "gradient_norm_max": 88596.2578125, "step_seconds": 0.18313343077898026, "innovation_std_sum": 170.95481450824957, "noise_marginal_std_sum": 192.6207342177903}
{"epoch": 5, "step": 310, "train_loss": 0.7307532683341734, "clip_fraction": 0.2880967741935484, "epsilon": 8.000000000000005, "accuracy": 0.8291269396148813, "validation_loss": 0.7690513662187424, "validation_examples": 5349}
