/home/longt29/miniconda3/envs/curve/lib/python3.11/site-packages/torchvision/datasets/cifar.py:83: VisibleDeprecationWarning: dtype(): align should be passed as Python or NumPy boolean but got `align=0`. Did you mean to pass a tuple to create a subarray type? (Deprecated NumPy 2.4)
  entry = pickle.load(f, encoding="latin1")
{"method": "dp-adam-iid-uc", "calibration": {"target_epsilon": 8.0, "delta": 1e-05, "target_mu": 1.6660305978457184, "total_steps": 250, "per_step_sensitivity": 897.9076843261719, "temporal_sensitivity": 15.811388300841896, "trajectory_sensitivity": 14197.167055190872, "innovation_std": 8521.552409390737, "sampling_amplification": false, "participation": "full_temporal", "adjacency": "replace_one", "accountant": "conditional_gaussian_gdp_row_absolute_sum", "noise_space": "update_direction", "batch_size_division": false}, "coefficients": [1.0]}
/home/longt29/miniconda3/envs/curve/lib/python3.11/site-packages/torch/autograd/graph.py:979: UserWarning: Error detected in NativeLayerNormBackward0. Traceback of forward call that caused the error:
  File "<string>", line 1, in <module>
  File "/media/data/data/lt/dp-adam-correlated/exp4/train.py", line 241, in main
    run(parser.parse_args())
  File "/media/data/data/lt/dp-adam-correlated/exp4/train.py", line 184, in run
    loss = backward_microbatch(model, inputs, targets, config['logical_batch_size'])
  File "/media/data/data/lt/dp-adam-correlated/exp4/train.py", line 52, in backward_microbatch
    loss = torch.nn.functional.cross_entropy(model(inputs), targets, reduction='sum')
  File "/home/longt29/miniconda3/envs/curve/lib/python3.11/site-packages/torch/nn/modules/module.py", line 1778, in _wrapped_call_impl
    return self._call_impl(*args, **kwargs)
  File "/home/longt29/miniconda3/envs/curve/lib/python3.11/site-packages/torch/nn/modules/module.py", line 1789, in _call_impl
    return forward_call(*args, **kwargs)
  File "/media/data/data/lt/dp-adam-correlated/exp4/model.py", line 66, in forward
    return self.head(self.norm(self.blocks(x))[:, 0])
  File "/home/longt29/miniconda3/envs/curve/lib/python3.11/site-packages/torch/nn/modules/module.py", line 1778, in _wrapped_call_impl
    return self._call_impl(*args, **kwargs)
  File "/home/longt29/miniconda3/envs/curve/lib/python3.11/site-packages/torch/nn/modules/module.py", line 1789, in _call_impl
    return forward_call(*args, **kwargs)
  File "/home/longt29/miniconda3/envs/curve/lib/python3.11/site-packages/torch/nn/modules/container.py", line 253, in forward
    input = module(input)
  File "/home/longt29/miniconda3/envs/curve/lib/python3.11/site-packages/torch/nn/modules/module.py", line 1778, in _wrapped_call_impl
    return self._call_impl(*args, **kwargs)
  File "/home/longt29/miniconda3/envs/curve/lib/python3.11/site-packages/torch/nn/modules/module.py", line 1789, in _call_impl
    return forward_call(*args, **kwargs)
  File "/media/data/data/lt/dp-adam-correlated/exp4/model.py", line 39, in forward
    x = x + self.attn(self.norm1(x))
  File "/home/longt29/miniconda3/envs/curve/lib/python3.11/site-packages/torch/nn/modules/module.py", line 1778, in _wrapped_call_impl
    return self._call_impl(*args, **kwargs)
  File "/home/longt29/miniconda3/envs/curve/lib/python3.11/site-packages/torch/nn/modules/module.py", line 1789, in _call_impl
    return forward_call(*args, **kwargs)
  File "/home/longt29/miniconda3/envs/curve/lib/python3.11/site-packages/torch/nn/modules/normalization.py", line 228, in forward
    return F.layer_norm(
  File "/home/longt29/miniconda3/envs/curve/lib/python3.11/site-packages/torch/nn/functional.py", line 2987, in layer_norm
    return torch.layer_norm(
 (Triggered internally at /__w/pytorch/pytorch/torch/csrc/autograd/python_anomaly_mode.cpp:122.)
  return Variable._execution_engine.run_backward(  # Calls into the C++ engine to run the backward pass
Traceback (most recent call last):
  File "<string>", line 1, in <module>
  File "/media/data/data/lt/dp-adam-correlated/exp4/train.py", line 241, in main
    run(parser.parse_args())
  File "/media/data/data/lt/dp-adam-correlated/exp4/train.py", line 184, in run
    loss = backward_microbatch(model, inputs, targets, config['logical_batch_size'])
           ^^^^^^^^^^^^^^^^^^^^^^^^^^^^^^^^^^^^^^^^^^^^^^^^^^^^^^^^^^^^^^^^^^^^^^^^^
  File "/media/data/data/lt/dp-adam-correlated/exp4/train.py", line 53, in backward_microbatch
    (loss / logical_batch_size).backward()
  File "/home/longt29/miniconda3/envs/curve/lib/python3.11/site-packages/torch/_tensor.py", line 623, in backward
    torch.autograd.backward(
  File "/home/longt29/miniconda3/envs/curve/lib/python3.11/site-packages/torch/autograd/__init__.py", line 395, in backward
    _engine_run_backward(
  File "/home/longt29/miniconda3/envs/curve/lib/python3.11/site-packages/torch/autograd/graph.py", line 979, in _engine_run_backward
    return Variable._execution_engine.run_backward(  # Calls into the C++ engine to run the backward pass
           ^^^^^^^^^^^^^^^^^^^^^^^^^^^^^^^^^^^^^^^^^^^^^^^^^^^^^^^^^^^^^^^^^^^^^^^^^^^^^^^^^^^^^^^^^^^^^^
RuntimeError: Function 'NativeLayerNormBackward0' returned nan values in its 0th output.
ERROR conda.cli.main_run:execute(127): `conda run python -B -c from exp4.train import main; import torch; torch.autograd.set_detect_anomaly(True); main() --method dp-adam-iid-uc --seed 20261001 --lr 0.001 --update-clip-norm 448.95384216308594 --result-dir exp4/runtime/nan_debug` failed. (See above for error)
