/home/longt29/miniconda3/envs/curve/lib/python3.11/site-packages/torchvision/datasets/cifar.py:83: VisibleDeprecationWarning: dtype(): align should be passed as Python or NumPy boolean but got `align=0`. Did you mean to pass a tuple to create a subarray type? (Deprecated NumPy 2.4)
  entry = pickle.load(f, encoding="latin1")
sys:1: UserWarning: Full backward hook is firing when gradients are computed with respect to module outputs since no inputs require gradients. See https://docs.pytorch.org/docs/main/generated/torch.nn.Module.html#torch.nn.Module.register_full_backward_hook for more details.
{"step": 10, "epoch": 1, "train_loss": 4.577097412109375, "clip_fraction": 0.0, "gradient_norm_mean": 43.5228271484375, "gradient_norm_max": 96.020263671875, "step_seconds": 2.001303318887949, "innovation_std_sum": 960.5354058391272, "noise_marginal_std_sum": 1324.878491966481}
{"step": 20, "epoch": 1, "train_loss": 4.50646923828125, "clip_fraction": 0.0, "gradient_norm_mean": 29.48210400390625, "gradient_norm_max": 60.279296875, "step_seconds": 2.042331602424383, "innovation_std_sum": 960.5354058391272, "noise_marginal_std_sum": 1324.878491966481}
{"step": 30, "epoch": 1, "train_loss": 4.447630981445313, "clip_fraction": 0.0, "gradient_norm_mean": 25.38353515625, "gradient_norm_max": 52.09333419799805, "step_seconds": 2.0188958514481783, "innovation_std_sum": 960.5354058391272, "noise_marginal_std_sum": 1324.878491966481}
{"step": 40, "epoch": 1, "train_loss": 4.436819702148438, "clip_fraction": 0.0, "gradient_norm_mean": 23.78024755859375, "gradient_norm_max": 52.69730758666992, "step_seconds": 2.028448523953557, "innovation_std_sum": 960.5354058391272, "noise_marginal_std_sum": 1324.878491966481}
{"epoch": 1, "step": 45, "train_loss": 4.5180765516493056, "clip_fraction": 0.03111111111111111, "epsilon": 2.805247463992718, "accuracy": 0.0598, "validation_loss": 4.29791552734375, "validation_examples": 5000}
{"step": 50, "epoch": 2, "train_loss": 4.331950317382812, "clip_fraction": 0.0, "gradient_norm_mean": 22.75035205078125, "gradient_norm_max": 43.57229232788086, "step_seconds": 2.0429834965616465, "innovation_std_sum": 960.5354058391272, "noise_marginal_std_sum": 1324.878491966481}
{"step": 60, "epoch": 2, "train_loss": 4.282932250976563, "clip_fraction": 0.0, "gradient_norm_mean": 21.867875, "gradient_norm_max": 38.54768753051758, "step_seconds": 2.028164094313979, "innovation_std_sum": 960.5354058391272, "noise_marginal_std_sum": 1324.878491966481}
{"step": 70, "epoch": 2, "train_loss": 4.207561279296875, "clip_fraction": 0.0, "gradient_norm_mean": 21.78717529296875, "gradient_norm_max": 49.437618255615234, "step_seconds": 2.0591017231345177, "innovation_std_sum": 960.5354058391272, "noise_marginal_std_sum": 1324.878491966481}
{"step": 80, "epoch": 2, "train_loss": 4.177858276367187, "clip_fraction": 0.0, "gradient_norm_mean": 20.65400244140625, "gradient_norm_max": 45.242774963378906, "step_seconds": 2.006472885608673, "innovation_std_sum": 960.5354058391272, "noise_marginal_std_sum": 1324.878491966481}
{"step": 90, "epoch": 2, "train_loss": 4.137316284179687, "clip_fraction": 0.0, "gradient_norm_mean": 21.3451064453125, "gradient_norm_max": 46.92498016357422, "step_seconds": 2.0138929411768913, "innovation_std_sum": 960.5354058391272, "noise_marginal_std_sum": 1324.878491966481}
{"epoch": 2, "step": 90, "train_loss": 4.231100743272569, "clip_fraction": 0.0, "epsilon": 4.447471925552444, "accuracy": 0.1072, "validation_loss": 4.011609118652344, "validation_examples": 5000}
{"step": 100, "epoch": 3, "train_loss": 4.058509094238281, "clip_fraction": 0.0, "gradient_norm_mean": 20.9988935546875, "gradient_norm_max": 44.11777877807617, "step_seconds": 2.009256526827812, "innovation_std_sum": 960.5354058391272, "noise_marginal_std_sum": 1324.878491966481}
{"step": 110, "epoch": 3, "train_loss": 3.989094177246094, "clip_fraction": 0.0, "gradient_norm_mean": 20.83591015625, "gradient_norm_max": 49.009220123291016, "step_seconds": 2.040087103843689, "innovation_std_sum": 960.5354058391272, "noise_marginal_std_sum": 1324.878491966481}
{"step": 120, "epoch": 3, "train_loss": 3.9567245483398437, "clip_fraction": 0.0, "gradient_norm_mean": 21.159732421875, "gradient_norm_max": 57.903717041015625, "step_seconds": 2.0015286449342966, "innovation_std_sum": 960.5354058391272, "noise_marginal_std_sum": 1324.878491966481}
{"step": 130, "epoch": 3, "train_loss": 3.9251517333984376, "clip_fraction": 0.0, "gradient_norm_mean": 20.90982470703125, "gradient_norm_max": 46.140628814697266, "step_seconds": 2.026997124776244, "innovation_std_sum": 960.5354058391272, "noise_marginal_std_sum": 1324.878491966481}
{"epoch": 3, "step": 135, "train_loss": 3.977346714952257, "clip_fraction": 0.0, "epsilon": 5.779485746307642, "accuracy": 0.1506, "validation_loss": 3.7210688842773436, "validation_examples": 5000}
{"step": 140, "epoch": 4, "train_loss": 3.808026794433594, "clip_fraction": 0.0, "gradient_norm_mean": 20.580404296875, "gradient_norm_max": 55.14963150024414, "step_seconds": 2.0093454718589783, "innovation_std_sum": 960.5354058391272, "noise_marginal_std_sum": 1324.878491966481}
{"step": 150, "epoch": 4, "train_loss": 3.790684814453125, "clip_fraction": 0.0, "gradient_norm_mean": 20.764375, "gradient_norm_max": 40.37262725830078, "step_seconds": 2.0327345095574856, "innovation_std_sum": 960.5354058391272, "noise_marginal_std_sum": 1324.878491966481}
{"step": 160, "epoch": 4, "train_loss": 3.742035400390625, "clip_fraction": 0.0, "gradient_norm_mean": 21.00878076171875, "gradient_norm_max": 63.54620361328125, "step_seconds": 2.0229554269462824, "innovation_std_sum": 960.5354058391272, "noise_marginal_std_sum": 1324.878491966481}
{"step": 170, "epoch": 4, "train_loss": 3.6856634521484377, "clip_fraction": 0.0, "gradient_norm_mean": 20.285908203125, "gradient_norm_max": 41.79810333251953, "step_seconds": 2.0167544577270746, "innovation_std_sum": 960.5354058391272, "noise_marginal_std_sum": 1324.878491966481}
{"step": 180, "epoch": 4, "train_loss": 3.660864685058594, "clip_fraction": 0.0, "gradient_norm_mean": 20.13528466796875, "gradient_norm_max": 46.37897491455078, "step_seconds": 2.024587607011199, "innovation_std_sum": 960.5354058391272, "noise_marginal_std_sum": 1324.878491966481}
{"epoch": 4, "step": 180, "train_loss": 3.7347204413519965, "clip_fraction": 0.0, "epsilon": 6.943065470652319, "accuracy": 0.2002, "validation_loss": 3.4423947021484373, "validation_examples": 5000}
{"step": 190, "epoch": 5, "train_loss": 3.6000518798828125, "clip_fraction": 0.0, "gradient_norm_mean": 19.99067333984375, "gradient_norm_max": 56.450130462646484, "step_seconds": 2.02420025318861, "innovation_std_sum": 960.5354058391272, "noise_marginal_std_sum": 1324.878491966481}
{"step": 200, "epoch": 5, "train_loss": 3.5850836181640626, "clip_fraction": 0.0, "gradient_norm_mean": 20.17858056640625, "gradient_norm_max": 51.978755950927734, "step_seconds": 2.012866770848632, "innovation_std_sum": 960.5354058391272, "noise_marginal_std_sum": 1324.878491966481}
{"step": 210, "epoch": 5, "train_loss": 3.51739990234375, "clip_fraction": 0.0, "gradient_norm_mean": 20.0751044921875, "gradient_norm_max": 43.62664794921875, "step_seconds": 2.013632442802191, "innovation_std_sum": 960.5354058391272, "noise_marginal_std_sum": 1324.878491966481}
{"step": 220, "epoch": 5, "train_loss": 3.469266906738281, "clip_fraction": 0.0, "gradient_norm_mean": 19.9576259765625, "gradient_norm_max": 47.00589370727539, "step_seconds": 2.0080888476222754, "innovation_std_sum": 960.5354058391272, "noise_marginal_std_sum": 1324.878491966481}
{"epoch": 5, "step": 225, "train_loss": 3.518211329481337, "clip_fraction": 0.0, "epsilon": 8.000000000000005, "accuracy": 0.2392, "validation_loss": 3.2210116577148438, "validation_examples": 5000}
