Loading weights:   0%|          | 0/39 [00:00<?, ?it/s]Loading weights: 100%|██████████| 39/39 [00:00<00:00, 18707.44it/s]
[transformers] [1mBertModel LOAD REPORT[0m from: /media/data/data/lt/dp-adam-correlated/cache/bert-tiny
Key                                        | Status     |  | 
-------------------------------------------+------------+--+-
cls.seq_relationship.weight                | UNEXPECTED |  | 
cls.predictions.transform.dense.weight     | UNEXPECTED |  | 
cls.predictions.transform.LayerNorm.bias   | UNEXPECTED |  | 
cls.predictions.decoder.bias               | UNEXPECTED |  | 
cls.predictions.decoder.weight             | UNEXPECTED |  | 
cls.predictions.transform.dense.bias       | UNEXPECTED |  | 
cls.predictions.transform.LayerNorm.weight | UNEXPECTED |  | 
cls.seq_relationship.bias                  | UNEXPECTED |  | 
cls.predictions.bias                       | UNEXPECTED |  | 

Notes:
- UNEXPECTED:	can be ignored when loading from different task/architecture; not ok if you expect identical arch.
sys:1: UserWarning: Full backward hook is firing when gradients are computed with respect to module outputs since no inputs require gradients. See https://docs.pytorch.org/docs/main/generated/torch.nn.Module.html#torch.nn.Module.register_full_backward_hook for more details.
{"step": 10, "epoch": 1, "step_seconds": 0.2613556291908026, "innovation_std_sum": 2.290350584469516, "noise_marginal_std_sum": 2.5788827829474052, "pure_mf_cumulative_momentum_noise_variance": 1.7512576589066363e-05, "preconditioner_mean": 428.167236328125, "preconditioner_change_relative": 0.09353556483983994, "denominator_lag_relative": 0.0, "block_age": 0}
{"step": 20, "epoch": 1, "step_seconds": 0.2603210359811783, "innovation_std_sum": 2.290350584469516, "noise_marginal_std_sum": 2.5788827829474052, "pure_mf_cumulative_momentum_noise_variance": 1.802331747445693e-05, "preconditioner_mean": 401.9058837890625, "preconditioner_change_relative": 0.03935137391090393, "denominator_lag_relative": 0.0, "block_age": 0}
{"step": 30, "epoch": 1, "step_seconds": 0.2621136177331209, "innovation_std_sum": 2.290350584469516, "noise_marginal_std_sum": 2.5788827829474052, "pure_mf_cumulative_momentum_noise_variance": 1.8461572619719523e-05, "preconditioner_mean": 395.1154479980469, "preconditioner_change_relative": 0.025327004492282867, "denominator_lag_relative": 0.0, "block_age": 0}
{"step": 40, "epoch": 1, "step_seconds": 0.261913837864995, "innovation_std_sum": 2.290350584469516, "noise_marginal_std_sum": 2.5788827829474052, "pure_mf_cumulative_momentum_noise_variance": 1.901046982406614e-05, "preconditioner_mean": 392.2496032714844, "preconditioner_change_relative": 0.017655357718467712, "denominator_lag_relative": 0.0, "block_age": 0}
{"step": 50, "epoch": 1, "step_seconds": 0.26259658485651016, "innovation_std_sum": 2.290350584469516, "noise_marginal_std_sum": 2.5788827829474052, "pure_mf_cumulative_momentum_noise_variance": 1.962478148580399e-05, "preconditioner_mean": 390.7673645019531, "preconditioner_change_relative": 0.015484347008168697, "denominator_lag_relative": 0.0, "block_age": 0}
{"step": 60, "epoch": 1, "step_seconds": 0.26736549101769924, "innovation_std_sum": 2.290350584469516, "noise_marginal_std_sum": 2.5788827829474052, "pure_mf_cumulative_momentum_noise_variance": 2.0270275510613554e-05, "preconditioner_mean": 389.7474670410156, "preconditioner_change_relative": 0.012853037565946579, "denominator_lag_relative": 0.0, "block_age": 0}
{"epoch": 1, "step": 62, "epsilon": 3.0662551940943854, "accuracy": 0.7700504767246215, "validation_loss": 0.9699725081350541, "validation_examples": 5349}
{"step": 70, "epoch": 2, "step_seconds": 0.17477664351463318, "innovation_std_sum": 2.290350584469516, "noise_marginal_std_sum": 2.5788827829474052, "pure_mf_cumulative_momentum_noise_variance": 2.092951209974931e-05, "preconditioner_mean": 388.5440979003906, "preconditioner_change_relative": 0.011352110654115677, "denominator_lag_relative": 0.0, "block_age": 0}
{"step": 80, "epoch": 2, "step_seconds": 0.2630573809146881, "innovation_std_sum": 2.290350584469516, "noise_marginal_std_sum": 2.5788827829474052, "pure_mf_cumulative_momentum_noise_variance": 2.1594541191305176e-05, "preconditioner_mean": 387.62054443359375, "preconditioner_change_relative": 0.009406883269548416, "denominator_lag_relative": 0.0, "block_age": 0}
{"step": 90, "epoch": 2, "step_seconds": 0.26479100435972214, "innovation_std_sum": 2.290350584469516, "noise_marginal_std_sum": 2.5788827829474052, "pure_mf_cumulative_momentum_noise_variance": 2.2261939638424868e-05, "preconditioner_mean": 387.3423156738281, "preconditioner_change_relative": 0.008904966525733471, "denominator_lag_relative": 0.0, "block_age": 0}
{"step": 100, "epoch": 2, "step_seconds": 0.26479094848036766, "innovation_std_sum": 2.290350584469516, "noise_marginal_std_sum": 2.5788827829474052, "pure_mf_cumulative_momentum_noise_variance": 2.2930286303379973e-05, "preconditioner_mean": 386.89923095703125, "preconditioner_change_relative": 0.0076073287054896355, "denominator_lag_relative": 0.0, "block_age": 0}
{"step": 110, "epoch": 2, "step_seconds": 0.2647730428725481, "innovation_std_sum": 2.290350584469516, "noise_marginal_std_sum": 2.5788827829474052, "pure_mf_cumulative_momentum_noise_variance": 2.3599006186005503e-05, "preconditioner_mean": 386.5024108886719, "preconditioner_change_relative": 0.007394114974886179, "denominator_lag_relative": 0.0, "block_age": 0}
{"step": 120, "epoch": 2, "step_seconds": 0.26980735547840595, "innovation_std_sum": 2.290350584469516, "noise_marginal_std_sum": 2.5788827829474052, "pure_mf_cumulative_momentum_noise_variance": 2.426787105819351e-05, "preconditioner_mean": 385.9948425292969, "preconditioner_change_relative": 0.0075571308843791485, "denominator_lag_relative": 0.0, "block_age": 0}
{"epoch": 2, "step": 124, "epsilon": 4.617524156181054, "accuracy": 0.7924845765563657, "validation_loss": 0.8822415184809752, "validation_examples": 5349}
{"step": 130, "epoch": 3, "step_seconds": 0.2694476339966059, "innovation_std_sum": 2.290350584469516, "noise_marginal_std_sum": 2.5788827829474052, "pure_mf_cumulative_momentum_noise_variance": 2.4936791666022976e-05, "preconditioner_mean": 385.9241638183594, "preconditioner_change_relative": 0.005701023153960705, "denominator_lag_relative": 0.0, "block_age": 0}
{"step": 140, "epoch": 3, "step_seconds": 0.26849300041794777, "innovation_std_sum": 2.290350584469516, "noise_marginal_std_sum": 2.5788827829474052, "pure_mf_cumulative_momentum_noise_variance": 2.560573351424564e-05, "preconditioner_mean": 385.6659851074219, "preconditioner_change_relative": 0.005994199309498072, "denominator_lag_relative": 0.0, "block_age": 0}
{"step": 150, "epoch": 3, "step_seconds": 0.26820962503552437, "innovation_std_sum": 2.290350584469516, "noise_marginal_std_sum": 2.5788827829474052, "pure_mf_cumulative_momentum_noise_variance": 2.6274683398464805e-05, "preconditioner_mean": 385.6958923339844, "preconditioner_change_relative": 0.004975815303623676, "denominator_lag_relative": 0.0, "block_age": 0}
{"step": 160, "epoch": 3, "step_seconds": 0.26669749803841114, "innovation_std_sum": 2.290350584469516, "noise_marginal_std_sum": 2.5788827829474052, "pure_mf_cumulative_momentum_noise_variance": 2.6943636304307573e-05, "preconditioner_mean": 385.4791564941406, "preconditioner_change_relative": 0.004887438844889402, "denominator_lag_relative": 0.0, "block_age": 0}
{"step": 170, "epoch": 3, "step_seconds": 0.2654114104807377, "innovation_std_sum": 2.290350584469516, "noise_marginal_std_sum": 2.5788827829474052, "pure_mf_cumulative_momentum_noise_variance": 2.7612590340311075e-05, "preconditioner_mean": 385.36700439453125, "preconditioner_change_relative": 0.00469242874532938, "denominator_lag_relative": 0.0, "block_age": 0}
{"step": 180, "epoch": 3, "step_seconds": 0.26926804333925247, "innovation_std_sum": 2.290350584469516, "noise_marginal_std_sum": 2.5788827829474052, "pure_mf_cumulative_momentum_noise_variance": 2.828154479708107e-05, "preconditioner_mean": 385.129638671875, "preconditioner_change_relative": 0.00453261099755764, "denominator_lag_relative": 0.0, "block_age": 0}
{"epoch": 3, "step": 186, "epsilon": 5.878060668355694, "accuracy": 0.8022060198167882, "validation_loss": 0.8738108948917784, "validation_examples": 5349}
{"step": 190, "epoch": 4, "step_seconds": 0.2716826740652323, "innovation_std_sum": 2.290350584469516, "noise_marginal_std_sum": 2.5788827829474052, "pure_mf_cumulative_momentum_noise_variance": 2.895049940987433e-05, "preconditioner_mean": 385.21136474609375, "preconditioner_change_relative": 0.004200953058898449, "denominator_lag_relative": 0.0, "block_age": 0}
{"step": 200, "epoch": 4, "step_seconds": 0.2648154776543379, "innovation_std_sum": 2.290350584469516, "noise_marginal_std_sum": 2.5788827829474052, "pure_mf_cumulative_momentum_noise_variance": 2.961945408031611e-05, "preconditioner_mean": 385.06292724609375, "preconditioner_change_relative": 0.003845884930342436, "denominator_lag_relative": 0.0, "block_age": 0}
{"step": 210, "epoch": 4, "step_seconds": 0.26978944055736065, "innovation_std_sum": 2.290350584469516, "noise_marginal_std_sum": 2.5788827829474052, "pure_mf_cumulative_momentum_noise_variance": 3.028840877199067e-05, "preconditioner_mean": 384.9259338378906, "preconditioner_change_relative": 0.0036196543369442225, "denominator_lag_relative": 0.0, "block_age": 0}
{"step": 220, "epoch": 4, "step_seconds": 0.26154296286404133, "innovation_std_sum": 2.290350584469516, "noise_marginal_std_sum": 2.5788827829474052, "pure_mf_cumulative_momentum_noise_variance": 3.095736347146337e-05, "preconditioner_mean": 384.79180908203125, "preconditioner_change_relative": 0.003693553153425455, "denominator_lag_relative": 0.0, "block_age": 0}
{"step": 230, "epoch": 4, "step_seconds": 0.2689248416572809, "innovation_std_sum": 2.290350584469516, "noise_marginal_std_sum": 2.5788827829474052, "pure_mf_cumulative_momentum_noise_variance": 3.1626318173792745e-05, "preconditioner_mean": 384.93646240234375, "preconditioner_change_relative": 0.0034773654770106077, "denominator_lag_relative": 0.0, "block_age": 0}
{"step": 240, "epoch": 4, "step_seconds": 0.269494378939271, "innovation_std_sum": 2.290350584469516, "noise_marginal_std_sum": 2.5788827829474052, "pure_mf_cumulative_momentum_noise_variance": 3.229527287716616e-05, "preconditioner_mean": 384.9398498535156, "preconditioner_change_relative": 0.0035212573129683733, "denominator_lag_relative": 0.0, "block_age": 0}
{"epoch": 4, "step": 248, "epsilon": 6.987427898844202, "accuracy": 0.8091232005982426, "validation_loss": 0.8458883571143372, "validation_examples": 5349}
{"step": 250, "epoch": 5, "step_seconds": 0.27241590432822704, "innovation_std_sum": 2.290350584469516, "noise_marginal_std_sum": 2.5788827829474052, "pure_mf_cumulative_momentum_noise_variance": 3.2964227580920334e-05, "preconditioner_mean": 384.9234619140625, "preconditioner_change_relative": 0.0032488072756677866, "denominator_lag_relative": 0.0, "block_age": 0}
{"step": 260, "epoch": 5, "step_seconds": 0.2692378982901573, "innovation_std_sum": 2.290350584469516, "noise_marginal_std_sum": 2.5788827829474052, "pure_mf_cumulative_momentum_noise_variance": 3.363318228481312e-05, "preconditioner_mean": 384.8779602050781, "preconditioner_change_relative": 0.00294614234007895, "denominator_lag_relative": 0.0, "block_age": 0}
{"step": 270, "epoch": 5, "step_seconds": 0.2699038200080395, "innovation_std_sum": 2.290350584469516, "noise_marginal_std_sum": 2.5788827829474052, "pure_mf_cumulative_momentum_noise_variance": 3.430213698875626e-05, "preconditioner_mean": 384.8330078125, "preconditioner_change_relative": 0.003140411339700222, "denominator_lag_relative": 0.0, "block_age": 0}
{"step": 280, "epoch": 5, "step_seconds": 0.26980649679899216, "innovation_std_sum": 2.290350584469516, "noise_marginal_std_sum": 2.5788827829474052, "pure_mf_cumulative_momentum_noise_variance": 3.497109169271767e-05, "preconditioner_mean": 384.8033142089844, "preconditioner_change_relative": 0.0030645914375782013, "denominator_lag_relative": 0.0, "block_age": 0}
{"step": 290, "epoch": 5, "step_seconds": 0.27417181991040707, "innovation_std_sum": 2.290350584469516, "noise_marginal_std_sum": 2.5788827829474052, "pure_mf_cumulative_momentum_noise_variance": 3.564004639668569e-05, "preconditioner_mean": 384.86834716796875, "preconditioner_change_relative": 0.0027651458512991667, "denominator_lag_relative": 0.0, "block_age": 0}
{"step": 300, "epoch": 5, "step_seconds": 0.27325183898210526, "innovation_std_sum": 2.290350584469516, "noise_marginal_std_sum": 2.5788827829474052, "pure_mf_cumulative_momentum_noise_variance": 3.63090011006561e-05, "preconditioner_mean": 384.96014404296875, "preconditioner_change_relative": 0.0028485062066465616, "denominator_lag_relative": 0.0, "block_age": 0}
{"step": 310, "epoch": 5, "step_seconds": 0.2731840703636408, "innovation_std_sum": 2.290350584469516, "noise_marginal_std_sum": 2.5788827829474052, "pure_mf_cumulative_momentum_noise_variance": 3.697795580462739e-05, "preconditioner_mean": 385.09088134765625, "preconditioner_change_relative": 0.0026740694884210825, "denominator_lag_relative": 0.0, "block_age": 0}
{"epoch": 5, "step": 310, "epsilon": 8.000000000000005, "accuracy": 0.8156664797158347, "validation_loss": 0.818844937680926, "validation_examples": 5349}
