/home/longt29/miniconda3/envs/curve/lib/python3.11/site-packages/torchvision/datasets/cifar.py:83: VisibleDeprecationWarning: dtype(): align should be passed as Python or NumPy boolean but got `align=0`. Did you mean to pass a tuple to create a subarray type? (Deprecated NumPy 2.4)
  entry = pickle.load(f, encoding="latin1")
sys:1: UserWarning: Full backward hook is firing when gradients are computed with respect to module outputs since no inputs require gradients. See https://docs.pytorch.org/docs/main/generated/torch.nn.Module.html#torch.nn.Module.register_full_backward_hook for more details.
{"step": 10, "epoch": 1, "train_loss": 4.381444213867187, "clip_fraction": 1.0, "gradient_norm_mean": 954.882375, "gradient_norm_max": 2168.143798828125, "step_seconds": 2.0560378078371286, "innovation_std_sum": 72.22798151648107, "noise_marginal_std_sum": 84.4992665429476}
{"step": 20, "epoch": 1, "train_loss": 3.791763427734375, "clip_fraction": 1.0, "gradient_norm_mean": 1474.0746875, "gradient_norm_max": 3382.1005859375, "step_seconds": 2.1588313691318035, "innovation_std_sum": 72.22798151648107, "noise_marginal_std_sum": 84.4992665429476}
{"step": 30, "epoch": 1, "train_loss": 3.23762646484375, "clip_fraction": 1.0, "gradient_norm_mean": 1900.03934375, "gradient_norm_max": 5523.5859375, "step_seconds": 2.181766590103507, "innovation_std_sum": 72.22798151648107, "noise_marginal_std_sum": 84.4992665429476}
{"step": 40, "epoch": 1, "train_loss": 2.8097312622070314, "clip_fraction": 1.0, "gradient_norm_mean": 2002.794625, "gradient_norm_max": 6114.9677734375, "step_seconds": 2.161336738616228, "innovation_std_sum": 72.22798151648107, "noise_marginal_std_sum": 84.4992665429476}
{"epoch": 1, "step": 45, "train_loss": 3.6681295098198783, "clip_fraction": 1.0, "epsilon": 3.0297011451528837, "accuracy": 0.4396, "validation_loss": 2.212413610839844, "validation_examples": 5000}
{"step": 50, "epoch": 2, "train_loss": 2.4173699951171876, "clip_fraction": 0.999, "gradient_norm_mean": 2020.40915625, "gradient_norm_max": 9979.9814453125, "step_seconds": 2.063062686473131, "innovation_std_sum": 72.22798151648107, "noise_marginal_std_sum": 84.4992665429476}
{"step": 60, "epoch": 2, "train_loss": 2.2821631469726564, "clip_fraction": 0.997, "gradient_norm_mean": 2078.03821875, "gradient_norm_max": 14372.650390625, "step_seconds": 2.168206850066781, "innovation_std_sum": 72.22798151648107, "noise_marginal_std_sum": 84.4992665429476}
{"step": 70, "epoch": 2, "train_loss": 2.0093306579589845, "clip_fraction": 0.994, "gradient_norm_mean": 1979.4041875, "gradient_norm_max": 11450.6708984375, "step_seconds": 2.137309504672885, "innovation_std_sum": 72.22798151648107, "noise_marginal_std_sum": 84.4992665429476}
{"step": 80, "epoch": 2, "train_loss": 2.0032445068359377, "clip_fraction": 0.987, "gradient_norm_mean": 2083.972875, "gradient_norm_max": 10759.564453125, "step_seconds": 2.229764198884368, "innovation_std_sum": 72.22798151648107, "noise_marginal_std_sum": 84.4992665429476}
{"step": 90, "epoch": 2, "train_loss": 1.85628955078125, "clip_fraction": 0.977, "gradient_norm_mean": 2099.06721875, "gradient_norm_max": 9412.7109375, "step_seconds": 2.1414082013070583, "innovation_std_sum": 72.22798151648107, "noise_marginal_std_sum": 84.4992665429476}
{"epoch": 2, "step": 90, "train_loss": 2.1384320482042103, "clip_fraction": 0.9925111111111111, "epsilon": 4.5953206372907065, "accuracy": 0.6274, "validation_loss": 1.3524439575195313, "validation_examples": 5000}
{"step": 100, "epoch": 3, "train_loss": 1.7218519592285155, "clip_fraction": 0.968, "gradient_norm_mean": 2030.96178125, "gradient_norm_max": 10220.5166015625, "step_seconds": 2.076304106041789, "innovation_std_sum": 72.22798151648107, "noise_marginal_std_sum": 84.4992665429476}
{"step": 110, "epoch": 3, "train_loss": 1.6574401245117187, "clip_fraction": 0.956, "gradient_norm_mean": 2016.2646875, "gradient_norm_max": 12606.529296875, "step_seconds": 2.162028009071946, "innovation_std_sum": 72.22798151648107, "noise_marginal_std_sum": 84.4992665429476}
{"step": 120, "epoch": 3, "train_loss": 1.5967202758789063, "clip_fraction": 0.94, "gradient_norm_mean": 2020.5869375, "gradient_norm_max": 9899.703125, "step_seconds": 2.218711754307151, "innovation_std_sum": 72.22798151648107, "noise_marginal_std_sum": 84.4992665429476}
{"step": 130, "epoch": 3, "train_loss": 1.5431297912597657, "clip_fraction": 0.923, "gradient_norm_mean": 2038.66965625, "gradient_norm_max": 21019.13671875, "step_seconds": 2.378889499232173, "innovation_std_sum": 72.22798151648107, "noise_marginal_std_sum": 84.4992665429476}
{"epoch": 3, "step": 135, "train_loss": 1.6841450561523437, "clip_fraction": 0.9468888888888889, "epsilon": 5.865340104265841, "accuracy": 0.6914, "validation_loss": 1.0672394226074218, "validation_examples": 5000}
{"step": 140, "epoch": 4, "train_loss": 1.5658002624511718, "clip_fraction": 0.894, "gradient_norm_mean": 1995.28246875, "gradient_norm_max": 14861.17578125, "step_seconds": 2.0789169296622276, "innovation_std_sum": 72.22798151648107, "noise_marginal_std_sum": 84.4992665429476}
{"step": 150, "epoch": 4, "train_loss": 1.5520344543457032, "clip_fraction": 0.892, "gradient_norm_mean": 2082.23078125, "gradient_norm_max": 15319.0615234375, "step_seconds": 2.183000745251775, "innovation_std_sum": 72.22798151648107, "noise_marginal_std_sum": 84.4992665429476}
{"step": 160, "epoch": 4, "train_loss": 1.54427392578125, "clip_fraction": 0.89, "gradient_norm_mean": 2105.42375, "gradient_norm_max": 13856.38671875, "step_seconds": 2.2202807422727346, "innovation_std_sum": 72.22798151648107, "noise_marginal_std_sum": 84.4992665429476}
{"step": 170, "epoch": 4, "train_loss": 1.4909351501464845, "clip_fraction": 0.881, "gradient_norm_mean": 2041.784875, "gradient_norm_max": 14164.2744140625, "step_seconds": 2.195688772946596, "innovation_std_sum": 72.22798151648107, "noise_marginal_std_sum": 84.4992665429476}
{"step": 180, "epoch": 4, "train_loss": 1.4398094482421875, "clip_fraction": 0.854, "gradient_norm_mean": 2039.3303125, "gradient_norm_max": 11051.505859375, "step_seconds": 2.2019401025027037, "innovation_std_sum": 72.22798151648107, "noise_marginal_std_sum": 84.4992665429476}
{"epoch": 4, "step": 180, "train_loss": 1.5145131774902343, "clip_fraction": 0.8885777777777778, "epsilon": 6.981705044814983, "accuracy": 0.7268, "validation_loss": 0.9271699127197266, "validation_examples": 5000}
{"step": 190, "epoch": 5, "train_loss": 1.3713773803710938, "clip_fraction": 0.866, "gradient_norm_mean": 2019.34603125, "gradient_norm_max": 11222.103515625, "step_seconds": 2.0936749912798405, "innovation_std_sum": 72.22798151648107, "noise_marginal_std_sum": 84.4992665429476}
{"step": 200, "epoch": 5, "train_loss": 1.4387113952636719, "clip_fraction": 0.858, "gradient_norm_mean": 2059.76078125, "gradient_norm_max": 15402.455078125, "step_seconds": 2.127030085772276, "innovation_std_sum": 72.22798151648107, "noise_marginal_std_sum": 84.4992665429476}
{"step": 210, "epoch": 5, "train_loss": 1.4775899963378907, "clip_fraction": 0.826, "gradient_norm_mean": 2106.9914375, "gradient_norm_max": 12630.55859375, "step_seconds": 2.218979313969612, "innovation_std_sum": 72.22798151648107, "noise_marginal_std_sum": 84.4992665429476}
{"step": 220, "epoch": 5, "train_loss": 1.4275420837402344, "clip_fraction": 0.844, "gradient_norm_mean": 2192.258, "gradient_norm_max": 14077.4833984375, "step_seconds": 2.2283351439982653, "innovation_std_sum": 72.22798151648107, "noise_marginal_std_sum": 84.4992665429476}
{"epoch": 5, "step": 225, "train_loss": 1.4176631930881076, "clip_fraction": 0.8414666666666667, "epsilon": 8.000000000000005, "accuracy": 0.753, "validation_loss": 0.8538663330078125, "validation_examples": 5000}
