Loading weights:   0%|          | 0/39 [00:00<?, ?it/s]Loading weights: 100%|██████████| 39/39 [00:00<00:00, 26379.27it/s]
[transformers] [1mBertModel LOAD REPORT[0m from: /media/data/data/lt/dp-adam-correlated/cache/bert-tiny
Key                                        | Status     |  | 
-------------------------------------------+------------+--+-
cls.seq_relationship.bias                  | UNEXPECTED |  | 
cls.predictions.decoder.bias               | UNEXPECTED |  | 
cls.predictions.transform.dense.bias       | UNEXPECTED |  | 
cls.predictions.decoder.weight             | UNEXPECTED |  | 
cls.predictions.bias                       | UNEXPECTED |  | 
cls.seq_relationship.weight                | UNEXPECTED |  | 
cls.predictions.transform.LayerNorm.bias   | UNEXPECTED |  | 
cls.predictions.transform.LayerNorm.weight | UNEXPECTED |  | 
cls.predictions.transform.dense.weight     | UNEXPECTED |  | 

Notes:
- UNEXPECTED:	can be ignored when loading from different task/architecture; not ok if you expect identical arch.
sys:1: UserWarning: Full backward hook is firing when gradients are computed with respect to module outputs since no inputs require gradients. See https://docs.pytorch.org/docs/main/generated/torch.nn.Module.html#torch.nn.Module.register_full_backward_hook for more details.
{"step": 10, "epoch": 1, "train_loss": 0.692251953125, "clip_fraction": 0.316, "gradient_norm_mean": 7.84451171875, "gradient_norm_max": 13.33961296081543, "step_seconds": 0.2796379569917917, "innovation_std_sum": 17.095481450824956, "noise_marginal_std_sum": 19.26207342177903}
{"step": 20, "epoch": 1, "train_loss": 0.6459512939453125, "clip_fraction": 0.566, "gradient_norm_mean": 11.3935234375, "gradient_norm_max": 29.015357971191406, "step_seconds": 0.2781309299170971, "innovation_std_sum": 17.095481450824956, "noise_marginal_std_sum": 19.26207342177903}
{"step": 30, "epoch": 1, "train_loss": 0.5965391845703125, "clip_fraction": 0.66, "gradient_norm_mean": 19.332921875, "gradient_norm_max": 59.926815032958984, "step_seconds": 0.28216555900871754, "innovation_std_sum": 17.095481450824956, "noise_marginal_std_sum": 19.26207342177903}
{"step": 40, "epoch": 1, "train_loss": 0.6183287963867188, "clip_fraction": 0.595, "gradient_norm_mean": 29.0968671875, "gradient_norm_max": 162.40867614746094, "step_seconds": 0.2811491973698139, "innovation_std_sum": 17.095481450824956, "noise_marginal_std_sum": 19.26207342177903}
{"step": 50, "epoch": 1, "train_loss": 0.6374269409179687, "clip_fraction": 0.53, "gradient_norm_mean": 36.6028046875, "gradient_norm_max": 349.3910217285156, "step_seconds": 0.2858894541859627, "innovation_std_sum": 17.095481450824956, "noise_marginal_std_sum": 19.26207342177903}
{"step": 60, "epoch": 1, "train_loss": 0.6499677734375, "clip_fraction": 0.485, "gradient_norm_mean": 38.23275390625, "gradient_norm_max": 291.0220642089844, "step_seconds": 0.2720109708607197, "innovation_std_sum": 17.095481450824956, "noise_marginal_std_sum": 19.26207342177903}
{"epoch": 1, "step": 62, "train_loss": 0.629859145625945, "clip_fraction": 0.4515483870967742, "epsilon": 3.123292330075361, "accuracy": 0.7642550009347542, "validation_loss": 0.6856783461985264, "validation_examples": 5349}
{"step": 70, "epoch": 2, "train_loss": 0.63909375, "clip_fraction": 0.443, "gradient_norm_mean": 40.09273828125, "gradient_norm_max": 312.9239501953125, "step_seconds": 0.28371777571737766, "innovation_std_sum": 17.095481450824956, "noise_marginal_std_sum": 19.26207342177903}
{"step": 80, "epoch": 2, "train_loss": 0.6502957763671875, "clip_fraction": 0.44, "gradient_norm_mean": 39.44110546875, "gradient_norm_max": 327.4307556152344, "step_seconds": 0.27259612642228603, "innovation_std_sum": 17.095481450824956, "noise_marginal_std_sum": 19.26207342177903}
{"step": 90, "epoch": 2, "train_loss": 0.6148016357421875, "clip_fraction": 0.399, "gradient_norm_mean": 36.4079453125, "gradient_norm_max": 342.2098693847656, "step_seconds": 0.2888725623488426, "innovation_std_sum": 17.095481450824956, "noise_marginal_std_sum": 19.26207342177903}
{"step": 100, "epoch": 2, "train_loss": 0.642736328125, "clip_fraction": 0.395, "gradient_norm_mean": 36.73645703125, "gradient_norm_max": 338.7281188964844, "step_seconds": 0.2869054898619652, "innovation_std_sum": 17.095481450824956, "noise_marginal_std_sum": 19.26207342177903}
{"step": 110, "epoch": 2, "train_loss": 0.5476865234375, "clip_fraction": 0.368, "gradient_norm_mean": 33.3046875, "gradient_norm_max": 363.91876220703125, "step_seconds": 0.29045221768319607, "innovation_std_sum": 17.095481450824956, "noise_marginal_std_sum": 19.26207342177903}
{"step": 120, "epoch": 2, "train_loss": 0.509657958984375, "clip_fraction": 0.357, "gradient_norm_mean": 33.4164765625, "gradient_norm_max": 524.955810546875, "step_seconds": 0.27514765597879887, "innovation_std_sum": 17.095481450824956, "noise_marginal_std_sum": 19.26207342177903}
{"epoch": 2, "step": 124, "train_loss": 0.6067654566611013, "clip_fraction": 0.40646774193548385, "epsilon": 4.650920914901151, "accuracy": 0.7960366423630585, "validation_loss": 0.5994233954931156, "validation_examples": 5349}
{"step": 130, "epoch": 3, "train_loss": 0.5452689819335937, "clip_fraction": 0.369, "gradient_norm_mean": 34.00078515625, "gradient_norm_max": 422.9564514160156, "step_seconds": 0.28839370980858803, "innovation_std_sum": 17.095481450824956, "noise_marginal_std_sum": 19.26207342177903}
{"step": 140, "epoch": 3, "train_loss": 0.55898193359375, "clip_fraction": 0.369, "gradient_norm_mean": 36.39681640625, "gradient_norm_max": 435.6499938964844, "step_seconds": 0.287384569644928, "innovation_std_sum": 17.095481450824956, "noise_marginal_std_sum": 19.26207342177903}
{"step": 150, "epoch": 3, "train_loss": 0.5713897705078125, "clip_fraction": 0.352, "gradient_norm_mean": 33.75675390625, "gradient_norm_max": 390.5906066894531, "step_seconds": 0.2949799820780754, "innovation_std_sum": 17.095481450824956, "noise_marginal_std_sum": 19.26207342177903}
{"step": 160, "epoch": 3, "train_loss": 0.5802406005859375, "clip_fraction": 0.365, "gradient_norm_mean": 33.8227734375, "gradient_norm_max": 370.4154052734375, "step_seconds": 0.2976208347827196, "innovation_std_sum": 17.095481450824956, "noise_marginal_std_sum": 19.26207342177903}
{"step": 170, "epoch": 3, "train_loss": 0.5891790771484375, "clip_fraction": 0.357, "gradient_norm_mean": 36.4445234375, "gradient_norm_max": 456.0522766113281, "step_seconds": 0.28901061601936817, "innovation_std_sum": 17.095481450824956, "noise_marginal_std_sum": 19.26207342177903}
{"step": 180, "epoch": 3, "train_loss": 0.5524327392578126, "clip_fraction": 0.339, "gradient_norm_mean": 33.68475, "gradient_norm_max": 553.9329223632812, "step_seconds": 0.29533809050917625, "innovation_std_sum": 17.095481450824956, "noise_marginal_std_sum": 19.26207342177903}
{"epoch": 3, "step": 186, "train_loss": 0.5546949246314264, "clip_fraction": 0.3511451612903226, "epsilon": 5.8971720333737725, "accuracy": 0.8100579547578987, "validation_loss": 0.5418773172592132, "validation_examples": 5349}
{"step": 190, "epoch": 4, "train_loss": 0.4770514526367188, "clip_fraction": 0.331, "gradient_norm_mean": 32.543078125, "gradient_norm_max": 483.47125244140625, "step_seconds": 0.29314219765365124, "innovation_std_sum": 17.095481450824956, "noise_marginal_std_sum": 19.26207342177903}
{"step": 200, "epoch": 4, "train_loss": 0.5599437866210938, "clip_fraction": 0.35, "gradient_norm_mean": 35.919171875, "gradient_norm_max": 404.9186706542969, "step_seconds": 0.29424228332936764, "innovation_std_sum": 17.095481450824956, "noise_marginal_std_sum": 19.26207342177903}
{"step": 210, "epoch": 4, "train_loss": 0.5141707763671876, "clip_fraction": 0.325, "gradient_norm_mean": 31.534314453125, "gradient_norm_max": 421.59033203125, "step_seconds": 0.2903961669653654, "innovation_std_sum": 17.095481450824956, "noise_marginal_std_sum": 19.26207342177903}
{"step": 220, "epoch": 4, "train_loss": 0.5221508178710937, "clip_fraction": 0.311, "gradient_norm_mean": 28.66833984375, "gradient_norm_max": 497.1983337402344, "step_seconds": 0.2995652072131634, "innovation_std_sum": 17.095481450824956, "noise_marginal_std_sum": 19.26207342177903}
{"step": 230, "epoch": 4, "train_loss": 0.5140001831054688, "clip_fraction": 0.317, "gradient_norm_mean": 34.749515625, "gradient_norm_max": 538.3711547851562, "step_seconds": 0.29083181358873844, "innovation_std_sum": 17.095481450824956, "noise_marginal_std_sum": 19.26207342177903}
{"step": 240, "epoch": 4, "train_loss": 0.5486048583984375, "clip_fraction": 0.314, "gradient_norm_mean": 32.82786328125, "gradient_norm_max": 460.1847839355469, "step_seconds": 0.28518474102020264, "innovation_std_sum": 17.095481450824956, "noise_marginal_std_sum": 19.26207342177903}
{"epoch": 4, "step": 248, "train_loss": 0.5188409123574533, "clip_fraction": 0.31283870967741934, "epsilon": 6.996033129680921, "accuracy": 0.8169751355393532, "validation_loss": 0.5233937158475838, "validation_examples": 5349}
{"step": 250, "epoch": 5, "train_loss": 0.53050732421875, "clip_fraction": 0.3, "gradient_norm_mean": 33.167265625, "gradient_norm_max": 458.2808532714844, "step_seconds": 0.19728101417422295, "innovation_std_sum": 17.095481450824956, "noise_marginal_std_sum": 19.26207342177903}
{"step": 260, "epoch": 5, "train_loss": 0.5275474853515625, "clip_fraction": 0.291, "gradient_norm_mean": 31.021677734375, "gradient_norm_max": 543.4841918945312, "step_seconds": 0.29538022354245186, "innovation_std_sum": 17.095481450824956, "noise_marginal_std_sum": 19.26207342177903}
{"step": 270, "epoch": 5, "train_loss": 0.4899216003417969, "clip_fraction": 0.288, "gradient_norm_mean": 30.2427578125, "gradient_norm_max": 459.2318115234375, "step_seconds": 0.2786165252327919, "innovation_std_sum": 17.095481450824956, "noise_marginal_std_sum": 19.26207342177903}
{"step": 280, "epoch": 5, "train_loss": 0.48552130126953125, "clip_fraction": 0.281, "gradient_norm_mean": 30.747181640625, "gradient_norm_max": 436.0014953613281, "step_seconds": 0.29620404727756977, "innovation_std_sum": 17.095481450824956, "noise_marginal_std_sum": 19.26207342177903}
{"step": 290, "epoch": 5, "train_loss": 0.47808868408203126, "clip_fraction": 0.289, "gradient_norm_mean": 29.25693359375, "gradient_norm_max": 457.6575927734375, "step_seconds": 0.2888220101594925, "innovation_std_sum": 17.095481450824956, "noise_marginal_std_sum": 19.26207342177903}
{"step": 300, "epoch": 5, "train_loss": 0.476260498046875, "clip_fraction": 0.274, "gradient_norm_mean": 30.286306640625, "gradient_norm_max": 435.3985900878906, "step_seconds": 0.27700055576860905, "innovation_std_sum": 17.095481450824956, "noise_marginal_std_sum": 19.26207342177903}
{"step": 310, "epoch": 5, "train_loss": 0.5418350830078125, "clip_fraction": 0.294, "gradient_norm_mean": 30.542150390625, "gradient_norm_max": 514.5870361328125, "step_seconds": 0.29343125969171524, "innovation_std_sum": 17.095481450824956, "noise_marginal_std_sum": 19.26207342177903}
{"epoch": 5, "step": 310, "train_loss": 0.5009908142089844, "clip_fraction": 0.28824193548387095, "epsilon": 8.000000000000007, "accuracy": 0.823331463825014, "validation_loss": 0.5190162234360713, "validation_examples": 5349}
