/home/longt29/miniconda3/envs/curve/lib/python3.11/site-packages/torchvision/datasets/cifar.py:83: VisibleDeprecationWarning: dtype(): align should be passed as Python or NumPy boolean but got `align=0`. Did you mean to pass a tuple to create a subarray type? (Deprecated NumPy 2.4)
  entry = pickle.load(f, encoding="latin1")
{"method": "dp-adam-momentum-bandinvmf-scale", "smoke": false, "calibration": {"target_mu": 1.6660305978457184, "sensitivity": 7.852751308631718, "innovation_std_sum": 471.34496321891186, "adjacency": "add_remove_zero_out", "k": 5, "b_participation": 50, "sampling_amplification": false}, "coefficients": [1.0, -0.95, -0.0012500000000000844, -0.001187499999999897]}
sys:1: UserWarning: Full backward hook is firing when gradients are computed with respect to module outputs since no inputs require gradients. See https://docs.pytorch.org/docs/main/generated/torch.nn.Module.html#torch.nn.Module.register_full_backward_hook for more details.
{"progress_step": 10, "epoch": 1, "train_loss_so_far": 4.710872595214844, "clip_fraction_so_far": 1.0}
{"progress_step": 20, "epoch": 1, "train_loss_so_far": 4.533043176269532, "clip_fraction_so_far": 1.0}
{"progress_step": 30, "epoch": 1, "train_loss_so_far": 4.34484286702474, "clip_fraction_so_far": 1.0}
{"progress_step": 40, "epoch": 1, "train_loss_so_far": 4.153551599121093, "clip_fraction_so_far": 0.99995}
{"progress_step": 50, "epoch": 1, "train_loss_so_far": 3.9716369567871093, "clip_fraction_so_far": 0.99956}
{"epoch": 1, "logical_steps": 50, "train_examples": 50000, "train_loss": 3.9716369567871093, "test_loss": 2.8254476989746093, "test_top1": 0.2992, "clip_fraction": 0.99956, "gdp_mu": 0.692288791553462, "gdp_epsilon": 2.873426350654349, "target_mu": 1.6660305978457184, "target_epsilon": 8.0, "delta": 1e-05, "noise_std": 0.6501319995798853, "noise_std_space": "scaled", "innovation_std_sum": 471.34496321891186, "augmentation_trace_sha256": "b956146f05d624eaedb531429d7f2ecd6e84a42ff862a99950dc56e91b439839", "seconds": 142.47298157960176}
{"progress_step": 60, "epoch": 2, "train_loss_so_far": 2.9212693420410156, "clip_fraction_so_far": 0.9917}
{"progress_step": 70, "epoch": 2, "train_loss_so_far": 2.8027034973144533, "clip_fraction_so_far": 0.98785}
{"progress_step": 80, "epoch": 2, "train_loss_so_far": 2.6911261942545575, "clip_fraction_so_far": 0.9814}
{"progress_step": 90, "epoch": 2, "train_loss_so_far": 2.5988631591796874, "clip_fraction_so_far": 0.97505}
{"progress_step": 100, "epoch": 2, "train_loss_so_far": 2.518344450073242, "clip_fraction_so_far": 0.96768}
{"epoch": 2, "logical_steps": 100, "train_examples": 50000, "train_loss": 2.518344450073242, "test_loss": 1.722465057373047, "test_top1": 0.5365, "clip_fraction": 0.96768, "gdp_mu": 1.0231641324654879, "gdp_epsilon": 4.494876969944211, "target_mu": 1.6660305978457184, "target_epsilon": 8.0, "delta": 1e-05, "noise_std": 0.6501319995798853, "noise_std_space": "scaled", "innovation_std_sum": 471.34496321891186, "augmentation_trace_sha256": "2455761cb1d44d781ccd26c58ad39c2cd06c3954e85831c52b9ee20dff5ebf7d", "seconds": 135.53406439721584}
{"progress_step": 110, "epoch": 3, "train_loss_so_far": 2.0597649627685546, "clip_fraction_so_far": 0.92}
{"progress_step": 120, "epoch": 3, "train_loss_so_far": 2.0088178771972656, "clip_fraction_so_far": 0.91085}
{"progress_step": 130, "epoch": 3, "train_loss_so_far": 1.9571022399902345, "clip_fraction_so_far": 0.8983333333333333}
{"progress_step": 140, "epoch": 3, "train_loss_so_far": 1.9311780799865723, "clip_fraction_so_far": 0.8885}
{"progress_step": 150, "epoch": 3, "train_loss_so_far": 1.9049433642578124, "clip_fraction_so_far": 0.87996}
{"epoch": 3, "logical_steps": 150, "train_examples": 50000, "train_loss": 1.9049433642578124, "test_loss": 1.2654071716308595, "test_top1": 0.646, "clip_fraction": 0.87996, "gdp_mu": 1.2738232467243236, "gdp_epsilon": 5.807351225535705, "target_mu": 1.6660305978457184, "target_epsilon": 8.0, "delta": 1e-05, "noise_std": 0.6501319995798853, "noise_std_space": "scaled", "innovation_std_sum": 471.34496321891186, "augmentation_trace_sha256": "451214a98530c42d051d21c7d0e88c777c2859122849e011866eff026240c858", "seconds": 133.62991343438625}
{"progress_step": 160, "epoch": 4, "train_loss_so_far": 1.6956396118164063, "clip_fraction_so_far": 0.8304}
{"progress_step": 170, "epoch": 4, "train_loss_so_far": 1.680824481201172, "clip_fraction_so_far": 0.8243}
{"progress_step": 180, "epoch": 4, "train_loss_so_far": 1.6542737681070963, "clip_fraction_so_far": 0.8142666666666667}
{"progress_step": 190, "epoch": 4, "train_loss_so_far": 1.6409254592895508, "clip_fraction_so_far": 0.808575}
{"progress_step": 200, "epoch": 4, "train_loss_so_far": 1.6289861492919921, "clip_fraction_so_far": 0.80196}
{"epoch": 4, "logical_steps": 200, "train_examples": 50000, "train_loss": 1.6289861492919921, "test_loss": 1.0456811614990233, "test_top1": 0.6992, "clip_fraction": 0.80196, "gdp_mu": 1.4829396001380057, "gdp_epsilon": 6.9556279168064306, "target_mu": 1.6660305978457184, "target_epsilon": 8.0, "delta": 1e-05, "noise_std": 0.6501319995798853, "noise_std_space": "scaled", "innovation_std_sum": 471.34496321891186, "augmentation_trace_sha256": "443679eea72a1a371bb911a46123db12a111d05754f7c5dcba6e5ff3ed0aa283", "seconds": 135.50292515568435}
{"progress_step": 210, "epoch": 5, "train_loss_so_far": 1.5393212249755859, "clip_fraction_so_far": 0.7644}
{"progress_step": 220, "epoch": 5, "train_loss_so_far": 1.5231193008422852, "clip_fraction_so_far": 0.76085}
{"progress_step": 230, "epoch": 5, "train_loss_so_far": 1.498462045288086, "clip_fraction_so_far": 0.752}
{"progress_step": 240, "epoch": 5, "train_loss_so_far": 1.4952992401123046, "clip_fraction_so_far": 0.747425}
{"progress_step": 250, "epoch": 5, "train_loss_so_far": 1.4849237951660157, "clip_fraction_so_far": 0.74374}
{"epoch": 5, "logical_steps": 250, "train_examples": 50000, "train_loss": 1.4849237951660157, "test_loss": 0.9223790542602539, "test_top1": 0.7329, "clip_fraction": 0.74374, "gdp_mu": 1.6660305978457184, "gdp_epsilon": 8.000000000000005, "target_mu": 1.6660305978457184, "target_epsilon": 8.0, "delta": 1e-05, "noise_std": 0.6501319995798853, "noise_std_space": "scaled", "innovation_std_sum": 471.34496321891186, "augmentation_trace_sha256": "f66dc1e8dd9adced9d45b6ce8a2e776f27cd0357650b018ef913f281bc23cadb", "seconds": 138.71784877963364}
{"status": "completed", "results": "/media/data/data/lt/dp-adam-correlated/exp7b/results/final/trials/4d6e31c7fda44818"}
