Loading weights:   0%|          | 0/39 [00:00<?, ?it/s]Loading weights: 100%|██████████| 39/39 [00:00<00:00, 14014.55it/s]
[transformers] [1mBertModel LOAD REPORT[0m from: /media/data/data/lt/dp-adam-correlated/cache/bert-tiny
Key                                        | Status     |  | 
-------------------------------------------+------------+--+-
cls.predictions.bias                       | UNEXPECTED |  | 
cls.predictions.transform.dense.bias       | UNEXPECTED |  | 
cls.predictions.transform.dense.weight     | UNEXPECTED |  | 
cls.seq_relationship.weight                | UNEXPECTED |  | 
cls.predictions.decoder.weight             | UNEXPECTED |  | 
cls.predictions.transform.LayerNorm.bias   | UNEXPECTED |  | 
cls.predictions.decoder.bias               | UNEXPECTED |  | 
cls.predictions.transform.LayerNorm.weight | UNEXPECTED |  | 
cls.seq_relationship.bias                  | UNEXPECTED |  | 

Notes:
- UNEXPECTED:	can be ignored when loading from different task/architecture; not ok if you expect identical arch.
sys:1: UserWarning: Full backward hook is firing when gradients are computed with respect to module outputs since no inputs require gradients. See https://docs.pytorch.org/docs/main/generated/torch.nn.Module.html#torch.nn.Module.register_full_backward_hook for more details.
{"step": 62, "epoch": 1.0, "train_loss": 0.6535781210622481, "clip_fraction": 0.49501612903225806, "validation_loss": 0.7004160049858443, "accuracy": 0.7396788990825688, "validation_examples": 872, "epsilon": 3.123292330075361}
{"step": 124, "epoch": 2.0, "train_loss": 0.5969314811460432, "clip_fraction": 0.4120322580645161, "validation_loss": 0.6603811552765173, "accuracy": 0.7694954128440367, "validation_examples": 872, "epsilon": 4.650920914901151}
{"step": 186, "epoch": 3.0, "train_loss": 0.5384838153469947, "clip_fraction": 0.3546612903225807, "validation_loss": 0.6312121382547081, "accuracy": 0.7729357798165137, "validation_examples": 872, "epsilon": 5.8971720333737725}
{"step": 248, "epoch": 4.0, "train_loss": 0.5060186546079575, "clip_fraction": 0.317, "validation_loss": 0.6224320131704348, "accuracy": 0.7717889908256881, "validation_examples": 872, "epsilon": 6.996033129680921}
{"step": 310, "epoch": 5.0, "train_loss": 0.48768306510679177, "clip_fraction": 0.2917903225806451, "validation_loss": 0.6114862905729801, "accuracy": 0.7763761467889908, "validation_examples": 872, "epsilon": 8.000000000000007}
