/home/longt29/miniconda3/envs/curve/lib/python3.11/site-packages/torchvision/datasets/cifar.py:83: VisibleDeprecationWarning: dtype(): align should be passed as Python or NumPy boolean but got `align=0`. Did you mean to pass a tuple to create a subarray type? (Deprecated NumPy 2.4)
  entry = pickle.load(f, encoding="latin1")
{"method": "dp-adam-momentum-bandinvmf", "smoke": false, "calibration": {"target_mu": 1.6660305978457184, "sensitivity": 7.852751308631718, "innovation_std_sum": 141.40348896567355, "adjacency": "add_remove_zero_out", "k": 5, "b_participation": 50, "sampling_amplification": false}, "coefficients": [1.0, -0.95, -0.0012500000000000844, -0.001187499999999897]}
sys:1: UserWarning: Full backward hook is firing when gradients are computed with respect to module outputs since no inputs require gradients. See https://docs.pytorch.org/docs/main/generated/torch.nn.Module.html#torch.nn.Module.register_full_backward_hook for more details.
{"progress_step": 10, "epoch": 1, "train_loss_so_far": 4.737734838867188, "clip_fraction_so_far": 1.0}
{"progress_step": 20, "epoch": 1, "train_loss_so_far": 4.531073318481445, "clip_fraction_so_far": 0.99995}
{"progress_step": 30, "epoch": 1, "train_loss_so_far": 4.324172298177083, "clip_fraction_so_far": 0.9997666666666667}
{"progress_step": 40, "epoch": 1, "train_loss_so_far": 4.1111660675048824, "clip_fraction_so_far": 0.998925}
{"progress_step": 50, "epoch": 1, "train_loss_so_far": 3.910414807128906, "clip_fraction_so_far": 0.9973}
{"epoch": 1, "logical_steps": 50, "train_examples": 50000, "train_loss": 3.910414807128906, "test_loss": 2.654510144042969, "test_top1": 0.3359, "clip_fraction": 0.9973, "gdp_mu": 0.6922887915534621, "gdp_epsilon": 2.8734263506543494, "target_mu": 1.6660305978457184, "target_epsilon": 8.0, "delta": 1e-05, "noise_std": 0.19503959987396557, "noise_std_space": "gradient", "innovation_std_sum": 141.40348896567355, "augmentation_trace_sha256": "a8c151975ddf09fb6defa1a31b4d40b9489ba4d351705bda6a2e61b3f3793078", "seconds": 146.31212506070733}
{"progress_step": 60, "epoch": 2, "train_loss_so_far": 2.8000278869628907, "clip_fraction_so_far": 0.9797}
{"progress_step": 70, "epoch": 2, "train_loss_so_far": 2.677422277832031, "clip_fraction_so_far": 0.973}
{"progress_step": 80, "epoch": 2, "train_loss_so_far": 2.57725434773763, "clip_fraction_so_far": 0.9648666666666667}
{"progress_step": 90, "epoch": 2, "train_loss_so_far": 2.485359275817871, "clip_fraction_so_far": 0.9559}
{"progress_step": 100, "epoch": 2, "train_loss_so_far": 2.4109997521972657, "clip_fraction_so_far": 0.94692}
{"epoch": 2, "logical_steps": 100, "train_examples": 50000, "train_loss": 2.4109997521972657, "test_loss": 1.6129230773925782, "test_top1": 0.567, "clip_fraction": 0.94692, "gdp_mu": 1.0231641324654879, "gdp_epsilon": 4.494876969944211, "target_mu": 1.6660305978457184, "target_epsilon": 8.0, "delta": 1e-05, "noise_std": 0.19503959987396557, "noise_std_space": "gradient", "innovation_std_sum": 141.40348896567355, "augmentation_trace_sha256": "ecc368d96ff6bb2805bd99ce8d394d1b6a3c78f13b11bbbf2ad0823fbcd637d3", "seconds": 137.9448942616582}
{"progress_step": 110, "epoch": 3, "train_loss_so_far": 1.9875148864746093, "clip_fraction_so_far": 0.8896}
{"progress_step": 120, "epoch": 3, "train_loss_so_far": 1.9516274154663087, "clip_fraction_so_far": 0.88215}
{"progress_step": 130, "epoch": 3, "train_loss_so_far": 1.9170157694498697, "clip_fraction_so_far": 0.8716666666666667}
{"progress_step": 140, "epoch": 3, "train_loss_so_far": 1.8816178382873534, "clip_fraction_so_far": 0.862}
{"progress_step": 150, "epoch": 3, "train_loss_so_far": 1.8526899487304687, "clip_fraction_so_far": 0.8548}
{"epoch": 3, "logical_steps": 150, "train_examples": 50000, "train_loss": 1.8526899487304687, "test_loss": 1.2208288269042968, "test_top1": 0.6566, "clip_fraction": 0.8548, "gdp_mu": 1.273823246724324, "gdp_epsilon": 5.807351225535705, "target_mu": 1.6660305978457184, "target_epsilon": 8.0, "delta": 1e-05, "noise_std": 0.19503959987396557, "noise_std_space": "gradient", "innovation_std_sum": 141.40348896567355, "augmentation_trace_sha256": "95fe857be2d88c1b628ca14cd9eaae2942aa5342354832a1d96782326845b509", "seconds": 136.55286884866655}
{"progress_step": 160, "epoch": 4, "train_loss_so_far": 1.667006854248047, "clip_fraction_so_far": 0.807}
{"progress_step": 170, "epoch": 4, "train_loss_so_far": 1.645408821105957, "clip_fraction_so_far": 0.79695}
{"progress_step": 180, "epoch": 4, "train_loss_so_far": 1.6410587768554687, "clip_fraction_so_far": 0.7917}
{"progress_step": 190, "epoch": 4, "train_loss_so_far": 1.6242867332458497, "clip_fraction_so_far": 0.78555}
{"progress_step": 200, "epoch": 4, "train_loss_so_far": 1.6119664880371094, "clip_fraction_so_far": 0.78048}
{"epoch": 4, "logical_steps": 200, "train_examples": 50000, "train_loss": 1.6119664880371094, "test_loss": 1.0303622177124023, "test_top1": 0.7039, "clip_fraction": 0.78048, "gdp_mu": 1.482939600138006, "gdp_epsilon": 6.955627916806438, "target_mu": 1.6660305978457184, "target_epsilon": 8.0, "delta": 1e-05, "noise_std": 0.19503959987396557, "noise_std_space": "gradient", "innovation_std_sum": 141.40348896567355, "augmentation_trace_sha256": "3a841c7818f7c1678f3532159e1f5fc64213626434b7489efee41d06bec67314", "seconds": 135.72530259750783}
{"progress_step": 210, "epoch": 5, "train_loss_so_far": 1.504658432006836, "clip_fraction_so_far": 0.7463}
{"progress_step": 220, "epoch": 5, "train_loss_so_far": 1.4971090133666993, "clip_fraction_so_far": 0.7424}
{"progress_step": 230, "epoch": 5, "train_loss_so_far": 1.4858916676839193, "clip_fraction_so_far": 0.7357666666666667}
{"progress_step": 240, "epoch": 5, "train_loss_so_far": 1.4761524444580079, "clip_fraction_so_far": 0.729275}
{"progress_step": 250, "epoch": 5, "train_loss_so_far": 1.4690766357421876, "clip_fraction_so_far": 0.72644}
{"epoch": 5, "logical_steps": 250, "train_examples": 50000, "train_loss": 1.4690766357421876, "test_loss": 0.9143488021850585, "test_top1": 0.7326, "clip_fraction": 0.72644, "gdp_mu": 1.6660305978457184, "gdp_epsilon": 8.000000000000005, "target_mu": 1.6660305978457184, "target_epsilon": 8.0, "delta": 1e-05, "noise_std": 0.19503959987396557, "noise_std_space": "gradient", "innovation_std_sum": 141.40348896567355, "augmentation_trace_sha256": "d3ad51dbbfa0e986fc5a4bfd39c69b156187653a336942e0c3cb1cd9a249ce2e", "seconds": 139.1741863116622}
{"status": "completed", "results": "/media/data/data/lt/dp-adam-correlated/exp7b/results/final/trials/4fb8b5e78244446c"}
