Loading weights:   0%|          | 0/39 [00:00<?, ?it/s]Loading weights: 100%|██████████| 39/39 [00:00<00:00, 19443.46it/s]
[transformers] [1mBertModel LOAD REPORT[0m from: /media/data/data/lt/dp-adam-correlated/cache/bert-tiny
Key                                        | Status     |  | 
-------------------------------------------+------------+--+-
cls.predictions.decoder.bias               | UNEXPECTED |  | 
cls.predictions.transform.LayerNorm.bias   | UNEXPECTED |  | 
cls.predictions.decoder.weight             | UNEXPECTED |  | 
cls.predictions.transform.LayerNorm.weight | UNEXPECTED |  | 
cls.predictions.transform.dense.bias       | UNEXPECTED |  | 
cls.predictions.transform.dense.weight     | UNEXPECTED |  | 
cls.seq_relationship.weight                | UNEXPECTED |  | 
cls.seq_relationship.bias                  | UNEXPECTED |  | 
cls.predictions.bias                       | UNEXPECTED |  | 

Notes:
- UNEXPECTED:	can be ignored when loading from different task/architecture; not ok if you expect identical arch.
sys:1: UserWarning: Full backward hook is firing when gradients are computed with respect to module outputs since no inputs require gradients. See https://docs.pytorch.org/docs/main/generated/torch.nn.Module.html#torch.nn.Module.register_full_backward_hook for more details.
{"step": 10, "epoch": 1, "step_seconds": 0.2650619987398386, "innovation_std_sum": 43.18413823594238, "noise_marginal_std_sum": 48.42083862765114, "pure_mf_cumulative_momentum_noise_variance": 0.006735889198035596, "preconditioner_mean": 22.9260311126709, "preconditioner_change_relative": 0.08985584229230881, "denominator_lag_relative": 0.0, "block_age": 0}
{"step": 20, "epoch": 1, "step_seconds": 0.2652144357562065, "innovation_std_sum": 43.18413823594238, "noise_marginal_std_sum": 48.42083862765114, "pure_mf_cumulative_momentum_noise_variance": 0.007029576126379527, "preconditioner_mean": 21.760948181152344, "preconditioner_change_relative": 0.03758170083165169, "denominator_lag_relative": 0.0, "block_age": 0}
{"step": 30, "epoch": 1, "step_seconds": 0.26597539708018303, "innovation_std_sum": 43.18413823594238, "noise_marginal_std_sum": 48.42083862765114, "pure_mf_cumulative_momentum_noise_variance": 0.007258462253300822, "preconditioner_mean": 21.364147186279297, "preconditioner_change_relative": 0.026627235114574432, "denominator_lag_relative": 0.0, "block_age": 0}
{"step": 40, "epoch": 1, "step_seconds": 0.26621726155281067, "innovation_std_sum": 43.18413823594238, "noise_marginal_std_sum": 48.42083862765114, "pure_mf_cumulative_momentum_noise_variance": 0.007516481139093472, "preconditioner_mean": 21.132112503051758, "preconditioner_change_relative": 0.01986534707248211, "denominator_lag_relative": 0.0, "block_age": 0}
{"step": 50, "epoch": 1, "step_seconds": 0.26629776507616043, "innovation_std_sum": 43.18413823594238, "noise_marginal_std_sum": 48.42083862765114, "pure_mf_cumulative_momentum_noise_variance": 0.007794453764651232, "preconditioner_mean": 21.04277992248535, "preconditioner_change_relative": 0.0156730767339468, "denominator_lag_relative": 0.0, "block_age": 0}
{"step": 60, "epoch": 1, "step_seconds": 0.2651965506374836, "innovation_std_sum": 43.18413823594238, "noise_marginal_std_sum": 48.42083862765114, "pure_mf_cumulative_momentum_noise_variance": 0.00808237736693723, "preconditioner_mean": 20.954601287841797, "preconditioner_change_relative": 0.01319662295281887, "denominator_lag_relative": 0.0, "block_age": 0}
{"epoch": 1, "step": 62, "epsilon": 3.0817479262244762, "accuracy": 0.7444382127500467, "validation_loss": 0.546436483825695, "validation_examples": 5349}
{"step": 70, "epoch": 2, "step_seconds": 0.2658325545489788, "innovation_std_sum": 43.18413823594238, "noise_marginal_std_sum": 48.42083862765114, "pure_mf_cumulative_momentum_noise_variance": 0.00837478901578385, "preconditioner_mean": 20.866138458251953, "preconditioner_change_relative": 0.010984696447849274, "denominator_lag_relative": 0.0, "block_age": 0}
{"step": 80, "epoch": 2, "step_seconds": 0.26746284775435925, "innovation_std_sum": 43.18413823594238, "noise_marginal_std_sum": 48.42083862765114, "pure_mf_cumulative_momentum_noise_variance": 0.008669119750431243, "preconditioner_mean": 20.77891731262207, "preconditioner_change_relative": 0.00965756643563509, "denominator_lag_relative": 0.0, "block_age": 0}
{"step": 90, "epoch": 2, "step_seconds": 0.26831663586199284, "innovation_std_sum": 43.18413823594238, "noise_marginal_std_sum": 48.42083862765114, "pure_mf_cumulative_momentum_noise_variance": 0.008964243266437239, "preconditioner_mean": 20.74635887145996, "preconditioner_change_relative": 0.009107626974582672, "denominator_lag_relative": 0.0, "block_age": 0}
{"step": 100, "epoch": 2, "step_seconds": 0.2681133355945349, "innovation_std_sum": 43.18413823594238, "noise_marginal_std_sum": 48.42083862765114, "pure_mf_cumulative_momentum_noise_variance": 0.009259686363009273, "preconditioner_mean": 20.71746826171875, "preconditioner_change_relative": 0.007817821577191353, "denominator_lag_relative": 0.0, "block_age": 0}
{"step": 110, "epoch": 2, "step_seconds": 0.26716233044862747, "innovation_std_sum": 43.18413823594238, "noise_marginal_std_sum": 48.42083862765114, "pure_mf_cumulative_momentum_noise_variance": 0.009555255946514993, "preconditioner_mean": 20.69837760925293, "preconditioner_change_relative": 0.007218869868665934, "denominator_lag_relative": 0.0, "block_age": 0}
{"step": 120, "epoch": 2, "step_seconds": 0.26729355193674564, "innovation_std_sum": 43.18413823594238, "noise_marginal_std_sum": 48.42083862765114, "pure_mf_cumulative_momentum_noise_variance": 0.009850874884523457, "preconditioner_mean": 20.680221557617188, "preconditioner_change_relative": 0.00665929913520813, "denominator_lag_relative": 0.0, "block_age": 0}
{"epoch": 2, "step": 124, "epsilon": 4.626744139901174, "accuracy": 0.7831370349598056, "validation_loss": 0.5492742670030321, "validation_examples": 5349}
{"step": 130, "epoch": 3, "step_seconds": 0.2671833150088787, "innovation_std_sum": 43.18413823594238, "noise_marginal_std_sum": 48.42083862765114, "pure_mf_cumulative_momentum_noise_variance": 0.010146512862609716, "preconditioner_mean": 20.667469024658203, "preconditioner_change_relative": 0.0056804390624165535, "denominator_lag_relative": 0.0, "block_age": 0}
{"step": 140, "epoch": 3, "step_seconds": 0.27058547362685204, "innovation_std_sum": 43.18413823594238, "noise_marginal_std_sum": 48.42083862765114, "pure_mf_cumulative_momentum_noise_variance": 0.01044215811810455, "preconditioner_mean": 20.643747329711914, "preconditioner_change_relative": 0.0057366397231817245, "denominator_lag_relative": 0.0, "block_age": 0}
{"step": 150, "epoch": 3, "step_seconds": 0.2702945116907358, "innovation_std_sum": 43.18413823594238, "noise_marginal_std_sum": 48.42083862765114, "pure_mf_cumulative_momentum_noise_variance": 0.01073780613372632, "preconditioner_mean": 20.645566940307617, "preconditioner_change_relative": 0.005026919301599264, "denominator_lag_relative": 0.0, "block_age": 0}
{"step": 160, "epoch": 3, "step_seconds": 0.2711609583348036, "innovation_std_sum": 43.18413823594238, "noise_marginal_std_sum": 48.42083862765114, "pure_mf_cumulative_momentum_noise_variance": 0.01103345518937931, "preconditioner_mean": 20.637374877929688, "preconditioner_change_relative": 0.00489614624530077, "denominator_lag_relative": 0.0, "block_age": 0}
{"step": 170, "epoch": 3, "step_seconds": 0.26704870723187923, "innovation_std_sum": 43.18413823594238, "noise_marginal_std_sum": 48.42083862765114, "pure_mf_cumulative_momentum_noise_variance": 0.011329104634738324, "preconditioner_mean": 20.627948760986328, "preconditioner_change_relative": 0.004566151648759842, "denominator_lag_relative": 0.0, "block_age": 0}
{"step": 180, "epoch": 3, "step_seconds": 0.2717446889728308, "innovation_std_sum": 43.18413823594238, "noise_marginal_std_sum": 48.42083862765114, "pure_mf_cumulative_momentum_noise_variance": 0.011624754225418006, "preconditioner_mean": 20.6276798248291, "preconditioner_change_relative": 0.0041484534740448, "denominator_lag_relative": 0.0, "block_age": 0}
{"epoch": 3, "step": 186, "epsilon": 5.883337114624349, "accuracy": 0.8063189381192746, "validation_loss": 0.4896976900983245, "validation_examples": 5349}
{"step": 190, "epoch": 4, "step_seconds": 0.27189910411834717, "innovation_std_sum": 43.18413823594238, "noise_marginal_std_sum": 48.42083862765114, "pure_mf_cumulative_momentum_noise_variance": 0.011920403870058906, "preconditioner_mean": 20.62225341796875, "preconditioner_change_relative": 0.0041982936672866344, "denominator_lag_relative": 0.0, "block_age": 0}
{"step": 200, "epoch": 4, "step_seconds": 0.2679402772337198, "innovation_std_sum": 43.18413823594238, "noise_marginal_std_sum": 48.42083862765114, "pure_mf_cumulative_momentum_noise_variance": 0.012216053534662435, "preconditioner_mean": 20.61767578125, "preconditioner_change_relative": 0.003996919374912977, "denominator_lag_relative": 0.0, "block_age": 0}
{"step": 210, "epoch": 4, "step_seconds": 0.26837945729494095, "innovation_std_sum": 43.18413823594238, "noise_marginal_std_sum": 48.42083862765114, "pure_mf_cumulative_momentum_noise_variance": 0.012511703206626612, "preconditioner_mean": 20.608808517456055, "preconditioner_change_relative": 0.0037028242368251085, "denominator_lag_relative": 0.0, "block_age": 0}
{"step": 220, "epoch": 4, "step_seconds": 0.26857522316277027, "innovation_std_sum": 43.18413823594238, "noise_marginal_std_sum": 48.42083862765114, "pure_mf_cumulative_momentum_noise_variance": 0.012807352881296802, "preconditioner_mean": 20.6051082611084, "preconditioner_change_relative": 0.003579464741051197, "denominator_lag_relative": 0.0, "block_age": 0}
{"step": 230, "epoch": 4, "step_seconds": 0.26850188709795475, "innovation_std_sum": 43.18413823594238, "noise_marginal_std_sum": 48.42083862765114, "pure_mf_cumulative_momentum_noise_variance": 0.013103002556959167, "preconditioner_mean": 20.606733322143555, "preconditioner_change_relative": 0.0034691840410232544, "denominator_lag_relative": 0.0, "block_age": 0}
{"step": 240, "epoch": 4, "step_seconds": 0.2685795724391937, "innovation_std_sum": 43.18413823594238, "noise_marginal_std_sum": 48.42083862765114, "pure_mf_cumulative_momentum_noise_variance": 0.013398652232984434, "preconditioner_mean": 20.608890533447266, "preconditioner_change_relative": 0.0034459170419722795, "denominator_lag_relative": 0.0, "block_age": 0}
{"epoch": 4, "step": 248, "epsilon": 6.989802718757768, "accuracy": 0.8166012338754908, "validation_loss": 0.47598118798981026, "validation_examples": 5349}
{"step": 250, "epoch": 5, "step_seconds": 0.2675655987113714, "innovation_std_sum": 43.18413823594238, "noise_marginal_std_sum": 48.42083862765114, "pure_mf_cumulative_momentum_noise_variance": 0.01369430190914216, "preconditioner_mean": 20.599651336669922, "preconditioner_change_relative": 0.0033607298973947763, "denominator_lag_relative": 0.0, "block_age": 0}
{"step": 260, "epoch": 5, "step_seconds": 0.25910534709692, "innovation_std_sum": 43.18413823594238, "noise_marginal_std_sum": 48.42083862765114, "pure_mf_cumulative_momentum_noise_variance": 0.013989951585348132, "preconditioner_mean": 20.597999572753906, "preconditioner_change_relative": 0.0030477005057036877, "denominator_lag_relative": 0.0, "block_age": 0}
{"step": 270, "epoch": 5, "step_seconds": 0.2679270450025797, "innovation_std_sum": 43.18413823594238, "noise_marginal_std_sum": 48.42083862765114, "pure_mf_cumulative_momentum_noise_variance": 0.014285601261571643, "preconditioner_mean": 20.597314834594727, "preconditioner_change_relative": 0.003146187635138631, "denominator_lag_relative": 0.0, "block_age": 0}
{"step": 280, "epoch": 5, "step_seconds": 0.26741707883775234, "innovation_std_sum": 43.18413823594238, "noise_marginal_std_sum": 48.42083862765114, "pure_mf_cumulative_momentum_noise_variance": 0.014581250937801523, "preconditioner_mean": 20.604074478149414, "preconditioner_change_relative": 0.0027995735872536898, "denominator_lag_relative": 0.0, "block_age": 0}
{"step": 290, "epoch": 5, "step_seconds": 0.27258107997477055, "innovation_std_sum": 43.18413823594238, "noise_marginal_std_sum": 48.42083862765114, "pure_mf_cumulative_momentum_noise_variance": 0.01487690061403371, "preconditioner_mean": 20.607036590576172, "preconditioner_change_relative": 0.002887600101530552, "denominator_lag_relative": 0.0, "block_age": 0}
{"step": 300, "epoch": 5, "step_seconds": 0.2721494361758232, "innovation_std_sum": 43.18413823594238, "noise_marginal_std_sum": 48.42083862765114, "pure_mf_cumulative_momentum_noise_variance": 0.01517255029026673, "preconditioner_mean": 20.611934661865234, "preconditioner_change_relative": 0.0026792821008712053, "denominator_lag_relative": 0.0, "block_age": 0}
{"step": 310, "epoch": 5, "step_seconds": 0.2734678667038679, "innovation_std_sum": 43.18413823594238, "noise_marginal_std_sum": 48.42083862765114, "pure_mf_cumulative_momentum_noise_variance": 0.015468199966500054, "preconditioner_mean": 20.60805892944336, "preconditioner_change_relative": 0.00273901061154902, "denominator_lag_relative": 0.0, "block_age": 0}
{"epoch": 5, "step": 310, "epsilon": 8.000000000000005, "accuracy": 0.8212750046737708, "validation_loss": 0.461706347277419, "validation_examples": 5349}
