Loading weights:   0%|          | 0/39 [00:00<?, ?it/s]Loading weights: 100%|██████████| 39/39 [00:00<00:00, 18761.08it/s]
[transformers] [1mBertModel LOAD REPORT[0m from: /media/data/data/lt/dp-adam-correlated/cache/bert-tiny
Key                                        | Status     |  | 
-------------------------------------------+------------+--+-
cls.predictions.decoder.bias               | UNEXPECTED |  | 
cls.seq_relationship.weight                | UNEXPECTED |  | 
cls.predictions.transform.LayerNorm.bias   | UNEXPECTED |  | 
cls.predictions.transform.LayerNorm.weight | UNEXPECTED |  | 
cls.predictions.transform.dense.bias       | UNEXPECTED |  | 
cls.predictions.bias                       | UNEXPECTED |  | 
cls.predictions.decoder.weight             | UNEXPECTED |  | 
cls.seq_relationship.bias                  | UNEXPECTED |  | 
cls.predictions.transform.dense.weight     | UNEXPECTED |  | 

Notes:
- UNEXPECTED:	can be ignored when loading from different task/architecture; not ok if you expect identical arch.
sys:1: UserWarning: Full backward hook is firing when gradients are computed with respect to module outputs since no inputs require gradients. See https://docs.pytorch.org/docs/main/generated/torch.nn.Module.html#torch.nn.Module.register_full_backward_hook for more details.
{"step": 10, "epoch": 1, "train_loss": 0.6562064208984375, "clip_fraction": 0.001, "gradient_norm_mean": 8.275109375, "gradient_norm_max": 20.530643463134766, "step_seconds": 0.2728426828980446, "innovation_std_sum": 19.605444378417108, "noise_marginal_std_sum": 22.090135932700033}
{"step": 20, "epoch": 1, "train_loss": 0.5775165405273438, "clip_fraction": 0.087, "gradient_norm_mean": 12.663275390625, "gradient_norm_max": 32.22475814819336, "step_seconds": 0.2683461420238018, "innovation_std_sum": 19.605444378417108, "noise_marginal_std_sum": 22.090135932700033}
{"step": 30, "epoch": 1, "train_loss": 0.5391082153320312, "clip_fraction": 0.443, "gradient_norm_mean": 21.182388671875, "gradient_norm_max": 78.15505981445312, "step_seconds": 0.2641518637537956, "innovation_std_sum": 19.605444378417108, "noise_marginal_std_sum": 22.090135932700033}
{"step": 40, "epoch": 1, "train_loss": 0.49536279296875, "clip_fraction": 0.375, "gradient_norm_mean": 25.81401953125, "gradient_norm_max": 151.10330200195312, "step_seconds": 0.2648863885551691, "innovation_std_sum": 19.605444378417108, "noise_marginal_std_sum": 22.090135932700033}
{"step": 50, "epoch": 1, "train_loss": 0.5640108032226563, "clip_fraction": 0.4, "gradient_norm_mean": 29.995158203125, "gradient_norm_max": 176.12179565429688, "step_seconds": 0.2656867578625679, "innovation_std_sum": 19.605444378417108, "noise_marginal_std_sum": 22.090135932700033}
{"step": 60, "epoch": 1, "train_loss": 0.5041456298828125, "clip_fraction": 0.368, "gradient_norm_mean": 25.413515625, "gradient_norm_max": 149.293701171875, "step_seconds": 0.26996105909347534, "innovation_std_sum": 19.605444378417108, "noise_marginal_std_sum": 22.090135932700033}
{"epoch": 1, "step": 62, "train_loss": 0.5855561848302041, "clip_fraction": 0.2678548387096774, "epsilon": 5.945052572931757, "accuracy": 0.7477064220183486, "validation_loss": 0.6096323477018863, "validation_examples": 872}
{"step": 70, "epoch": 2, "train_loss": 0.46634420776367186, "clip_fraction": 0.337, "gradient_norm_mean": 23.117216796875, "gradient_norm_max": 167.9336700439453, "step_seconds": 0.27179321832954884, "innovation_std_sum": 19.605444378417108, "noise_marginal_std_sum": 22.090135932700033}
{"step": 80, "epoch": 2, "train_loss": 0.4562842407226563, "clip_fraction": 0.32, "gradient_norm_mean": 24.754599609375, "gradient_norm_max": 217.59657287597656, "step_seconds": 0.27319980412721634, "innovation_std_sum": 19.605444378417108, "noise_marginal_std_sum": 22.090135932700033}
{"step": 90, "epoch": 2, "train_loss": 0.4584498291015625, "clip_fraction": 0.302, "gradient_norm_mean": 23.60867578125, "gradient_norm_max": 188.6596221923828, "step_seconds": 0.272193381562829, "innovation_std_sum": 19.605444378417108, "noise_marginal_std_sum": 22.090135932700033}
{"step": 100, "epoch": 2, "train_loss": 0.43973995971679686, "clip_fraction": 0.302, "gradient_norm_mean": 23.368806640625, "gradient_norm_max": 205.3438262939453, "step_seconds": 0.2729695849120617, "innovation_std_sum": 19.605444378417108, "noise_marginal_std_sum": 22.090135932700033}
{"step": 110, "epoch": 2, "train_loss": 0.4940224609375, "clip_fraction": 0.31, "gradient_norm_mean": 24.073322265625, "gradient_norm_max": 203.13014221191406, "step_seconds": 0.2705438807606697, "innovation_std_sum": 19.605444378417108, "noise_marginal_std_sum": 22.090135932700033}
{"step": 120, "epoch": 2, "train_loss": 0.3813285217285156, "clip_fraction": 0.257, "gradient_norm_mean": 21.66453515625, "gradient_norm_max": 198.6817626953125, "step_seconds": 0.27300806902348995, "innovation_std_sum": 19.605444378417108, "noise_marginal_std_sum": 22.090135932700033}
{"epoch": 2, "step": 124, "train_loss": 0.45990879280336444, "clip_fraction": 0.3134516129032258, "epsilon": 9.011173335138647, "accuracy": 0.7729357798165137, "validation_loss": 0.5680588276014416, "validation_examples": 872}
{"step": 130, "epoch": 3, "train_loss": 0.39461846923828126, "clip_fraction": 0.252, "gradient_norm_mean": 19.2424140625, "gradient_norm_max": 193.1242218017578, "step_seconds": 0.26865560933947563, "innovation_std_sum": 19.605444378417108, "noise_marginal_std_sum": 22.090135932700033}
{"step": 140, "epoch": 3, "train_loss": 0.42403546142578125, "clip_fraction": 0.278, "gradient_norm_mean": 21.652759765625, "gradient_norm_max": 209.4818572998047, "step_seconds": 0.2739740423858166, "innovation_std_sum": 19.605444378417108, "noise_marginal_std_sum": 22.090135932700033}
{"step": 150, "epoch": 3, "train_loss": 0.44866619873046876, "clip_fraction": 0.267, "gradient_norm_mean": 21.11628125, "gradient_norm_max": 199.4698028564453, "step_seconds": 0.2711355425417423, "innovation_std_sum": 19.605444378417108, "noise_marginal_std_sum": 22.090135932700033}
{"step": 160, "epoch": 3, "train_loss": 0.4227837219238281, "clip_fraction": 0.26, "gradient_norm_mean": 22.4403046875, "gradient_norm_max": 227.011962890625, "step_seconds": 0.26773232221603394, "innovation_std_sum": 19.605444378417108, "noise_marginal_std_sum": 22.090135932700033}
{"step": 170, "epoch": 3, "train_loss": 0.4479058837890625, "clip_fraction": 0.272, "gradient_norm_mean": 22.48266015625, "gradient_norm_max": 274.7560119628906, "step_seconds": 0.26861046627163887, "innovation_std_sum": 19.605444378417108, "noise_marginal_std_sum": 22.090135932700033}
{"step": 180, "epoch": 3, "train_loss": 0.45088311767578126, "clip_fraction": 0.243, "gradient_norm_mean": 20.616119140625, "gradient_norm_max": 232.4097137451172, "step_seconds": 0.26172770000994205, "innovation_std_sum": 19.605444378417108, "noise_marginal_std_sum": 22.090135932700033}
{"epoch": 3, "step": 186, "train_loss": 0.41767581767420614, "clip_fraction": 0.25817741935483873, "epsilon": 11.573037445937535, "accuracy": 0.7706422018348624, "validation_loss": 0.5697357720191326, "validation_examples": 872}
{"step": 190, "epoch": 4, "train_loss": 0.3740668640136719, "clip_fraction": 0.215, "gradient_norm_mean": 19.02948828125, "gradient_norm_max": 267.7403564453125, "step_seconds": 0.2733779214322567, "innovation_std_sum": 19.605444378417108, "noise_marginal_std_sum": 22.090135932700033}
{"step": 200, "epoch": 4, "train_loss": 0.42183599853515624, "clip_fraction": 0.258, "gradient_norm_mean": 21.09815234375, "gradient_norm_max": 258.1698913574219, "step_seconds": 0.2726012784987688, "innovation_std_sum": 19.605444378417108, "noise_marginal_std_sum": 22.090135932700033}
{"step": 210, "epoch": 4, "train_loss": 0.4077201538085938, "clip_fraction": 0.233, "gradient_norm_mean": 21.5025703125, "gradient_norm_max": 288.37286376953125, "step_seconds": 0.2697583269327879, "innovation_std_sum": 19.605444378417108, "noise_marginal_std_sum": 22.090135932700033}
{"step": 220, "epoch": 4, "train_loss": 0.4097079162597656, "clip_fraction": 0.255, "gradient_norm_mean": 20.811765625, "gradient_norm_max": 235.08509826660156, "step_seconds": 0.2731944974511862, "innovation_std_sum": 19.605444378417108, "noise_marginal_std_sum": 22.090135932700033}
{"step": 230, "epoch": 4, "train_loss": 0.435498291015625, "clip_fraction": 0.263, "gradient_norm_mean": 23.015283203125, "gradient_norm_max": 317.6911926269531, "step_seconds": 0.2738444786518812, "innovation_std_sum": 19.605444378417108, "noise_marginal_std_sum": 22.090135932700033}
{"step": 240, "epoch": 4, "train_loss": 0.423557373046875, "clip_fraction": 0.252, "gradient_norm_mean": 21.72792578125, "gradient_norm_max": 309.38153076171875, "step_seconds": 0.2745944857597351, "innovation_std_sum": 19.605444378417108, "noise_marginal_std_sum": 22.090135932700033}
{"epoch": 4, "step": 248, "train_loss": 0.39762631668583037, "clip_fraction": 0.23967741935483872, "epsilon": 13.871268125760626, "accuracy": 0.7775229357798165, "validation_loss": 0.54503740083187, "validation_examples": 872}
{"step": 250, "epoch": 5, "train_loss": 0.3456485595703125, "clip_fraction": 0.233, "gradient_norm_mean": 20.380201171875, "gradient_norm_max": 237.29537963867188, "step_seconds": 0.2737694177776575, "innovation_std_sum": 19.605444378417108, "noise_marginal_std_sum": 22.090135932700033}
{"step": 260, "epoch": 5, "train_loss": 0.3296558837890625, "clip_fraction": 0.21, "gradient_norm_mean": 20.099244140625, "gradient_norm_max": 314.59332275390625, "step_seconds": 0.27479395642876625, "innovation_std_sum": 19.605444378417108, "noise_marginal_std_sum": 22.090135932700033}
{"step": 270, "epoch": 5, "train_loss": 0.386458251953125, "clip_fraction": 0.224, "gradient_norm_mean": 21.816119140625, "gradient_norm_max": 402.4955749511719, "step_seconds": 0.2742347903549671, "innovation_std_sum": 19.605444378417108, "noise_marginal_std_sum": 22.090135932700033}
{"step": 280, "epoch": 5, "train_loss": 0.38843536376953125, "clip_fraction": 0.228, "gradient_norm_mean": 19.98686328125, "gradient_norm_max": 299.5328369140625, "step_seconds": 0.25781227834522724, "innovation_std_sum": 19.605444378417108, "noise_marginal_std_sum": 22.090135932700033}
{"step": 290, "epoch": 5, "train_loss": 0.372898193359375, "clip_fraction": 0.225, "gradient_norm_mean": 20.1394453125, "gradient_norm_max": 280.43121337890625, "step_seconds": 0.2740772068500519, "innovation_std_sum": 19.605444378417108, "noise_marginal_std_sum": 22.090135932700033}
{"step": 300, "epoch": 5, "train_loss": 0.37398248291015623, "clip_fraction": 0.207, "gradient_norm_mean": 20.666412109375, "gradient_norm_max": 354.4228210449219, "step_seconds": 0.27516215667128563, "innovation_std_sum": 19.605444378417108, "noise_marginal_std_sum": 22.090135932700033}
{"step": 310, "epoch": 5, "train_loss": 0.371632080078125, "clip_fraction": 0.219, "gradient_norm_mean": 19.9859140625, "gradient_norm_max": 345.9566345214844, "step_seconds": 0.12716861069202423, "innovation_std_sum": 19.605444378417108, "noise_marginal_std_sum": 22.090135932700033}
{"epoch": 5, "step": 310, "train_loss": 0.3847652021838773, "clip_fraction": 0.22419354838709676, "epsilon": 16.000000000000018, "accuracy": 0.7809633027522935, "validation_loss": 0.5526422404367989, "validation_examples": 872}
