/home/longt29/miniconda3/envs/curve/lib/python3.11/site-packages/torchvision/datasets/cifar.py:83: VisibleDeprecationWarning: dtype(): align should be passed as Python or NumPy boolean but got `align=0`. Did you mean to pass a tuple to create a subarray type? (Deprecated NumPy 2.4)
  entry = pickle.load(f, encoding="latin1")
{"method": "dp-adam-momentum-bias-bandinvmf", "smoke": false, "calibration": {"target_mu": 1.6660305978457184, "sensitivity": 4.065608121489227, "innovation_std_sum": 73.20888572058001, "adjacency": "add_remove_zero_out", "k": 5, "b_participation": 50, "sampling_amplification": false}, "coefficients": [1.0, -0.53161943769869, -0.0779998119461293, -0.2795535556950146]}
sys:1: UserWarning: Full backward hook is firing when gradients are computed with respect to module outputs since no inputs require gradients. See https://docs.pytorch.org/docs/main/generated/torch.nn.Module.html#torch.nn.Module.register_full_backward_hook for more details.
{"progress_step": 10, "epoch": 1, "train_loss_so_far": 4.62548115234375, "clip_fraction_so_far": 1.0}
{"progress_step": 20, "epoch": 1, "train_loss_so_far": 4.29645114440918, "clip_fraction_so_far": 1.0}
{"progress_step": 30, "epoch": 1, "train_loss_so_far": 3.977323992919922, "clip_fraction_so_far": 0.9993333333333333}
{"progress_step": 40, "epoch": 1, "train_loss_so_far": 3.700573014831543, "clip_fraction_so_far": 0.99725}
{"progress_step": 50, "epoch": 1, "train_loss_so_far": 3.4585620166015625, "clip_fraction_so_far": 0.99066}
{"epoch": 1, "logical_steps": 50, "train_examples": 50000, "train_loss": 3.4585620166015625, "test_loss": 1.9757200103759767, "test_top1": 0.4895, "clip_fraction": 0.99066, "gdp_mu": 0.7271304784322895, "gdp_epsilon": 3.037976902428692, "target_mu": 1.6660305978457184, "target_epsilon": 8.0, "delta": 1e-05, "noise_std": 0.08559034234029003, "noise_std_space": "gradient", "innovation_std_sum": 73.20888572058001, "augmentation_trace_sha256": "0a82ef1c98ef26b05820e248be8ce93c4dfa5ec43fabeb1ff064b4ec4ee639dd", "seconds": 148.81501368433237}
{"progress_step": 60, "epoch": 2, "train_loss_so_far": 2.2144731750488282, "clip_fraction_so_far": 0.9328}
{"progress_step": 70, "epoch": 2, "train_loss_so_far": 2.138014437866211, "clip_fraction_so_far": 0.91875}
{"progress_step": 80, "epoch": 2, "train_loss_so_far": 2.0630780934651693, "clip_fraction_so_far": 0.9049}
{"progress_step": 90, "epoch": 2, "train_loss_so_far": 2.002127020263672, "clip_fraction_so_far": 0.890075}
{"progress_step": 100, "epoch": 2, "train_loss_so_far": 1.947058858642578, "clip_fraction_so_far": 0.87576}
{"epoch": 2, "logical_steps": 100, "train_examples": 50000, "train_loss": 1.947058858642578, "test_loss": 1.1957634033203124, "test_top1": 0.6653, "clip_fraction": 0.87576, "gdp_mu": 1.0438331619280494, "gdp_epsilon": 4.600416946348178, "target_mu": 1.6660305978457184, "target_epsilon": 8.0, "delta": 1e-05, "noise_std": 0.08559034234029003, "noise_std_space": "gradient", "innovation_std_sum": 73.20888572058001, "augmentation_trace_sha256": "35e4f6656689ece8d67b95f2fdc2cc0f320a2787bb26cbe32443a0b0eb0ff36c", "seconds": 141.07512733340263}
{"progress_step": 110, "epoch": 3, "train_loss_so_far": 1.6455220550537109, "clip_fraction_so_far": 0.7915}
{"progress_step": 120, "epoch": 3, "train_loss_so_far": 1.6260321578979493, "clip_fraction_so_far": 0.78645}
{"progress_step": 130, "epoch": 3, "train_loss_so_far": 1.5965853434244792, "clip_fraction_so_far": 0.7756666666666666}
{"progress_step": 140, "epoch": 3, "train_loss_so_far": 1.575482462310791, "clip_fraction_so_far": 0.768025}
{"progress_step": 150, "epoch": 3, "train_loss_so_far": 1.54891220703125, "clip_fraction_so_far": 0.75894}
{"epoch": 3, "logical_steps": 150, "train_examples": 50000, "train_loss": 1.54891220703125, "test_loss": 0.9437639694213867, "test_top1": 0.7285, "clip_fraction": 0.75894, "gdp_mu": 1.2851399415460758, "gdp_epsilon": 5.868262919898993, "target_mu": 1.6660305978457184, "target_epsilon": 8.0, "delta": 1e-05, "noise_std": 0.08559034234029003, "noise_std_space": "gradient", "innovation_std_sum": 73.20888572058001, "augmentation_trace_sha256": "516c381dfc4d1767bda79b3787fa43a7fb9c63558e6fd7cf239884b870b532ab", "seconds": 138.74486530572176}
{"progress_step": 160, "epoch": 4, "train_loss_so_far": 1.4137635162353515, "clip_fraction_so_far": 0.7115}
{"progress_step": 170, "epoch": 4, "train_loss_so_far": 1.4209155059814453, "clip_fraction_so_far": 0.7099}
{"progress_step": 180, "epoch": 4, "train_loss_so_far": 1.4026715749104817, "clip_fraction_so_far": 0.7010333333333333}
{"progress_step": 190, "epoch": 4, "train_loss_so_far": 1.3930873764038085, "clip_fraction_so_far": 0.694225}
{"progress_step": 200, "epoch": 4, "train_loss_so_far": 1.381014380493164, "clip_fraction_so_far": 0.68854}
{"epoch": 4, "logical_steps": 200, "train_examples": 50000, "train_loss": 1.381014380493164, "test_loss": 0.8183517501831055, "test_top1": 0.7576, "clip_fraction": 0.68854, "gdp_mu": 1.4878241288541525, "gdp_epsilon": 6.9830197665238485, "target_mu": 1.6660305978457184, "target_epsilon": 8.0, "delta": 1e-05, "noise_std": 0.08559034234029003, "noise_std_space": "gradient", "innovation_std_sum": 73.20888572058001, "augmentation_trace_sha256": "f79c64ae547ce4a5916151652750e3f0192335976551aba79c8302e3541f4d42", "seconds": 140.3894592039287}
{"progress_step": 210, "epoch": 5, "train_loss_so_far": 1.3001249206542969, "clip_fraction_so_far": 0.6502}
{"progress_step": 220, "epoch": 5, "train_loss_so_far": 1.3128400436401366, "clip_fraction_so_far": 0.6536}
{"progress_step": 230, "epoch": 5, "train_loss_so_far": 1.3066145548502603, "clip_fraction_so_far": 0.6502}
{"progress_step": 240, "epoch": 5, "train_loss_so_far": 1.3118203872680665, "clip_fraction_so_far": 0.648725}
{"progress_step": 250, "epoch": 5, "train_loss_so_far": 1.3045097137451171, "clip_fraction_so_far": 0.64504}
{"epoch": 5, "logical_steps": 250, "train_examples": 50000, "train_loss": 1.3045097137451171, "test_loss": 0.7547240417480469, "test_top1": 0.7767, "clip_fraction": 0.64504, "gdp_mu": 1.6660305978457184, "gdp_epsilon": 8.000000000000005, "target_mu": 1.6660305978457184, "target_epsilon": 8.0, "delta": 1e-05, "noise_std": 0.08559034234029003, "noise_std_space": "gradient", "innovation_std_sum": 73.20888572058001, "augmentation_trace_sha256": "dcc2ff9b41c90d20ee48ba3ec127c8c65ed0e3f1c24814898f5bc24a291f7d15", "seconds": 140.13250825367868}
{"status": "completed", "results": "/media/data/data/lt/dp-adam-correlated/exp7b/results/final/trials/40b62ac255851930"}
