/home/longt29/miniconda3/envs/curve/lib/python3.11/site-packages/torchvision/datasets/cifar.py:83: VisibleDeprecationWarning: dtype(): align should be passed as Python or NumPy boolean but got `align=0`. Did you mean to pass a tuple to create a subarray type? (Deprecated NumPy 2.4)
  entry = pickle.load(f, encoding="latin1")
sys:1: UserWarning: Full backward hook is firing when gradients are computed with respect to module outputs since no inputs require gradients. See https://docs.pytorch.org/docs/main/generated/torch.nn.Module.html#torch.nn.Module.register_full_backward_hook for more details.
{"step": 10, "epoch": 1, "train_loss": 4.577872680664062, "clip_fraction": 1.0, "gradient_norm_mean": 53.2102060546875, "gradient_norm_max": 103.23717498779297, "step_seconds": 2.1677638851106167, "innovation_std_sum": 17.095559353641725, "noise_marginal_std_sum": 19.26216119759164}
{"step": 20, "epoch": 1, "train_loss": 4.3324072265625, "clip_fraction": 1.0, "gradient_norm_mean": 54.13655078125, "gradient_norm_max": 106.11357116699219, "step_seconds": 2.173964597284794, "innovation_std_sum": 17.095559353641725, "noise_marginal_std_sum": 19.26216119759164}
{"step": 30, "epoch": 1, "train_loss": 4.070905090332031, "clip_fraction": 1.0, "gradient_norm_mean": 66.702419921875, "gradient_norm_max": 127.74253845214844, "step_seconds": 2.180562637746334, "innovation_std_sum": 17.095559353641725, "noise_marginal_std_sum": 19.26216119759164}
{"step": 40, "epoch": 1, "train_loss": 3.743315856933594, "clip_fraction": 1.0, "gradient_norm_mean": 84.486447265625, "gradient_norm_max": 181.8044891357422, "step_seconds": 2.1792513970285654, "innovation_std_sum": 17.095559353641725, "noise_marginal_std_sum": 19.26216119759164}
{"epoch": 1, "step": 45, "train_loss": 4.233674098036024, "clip_fraction": 1.0, "epsilon": 3.1232761473275077, "accuracy": 0.2348, "validation_loss": 3.3095400634765624, "validation_examples": 5000}
{"step": 50, "epoch": 2, "train_loss": 3.3443629760742186, "clip_fraction": 1.0, "gradient_norm_mean": 96.849134765625, "gradient_norm_max": 288.85614013671875, "step_seconds": 2.159306498244405, "innovation_std_sum": 17.095559353641725, "noise_marginal_std_sum": 19.26216119759164}
{"step": 60, "epoch": 2, "train_loss": 3.1006481323242188, "clip_fraction": 1.0, "gradient_norm_mean": 103.95909375, "gradient_norm_max": 388.9866638183594, "step_seconds": 2.172002959996462, "innovation_std_sum": 17.095559353641725, "noise_marginal_std_sum": 19.26216119759164}
{"step": 70, "epoch": 2, "train_loss": 2.762601867675781, "clip_fraction": 1.0, "gradient_norm_mean": 103.802548828125, "gradient_norm_max": 346.0320739746094, "step_seconds": 2.1800068095326424, "innovation_std_sum": 17.095559353641725, "noise_marginal_std_sum": 19.26216119759164}
{"step": 80, "epoch": 2, "train_loss": 2.6743212280273436, "clip_fraction": 0.997, "gradient_norm_mean": 107.79179296875, "gradient_norm_max": 362.3573303222656, "step_seconds": 2.20975661277771, "innovation_std_sum": 17.095559353641725, "noise_marginal_std_sum": 19.26216119759164}
{"step": 90, "epoch": 2, "train_loss": 2.4971302490234377, "clip_fraction": 0.998, "gradient_norm_mean": 110.2220234375, "gradient_norm_max": 526.0761108398438, "step_seconds": 2.180157244205475, "innovation_std_sum": 17.095559353641725, "noise_marginal_std_sum": 19.26216119759164}
{"epoch": 2, "step": 90, "train_loss": 2.919041726345486, "clip_fraction": 0.9990888888888889, "epsilon": 4.650911679155922, "accuracy": 0.4884, "validation_loss": 2.095205993652344, "validation_examples": 5000}
{"step": 100, "epoch": 3, "train_loss": 2.30584326171875, "clip_fraction": 0.99, "gradient_norm_mean": 109.10262890625, "gradient_norm_max": 400.8553161621094, "step_seconds": 2.174578908830881, "innovation_std_sum": 17.095559353641725, "noise_marginal_std_sum": 19.26216119759164}
{"step": 110, "epoch": 3, "train_loss": 2.1770493774414064, "clip_fraction": 0.983, "gradient_norm_mean": 108.96059375, "gradient_norm_max": 666.7207641601562, "step_seconds": 2.175744002684951, "innovation_std_sum": 17.095559353641725, "noise_marginal_std_sum": 19.26216119759164}
{"step": 120, "epoch": 3, "train_loss": 2.1003352966308593, "clip_fraction": 0.98, "gradient_norm_mean": 109.91774609375, "gradient_norm_max": 490.25274658203125, "step_seconds": 2.199717406183481, "innovation_std_sum": 17.095559353641725, "noise_marginal_std_sum": 19.26216119759164}
{"step": 130, "epoch": 3, "train_loss": 1.9776460571289063, "clip_fraction": 0.964, "gradient_norm_mean": 108.270078125, "gradient_norm_max": 466.92901611328125, "step_seconds": 2.190133424475789, "innovation_std_sum": 17.095559353641725, "noise_marginal_std_sum": 19.26216119759164}
{"epoch": 3, "step": 135, "train_loss": 2.193072848171658, "clip_fraction": 0.9792444444444445, "epsilon": 5.897166745944286, "accuracy": 0.5926, "validation_loss": 1.557784100341797, "validation_examples": 5000}
{"step": 140, "epoch": 4, "train_loss": 1.9333697814941406, "clip_fraction": 0.952, "gradient_norm_mean": 106.768033203125, "gradient_norm_max": 711.05615234375, "step_seconds": 2.17448303848505, "innovation_std_sum": 17.095559353641725, "noise_marginal_std_sum": 19.26216119759164}
{"step": 150, "epoch": 4, "train_loss": 1.9295844116210938, "clip_fraction": 0.946, "gradient_norm_mean": 109.9397265625, "gradient_norm_max": 643.74609375, "step_seconds": 2.16548889875412, "innovation_std_sum": 17.095559353641725, "noise_marginal_std_sum": 19.26216119759164}
{"step": 160, "epoch": 4, "train_loss": 1.8974878845214844, "clip_fraction": 0.936, "gradient_norm_mean": 112.362578125, "gradient_norm_max": 583.5478515625, "step_seconds": 2.208775643259287, "innovation_std_sum": 17.095559353641725, "noise_marginal_std_sum": 19.26216119759164}
{"step": 170, "epoch": 4, "train_loss": 1.796454345703125, "clip_fraction": 0.931, "gradient_norm_mean": 109.128759765625, "gradient_norm_max": 598.318603515625, "step_seconds": 2.1842813324183226, "innovation_std_sum": 17.095559353641725, "noise_marginal_std_sum": 19.26216119759164}
{"step": 180, "epoch": 4, "train_loss": 1.7455652465820313, "clip_fraction": 0.912, "gradient_norm_mean": 107.878697265625, "gradient_norm_max": 463.887451171875, "step_seconds": 2.1908314991742373, "innovation_std_sum": 17.095559353641725, "noise_marginal_std_sum": 19.26216119759164}
{"epoch": 4, "step": 180, "train_loss": 1.8584016513400607, "clip_fraction": 0.9345777777777777, "epsilon": 6.996030747466345, "accuracy": 0.6464, "validation_loss": 1.2783297424316407, "validation_examples": 5000}
{"step": 190, "epoch": 5, "train_loss": 1.6862688903808594, "clip_fraction": 0.912, "gradient_norm_mean": 110.33091015625, "gradient_norm_max": 670.406982421875, "step_seconds": 2.2040661443024874, "innovation_std_sum": 17.095559353641725, "noise_marginal_std_sum": 19.26216119759164}
{"step": 200, "epoch": 5, "train_loss": 1.6860420837402343, "clip_fraction": 0.894, "gradient_norm_mean": 110.781365234375, "gradient_norm_max": 686.6561279296875, "step_seconds": 2.1903540696948767, "innovation_std_sum": 17.095559353641725, "noise_marginal_std_sum": 19.26216119759164}
{"step": 210, "epoch": 5, "train_loss": 1.7213203735351563, "clip_fraction": 0.868, "gradient_norm_mean": 111.059185546875, "gradient_norm_max": 597.68896484375, "step_seconds": 2.187112957239151, "innovation_std_sum": 17.095559353641725, "noise_marginal_std_sum": 19.26216119759164}
{"step": 220, "epoch": 5, "train_loss": 1.6419789428710938, "clip_fraction": 0.887, "gradient_norm_mean": 113.395583984375, "gradient_norm_max": 533.016357421875, "step_seconds": 2.2023915387690067, "innovation_std_sum": 17.095559353641725, "noise_marginal_std_sum": 19.26216119759164}
{"epoch": 5, "step": 225, "train_loss": 1.6668850355360243, "clip_fraction": 0.8879555555555556, "epsilon": 8.000000000000005, "accuracy": 0.684, "validation_loss": 1.11016103515625, "validation_examples": 5000}
