{"stage": 0, "stage_name": "nonprivate_scale_probe", "status": "completed", "U50": 450.0840606689453, "selection_reason": "Median of all 250 raw Adam direction norms from full nonprivate probe; excluded from DP method ranking."}
{"event": "stage_started", "stage": 1, "stage_name": "iid_radius", "status": "running", "method": "dp-adam-iid-uc", "candidate_count": 9, "new_trials": 6, "reused_trials": 3}
{"event": "started", "gpu": 0, "pid": 3393456, "result_dir": "/media/data/data/lt/dp-adam-correlated/exp4/results/search/dp-adam-iid-uc/775192c9f70af454"}
{"event": "started", "gpu": 2, "pid": 3393457, "result_dir": "/media/data/data/lt/dp-adam-correlated/exp4/results/search/dp-adam-iid-uc/0f702ff6920d3edf"}
{"event": "started", "gpu": 3, "pid": 3393458, "result_dir": "/media/data/data/lt/dp-adam-correlated/exp4/results/search/dp-adam-iid-uc/536d3580a00c3b7e"}
{"event": "completed", "gpu": 2, "result_dir": "/media/data/data/lt/dp-adam-correlated/exp4/results/search/dp-adam-iid-uc/0f702ff6920d3edf"}
{"event": "started", "gpu": 2, "pid": 3406396, "result_dir": "/media/data/data/lt/dp-adam-correlated/exp4/results/search/dp-adam-iid-uc/24f83f41fe3a6846"}
{"event": "completed", "gpu": 3, "result_dir": "/media/data/data/lt/dp-adam-correlated/exp4/results/search/dp-adam-iid-uc/536d3580a00c3b7e"}
{"event": "started", "gpu": 3, "pid": 3406862, "result_dir": "/media/data/data/lt/dp-adam-correlated/exp4/results/search/dp-adam-iid-uc/66bb1415ed67044e"}
{"event": "completed", "gpu": 0, "result_dir": "/media/data/data/lt/dp-adam-correlated/exp4/results/search/dp-adam-iid-uc/775192c9f70af454"}
{"event": "started", "gpu": 0, "pid": 3406938, "result_dir": "/media/data/data/lt/dp-adam-correlated/exp4/results/search/dp-adam-iid-uc/2197e94b2b971572"}
Traceback (most recent call last):
  File "<frozen runpy>", line 198, in _run_module_as_main
  File "<frozen runpy>", line 88, in _run_code
  File "/media/data/data/lt/dp-adam-correlated/exp4/search.py", line 282, in <module>
    main()
  File "/media/data/data/lt/dp-adam-correlated/exp4/search.py", line 278, in main
    StagedSearch().run()
  File "/media/data/data/lt/dp-adam-correlated/exp4/search.py", line 228, in run
    s1 = self.run_stage(1, iid, radius_points(self.u50, 1e-3))
         ^^^^^^^^^^^^^^^^^^^^^^^^^^^^^^^^^^^^^^^^^^^^^^^^^^^^^
  File "/media/data/data/lt/dp-adam-correlated/exp4/search.py", line 204, in run_stage
    self.launch(pending, on_complete=lambda trial: self.finish_record(lookup[trial['result_dir']], trial))
  File "/media/data/data/lt/dp-adam-correlated/exp4/launch_batch.py", line 54, in launch
    raise RuntimeError(f'Trial exited {code}: {destination / "train.log"}')
RuntimeError: Trial exited 1: /media/data/data/lt/dp-adam-correlated/exp4/results/search/dp-adam-iid-uc/2197e94b2b971572/train.log
ERROR conda.cli.main_run:execute(127): `conda run python -B -m exp4.search` failed. (See above for error)
