/home/longt29/miniconda3/envs/curve/lib/python3.11/site-packages/torchvision/datasets/cifar.py:83: VisibleDeprecationWarning: dtype(): align should be passed as Python or NumPy boolean but got `align=0`. Did you mean to pass a tuple to create a subarray type? (Deprecated NumPy 2.4)
  entry = pickle.load(f, encoding="latin1")
{"method": "dp-adam-sgd-bandinvmf-scale", "smoke": false, "calibration": {"target_mu": 1.6660305978457184, "sensitivity": 2.8481628876299, "innovation_std_sum": 170.95501675135813, "adjacency": "add_remove_zero_out", "k": 5, "b_participation": 50, "sampling_amplification": false}, "coefficients": [1.0, -0.5, -0.125, -0.0625]}
sys:1: UserWarning: Full backward hook is firing when gradients are computed with respect to module outputs since no inputs require gradients. See https://docs.pytorch.org/docs/main/generated/torch.nn.Module.html#torch.nn.Module.register_full_backward_hook for more details.
{"progress_step": 10, "epoch": 1, "train_loss_so_far": 4.650395739746093, "clip_fraction_so_far": 1.0}
{"progress_step": 20, "epoch": 1, "train_loss_so_far": 4.370507147216797, "clip_fraction_so_far": 1.0}
{"progress_step": 30, "epoch": 1, "train_loss_so_far": 4.078263848876953, "clip_fraction_so_far": 0.9999333333333333}
{"progress_step": 40, "epoch": 1, "train_loss_so_far": 3.8092038513183595, "clip_fraction_so_far": 0.99975}
{"progress_step": 50, "epoch": 1, "train_loss_so_far": 3.575618737792969, "clip_fraction_so_far": 0.99908}
{"epoch": 1, "logical_steps": 50, "train_examples": 50000, "train_loss": 3.575618737792969, "test_loss": 2.1206725646972657, "test_top1": 0.4513, "clip_fraction": 0.99908, "gdp_mu": 0.7450706133874357, "gdp_epsilon": 3.123288128876418, "target_mu": 1.6660305978457184, "target_epsilon": 8.0, "delta": 1e-05, "noise_std": 0.19262096209213342, "noise_std_space": "scaled", "innovation_std_sum": 170.95501675135813, "augmentation_trace_sha256": "eb38061316bcc37b021a6fd5e35df885ea987663f026a0c19339760bf3e847d3", "seconds": 139.03940723463893}
{"progress_step": 60, "epoch": 2, "train_loss_so_far": 2.356937322998047, "clip_fraction_so_far": 0.9886}
{"progress_step": 70, "epoch": 2, "train_loss_so_far": 2.2768756896972655, "clip_fraction_so_far": 0.98055}
{"progress_step": 80, "epoch": 2, "train_loss_so_far": 2.1936626220703124, "clip_fraction_so_far": 0.9714}
{"progress_step": 90, "epoch": 2, "train_loss_so_far": 2.1246911552429197, "clip_fraction_so_far": 0.9614}
{"progress_step": 100, "epoch": 2, "train_loss_so_far": 2.0657594787597655, "clip_fraction_so_far": 0.95226}
{"epoch": 2, "logical_steps": 100, "train_examples": 50000, "train_loss": 2.0657594787597655, "test_loss": 1.3083470184326171, "test_top1": 0.6345, "clip_fraction": 0.95226, "gdp_mu": 1.0536897799813887, "gdp_epsilon": 4.650918517225292, "target_mu": 1.6660305978457184, "target_epsilon": 8.0, "delta": 1e-05, "noise_std": 0.19262096209213342, "noise_std_space": "scaled", "innovation_std_sum": 170.95501675135813, "augmentation_trace_sha256": "257e692163c8eed63984477e567ada19e94946ac2c058472d79dac1b521d4db7", "seconds": 133.08857943676412}
{"progress_step": 110, "epoch": 3, "train_loss_so_far": 1.7274020080566406, "clip_fraction_so_far": 0.8971}
{"progress_step": 120, "epoch": 3, "train_loss_so_far": 1.7083993209838868, "clip_fraction_so_far": 0.88955}
{"progress_step": 130, "epoch": 3, "train_loss_so_far": 1.6937857350667318, "clip_fraction_so_far": 0.8831}
{"progress_step": 140, "epoch": 3, "train_loss_so_far": 1.6714309410095214, "clip_fraction_so_far": 0.874525}
{"progress_step": 150, "epoch": 3, "train_loss_so_far": 1.6532149700927734, "clip_fraction_so_far": 0.86752}
{"epoch": 3, "logical_steps": 150, "train_examples": 50000, "train_loss": 1.6532149700927734, "test_loss": 1.0376263717651366, "test_top1": 0.6973, "clip_fraction": 0.86752, "gdp_mu": 1.2905014862231678, "gdp_epsilon": 5.897170660712958, "target_mu": 1.6660305978457184, "target_epsilon": 8.0, "delta": 1e-05, "noise_std": 0.19262096209213342, "noise_std_space": "scaled", "innovation_std_sum": 170.95501675135813, "augmentation_trace_sha256": "75b88e45730987647265e9b72d6e060cab185b673afd46d2d7a20342f7c95065", "seconds": 134.9946564771235}
{"progress_step": 160, "epoch": 4, "train_loss_so_far": 1.5401916656494141, "clip_fraction_so_far": 0.8246}
{"progress_step": 170, "epoch": 4, "train_loss_so_far": 1.538812548828125, "clip_fraction_so_far": 0.822}
{"progress_step": 180, "epoch": 4, "train_loss_so_far": 1.5342753295898437, "clip_fraction_so_far": 0.8167}
{"progress_step": 190, "epoch": 4, "train_loss_so_far": 1.5161581436157228, "clip_fraction_so_far": 0.811175}
{"progress_step": 200, "epoch": 4, "train_loss_so_far": 1.510706714477539, "clip_fraction_so_far": 0.80746}
{"epoch": 4, "logical_steps": 200, "train_examples": 50000, "train_loss": 1.510706714477539, "test_loss": 0.9289993957519531, "test_top1": 0.7265, "clip_fraction": 0.80746, "gdp_mu": 1.4901429526898362, "gdp_epsilon": 6.996032511238058, "target_mu": 1.6660305978457184, "target_epsilon": 8.0, "delta": 1e-05, "noise_std": 0.19262096209213342, "noise_std_space": "scaled", "innovation_std_sum": 170.95501675135813, "augmentation_trace_sha256": "18a9d1ac6e60f68aa1632f8377bc5e08252c728506236a6e55e3089e326bc967", "seconds": 134.50077165849507}
{"progress_step": 210, "epoch": 5, "train_loss_so_far": 1.436432565307617, "clip_fraction_so_far": 0.7755}
{"progress_step": 220, "epoch": 5, "train_loss_so_far": 1.447664845275879, "clip_fraction_so_far": 0.7744}
{"progress_step": 230, "epoch": 5, "train_loss_so_far": 1.4451435312906902, "clip_fraction_so_far": 0.7711666666666667}
{"progress_step": 240, "epoch": 5, "train_loss_so_far": 1.4440448425292969, "clip_fraction_so_far": 0.7683}
{"progress_step": 250, "epoch": 5, "train_loss_so_far": 1.4390797900390624, "clip_fraction_so_far": 0.7655}
{"epoch": 5, "logical_steps": 250, "train_examples": 50000, "train_loss": 1.4390797900390624, "test_loss": 0.8779138778686524, "test_top1": 0.7376, "clip_fraction": 0.7655, "gdp_mu": 1.6660305978457184, "gdp_epsilon": 8.000000000000005, "target_mu": 1.6660305978457184, "target_epsilon": 8.0, "delta": 1e-05, "noise_std": 0.19262096209213342, "noise_std_space": "scaled", "innovation_std_sum": 170.95501675135813, "augmentation_trace_sha256": "40c369f851729ec1bd8a4f0460438ddfe34ef997ab09028d6fc973b7b5af2252", "seconds": 132.00328651629388}
{"status": "completed", "results": "/media/data/data/lt/dp-adam-correlated/exp7b/results/final/trials/e4dfd147231d8296"}
