Loading weights:   0%|          | 0/39 [00:00<?, ?it/s]Loading weights: 100%|██████████| 39/39 [00:00<00:00, 17099.92it/s]
[transformers] [1mBertModel LOAD REPORT[0m from: /media/data/data/lt/dp-adam-correlated/cache/bert-tiny
Key                                        | Status     |  | 
-------------------------------------------+------------+--+-
cls.seq_relationship.weight                | UNEXPECTED |  | 
cls.predictions.bias                       | UNEXPECTED |  | 
cls.predictions.decoder.weight             | UNEXPECTED |  | 
cls.predictions.transform.dense.bias       | UNEXPECTED |  | 
cls.predictions.transform.LayerNorm.bias   | UNEXPECTED |  | 
cls.seq_relationship.bias                  | UNEXPECTED |  | 
cls.predictions.transform.dense.weight     | UNEXPECTED |  | 
cls.predictions.transform.LayerNorm.weight | UNEXPECTED |  | 
cls.predictions.decoder.bias               | UNEXPECTED |  | 

Notes:
- UNEXPECTED:	can be ignored when loading from different task/architecture; not ok if you expect identical arch.
sys:1: UserWarning: Full backward hook is firing when gradients are computed with respect to module outputs since no inputs require gradients. See https://docs.pytorch.org/docs/main/generated/torch.nn.Module.html#torch.nn.Module.register_full_backward_hook for more details.
{"step": 62, "epoch": 1.0, "train_loss": 0.6394758625645792, "clip_fraction": 0.515983870967742, "validation_loss": 0.7009263782326235, "accuracy": 0.7282110091743119, "validation_examples": 872, "epsilon": 3.054089440266451}
{"step": 124, "epoch": 2.0, "train_loss": 0.6365865990423388, "clip_fraction": 0.4525161290322581, "validation_loss": 0.7343463941451607, "accuracy": 0.7511467889908257, "validation_examples": 872, "epsilon": 4.610238743691153}
{"step": 186, "epoch": 3.0, "train_loss": 0.586676229169292, "clip_fraction": 0.3940967741935483, "validation_loss": 0.6950347839145485, "accuracy": 0.7557339449541285, "validation_examples": 872, "epsilon": 5.873890881586911}
{"step": 248, "epoch": 4.0, "train_loss": 0.5486983573667464, "clip_fraction": 0.35553225806451605, "validation_loss": 0.6818605956681277, "accuracy": 0.7672018348623854, "validation_examples": 872, "epsilon": 6.985551657770655}
{"step": 310, "epoch": 5.0, "train_loss": 0.5200862274169923, "clip_fraction": 0.3291129032258065, "validation_loss": 0.655102659802918, "accuracy": 0.7740825688073395, "validation_examples": 872, "epsilon": 8.000000000000005}
