/home/longt29/miniconda3/envs/curve/lib/python3.11/site-packages/torchvision/datasets/cifar.py:83: VisibleDeprecationWarning: dtype(): align should be passed as Python or NumPy boolean but got `align=0`. Did you mean to pass a tuple to create a subarray type? (Deprecated NumPy 2.4)
  entry = pickle.load(f, encoding="latin1")
sys:1: UserWarning: Full backward hook is firing when gradients are computed with respect to module outputs since no inputs require gradients. See https://docs.pytorch.org/docs/main/generated/torch.nn.Module.html#torch.nn.Module.register_full_backward_hook for more details.
{"step": 10, "epoch": 1, "train_loss": 4.496963623046875, "clip_fraction": 1.0, "gradient_norm_mean": 256.8843046875, "gradient_norm_max": 576.2006225585938, "step_seconds": 1.9342770222574472, "innovation_std_sum": 471.34496321891186, "noise_marginal_std_sum": 650.1319995798854}
{"step": 20, "epoch": 1, "train_loss": 4.180812133789063, "clip_fraction": 1.0, "gradient_norm_mean": 302.3725, "gradient_norm_max": 573.2072143554688, "step_seconds": 1.9474356696009636, "innovation_std_sum": 471.34496321891186, "noise_marginal_std_sum": 650.1319995798854}
{"step": 30, "epoch": 1, "train_loss": 3.7976568603515624, "clip_fraction": 1.0, "gradient_norm_mean": 405.54146875, "gradient_norm_max": 1026.38818359375, "step_seconds": 1.967754565179348, "innovation_std_sum": 471.34496321891186, "noise_marginal_std_sum": 650.1319995798854}
{"step": 40, "epoch": 1, "train_loss": 3.2811854248046877, "clip_fraction": 0.999, "gradient_norm_mean": 451.1071484375, "gradient_norm_max": 1202.88671875, "step_seconds": 1.9756137821823359, "innovation_std_sum": 471.34496321891186, "noise_marginal_std_sum": 650.1319995798854}
{"step": 50, "epoch": 1, "train_loss": 3.082244079589844, "clip_fraction": 0.998, "gradient_norm_mean": 478.0605703125, "gradient_norm_max": 2321.0634765625, "step_seconds": 1.9730905089527369, "innovation_std_sum": 471.34496321891186, "noise_marginal_std_sum": 650.1319995798854}
{"epoch": 1, "step": 50, "train_loss": 3.9555935998535157, "clip_fraction": 0.99972, "epsilon": 2.873426350654349, "accuracy": 0.3101, "validation_loss": 2.801563830566406, "validation_examples": 10000}
{"step": 60, "epoch": 2, "train_loss": 2.8577193603515627, "clip_fraction": 0.993, "gradient_norm_mean": 484.191390625, "gradient_norm_max": 1469.3892822265625, "step_seconds": 1.9453159943223, "innovation_std_sum": 471.34496321891186, "noise_marginal_std_sum": 650.1319995798854}
{"step": 70, "epoch": 2, "train_loss": 2.5760595703125, "clip_fraction": 0.987, "gradient_norm_mean": 474.265390625, "gradient_norm_max": 1583.77880859375, "step_seconds": 1.969498548656702, "innovation_std_sum": 471.34496321891186, "noise_marginal_std_sum": 650.1319995798854}
{"step": 80, "epoch": 2, "train_loss": 2.404354248046875, "clip_fraction": 0.972, "gradient_norm_mean": 472.702015625, "gradient_norm_max": 1933.4132080078125, "step_seconds": 1.9884189628064632, "innovation_std_sum": 471.34496321891186, "noise_marginal_std_sum": 650.1319995798854}
{"step": 90, "epoch": 2, "train_loss": 2.171696350097656, "clip_fraction": 0.935, "gradient_norm_mean": 444.566296875, "gradient_norm_max": 2023.51806640625, "step_seconds": 2.005647985264659, "innovation_std_sum": 471.34496321891186, "noise_marginal_std_sum": 650.1319995798854}
{"step": 100, "epoch": 2, "train_loss": 2.1259859619140626, "clip_fraction": 0.938, "gradient_norm_mean": 448.8004375, "gradient_norm_max": 2127.27294921875, "step_seconds": 2.027663264423609, "innovation_std_sum": 471.34496321891186, "noise_marginal_std_sum": 650.1319995798854}
{"epoch": 2, "step": 100, "train_loss": 2.520049562988281, "clip_fraction": 0.97284, "epsilon": 4.494876969944211, "accuracy": 0.534, "validation_loss": 1.7378487121582031, "validation_examples": 10000}
{"step": 110, "epoch": 3, "train_loss": 2.15847265625, "clip_fraction": 0.913, "gradient_norm_mean": 464.944953125, "gradient_norm_max": 2291.14501953125, "step_seconds": 1.986650636419654, "innovation_std_sum": 471.34496321891186, "noise_marginal_std_sum": 650.1319995798854}
{"step": 120, "epoch": 3, "train_loss": 1.9835455932617188, "clip_fraction": 0.902, "gradient_norm_mean": 462.291, "gradient_norm_max": 1947.8096923828125, "step_seconds": 1.9861721564084291, "innovation_std_sum": 471.34496321891186, "noise_marginal_std_sum": 650.1319995798854}
{"step": 130, "epoch": 3, "train_loss": 1.90305029296875, "clip_fraction": 0.869, "gradient_norm_mean": 450.55278125, "gradient_norm_max": 2256.3779296875, "step_seconds": 2.0355120915919542, "innovation_std_sum": 471.34496321891186, "noise_marginal_std_sum": 650.1319995798854}
{"step": 140, "epoch": 3, "train_loss": 1.6818247985839845, "clip_fraction": 0.829, "gradient_norm_mean": 426.462890625, "gradient_norm_max": 2552.4921875, "step_seconds": 2.0442620292305946, "innovation_std_sum": 471.34496321891186, "noise_marginal_std_sum": 650.1319995798854}
{"step": 150, "epoch": 3, "train_loss": 1.73934619140625, "clip_fraction": 0.859, "gradient_norm_mean": 442.575984375, "gradient_norm_max": 1784.31103515625, "step_seconds": 2.0612856801599264, "innovation_std_sum": 471.34496321891186, "noise_marginal_std_sum": 650.1319995798854}
{"epoch": 3, "step": 150, "train_loss": 1.928610309448242, "clip_fraction": 0.88968, "epsilon": 5.807351225535705, "accuracy": 0.6374, "validation_loss": 1.2827997436523437, "validation_examples": 10000}
{"step": 160, "epoch": 4, "train_loss": 1.7689468688964844, "clip_fraction": 0.824, "gradient_norm_mean": 459.4261171875, "gradient_norm_max": 1845.439453125, "step_seconds": 1.9781062211841345, "innovation_std_sum": 471.34496321891186, "noise_marginal_std_sum": 650.1319995798854}
{"step": 170, "epoch": 4, "train_loss": 1.6527816772460937, "clip_fraction": 0.825, "gradient_norm_mean": 434.653203125, "gradient_norm_max": 1807.4171142578125, "step_seconds": 1.9863513987511396, "innovation_std_sum": 471.34496321891186, "noise_marginal_std_sum": 650.1319995798854}
{"step": 180, "epoch": 4, "train_loss": 1.6050902709960937, "clip_fraction": 0.783, "gradient_norm_mean": 434.3650390625, "gradient_norm_max": 3255.623046875, "step_seconds": 2.012735119089484, "innovation_std_sum": 471.34496321891186, "noise_marginal_std_sum": 650.1319995798854}
{"step": 190, "epoch": 4, "train_loss": 1.4525927734375, "clip_fraction": 0.749, "gradient_norm_mean": 406.5821015625, "gradient_norm_max": 1890.8416748046875, "step_seconds": 2.025806276127696, "innovation_std_sum": 471.34496321891186, "noise_marginal_std_sum": 650.1319995798854}
{"step": 200, "epoch": 4, "train_loss": 1.5841597290039062, "clip_fraction": 0.783, "gradient_norm_mean": 441.6992578125, "gradient_norm_max": 2570.618896484375, "step_seconds": 2.0449619255959988, "innovation_std_sum": 471.34496321891186, "noise_marginal_std_sum": 650.1319995798854}
{"epoch": 4, "step": 200, "train_loss": 1.6425257202148438, "clip_fraction": 0.81022, "epsilon": 6.9556279168064306, "accuracy": 0.6929, "validation_loss": 1.0533696701049804, "validation_examples": 10000}
{"step": 210, "epoch": 5, "train_loss": 1.6260741271972656, "clip_fraction": 0.774, "gradient_norm_mean": 439.8257421875, "gradient_norm_max": 3198.340087890625, "step_seconds": 1.9725541714578867, "innovation_std_sum": 471.34496321891186, "noise_marginal_std_sum": 650.1319995798854}
{"step": 220, "epoch": 5, "train_loss": 1.450188720703125, "clip_fraction": 0.749, "gradient_norm_mean": 417.5585625, "gradient_norm_max": 2579.8994140625, "step_seconds": 1.9777220338582993, "innovation_std_sum": 471.34496321891186, "noise_marginal_std_sum": 650.1319995798854}
{"step": 230, "epoch": 5, "train_loss": 1.552718048095703, "clip_fraction": 0.746, "gradient_norm_mean": 445.6385625, "gradient_norm_max": 2891.818115234375, "step_seconds": 1.9947738870978355, "innovation_std_sum": 471.34496321891186, "noise_marginal_std_sum": 650.1319995798854}
{"step": 240, "epoch": 5, "train_loss": 1.4367951354980468, "clip_fraction": 0.704, "gradient_norm_mean": 414.01390625, "gradient_norm_max": 2785.54638671875, "step_seconds": 2.0359026454389095, "innovation_std_sum": 471.34496321891186, "noise_marginal_std_sum": 650.1319995798854}
{"step": 250, "epoch": 5, "train_loss": 1.441870880126953, "clip_fraction": 0.725, "gradient_norm_mean": 431.131484375, "gradient_norm_max": 2381.413818359375, "step_seconds": 2.0107132587581873, "innovation_std_sum": 471.34496321891186, "noise_marginal_std_sum": 650.1319995798854}
{"epoch": 5, "step": 250, "train_loss": 1.494895869140625, "clip_fraction": 0.75018, "epsilon": 8.000000000000005, "accuracy": 0.7251, "validation_loss": 0.9269181701660156, "validation_examples": 10000}
