Loading weights:   0%|          | 0/39 [00:00<?, ?it/s]Loading weights: 100%|██████████| 39/39 [00:00<00:00, 21324.19it/s]
[transformers] [1mBertModel LOAD REPORT[0m from: /media/data/data/lt/dp-adam-correlated/cache/bert-tiny
Key                                        | Status     |  | 
-------------------------------------------+------------+--+-
cls.predictions.transform.dense.weight     | UNEXPECTED |  | 
cls.seq_relationship.bias                  | UNEXPECTED |  | 
cls.predictions.bias                       | UNEXPECTED |  | 
cls.predictions.transform.LayerNorm.weight | UNEXPECTED |  | 
cls.predictions.transform.dense.bias       | UNEXPECTED |  | 
cls.predictions.decoder.weight             | UNEXPECTED |  | 
cls.predictions.decoder.bias               | UNEXPECTED |  | 
cls.seq_relationship.weight                | UNEXPECTED |  | 
cls.predictions.transform.LayerNorm.bias   | UNEXPECTED |  | 

Notes:
- UNEXPECTED:	can be ignored when loading from different task/architecture; not ok if you expect identical arch.
sys:1: UserWarning: Full backward hook is firing when gradients are computed with respect to module outputs since no inputs require gradients. See https://docs.pytorch.org/docs/main/generated/torch.nn.Module.html#torch.nn.Module.register_full_backward_hook for more details.
{"step": 10, "epoch": 1, "train_loss": 0.6772073974609375, "clip_fraction": 0.0, "gradient_norm_mean": 7.44151416015625, "gradient_norm_max": 11.980443954467773, "step_seconds": 0.2688351012766361, "innovation_std_sum": 50.227445158855346, "noise_marginal_std_sum": 58.66324369556456}
{"step": 20, "epoch": 1, "train_loss": 0.6484896240234375, "clip_fraction": 0.0, "gradient_norm_mean": 9.197025390625, "gradient_norm_max": 16.958175659179688, "step_seconds": 0.2717608902603388, "innovation_std_sum": 50.227445158855346, "noise_marginal_std_sum": 58.66324369556456}
{"step": 30, "epoch": 1, "train_loss": 0.621707275390625, "clip_fraction": 0.014, "gradient_norm_mean": 11.945837890625, "gradient_norm_max": 24.686012268066406, "step_seconds": 0.27156732976436615, "innovation_std_sum": 50.227445158855346, "noise_marginal_std_sum": 58.66324369556456}
{"step": 40, "epoch": 1, "train_loss": 0.6032460327148438, "clip_fraction": 0.208, "gradient_norm_mean": 14.743046875, "gradient_norm_max": 33.48065948486328, "step_seconds": 0.27154384180903435, "innovation_std_sum": 50.227445158855346, "noise_marginal_std_sum": 58.66324369556456}
{"step": 50, "epoch": 1, "train_loss": 0.5723909912109375, "clip_fraction": 0.419, "gradient_norm_mean": 18.210767578125, "gradient_norm_max": 65.7843017578125, "step_seconds": 0.18130159191787243, "innovation_std_sum": 50.227445158855346, "noise_marginal_std_sum": 58.66324369556456}
{"step": 60, "epoch": 1, "train_loss": 0.547468017578125, "clip_fraction": 0.499, "gradient_norm_mean": 22.54782421875, "gradient_norm_max": 87.24524688720703, "step_seconds": 0.27219587936997414, "innovation_std_sum": 50.227445158855346, "noise_marginal_std_sum": 58.66324369556456}
{"epoch": 1, "step": 62, "train_loss": 0.6158753081290953, "clip_fraction": 0.1599032258064516, "epsilon": 3.054089440266451, "accuracy": 0.7350906711534866, "validation_loss": 0.5339053808851629, "validation_examples": 5349}
{"step": 70, "epoch": 2, "train_loss": 0.5298804321289062, "clip_fraction": 0.484, "gradient_norm_mean": 26.37693359375, "gradient_norm_max": 106.466064453125, "step_seconds": 0.26948399282991886, "innovation_std_sum": 50.227445158855346, "noise_marginal_std_sum": 58.66324369556456}
{"step": 80, "epoch": 2, "train_loss": 0.579535888671875, "clip_fraction": 0.484, "gradient_norm_mean": 31.094306640625, "gradient_norm_max": 193.95724487304688, "step_seconds": 0.2655009664595127, "innovation_std_sum": 50.227445158855346, "noise_marginal_std_sum": 58.66324369556456}
{"step": 90, "epoch": 2, "train_loss": 0.5518734741210938, "clip_fraction": 0.426, "gradient_norm_mean": 30.45830859375, "gradient_norm_max": 179.49913024902344, "step_seconds": 0.26713353022933006, "innovation_std_sum": 50.227445158855346, "noise_marginal_std_sum": 58.66324369556456}
{"step": 100, "epoch": 2, "train_loss": 0.5624481811523437, "clip_fraction": 0.413, "gradient_norm_mean": 32.713794921875, "gradient_norm_max": 207.7976531982422, "step_seconds": 0.264590697363019, "innovation_std_sum": 50.227445158855346, "noise_marginal_std_sum": 58.66324369556456}
{"step": 110, "epoch": 2, "train_loss": 0.5348850708007813, "clip_fraction": 0.397, "gradient_norm_mean": 31.77967578125, "gradient_norm_max": 203.50030517578125, "step_seconds": 0.2697185166180134, "innovation_std_sum": 50.227445158855346, "noise_marginal_std_sum": 58.66324369556456}
{"step": 120, "epoch": 2, "train_loss": 0.503677978515625, "clip_fraction": 0.383, "gradient_norm_mean": 31.909173828125, "gradient_norm_max": 247.26742553710938, "step_seconds": 0.2715306878089905, "innovation_std_sum": 50.227445158855346, "noise_marginal_std_sum": 58.66324369556456}
{"epoch": 2, "step": 124, "train_loss": 0.5453385393696446, "clip_fraction": 0.43979032258064515, "epsilon": 4.610238743691153, "accuracy": 0.7771546083380071, "validation_loss": 0.5664672466455654, "validation_examples": 5349}
{"step": 130, "epoch": 3, "train_loss": 0.5142186279296875, "clip_fraction": 0.392, "gradient_norm_mean": 32.26140625, "gradient_norm_max": 206.88494873046875, "step_seconds": 0.27226696722209454, "innovation_std_sum": 50.227445158855346, "noise_marginal_std_sum": 58.66324369556456}
{"step": 140, "epoch": 3, "train_loss": 0.5422149658203125, "clip_fraction": 0.401, "gradient_norm_mean": 35.92396875, "gradient_norm_max": 284.2348327636719, "step_seconds": 0.27233975380659103, "innovation_std_sum": 50.227445158855346, "noise_marginal_std_sum": 58.66324369556456}
{"step": 150, "epoch": 3, "train_loss": 0.5537423095703125, "clip_fraction": 0.391, "gradient_norm_mean": 32.8409921875, "gradient_norm_max": 214.1529998779297, "step_seconds": 0.272686367854476, "innovation_std_sum": 50.227445158855346, "noise_marginal_std_sum": 58.66324369556456}
{"step": 160, "epoch": 3, "train_loss": 0.556207275390625, "clip_fraction": 0.386, "gradient_norm_mean": 32.7922890625, "gradient_norm_max": 276.1922912597656, "step_seconds": 0.2717861942946911, "innovation_std_sum": 50.227445158855346, "noise_marginal_std_sum": 58.66324369556456}
{"step": 170, "epoch": 3, "train_loss": 0.5442164306640624, "clip_fraction": 0.374, "gradient_norm_mean": 32.33530078125, "gradient_norm_max": 220.64508056640625, "step_seconds": 0.2726895995438099, "innovation_std_sum": 50.227445158855346, "noise_marginal_std_sum": 58.66324369556456}
{"step": 180, "epoch": 3, "train_loss": 0.5390740356445313, "clip_fraction": 0.368, "gradient_norm_mean": 32.136146484375, "gradient_norm_max": 239.0104217529297, "step_seconds": 0.27037178725004196, "innovation_std_sum": 50.227445158855346, "noise_marginal_std_sum": 58.66324369556456}
{"epoch": 3, "step": 186, "train_loss": 0.525704077935988, "clip_fraction": 0.37562903225806454, "epsilon": 5.873890881586911, "accuracy": 0.7984670031781641, "validation_loss": 0.5087252039400344, "validation_examples": 5349}
{"step": 190, "epoch": 4, "train_loss": 0.4439007873535156, "clip_fraction": 0.363, "gradient_norm_mean": 30.99618359375, "gradient_norm_max": 281.3279724121094, "step_seconds": 0.2684516254812479, "innovation_std_sum": 50.227445158855346, "noise_marginal_std_sum": 58.66324369556456}
{"step": 200, "epoch": 4, "train_loss": 0.5175106201171875, "clip_fraction": 0.368, "gradient_norm_mean": 33.3981328125, "gradient_norm_max": 284.5657958984375, "step_seconds": 0.27213500067591667, "innovation_std_sum": 50.227445158855346, "noise_marginal_std_sum": 58.66324369556456}
{"step": 210, "epoch": 4, "train_loss": 0.5157000732421875, "clip_fraction": 0.358, "gradient_norm_mean": 33.8298515625, "gradient_norm_max": 251.01646423339844, "step_seconds": 0.2717926111072302, "innovation_std_sum": 50.227445158855346, "noise_marginal_std_sum": 58.66324369556456}
{"step": 220, "epoch": 4, "train_loss": 0.49769985961914065, "clip_fraction": 0.333, "gradient_norm_mean": 29.1782421875, "gradient_norm_max": 312.9144592285156, "step_seconds": 0.2721039019525051, "innovation_std_sum": 50.227445158855346, "noise_marginal_std_sum": 58.66324369556456}
{"step": 230, "epoch": 4, "train_loss": 0.480131103515625, "clip_fraction": 0.349, "gradient_norm_mean": 31.858484375, "gradient_norm_max": 281.950439453125, "step_seconds": 0.2724293898791075, "innovation_std_sum": 50.227445158855346, "noise_marginal_std_sum": 58.66324369556456}
{"step": 240, "epoch": 4, "train_loss": 0.4980682373046875, "clip_fraction": 0.336, "gradient_norm_mean": 33.12780078125, "gradient_norm_max": 337.17779541015625, "step_seconds": 0.18093986995518208, "innovation_std_sum": 50.227445158855346, "noise_marginal_std_sum": 58.66324369556456}
{"epoch": 4, "step": 248, "train_loss": 0.49201931467363913, "clip_fraction": 0.33980645161290324, "epsilon": 6.985551657770655, "accuracy": 0.809497102262105, "validation_loss": 0.4944982509074601, "validation_examples": 5349}
{"step": 250, "epoch": 5, "train_loss": 0.5144766235351562, "clip_fraction": 0.315, "gradient_norm_mean": 29.232525390625, "gradient_norm_max": 315.9947204589844, "step_seconds": 0.270718464627862, "innovation_std_sum": 50.227445158855346, "noise_marginal_std_sum": 58.66324369556456}
{"step": 260, "epoch": 5, "train_loss": 0.4747828369140625, "clip_fraction": 0.312, "gradient_norm_mean": 30.072515625, "gradient_norm_max": 269.4924621582031, "step_seconds": 0.2726106774061918, "innovation_std_sum": 50.227445158855346, "noise_marginal_std_sum": 58.66324369556456}
{"step": 270, "epoch": 5, "train_loss": 0.46225445556640626, "clip_fraction": 0.322, "gradient_norm_mean": 28.095453125, "gradient_norm_max": 249.39895629882812, "step_seconds": 0.27293924428522587, "innovation_std_sum": 50.227445158855346, "noise_marginal_std_sum": 58.66324369556456}
{"step": 280, "epoch": 5, "train_loss": 0.4620417785644531, "clip_fraction": 0.326, "gradient_norm_mean": 30.899609375, "gradient_norm_max": 289.4431457519531, "step_seconds": 0.27338687144219875, "innovation_std_sum": 50.227445158855346, "noise_marginal_std_sum": 58.66324369556456}
{"step": 290, "epoch": 5, "train_loss": 0.44144921875, "clip_fraction": 0.29, "gradient_norm_mean": 26.59475, "gradient_norm_max": 351.7733459472656, "step_seconds": 0.2732513565570116, "innovation_std_sum": 50.227445158855346, "noise_marginal_std_sum": 58.66324369556456}
{"step": 300, "epoch": 5, "train_loss": 0.4354231262207031, "clip_fraction": 0.291, "gradient_norm_mean": 26.49626171875, "gradient_norm_max": 290.1513977050781, "step_seconds": 0.2731419485062361, "innovation_std_sum": 50.227445158855346, "noise_marginal_std_sum": 58.66324369556456}
{"step": 310, "epoch": 5, "train_loss": 0.49019195556640627, "clip_fraction": 0.315, "gradient_norm_mean": 27.790837890625, "gradient_norm_max": 271.70281982421875, "step_seconds": 0.12843249551951885, "innovation_std_sum": 50.227445158855346, "noise_marginal_std_sum": 58.66324369556456}
{"epoch": 5, "step": 310, "train_loss": 0.4698471979941091, "clip_fraction": 0.3111129032258064, "epsilon": 8.000000000000005, "accuracy": 0.8184707421948028, "validation_loss": 0.4714211449486716, "validation_examples": 5349}
