Loading weights:   0%|          | 0/39 [00:00<?, ?it/s]Loading weights: 100%|██████████| 39/39 [00:00<00:00, 27262.98it/s]
[transformers] [1mBertModel LOAD REPORT[0m from: /media/data/data/lt/dp-adam-correlated/cache/bert-tiny
Key                                        | Status     |  | 
-------------------------------------------+------------+--+-
cls.predictions.bias                       | UNEXPECTED |  | 
cls.predictions.transform.LayerNorm.bias   | UNEXPECTED |  | 
cls.predictions.transform.dense.bias       | UNEXPECTED |  | 
cls.predictions.decoder.bias               | UNEXPECTED |  | 
cls.seq_relationship.weight                | UNEXPECTED |  | 
cls.predictions.transform.dense.weight     | UNEXPECTED |  | 
cls.predictions.transform.LayerNorm.weight | UNEXPECTED |  | 
cls.predictions.decoder.weight             | UNEXPECTED |  | 
cls.seq_relationship.bias                  | UNEXPECTED |  | 

Notes:
- UNEXPECTED:	can be ignored when loading from different task/architecture; not ok if you expect identical arch.
sys:1: UserWarning: Full backward hook is firing when gradients are computed with respect to module outputs since no inputs require gradients. See https://docs.pytorch.org/docs/main/generated/torch.nn.Module.html#torch.nn.Module.register_full_backward_hook for more details.
{"step": 10, "epoch": 1, "train_loss": 1.352953369140625, "clip_fraction": 0.431, "gradient_norm_mean": 6.758693359375, "gradient_norm_max": 29.050748825073242, "step_seconds": 0.26596494391560555, "innovation_std_sum": 1.3421530075084847, "noise_marginal_std_sum": 1.3421530075084847}
{"step": 20, "epoch": 1, "train_loss": 1.207994873046875, "clip_fraction": 0.833, "gradient_norm_mean": 12.09483984375, "gradient_norm_max": 44.85704803466797, "step_seconds": 0.2664548084139824, "innovation_std_sum": 1.3421530075084847, "noise_marginal_std_sum": 1.3421530075084847}
{"step": 30, "epoch": 1, "train_loss": 1.18609228515625, "clip_fraction": 0.823, "gradient_norm_mean": 19.44067578125, "gradient_norm_max": 90.67158508300781, "step_seconds": 0.2650776132941246, "innovation_std_sum": 1.3421530075084847, "noise_marginal_std_sum": 1.3421530075084847}
{"step": 40, "epoch": 1, "train_loss": 0.8082952880859375, "clip_fraction": 0.855, "gradient_norm_mean": 32.180796875, "gradient_norm_max": 184.1368408203125, "step_seconds": 0.2655736394226551, "innovation_std_sum": 1.3421530075084847, "noise_marginal_std_sum": 1.3421530075084847}
{"step": 50, "epoch": 1, "train_loss": 0.8791094970703125, "clip_fraction": 0.757, "gradient_norm_mean": 47.2849453125, "gradient_norm_max": 364.7857971191406, "step_seconds": 0.2666363064199686, "innovation_std_sum": 1.3421530075084847, "noise_marginal_std_sum": 1.3421530075084847}
{"step": 60, "epoch": 1, "train_loss": 1.172328125, "clip_fraction": 0.583, "gradient_norm_mean": 67.6161484375, "gradient_norm_max": 462.4579772949219, "step_seconds": 0.26670382358133793, "innovation_std_sum": 1.3421530075084847, "noise_marginal_std_sum": 1.3421530075084847}
{"epoch": 1, "step": 62, "train_loss": 1.086110605547505, "clip_fraction": 0.7405483870967742, "epsilon": 3.1232925162148555, "accuracy": 0.7255561787249953, "validation_loss": 1.1843265270290921, "validation_examples": 5349}
{"step": 70, "epoch": 2, "train_loss": 1.13909033203125, "clip_fraction": 0.526, "gradient_norm_mean": 63.2773984375, "gradient_norm_max": 807.958984375, "step_seconds": 0.26931922882795334, "innovation_std_sum": 1.3421530075084847, "noise_marginal_std_sum": 1.3421530075084847}
{"step": 80, "epoch": 2, "train_loss": 1.102901123046875, "clip_fraction": 0.517, "gradient_norm_mean": 64.66053515625, "gradient_norm_max": 650.6465454101562, "step_seconds": 0.2666883245110512, "innovation_std_sum": 1.3421530075084847, "noise_marginal_std_sum": 1.3421530075084847}
{"step": 90, "epoch": 2, "train_loss": 0.98651953125, "clip_fraction": 0.51, "gradient_norm_mean": 66.7239453125, "gradient_norm_max": 635.7373657226562, "step_seconds": 0.26687055826187134, "innovation_std_sum": 1.3421530075084847, "noise_marginal_std_sum": 1.3421530075084847}
{"step": 100, "epoch": 2, "train_loss": 1.0054800415039062, "clip_fraction": 0.494, "gradient_norm_mean": 62.6777890625, "gradient_norm_max": 600.0518188476562, "step_seconds": 0.27204637229442596, "innovation_std_sum": 1.3421530075084847, "noise_marginal_std_sum": 1.3421530075084847}
{"step": 110, "epoch": 2, "train_loss": 1.036006591796875, "clip_fraction": 0.485, "gradient_norm_mean": 60.2135703125, "gradient_norm_max": 752.181640625, "step_seconds": 0.272003011777997, "innovation_std_sum": 1.3421530075084847, "noise_marginal_std_sum": 1.3421530075084847}
{"step": 120, "epoch": 2, "train_loss": 1.1225048828125, "clip_fraction": 0.49, "gradient_norm_mean": 66.18821875, "gradient_norm_max": 841.6918334960938, "step_seconds": 0.1455145962536335, "innovation_std_sum": 1.3421530075084847, "noise_marginal_std_sum": 1.3421530075084847}
{"epoch": 2, "step": 124, "train_loss": 1.0424056987147177, "clip_fraction": 0.49620967741935484, "epsilon": 4.650921021133028, "accuracy": 0.7741633950271078, "validation_loss": 0.9804947119067597, "validation_examples": 5349}
{"step": 130, "epoch": 3, "train_loss": 0.9692098388671875, "clip_fraction": 0.447, "gradient_norm_mean": 58.29876953125, "gradient_norm_max": 694.3214721679688, "step_seconds": 0.26790361292660236, "innovation_std_sum": 1.3421530075084847, "noise_marginal_std_sum": 1.3421530075084847}
{"step": 140, "epoch": 3, "train_loss": 0.9614080810546874, "clip_fraction": 0.432, "gradient_norm_mean": 56.22815625, "gradient_norm_max": 855.380615234375, "step_seconds": 0.2726277504116297, "innovation_std_sum": 1.3421530075084847, "noise_marginal_std_sum": 1.3421530075084847}
{"step": 150, "epoch": 3, "train_loss": 0.9636011962890625, "clip_fraction": 0.441, "gradient_norm_mean": 57.8341484375, "gradient_norm_max": 770.0545043945312, "step_seconds": 0.2684649247676134, "innovation_std_sum": 1.3421530075084847, "noise_marginal_std_sum": 1.3421530075084847}
{"step": 160, "epoch": 3, "train_loss": 0.8415980224609375, "clip_fraction": 0.441, "gradient_norm_mean": 60.28068359375, "gradient_norm_max": 832.9359741210938, "step_seconds": 0.2716813199222088, "innovation_std_sum": 1.3421530075084847, "noise_marginal_std_sum": 1.3421530075084847}
{"step": 170, "epoch": 3, "train_loss": 0.921041259765625, "clip_fraction": 0.422, "gradient_norm_mean": 60.917921875, "gradient_norm_max": 913.7388916015625, "step_seconds": 0.26931717805564404, "innovation_std_sum": 1.3421530075084847, "noise_marginal_std_sum": 1.3421530075084847}
{"step": 180, "epoch": 3, "train_loss": 0.9444385986328125, "clip_fraction": 0.384, "gradient_norm_mean": 55.3931171875, "gradient_norm_max": 959.2786865234375, "step_seconds": 0.2634831350296736, "innovation_std_sum": 1.3421530075084847, "noise_marginal_std_sum": 1.3421530075084847}
{"epoch": 3, "step": 186, "train_loss": 0.9353045122700353, "clip_fraction": 0.42724193548387096, "epsilon": 5.897172094191146, "accuracy": 0.7896803140773977, "validation_loss": 0.9182168536597177, "validation_examples": 5349}
{"step": 190, "epoch": 4, "train_loss": 0.835761962890625, "clip_fraction": 0.387, "gradient_norm_mean": 50.28680859375, "gradient_norm_max": 1006.2740478515625, "step_seconds": 0.2688985615968704, "innovation_std_sum": 1.3421530075084847, "noise_marginal_std_sum": 1.3421530075084847}
{"step": 200, "epoch": 4, "train_loss": 0.9434168090820313, "clip_fraction": 0.411, "gradient_norm_mean": 51.924921875, "gradient_norm_max": 970.0045166015625, "step_seconds": 0.26716953329741955, "innovation_std_sum": 1.3421530075084847, "noise_marginal_std_sum": 1.3421530075084847}
{"step": 210, "epoch": 4, "train_loss": 0.9308768920898437, "clip_fraction": 0.426, "gradient_norm_mean": 52.93978515625, "gradient_norm_max": 1107.3634033203125, "step_seconds": 0.269956873729825, "innovation_std_sum": 1.3421530075084847, "noise_marginal_std_sum": 1.3421530075084847}
{"step": 220, "epoch": 4, "train_loss": 0.82404736328125, "clip_fraction": 0.37, "gradient_norm_mean": 43.3995625, "gradient_norm_max": 832.47216796875, "step_seconds": 0.27336796931922436, "innovation_std_sum": 1.3421530075084847, "noise_marginal_std_sum": 1.3421530075084847}
{"step": 230, "epoch": 4, "train_loss": 0.8381640625, "clip_fraction": 0.372, "gradient_norm_mean": 46.3903828125, "gradient_norm_max": 841.7693481445312, "step_seconds": 0.2732208129018545, "innovation_std_sum": 1.3421530075084847, "noise_marginal_std_sum": 1.3421530075084847}
{"step": 240, "epoch": 4, "train_loss": 0.835601318359375, "clip_fraction": 0.354, "gradient_norm_mean": 46.81925390625, "gradient_norm_max": 1003.3362426757812, "step_seconds": 0.2731074560433626, "innovation_std_sum": 1.3421530075084847, "noise_marginal_std_sum": 1.3421530075084847}
{"epoch": 4, "step": 248, "train_loss": 0.8864849331763482, "clip_fraction": 0.38803225806451613, "epsilon": 6.996033157081771, "accuracy": 0.79005421574126, "validation_loss": 0.8730956716032914, "validation_examples": 5349}
{"step": 250, "epoch": 5, "train_loss": 0.9126605224609375, "clip_fraction": 0.361, "gradient_norm_mean": 46.8549375, "gradient_norm_max": 1137.4404296875, "step_seconds": 0.28212240897119045, "innovation_std_sum": 1.3421530075084847, "noise_marginal_std_sum": 1.3421530075084847}
{"step": 260, "epoch": 5, "train_loss": 0.8664052734375, "clip_fraction": 0.358, "gradient_norm_mean": 49.49815234375, "gradient_norm_max": 1198.412841796875, "step_seconds": 0.27309628389775753, "innovation_std_sum": 1.3421530075084847, "noise_marginal_std_sum": 1.3421530075084847}
{"step": 270, "epoch": 5, "train_loss": 0.794552001953125, "clip_fraction": 0.341, "gradient_norm_mean": 44.52715625, "gradient_norm_max": 996.3942260742188, "step_seconds": 0.27309503220021725, "innovation_std_sum": 1.3421530075084847, "noise_marginal_std_sum": 1.3421530075084847}
{"step": 280, "epoch": 5, "train_loss": 0.9027649536132812, "clip_fraction": 0.38, "gradient_norm_mean": 49.5261875, "gradient_norm_max": 894.4899291992188, "step_seconds": 0.26975059881806374, "innovation_std_sum": 1.3421530075084847, "noise_marginal_std_sum": 1.3421530075084847}
{"step": 290, "epoch": 5, "train_loss": 0.9611275634765625, "clip_fraction": 0.364, "gradient_norm_mean": 54.02092578125, "gradient_norm_max": 1231.024169921875, "step_seconds": 0.27318742126226425, "innovation_std_sum": 1.3421530075084847, "noise_marginal_std_sum": 1.3421530075084847}
{"step": 300, "epoch": 5, "train_loss": 0.828155029296875, "clip_fraction": 0.356, "gradient_norm_mean": 50.49846875, "gradient_norm_max": 937.12841796875, "step_seconds": 0.27240246534347534, "innovation_std_sum": 1.3421530075084847, "noise_marginal_std_sum": 1.3421530075084847}
{"step": 310, "epoch": 5, "train_loss": 0.8348103637695312, "clip_fraction": 0.349, "gradient_norm_mean": 47.65880859375, "gradient_norm_max": 969.911865234375, "step_seconds": 0.2670547515153885, "innovation_std_sum": 1.3421530075084847, "noise_marginal_std_sum": 1.3421530075084847}
{"epoch": 5, "step": 310, "train_loss": 0.8595982183641003, "clip_fraction": 0.3641774193548387, "epsilon": 8.000000000000007, "accuracy": 0.7964105440269209, "validation_loss": 0.8638583803916784, "validation_examples": 5349}
