/home/longt29/miniconda3/envs/curve/lib/python3.11/site-packages/torchvision/datasets/cifar.py:83: VisibleDeprecationWarning: dtype(): align should be passed as Python or NumPy boolean but got `align=0`. Did you mean to pass a tuple to create a subarray type? (Deprecated NumPy 2.4)
  entry = pickle.load(f, encoding="latin1")
sys:1: UserWarning: Full backward hook is firing when gradients are computed with respect to module outputs since no inputs require gradients. See https://docs.pytorch.org/docs/main/generated/torch.nn.Module.html#torch.nn.Module.register_full_backward_hook for more details.
{"step": 10, "epoch": 1, "train_loss": 4.2316884765625, "clip_fraction": 1.0, "gradient_norm_mean": 943.577046875, "gradient_norm_max": 2161.547119140625, "step_seconds": 1.9919486548751593, "innovation_std_sum": 170.95559353641727, "noise_marginal_std_sum": 192.62161197591644}
{"step": 20, "epoch": 1, "train_loss": 3.3954408569335937, "clip_fraction": 1.0, "gradient_norm_mean": 1641.2973125, "gradient_norm_max": 5614.0322265625, "step_seconds": 2.0236336905509233, "innovation_std_sum": 170.95559353641727, "noise_marginal_std_sum": 192.62161197591644}
{"step": 30, "epoch": 1, "train_loss": 2.82944140625, "clip_fraction": 1.0, "gradient_norm_mean": 1837.59715625, "gradient_norm_max": 5909.875, "step_seconds": 2.046137010678649, "innovation_std_sum": 170.95559353641727, "noise_marginal_std_sum": 192.62161197591644}
{"step": 40, "epoch": 1, "train_loss": 2.4839378662109377, "clip_fraction": 0.994, "gradient_norm_mean": 1948.34178125, "gradient_norm_max": 6075.48095703125, "step_seconds": 2.0057005751878023, "innovation_std_sum": 170.95559353641727, "noise_marginal_std_sum": 192.62161197591644}
{"epoch": 1, "step": 45, "train_loss": 3.3823296006944443, "clip_fraction": 0.9981333333333333, "epsilon": 3.1232761473275077, "accuracy": 0.5088, "validation_loss": 1.856829541015625, "validation_examples": 5000}
{"step": 50, "epoch": 2, "train_loss": 2.1978924560546873, "clip_fraction": 0.981, "gradient_norm_mean": 1938.40678125, "gradient_norm_max": 14608.453125, "step_seconds": 2.0209735073149204, "innovation_std_sum": 170.95559353641727, "noise_marginal_std_sum": 192.62161197591644}
{"step": 60, "epoch": 2, "train_loss": 2.108558166503906, "clip_fraction": 0.964, "gradient_norm_mean": 1948.63240625, "gradient_norm_max": 8775.541015625, "step_seconds": 2.035816604271531, "innovation_std_sum": 170.95559353641727, "noise_marginal_std_sum": 192.62161197591644}
{"step": 70, "epoch": 2, "train_loss": 1.8874920654296874, "clip_fraction": 0.928, "gradient_norm_mean": 1857.72084375, "gradient_norm_max": 9193.4609375, "step_seconds": 2.0547636076807976, "innovation_std_sum": 170.95559353641727, "noise_marginal_std_sum": 192.62161197591644}
{"step": 80, "epoch": 2, "train_loss": 1.9442211303710937, "clip_fraction": 0.942, "gradient_norm_mean": 2011.0074375, "gradient_norm_max": 10314.978515625, "step_seconds": 2.010933618992567, "innovation_std_sum": 170.95559353641727, "noise_marginal_std_sum": 192.62161197591644}
{"step": 90, "epoch": 2, "train_loss": 1.7976950988769531, "clip_fraction": 0.922, "gradient_norm_mean": 2007.41971875, "gradient_norm_max": 13216.884765625, "step_seconds": 2.015063628554344, "innovation_std_sum": 170.95559353641727, "noise_marginal_std_sum": 192.62161197591644}
{"epoch": 2, "step": 90, "train_loss": 2.002310294596354, "clip_fraction": 0.9518222222222222, "epsilon": 4.650911679155922, "accuracy": 0.6418, "validation_loss": 1.2784455749511718, "validation_examples": 5000}
{"step": 100, "epoch": 3, "train_loss": 1.6906076354980468, "clip_fraction": 0.892, "gradient_norm_mean": 1958.1889375, "gradient_norm_max": 9605.9970703125, "step_seconds": 2.0480124931782484, "innovation_std_sum": 170.95559353641727, "noise_marginal_std_sum": 192.62161197591644}
{"step": 110, "epoch": 3, "train_loss": 1.6520921325683593, "clip_fraction": 0.887, "gradient_norm_mean": 1980.41953125, "gradient_norm_max": 12785.052734375, "step_seconds": 2.0481685530394316, "innovation_std_sum": 170.95559353641727, "noise_marginal_std_sum": 192.62161197591644}
{"step": 120, "epoch": 3, "train_loss": 1.6238082275390624, "clip_fraction": 0.854, "gradient_norm_mean": 2017.17096875, "gradient_norm_max": 17149.435546875, "step_seconds": 2.00436476431787, "innovation_std_sum": 170.95559353641727, "noise_marginal_std_sum": 192.62161197591644}
{"step": 130, "epoch": 3, "train_loss": 1.6267682189941406, "clip_fraction": 0.854, "gradient_norm_mean": 2060.69259375, "gradient_norm_max": 15815.119140625, "step_seconds": 2.0105341114103794, "innovation_std_sum": 170.95559353641727, "noise_marginal_std_sum": 192.62161197591644}
{"epoch": 3, "step": 135, "train_loss": 1.707842315673828, "clip_fraction": 0.8813111111111112, "epsilon": 5.897166745944286, "accuracy": 0.6812, "validation_loss": 1.098801593017578, "validation_examples": 5000}
{"step": 140, "epoch": 4, "train_loss": 1.6652263793945312, "clip_fraction": 0.843, "gradient_norm_mean": 2014.7681875, "gradient_norm_max": 11394.33984375, "step_seconds": 2.0035975612699986, "innovation_std_sum": 170.95559353641727, "noise_marginal_std_sum": 192.62161197591644}
{"step": 150, "epoch": 4, "train_loss": 1.6441651611328125, "clip_fraction": 0.826, "gradient_norm_mean": 2073.35759375, "gradient_norm_max": 15246.6396484375, "step_seconds": 2.058425096794963, "innovation_std_sum": 170.95559353641727, "noise_marginal_std_sum": 192.62161197591644}
{"step": 160, "epoch": 4, "train_loss": 1.6470396728515626, "clip_fraction": 0.831, "gradient_norm_mean": 2101.215125, "gradient_norm_max": 10103.75390625, "step_seconds": 2.0141026191413403, "innovation_std_sum": 170.95559353641727, "noise_marginal_std_sum": 192.62161197591644}
{"step": 170, "epoch": 4, "train_loss": 1.6571121520996093, "clip_fraction": 0.84, "gradient_norm_mean": 2066.8013125, "gradient_norm_max": 11986.201171875, "step_seconds": 2.0163475461304188, "innovation_std_sum": 170.95559353641727, "noise_marginal_std_sum": 192.62161197591644}
{"step": 180, "epoch": 4, "train_loss": 1.579173828125, "clip_fraction": 0.819, "gradient_norm_mean": 2114.6003125, "gradient_norm_max": 15241.68359375, "step_seconds": 2.012105790898204, "innovation_std_sum": 170.95559353641727, "noise_marginal_std_sum": 192.62161197591644}
{"epoch": 4, "step": 180, "train_loss": 1.6191944430881076, "clip_fraction": 0.8385777777777778, "epsilon": 6.9960307474663415, "accuracy": 0.6994, "validation_loss": 1.0445513641357422, "validation_examples": 5000}
{"step": 190, "epoch": 5, "train_loss": 1.5366619262695314, "clip_fraction": 0.83, "gradient_norm_mean": 2068.66984375, "gradient_norm_max": 17130.5234375, "step_seconds": 1.9997565057128668, "innovation_std_sum": 170.95559353641727, "noise_marginal_std_sum": 192.62161197591644}
{"step": 200, "epoch": 5, "train_loss": 1.648465545654297, "clip_fraction": 0.825, "gradient_norm_mean": 2202.6053125, "gradient_norm_max": 12423.75390625, "step_seconds": 2.005959276109934, "innovation_std_sum": 170.95559353641727, "noise_marginal_std_sum": 192.62161197591644}
{"step": 210, "epoch": 5, "train_loss": 1.6814691772460937, "clip_fraction": 0.794, "gradient_norm_mean": 2150.84271875, "gradient_norm_max": 10462.7294921875, "step_seconds": 2.0276611559093, "innovation_std_sum": 170.95559353641727, "noise_marginal_std_sum": 192.62161197591644}
{"step": 220, "epoch": 5, "train_loss": 1.6174681091308594, "clip_fraction": 0.837, "gradient_norm_mean": 2327.264375, "gradient_norm_max": 11189.6513671875, "step_seconds": 2.0615435242652893, "innovation_std_sum": 170.95559353641727, "noise_marginal_std_sum": 192.62161197591644}
{"epoch": 5, "step": 225, "train_loss": 1.5940405612521702, "clip_fraction": 0.8131111111111111, "epsilon": 8.000000000000005, "accuracy": 0.7094, "validation_loss": 1.030964956665039, "validation_examples": 5000}
