/home/longt29/miniconda3/envs/curve/lib/python3.11/site-packages/torchvision/datasets/cifar.py:83: VisibleDeprecationWarning: dtype(): align should be passed as Python or NumPy boolean but got `align=0`. Did you mean to pass a tuple to create a subarray type? (Deprecated NumPy 2.4)
  entry = pickle.load(f, encoding="latin1")
sys:1: UserWarning: Full backward hook is firing when gradients are computed with respect to module outputs since no inputs require gradients. See https://docs.pytorch.org/docs/main/generated/torch.nn.Module.html#torch.nn.Module.register_full_backward_hook for more details.
{"step": 10, "epoch": 1, "train_loss": 4.308572631835937, "clip_fraction": 1.0, "gradient_norm_mean": 544.242796875, "gradient_norm_max": 1241.6170654296875, "step_seconds": 1.946743255481124, "innovation_std_sum": 72.22798151648107, "noise_marginal_std_sum": 84.4992665429476}
{"step": 20, "epoch": 1, "train_loss": 3.550621337890625, "clip_fraction": 1.0, "gradient_norm_mean": 959.62165625, "gradient_norm_max": 2237.04052734375, "step_seconds": 1.9558220691978931, "innovation_std_sum": 72.22798151648107, "noise_marginal_std_sum": 84.4992665429476}
{"step": 30, "epoch": 1, "train_loss": 3.006408935546875, "clip_fraction": 0.999, "gradient_norm_mean": 1085.74590625, "gradient_norm_max": 3216.00439453125, "step_seconds": 1.9585451632738113, "innovation_std_sum": 72.22798151648107, "noise_marginal_std_sum": 84.4992665429476}
{"step": 40, "epoch": 1, "train_loss": 2.7270101318359377, "clip_fraction": 0.996, "gradient_norm_mean": 1145.21340625, "gradient_norm_max": 3678.622314453125, "step_seconds": 1.980865815654397, "innovation_std_sum": 72.22798151648107, "noise_marginal_std_sum": 84.4992665429476}
{"epoch": 1, "step": 45, "train_loss": 3.531810198296441, "clip_fraction": 0.9992666666666666, "epsilon": 3.0297011451528837, "accuracy": 0.43, "validation_loss": 2.0812208618164063, "validation_examples": 5000}
{"step": 50, "epoch": 2, "train_loss": 2.367479187011719, "clip_fraction": 0.99, "gradient_norm_mean": 1089.42190625, "gradient_norm_max": 3740.17578125, "step_seconds": 1.9884481560438871, "innovation_std_sum": 72.22798151648107, "noise_marginal_std_sum": 84.4992665429476}
{"step": 60, "epoch": 2, "train_loss": 2.3313473510742186, "clip_fraction": 0.986, "gradient_norm_mean": 1138.529, "gradient_norm_max": 4407.57177734375, "step_seconds": 1.9889093898236752, "innovation_std_sum": 72.22798151648107, "noise_marginal_std_sum": 84.4992665429476}
{"step": 70, "epoch": 2, "train_loss": 2.078254150390625, "clip_fraction": 0.953, "gradient_norm_mean": 1089.25034375, "gradient_norm_max": 4633.689453125, "step_seconds": 1.9556403681635857, "innovation_std_sum": 72.22798151648107, "noise_marginal_std_sum": 84.4992665429476}
{"step": 80, "epoch": 2, "train_loss": 2.1170122985839845, "clip_fraction": 0.959, "gradient_norm_mean": 1196.4396875, "gradient_norm_max": 8128.58349609375, "step_seconds": 1.955524081364274, "innovation_std_sum": 72.22798151648107, "noise_marginal_std_sum": 84.4992665429476}
{"step": 90, "epoch": 2, "train_loss": 1.9525889892578125, "clip_fraction": 0.934, "gradient_norm_mean": 1186.41140625, "gradient_norm_max": 4601.7080078125, "step_seconds": 1.9530090112239122, "innovation_std_sum": 72.22798151648107, "noise_marginal_std_sum": 84.4992665429476}
{"epoch": 2, "step": 90, "train_loss": 2.1803800794813366, "clip_fraction": 0.9689777777777778, "epsilon": 4.5953206372907065, "accuracy": 0.5952, "validation_loss": 1.4346685852050782, "validation_examples": 5000}
{"step": 100, "epoch": 3, "train_loss": 1.8085470275878905, "clip_fraction": 0.914, "gradient_norm_mean": 1135.88803125, "gradient_norm_max": 5012.23583984375, "step_seconds": 1.9582304935902357, "innovation_std_sum": 72.22798151648107, "noise_marginal_std_sum": 84.4992665429476}
{"step": 110, "epoch": 3, "train_loss": 1.7929119567871095, "clip_fraction": 0.908, "gradient_norm_mean": 1158.99025, "gradient_norm_max": 5425.0966796875, "step_seconds": 1.985736209899187, "innovation_std_sum": 72.22798151648107, "noise_marginal_std_sum": 84.4992665429476}
{"step": 120, "epoch": 3, "train_loss": 1.7329092407226563, "clip_fraction": 0.894, "gradient_norm_mean": 1143.238578125, "gradient_norm_max": 5348.03271484375, "step_seconds": 1.9533812794834375, "innovation_std_sum": 72.22798151648107, "noise_marginal_std_sum": 84.4992665429476}
{"step": 130, "epoch": 3, "train_loss": 1.742508544921875, "clip_fraction": 0.888, "gradient_norm_mean": 1182.74871875, "gradient_norm_max": 6768.56787109375, "step_seconds": 2.175194611772895, "innovation_std_sum": 72.22798151648107, "noise_marginal_std_sum": 84.4992665429476}
{"epoch": 3, "step": 135, "train_loss": 1.8279200018988715, "clip_fraction": 0.9031333333333333, "epsilon": 5.865340104265841, "accuracy": 0.6518, "validation_loss": 1.212801446533203, "validation_examples": 5000}
{"step": 140, "epoch": 4, "train_loss": 1.7555081787109375, "clip_fraction": 0.855, "gradient_norm_mean": 1151.500890625, "gradient_norm_max": 6066.98193359375, "step_seconds": 1.941499276086688, "innovation_std_sum": 72.22798151648107, "noise_marginal_std_sum": 84.4992665429476}
{"step": 150, "epoch": 4, "train_loss": 1.749137664794922, "clip_fraction": 0.861, "gradient_norm_mean": 1132.81025, "gradient_norm_max": 6246.99853515625, "step_seconds": 1.9499289467930794, "innovation_std_sum": 72.22798151648107, "noise_marginal_std_sum": 84.4992665429476}
{"step": 160, "epoch": 4, "train_loss": 1.6869454040527343, "clip_fraction": 0.835, "gradient_norm_mean": 1170.463, "gradient_norm_max": 6499.97900390625, "step_seconds": 1.9560057409107685, "innovation_std_sum": 72.22798151648107, "noise_marginal_std_sum": 84.4992665429476}
{"step": 170, "epoch": 4, "train_loss": 1.71053369140625, "clip_fraction": 0.838, "gradient_norm_mean": 1151.95440625, "gradient_norm_max": 6063.19677734375, "step_seconds": 1.9583539683371782, "innovation_std_sum": 72.22798151648107, "noise_marginal_std_sum": 84.4992665429476}
{"step": 180, "epoch": 4, "train_loss": 1.6604761657714844, "clip_fraction": 0.823, "gradient_norm_mean": 1211.911375, "gradient_norm_max": 6164.04150390625, "step_seconds": 1.9436810072511435, "innovation_std_sum": 72.22798151648107, "noise_marginal_std_sum": 84.4992665429476}
{"epoch": 4, "step": 180, "train_loss": 1.697173531765408, "clip_fraction": 0.8508222222222223, "epsilon": 6.981705044814983, "accuracy": 0.6812, "validation_loss": 1.127971487426758, "validation_examples": 5000}
{"step": 190, "epoch": 5, "train_loss": 1.5868409423828125, "clip_fraction": 0.839, "gradient_norm_mean": 1153.603375, "gradient_norm_max": 8480.3251953125, "step_seconds": 1.9467744082212448, "innovation_std_sum": 72.22798151648107, "noise_marginal_std_sum": 84.4992665429476}
{"step": 200, "epoch": 5, "train_loss": 1.6926564025878905, "clip_fraction": 0.821, "gradient_norm_mean": 1219.45765625, "gradient_norm_max": 7290.7197265625, "step_seconds": 1.9748950377106667, "innovation_std_sum": 72.22798151648107, "noise_marginal_std_sum": 84.4992665429476}
{"step": 210, "epoch": 5, "train_loss": 1.6715687255859375, "clip_fraction": 0.806, "gradient_norm_mean": 1145.929875, "gradient_norm_max": 5071.162109375, "step_seconds": 1.9977064337581396, "innovation_std_sum": 72.22798151648107, "noise_marginal_std_sum": 84.4992665429476}
{"step": 220, "epoch": 5, "train_loss": 1.615724609375, "clip_fraction": 0.824, "gradient_norm_mean": 1273.8321875, "gradient_norm_max": 6839.1064453125, "step_seconds": 1.9496466685086489, "innovation_std_sum": 72.22798151648107, "noise_marginal_std_sum": 84.4992665429476}
{"epoch": 5, "step": 225, "train_loss": 1.6306214124891494, "clip_fraction": 0.8167555555555556, "epsilon": 8.000000000000005, "accuracy": 0.6996, "validation_loss": 1.0917959808349609, "validation_examples": 5000}
