/home/longt29/miniconda3/envs/curve/lib/python3.11/site-packages/torchvision/datasets/cifar.py:83: VisibleDeprecationWarning: dtype(): align should be passed as Python or NumPy boolean but got `align=0`. Did you mean to pass a tuple to create a subarray type? (Deprecated NumPy 2.4)
  entry = pickle.load(f, encoding="latin1")
{"method": "dp-adam-momentum-bias-bandinvmf", "smoke": false, "calibration": {"target_mu": 1.6660305978457184, "sensitivity": 4.065608121489227, "innovation_std_sum": 73.20888572058001, "adjacency": "add_remove_zero_out", "k": 5, "b_participation": 50, "sampling_amplification": false}, "coefficients": [1.0, -0.53161943769869, -0.0779998119461293, -0.2795535556950146]}
sys:1: UserWarning: Full backward hook is firing when gradients are computed with respect to module outputs since no inputs require gradients. See https://docs.pytorch.org/docs/main/generated/torch.nn.Module.html#torch.nn.Module.register_full_backward_hook for more details.
{"progress_step": 10, "epoch": 1, "train_loss_so_far": 4.717640356445313, "clip_fraction_so_far": 1.0}
{"progress_step": 20, "epoch": 1, "train_loss_so_far": 4.4835201904296875, "clip_fraction_so_far": 1.0}
{"progress_step": 30, "epoch": 1, "train_loss_so_far": 4.229016200764974, "clip_fraction_so_far": 0.9998666666666667}
{"progress_step": 40, "epoch": 1, "train_loss_so_far": 3.97477100982666, "clip_fraction_so_far": 0.999175}
{"progress_step": 50, "epoch": 1, "train_loss_so_far": 3.744067305908203, "clip_fraction_so_far": 0.99702}
{"epoch": 1, "logical_steps": 50, "train_examples": 50000, "train_loss": 3.744067305908203, "test_loss": 2.302703790283203, "test_top1": 0.4134, "clip_fraction": 0.99702, "gdp_mu": 0.7271304784322895, "gdp_epsilon": 3.037976902428692, "target_mu": 1.6660305978457184, "target_epsilon": 8.0, "delta": 1e-05, "noise_std": 0.08559034234029003, "noise_std_space": "gradient", "innovation_std_sum": 73.20888572058001, "augmentation_trace_sha256": "65e78e015a3e2a10670eebdd8b5c00ec00073b4a03670167de183a1bfc65d731", "seconds": 152.0638030655682}
{"progress_step": 60, "epoch": 2, "train_loss_so_far": 2.4909410583496094, "clip_fraction_so_far": 0.9706}
{"progress_step": 70, "epoch": 2, "train_loss_so_far": 2.3859672943115235, "clip_fraction_so_far": 0.95915}
{"progress_step": 80, "epoch": 2, "train_loss_so_far": 2.311032118733724, "clip_fraction_so_far": 0.9469666666666666}
{"progress_step": 90, "epoch": 2, "train_loss_so_far": 2.2268341094970703, "clip_fraction_so_far": 0.933225}
{"progress_step": 100, "epoch": 2, "train_loss_so_far": 2.1572337115478515, "clip_fraction_so_far": 0.91952}
{"epoch": 2, "logical_steps": 100, "train_examples": 50000, "train_loss": 2.1572337115478515, "test_loss": 1.37993642578125, "test_top1": 0.6183, "clip_fraction": 0.91952, "gdp_mu": 1.0438331619280494, "gdp_epsilon": 4.600416946348178, "target_mu": 1.6660305978457184, "target_epsilon": 8.0, "delta": 1e-05, "noise_std": 0.08559034234029003, "noise_std_space": "gradient", "innovation_std_sum": 73.20888572058001, "augmentation_trace_sha256": "7947e548b204a7d0145bdcb9df3da1911d6c839b026ad00ca1b0ea91cee080b2", "seconds": 141.44368427060544}
{"progress_step": 110, "epoch": 3, "train_loss_so_far": 1.7934087585449219, "clip_fraction_so_far": 0.8417}
{"progress_step": 120, "epoch": 3, "train_loss_so_far": 1.7503019500732422, "clip_fraction_so_far": 0.82965}
{"progress_step": 130, "epoch": 3, "train_loss_so_far": 1.7204316670735678, "clip_fraction_so_far": 0.8206333333333333}
{"progress_step": 140, "epoch": 3, "train_loss_so_far": 1.6956553512573243, "clip_fraction_so_far": 0.8141}
{"progress_step": 150, "epoch": 3, "train_loss_so_far": 1.671883182373047, "clip_fraction_so_far": 0.80458}
{"epoch": 3, "logical_steps": 150, "train_examples": 50000, "train_loss": 1.671883182373047, "test_loss": 1.0564950241088866, "test_top1": 0.6967, "clip_fraction": 0.80458, "gdp_mu": 1.2851399415460758, "gdp_epsilon": 5.868262919898993, "target_mu": 1.6660305978457184, "target_epsilon": 8.0, "delta": 1e-05, "noise_std": 0.08559034234029003, "noise_std_space": "gradient", "innovation_std_sum": 73.20888572058001, "augmentation_trace_sha256": "9cd077b55365d30171daaf6417ff6a0338c1ce695e9900c8ba48c02aa7e09c81", "seconds": 140.3291677981615}
{"progress_step": 160, "epoch": 4, "train_loss_so_far": 1.5540329315185546, "clip_fraction_so_far": 0.7496}
{"progress_step": 170, "epoch": 4, "train_loss_so_far": 1.5136220260620117, "clip_fraction_so_far": 0.7442}
{"progress_step": 180, "epoch": 4, "train_loss_so_far": 1.5024116892496744, "clip_fraction_so_far": 0.7374333333333334}
{"progress_step": 190, "epoch": 4, "train_loss_so_far": 1.4899495727539063, "clip_fraction_so_far": 0.730725}
{"progress_step": 200, "epoch": 4, "train_loss_so_far": 1.4767138610839843, "clip_fraction_so_far": 0.72528}
{"epoch": 4, "logical_steps": 200, "train_examples": 50000, "train_loss": 1.4767138610839843, "test_loss": 0.9034084182739258, "test_top1": 0.7362, "clip_fraction": 0.72528, "gdp_mu": 1.4878241288541525, "gdp_epsilon": 6.9830197665238485, "target_mu": 1.6660305978457184, "target_epsilon": 8.0, "delta": 1e-05, "noise_std": 0.08559034234029003, "noise_std_space": "gradient", "innovation_std_sum": 73.20888572058001, "augmentation_trace_sha256": "d0329dec63815624ef85d166f9fc0f971e6cbc08a7023fbf6ae008996f98b7ea", "seconds": 141.56455337628722}
{"progress_step": 210, "epoch": 5, "train_loss_so_far": 1.403975604248047, "clip_fraction_so_far": 0.6917}
{"progress_step": 220, "epoch": 5, "train_loss_so_far": 1.3886378814697267, "clip_fraction_so_far": 0.68625}
{"progress_step": 230, "epoch": 5, "train_loss_so_far": 1.3862977528889975, "clip_fraction_so_far": 0.6829666666666667}
{"progress_step": 240, "epoch": 5, "train_loss_so_far": 1.376526661682129, "clip_fraction_so_far": 0.6785}
{"progress_step": 250, "epoch": 5, "train_loss_so_far": 1.3651781713867188, "clip_fraction_so_far": 0.67368}
{"epoch": 5, "logical_steps": 250, "train_examples": 50000, "train_loss": 1.3651781713867188, "test_loss": 0.8164145889282226, "test_top1": 0.7612, "clip_fraction": 0.67368, "gdp_mu": 1.6660305978457184, "gdp_epsilon": 8.000000000000005, "target_mu": 1.6660305978457184, "target_epsilon": 8.0, "delta": 1e-05, "noise_std": 0.08559034234029003, "noise_std_space": "gradient", "innovation_std_sum": 73.20888572058001, "augmentation_trace_sha256": "e6f13b7c6458831652113302608e74106d5c18f6cf65c9b83e94f044cd767eb1", "seconds": 140.96510777249932}
{"status": "completed", "results": "/media/data/data/lt/dp-adam-correlated/exp7b/results/final/trials/dc45d4d61a31ba90"}
