Loading weights:   0%|          | 0/39 [00:00<?, ?it/s]Loading weights: 100%|██████████| 39/39 [00:00<00:00, 27390.80it/s]
[transformers] [1mBertModel LOAD REPORT[0m from: /media/data/data/lt/dp-adam-correlated/cache/bert-tiny
Key                                        | Status     |  | 
-------------------------------------------+------------+--+-
cls.predictions.decoder.weight             | UNEXPECTED |  | 
cls.seq_relationship.weight                | UNEXPECTED |  | 
cls.predictions.transform.dense.weight     | UNEXPECTED |  | 
cls.seq_relationship.bias                  | UNEXPECTED |  | 
cls.predictions.bias                       | UNEXPECTED |  | 
cls.predictions.transform.dense.bias       | UNEXPECTED |  | 
cls.predictions.transform.LayerNorm.bias   | UNEXPECTED |  | 
cls.predictions.decoder.bias               | UNEXPECTED |  | 
cls.predictions.transform.LayerNorm.weight | UNEXPECTED |  | 

Notes:
- UNEXPECTED:	can be ignored when loading from different task/architecture; not ok if you expect identical arch.
sys:1: UserWarning: Full backward hook is firing when gradients are computed with respect to module outputs since no inputs require gradients. See https://docs.pytorch.org/docs/main/generated/torch.nn.Module.html#torch.nn.Module.register_full_backward_hook for more details.
{"step": 10, "epoch": 1, "train_loss": 0.6896085815429688, "clip_fraction": 0.0, "gradient_norm_mean": 29.7450234375, "gradient_norm_max": 48.056602478027344, "step_seconds": 0.27039233036339283, "innovation_std_sum": 1371.6137629230047, "noise_marginal_std_sum": 1891.8840083717369}
{"step": 20, "epoch": 1, "train_loss": 0.680420166015625, "clip_fraction": 0.0, "gradient_norm_mean": 15.2707373046875, "gradient_norm_max": 25.006385803222656, "step_seconds": 0.26801484264433384, "innovation_std_sum": 1371.6137629230047, "noise_marginal_std_sum": 1891.8840083717369}
{"step": 30, "epoch": 1, "train_loss": 0.6808942260742188, "clip_fraction": 0.0, "gradient_norm_mean": 10.020384765625, "gradient_norm_max": 16.587650299072266, "step_seconds": 0.2674964051693678, "innovation_std_sum": 1371.6137629230047, "noise_marginal_std_sum": 1891.8840083717369}
{"step": 40, "epoch": 1, "train_loss": 0.6776310424804688, "clip_fraction": 0.0, "gradient_norm_mean": 7.1167529296875, "gradient_norm_max": 10.645593643188477, "step_seconds": 0.2728266268968582, "innovation_std_sum": 1371.6137629230047, "noise_marginal_std_sum": 1891.8840083717369}
{"step": 50, "epoch": 1, "train_loss": 0.681212890625, "clip_fraction": 0.0, "gradient_norm_mean": 5.5602841796875, "gradient_norm_max": 8.199569702148438, "step_seconds": 0.1734224073588848, "innovation_std_sum": 1371.6137629230047, "noise_marginal_std_sum": 1891.8840083717369}
{"step": 60, "epoch": 1, "train_loss": 0.6826437377929687, "clip_fraction": 0.0, "gradient_norm_mean": 4.6524365234375, "gradient_norm_max": 7.470307350158691, "step_seconds": 0.14792761951684952, "innovation_std_sum": 1371.6137629230047, "noise_marginal_std_sum": 1891.8840083717369}
{"epoch": 1, "step": 62, "train_loss": 0.6821825029926916, "clip_fraction": 6.451612903225807e-05, "epsilon": 2.9834732111505784, "accuracy": 0.5580482333146383, "validation_loss": 0.6794328894608933, "validation_examples": 5349}
{"step": 70, "epoch": 2, "train_loss": 0.6745789794921875, "clip_fraction": 0.0, "gradient_norm_mean": 3.910490234375, "gradient_norm_max": 6.349545478820801, "step_seconds": 0.2741101887077093, "innovation_std_sum": 1371.6137629230047, "noise_marginal_std_sum": 1891.8840083717369}
{"step": 80, "epoch": 2, "train_loss": 0.6804310913085938, "clip_fraction": 0.0, "gradient_norm_mean": 3.27524658203125, "gradient_norm_max": 4.653157711029053, "step_seconds": 0.27355004474520683, "innovation_std_sum": 1371.6137629230047, "noise_marginal_std_sum": 1891.8840083717369}
{"step": 90, "epoch": 2, "train_loss": 0.67758251953125, "clip_fraction": 0.0, "gradient_norm_mean": 2.896773681640625, "gradient_norm_max": 4.804191589355469, "step_seconds": 0.27288358472287655, "innovation_std_sum": 1371.6137629230047, "noise_marginal_std_sum": 1891.8840083717369}
{"step": 100, "epoch": 2, "train_loss": 0.6826920166015625, "clip_fraction": 0.0, "gradient_norm_mean": 2.532634521484375, "gradient_norm_max": 3.958124876022339, "step_seconds": 0.2738060727715492, "innovation_std_sum": 1371.6137629230047, "noise_marginal_std_sum": 1891.8840083717369}
{"step": 110, "epoch": 2, "train_loss": 0.6806270141601563, "clip_fraction": 0.0, "gradient_norm_mean": 2.2705009765625, "gradient_norm_max": 3.431735038757324, "step_seconds": 0.2704122681170702, "innovation_std_sum": 1371.6137629230047, "noise_marginal_std_sum": 1891.8840083717369}
{"step": 120, "epoch": 2, "train_loss": 0.6812953491210938, "clip_fraction": 0.0, "gradient_norm_mean": 2.032338623046875, "gradient_norm_max": 3.192426919937134, "step_seconds": 0.2745689656585455, "innovation_std_sum": 1371.6137629230047, "noise_marginal_std_sum": 1891.8840083717369}
{"epoch": 2, "step": 124, "train_loss": 0.6793967363911291, "clip_fraction": 0.0, "epsilon": 4.566965972959099, "accuracy": 0.5580482333146383, "validation_loss": 0.6779328662004398, "validation_examples": 5349}
{"step": 130, "epoch": 3, "train_loss": 0.6740853881835938, "clip_fraction": 0.0, "gradient_norm_mean": 1.7823487548828125, "gradient_norm_max": 3.0368382930755615, "step_seconds": 0.25748260505497456, "innovation_std_sum": 1371.6137629230047, "noise_marginal_std_sum": 1891.8840083717369}
{"step": 140, "epoch": 3, "train_loss": 0.68143798828125, "clip_fraction": 0.0, "gradient_norm_mean": 1.6517225341796875, "gradient_norm_max": 2.3371927738189697, "step_seconds": 0.2740899957716465, "innovation_std_sum": 1371.6137629230047, "noise_marginal_std_sum": 1891.8840083717369}
{"step": 150, "epoch": 3, "train_loss": 0.6799412231445312, "clip_fraction": 0.0, "gradient_norm_mean": 1.531383544921875, "gradient_norm_max": 2.3515427112579346, "step_seconds": 0.27661949396133423, "innovation_std_sum": 1371.6137629230047, "noise_marginal_std_sum": 1891.8840083717369}
{"step": 160, "epoch": 3, "train_loss": 0.6824007568359375, "clip_fraction": 0.0, "gradient_norm_mean": 1.40301513671875, "gradient_norm_max": 2.09616756439209, "step_seconds": 0.25292700342833996, "innovation_std_sum": 1371.6137629230047, "noise_marginal_std_sum": 1891.8840083717369}
{"step": 170, "epoch": 3, "train_loss": 0.6758424682617188, "clip_fraction": 0.0, "gradient_norm_mean": 1.2846656494140625, "gradient_norm_max": 1.9679824113845825, "step_seconds": 0.26999469473958015, "innovation_std_sum": 1371.6137629230047, "noise_marginal_std_sum": 1891.8840083717369}
{"step": 180, "epoch": 3, "train_loss": 0.6822156372070313, "clip_fraction": 0.0, "gradient_norm_mean": 1.2017652587890626, "gradient_norm_max": 1.8575587272644043, "step_seconds": 0.27372927591204643, "innovation_std_sum": 1371.6137629230047, "noise_marginal_std_sum": 1891.8840083717369}
{"epoch": 3, "step": 186, "train_loss": 0.6787800795032132, "clip_fraction": 0.0, "epsilon": 5.849088165717443, "accuracy": 0.5580482333146383, "validation_loss": 0.6774065413861035, "validation_examples": 5349}
{"step": 190, "epoch": 4, "train_loss": 0.6811259765625, "clip_fraction": 0.0, "gradient_norm_mean": 1.120452392578125, "gradient_norm_max": 1.9366437196731567, "step_seconds": 0.2748339604586363, "innovation_std_sum": 1371.6137629230047, "noise_marginal_std_sum": 1891.8840083717369}
{"step": 200, "epoch": 4, "train_loss": 0.681643798828125, "clip_fraction": 0.0, "gradient_norm_mean": 1.065400146484375, "gradient_norm_max": 1.6031789779663086, "step_seconds": 0.2652465533465147, "innovation_std_sum": 1371.6137629230047, "noise_marginal_std_sum": 1891.8840083717369}
{"step": 210, "epoch": 4, "train_loss": 0.6785950317382813, "clip_fraction": 0.0, "gradient_norm_mean": 0.9870059814453125, "gradient_norm_max": 1.462740421295166, "step_seconds": 0.1560856457799673, "innovation_std_sum": 1371.6137629230047, "noise_marginal_std_sum": 1891.8840083717369}
{"step": 220, "epoch": 4, "train_loss": 0.6772908935546875, "clip_fraction": 0.0, "gradient_norm_mean": 0.9280821533203125, "gradient_norm_max": 1.4333856105804443, "step_seconds": 0.2742955069988966, "innovation_std_sum": 1371.6137629230047, "noise_marginal_std_sum": 1891.8840083717369}
{"step": 230, "epoch": 4, "train_loss": 0.6727274780273438, "clip_fraction": 0.0, "gradient_norm_mean": 0.8723449096679687, "gradient_norm_max": 1.3262286186218262, "step_seconds": 0.27337262593209743, "innovation_std_sum": 1371.6137629230047, "noise_marginal_std_sum": 1891.8840083717369}
{"step": 240, "epoch": 4, "train_loss": 0.6780726318359375, "clip_fraction": 0.0, "gradient_norm_mean": 0.8302554321289063, "gradient_norm_max": 1.4305737018585205, "step_seconds": 0.18099251575767994, "innovation_std_sum": 1371.6137629230047, "noise_marginal_std_sum": 1891.8840083717369}
{"epoch": 4, "step": 248, "train_loss": 0.6782936046969507, "clip_fraction": 0.0, "epsilon": 6.974398475295218, "accuracy": 0.557861282482707, "validation_loss": 0.6766991343402845, "validation_examples": 5349}
{"step": 250, "epoch": 5, "train_loss": 0.675833740234375, "clip_fraction": 0.0, "gradient_norm_mean": 0.78143408203125, "gradient_norm_max": 1.1110680103302002, "step_seconds": 0.13006222248077393, "innovation_std_sum": 1371.6137629230047, "noise_marginal_std_sum": 1891.8840083717369}
{"step": 260, "epoch": 5, "train_loss": 0.6742372436523437, "clip_fraction": 0.0, "gradient_norm_mean": 0.74221875, "gradient_norm_max": 1.07437002658844, "step_seconds": 0.15716812573373318, "innovation_std_sum": 1371.6137629230047, "noise_marginal_std_sum": 1891.8840083717369}
{"step": 270, "epoch": 5, "train_loss": 0.6797933349609375, "clip_fraction": 0.0, "gradient_norm_mean": 0.7073397216796875, "gradient_norm_max": 1.1545934677124023, "step_seconds": 0.27366118878126144, "innovation_std_sum": 1371.6137629230047, "noise_marginal_std_sum": 1891.8840083717369}
{"step": 280, "epoch": 5, "train_loss": 0.6765558471679688, "clip_fraction": 0.0, "gradient_norm_mean": 0.6664588012695313, "gradient_norm_max": 0.9978282451629639, "step_seconds": 0.27439574897289276, "innovation_std_sum": 1371.6137629230047, "noise_marginal_std_sum": 1891.8840083717369}
{"step": 290, "epoch": 5, "train_loss": 0.6717075805664062, "clip_fraction": 0.0, "gradient_norm_mean": 0.632587890625, "gradient_norm_max": 1.071321964263916, "step_seconds": 0.27429927699267864, "innovation_std_sum": 1371.6137629230047, "noise_marginal_std_sum": 1891.8840083717369}
{"step": 300, "epoch": 5, "train_loss": 0.6801434326171875, "clip_fraction": 0.0, "gradient_norm_mean": 0.6039028930664062, "gradient_norm_max": 0.8883795142173767, "step_seconds": 0.2744236644357443, "innovation_std_sum": 1371.6137629230047, "noise_marginal_std_sum": 1891.8840083717369}
{"step": 310, "epoch": 5, "train_loss": 0.674644775390625, "clip_fraction": 0.0, "gradient_norm_mean": 0.57544287109375, "gradient_norm_max": 0.8324032425880432, "step_seconds": 0.13104264251887798, "innovation_std_sum": 1371.6137629230047, "noise_marginal_std_sum": 1891.8840083717369}
{"epoch": 5, "step": 310, "train_loss": 0.6779498399303805, "clip_fraction": 0.0, "epsilon": 8.000000000000005, "accuracy": 0.557861282482707, "validation_loss": 0.6765209560996908, "validation_examples": 5349}
