/home/longt29/miniconda3/envs/curve/lib/python3.11/site-packages/torchvision/datasets/cifar.py:83: VisibleDeprecationWarning: dtype(): align should be passed as Python or NumPy boolean but got `align=0`. Did you mean to pass a tuple to create a subarray type? (Deprecated NumPy 2.4)
  entry = pickle.load(f, encoding="latin1")
sys:1: UserWarning: Full backward hook is firing when gradients are computed with respect to module outputs since no inputs require gradients. See https://docs.pytorch.org/docs/main/generated/torch.nn.Module.html#torch.nn.Module.register_full_backward_hook for more details.
{"step": 10, "epoch": 1, "train_loss": 4.69347802734375, "clip_fraction": 0.007, "gradient_norm_mean": 59.116447265625, "gradient_norm_max": 129.6915283203125, "step_seconds": 2.1230229921638966, "innovation_std_sum": 240.75993838827023, "noise_marginal_std_sum": 281.66422180982534}
{"step": 20, "epoch": 1, "train_loss": 4.561323608398437, "clip_fraction": 0.0, "gradient_norm_mean": 51.86749609375, "gradient_norm_max": 97.73099517822266, "step_seconds": 2.138704299926758, "innovation_std_sum": 240.75993838827023, "noise_marginal_std_sum": 281.66422180982534}
{"step": 30, "epoch": 1, "train_loss": 4.48074365234375, "clip_fraction": 0.0, "gradient_norm_mean": 52.6429228515625, "gradient_norm_max": 97.94949340820312, "step_seconds": 2.155321951955557, "innovation_std_sum": 240.75993838827023, "noise_marginal_std_sum": 281.66422180982534}
{"step": 40, "epoch": 1, "train_loss": 4.375735595703125, "clip_fraction": 0.004, "gradient_norm_mean": 56.196861328125, "gradient_norm_max": 141.43435668945312, "step_seconds": 2.180238863453269, "innovation_std_sum": 240.75993838827023, "noise_marginal_std_sum": 281.66422180982534}
{"epoch": 1, "step": 45, "train_loss": 4.555546232096354, "clip_fraction": 0.0164, "epsilon": 3.0297011451528837, "accuracy": 0.071, "validation_loss": 4.201979565429688, "validation_examples": 5000}
{"step": 50, "epoch": 2, "train_loss": 4.19817919921875, "clip_fraction": 0.009, "gradient_norm_mean": 60.8044482421875, "gradient_norm_max": 139.86236572265625, "step_seconds": 2.11322845518589, "innovation_std_sum": 240.75993838827023, "noise_marginal_std_sum": 281.66422180982534}
{"step": 60, "epoch": 2, "train_loss": 4.081402709960938, "clip_fraction": 0.035, "gradient_norm_mean": 68.327708984375, "gradient_norm_max": 168.60665893554688, "step_seconds": 2.1404275465756655, "innovation_std_sum": 240.75993838827023, "noise_marginal_std_sum": 281.66422180982534}
{"step": 70, "epoch": 2, "train_loss": 3.867869323730469, "clip_fraction": 0.092, "gradient_norm_mean": 76.316763671875, "gradient_norm_max": 171.1377410888672, "step_seconds": 2.159682532772422, "innovation_std_sum": 240.75993838827023, "noise_marginal_std_sum": 281.66422180982534}
{"step": 80, "epoch": 2, "train_loss": 3.7526480712890624, "clip_fraction": 0.154, "gradient_norm_mean": 82.2833515625, "gradient_norm_max": 198.82952880859375, "step_seconds": 2.1667753886431456, "innovation_std_sum": 240.75993838827023, "noise_marginal_std_sum": 281.66422180982534}
{"step": 90, "epoch": 2, "train_loss": 3.5812216796875, "clip_fraction": 0.24, "gradient_norm_mean": 88.733431640625, "gradient_norm_max": 183.193359375, "step_seconds": 2.1740994919091463, "innovation_std_sum": 240.75993838827023, "noise_marginal_std_sum": 281.66422180982534}
{"epoch": 2, "step": 90, "train_loss": 3.9345049370659724, "clip_fraction": 0.09493333333333333, "epsilon": 4.5953206372907065, "accuracy": 0.2284, "validation_loss": 3.3525162109375, "validation_examples": 5000}
{"step": 100, "epoch": 3, "train_loss": 3.371210876464844, "clip_fraction": 0.375, "gradient_norm_mean": 95.127029296875, "gradient_norm_max": 286.0541076660156, "step_seconds": 2.1366303488612175, "innovation_std_sum": 240.75993838827023, "noise_marginal_std_sum": 281.66422180982534}
{"step": 110, "epoch": 3, "train_loss": 3.1639735717773436, "clip_fraction": 0.425, "gradient_norm_mean": 98.796908203125, "gradient_norm_max": 244.5367889404297, "step_seconds": 2.144557300955057, "innovation_std_sum": 240.75993838827023, "noise_marginal_std_sum": 281.66422180982534}
{"step": 120, "epoch": 3, "train_loss": 3.025055480957031, "clip_fraction": 0.48, "gradient_norm_mean": 102.684421875, "gradient_norm_max": 292.5933837890625, "step_seconds": 2.159972123801708, "innovation_std_sum": 240.75993838827023, "noise_marginal_std_sum": 281.66422180982534}
{"step": 130, "epoch": 3, "train_loss": 2.847017272949219, "clip_fraction": 0.481, "gradient_norm_mean": 104.175166015625, "gradient_norm_max": 288.2953796386719, "step_seconds": 2.1853331103920937, "innovation_std_sum": 240.75993838827023, "noise_marginal_std_sum": 281.66422180982534}
{"epoch": 3, "step": 135, "train_loss": 3.1390883748372396, "clip_fraction": 0.42231111111111114, "epsilon": 5.865340104265841, "accuracy": 0.4134, "validation_loss": 2.4805748413085937, "validation_examples": 5000}
{"step": 140, "epoch": 4, "train_loss": 2.684267883300781, "clip_fraction": 0.511, "gradient_norm_mean": 105.096763671875, "gradient_norm_max": 280.1034851074219, "step_seconds": 2.1759821232408285, "innovation_std_sum": 240.75993838827023, "noise_marginal_std_sum": 281.66422180982534}
{"step": 150, "epoch": 4, "train_loss": 2.625172607421875, "clip_fraction": 0.562, "gradient_norm_mean": 108.62897265625, "gradient_norm_max": 479.6705627441406, "step_seconds": 2.1292771492153406, "innovation_std_sum": 240.75993838827023, "noise_marginal_std_sum": 281.66422180982534}
{"step": 160, "epoch": 4, "train_loss": 2.5276531372070314, "clip_fraction": 0.549, "gradient_norm_mean": 109.521037109375, "gradient_norm_max": 362.72265625, "step_seconds": 2.1769689694046974, "innovation_std_sum": 240.75993838827023, "noise_marginal_std_sum": 281.66422180982534}
{"step": 170, "epoch": 4, "train_loss": 2.3702050170898437, "clip_fraction": 0.525, "gradient_norm_mean": 107.0997109375, "gradient_norm_max": 313.35894775390625, "step_seconds": 2.1913181245326996, "innovation_std_sum": 240.75993838827023, "noise_marginal_std_sum": 281.66422180982534}
{"step": 180, "epoch": 4, "train_loss": 2.3261776123046873, "clip_fraction": 0.53, "gradient_norm_mean": 107.420330078125, "gradient_norm_max": 388.4734802246094, "step_seconds": 2.201758027076721, "innovation_std_sum": 240.75993838827023, "noise_marginal_std_sum": 281.66422180982534}
{"epoch": 4, "step": 180, "train_loss": 2.52189586859809, "clip_fraction": 0.5357333333333333, "epsilon": 6.9817050448149836, "accuracy": 0.5364, "validation_loss": 1.9282496215820313, "validation_examples": 5000}
{"step": 190, "epoch": 5, "train_loss": 2.238424255371094, "clip_fraction": 0.551, "gradient_norm_mean": 108.578470703125, "gradient_norm_max": 365.3758850097656, "step_seconds": 2.1566474810242653, "innovation_std_sum": 240.75993838827023, "noise_marginal_std_sum": 281.66422180982534}
{"step": 200, "epoch": 5, "train_loss": 2.1900993041992187, "clip_fraction": 0.555, "gradient_norm_mean": 109.526802734375, "gradient_norm_max": 445.281982421875, "step_seconds": 2.1719746198505163, "innovation_std_sum": 240.75993838827023, "noise_marginal_std_sum": 281.66422180982534}
{"step": 210, "epoch": 5, "train_loss": 2.1735984497070313, "clip_fraction": 0.528, "gradient_norm_mean": 107.857564453125, "gradient_norm_max": 399.07330322265625, "step_seconds": 2.201362155377865, "innovation_std_sum": 240.75993838827023, "noise_marginal_std_sum": 281.66422180982534}
{"step": 220, "epoch": 5, "train_loss": 2.051244110107422, "clip_fraction": 0.531, "gradient_norm_mean": 108.289681640625, "gradient_norm_max": 437.4295349121094, "step_seconds": 2.2048227079212666, "innovation_std_sum": 240.75993838827023, "noise_marginal_std_sum": 281.66422180982534}
{"epoch": 5, "step": 225, "train_loss": 2.150728975423177, "clip_fraction": 0.5300444444444444, "epsilon": 8.000000000000005, "accuracy": 0.601, "validation_loss": 1.608259844970703, "validation_examples": 5000}
