Loading weights:   0%|          | 0/39 [00:00<?, ?it/s]Loading weights: 100%|██████████| 39/39 [00:00<00:00, 13051.77it/s]
[transformers] [1mBertModel LOAD REPORT[0m from: /media/data/data/lt/dp-adam-correlated/cache/bert-tiny
Key                                        | Status     |  | 
-------------------------------------------+------------+--+-
cls.seq_relationship.bias                  | UNEXPECTED |  | 
cls.seq_relationship.weight                | UNEXPECTED |  | 
cls.predictions.transform.LayerNorm.weight | UNEXPECTED |  | 
cls.predictions.transform.LayerNorm.bias   | UNEXPECTED |  | 
cls.predictions.transform.dense.bias       | UNEXPECTED |  | 
cls.predictions.bias                       | UNEXPECTED |  | 
cls.predictions.decoder.weight             | UNEXPECTED |  | 
cls.predictions.transform.dense.weight     | UNEXPECTED |  | 
cls.predictions.decoder.bias               | UNEXPECTED |  | 

Notes:
- UNEXPECTED:	can be ignored when loading from different task/architecture; not ok if you expect identical arch.
sys:1: UserWarning: Full backward hook is firing when gradients are computed with respect to module outputs since no inputs require gradients. See https://docs.pytorch.org/docs/main/generated/torch.nn.Module.html#torch.nn.Module.register_full_backward_hook for more details.
{"step": 10, "epoch": 1, "step_seconds": 0.26384585723280907, "innovation_std_sum": 45.80701168939032, "noise_marginal_std_sum": 51.57765565894811, "pure_mf_cumulative_momentum_noise_variance": 0.007005030635626545, "preconditioner_mean": 21.51522445678711, "preconditioner_change_relative": 0.09022451937198639, "denominator_lag_relative": 0.0, "block_age": 0}
{"step": 20, "epoch": 1, "step_seconds": 0.2612091191112995, "innovation_std_sum": 45.80701168939032, "noise_marginal_std_sum": 51.57765565894811, "pure_mf_cumulative_momentum_noise_variance": 0.0072093269897827725, "preconditioner_mean": 20.42308807373047, "preconditioner_change_relative": 0.03740664944052696, "denominator_lag_relative": 0.0, "block_age": 0}
{"step": 30, "epoch": 1, "step_seconds": 0.259810384362936, "innovation_std_sum": 45.80701168939032, "noise_marginal_std_sum": 51.57765565894811, "pure_mf_cumulative_momentum_noise_variance": 0.0073846290478878085, "preconditioner_mean": 20.052478790283203, "preconditioner_change_relative": 0.026698671281337738, "denominator_lag_relative": 0.0, "block_age": 0}
{"step": 40, "epoch": 1, "step_seconds": 0.2603901196271181, "innovation_std_sum": 45.80701168939032, "noise_marginal_std_sum": 51.57765565894811, "pure_mf_cumulative_momentum_noise_variance": 0.007604187929626457, "preconditioner_mean": 19.833906173706055, "preconditioner_change_relative": 0.019863562658429146, "denominator_lag_relative": 0.0, "block_age": 0}
{"step": 50, "epoch": 1, "step_seconds": 0.26841121539473534, "innovation_std_sum": 45.80701168939032, "noise_marginal_std_sum": 51.57765565894811, "pure_mf_cumulative_momentum_noise_variance": 0.007849912594321596, "preconditioner_mean": 19.758567810058594, "preconditioner_change_relative": 0.01555584091693163, "denominator_lag_relative": 0.0, "block_age": 0}
{"step": 60, "epoch": 1, "step_seconds": 0.2634414043277502, "innovation_std_sum": 45.80701168939032, "noise_marginal_std_sum": 51.57765565894811, "pure_mf_cumulative_momentum_noise_variance": 0.008108110204245421, "preconditioner_mean": 19.678823471069336, "preconditioner_change_relative": 0.013218180276453495, "denominator_lag_relative": 0.0, "block_age": 0}
{"epoch": 1, "step": 62, "epsilon": 3.066255194094388, "accuracy": 0.7397644419517667, "validation_loss": 0.5463585275024939, "validation_examples": 5349}
{"step": 70, "epoch": 2, "step_seconds": 0.25589682161808014, "innovation_std_sum": 45.80701168939032, "noise_marginal_std_sum": 51.57765565894811, "pure_mf_cumulative_momentum_noise_variance": 0.008371804839899724, "preconditioner_mean": 19.593774795532227, "preconditioner_change_relative": 0.010923381894826889, "denominator_lag_relative": 0.0, "block_age": 0}
{"step": 80, "epoch": 2, "step_seconds": 0.25951213762164116, "innovation_std_sum": 45.80701168939032, "noise_marginal_std_sum": 51.57765565894811, "pure_mf_cumulative_momentum_noise_variance": 0.00863781647652207, "preconditioner_mean": 19.51050567626953, "preconditioner_change_relative": 0.009673199616372585, "denominator_lag_relative": 0.0, "block_age": 0}
{"step": 90, "epoch": 2, "step_seconds": 0.2590235397219658, "innovation_std_sum": 45.80701168939032, "noise_marginal_std_sum": 51.57765565894811, "pure_mf_cumulative_momentum_noise_variance": 0.008904775855369947, "preconditioner_mean": 19.47962188720703, "preconditioner_change_relative": 0.009116509929299355, "denominator_lag_relative": 0.0, "block_age": 0}
{"step": 100, "epoch": 2, "step_seconds": 0.26058085076510906, "innovation_std_sum": 45.80701168939032, "noise_marginal_std_sum": 51.57765565894811, "pure_mf_cumulative_momentum_noise_variance": 0.009172114521351988, "preconditioner_mean": 19.451099395751953, "preconditioner_change_relative": 0.0077546145766973495, "denominator_lag_relative": 0.0, "block_age": 0}
{"step": 110, "epoch": 2, "step_seconds": 0.2608356513082981, "innovation_std_sum": 45.80701168939032, "noise_marginal_std_sum": 51.57765565894811, "pure_mf_cumulative_momentum_noise_variance": 0.009439602474402202, "preconditioner_mean": 19.434419631958008, "preconditioner_change_relative": 0.00723412586376071, "denominator_lag_relative": 0.0, "block_age": 0}
{"step": 120, "epoch": 2, "step_seconds": 0.2617560997605324, "innovation_std_sum": 45.80701168939032, "noise_marginal_std_sum": 51.57765565894811, "pure_mf_cumulative_momentum_noise_variance": 0.009707148423277403, "preconditioner_mean": 19.417587280273438, "preconditioner_change_relative": 0.0066571952775120735, "denominator_lag_relative": 0.0, "block_age": 0}
{"epoch": 2, "step": 124, "epsilon": 4.617524156181054, "accuracy": 0.7801458216489063, "validation_loss": 0.5564704691055534, "validation_examples": 5349}
{"step": 130, "epoch": 3, "step_seconds": 0.2604743577539921, "innovation_std_sum": 45.80701168939032, "noise_marginal_std_sum": 51.57765565894811, "pure_mf_cumulative_momentum_noise_variance": 0.00997471666640919, "preconditioner_mean": 19.405319213867188, "preconditioner_change_relative": 0.005692021921277046, "denominator_lag_relative": 0.0, "block_age": 0}
{"step": 140, "epoch": 3, "step_seconds": 0.2633654288947582, "innovation_std_sum": 45.80701168939032, "noise_marginal_std_sum": 51.57765565894811, "pure_mf_cumulative_momentum_noise_variance": 0.010242293405698256, "preconditioner_mean": 19.38190269470215, "preconditioner_change_relative": 0.005786510184407234, "denominator_lag_relative": 0.0, "block_age": 0}
{"step": 150, "epoch": 3, "step_seconds": 0.2628254797309637, "innovation_std_sum": 45.80701168939032, "noise_marginal_std_sum": 51.57765565894811, "pure_mf_cumulative_momentum_noise_variance": 0.010509873359385922, "preconditioner_mean": 19.384077072143555, "preconditioner_change_relative": 0.005034350324422121, "denominator_lag_relative": 0.0, "block_age": 0}
{"step": 160, "epoch": 3, "step_seconds": 0.26749503053724766, "innovation_std_sum": 45.80701168939032, "noise_marginal_std_sum": 51.57765565894811, "pure_mf_cumulative_momentum_noise_variance": 0.010777454521723028, "preconditioner_mean": 19.376026153564453, "preconditioner_change_relative": 0.004872346296906471, "denominator_lag_relative": 0.0, "block_age": 0}
{"step": 170, "epoch": 3, "step_seconds": 0.2658511660993099, "innovation_std_sum": 45.80701168939032, "noise_marginal_std_sum": 51.57765565894811, "pure_mf_cumulative_momentum_noise_variance": 0.01104503613612443, "preconditioner_mean": 19.367433547973633, "preconditioner_change_relative": 0.004583606030791998, "denominator_lag_relative": 0.0, "block_age": 0}
{"step": 180, "epoch": 3, "step_seconds": 0.24247325584292412, "innovation_std_sum": 45.80701168939032, "noise_marginal_std_sum": 51.57765565894811, "pure_mf_cumulative_momentum_noise_variance": 0.011312617918832427, "preconditioner_mean": 19.36808967590332, "preconditioner_change_relative": 0.004148893523961306, "denominator_lag_relative": 0.0, "block_age": 0}
{"epoch": 3, "step": 186, "epsilon": 5.878060668355689, "accuracy": 0.804823331463825, "validation_loss": 0.49553089494860314, "validation_examples": 5349}
{"step": 190, "epoch": 4, "step_seconds": 0.26143808104097843, "innovation_std_sum": 45.80701168939032, "noise_marginal_std_sum": 51.57765565894811, "pure_mf_cumulative_momentum_noise_variance": 0.011580199763949733, "preconditioner_mean": 19.36333656311035, "preconditioner_change_relative": 0.004195104353129864, "denominator_lag_relative": 0.0, "block_age": 0}
{"step": 200, "epoch": 4, "step_seconds": 0.2650363240391016, "innovation_std_sum": 45.80701168939032, "noise_marginal_std_sum": 51.57765565894811, "pure_mf_cumulative_momentum_noise_variance": 0.011847781632126443, "preconditioner_mean": 19.359689712524414, "preconditioner_change_relative": 0.0039882962591946125, "denominator_lag_relative": 0.0, "block_age": 0}
{"step": 210, "epoch": 4, "step_seconds": 0.26687400229275227, "innovation_std_sum": 45.80701168939032, "noise_marginal_std_sum": 51.57765565894811, "pure_mf_cumulative_momentum_noise_variance": 0.012115363508796268, "preconditioner_mean": 19.351375579833984, "preconditioner_change_relative": 0.00366588425822556, "denominator_lag_relative": 0.0, "block_age": 0}
{"step": 220, "epoch": 4, "step_seconds": 0.2617451623082161, "innovation_std_sum": 45.80701168939032, "noise_marginal_std_sum": 51.57765565894811, "pure_mf_cumulative_momentum_noise_variance": 0.012382945388585349, "preconditioner_mean": 19.34699821472168, "preconditioner_change_relative": 0.0035929617006331682, "denominator_lag_relative": 0.0, "block_age": 0}
{"step": 230, "epoch": 4, "step_seconds": 0.262513842433691, "innovation_std_sum": 45.80701168939032, "noise_marginal_std_sum": 51.57765565894811, "pure_mf_cumulative_momentum_noise_variance": 0.012650527269517098, "preconditioner_mean": 19.34851837158203, "preconditioner_change_relative": 0.003482131054624915, "denominator_lag_relative": 0.0, "block_age": 0}
{"step": 240, "epoch": 4, "step_seconds": 0.2615910116583109, "innovation_std_sum": 45.80701168939032, "noise_marginal_std_sum": 51.57765565894811, "pure_mf_cumulative_momentum_noise_variance": 0.012918109150866462, "preconditioner_mean": 19.351388931274414, "preconditioner_change_relative": 0.003436432685703039, "denominator_lag_relative": 0.0, "block_age": 0}
{"epoch": 4, "step": 248, "epsilon": 6.987427898844202, "accuracy": 0.8151056272200411, "validation_loss": 0.48139199802286714, "validation_examples": 5349}
{"step": 250, "epoch": 5, "step_seconds": 0.26240961253643036, "innovation_std_sum": 45.80701168939032, "noise_marginal_std_sum": 51.57765565894811, "pure_mf_cumulative_momentum_noise_variance": 0.013185691032368134, "preconditioner_mean": 19.342849731445312, "preconditioner_change_relative": 0.0033491093199700117, "denominator_lag_relative": 0.0, "block_age": 0}
{"step": 260, "epoch": 5, "step_seconds": 0.2620909512042999, "innovation_std_sum": 45.80701168939032, "noise_marginal_std_sum": 51.57765565894811, "pure_mf_cumulative_momentum_noise_variance": 0.013453272913925247, "preconditioner_mean": 19.34117889404297, "preconditioner_change_relative": 0.0030627150554209948, "denominator_lag_relative": 0.0, "block_age": 0}
{"step": 270, "epoch": 5, "step_seconds": 0.2661864683032036, "innovation_std_sum": 45.80701168939032, "noise_marginal_std_sum": 51.57765565894811, "pure_mf_cumulative_momentum_noise_variance": 0.013720854795502503, "preconditioner_mean": 19.34040069580078, "preconditioner_change_relative": 0.0031541315838694572, "denominator_lag_relative": 0.0, "block_age": 0}
{"step": 280, "epoch": 5, "step_seconds": 0.26318047009408474, "innovation_std_sum": 45.80701168939032, "noise_marginal_std_sum": 51.57765565894811, "pure_mf_cumulative_momentum_noise_variance": 0.013988436677087067, "preconditioner_mean": 19.34676170349121, "preconditioner_change_relative": 0.002783512929454446, "denominator_lag_relative": 0.0, "block_age": 0}
{"step": 290, "epoch": 5, "step_seconds": 0.26153736747801304, "innovation_std_sum": 45.80701168939032, "noise_marginal_std_sum": 51.57765565894811, "pure_mf_cumulative_momentum_noise_variance": 0.014256018558674276, "preconditioner_mean": 19.34977149963379, "preconditioner_change_relative": 0.0028980839997529984, "denominator_lag_relative": 0.0, "block_age": 0}
{"step": 300, "epoch": 5, "step_seconds": 0.26133752427995205, "innovation_std_sum": 45.80701168939032, "noise_marginal_std_sum": 51.57765565894811, "pure_mf_cumulative_momentum_noise_variance": 0.01452360044026244, "preconditioner_mean": 19.354764938354492, "preconditioner_change_relative": 0.0026629557833075523, "denominator_lag_relative": 0.0, "block_age": 0}
{"step": 310, "epoch": 5, "step_seconds": 0.2615728788077831, "innovation_std_sum": 45.80701168939032, "noise_marginal_std_sum": 51.57765565894811, "pure_mf_cumulative_momentum_noise_variance": 0.014791182321850956, "preconditioner_mean": 19.350919723510742, "preconditioner_change_relative": 0.0027445799205452204, "denominator_lag_relative": 0.0, "block_age": 0}
{"epoch": 5, "step": 310, "epsilon": 8.000000000000005, "accuracy": 0.8203402505141147, "validation_loss": 0.4647463047742888, "validation_examples": 5349}
