/home/longt29/miniconda3/envs/curve/lib/python3.11/site-packages/torchvision/datasets/cifar.py:83: VisibleDeprecationWarning: dtype(): align should be passed as Python or NumPy boolean but got `align=0`. Did you mean to pass a tuple to create a subarray type? (Deprecated NumPy 2.4)
  entry = pickle.load(f, encoding="latin1")
{"status": "running", "method": "mf_muon_standard", "seed": 20261001, "calibration": {"target_mu": 1.6660305978457184, "sensitivity": 7.852751308631718, "innovation_std_sum": 141.40348896567355, "adjacency": "add_remove_zero_out", "k": 5, "b_participation": 50, "sampling_amplification": false}, "coefficients": [1.0, -0.95, -0.0012500000000000844, -0.001187499999999897]}
sys:1: UserWarning: Full backward hook is firing when gradients are computed with respect to module outputs since no inputs require gradients. See https://docs.pytorch.org/docs/main/generated/torch.nn.Module.html#torch.nn.Module.register_full_backward_hook for more details.
{"event": "logical_progress", "step": 1, "train_loss": 5.1808095703125, "clip_fraction": 1.0}
{"event": "logical_progress", "step": 25, "train_loss": 4.21463330078125, "clip_fraction": 1.0}
{"event": "logical_progress", "step": 50, "train_loss": 3.5533430871582032, "clip_fraction": 0.99118}
{"epoch": 1, "logical_steps": 50, "train_examples": 50000, "train_loss": 3.5533430871582032, "test_loss": 2.0184951873779298, "test_top1": 0.4615, "clip_fraction": 0.99118, "epsilon": 2.8734263506543494, "delta": 1e-05, "seconds": 135.376787122339}
{"event": "logical_progress", "step": 75, "train_loss": 2.1576458178710936, "clip_fraction": 0.91204}
{"event": "logical_progress", "step": 100, "train_loss": 1.9761487109375, "clip_fraction": 0.8723}
{"epoch": 2, "logical_steps": 100, "train_examples": 50000, "train_loss": 1.9761487109375, "test_loss": 1.1660820281982422, "test_top1": 0.6663, "clip_fraction": 0.8723, "epsilon": 4.494876969944211, "delta": 1e-05, "seconds": 263.74965072702616}
{"event": "logical_progress", "step": 125, "train_loss": 1.6124488500976562, "clip_fraction": 0.77252}
{"event": "logical_progress", "step": 150, "train_loss": 1.5474193646240235, "clip_fraction": 0.74934}
{"epoch": 3, "logical_steps": 150, "train_examples": 50000, "train_loss": 1.5474193646240235, "test_loss": 0.8958945846557618, "test_top1": 0.7324, "clip_fraction": 0.74934, "epsilon": 5.807351225535705, "delta": 1e-05, "seconds": 391.77293585054576}
{"event": "logical_progress", "step": 175, "train_loss": 1.431348251953125, "clip_fraction": 0.69676}
{"event": "logical_progress", "step": 200, "train_loss": 1.3912363269042969, "clip_fraction": 0.68066}
{"epoch": 4, "logical_steps": 200, "train_examples": 50000, "train_loss": 1.3912363269042969, "test_loss": 0.7848587295532227, "test_top1": 0.7672, "clip_fraction": 0.68066, "epsilon": 6.955627916806438, "delta": 1e-05, "seconds": 518.385455374606}
{"event": "logical_progress", "step": 225, "train_loss": 1.3386956018066407, "clip_fraction": 0.647}
{"event": "logical_progress", "step": 250, "train_loss": 1.3044610949707032, "clip_fraction": 0.6357}
{"epoch": 5, "logical_steps": 250, "train_examples": 50000, "train_loss": 1.3044610949707032, "test_loss": 0.7218294952392578, "test_top1": 0.7835, "clip_fraction": 0.6357, "epsilon": 8.000000000000005, "delta": 1e-05, "seconds": 647.8617793973535}
{"status": "completed", "result_dir": "/media/data/data/lt/dp-adam-correlated/exp3/results/search/C/c08_adam_0.012"}
