Loading weights:   0%|          | 0/39 [00:00<?, ?it/s]Loading weights: 100%|██████████| 39/39 [00:00<00:00, 19248.98it/s]
[transformers] [1mBertModel LOAD REPORT[0m from: /media/data/data/lt/dp-adam-correlated/cache/bert-tiny
Key                                        | Status     |  | 
-------------------------------------------+------------+--+-
cls.predictions.transform.LayerNorm.bias   | UNEXPECTED |  | 
cls.predictions.transform.dense.weight     | UNEXPECTED |  | 
cls.predictions.transform.LayerNorm.weight | UNEXPECTED |  | 
cls.predictions.bias                       | UNEXPECTED |  | 
cls.seq_relationship.weight                | UNEXPECTED |  | 
cls.predictions.transform.dense.bias       | UNEXPECTED |  | 
cls.seq_relationship.bias                  | UNEXPECTED |  | 
cls.predictions.decoder.weight             | UNEXPECTED |  | 
cls.predictions.decoder.bias               | UNEXPECTED |  | 

Notes:
- UNEXPECTED:	can be ignored when loading from different task/architecture; not ok if you expect identical arch.
sys:1: UserWarning: Full backward hook is firing when gradients are computed with respect to module outputs since no inputs require gradients. See https://docs.pytorch.org/docs/main/generated/torch.nn.Module.html#torch.nn.Module.register_full_backward_hook for more details.
{"step": 62, "epoch": 1.0, "train_loss": 1.7726637277910788, "clip_fraction": 0.8574032258064516, "validation_loss": 2.112721686898982, "accuracy": 0.557861282482707, "validation_examples": 5349, "epsilon": 3.1232925162148586}
{"step": 124, "epoch": 2.0, "train_loss": 1.292688622259325, "clip_fraction": 0.7506451612903225, "validation_loss": 1.4931399833378245, "accuracy": 0.7506075902037764, "validation_examples": 5349, "epsilon": 4.650921021133028}
{"step": 186, "epoch": 3.0, "train_loss": 1.3908226042716736, "clip_fraction": 0.512774193548387, "validation_loss": 1.3823040362985852, "accuracy": 0.7758459525144887, "validation_examples": 5349, "epsilon": 5.897172094191146}
{"step": 248, "epoch": 4.0, "train_loss": 1.2792725672568042, "clip_fraction": 0.46835483870967737, "validation_loss": 1.3272034878105867, "accuracy": 0.7870630024303609, "validation_examples": 5349, "epsilon": 6.99603315708177}
{"step": 310, "epoch": 5.0, "train_loss": 1.2230513404107863, "clip_fraction": 0.4291129032258065, "validation_loss": 1.274681800190456, "accuracy": 0.8008973639932697, "validation_examples": 5349, "epsilon": 8.000000000000005}
