/home/longt29/miniconda3/envs/curve/lib/python3.11/site-packages/torchvision/datasets/cifar.py:83: VisibleDeprecationWarning: dtype(): align should be passed as Python or NumPy boolean but got `align=0`. Did you mean to pass a tuple to create a subarray type? (Deprecated NumPy 2.4)
  entry = pickle.load(f, encoding="latin1")
{"method": "dp-adam-momentum-bias-bandinvmf-scale", "smoke": false, "calibration": {"target_mu": 1.6660305978457184, "sensitivity": 4.065608121489227, "innovation_std_sum": 244.02961906860006, "adjacency": "add_remove_zero_out", "k": 5, "b_participation": 50, "sampling_amplification": false}, "coefficients": [1.0, -0.53161943769869, -0.0779998119461293, -0.2795535556950146]}
sys:1: UserWarning: Full backward hook is firing when gradients are computed with respect to module outputs since no inputs require gradients. See https://docs.pytorch.org/docs/main/generated/torch.nn.Module.html#torch.nn.Module.register_full_backward_hook for more details.
{"progress_step": 10, "epoch": 1, "train_loss_so_far": 4.5722832763671875, "clip_fraction_so_far": 1.0}
{"progress_step": 20, "epoch": 1, "train_loss_so_far": 4.179937576293946, "clip_fraction_so_far": 1.0}
{"progress_step": 30, "epoch": 1, "train_loss_so_far": 3.8048633443196613, "clip_fraction_so_far": 0.9992}
{"progress_step": 40, "epoch": 1, "train_loss_so_far": 3.5048434661865233, "clip_fraction_so_far": 0.996125}
{"progress_step": 50, "epoch": 1, "train_loss_so_far": 3.261445103149414, "clip_fraction_so_far": 0.99058}
{"epoch": 1, "logical_steps": 50, "train_examples": 50000, "train_loss": 3.261445103149414, "test_loss": 1.7163255065917968, "test_top1": 0.5304, "clip_fraction": 0.99058, "gdp_mu": 0.7271304784322894, "gdp_epsilon": 3.037976902428691, "target_mu": 1.6660305978457184, "target_epsilon": 8.0, "delta": 1e-05, "noise_std": 0.2853011411343001, "noise_std_space": "scaled", "innovation_std_sum": 244.02961906860006, "augmentation_trace_sha256": "d63da21bdb0b5208efde32fe6efd500a1dd8422cf2de8538c5d20df0af3afa1c", "seconds": 139.8903764858842}
{"progress_step": 60, "epoch": 2, "train_loss_so_far": 2.052675491333008, "clip_fraction_so_far": 0.9439}
{"progress_step": 70, "epoch": 2, "train_loss_so_far": 1.9934328887939454, "clip_fraction_so_far": 0.9301}
{"progress_step": 80, "epoch": 2, "train_loss_so_far": 1.9234114095052084, "clip_fraction_so_far": 0.913}
{"progress_step": 90, "epoch": 2, "train_loss_so_far": 1.8761486328125, "clip_fraction_so_far": 0.898575}
{"progress_step": 100, "epoch": 2, "train_loss_so_far": 1.824755375366211, "clip_fraction_so_far": 0.88662}
{"epoch": 2, "logical_steps": 100, "train_examples": 50000, "train_loss": 1.824755375366211, "test_loss": 1.1004333572387694, "test_top1": 0.6758, "clip_fraction": 0.88662, "gdp_mu": 1.0438331619280494, "gdp_epsilon": 4.600416946348178, "target_mu": 1.6660305978457184, "target_epsilon": 8.0, "delta": 1e-05, "noise_std": 0.2853011411343001, "noise_std_space": "scaled", "innovation_std_sum": 244.02961906860006, "augmentation_trace_sha256": "eba11842858511941e69682cb3174b7d5e6fd73ab7d8425892c6d4fc55cf418b", "seconds": 132.08458131179214}
{"progress_step": 110, "epoch": 3, "train_loss_so_far": 1.581344107055664, "clip_fraction_so_far": 0.8217}
{"progress_step": 120, "epoch": 3, "train_loss_so_far": 1.566847883605957, "clip_fraction_so_far": 0.80825}
{"progress_step": 130, "epoch": 3, "train_loss_so_far": 1.5386820709228515, "clip_fraction_so_far": 0.7990666666666667}
{"progress_step": 140, "epoch": 3, "train_loss_so_far": 1.529660661315918, "clip_fraction_so_far": 0.790425}
{"progress_step": 150, "epoch": 3, "train_loss_so_far": 1.5186358264160156, "clip_fraction_so_far": 0.78338}
{"epoch": 3, "logical_steps": 150, "train_examples": 50000, "train_loss": 1.5186358264160156, "test_loss": 0.909797526550293, "test_top1": 0.7241, "clip_fraction": 0.78338, "gdp_mu": 1.2851399415460758, "gdp_epsilon": 5.868262919898993, "target_mu": 1.6660305978457184, "target_epsilon": 8.0, "delta": 1e-05, "noise_std": 0.2853011411343001, "noise_std_space": "scaled", "innovation_std_sum": 244.02961906860006, "augmentation_trace_sha256": "f4ab582ea37ff08d6c3ec209d5c76a6a59fcdd228971935ccfe60255636fc688", "seconds": 133.21339965239167}
{"progress_step": 160, "epoch": 4, "train_loss_so_far": 1.4377888977050781, "clip_fraction_so_far": 0.74}
{"progress_step": 170, "epoch": 4, "train_loss_so_far": 1.4254941802978516, "clip_fraction_so_far": 0.7356}
{"progress_step": 180, "epoch": 4, "train_loss_so_far": 1.4084711547851563, "clip_fraction_so_far": 0.7286333333333334}
{"progress_step": 190, "epoch": 4, "train_loss_so_far": 1.3997675247192383, "clip_fraction_so_far": 0.724175}
{"progress_step": 200, "epoch": 4, "train_loss_so_far": 1.3952317321777343, "clip_fraction_so_far": 0.71954}
{"epoch": 4, "logical_steps": 200, "train_examples": 50000, "train_loss": 1.3952317321777343, "test_loss": 0.8331814636230469, "test_top1": 0.7495, "clip_fraction": 0.71954, "gdp_mu": 1.4878241288541523, "gdp_epsilon": 6.983019766523851, "target_mu": 1.6660305978457184, "target_epsilon": 8.0, "delta": 1e-05, "noise_std": 0.2853011411343001, "noise_std_space": "scaled", "innovation_std_sum": 244.02961906860006, "augmentation_trace_sha256": "eeab75a2450d737b335b1b301c8415d8e4847a2415b1acc4f6665e5915aa923a", "seconds": 131.59471096284688}
{"progress_step": 210, "epoch": 5, "train_loss_so_far": 1.3749874633789063, "clip_fraction_so_far": 0.6907}
{"progress_step": 220, "epoch": 5, "train_loss_so_far": 1.3671087326049804, "clip_fraction_so_far": 0.6894}
{"progress_step": 230, "epoch": 5, "train_loss_so_far": 1.3512935089111329, "clip_fraction_so_far": 0.6865333333333333}
{"progress_step": 240, "epoch": 5, "train_loss_so_far": 1.353877214050293, "clip_fraction_so_far": 0.685575}
{"progress_step": 250, "epoch": 5, "train_loss_so_far": 1.3477913696289063, "clip_fraction_so_far": 0.68282}
{"epoch": 5, "logical_steps": 250, "train_examples": 50000, "train_loss": 1.3477913696289063, "test_loss": 0.8067959014892578, "test_top1": 0.7616, "clip_fraction": 0.68282, "gdp_mu": 1.6660305978457184, "gdp_epsilon": 8.000000000000005, "target_mu": 1.6660305978457184, "target_epsilon": 8.0, "delta": 1e-05, "noise_std": 0.2853011411343001, "noise_std_space": "scaled", "innovation_std_sum": 244.02961906860006, "augmentation_trace_sha256": "41f1cb58f0307df20ce87cfb313693105a3d89f587b34546eb06562652fb22c3", "seconds": 132.59570127539337}
{"status": "completed", "results": "/media/data/data/lt/dp-adam-correlated/exp7b/results/search/trials/da6aa505b9bb3e5a"}
