Loading weights:   0%|          | 0/39 [00:00<?, ?it/s]Loading weights: 100%|██████████| 39/39 [00:00<00:00, 18660.49it/s]
[transformers] [1mBertModel LOAD REPORT[0m from: /media/data/data/lt/dp-adam-correlated/cache/bert-tiny
Key                                        | Status     |  | 
-------------------------------------------+------------+--+-
cls.predictions.transform.dense.weight     | UNEXPECTED |  | 
cls.predictions.decoder.bias               | UNEXPECTED |  | 
cls.predictions.transform.LayerNorm.bias   | UNEXPECTED |  | 
cls.predictions.bias                       | UNEXPECTED |  | 
cls.seq_relationship.bias                  | UNEXPECTED |  | 
cls.predictions.decoder.weight             | UNEXPECTED |  | 
cls.seq_relationship.weight                | UNEXPECTED |  | 
cls.predictions.transform.LayerNorm.weight | UNEXPECTED |  | 
cls.predictions.transform.dense.bias       | UNEXPECTED |  | 

Notes:
- UNEXPECTED:	can be ignored when loading from different task/architecture; not ok if you expect identical arch.
sys:1: UserWarning: Full backward hook is firing when gradients are computed with respect to module outputs since no inputs require gradients. See https://docs.pytorch.org/docs/main/generated/torch.nn.Module.html#torch.nn.Module.register_full_backward_hook for more details.
{"step": 10, "epoch": 1, "train_loss": 0.69020654296875, "clip_fraction": 0.0, "gradient_norm_mean": 10.3685244140625, "gradient_norm_max": 15.285635948181152, "step_seconds": 0.2595356721431017, "innovation_std_sum": 1371.6137629230047, "noise_marginal_std_sum": 1891.8840083717369}
{"step": 20, "epoch": 1, "train_loss": 0.684364501953125, "clip_fraction": 0.0, "gradient_norm_mean": 5.1962548828125, "gradient_norm_max": 7.926301956176758, "step_seconds": 0.2673078440129757, "innovation_std_sum": 1371.6137629230047, "noise_marginal_std_sum": 1891.8840083717369}
{"step": 30, "epoch": 1, "train_loss": 0.685927978515625, "clip_fraction": 0.0, "gradient_norm_mean": 3.39734375, "gradient_norm_max": 5.192096710205078, "step_seconds": 0.26704187132418156, "innovation_std_sum": 1371.6137629230047, "noise_marginal_std_sum": 1891.8840083717369}
{"step": 40, "epoch": 1, "train_loss": 0.6831658325195312, "clip_fraction": 0.0, "gradient_norm_mean": 2.4074208984375, "gradient_norm_max": 3.353644847869873, "step_seconds": 0.2676426824182272, "innovation_std_sum": 1371.6137629230047, "noise_marginal_std_sum": 1891.8840083717369}
{"step": 50, "epoch": 1, "train_loss": 0.6864746704101562, "clip_fraction": 0.0, "gradient_norm_mean": 1.8601710205078126, "gradient_norm_max": 2.713233232498169, "step_seconds": 0.26548133604228497, "innovation_std_sum": 1371.6137629230047, "noise_marginal_std_sum": 1891.8840083717369}
{"step": 60, "epoch": 1, "train_loss": 0.6880452270507813, "clip_fraction": 0.0, "gradient_norm_mean": 1.558883544921875, "gradient_norm_max": 2.1808834075927734, "step_seconds": 0.26775017008185387, "innovation_std_sum": 1371.6137629230047, "noise_marginal_std_sum": 1891.8840083717369}
{"epoch": 1, "step": 62, "train_loss": 0.6864138114683089, "clip_fraction": 0.0, "epsilon": 2.9834732111505784, "accuracy": 0.5580482333146383, "validation_loss": 0.685358964966756, "validation_examples": 5349}
{"step": 70, "epoch": 2, "train_loss": 0.6809857177734375, "clip_fraction": 0.0, "gradient_norm_mean": 1.310788330078125, "gradient_norm_max": 2.006268262863159, "step_seconds": 0.2667215019464493, "innovation_std_sum": 1371.6137629230047, "noise_marginal_std_sum": 1891.8840083717369}
{"step": 80, "epoch": 2, "train_loss": 0.6856701049804688, "clip_fraction": 0.0, "gradient_norm_mean": 1.0909132080078126, "gradient_norm_max": 1.5192281007766724, "step_seconds": 0.26761407777667046, "innovation_std_sum": 1371.6137629230047, "noise_marginal_std_sum": 1891.8840083717369}
{"step": 90, "epoch": 2, "train_loss": 0.6839181518554688, "clip_fraction": 0.0, "gradient_norm_mean": 0.9617793579101562, "gradient_norm_max": 1.3440834283828735, "step_seconds": 0.2601249199360609, "innovation_std_sum": 1371.6137629230047, "noise_marginal_std_sum": 1891.8840083717369}
{"step": 100, "epoch": 2, "train_loss": 0.688792236328125, "clip_fraction": 0.0, "gradient_norm_mean": 0.841725341796875, "gradient_norm_max": 1.2306519746780396, "step_seconds": 0.2670154180377722, "innovation_std_sum": 1371.6137629230047, "noise_marginal_std_sum": 1891.8840083717369}
{"step": 110, "epoch": 2, "train_loss": 0.6863836669921874, "clip_fraction": 0.0, "gradient_norm_mean": 0.7528698120117188, "gradient_norm_max": 1.1342575550079346, "step_seconds": 0.14655101485550404, "innovation_std_sum": 1371.6137629230047, "noise_marginal_std_sum": 1891.8840083717369}
{"step": 120, "epoch": 2, "train_loss": 0.6869542236328126, "clip_fraction": 0.0, "gradient_norm_mean": 0.6674963989257813, "gradient_norm_max": 1.0412712097167969, "step_seconds": 0.2682162970304489, "innovation_std_sum": 1371.6137629230047, "noise_marginal_std_sum": 1891.8840083717369}
{"epoch": 2, "step": 124, "train_loss": 0.6853567849436114, "clip_fraction": 0.0, "epsilon": 4.566965972959099, "accuracy": 0.5580482333146383, "validation_loss": 0.6848797465645503, "validation_examples": 5349}
{"step": 130, "epoch": 3, "train_loss": 0.6811504516601562, "clip_fraction": 0.0, "gradient_norm_mean": 0.5848692016601562, "gradient_norm_max": 0.8574448227882385, "step_seconds": 0.2672916203737259, "innovation_std_sum": 1371.6137629230047, "noise_marginal_std_sum": 1891.8840083717369}
{"step": 140, "epoch": 3, "train_loss": 0.6876607055664062, "clip_fraction": 0.0, "gradient_norm_mean": 0.5391959228515625, "gradient_norm_max": 0.7515767812728882, "step_seconds": 0.267282348126173, "innovation_std_sum": 1371.6137629230047, "noise_marginal_std_sum": 1891.8840083717369}
{"step": 150, "epoch": 3, "train_loss": 0.68731591796875, "clip_fraction": 0.0, "gradient_norm_mean": 0.4993806457519531, "gradient_norm_max": 0.7549279928207397, "step_seconds": 0.2706544492393732, "innovation_std_sum": 1371.6137629230047, "noise_marginal_std_sum": 1891.8840083717369}
{"step": 160, "epoch": 3, "train_loss": 0.6881768798828125, "clip_fraction": 0.0, "gradient_norm_mean": 0.45796893310546877, "gradient_norm_max": 0.637106716632843, "step_seconds": 0.21272199973464012, "innovation_std_sum": 1371.6137629230047, "noise_marginal_std_sum": 1891.8840083717369}
{"step": 170, "epoch": 3, "train_loss": 0.68266357421875, "clip_fraction": 0.0, "gradient_norm_mean": 0.42016522216796875, "gradient_norm_max": 0.637639045715332, "step_seconds": 0.26857804507017136, "innovation_std_sum": 1371.6137629230047, "noise_marginal_std_sum": 1891.8840083717369}
{"step": 180, "epoch": 3, "train_loss": 0.688486328125, "clip_fraction": 0.0, "gradient_norm_mean": 0.3926675109863281, "gradient_norm_max": 0.5650618076324463, "step_seconds": 0.2676262240856886, "innovation_std_sum": 1371.6137629230047, "noise_marginal_std_sum": 1891.8840083717369}
{"epoch": 3, "step": 186, "train_loss": 0.6852903087985132, "clip_fraction": 0.0, "epsilon": 5.849088165717443, "accuracy": 0.5580482333146383, "validation_loss": 0.6847683216037205, "validation_examples": 5349}
{"step": 190, "epoch": 4, "train_loss": 0.6857125244140625, "clip_fraction": 0.0, "gradient_norm_mean": 0.36577630615234374, "gradient_norm_max": 0.5887891054153442, "step_seconds": 0.2669012323021889, "innovation_std_sum": 1371.6137629230047, "noise_marginal_std_sum": 1891.8840083717369}
{"step": 200, "epoch": 4, "train_loss": 0.6881473388671875, "clip_fraction": 0.0, "gradient_norm_mean": 0.34771209716796875, "gradient_norm_max": 0.47724610567092896, "step_seconds": 0.2668731305748224, "innovation_std_sum": 1371.6137629230047, "noise_marginal_std_sum": 1891.8840083717369}
{"step": 210, "epoch": 4, "train_loss": 0.6848098754882812, "clip_fraction": 0.0, "gradient_norm_mean": 0.32159228515625, "gradient_norm_max": 0.44674551486968994, "step_seconds": 0.14837279357016087, "innovation_std_sum": 1371.6137629230047, "noise_marginal_std_sum": 1891.8840083717369}
{"step": 220, "epoch": 4, "train_loss": 0.6843726806640625, "clip_fraction": 0.0, "gradient_norm_mean": 0.3024956970214844, "gradient_norm_max": 0.4476603865623474, "step_seconds": 0.26802158914506435, "innovation_std_sum": 1371.6137629230047, "noise_marginal_std_sum": 1891.8840083717369}
{"step": 230, "epoch": 4, "train_loss": 0.6794421997070312, "clip_fraction": 0.0, "gradient_norm_mean": 0.2833937377929687, "gradient_norm_max": 0.4281676709651947, "step_seconds": 0.26494557596743107, "innovation_std_sum": 1371.6137629230047, "noise_marginal_std_sum": 1891.8840083717369}
{"step": 240, "epoch": 4, "train_loss": 0.684193603515625, "clip_fraction": 0.0, "gradient_norm_mean": 0.2701184997558594, "gradient_norm_max": 0.43312159180641174, "step_seconds": 0.12755070999264717, "innovation_std_sum": 1371.6137629230047, "noise_marginal_std_sum": 1891.8840083717369}
{"epoch": 4, "step": 248, "train_loss": 0.6850735404722152, "clip_fraction": 0.0, "epsilon": 6.974398475295218, "accuracy": 0.5580482333146383, "validation_loss": 0.6843640050568922, "validation_examples": 5349}
{"step": 250, "epoch": 5, "train_loss": 0.6823132934570313, "clip_fraction": 0.0, "gradient_norm_mean": 0.2561109313964844, "gradient_norm_max": 0.36280542612075806, "step_seconds": 0.2673827111721039, "innovation_std_sum": 1371.6137629230047, "noise_marginal_std_sum": 1891.8840083717369}
{"step": 260, "epoch": 5, "train_loss": 0.6814299926757813, "clip_fraction": 0.0, "gradient_norm_mean": 0.24212451171875, "gradient_norm_max": 0.35632386803627014, "step_seconds": 0.26546957343816757, "innovation_std_sum": 1371.6137629230047, "noise_marginal_std_sum": 1891.8840083717369}
{"step": 270, "epoch": 5, "train_loss": 0.68735400390625, "clip_fraction": 0.0, "gradient_norm_mean": 0.2309817352294922, "gradient_norm_max": 0.3436303734779358, "step_seconds": 0.2668666783720255, "innovation_std_sum": 1371.6137629230047, "noise_marginal_std_sum": 1891.8840083717369}
{"step": 280, "epoch": 5, "train_loss": 0.6837662353515624, "clip_fraction": 0.0, "gradient_norm_mean": 0.21821310424804688, "gradient_norm_max": 0.3238574266433716, "step_seconds": 0.2673108745366335, "innovation_std_sum": 1371.6137629230047, "noise_marginal_std_sum": 1891.8840083717369}
{"step": 290, "epoch": 5, "train_loss": 0.6785687255859375, "clip_fraction": 0.0, "gradient_norm_mean": 0.2063179931640625, "gradient_norm_max": 0.3230982720851898, "step_seconds": 0.17364429868757725, "innovation_std_sum": 1371.6137629230047, "noise_marginal_std_sum": 1891.8840083717369}
{"step": 300, "epoch": 5, "train_loss": 0.687267333984375, "clip_fraction": 0.0, "gradient_norm_mean": 0.19733737182617186, "gradient_norm_max": 0.2818653881549835, "step_seconds": 0.12798037938773632, "innovation_std_sum": 1371.6137629230047, "noise_marginal_std_sum": 1891.8840083717369}
{"step": 310, "epoch": 5, "train_loss": 0.6806727294921875, "clip_fraction": 0.0, "gradient_norm_mean": 0.1880892333984375, "gradient_norm_max": 0.26388245820999146, "step_seconds": 0.12798253446817398, "innovation_std_sum": 1371.6137629230047, "noise_marginal_std_sum": 1891.8840083717369}
{"epoch": 5, "step": 310, "train_loss": 0.684939456078314, "clip_fraction": 0.0, "epsilon": 8.000000000000005, "accuracy": 0.5580482333146383, "validation_loss": 0.6843765146109652, "validation_examples": 5349}
