/home/longt29/miniconda3/envs/curve/lib/python3.11/site-packages/torchvision/datasets/cifar.py:83: VisibleDeprecationWarning: dtype(): align should be passed as Python or NumPy boolean but got `align=0`. Did you mean to pass a tuple to create a subarray type? (Deprecated NumPy 2.4)
  entry = pickle.load(f, encoding="latin1")
sys:1: UserWarning: Full backward hook is firing when gradients are computed with respect to module outputs since no inputs require gradients. See https://docs.pytorch.org/docs/main/generated/torch.nn.Module.html#torch.nn.Module.register_full_backward_hook for more details.
{"step": 10, "epoch": 1, "train_loss": 4.473289306640625, "clip_fraction": 1.0, "gradient_norm_mean": 62.5666728515625, "gradient_norm_max": 116.22264099121094, "step_seconds": 2.1199064273387194, "innovation_std_sum": 23.08812379317026, "noise_marginal_std_sum": 23.08812379317026}
{"step": 20, "epoch": 1, "train_loss": 4.154352661132813, "clip_fraction": 1.0, "gradient_norm_mean": 70.12167578125, "gradient_norm_max": 164.8318328857422, "step_seconds": 2.1200089938938618, "innovation_std_sum": 23.08812379317026, "noise_marginal_std_sum": 23.08812379317026}
{"step": 30, "epoch": 1, "train_loss": 3.7991771240234375, "clip_fraction": 1.0, "gradient_norm_mean": 80.9765, "gradient_norm_max": 144.97293090820312, "step_seconds": 2.1409565154463053, "innovation_std_sum": 23.08812379317026, "noise_marginal_std_sum": 23.08812379317026}
{"step": 40, "epoch": 1, "train_loss": 3.4409700927734375, "clip_fraction": 1.0, "gradient_norm_mean": 93.7695234375, "gradient_norm_max": 253.4751739501953, "step_seconds": 2.1632227655500174, "innovation_std_sum": 23.08812379317026, "noise_marginal_std_sum": 23.08812379317026}
{"step": 50, "epoch": 1, "train_loss": 3.0739464111328125, "clip_fraction": 0.993, "gradient_norm_mean": 103.161685546875, "gradient_norm_max": 283.0281677246094, "step_seconds": 2.18602217361331, "innovation_std_sum": 23.08812379317026, "noise_marginal_std_sum": 23.08812379317026}
{"epoch": 1, "step": 50, "train_loss": 3.9511239208984374, "clip_fraction": 0.99902, "epsilon": 5.945052941010145, "accuracy": 0.3304, "validation_loss": 2.814662878417969, "validation_examples": 10000}
{"step": 60, "epoch": 2, "train_loss": 2.792552185058594, "clip_fraction": 0.986, "gradient_norm_mean": 107.19851171875, "gradient_norm_max": 386.47283935546875, "step_seconds": 2.121571123600006, "innovation_std_sum": 23.08812379317026, "noise_marginal_std_sum": 23.08812379317026}
{"step": 70, "epoch": 2, "train_loss": 2.5505826416015625, "clip_fraction": 0.978, "gradient_norm_mean": 111.71384765625, "gradient_norm_max": 385.3273010253906, "step_seconds": 2.1212312914431095, "innovation_std_sum": 23.08812379317026, "noise_marginal_std_sum": 23.08812379317026}
{"step": 80, "epoch": 2, "train_loss": 2.4063881225585937, "clip_fraction": 0.972, "gradient_norm_mean": 111.232478515625, "gradient_norm_max": 458.46514892578125, "step_seconds": 2.149237632751465, "innovation_std_sum": 23.08812379317026, "noise_marginal_std_sum": 23.08812379317026}
{"step": 90, "epoch": 2, "train_loss": 2.2696351318359373, "clip_fraction": 0.935, "gradient_norm_mean": 109.90596484375, "gradient_norm_max": 542.2909545898438, "step_seconds": 2.1610332150012255, "innovation_std_sum": 23.08812379317026, "noise_marginal_std_sum": 23.08812379317026}
{"step": 100, "epoch": 2, "train_loss": 2.127740997314453, "clip_fraction": 0.913, "gradient_norm_mean": 110.206763671875, "gradient_norm_max": 522.9935913085938, "step_seconds": 2.1815828885883093, "innovation_std_sum": 23.08812379317026, "noise_marginal_std_sum": 23.08812379317026}
{"epoch": 2, "step": 100, "train_loss": 2.5149392321777344, "clip_fraction": 0.96906, "epsilon": 9.01117355132764, "accuracy": 0.556, "validation_loss": 1.7285504516601562, "validation_examples": 10000}
{"step": 110, "epoch": 3, "train_loss": 2.0465838928222655, "clip_fraction": 0.907, "gradient_norm_mean": 110.710052734375, "gradient_norm_max": 423.6292419433594, "step_seconds": 2.113171052187681, "innovation_std_sum": 23.08812379317026, "noise_marginal_std_sum": 23.08812379317026}
{"step": 120, "epoch": 3, "train_loss": 1.9022739868164062, "clip_fraction": 0.887, "gradient_norm_mean": 111.383658203125, "gradient_norm_max": 600.7760620117188, "step_seconds": 2.1088045854121447, "innovation_std_sum": 23.08812379317026, "noise_marginal_std_sum": 23.08812379317026}
{"step": 130, "epoch": 3, "train_loss": 1.8538346252441407, "clip_fraction": 0.867, "gradient_norm_mean": 109.802966796875, "gradient_norm_max": 542.6682739257812, "step_seconds": 2.138076938688755, "innovation_std_sum": 23.08812379317026, "noise_marginal_std_sum": 23.08812379317026}
{"step": 140, "epoch": 3, "train_loss": 1.8759008178710936, "clip_fraction": 0.872, "gradient_norm_mean": 114.958478515625, "gradient_norm_max": 628.8047485351562, "step_seconds": 2.180935360491276, "innovation_std_sum": 23.08812379317026, "noise_marginal_std_sum": 23.08812379317026}
{"step": 150, "epoch": 3, "train_loss": 1.7651171875, "clip_fraction": 0.842, "gradient_norm_mean": 112.678599609375, "gradient_norm_max": 586.7630615234375, "step_seconds": 2.205240875482559, "innovation_std_sum": 23.08812379317026, "noise_marginal_std_sum": 23.08812379317026}
{"epoch": 3, "step": 150, "train_loss": 1.9407528594970702, "clip_fraction": 0.88208, "epsilon": 11.573037572156496, "accuracy": 0.6388, "validation_loss": 1.3182413177490235, "validation_examples": 10000}
{"step": 160, "epoch": 4, "train_loss": 1.7910037841796875, "clip_fraction": 0.837, "gradient_norm_mean": 119.610451171875, "gradient_norm_max": 580.9669189453125, "step_seconds": 2.111914426088333, "innovation_std_sum": 23.08812379317026, "noise_marginal_std_sum": 23.08812379317026}
{"step": 170, "epoch": 4, "train_loss": 1.6941117858886718, "clip_fraction": 0.817, "gradient_norm_mean": 113.961076171875, "gradient_norm_max": 631.5221557617188, "step_seconds": 2.1633865665644407, "innovation_std_sum": 23.08812379317026, "noise_marginal_std_sum": 23.08812379317026}
{"step": 180, "epoch": 4, "train_loss": 1.6781679077148437, "clip_fraction": 0.809, "gradient_norm_mean": 110.653138671875, "gradient_norm_max": 619.8757934570312, "step_seconds": 2.2020350117236376, "innovation_std_sum": 23.08812379317026, "noise_marginal_std_sum": 23.08812379317026}
{"step": 190, "epoch": 4, "train_loss": 1.691611785888672, "clip_fraction": 0.805, "gradient_norm_mean": 115.77490625, "gradient_norm_max": 713.8069458007812, "step_seconds": 2.236324332654476, "innovation_std_sum": 23.08812379317026, "noise_marginal_std_sum": 23.08812379317026}
{"step": 200, "epoch": 4, "train_loss": 1.5491052856445313, "clip_fraction": 0.793, "gradient_norm_mean": 113.160564453125, "gradient_norm_max": 787.1419677734375, "step_seconds": 2.235824529081583, "innovation_std_sum": 23.08812379317026, "noise_marginal_std_sum": 23.08812379317026}
{"epoch": 4, "step": 200, "train_loss": 1.6870038043212892, "clip_fraction": 0.81456, "epsilon": 13.87126818349437, "accuracy": 0.6841, "validation_loss": 1.125403057861328, "validation_examples": 10000}
{"step": 210, "epoch": 5, "train_loss": 1.655691192626953, "clip_fraction": 0.779, "gradient_norm_mean": 116.379736328125, "gradient_norm_max": 590.134033203125, "step_seconds": 2.127476539462805, "innovation_std_sum": 23.08812379317026, "noise_marginal_std_sum": 23.08812379317026}
{"step": 220, "epoch": 5, "train_loss": 1.5660067138671876, "clip_fraction": 0.765, "gradient_norm_mean": 116.9422890625, "gradient_norm_max": 702.1901245117188, "step_seconds": 2.1759795639663935, "innovation_std_sum": 23.08812379317026, "noise_marginal_std_sum": 23.08812379317026}
{"step": 230, "epoch": 5, "train_loss": 1.615134735107422, "clip_fraction": 0.767, "gradient_norm_mean": 117.9312421875, "gradient_norm_max": 783.5549926757812, "step_seconds": 2.2199055552482605, "innovation_std_sum": 23.08812379317026, "noise_marginal_std_sum": 23.08812379317026}
{"step": 240, "epoch": 5, "train_loss": 1.5936237182617188, "clip_fraction": 0.781, "gradient_norm_mean": 119.768142578125, "gradient_norm_max": 1011.3160400390625, "step_seconds": 2.20945749245584, "innovation_std_sum": 23.08812379317026, "noise_marginal_std_sum": 23.08812379317026}
{"step": 250, "epoch": 5, "train_loss": 1.4862725219726562, "clip_fraction": 0.757, "gradient_norm_mean": 115.14055078125, "gradient_norm_max": 739.7102661132812, "step_seconds": 2.2241751924157143, "innovation_std_sum": 23.08812379317026, "noise_marginal_std_sum": 23.08812379317026}
{"epoch": 5, "step": 250, "train_loss": 1.5662486895751953, "clip_fraction": 0.7676, "epsilon": 16.000000000000018, "accuracy": 0.7083, "validation_loss": 1.0183515213012695, "validation_examples": 10000}
