Loading weights:   0%|          | 0/39 [00:00<?, ?it/s]Loading weights: 100%|██████████| 39/39 [00:00<00:00, 25607.05it/s]
[transformers] [1mBertModel LOAD REPORT[0m from: /media/data/data/lt/dp-adam-correlated/cache/bert-tiny
Key                                        | Status     |  | 
-------------------------------------------+------------+--+-
cls.predictions.decoder.bias               | UNEXPECTED |  | 
cls.predictions.transform.LayerNorm.weight | UNEXPECTED |  | 
cls.predictions.transform.dense.weight     | UNEXPECTED |  | 
cls.predictions.transform.dense.bias       | UNEXPECTED |  | 
cls.seq_relationship.weight                | UNEXPECTED |  | 
cls.predictions.transform.LayerNorm.bias   | UNEXPECTED |  | 
cls.seq_relationship.bias                  | UNEXPECTED |  | 
cls.predictions.decoder.weight             | UNEXPECTED |  | 
cls.predictions.bias                       | UNEXPECTED |  | 

Notes:
- UNEXPECTED:	can be ignored when loading from different task/architecture; not ok if you expect identical arch.
sys:1: UserWarning: Full backward hook is firing when gradients are computed with respect to module outputs since no inputs require gradients. See https://docs.pytorch.org/docs/main/generated/torch.nn.Module.html#torch.nn.Module.register_full_backward_hook for more details.
{"step": 10, "epoch": 1, "train_loss": 0.6820026245117188, "clip_fraction": 0.002, "gradient_norm_mean": 99.96609375, "gradient_norm_max": 219.33677673339844, "step_seconds": 0.13093170151114464, "innovation_std_sum": 914.409175282003, "noise_marginal_std_sum": 1261.2560055811578}
{"step": 20, "epoch": 1, "train_loss": 0.6699176025390625, "clip_fraction": 0.0, "gradient_norm_mean": 91.03421875, "gradient_norm_max": 153.4190673828125, "step_seconds": 0.13225708343088627, "innovation_std_sum": 914.409175282003, "noise_marginal_std_sum": 1261.2560055811578}
{"step": 30, "epoch": 1, "train_loss": 0.6432769775390625, "clip_fraction": 0.001, "gradient_norm_mean": 102.4433203125, "gradient_norm_max": 213.8757781982422, "step_seconds": 0.26860359124839306, "innovation_std_sum": 914.409175282003, "noise_marginal_std_sum": 1261.2560055811578}
{"step": 40, "epoch": 1, "train_loss": 0.6132490234375, "clip_fraction": 0.028, "gradient_norm_mean": 122.82815625, "gradient_norm_max": 242.92813110351562, "step_seconds": 0.2584213223308325, "innovation_std_sum": 914.409175282003, "noise_marginal_std_sum": 1261.2560055811578}
{"step": 50, "epoch": 1, "train_loss": 0.58675341796875, "clip_fraction": 0.142, "gradient_norm_mean": 138.9891875, "gradient_norm_max": 373.60516357421875, "step_seconds": 0.2654300406575203, "innovation_std_sum": 914.409175282003, "noise_marginal_std_sum": 1261.2560055811578}
{"step": 60, "epoch": 1, "train_loss": 0.5536644897460937, "clip_fraction": 0.319, "gradient_norm_mean": 158.64896875, "gradient_norm_max": 429.1224060058594, "step_seconds": 0.2709337789565325, "innovation_std_sum": 914.409175282003, "noise_marginal_std_sum": 1261.2560055811578}
{"epoch": 1, "step": 62, "train_loss": 0.6403237688618322, "clip_fraction": 0.12012903225806451, "epsilon": 2.983473211150575, "accuracy": 0.698394495412844, "validation_loss": 0.5703140705003651, "validation_examples": 872}
{"step": 70, "epoch": 2, "train_loss": 0.530683837890625, "clip_fraction": 0.388, "gradient_norm_mean": 170.71925, "gradient_norm_max": 543.0440063476562, "step_seconds": 0.2699358966201544, "innovation_std_sum": 914.409175282003, "noise_marginal_std_sum": 1261.2560055811578}
{"step": 80, "epoch": 2, "train_loss": 0.5281666870117188, "clip_fraction": 0.42, "gradient_norm_mean": 192.56790625, "gradient_norm_max": 700.9656982421875, "step_seconds": 0.27110394835472107, "innovation_std_sum": 914.409175282003, "noise_marginal_std_sum": 1261.2560055811578}
{"step": 90, "epoch": 2, "train_loss": 0.5009498596191406, "clip_fraction": 0.365, "gradient_norm_mean": 186.290078125, "gradient_norm_max": 761.8935546875, "step_seconds": 0.16287999413907528, "innovation_std_sum": 914.409175282003, "noise_marginal_std_sum": 1261.2560055811578}
{"step": 100, "epoch": 2, "train_loss": 0.556826416015625, "clip_fraction": 0.412, "gradient_norm_mean": 208.93634375, "gradient_norm_max": 819.8080444335938, "step_seconds": 0.27240772917866707, "innovation_std_sum": 914.409175282003, "noise_marginal_std_sum": 1261.2560055811578}
{"step": 110, "epoch": 2, "train_loss": 0.5204619750976562, "clip_fraction": 0.387, "gradient_norm_mean": 198.08396875, "gradient_norm_max": 961.7955322265625, "step_seconds": 0.27017936669290066, "innovation_std_sum": 914.409175282003, "noise_marginal_std_sum": 1261.2560055811578}
{"step": 120, "epoch": 2, "train_loss": 0.5309654541015625, "clip_fraction": 0.377, "gradient_norm_mean": 196.90640625, "gradient_norm_max": 909.2312622070312, "step_seconds": 0.2713635805994272, "innovation_std_sum": 914.409175282003, "noise_marginal_std_sum": 1261.2560055811578}
{"epoch": 2, "step": 124, "train_loss": 0.5177571883663055, "clip_fraction": 0.3806290322580645, "epsilon": 4.566965972959099, "accuracy": 0.7511467889908257, "validation_loss": 0.5749243377545558, "validation_examples": 872}
{"step": 130, "epoch": 3, "train_loss": 0.5287531127929688, "clip_fraction": 0.35, "gradient_norm_mean": 186.3680625, "gradient_norm_max": 996.18798828125, "step_seconds": 0.26870851404964924, "innovation_std_sum": 914.409175282003, "noise_marginal_std_sum": 1261.2560055811578}
{"step": 140, "epoch": 3, "train_loss": 0.494060302734375, "clip_fraction": 0.344, "gradient_norm_mean": 176.00821875, "gradient_norm_max": 952.727294921875, "step_seconds": 0.26569514721632004, "innovation_std_sum": 914.409175282003, "noise_marginal_std_sum": 1261.2560055811578}
{"step": 150, "epoch": 3, "train_loss": 0.4926317749023438, "clip_fraction": 0.323, "gradient_norm_mean": 168.94821875, "gradient_norm_max": 951.0916137695312, "step_seconds": 0.2806346844881773, "innovation_std_sum": 914.409175282003, "noise_marginal_std_sum": 1261.2560055811578}
{"step": 160, "epoch": 3, "train_loss": 0.4886742858886719, "clip_fraction": 0.336, "gradient_norm_mean": 165.7230625, "gradient_norm_max": 817.817626953125, "step_seconds": 0.266526747494936, "innovation_std_sum": 914.409175282003, "noise_marginal_std_sum": 1261.2560055811578}
{"step": 170, "epoch": 3, "train_loss": 0.49179022216796875, "clip_fraction": 0.294, "gradient_norm_mean": 151.143328125, "gradient_norm_max": 1025.7862548828125, "step_seconds": 0.26542406156659126, "innovation_std_sum": 914.409175282003, "noise_marginal_std_sum": 1261.2560055811578}
{"step": 180, "epoch": 3, "train_loss": 0.4960906372070312, "clip_fraction": 0.292, "gradient_norm_mean": 149.41303125, "gradient_norm_max": 1020.080810546875, "step_seconds": 0.1304107904434204, "innovation_std_sum": 914.409175282003, "noise_marginal_std_sum": 1261.2560055811578}
{"epoch": 3, "step": 186, "train_loss": 0.48372203408518144, "clip_fraction": 0.3165, "epsilon": 5.849088165717443, "accuracy": 0.7603211009174312, "validation_loss": 0.5489480517326145, "validation_examples": 872}
{"step": 190, "epoch": 4, "train_loss": 0.45783526611328124, "clip_fraction": 0.283, "gradient_norm_mean": 140.358171875, "gradient_norm_max": 716.3909912109375, "step_seconds": 0.26807043328881264, "innovation_std_sum": 914.409175282003, "noise_marginal_std_sum": 1261.2560055811578}
{"step": 200, "epoch": 4, "train_loss": 0.4671375732421875, "clip_fraction": 0.288, "gradient_norm_mean": 138.05625, "gradient_norm_max": 728.7182006835938, "step_seconds": 0.2682456187903881, "innovation_std_sum": 914.409175282003, "noise_marginal_std_sum": 1261.2560055811578}
{"step": 210, "epoch": 4, "train_loss": 0.4265245361328125, "clip_fraction": 0.251, "gradient_norm_mean": 125.6574453125, "gradient_norm_max": 766.8604736328125, "step_seconds": 0.26817893981933594, "innovation_std_sum": 914.409175282003, "noise_marginal_std_sum": 1261.2560055811578}
{"step": 220, "epoch": 4, "train_loss": 0.40779876708984375, "clip_fraction": 0.253, "gradient_norm_mean": 122.020140625, "gradient_norm_max": 770.9862060546875, "step_seconds": 0.2679129298776388, "innovation_std_sum": 914.409175282003, "noise_marginal_std_sum": 1261.2560055811578}
{"step": 230, "epoch": 4, "train_loss": 0.4643839111328125, "clip_fraction": 0.278, "gradient_norm_mean": 128.73578125, "gradient_norm_max": 798.6298828125, "step_seconds": 0.2680305577814579, "innovation_std_sum": 914.409175282003, "noise_marginal_std_sum": 1261.2560055811578}
{"step": 240, "epoch": 4, "train_loss": 0.41467742919921874, "clip_fraction": 0.236, "gradient_norm_mean": 115.5543984375, "gradient_norm_max": 706.6973266601562, "step_seconds": 0.2676824852824211, "innovation_std_sum": 914.409175282003, "noise_marginal_std_sum": 1261.2560055811578}
{"epoch": 4, "step": 248, "train_loss": 0.44510248688728576, "clip_fraction": 0.2655483870967742, "epsilon": 6.974398475295221, "accuracy": 0.7568807339449541, "validation_loss": 0.5443844970213164, "validation_examples": 872}
{"step": 250, "epoch": 5, "train_loss": 0.436769775390625, "clip_fraction": 0.253, "gradient_norm_mean": 117.225515625, "gradient_norm_max": 634.8754272460938, "step_seconds": 0.2687154170125723, "innovation_std_sum": 914.409175282003, "noise_marginal_std_sum": 1261.2560055811578}
{"step": 260, "epoch": 5, "train_loss": 0.4058297119140625, "clip_fraction": 0.231, "gradient_norm_mean": 111.3146484375, "gradient_norm_max": 693.0136108398438, "step_seconds": 0.26669411920011044, "innovation_std_sum": 914.409175282003, "noise_marginal_std_sum": 1261.2560055811578}
{"step": 270, "epoch": 5, "train_loss": 0.4410575866699219, "clip_fraction": 0.227, "gradient_norm_mean": 106.968984375, "gradient_norm_max": 659.8590698242188, "step_seconds": 0.26895307190716267, "innovation_std_sum": 914.409175282003, "noise_marginal_std_sum": 1261.2560055811578}
{"step": 280, "epoch": 5, "train_loss": 0.4481627197265625, "clip_fraction": 0.237, "gradient_norm_mean": 109.279578125, "gradient_norm_max": 636.179931640625, "step_seconds": 0.2660391665995121, "innovation_std_sum": 914.409175282003, "noise_marginal_std_sum": 1261.2560055811578}
{"step": 290, "epoch": 5, "train_loss": 0.432070068359375, "clip_fraction": 0.225, "gradient_norm_mean": 104.34771875, "gradient_norm_max": 590.543701171875, "step_seconds": 0.268534392118454, "innovation_std_sum": 914.409175282003, "noise_marginal_std_sum": 1261.2560055811578}
{"step": 300, "epoch": 5, "train_loss": 0.3857993469238281, "clip_fraction": 0.19, "gradient_norm_mean": 93.173203125, "gradient_norm_max": 535.9644775390625, "step_seconds": 0.2691270522773266, "innovation_std_sum": 914.409175282003, "noise_marginal_std_sum": 1261.2560055811578}
{"step": 310, "epoch": 5, "train_loss": 0.403115478515625, "clip_fraction": 0.198, "gradient_norm_mean": 98.871890625, "gradient_norm_max": 562.5913696289062, "step_seconds": 0.27003029361367226, "innovation_std_sum": 914.409175282003, "noise_marginal_std_sum": 1261.2560055811578}
{"epoch": 5, "step": 310, "train_loss": 0.4220542193997291, "clip_fraction": 0.2227258064516129, "epsilon": 8.000000000000005, "accuracy": 0.7706422018348624, "validation_loss": 0.5093072051302009, "validation_examples": 872}
