Loading weights:   0%|          | 0/39 [00:00<?, ?it/s]Loading weights: 100%|██████████| 39/39 [00:00<00:00, 7956.90it/s]
[transformers] [1mBertModel LOAD REPORT[0m from: /media/data/data/lt/dp-adam-correlated/cache/bert-tiny
Key                                        | Status     |  | 
-------------------------------------------+------------+--+-
cls.predictions.decoder.bias               | UNEXPECTED |  | 
cls.predictions.transform.dense.bias       | UNEXPECTED |  | 
cls.predictions.bias                       | UNEXPECTED |  | 
cls.predictions.transform.LayerNorm.bias   | UNEXPECTED |  | 
cls.predictions.transform.LayerNorm.weight | UNEXPECTED |  | 
cls.seq_relationship.weight                | UNEXPECTED |  | 
cls.seq_relationship.bias                  | UNEXPECTED |  | 
cls.predictions.transform.dense.weight     | UNEXPECTED |  | 
cls.predictions.decoder.weight             | UNEXPECTED |  | 

Notes:
- UNEXPECTED:	can be ignored when loading from different task/architecture; not ok if you expect identical arch.
sys:1: UserWarning: Full backward hook is firing when gradients are computed with respect to module outputs since no inputs require gradients. See https://docs.pytorch.org/docs/main/generated/torch.nn.Module.html#torch.nn.Module.register_full_backward_hook for more details.
{"step": 62, "epoch": 1.0, "train_loss": 0.8437091261340727, "clip_fraction": 0.8049677419354839, "validation_loss": 1.0490270148573422, "accuracy": 0.557861282482707, "validation_examples": 5349, "epsilon": 3.1232923300753557}
{"step": 124, "epoch": 2.0, "train_loss": 0.9959579182286417, "clip_fraction": 0.7224032258064518, "validation_loss": 1.10171049798754, "accuracy": 0.557861282482707, "validation_examples": 5349, "epsilon": 4.65092091490115}
{"step": 186, "epoch": 3.0, "train_loss": 0.893577368951613, "clip_fraction": 0.7897096774193548, "validation_loss": 0.9184732941695074, "accuracy": 0.5881473172555618, "validation_examples": 5349, "epsilon": 5.8971720333737725}
{"step": 248, "epoch": 4.0, "train_loss": 0.7171299891318045, "clip_fraction": 0.8077258064516131, "validation_loss": 0.7668091607642054, "accuracy": 0.6958309964479342, "validation_examples": 5349, "epsilon": 6.99603312968092}
{"step": 310, "epoch": 5.0, "train_loss": 0.7468199256158644, "clip_fraction": 0.7113870967741935, "validation_loss": 0.8064401825915365, "accuracy": 0.7274256870443073, "validation_examples": 5349, "epsilon": 8.000000000000005}
