[search] GPU 0 cv dp-adam-iid 4a8ab3f281da8c054efa
[search] GPU 1 cv dp-adam-iid c3ccd71544a0a4150ccd
[search] GPU 2 cv dp-adam-iid 35d3f60c1199087c6bc8
[search] GPU 3 cv dp-adam-iid c27a4ad3cb832b0a4431
[search] GPU 1 cv dp-adam-iid 63abb984db3927c948e7
[search] GPU 2 cv dp-adam-iid ab401749708413246567
[search] GPU 3 cv dp-adam-iid 5687058e181d12e3af9b
[search] GPU 0 cv dp-adam-iid c2db63d95f4f273938b4
[search] GPU 1 cv dp-adam-iid 849126dad9a7d0a06a33
[search] GPU 2 cv dp-adam-sgd-bandinvmf 4e6c607f790c2b426700
[search] GPU 3 cv dp-adam-sgd-bandinvmf c131f467940b31848321
[search] GPU 0 cv dp-adam-sgd-bandinvmf bed608438583fabe571f
[search] GPU 1 cv dp-adam-sgd-bandinvmf 7508b6544c931bbf6d77
[search] GPU 2 cv dp-adam-sgd-bandinvmf e04cd194ff070116ea9b
[search] GPU 3 cv dp-adam-sgd-bandinvmf 7c40a83bad2657af9680
[search] GPU 0 cv dp-adam-sgd-bandinvmf e9fcaec910bb98c7d554
[search] GPU 1 cv dp-adam-sgd-bandinvmf b857cdedb134b33c6875
[search] GPU 2 cv dp-adam-sgd-bandinvmf da1236605edf70b5a6a1
[search] GPU 3 cv dp-adam-sgd-bandinvmf 2827789f04d923ef1401
[search] GPU 0 cv dp-adam-sgd-bandinvmf 3e5890e2b46385ed113c
[search] GPU 1 cv dp-adam-sgd-bandinvmf 8d445fbf48c39709b82b
[search] GPU 2 cv dp-adam-sgd-bandinvmf e065abe41652e3581df6
[search] GPU 3 cv dp-adam-sgd-bandinvmf 423dc4ddf16b8bb560fc
[search] GPU 0 cv dp-adam-sgd-bandinvmf cf016ec3f9c2e63ec5f1
[search] GPU 1 cv dp-adam-sgd-bandinvmf 177642e45f059536614a
[search] GPU 2 cv dp-adam-sgd-bandinvmf a2766575e76e3a1678c6
[search] GPU 3 cv dp-adam-sgd-bandinvmf 9cbd896d9d9e9ac337f7
[search] GPU 0 cv dp-adam-sgd-bandinvmf 3fa6b3a74f12684b24f7
[search] GPU 1 cv dp-adam-sgd-bandinvmf 73cf2bc0a45527009085
[search] GPU 2 cv dp-adam-momentum-bandinvmf 30f16757e8d571324b33
[search] GPU 3 cv dp-adam-momentum-bandinvmf 907e6cd19f001fc02c0f
[search] GPU 0 cv dp-adam-momentum-bandinvmf bae588e9ab63fe579ece
[search] GPU 1 cv dp-adam-momentum-bandinvmf 5f140c3b1194e38a5341
[search] GPU 2 cv dp-adam-momentum-bandinvmf 67373e06e2f8a6e699ab
[search] GPU 3 cv dp-adam-momentum-bandinvmf 012be8ce0087bfbaa803
[search] GPU 0 cv dp-adam-momentum-bandinvmf 34dc7ce78ba53a8cdb80
[search] GPU 1 cv dp-adam-momentum-bandinvmf 741ed3fd17554a0edb62
[search] GPU 2 cv dp-adam-momentum-bandinvmf 129c79bab90de92677b2
[search] GPU 3 cv dp-adam-momentum-bandinvmf 37b7dabd5c23dc9f0fbe
[search] GPU 0 cv dp-adam-momentum-bandinvmf 307efd6b5920cb87450f
[search] GPU 1 cv dp-adam-momentum-bandinvmf ede1ca169957771f0804
[search] GPU 2 cv dp-adam-momentum-bandinvmf 86ec3a0d4e59c0d5efde
[search] GPU 3 cv dp-adam-momentum-bandinvmf bc3757d457fcffbb3747
[search] GPU 1 cv dp-adam-momentum-bandinvmf b5da13a5b462fca577e4
[search] GPU 0 cv dp-adam-momentum-bandinvmf 0cfbce25fdacfc32df69
[search] GPU 2 cv dp-adam-momentum-bandinvmf 4fd7f5b7a141787ddf67
[search] GPU 3 cv dp-adam-momentum-bandinvmf e9c5fe014a04862856bb
[search] GPU 1 cv dp-adam-momentum-bandinvmf f00c2cad89153ecdb259
[search] GPU 0 cv dp-adam-momentum-bandinvmf b126ec6486c01a43746b
[search] GPU 2 cv dp-adam-momentum-bias-bandinvmf 83e075132fab98ee3fe1
[search] GPU 3 cv dp-adam-momentum-bias-bandinvmf 7928f802b17ce90112b4
[search] GPU 1 cv dp-adam-momentum-bias-bandinvmf 348ba9484a97ec1e410f
[search] GPU 2 cv dp-adam-momentum-bias-bandinvmf 82e4159163f1e5795f2a
[search] GPU 0 cv dp-adam-momentum-bias-bandinvmf 4914d57cbdf1aec677a4
[search] GPU 3 cv dp-adam-momentum-bias-bandinvmf 2aa3f034525c08e5b327
[search] GPU 1 cv dp-adam-momentum-bias-bandinvmf 5dae9671e37d99fa89b2
[search] GPU 2 cv dp-adam-momentum-bias-bandinvmf 82fe908e77d6800c317c
[search] GPU 0 cv dp-adam-momentum-bias-bandinvmf 343811484fc1b3589b44
[search] GPU 3 cv dp-adam-momentum-bias-bandinvmf 47be0ac835756a337bee
[search] GPU 1 cv dp-adam-momentum-bias-bandinvmf 426db566d42e884d1ffe
[search] GPU 2 cv dp-adam-momentum-bias-bandinvmf aab7301cd0d4593a23b6
[search] GPU 3 cv dp-adam-momentum-bias-bandinvmf 30dbfe2ab109b3834976
[search] GPU 0 cv dp-adam-momentum-bias-bandinvmf f0c105f626e88bda218a
[search] GPU 1 cv dp-adam-momentum-bias-bandinvmf 9e05ea057606c7d852fd
[search] GPU 2 cv dp-adam-momentum-bias-bandinvmf e4439c93fa6851990966
[search] GPU 3 cv dp-adam-momentum-bias-bandinvmf e1b1b5d8695566981ca0
[search] GPU 0 cv dp-adam-momentum-bias-bandinvmf ac48b76f5cb6a0840e26
[search] GPU 1 cv dp-adam-momentum-bias-bandinvmf 8e8424d6a8d2bb240ccd
[search] GPU 2 cv dp-adam-momentum-bias-bandinvmf e82eb75139c29f4a4277
[search] GPU 3 cv dp-adam-sgd-bandinvmf-scale acf166fa140aefccaa2a
[search] GPU 0 cv dp-adam-sgd-bandinvmf-scale 4f3248ce201345284d9b
[search] GPU 1 cv dp-adam-sgd-bandinvmf-scale ba0d5d3ef529577c6030
[search] GPU 2 cv dp-adam-sgd-bandinvmf-scale e0852daa20cc1643ea5a
[search] GPU 3 cv dp-adam-sgd-bandinvmf-scale 9c0d8b7c1fdc4ffbb123
[search] GPU 0 cv dp-adam-sgd-bandinvmf-scale 53b6a62a38b6008eca61
[search] GPU 1 cv dp-adam-sgd-bandinvmf-scale 82e757b49b84d1dae6f0
[search] GPU 2 cv dp-adam-sgd-bandinvmf-scale 07f9687e57b929262fb3
[search] GPU 3 cv dp-adam-sgd-bandinvmf-scale 040ef6c43e99537585ef
[search] GPU 0 cv dp-adam-sgd-bandinvmf-scale 88533c576f698ea21204
[search] GPU 1 cv dp-adam-sgd-bandinvmf-scale 8aef3f7db5fb95ac418e
[search] GPU 2 cv dp-adam-sgd-bandinvmf-scale 6dcdbf0a9596b6a6e27f
[search] GPU 3 cv dp-adam-sgd-bandinvmf-scale 2f5d5195191329e43c45
[search] GPU 0 cv dp-adam-sgd-bandinvmf-scale 7d0f295df34eb39bf7e6
[search] GPU 1 cv dp-adam-sgd-bandinvmf-scale 44f1ae7d678234ad0fc6
[search] GPU 2 cv dp-adam-sgd-bandinvmf-scale 6388317f796d2fceb8cc
[search] GPU 3 cv dp-adam-sgd-bandinvmf-scale 8d2b60377c2dc50ee376
[search] GPU 0 cv dp-adam-sgd-bandinvmf-scale a2892ca4a7c2a4d86411
[search] GPU 1 cv dp-adam-sgd-bandinvmf-scale d4efc0ca7453acf7f387
[search] GPU 2 cv dp-adam-sgd-bandinvmf-scale b235561334a4dba91190
[search] GPU 3 cv dp-adam-sgd-bandinvmf-scale a8ee027b3834b59ad9e8
[search] GPU 1 cv dp-adam-sgd-bandinvmf-scale 7f69fe133f0bdd57a7de
[search] GPU 0 cv dp-adam-sgd-bandinvmf-scale 568995f56a6295c3b927
[search] GPU 2 cv dp-adam-sgd-bandinvmf-scale 24c58ef95fbcab117df0
[search] GPU 3 cv dp-adam-sgd-bandinvmf-scale 5359900027b6eb97f559
[search] GPU 1 cv dp-adam-sgd-bandinvmf-scale 1e5cf25a6b74f39a9128
[search] GPU 0 cv dp-adam-sgd-bandinvmf-scale 90253cc39dc34e0c45ad
[search] GPU 2 cv dp-adam-sgd-bandinvmf-scale 07f8544288bfeba4064e
[search] GPU 3 cv dp-adam-sgd-bandinvmf-scale 8f85f9f01ad8b3340abd
[search] GPU 1 cv dp-adam-sgd-bandinvmf-scale 3aa8fe0dae770237beba
[search] GPU 0 cv dp-adam-sgd-bandinvmf-scale 211566a7da5ba4e87ec1
[search] GPU 2 cv dp-adam-sgd-bandinvmf-scale a3426a968cb49442e300
[search] GPU 3 cv dp-adam-sgd-bandinvmf-scale 6512f7f2652ece717e67
[search] GPU 1 cv dp-adam-sgd-bandinvmf-scale 1b41d1286213dd01ab7a
[search] GPU 0 cv dp-adam-sgd-bandinvmf-scale accd23eebd8d5c35d9fa
[search] GPU 2 cv dp-adam-sgd-bandinvmf-scale 67ac3bef200ded2e7a19
[search] GPU 3 cv dp-adam-momentum-bandinvmf-scale 7645b51afa485a79f70d
[search] GPU 1 cv dp-adam-momentum-bandinvmf-scale 0a7fea4513a60a5a61c0
[search] GPU 0 cv dp-adam-momentum-bandinvmf-scale 6deed00995f2b6270e8d
[search] GPU 2 cv dp-adam-momentum-bandinvmf-scale e0150742e85f61305407
[search] GPU 3 cv dp-adam-momentum-bandinvmf-scale 9fc366edeb24bdead1d7
[search] GPU 1 cv dp-adam-momentum-bandinvmf-scale f2a3efe2290d0c54e6a1
[search] GPU 2 cv dp-adam-momentum-bandinvmf-scale 519044ec27b34bd23527
[search] GPU 0 cv dp-adam-momentum-bandinvmf-scale 1614c2ef15027179d8e2
[search] GPU 3 cv dp-adam-momentum-bandinvmf-scale eb4e321d3b16a6d4ad40
[search] GPU 1 cv dp-adam-momentum-bandinvmf-scale db2ee0d139ce45e3904b
[search] GPU 2 cv dp-adam-momentum-bandinvmf-scale 6c29210c4984525bbdec
[search] GPU 0 cv dp-adam-momentum-bandinvmf-scale ce8e347b7843eff7daf3
[search] GPU 3 cv dp-adam-momentum-bandinvmf-scale 88b34c6ea44d58e522de
[search] GPU 1 cv dp-adam-momentum-bandinvmf-scale 569efa4b86f5cd1e9bf1
[search] GPU 2 cv dp-adam-momentum-bandinvmf-scale c6b4374fd48ea0b39b11
[search] GPU 0 cv dp-adam-momentum-bandinvmf-scale 01fa70379fc1a73de43c
[search] GPU 3 cv dp-adam-momentum-bandinvmf-scale 650354b650962da2ef59
[search] GPU 1 cv dp-adam-momentum-bandinvmf-scale 565dd413221037b30c7c
[search] GPU 2 cv dp-adam-momentum-bandinvmf-scale 8ebc819c08a0078115fd
[search] GPU 3 cv dp-adam-momentum-bandinvmf-scale 2ce32e3e8e6bfd673062
[search] GPU 0 cv dp-adam-momentum-bandinvmf-scale 9098566363b511a1d0e8
[search] GPU 1 cv dp-adam-momentum-bandinvmf-scale dbf8877cdcc07f294e1e
[search] GPU 2 cv dp-adam-momentum-bandinvmf-scale dd09d6c085d9827ce221
[search] GPU 3 cv dp-adam-momentum-bandinvmf-scale e049f14bedcce05775bd
[search] GPU 0 cv dp-adam-momentum-bandinvmf-scale 59ec08b24595100eb091
[search] GPU 1 cv dp-adam-momentum-bandinvmf-scale c97364b1c438d118fdf3
[search] GPU 2 cv dp-adam-momentum-bandinvmf-scale 10a0367d343c6ccc61ba
[search] GPU 3 cv dp-adam-momentum-bandinvmf-scale 33ad84a6eb7ee8ba8155
[search] GPU 0 cv dp-adam-momentum-bandinvmf-scale 26f818697aad4e679b2a
[search] GPU 1 cv dp-adam-momentum-bandinvmf-scale e62e5cddb7ea4ab78f8a
[search] GPU 2 cv dp-adam-momentum-bandinvmf-scale d0d97ec4ddad9c797ba3
[search] GPU 3 cv dp-adam-momentum-bandinvmf-scale 966c1c869300724b5682
[search] GPU 0 cv dp-adam-momentum-bandinvmf-scale a5dbf0458218fe02139f
[search] GPU 1 cv dp-adam-momentum-bandinvmf-scale a50d9140299bfc0d817f
[search] GPU 2 cv dp-adam-momentum-bandinvmf-scale 5a153834630e1b0bafb6
[search] GPU 3 cv dp-adam-momentum-bandinvmf-scale ae465e6869042051d2fe
[search] GPU 0 cv dp-adam-momentum-bias-bandinvmf-scale 4651bd25b3a7d7e719e1
[search] GPU 1 cv dp-adam-momentum-bias-bandinvmf-scale da5157b86f4b8cc029f6
[search] GPU 2 cv dp-adam-momentum-bias-bandinvmf-scale af7ee654b6b4bc014331
[search] GPU 3 cv dp-adam-momentum-bias-bandinvmf-scale 327120b0c0e3c90c5c64
[search] GPU 1 cv dp-adam-momentum-bias-bandinvmf-scale 5d3dc7dedee3a3f6eb98
[search] GPU 0 cv dp-adam-momentum-bias-bandinvmf-scale 83b63ef928322f9e4d2d
[search] GPU 2 cv dp-adam-momentum-bias-bandinvmf-scale a71b47f9b74ad39d727e
[search] GPU 3 cv dp-adam-momentum-bias-bandinvmf-scale 597268c2d36d0f7cf3de
[search] GPU 1 cv dp-adam-momentum-bias-bandinvmf-scale 1a227b0b3318682095b3
[search] GPU 0 cv dp-adam-momentum-bias-bandinvmf-scale 0a67add1810abf003920
[search] GPU 2 cv dp-adam-momentum-bias-bandinvmf-scale 3f2e5d8a22f2ba774fa7
[search] GPU 3 cv dp-adam-momentum-bias-bandinvmf-scale 90f88fbbc770724d8655
[search] GPU 1 cv dp-adam-momentum-bias-bandinvmf-scale 1e8aa9c0643cf63ed1a9
[search] GPU 0 cv dp-adam-momentum-bias-bandinvmf-scale 5c22adc76ec963064ec5
[search] GPU 2 cv dp-adam-momentum-bias-bandinvmf-scale 67aae6f0e5cee109a7ae
[search] GPU 3 cv dp-adam-momentum-bias-bandinvmf-scale 15e400bf0d76ea3817cd
[search] GPU 1 cv dp-adam-momentum-bias-bandinvmf-scale 613c6b596b5a4da81e1e
[search] GPU 0 cv dp-adam-momentum-bias-bandinvmf-scale 347a9ca24520094bd734
[search] GPU 2 cv dp-adam-momentum-bias-bandinvmf-scale 77c465d1c600802c4ad4
[search] GPU 3 cv dp-adam-momentum-bias-bandinvmf-scale 8e80faa19a77cbd103ca
[search] GPU 1 cv dp-adam-momentum-bias-bandinvmf-scale ae6ae616eac522759a62
[search] GPU 0 cv dp-adam-momentum-bias-bandinvmf-scale 8aacdd4a33a03ee77548
[search] GPU 2 cv dp-adam-momentum-bias-bandinvmf-scale bec330a0bd71bed829d4
[search] GPU 3 cv dp-adam-momentum-bias-bandinvmf-scale 42826768341c5c7628cb
[search] GPU 1 cv dp-adam-momentum-bias-bandinvmf-scale bb76518c6d8ba4cbb179
[search] GPU 0 cv dp-adam-momentum-bias-bandinvmf-scale 0da32ad231dcafcdc179
[search] GPU 2 cv dp-adam-momentum-bias-bandinvmf-scale ac96a2f5acc6df7581b4
[search] GPU 3 cv dp-adam-momentum-bias-bandinvmf-scale 3deff3266592dcdb00a8
[search] GPU 1 cv dp-adam-momentum-bias-bandinvmf-scale b4cf6a657f21e1a7cb66
[search] GPU 2 cv dp-adam-momentum-bias-bandinvmf-scale 9f5b1b55034001daccb2
[search] GPU 0 cv dp-adam-momentum-bias-bandinvmf-scale ab04f06850197ce2a047
[search] GPU 3 cv dp-adam-momentum-bias-bandinvmf-scale c99e690cb6fd61e86e70
[search] GPU 1 cv dp-adam-momentum-bias-bandinvmf-scale 8fd4ab45b6109bc600db
[search] GPU 2 cv dp-adam-momentum-bias-bandinvmf-scale 07403aead6372dd8d0f8
[search] GPU 0 cv dp-adam-momentum-bias-bandinvmf-scale e93327abd6cca3c33133
[search] GPU 3 cv dp-adam-momentum-bias-bandinvmf-scale adb12bf9b758dda010ce
[search] GPU 1 nlp dp-adam-iid 1dca04fcee5afbc0c176
[search] GPU 1 nlp dp-adam-iid 9d505f9a5c79671c3139
[search] GPU 1 nlp dp-adam-iid d885c33d3d276d2e7898
[search] GPU 1 nlp dp-adam-iid cf5ca01a556e45279ec7
[search] GPU 1 nlp dp-adam-iid 22c88a27a38effea05d2
[search] GPU 1 nlp dp-adam-iid 8f25df83d192754d3f98
[search] GPU 2 nlp dp-adam-iid 2b24da3bc214aa0c48ee
[search] GPU 2 nlp dp-adam-iid d6dbce7109ac05c72a40
[search] GPU 1 nlp dp-adam-iid 7a3d19d87893bef6fb44
[search] GPU 1 nlp dp-adam-sgd-bandinvmf 37cf90e3f9c440c0ef42
[search] GPU 2 nlp dp-adam-sgd-bandinvmf b04cb4bc69dde23bac8f
[search] GPU 2 nlp dp-adam-sgd-bandinvmf 32f36649cb36f26d7c2c
[search] GPU 0 nlp dp-adam-sgd-bandinvmf 52fb8a5744bb74edae2e
[search] GPU 0 nlp dp-adam-sgd-bandinvmf 9513f0e587368216fc2a
[search] GPU 1 nlp dp-adam-sgd-bandinvmf 699cdfc5798a370f461c
[search] GPU 1 nlp dp-adam-sgd-bandinvmf bed4f37500880102996c
[search] GPU 2 nlp dp-adam-sgd-bandinvmf 3c8c848c3814c5094708
[search] GPU 2 nlp dp-adam-sgd-bandinvmf 633b9f2d1c16de219534
[search] GPU 0 nlp dp-adam-momentum-bandinvmf 0d0308ac396bfeeeda73
[search] GPU 0 nlp dp-adam-momentum-bandinvmf d0030b939b376da3985f
[search] GPU 1 nlp dp-adam-momentum-bandinvmf b6b7fbf55f3749c2cdbb
[search] GPU 1 nlp dp-adam-momentum-bandinvmf 7a0c90b0de5241e2136e
[search] GPU 3 nlp dp-adam-momentum-bandinvmf d112254cf25bff431550
[search] GPU 3 nlp dp-adam-momentum-bandinvmf f3183b7b08f14a7d5f47
[search] GPU 2 nlp dp-adam-momentum-bandinvmf 87895754b5e622a70059
[search] GPU 2 nlp dp-adam-momentum-bandinvmf 87598931aee8aa5bb085
[search] GPU 0 nlp dp-adam-momentum-bandinvmf c10b63619ffe9a962f90
[search] GPU 0 nlp dp-adam-momentum-bias-bandinvmf 249de62a3383a2f6f336
[search] GPU 1 nlp dp-adam-momentum-bias-bandinvmf cbcc78162e94842101d8
[search] GPU 1 nlp dp-adam-momentum-bias-bandinvmf e644e22f6331ec45816c
[search] GPU 3 nlp dp-adam-momentum-bias-bandinvmf 5c6b3a4873ea31f21232
[search] GPU 2 nlp dp-adam-momentum-bias-bandinvmf b77453a0b237af38ba6b
[search] GPU 3 nlp dp-adam-momentum-bias-bandinvmf 7b4117da0535f3fd8fe0
[search] GPU 2 nlp dp-adam-momentum-bias-bandinvmf 0cca10b47413f6d994c6
[search] GPU 0 nlp dp-adam-momentum-bias-bandinvmf c16e9850aaaeb48a9f18
[search] GPU 0 nlp dp-adam-momentum-bias-bandinvmf 15cfae31eb5b5eba42ff
[search] GPU 1 nlp dp-adam-sgd-bandinvmf-scale 2b7c5556ec696b084ef9
[search] GPU 1 nlp dp-adam-sgd-bandinvmf-scale caf94513254fa773e5d3
[search] GPU 3 nlp dp-adam-sgd-bandinvmf-scale d954bd981156aa52e632
[search] GPU 3 nlp dp-adam-sgd-bandinvmf-scale 1f87752a283ff339f88c
[search] GPU 2 nlp dp-adam-sgd-bandinvmf-scale d52dacda6811c7489fe4
[search] GPU 2 nlp dp-adam-sgd-bandinvmf-scale ad0126f7196e8e8473c7
[search] GPU 1 nlp dp-adam-sgd-bandinvmf-scale 1080cb1821f8fed43eae
[search] GPU 1 nlp dp-adam-sgd-bandinvmf-scale fa0fbfa4ded15f15802a
[search] GPU 0 nlp dp-adam-sgd-bandinvmf-scale 9dd385f1fbd60dbcf00b
[search] GPU 0 nlp dp-adam-sgd-bandinvmf-scale 508200249920429bea50
[search] GPU 3 nlp dp-adam-sgd-bandinvmf-scale 3b67a05d0e824c2505d2
[search] GPU 3 nlp dp-adam-sgd-bandinvmf-scale 731643631a8217d92c54
[search] GPU 2 nlp dp-adam-sgd-bandinvmf-scale 87fae0f8156c7ec22cb5
[search] GPU 2 nlp dp-adam-sgd-bandinvmf-scale 68b82b26d97107305bc0
[search] GPU 1 nlp dp-adam-sgd-bandinvmf-scale f3a8c600c5e48f09ccc8
[search] GPU 1 nlp dp-adam-sgd-bandinvmf-scale b562f67874f79e226c37
[search] GPU 0 nlp dp-adam-sgd-bandinvmf-scale d327f0a2da8a4434a374
[search] GPU 0 nlp dp-adam-sgd-bandinvmf-scale 5df146ecf79dac685507
[search] GPU 3 nlp dp-adam-sgd-bandinvmf-scale 976ea1697fe5aa37e4c6
[search] GPU 3 nlp dp-adam-sgd-bandinvmf-scale b52ad8b2123ad4f0c407
[search] GPU 2 nlp dp-adam-sgd-bandinvmf-scale 222da638d9481b27e61a
[search] GPU 2 nlp dp-adam-sgd-bandinvmf-scale 412df4c01c7907084497
[search] GPU 1 nlp dp-adam-sgd-bandinvmf-scale 5ae9c7c8a6810adc7fb3
[search] GPU 1 nlp dp-adam-sgd-bandinvmf-scale 299ff60186270bfd5a17
[search] GPU 0 nlp dp-adam-sgd-bandinvmf-scale c764510f49d40a9ec1a3
[search] GPU 0 nlp dp-adam-sgd-bandinvmf-scale 8976230dc52bc4b8cc0c
[search] GPU 3 nlp dp-adam-sgd-bandinvmf-scale 21bb2d582837cb465181
[search] GPU 3 nlp dp-adam-sgd-bandinvmf-scale b17c127bfc62557ae56e
[search] GPU 2 nlp dp-adam-sgd-bandinvmf-scale 6cee5891a9c1629f886f
[search] GPU 2 nlp dp-adam-sgd-bandinvmf-scale 4e43ccd765cdb561ef38
[search] GPU 1 nlp dp-adam-sgd-bandinvmf-scale d4c4639e9a3d1e647d0d
[search] GPU 1 nlp dp-adam-sgd-bandinvmf-scale 4ba72d2a666bf9fa8dc8
[search] GPU 0 nlp dp-adam-sgd-bandinvmf-scale be7a40e47838b4bbf6bb
[search] GPU 0 nlp dp-adam-sgd-bandinvmf-scale 916f5990d3aabf910d13
[search] GPU 2 nlp dp-adam-sgd-bandinvmf-scale 9467bcf67fe6507615d7
[search] GPU 3 nlp dp-adam-sgd-bandinvmf-scale fe0f8ce6b0a80780b9b1
[search] GPU 2 nlp dp-adam-momentum-bandinvmf-scale 51bde39b1a3b1aeec599
[search] GPU 3 nlp dp-adam-momentum-bandinvmf-scale a5ba37d9f4bb78273c8a
[search] GPU 1 nlp dp-adam-momentum-bandinvmf-scale e461bfc2adbe43380d06
[search] GPU 1 nlp dp-adam-momentum-bandinvmf-scale f59d3737582ecb14b77d
[search] GPU 0 nlp dp-adam-momentum-bandinvmf-scale 10c991129f3ace2df5db
[search] GPU 0 nlp dp-adam-momentum-bandinvmf-scale 20d9d502a7db03cc61ff
[search] GPU 1 nlp dp-adam-momentum-bandinvmf-scale 945801c93a93bdc920fa
[search] GPU 2 nlp dp-adam-momentum-bandinvmf-scale 6bbd805e7a10b210d835
[search] GPU 3 nlp dp-adam-momentum-bandinvmf-scale 619dc0473458398c0c3b
[search] GPU 2 nlp dp-adam-momentum-bandinvmf-scale 884a7b0d1052660a1d3d
[search] GPU 3 nlp dp-adam-momentum-bandinvmf-scale 2b2b61500253594f45d1
[search] GPU 1 nlp dp-adam-momentum-bandinvmf-scale 2c251c1f0cba97a3fc4d
[search] GPU 0 nlp dp-adam-momentum-bandinvmf-scale 16791c92cffa5640df6f
[search] GPU 0 nlp dp-adam-momentum-bandinvmf-scale 94249b3ff6ac4c04c46a
[search] GPU 1 nlp dp-adam-momentum-bandinvmf-scale 471752699a84043d3bb9
[search] GPU 1 nlp dp-adam-momentum-bandinvmf-scale 37a7668d7e1f42bfcfc2
[search] GPU 2 nlp dp-adam-momentum-bandinvmf-scale 4a44174cadb4961a129d
[search] GPU 3 nlp dp-adam-momentum-bandinvmf-scale 86a50677220a186caa06
[search] GPU 2 nlp dp-adam-momentum-bandinvmf-scale 0a26065bcd121df1d799
[search] GPU 3 nlp dp-adam-momentum-bandinvmf-scale 06f9fd075d28b7f37515
[search] GPU 0 nlp dp-adam-momentum-bandinvmf-scale e41da3807a6dc3c1a8b9
[search] GPU 0 nlp dp-adam-momentum-bandinvmf-scale 40d18cd01e9cc45a14b5
[search] GPU 1 nlp dp-adam-momentum-bandinvmf-scale 134c85d636e7d49ac7d9
[search] GPU 1 nlp dp-adam-momentum-bandinvmf-scale 5359703651ae553e7c25
[search] GPU 2 nlp dp-adam-momentum-bandinvmf-scale e8697f8c766ad5225067
[search] GPU 2 nlp dp-adam-momentum-bandinvmf-scale bdd2b4f2cc1fbbb58511
[search] GPU 3 nlp dp-adam-momentum-bandinvmf-scale 410c7b6ae218e56843f2
[search] GPU 3 nlp dp-adam-momentum-bandinvmf-scale b096aa5eda76b8edca44
[search] GPU 0 nlp dp-adam-momentum-bandinvmf-scale 3afaac008ca93f4f249d
[search] GPU 0 nlp dp-adam-momentum-bandinvmf-scale d54b66a0cbe126825d31
[search] GPU 1 nlp dp-adam-momentum-bandinvmf-scale a5da885f07a07ce98d9f
[search] GPU 1 nlp dp-adam-momentum-bandinvmf-scale 558f20f4bd84c8e8488a
[search] GPU 2 nlp dp-adam-momentum-bandinvmf-scale 254f10f991485cabc147
[search] GPU 2 nlp dp-adam-momentum-bandinvmf-scale abc7901e9dca8e47b575
[search] GPU 3 nlp dp-adam-momentum-bandinvmf-scale e99a2399c48265bd6924
[search] GPU 3 nlp dp-adam-momentum-bandinvmf-scale 649c4241279770a1a991
[search] GPU 0 nlp dp-adam-momentum-bias-bandinvmf-scale 7f7bc105410c03f88ce0
[search] GPU 0 nlp dp-adam-momentum-bias-bandinvmf-scale ed740790a8bdbe9a00a2
[search] GPU 1 nlp dp-adam-momentum-bias-bandinvmf-scale a265087acc46da365d13
[search] GPU 1 nlp dp-adam-momentum-bias-bandinvmf-scale 8788308c86879fd545ee
[search] GPU 2 nlp dp-adam-momentum-bias-bandinvmf-scale 8c363b6e05c10b542069
[search] GPU 2 nlp dp-adam-momentum-bias-bandinvmf-scale 12ef5c2f1ee3e5998d2e
[search] GPU 3 nlp dp-adam-momentum-bias-bandinvmf-scale 6696b09105081c5c160c
[search] GPU 3 nlp dp-adam-momentum-bias-bandinvmf-scale 90a81a3913463d012c58
[search] GPU 0 nlp dp-adam-momentum-bias-bandinvmf-scale 5f185de535ac5101ab1e
[search] GPU 0 nlp dp-adam-momentum-bias-bandinvmf-scale f88f85b195204ad15807
[search] GPU 1 nlp dp-adam-momentum-bias-bandinvmf-scale 41f07f2f4a6896da2dc0
[search] GPU 1 nlp dp-adam-momentum-bias-bandinvmf-scale 541a2d73ffedc0eea7aa
[search] GPU 2 nlp dp-adam-momentum-bias-bandinvmf-scale 8d15cdc44091f5851270
[search] GPU 3 nlp dp-adam-momentum-bias-bandinvmf-scale 417c35aa89a11ce2115f
[search] GPU 2 nlp dp-adam-momentum-bias-bandinvmf-scale c5085f602f09a60888ef
[search] GPU 3 nlp dp-adam-momentum-bias-bandinvmf-scale 8832bde5cf377a77665b
[search] GPU 0 nlp dp-adam-momentum-bias-bandinvmf-scale cc3b85a005250b7752cd
[search] GPU 0 nlp dp-adam-momentum-bias-bandinvmf-scale d1f17984b81b660e7b03
[search] GPU 1 nlp dp-adam-momentum-bias-bandinvmf-scale 092494263b9c994285cb
[search] GPU 1 nlp dp-adam-momentum-bias-bandinvmf-scale af96592ddedbb107a790
[search] GPU 2 nlp dp-adam-momentum-bias-bandinvmf-scale aff7a7a50eb91e61c220
[search] GPU 3 nlp dp-adam-momentum-bias-bandinvmf-scale 20f396971ce11ad261e0
[search] GPU 2 nlp dp-adam-momentum-bias-bandinvmf-scale 193a943ef445da976207
[search] GPU 3 nlp dp-adam-momentum-bias-bandinvmf-scale 15c09afbd6a63350b158
[search] GPU 0 nlp dp-adam-momentum-bias-bandinvmf-scale 52b0a93090101556b33d
[search] GPU 0 nlp dp-adam-momentum-bias-bandinvmf-scale 4325c938452b01acc0af
[search] GPU 1 nlp dp-adam-momentum-bias-bandinvmf-scale 179e7d072eeb9f857a46
[search] GPU 1 nlp dp-adam-momentum-bias-bandinvmf-scale 47803e1314f521afd01a
[search] GPU 3 nlp dp-adam-momentum-bias-bandinvmf-scale 6ba53587d41ff5410aea
[search] GPU 3 nlp dp-adam-momentum-bias-bandinvmf-scale c43ddf2f72e05655ce7c
[search] GPU 2 nlp dp-adam-momentum-bias-bandinvmf-scale d9ce5b9cb7186eb5a0d6
[search] GPU 2 nlp dp-adam-momentum-bias-bandinvmf-scale e07f308cf438d3a6afd8
[search] GPU 0 nlp dp-adam-momentum-bias-bandinvmf-scale 1be7d82103bb1a10ec16
[search] GPU 0 nlp dp-adam-momentum-bias-bandinvmf-scale 1085e0e54368a3a1b9e9
[search] GPU 1 nlp dp-adam-momentum-bias-bandinvmf-scale 345940df01a99398596e
[search] GPU 1 nlp dp-adam-momentum-bias-bandinvmf-scale 849a2caf60b6459698e8
[recheck] GPU 0 cv dp-adam-iid d1dfb906af8094d2fa81
[recheck] GPU 1 cv dp-adam-iid 8b30b944ebe8c803a727
[recheck] GPU 2 cv dp-adam-iid daaa00f7c04b19c16ce9
[recheck] GPU 3 cv dp-adam-iid afded85703f0bab028b4
[recheck] GPU 1 cv dp-adam-sgd-bandinvmf e9c28b37a481c62b04b1
[recheck] GPU 2 cv dp-adam-sgd-bandinvmf bb27e0bcc6deea326020
[recheck] GPU 3 cv dp-adam-sgd-bandinvmf 3d2aef9ad741f8fe43b5
[recheck] GPU 0 cv dp-adam-sgd-bandinvmf ee5358cf17a8d9654e14
[recheck] GPU 1 cv dp-adam-momentum-bandinvmf d944cc51350d4d2e9f60
[recheck] GPU 2 cv dp-adam-momentum-bandinvmf 282ca57196bc609535a9
[recheck] GPU 3 cv dp-adam-momentum-bandinvmf de0ab11ce85998366192
[recheck] GPU 0 cv dp-adam-momentum-bandinvmf 5603b07c109c8bf37fbd
[recheck] GPU 1 cv dp-adam-momentum-bias-bandinvmf 2f3684a536a52c4a5950
[recheck] GPU 2 cv dp-adam-momentum-bias-bandinvmf c9054d4c193e72fb7c97
[recheck] GPU 3 cv dp-adam-momentum-bias-bandinvmf efe8015919bd579c7730
[recheck] GPU 0 cv dp-adam-momentum-bias-bandinvmf e12b80e7c7219f24b53a
[recheck] GPU 1 cv dp-adam-sgd-bandinvmf-scale c4e3be5f8934e3d4da13
[recheck] GPU 2 cv dp-adam-sgd-bandinvmf-scale a5bdc1f6168db227eb7a
[recheck] GPU 3 cv dp-adam-sgd-bandinvmf-scale 91626f05c7f25622038d
[recheck] GPU 0 cv dp-adam-sgd-bandinvmf-scale 839f4f338fdeedeade74
[recheck] GPU 1 cv dp-adam-momentum-bandinvmf-scale f9f68a3275880b3ee770
[recheck] GPU 2 cv dp-adam-momentum-bandinvmf-scale 7bf9b2b9bd856258375c
[recheck] GPU 3 cv dp-adam-momentum-bandinvmf-scale 532dc8b978e2fb3657bf
[recheck] GPU 0 cv dp-adam-momentum-bandinvmf-scale 552c2fc1afc536e2ece2
[recheck] GPU 1 cv dp-adam-momentum-bias-bandinvmf-scale d21d64f5659aae3c4cfe
[recheck] GPU 2 cv dp-adam-momentum-bias-bandinvmf-scale cf76b2370b6235adca04
[recheck] GPU 3 cv dp-adam-momentum-bias-bandinvmf-scale 2b6ce93ea9b999cf9b2b
[recheck] GPU 0 cv dp-adam-momentum-bias-bandinvmf-scale 69d9278a7778dcf13bfe
[recheck] GPU 1 nlp dp-adam-iid 69aad34adcfbbcd507fe
[recheck] GPU 1 nlp dp-adam-iid eb933c5aa419c6e7ca21
[recheck] GPU 2 nlp dp-adam-iid 84bc88929ae3353c1466
[recheck] GPU 2 nlp dp-adam-iid 0f4f2fd84d7b9758e747
[recheck] GPU 1 nlp dp-adam-sgd-bandinvmf 7d7c112a18056c929a28
[recheck] GPU 1 nlp dp-adam-sgd-bandinvmf a9059870739265aa5c92
[recheck] GPU 3 nlp dp-adam-sgd-bandinvmf 99f9e4eea8d7063c8385
[recheck] GPU 3 nlp dp-adam-sgd-bandinvmf f1f4bd33549acc5b6ebd
[recheck] GPU 2 nlp dp-adam-momentum-bandinvmf 5306f1a0d7aeb2a17cf4
[recheck] GPU 2 nlp dp-adam-momentum-bandinvmf 689db16d49f2c28461b0
[recheck] GPU 1 nlp dp-adam-momentum-bandinvmf cf81f91d04dd264bcac3
[recheck] GPU 1 nlp dp-adam-momentum-bandinvmf ac67e8e119a8b26fa22f
[recheck] GPU 3 nlp dp-adam-momentum-bias-bandinvmf dc59a01fe99e819c6857
[recheck] GPU 3 nlp dp-adam-momentum-bias-bandinvmf 265a037c5151930ead55
[recheck] GPU 2 nlp dp-adam-momentum-bias-bandinvmf a51cfa5c701683dd98ae
[recheck] GPU 2 nlp dp-adam-momentum-bias-bandinvmf 0aa1978feaf694a9cf66
[recheck] GPU 1 nlp dp-adam-sgd-bandinvmf-scale 07073b66b8d4b0b014c3
[recheck] GPU 1 nlp dp-adam-sgd-bandinvmf-scale 5d6012f9cbd1e1832206
[recheck] GPU 3 nlp dp-adam-sgd-bandinvmf-scale 21819ca54ed1ac3e1cb2
[recheck] GPU 3 nlp dp-adam-sgd-bandinvmf-scale d5c05096e0390104e7e6
[recheck] GPU 2 nlp dp-adam-momentum-bandinvmf-scale 9f169020c89a2e1e9ba1
[recheck] GPU 2 nlp dp-adam-momentum-bandinvmf-scale 2875d7dbb1eb82cbb79d
[recheck] GPU 0 nlp dp-adam-momentum-bandinvmf-scale c5b0bea6f97bb5752b44
[recheck] GPU 0 nlp dp-adam-momentum-bandinvmf-scale 74ff2f33902dce119155
[recheck] GPU 1 nlp dp-adam-momentum-bias-bandinvmf-scale e6ec57e796feafb9b07e
[recheck] GPU 1 nlp dp-adam-momentum-bias-bandinvmf-scale 4a3bc7b5ed9ef7def241
[recheck] GPU 3 nlp dp-adam-momentum-bias-bandinvmf-scale 504c557769c295e839aa
[recheck] GPU 3 nlp dp-adam-momentum-bias-bandinvmf-scale 2918b2282d483e0b8ffa
[final] GPU 0 cv dp-adam-iid b2bf7eb507fc011b9e63
[final] GPU 1 cv dp-adam-sgd-bandinvmf a4ca6910ffa4743845f7
[final] GPU 2 cv dp-adam-momentum-bandinvmf 5d12753907fdbcabafbd
[final] GPU 3 cv dp-adam-momentum-bias-bandinvmf 1c9dfd58a8210743e8cb
[final] GPU 2 cv dp-adam-sgd-bandinvmf-scale 54b021eaf4dc6880587a
[final] GPU 1 cv dp-adam-momentum-bandinvmf-scale 9aae6e152f295e7c4d71
[final] GPU 3 cv dp-adam-momentum-bias-bandinvmf-scale a5724c00b774cde910cb
[final] GPU 0 cv dp-adam-iid 87e3746e2d0370639b6c
[final] GPU 1 cv dp-adam-sgd-bandinvmf 2fb1480c387fcea32651
[final] GPU 2 cv dp-adam-momentum-bandinvmf e7411b5de627f4089018
[final] GPU 3 cv dp-adam-momentum-bias-bandinvmf 6fe2574dac6887f40ded
[final] GPU 0 cv dp-adam-sgd-bandinvmf-scale 8eda6c988ddc6098afe1
[final] GPU 1 cv dp-adam-momentum-bandinvmf-scale a055d96ea3ef81b490a9
[final] GPU 2 cv dp-adam-momentum-bias-bandinvmf-scale d6bbab634f92930953ef
[final] GPU 3 cv dp-adam-iid 496ea56a0ced76184172
[final] GPU 0 cv dp-adam-sgd-bandinvmf 79f23d01d5115d1b189b
[final] GPU 1 cv dp-adam-momentum-bandinvmf 3803b0508d495e64ea0d
[final] GPU 2 cv dp-adam-momentum-bias-bandinvmf 6b6a2760fea7f340b7cc
[final] GPU 3 cv dp-adam-sgd-bandinvmf-scale 94838db8fe58ada31d35
[final] GPU 0 cv dp-adam-momentum-bandinvmf-scale 426e6aed46f98bdf58d9
[final] GPU 1 cv dp-adam-momentum-bias-bandinvmf-scale 9597f6f6eafe0b80bff8
[final] GPU 2 cv dp-adam-iid 4a790aca6c9e25a90d10
[final] GPU 3 cv dp-adam-sgd-bandinvmf 10559148952a92b14ec8
[final] GPU 0 cv dp-adam-momentum-bandinvmf 8d3a584c1688115e8502
[final] GPU 1 cv dp-adam-momentum-bias-bandinvmf 60702af2b5645af67f00
[final] GPU 2 cv dp-adam-sgd-bandinvmf-scale c16f8074d8d00c96a032
[final] GPU 3 cv dp-adam-momentum-bandinvmf-scale bdb87446ac559e01876c
[final] GPU 0 cv dp-adam-momentum-bias-bandinvmf-scale 3fb78acfd638aa6b25c0
[final] GPU 1 cv dp-adam-iid f5f669476c8232ee39dc
[final] GPU 2 cv dp-adam-sgd-bandinvmf 77a2ccfd922b76ae8a91
[final] GPU 3 cv dp-adam-momentum-bandinvmf 44c585dcf28710a9fa58
[final] GPU 0 cv dp-adam-momentum-bias-bandinvmf f7c75801e9fa705a0edc
[final] GPU 1 cv dp-adam-sgd-bandinvmf-scale 01d215eae128403e451d
[final] GPU 2 cv dp-adam-momentum-bandinvmf-scale c8ee8456e718da1738fc
[final] GPU 3 cv dp-adam-momentum-bias-bandinvmf-scale 26ffea35c8e12e375efc
[final] GPU 0 cv dp-adam-iid ac89c5c5a78a9aef2118
[final] GPU 1 cv dp-adam-sgd-bandinvmf 614006ca33913fbbd4c4
[final] GPU 2 cv dp-adam-momentum-bandinvmf 8184ba350bd0a0fc58b5
[final] GPU 3 cv dp-adam-momentum-bias-bandinvmf 61b437047d15e058ba41
[final] GPU 0 cv dp-adam-sgd-bandinvmf-scale 99a862918bcbf69ddd7d
[final] GPU 1 cv dp-adam-momentum-bandinvmf-scale df629f95a800e8b855be
[final] GPU 2 cv dp-adam-momentum-bias-bandinvmf-scale 3a503bf7f506dddeb454
[final] GPU 3 cv dp-adam-iid c5ceb7df7527916228e2
[final] GPU 0 cv dp-adam-sgd-bandinvmf 62a9379bbd2cceeca036
[final] GPU 1 cv dp-adam-momentum-bandinvmf 87793e279c6a2ebe5f43
[final] GPU 2 cv dp-adam-momentum-bias-bandinvmf e30fbee832a01493a337
[final] GPU 3 cv dp-adam-sgd-bandinvmf-scale 0a713dccbe5642b4178b
[final] GPU 1 cv dp-adam-momentum-bandinvmf-scale 2a8f6d41b8072385fbb5
[final] GPU 0 cv dp-adam-momentum-bias-bandinvmf-scale f4dc11a0634ee09f1c66
[final] GPU 2 cv dp-adam-iid a4714c3794912d94bd11
[final] GPU 3 cv dp-adam-sgd-bandinvmf ec5c6a175fb1bc918ef7
[final] GPU 1 cv dp-adam-momentum-bandinvmf d0cd9db9d4146dfe6aaa
[final] GPU 0 cv dp-adam-momentum-bias-bandinvmf 7f11d1f7b0d84eac0362
[final] GPU 2 cv dp-adam-sgd-bandinvmf-scale e35b5005f4e5220027c7
[final] GPU 3 cv dp-adam-momentum-bandinvmf-scale 039bb5c405c01abf2d62
[final] GPU 1 cv dp-adam-momentum-bias-bandinvmf-scale 59478e450049f07105a1
[final] GPU 2 cv dp-adam-iid dddec65289b723b719e6
[final] GPU 0 cv dp-adam-sgd-bandinvmf 9bfc92539bab1418f272
[final] GPU 3 cv dp-adam-momentum-bandinvmf 71aed7ec0ea186413a82
[final] GPU 1 cv dp-adam-momentum-bias-bandinvmf ec9f8ce2b58ffb6e003c
[final] GPU 2 cv dp-adam-sgd-bandinvmf-scale 5ca4a1d9697831b0053f
[final] GPU 0 cv dp-adam-momentum-bandinvmf-scale f754883681b0af37fa43
[final] GPU 3 cv dp-adam-momentum-bias-bandinvmf-scale a23a93790b66a0b3ef34
[final] GPU 1 cv dp-adam-iid 8e3dd4350da6f1313352
[final] GPU 2 cv dp-adam-sgd-bandinvmf 799c0ef7f2f7a1e49c17
[final] GPU 3 cv dp-adam-momentum-bandinvmf 1d81b29c2729e1c69147
[final] GPU 0 cv dp-adam-momentum-bias-bandinvmf 1db8b40814ea5bd42c68
[final] GPU 1 cv dp-adam-sgd-bandinvmf-scale eb81913e1c65f84f5e9f
[final] GPU 2 cv dp-adam-momentum-bandinvmf-scale 3c8ec2ab8277ffeaea2b
[final] GPU 3 cv dp-adam-momentum-bias-bandinvmf-scale 76e004fd13dc89d111a8
[final] GPU 0 nlp dp-adam-iid fee4dcde91fa57085f11
[final] GPU 0 nlp dp-adam-sgd-bandinvmf 5f3c54ec3615f5bcd830
[final] GPU 0 nlp dp-adam-momentum-bandinvmf b7c17fd647d5cb0f3e71
[final] GPU 0 nlp dp-adam-momentum-bias-bandinvmf da43bdfab2c2f77a7e00
[final] GPU 0 nlp dp-adam-sgd-bandinvmf-scale 17e988532f986b4737ca
[final] GPU 0 nlp dp-adam-momentum-bandinvmf-scale 3c14ef29981366595552
[final] GPU 1 nlp dp-adam-momentum-bias-bandinvmf-scale 40963e55c17cb1b04527
[final] GPU 1 nlp dp-adam-iid 5eb40c53e235b814905c
[final] GPU 0 nlp dp-adam-sgd-bandinvmf 2d464c29f3e6ca17b6c7
[final] GPU 0 nlp dp-adam-momentum-bandinvmf 2798224bf7c57e7261a7
[final] GPU 1 nlp dp-adam-momentum-bias-bandinvmf 066a0a509e4d676ebb23
[final] GPU 1 nlp dp-adam-sgd-bandinvmf-scale 6bf125087841c2646eb1
[final] GPU 0 nlp dp-adam-momentum-bandinvmf-scale 74c456689d6f89677909
[final] GPU 0 nlp dp-adam-momentum-bias-bandinvmf-scale 73d19274cdd04809a5d7
[final] GPU 2 nlp dp-adam-iid 035d3bdb77387b3697d5
[final] GPU 2 nlp dp-adam-sgd-bandinvmf 06bca5d89de911b4ba09
[final] GPU 1 nlp dp-adam-momentum-bandinvmf f6a4f4f8829190226d61
[final] GPU 1 nlp dp-adam-momentum-bias-bandinvmf 3844539a82c86f41892b
[final] GPU 0 nlp dp-adam-sgd-bandinvmf-scale abf4920d5712321d743c
[final] GPU 0 nlp dp-adam-momentum-bandinvmf-scale 352f5e654d4f480c63c4
[final] GPU 2 nlp dp-adam-momentum-bias-bandinvmf-scale cf4db23af8d9a48256a3
[final] GPU 2 nlp dp-adam-iid a214b22796a5e9dd9f1d
[final] GPU 3 nlp dp-adam-sgd-bandinvmf 3db46bfa8ea51c5e574e
[final] GPU 3 nlp dp-adam-momentum-bandinvmf 87683c9e518d86692f90
[final] GPU 1 nlp dp-adam-momentum-bias-bandinvmf 1044638502b7159c9a51
[final] GPU 1 nlp dp-adam-sgd-bandinvmf-scale 794943c2d2dfbedbf442
[final] GPU 0 nlp dp-adam-momentum-bandinvmf-scale 733757c08db859fadee7
[final] GPU 0 nlp dp-adam-momentum-bias-bandinvmf-scale e6be89b4d61849a20acb
[final] GPU 2 nlp dp-adam-iid ab4f27c356adba764e9e
[final] GPU 2 nlp dp-adam-sgd-bandinvmf ef000fcbf8b97f18533b
[final] GPU 3 nlp dp-adam-momentum-bandinvmf 284ff24f6a76f603440d
[final] GPU 3 nlp dp-adam-momentum-bias-bandinvmf 71ad4b833a65c258bc43
[final] GPU 1 nlp dp-adam-sgd-bandinvmf-scale 1f37e4cd6944d4b299b5
[final] GPU 1 nlp dp-adam-momentum-bandinvmf-scale 1080187c04fe3a2a0112
[final] GPU 0 nlp dp-adam-momentum-bias-bandinvmf-scale 2d9a06fdfdec1e3e855a
[final] GPU 0 nlp dp-adam-iid 59d89bfc30d21e6bf98b
[final] GPU 2 nlp dp-adam-sgd-bandinvmf d82ab917b2a624da647b
[final] GPU 2 nlp dp-adam-momentum-bandinvmf ded1c9046519a65c2784
[final] GPU 3 nlp dp-adam-momentum-bias-bandinvmf c43995e643ed893c1fa3
[final] GPU 3 nlp dp-adam-sgd-bandinvmf-scale cc9651926722711f0315
[final] GPU 1 nlp dp-adam-momentum-bandinvmf-scale cb5e1997a5a119eabf76
[final] GPU 1 nlp dp-adam-momentum-bias-bandinvmf-scale 15681b432767e5b5f8e2
[final] GPU 2 nlp dp-adam-iid ffcb0567081a20bb4b25
[final] GPU 0 nlp dp-adam-sgd-bandinvmf 036a583e412416193fec
[final] GPU 0 nlp dp-adam-momentum-bandinvmf 3110e605fcc663c138e0
[final] GPU 2 nlp dp-adam-momentum-bias-bandinvmf 6f90000f381f92cf70c3
[final] GPU 3 nlp dp-adam-sgd-bandinvmf-scale 8d61e9e84bfd17d9a078
[final] GPU 3 nlp dp-adam-momentum-bandinvmf-scale 8bf7cf5e9d2f817d5746
[final] GPU 1 nlp dp-adam-momentum-bias-bandinvmf-scale a60548fe610068c575ed
[final] GPU 1 nlp dp-adam-iid 41172a4c2d0a70b290c7
[final] GPU 2 nlp dp-adam-sgd-bandinvmf 443f868e7c1243f79d51
[final] GPU 2 nlp dp-adam-momentum-bandinvmf 3d660282f2936a40f06e
[final] GPU 0 nlp dp-adam-momentum-bias-bandinvmf 65976ccb61c894d691ab
[final] GPU 0 nlp dp-adam-sgd-bandinvmf-scale 142fcac63f088477ae35
[final] GPU 3 nlp dp-adam-momentum-bandinvmf-scale 8c9d3c248510a0ec14d6
[final] GPU 3 nlp dp-adam-momentum-bias-bandinvmf-scale 15d496423d1c6905b03b
[final] GPU 1 nlp dp-adam-iid 3114800cd8d2d6127420
[final] GPU 1 nlp dp-adam-sgd-bandinvmf 4a8c34e79f7a491a0b69
[final] GPU 2 nlp dp-adam-momentum-bandinvmf 4ceda031b5e25aca5cef
[final] GPU 2 nlp dp-adam-momentum-bias-bandinvmf 5caa3a42092289e8b1f9
[final] GPU 0 nlp dp-adam-sgd-bandinvmf-scale 4817b1680eaef162f91c
[final] GPU 0 nlp dp-adam-momentum-bandinvmf-scale b2d48ef26c9a0f61c2ef
[final] GPU 3 nlp dp-adam-momentum-bias-bandinvmf-scale 86d8e40166ae90b9521f
[final] GPU 3 nlp dp-adam-iid fdb4edc51f3f6d9b010c
[final] GPU 1 nlp dp-adam-sgd-bandinvmf a2bae359670292614450
[final] GPU 1 nlp dp-adam-momentum-bandinvmf e41c5140117504133886
[final] GPU 2 nlp dp-adam-momentum-bias-bandinvmf 595c3f39ec94a4e9b08d
[final] GPU 2 nlp dp-adam-sgd-bandinvmf-scale 0a7fc5d4d2f01ebb1c00
[final] GPU 0 nlp dp-adam-momentum-bandinvmf-scale 61e26cf14934a0da3d66
[final] GPU 0 nlp dp-adam-momentum-bias-bandinvmf-scale a228a7630e97757e272e
[sweep] GPU 0 cv dp-adam-iid 79ef677c7a6c5a60fb99
[sweep] GPU 1 cv dp-adam-sgd-bandinvmf b7662fb5cf0eb9297ef4
[sweep] GPU 2 cv dp-adam-momentum-bandinvmf 44ee91de877d1809af53
[sweep] GPU 3 cv dp-adam-momentum-bias-bandinvmf 1b3b0b3135bf866f4d26
[sweep] GPU 1 cv dp-adam-sgd-bandinvmf-scale 355af3a1905cf1ce66bd
[sweep] GPU 2 cv dp-adam-momentum-bandinvmf-scale 77ce452e2e5ee8862985
[sweep] GPU 3 cv dp-adam-momentum-bias-bandinvmf-scale 86d25420cd2e2973666c
[sweep] GPU 0 cv dp-adam-iid 7c03c18f1acb19ac45ad
[sweep] GPU 1 cv dp-adam-sgd-bandinvmf 70813330a5066913eab4
[sweep] GPU 2 cv dp-adam-momentum-bandinvmf ab6b39300afee4a10acb
[sweep] GPU 3 cv dp-adam-momentum-bias-bandinvmf 75af35e4102d602dceb9
[sweep] GPU 0 cv dp-adam-sgd-bandinvmf-scale d74521cab92c7e0e6857
[sweep] GPU 1 cv dp-adam-momentum-bandinvmf-scale 4e5398f820eec03af5f2
[sweep] GPU 2 cv dp-adam-momentum-bias-bandinvmf-scale e0b9f26eaedc7333dd6b
[sweep] GPU 3 cv dp-adam-iid 76b2b24ba819be268198
[sweep] GPU 0 cv dp-adam-sgd-bandinvmf 4740448e5541bedc935d
[sweep] GPU 1 cv dp-adam-momentum-bandinvmf 0a051588da4eb3253683
[sweep] GPU 2 cv dp-adam-momentum-bias-bandinvmf 10c127b3464d3267f2fa
[sweep] GPU 3 cv dp-adam-sgd-bandinvmf-scale 1acfdf0e7a566f1b6bfe
[sweep] GPU 0 cv dp-adam-momentum-bandinvmf-scale a5b9ededcfade990f993
[sweep] GPU 1 cv dp-adam-momentum-bias-bandinvmf-scale 31823234517c3b831584
[sweep] GPU 2 cv dp-adam-iid a9b57f51a09467131692
[sweep] GPU 3 cv dp-adam-sgd-bandinvmf 6ba2676d5f3e96d7634a
[sweep] GPU 0 cv dp-adam-momentum-bandinvmf 9469e47cb2c413f32b2c
[sweep] GPU 1 cv dp-adam-momentum-bias-bandinvmf fa80a18aaeb6f880fa54
[sweep] GPU 2 cv dp-adam-sgd-bandinvmf-scale 7d561db1d225733988d4
[sweep] GPU 3 cv dp-adam-momentum-bandinvmf-scale f7c9e32fad6231b5977f
[sweep] GPU 0 cv dp-adam-momentum-bias-bandinvmf-scale d28cb00ed070b3541536
[sweep] GPU 1 cv dp-adam-iid c7148fb42df598dbadc3
[sweep] GPU 2 cv dp-adam-sgd-bandinvmf 9e317f1f26f048a9c205
[sweep] GPU 3 cv dp-adam-momentum-bandinvmf 9365b0fed10d87a4a845
[sweep] GPU 0 cv dp-adam-momentum-bias-bandinvmf bad0da7717e005418d56
[sweep] GPU 1 cv dp-adam-sgd-bandinvmf-scale 6972da37abed75cba357
[sweep] GPU 2 cv dp-adam-momentum-bandinvmf-scale fe3b44d68dd12bb4dbc3
[sweep] GPU 3 cv dp-adam-momentum-bias-bandinvmf-scale ee0ba7e1eeb06a330075
[sweep] GPU 0 cv dp-adam-iid 7a64857797e174b83840
[sweep] GPU 1 cv dp-adam-sgd-bandinvmf c4f80d5dd6750f605d18
[sweep] GPU 2 cv dp-adam-momentum-bandinvmf 489cb1c5a16b3e43c09e
[sweep] GPU 3 cv dp-adam-momentum-bias-bandinvmf fa3874d53df1d0b495d1
[sweep] GPU 0 cv dp-adam-sgd-bandinvmf-scale 44e6880e479a551116d9
[sweep] GPU 1 cv dp-adam-momentum-bandinvmf-scale 5d0c57dc04b2fe3ccc89
[sweep] GPU 2 cv dp-adam-momentum-bias-bandinvmf-scale 9902c382a0c6b964bf94
[sweep] GPU 3 cv dp-adam-iid cb91deda081e10dbc886
[sweep] GPU 0 cv dp-adam-sgd-bandinvmf 502efe121fa51288e36f
[sweep] GPU 1 cv dp-adam-momentum-bandinvmf a725a9041759ab8c715b
[sweep] GPU 2 cv dp-adam-momentum-bias-bandinvmf 3617942b7a2fb78b2deb
[sweep] GPU 3 cv dp-adam-sgd-bandinvmf-scale 07957c9f14f5965c4617
[sweep] GPU 0 cv dp-adam-momentum-bandinvmf-scale 6b7ffcc47dbc8b8811e6
[sweep] GPU 1 cv dp-adam-momentum-bias-bandinvmf-scale 7dd80c2681005358e434
[sweep] GPU 2 cv dp-adam-iid 3d8df0bbe18948704d47
[sweep] GPU 3 cv dp-adam-sgd-bandinvmf 4e6625e164a28c47f418
[sweep] GPU 1 cv dp-adam-momentum-bandinvmf 883cb68e87f6da7d737e
[sweep] GPU 0 cv dp-adam-momentum-bias-bandinvmf f0e55247cc5117b3bfdf
[sweep] GPU 2 cv dp-adam-sgd-bandinvmf-scale d7bc90781288c8c88a9d
[sweep] GPU 3 cv dp-adam-momentum-bandinvmf-scale f639642b086e00f95ba4
[sweep] GPU 1 cv dp-adam-momentum-bias-bandinvmf-scale 91162b58fa9a7fc7a36b
[sweep] GPU 2 cv dp-adam-iid 6eca9846583c144b9f57
[sweep] GPU 0 cv dp-adam-sgd-bandinvmf 7a66c1e446701805ada3
[sweep] GPU 3 cv dp-adam-momentum-bandinvmf b552bca6b4cbfca4daa7
[sweep] GPU 1 cv dp-adam-momentum-bias-bandinvmf d104d0caf642abeb322e
[sweep] GPU 2 cv dp-adam-sgd-bandinvmf-scale 3d2e96c08fec8a9f2b21
[sweep] GPU 0 cv dp-adam-momentum-bandinvmf-scale 4ac55859d5ec2aa13854
[sweep] GPU 3 cv dp-adam-momentum-bias-bandinvmf-scale 3025e3eed8893322d391
[sweep] GPU 1 nlp dp-adam-iid 92aa73a23682f2ce310b
[sweep] GPU 1 nlp dp-adam-sgd-bandinvmf 8185e5c4993c90e34d8a
[sweep] GPU 2 nlp dp-adam-momentum-bandinvmf e5717d998432453227a9
[sweep] GPU 2 nlp dp-adam-momentum-bias-bandinvmf fcaaab4790d76954a328
[sweep] GPU 1 nlp dp-adam-sgd-bandinvmf-scale 6f92b71c8101cccfe513
[sweep] GPU 1 nlp dp-adam-momentum-bandinvmf-scale 329372a42de0dedb859f
[sweep] GPU 2 nlp dp-adam-momentum-bias-bandinvmf-scale 5a8bb78ec7518a8d1a3e
[sweep] GPU 2 nlp dp-adam-iid d3ea33252bd58999b0b6
[sweep] GPU 3 nlp dp-adam-sgd-bandinvmf 2d520c911bcf431d5176
[sweep] GPU 3 nlp dp-adam-momentum-bandinvmf d024d03cdecda2cef5bf
[sweep] GPU 1 nlp dp-adam-momentum-bias-bandinvmf aa23321ec1c7d65c1e26
[sweep] GPU 1 nlp dp-adam-sgd-bandinvmf-scale 57546e395bb191c612b4
[sweep] GPU 0 nlp dp-adam-momentum-bandinvmf-scale fd82ed3c7830e6d4b1d2
[sweep] GPU 0 nlp dp-adam-momentum-bias-bandinvmf-scale 9755947db03000fcca81
[sweep] GPU 2 nlp dp-adam-iid 6d3124fb4f7da6b6c220
[sweep] GPU 2 nlp dp-adam-sgd-bandinvmf 7d0bfd5481bdfabf93f5
[sweep] GPU 3 nlp dp-adam-momentum-bandinvmf 07d7322d77b150f891e3
[sweep] GPU 1 nlp dp-adam-momentum-bias-bandinvmf 1566bc8871a4534704d3
[sweep] GPU 3 nlp dp-adam-sgd-bandinvmf-scale 0820e8c0ee77f9e82746
[sweep] GPU 1 nlp dp-adam-momentum-bandinvmf-scale d01e9be57f7f2902d7fb
[sweep] GPU 0 nlp dp-adam-momentum-bias-bandinvmf-scale 4c210a527cc440c4905a
[sweep] GPU 0 nlp dp-adam-iid 3edc243bfc07a4eac912
[sweep] GPU 2 nlp dp-adam-sgd-bandinvmf 3d99556ad8d68cdd4cb9
[sweep] GPU 2 nlp dp-adam-momentum-bandinvmf b40111b1836651003818
[sweep] GPU 1 nlp dp-adam-momentum-bias-bandinvmf 0c111be537b51a2a80f2
[sweep] GPU 1 nlp dp-adam-sgd-bandinvmf-scale 51f63dbd8bed3d667221
[sweep] GPU 3 nlp dp-adam-momentum-bandinvmf-scale 9fe7f6956b3f301bdd6d
[sweep] GPU 3 nlp dp-adam-momentum-bias-bandinvmf-scale cba3dafa99c3fadd2f44
[sweep] GPU 0 nlp dp-adam-iid cc37b68fa30b1a0d7424
[sweep] GPU 0 nlp dp-adam-sgd-bandinvmf 72d8cfd7e2c80ea6b498
[sweep] GPU 2 nlp dp-adam-momentum-bandinvmf a0e54c9d93526b403d91
[sweep] GPU 2 nlp dp-adam-momentum-bias-bandinvmf 74ef06e35bbd83db14b8
[sweep] GPU 1 nlp dp-adam-sgd-bandinvmf-scale ae3c2a6ed563eb801f28
[sweep] GPU 1 nlp dp-adam-momentum-bandinvmf-scale 2ef1332541925ea2f588
[sweep] GPU 3 nlp dp-adam-momentum-bias-bandinvmf-scale 2dc1eded2cd2b7737c6f
[sweep] GPU 3 nlp dp-adam-iid f096cecdf2d19e931d84
[sweep] GPU 0 nlp dp-adam-sgd-bandinvmf bf26e4344875cb3f8927
[sweep] GPU 0 nlp dp-adam-momentum-bandinvmf c2e2ca4dd0a2b6969e11
[sweep] GPU 2 nlp dp-adam-momentum-bias-bandinvmf 0a3f7f5d65cf65930e4d
[sweep] GPU 2 nlp dp-adam-sgd-bandinvmf-scale 03a97d7e61f5330023ac
[sweep] GPU 1 nlp dp-adam-momentum-bandinvmf-scale e6318c5772288112324b
[sweep] GPU 1 nlp dp-adam-momentum-bias-bandinvmf-scale cb2bbbf27d1c964218a2
[sweep] GPU 3 nlp dp-adam-iid 8b094299eac17861bc58
[sweep] GPU 3 nlp dp-adam-sgd-bandinvmf 384344ff355cb8b32927
[sweep] GPU 0 nlp dp-adam-momentum-bandinvmf 9b96597e62090b3d6c34
[sweep] GPU 0 nlp dp-adam-momentum-bias-bandinvmf 9564ba6ed490b36f9951
[sweep] GPU 2 nlp dp-adam-sgd-bandinvmf-scale 6f061b2a6f9306ad216b
[sweep] GPU 2 nlp dp-adam-momentum-bandinvmf-scale 060fa8856b90e93dac75
[sweep] GPU 1 nlp dp-adam-momentum-bias-bandinvmf-scale 54312bdc8026a32a580f
[sweep] GPU 1 nlp dp-adam-iid 5fef71999476dd0c859c
[sweep] GPU 3 nlp dp-adam-sgd-bandinvmf a7f5706861819e15f3e1
[sweep] GPU 3 nlp dp-adam-momentum-bandinvmf dc1b342320b9f6abd88c
[sweep] GPU 0 nlp dp-adam-momentum-bias-bandinvmf 6255f6fbc70c0cddd8b6
[sweep] GPU 0 nlp dp-adam-sgd-bandinvmf-scale 6108a9646a06458a1191
[sweep] GPU 2 nlp dp-adam-momentum-bandinvmf-scale dfb35d84af0013123daf
[sweep] GPU 2 nlp dp-adam-momentum-bias-bandinvmf-scale c7ddadacbc3e3ba67dfe
[sweep] GPU 1 nlp dp-adam-iid b94eb052d60013cddfed
[sweep] GPU 1 nlp dp-adam-sgd-bandinvmf 9c9854bf3efc20b5a793
[sweep] GPU 3 nlp dp-adam-momentum-bandinvmf 3d777f3221959ee4a17a
[sweep] GPU 3 nlp dp-adam-momentum-bias-bandinvmf 205c6f5b524f9dfae903
[sweep] GPU 0 nlp dp-adam-sgd-bandinvmf-scale 685f4dc2232d0fb6ab54
[sweep] GPU 0 nlp dp-adam-momentum-bandinvmf-scale c65fa27f26096954b2c8
[sweep] GPU 2 nlp dp-adam-momentum-bias-bandinvmf-scale daf565d44e78b142c1db
Exp9 complete: 643 planned full trainings; report exp9/results/final_report.md
