/home/longt29/miniconda3/envs/curve/lib/python3.11/site-packages/torchvision/datasets/cifar.py:83: VisibleDeprecationWarning: dtype(): align should be passed as Python or NumPy boolean but got `align=0`. Did you mean to pass a tuple to create a subarray type? (Deprecated NumPy 2.4)
  entry = pickle.load(f, encoding="latin1")
{"method": "dp-adam-momentum-bias-bandinvmf-scale", "smoke": false, "calibration": {"target_mu": 1.6660305978457184, "sensitivity": 4.065608121489227, "innovation_std_sum": 244.02961906860006, "adjacency": "add_remove_zero_out", "k": 5, "b_participation": 50, "sampling_amplification": false}, "coefficients": [1.0, -0.53161943769869, -0.0779998119461293, -0.2795535556950146]}
sys:1: UserWarning: Full backward hook is firing when gradients are computed with respect to module outputs since no inputs require gradients. See https://docs.pytorch.org/docs/main/generated/torch.nn.Module.html#torch.nn.Module.register_full_backward_hook for more details.
{"progress_step": 10, "epoch": 1, "train_loss_so_far": 4.624055712890625, "clip_fraction_so_far": 1.0}
{"progress_step": 20, "epoch": 1, "train_loss_so_far": 4.29028606262207, "clip_fraction_so_far": 1.0}
{"progress_step": 30, "epoch": 1, "train_loss_so_far": 3.964449601236979, "clip_fraction_so_far": 1.0}
{"progress_step": 40, "epoch": 1, "train_loss_so_far": 3.682822418212891, "clip_fraction_so_far": 0.999425}
{"progress_step": 50, "epoch": 1, "train_loss_so_far": 3.4389045629882813, "clip_fraction_so_far": 0.99694}
{"epoch": 1, "logical_steps": 50, "train_examples": 50000, "train_loss": 3.4389045629882813, "test_loss": 1.9429268157958985, "test_top1": 0.4947, "clip_fraction": 0.99694, "gdp_mu": 0.7271304784322894, "gdp_epsilon": 3.037976902428691, "target_mu": 1.6660305978457184, "target_epsilon": 8.0, "delta": 1e-05, "noise_std": 0.2853011411343001, "noise_std_space": "scaled", "innovation_std_sum": 244.02961906860006, "augmentation_trace_sha256": "0a82ef1c98ef26b05820e248be8ce93c4dfa5ec43fabeb1ff064b4ec4ee639dd", "seconds": 143.37537873908877}
{"progress_step": 60, "epoch": 2, "train_loss_so_far": 2.1863204650878907, "clip_fraction_so_far": 0.9666}
{"progress_step": 70, "epoch": 2, "train_loss_so_far": 2.1112525573730467, "clip_fraction_so_far": 0.9573}
{"progress_step": 80, "epoch": 2, "train_loss_so_far": 2.036005788167318, "clip_fraction_so_far": 0.9471}
{"progress_step": 90, "epoch": 2, "train_loss_so_far": 1.9755502304077148, "clip_fraction_so_far": 0.936075}
{"progress_step": 100, "epoch": 2, "train_loss_so_far": 1.9210944256591798, "clip_fraction_so_far": 0.92338}
{"epoch": 2, "logical_steps": 100, "train_examples": 50000, "train_loss": 1.9210944256591798, "test_loss": 1.1672783569335938, "test_top1": 0.6703, "clip_fraction": 0.92338, "gdp_mu": 1.0438331619280494, "gdp_epsilon": 4.600416946348178, "target_mu": 1.6660305978457184, "target_epsilon": 8.0, "delta": 1e-05, "noise_std": 0.2853011411343001, "noise_std_space": "scaled", "innovation_std_sum": 244.02961906860006, "augmentation_trace_sha256": "35e4f6656689ece8d67b95f2fdc2cc0f320a2787bb26cbe32443a0b0eb0ff36c", "seconds": 133.0292296744883}
{"progress_step": 110, "epoch": 3, "train_loss_so_far": 1.6255416778564453, "clip_fraction_so_far": 0.8492}
{"progress_step": 120, "epoch": 3, "train_loss_so_far": 1.6060897048950196, "clip_fraction_so_far": 0.8452}
{"progress_step": 130, "epoch": 3, "train_loss_so_far": 1.5768106252034506, "clip_fraction_so_far": 0.8359666666666666}
{"progress_step": 140, "epoch": 3, "train_loss_so_far": 1.5564682022094727, "clip_fraction_so_far": 0.827675}
{"progress_step": 150, "epoch": 3, "train_loss_so_far": 1.5306306781005858, "clip_fraction_so_far": 0.8184}
{"epoch": 3, "logical_steps": 150, "train_examples": 50000, "train_loss": 1.5306306781005858, "test_loss": 0.9204879013061523, "test_top1": 0.7312, "clip_fraction": 0.8184, "gdp_mu": 1.2851399415460758, "gdp_epsilon": 5.868262919898993, "target_mu": 1.6660305978457184, "target_epsilon": 8.0, "delta": 1e-05, "noise_std": 0.2853011411343001, "noise_std_space": "scaled", "innovation_std_sum": 244.02961906860006, "augmentation_trace_sha256": "516c381dfc4d1767bda79b3787fa43a7fb9c63558e6fd7cf239884b870b532ab", "seconds": 134.8364615533501}
{"progress_step": 160, "epoch": 4, "train_loss_so_far": 1.3964882904052733, "clip_fraction_so_far": 0.7713}
{"progress_step": 170, "epoch": 4, "train_loss_so_far": 1.4061652587890625, "clip_fraction_so_far": 0.769}
{"progress_step": 180, "epoch": 4, "train_loss_so_far": 1.388794785563151, "clip_fraction_so_far": 0.7610333333333333}
{"progress_step": 190, "epoch": 4, "train_loss_so_far": 1.3796297821044923, "clip_fraction_so_far": 0.75375}
{"progress_step": 200, "epoch": 4, "train_loss_so_far": 1.3677690240478515, "clip_fraction_so_far": 0.74854}
{"epoch": 4, "logical_steps": 200, "train_examples": 50000, "train_loss": 1.3677690240478515, "test_loss": 0.7982115005493164, "test_top1": 0.7643, "clip_fraction": 0.74854, "gdp_mu": 1.4878241288541523, "gdp_epsilon": 6.983019766523851, "target_mu": 1.6660305978457184, "target_epsilon": 8.0, "delta": 1e-05, "noise_std": 0.2853011411343001, "noise_std_space": "scaled", "innovation_std_sum": 244.02961906860006, "augmentation_trace_sha256": "f79c64ae547ce4a5916151652750e3f0192335976551aba79c8302e3541f4d42", "seconds": 133.38458248600364}
{"progress_step": 210, "epoch": 5, "train_loss_so_far": 1.292223599243164, "clip_fraction_so_far": 0.7097}
{"progress_step": 220, "epoch": 5, "train_loss_so_far": 1.3054015045166016, "clip_fraction_so_far": 0.70975}
{"progress_step": 230, "epoch": 5, "train_loss_so_far": 1.299431537882487, "clip_fraction_so_far": 0.7058}
{"progress_step": 240, "epoch": 5, "train_loss_so_far": 1.3055510200500489, "clip_fraction_so_far": 0.703575}
{"progress_step": 250, "epoch": 5, "train_loss_so_far": 1.2992233184814452, "clip_fraction_so_far": 0.699}
{"epoch": 5, "logical_steps": 250, "train_examples": 50000, "train_loss": 1.2992233184814452, "test_loss": 0.7399459045410156, "test_top1": 0.7794, "clip_fraction": 0.699, "gdp_mu": 1.6660305978457184, "gdp_epsilon": 8.000000000000005, "target_mu": 1.6660305978457184, "target_epsilon": 8.0, "delta": 1e-05, "noise_std": 0.2853011411343001, "noise_std_space": "scaled", "innovation_std_sum": 244.02961906860006, "augmentation_trace_sha256": "dcc2ff9b41c90d20ee48ba3ec127c8c65ed0e3f1c24814898f5bc24a291f7d15", "seconds": 135.30618723481894}
{"status": "completed", "results": "/media/data/data/lt/dp-adam-correlated/exp7b/results/final/trials/b29eb9166391b601"}
