Loading weights:   0%|          | 0/39 [00:00<?, ?it/s]Loading weights: 100%|██████████| 39/39 [00:00<00:00, 15168.57it/s]
[transformers] [1mBertModel LOAD REPORT[0m from: /media/data/data/lt/dp-adam-correlated/cache/bert-tiny
Key                                        | Status     |  | 
-------------------------------------------+------------+--+-
cls.predictions.transform.dense.weight     | UNEXPECTED |  | 
cls.predictions.bias                       | UNEXPECTED |  | 
cls.predictions.decoder.bias               | UNEXPECTED |  | 
cls.predictions.decoder.weight             | UNEXPECTED |  | 
cls.seq_relationship.bias                  | UNEXPECTED |  | 
cls.predictions.transform.dense.bias       | UNEXPECTED |  | 
cls.predictions.transform.LayerNorm.bias   | UNEXPECTED |  | 
cls.predictions.transform.LayerNorm.weight | UNEXPECTED |  | 
cls.seq_relationship.weight                | UNEXPECTED |  | 

Notes:
- UNEXPECTED:	can be ignored when loading from different task/architecture; not ok if you expect identical arch.
sys:1: UserWarning: Full backward hook is firing when gradients are computed with respect to module outputs since no inputs require gradients. See https://docs.pytorch.org/docs/main/generated/torch.nn.Module.html#torch.nn.Module.register_full_backward_hook for more details.
{"step": 10, "epoch": 1, "step_seconds": 0.27241697534918785, "innovation_std_sum": 2.290350584469516, "noise_marginal_std_sum": 2.5788827829474052, "pure_mf_cumulative_momentum_noise_variance": 1.7512576589066363e-05, "preconditioner_mean": 425.45330810546875, "preconditioner_change_relative": 0.10222127288579941, "denominator_lag_relative": 0.0, "block_age": 0}
{"step": 20, "epoch": 1, "step_seconds": 0.2715489938855171, "innovation_std_sum": 2.290350584469516, "noise_marginal_std_sum": 2.5788827829474052, "pure_mf_cumulative_momentum_noise_variance": 1.802331747445693e-05, "preconditioner_mean": 400.94427490234375, "preconditioner_change_relative": 0.03940886631608009, "denominator_lag_relative": 0.0, "block_age": 0}
{"step": 30, "epoch": 1, "step_seconds": 0.276524443179369, "innovation_std_sum": 2.290350584469516, "noise_marginal_std_sum": 2.5788827829474052, "pure_mf_cumulative_momentum_noise_variance": 1.8461572619719523e-05, "preconditioner_mean": 395.9973449707031, "preconditioner_change_relative": 0.025912906974554062, "denominator_lag_relative": 0.0, "block_age": 0}
{"step": 40, "epoch": 1, "step_seconds": 0.2680787742137909, "innovation_std_sum": 2.290350584469516, "noise_marginal_std_sum": 2.5788827829474052, "pure_mf_cumulative_momentum_noise_variance": 1.901046982406614e-05, "preconditioner_mean": 391.537841796875, "preconditioner_change_relative": 0.01987186260521412, "denominator_lag_relative": 0.0, "block_age": 0}
{"step": 50, "epoch": 1, "step_seconds": 0.26641768775880337, "innovation_std_sum": 2.290350584469516, "noise_marginal_std_sum": 2.5788827829474052, "pure_mf_cumulative_momentum_noise_variance": 1.962478148580399e-05, "preconditioner_mean": 389.2098388671875, "preconditioner_change_relative": 0.01464427262544632, "denominator_lag_relative": 0.0, "block_age": 0}
{"step": 60, "epoch": 1, "step_seconds": 0.27051408775150776, "innovation_std_sum": 2.290350584469516, "noise_marginal_std_sum": 2.5788827829474052, "pure_mf_cumulative_momentum_noise_variance": 2.0270275510613554e-05, "preconditioner_mean": 388.0326232910156, "preconditioner_change_relative": 0.012149611487984657, "denominator_lag_relative": 0.0, "block_age": 0}
{"epoch": 1, "step": 62, "epsilon": 3.0662551940943854, "accuracy": 0.7607029351280613, "validation_loss": 0.9954112529487203, "validation_examples": 5349}
{"step": 70, "epoch": 2, "step_seconds": 0.2674732804298401, "innovation_std_sum": 2.290350584469516, "noise_marginal_std_sum": 2.5788827829474052, "pure_mf_cumulative_momentum_noise_variance": 2.092951209974931e-05, "preconditioner_mean": 387.4834899902344, "preconditioner_change_relative": 0.010819105431437492, "denominator_lag_relative": 0.0, "block_age": 0}
{"step": 80, "epoch": 2, "step_seconds": 0.2707113232463598, "innovation_std_sum": 2.290350584469516, "noise_marginal_std_sum": 2.5788827829474052, "pure_mf_cumulative_momentum_noise_variance": 2.1594541191305176e-05, "preconditioner_mean": 386.95684814453125, "preconditioner_change_relative": 0.009649538435041904, "denominator_lag_relative": 0.0, "block_age": 0}
{"step": 90, "epoch": 2, "step_seconds": 0.27159873582422733, "innovation_std_sum": 2.290350584469516, "noise_marginal_std_sum": 2.5788827829474052, "pure_mf_cumulative_momentum_noise_variance": 2.2261939638424868e-05, "preconditioner_mean": 387.0680847167969, "preconditioner_change_relative": 0.00794875156134367, "denominator_lag_relative": 0.0, "block_age": 0}
{"step": 100, "epoch": 2, "step_seconds": 0.2718103379011154, "innovation_std_sum": 2.290350584469516, "noise_marginal_std_sum": 2.5788827829474052, "pure_mf_cumulative_momentum_noise_variance": 2.2930286303379973e-05, "preconditioner_mean": 386.9501037597656, "preconditioner_change_relative": 0.007509290240705013, "denominator_lag_relative": 0.0, "block_age": 0}
{"step": 110, "epoch": 2, "step_seconds": 0.27071070298552513, "innovation_std_sum": 2.290350584469516, "noise_marginal_std_sum": 2.5788827829474052, "pure_mf_cumulative_momentum_noise_variance": 2.3599006186005503e-05, "preconditioner_mean": 386.650146484375, "preconditioner_change_relative": 0.006680027116090059, "denominator_lag_relative": 0.0, "block_age": 0}
{"step": 120, "epoch": 2, "step_seconds": 0.2678955662995577, "innovation_std_sum": 2.290350584469516, "noise_marginal_std_sum": 2.5788827829474052, "pure_mf_cumulative_momentum_noise_variance": 2.426787105819351e-05, "preconditioner_mean": 386.477783203125, "preconditioner_change_relative": 0.006604454014450312, "denominator_lag_relative": 0.0, "block_age": 0}
{"epoch": 2, "step": 124, "epsilon": 4.617524156181054, "accuracy": 0.8074406431108618, "validation_loss": 0.8638010415479968, "validation_examples": 5349}
{"step": 130, "epoch": 3, "step_seconds": 0.2680117432028055, "innovation_std_sum": 2.290350584469516, "noise_marginal_std_sum": 2.5788827829474052, "pure_mf_cumulative_momentum_noise_variance": 2.4936791666022976e-05, "preconditioner_mean": 386.5280456542969, "preconditioner_change_relative": 0.005569671280682087, "denominator_lag_relative": 0.0, "block_age": 0}
{"step": 140, "epoch": 3, "step_seconds": 0.2673894204199314, "innovation_std_sum": 2.290350584469516, "noise_marginal_std_sum": 2.5788827829474052, "pure_mf_cumulative_momentum_noise_variance": 2.560573351424564e-05, "preconditioner_mean": 386.1585693359375, "preconditioner_change_relative": 0.0058182175271213055, "denominator_lag_relative": 0.0, "block_age": 0}
{"step": 150, "epoch": 3, "step_seconds": 0.2680518366396427, "innovation_std_sum": 2.290350584469516, "noise_marginal_std_sum": 2.5788827829474052, "pure_mf_cumulative_momentum_noise_variance": 2.6274683398464805e-05, "preconditioner_mean": 385.9245300292969, "preconditioner_change_relative": 0.005247361026704311, "denominator_lag_relative": 0.0, "block_age": 0}
{"step": 160, "epoch": 3, "step_seconds": 0.2731227558106184, "innovation_std_sum": 2.290350584469516, "noise_marginal_std_sum": 2.5788827829474052, "pure_mf_cumulative_momentum_noise_variance": 2.6943636304307573e-05, "preconditioner_mean": 385.86614990234375, "preconditioner_change_relative": 0.004698070231825113, "denominator_lag_relative": 0.0, "block_age": 0}
{"step": 170, "epoch": 3, "step_seconds": 0.2715477552264929, "innovation_std_sum": 2.290350584469516, "noise_marginal_std_sum": 2.5788827829474052, "pure_mf_cumulative_momentum_noise_variance": 2.7612590340311075e-05, "preconditioner_mean": 385.4360046386719, "preconditioner_change_relative": 0.004535777028650045, "denominator_lag_relative": 0.0, "block_age": 0}
{"step": 180, "epoch": 3, "step_seconds": 0.26680193841457367, "innovation_std_sum": 2.290350584469516, "noise_marginal_std_sum": 2.5788827829474052, "pure_mf_cumulative_momentum_noise_variance": 2.828154479708107e-05, "preconditioner_mean": 385.316162109375, "preconditioner_change_relative": 0.004305704962462187, "denominator_lag_relative": 0.0, "block_age": 0}
{"epoch": 3, "step": 186, "epsilon": 5.878060668355694, "accuracy": 0.8145447747242476, "validation_loss": 0.8240987899303882, "validation_examples": 5349}
{"step": 190, "epoch": 4, "step_seconds": 0.1748710796236992, "innovation_std_sum": 2.290350584469516, "noise_marginal_std_sum": 2.5788827829474052, "pure_mf_cumulative_momentum_noise_variance": 2.895049940987433e-05, "preconditioner_mean": 385.3929138183594, "preconditioner_change_relative": 0.004117272794246674, "denominator_lag_relative": 0.0, "block_age": 0}
{"step": 200, "epoch": 4, "step_seconds": 0.26805410720407963, "innovation_std_sum": 2.290350584469516, "noise_marginal_std_sum": 2.5788827829474052, "pure_mf_cumulative_momentum_noise_variance": 2.961945408031611e-05, "preconditioner_mean": 385.2434387207031, "preconditioner_change_relative": 0.00411418080329895, "denominator_lag_relative": 0.0, "block_age": 0}
{"step": 210, "epoch": 4, "step_seconds": 0.2670564781874418, "innovation_std_sum": 2.290350584469516, "noise_marginal_std_sum": 2.5788827829474052, "pure_mf_cumulative_momentum_noise_variance": 3.028840877199067e-05, "preconditioner_mean": 385.1767883300781, "preconditioner_change_relative": 0.003548005362972617, "denominator_lag_relative": 0.0, "block_age": 0}
{"step": 220, "epoch": 4, "step_seconds": 0.2666449137032032, "innovation_std_sum": 2.290350584469516, "noise_marginal_std_sum": 2.5788827829474052, "pure_mf_cumulative_momentum_noise_variance": 3.095736347146337e-05, "preconditioner_mean": 385.3093566894531, "preconditioner_change_relative": 0.0037134254816919565, "denominator_lag_relative": 0.0, "block_age": 0}
{"step": 230, "epoch": 4, "step_seconds": 0.26645389944314957, "innovation_std_sum": 2.290350584469516, "noise_marginal_std_sum": 2.5788827829474052, "pure_mf_cumulative_momentum_noise_variance": 3.1626318173792745e-05, "preconditioner_mean": 385.40863037109375, "preconditioner_change_relative": 0.003398303175345063, "denominator_lag_relative": 0.0, "block_age": 0}
{"step": 240, "epoch": 4, "step_seconds": 0.27032450027763844, "innovation_std_sum": 2.290350584469516, "noise_marginal_std_sum": 2.5788827829474052, "pure_mf_cumulative_momentum_noise_variance": 3.229527287716616e-05, "preconditioner_mean": 385.3442687988281, "preconditioner_change_relative": 0.0033355618361383677, "denominator_lag_relative": 0.0, "block_age": 0}
{"epoch": 4, "step": 248, "epsilon": 6.987427898844202, "accuracy": 0.8145447747242476, "validation_loss": 0.8053824573972556, "validation_examples": 5349}
{"step": 250, "epoch": 5, "step_seconds": 0.16201228089630604, "innovation_std_sum": 2.290350584469516, "noise_marginal_std_sum": 2.5788827829474052, "pure_mf_cumulative_momentum_noise_variance": 3.2964227580920334e-05, "preconditioner_mean": 385.2829895019531, "preconditioner_change_relative": 0.0033345872070640326, "denominator_lag_relative": 0.0, "block_age": 0}
{"step": 260, "epoch": 5, "step_seconds": 0.2681496702134609, "innovation_std_sum": 2.290350584469516, "noise_marginal_std_sum": 2.5788827829474052, "pure_mf_cumulative_momentum_noise_variance": 3.363318228481312e-05, "preconditioner_mean": 385.2948303222656, "preconditioner_change_relative": 0.0031806875485926867, "denominator_lag_relative": 0.0, "block_age": 0}
{"step": 270, "epoch": 5, "step_seconds": 0.2636134419590235, "innovation_std_sum": 2.290350584469516, "noise_marginal_std_sum": 2.5788827829474052, "pure_mf_cumulative_momentum_noise_variance": 3.430213698875626e-05, "preconditioner_mean": 385.368896484375, "preconditioner_change_relative": 0.0029221645090729, "denominator_lag_relative": 0.0, "block_age": 0}
{"step": 280, "epoch": 5, "step_seconds": 0.2667926698923111, "innovation_std_sum": 2.290350584469516, "noise_marginal_std_sum": 2.5788827829474052, "pure_mf_cumulative_momentum_noise_variance": 3.497109169271767e-05, "preconditioner_mean": 385.33734130859375, "preconditioner_change_relative": 0.003196712350472808, "denominator_lag_relative": 0.0, "block_age": 0}
{"step": 290, "epoch": 5, "step_seconds": 0.26535738818347454, "innovation_std_sum": 2.290350584469516, "noise_marginal_std_sum": 2.5788827829474052, "pure_mf_cumulative_momentum_noise_variance": 3.564004639668569e-05, "preconditioner_mean": 385.2844543457031, "preconditioner_change_relative": 0.0028076895978301764, "denominator_lag_relative": 0.0, "block_age": 0}
{"step": 300, "epoch": 5, "step_seconds": 0.26818997226655483, "innovation_std_sum": 2.290350584469516, "noise_marginal_std_sum": 2.5788827829474052, "pure_mf_cumulative_momentum_noise_variance": 3.63090011006561e-05, "preconditioner_mean": 385.20758056640625, "preconditioner_change_relative": 0.0027833199128508568, "denominator_lag_relative": 0.0, "block_age": 0}
{"step": 310, "epoch": 5, "step_seconds": 0.2650050166994333, "innovation_std_sum": 2.290350584469516, "noise_marginal_std_sum": 2.5788827829474052, "pure_mf_cumulative_momentum_noise_variance": 3.697795580462739e-05, "preconditioner_mean": 385.1615905761719, "preconditioner_change_relative": 0.0027160802856087685, "denominator_lag_relative": 0.0, "block_age": 0}
{"epoch": 5, "step": 310, "epsilon": 8.000000000000005, "accuracy": 0.8293138904468125, "validation_loss": 0.7836220413752862, "validation_examples": 5349}
