Loading weights:   0%|          | 0/39 [00:00<?, ?it/s]Loading weights: 100%|██████████| 39/39 [00:00<00:00, 15819.91it/s]
[transformers] [1mBertModel LOAD REPORT[0m from: /media/data/data/lt/dp-adam-correlated/cache/bert-tiny
Key                                        | Status     |  | 
-------------------------------------------+------------+--+-
cls.predictions.transform.LayerNorm.bias   | UNEXPECTED |  | 
cls.predictions.transform.dense.weight     | UNEXPECTED |  | 
cls.seq_relationship.bias                  | UNEXPECTED |  | 
cls.seq_relationship.weight                | UNEXPECTED |  | 
cls.predictions.decoder.weight             | UNEXPECTED |  | 
cls.predictions.transform.dense.bias       | UNEXPECTED |  | 
cls.predictions.bias                       | UNEXPECTED |  | 
cls.predictions.decoder.bias               | UNEXPECTED |  | 
cls.predictions.transform.LayerNorm.weight | UNEXPECTED |  | 

Notes:
- UNEXPECTED:	can be ignored when loading from different task/architecture; not ok if you expect identical arch.
sys:1: UserWarning: Full backward hook is firing when gradients are computed with respect to module outputs since no inputs require gradients. See https://docs.pytorch.org/docs/main/generated/torch.nn.Module.html#torch.nn.Module.register_full_backward_hook for more details.
{"step": 62, "epoch": 1.0, "train_loss": 0.6995863106020035, "clip_fraction": 1.0, "validation_loss": 0.6847553813005077, "accuracy": 0.573565152364928, "validation_examples": 5349, "epsilon": 3.1232923300753557}
{"step": 124, "epoch": 2.0, "train_loss": 0.6841968344411542, "clip_fraction": 1.0, "validation_loss": 0.6918918283704643, "accuracy": 0.557861282482707, "validation_examples": 5349, "epsilon": 4.65092091490115}
{"step": 186, "epoch": 3.0, "train_loss": 0.7026129711520285, "clip_fraction": 1.0, "validation_loss": 0.735347947487766, "accuracy": 0.557861282482707, "validation_examples": 5349, "epsilon": 5.8971720333737725}
{"step": 248, "epoch": 4.0, "train_loss": 0.7501102019279233, "clip_fraction": 0.9997580645161289, "validation_loss": 0.8034700018197583, "accuracy": 0.557861282482707, "validation_examples": 5349, "epsilon": 6.99603312968092}
{"step": 310, "epoch": 5.0, "train_loss": 0.8201968009702619, "clip_fraction": 0.9153709677419354, "validation_loss": 0.8906966206024107, "accuracy": 0.557861282482707, "validation_examples": 5349, "epsilon": 8.000000000000005}
