Loading weights:   0%|          | 0/39 [00:00<?, ?it/s]Loading weights: 100%|██████████| 39/39 [00:00<00:00, 26286.01it/s]
[transformers] [1mBertModel LOAD REPORT[0m from: /media/data/data/lt/dp-adam-correlated/cache/bert-tiny
Key                                        | Status     |  | 
-------------------------------------------+------------+--+-
cls.predictions.bias                       | UNEXPECTED |  | 
cls.predictions.transform.dense.bias       | UNEXPECTED |  | 
cls.predictions.decoder.bias               | UNEXPECTED |  | 
cls.predictions.transform.dense.weight     | UNEXPECTED |  | 
cls.seq_relationship.bias                  | UNEXPECTED |  | 
cls.predictions.decoder.weight             | UNEXPECTED |  | 
cls.seq_relationship.weight                | UNEXPECTED |  | 
cls.predictions.transform.LayerNorm.bias   | UNEXPECTED |  | 
cls.predictions.transform.LayerNorm.weight | UNEXPECTED |  | 

Notes:
- UNEXPECTED:	can be ignored when loading from different task/architecture; not ok if you expect identical arch.
sys:1: UserWarning: Full backward hook is firing when gradients are computed with respect to module outputs since no inputs require gradients. See https://docs.pytorch.org/docs/main/generated/torch.nn.Module.html#torch.nn.Module.register_full_backward_hook for more details.
{"step": 10, "epoch": 1, "train_loss": 0.6872570190429688, "clip_fraction": 0.0, "gradient_norm_mean": 130.0674921875, "gradient_norm_max": 262.1109619140625, "step_seconds": 0.13212143257260323, "innovation_std_sum": 1371.6137629230047, "noise_marginal_std_sum": 1891.8840083717369}
{"step": 20, "epoch": 1, "train_loss": 0.6728148193359375, "clip_fraction": 0.0, "gradient_norm_mean": 69.22121875, "gradient_norm_max": 106.89863586425781, "step_seconds": 0.2591876219958067, "innovation_std_sum": 1371.6137629230047, "noise_marginal_std_sum": 1891.8840083717369}
{"step": 30, "epoch": 1, "train_loss": 0.6718466796875, "clip_fraction": 0.0, "gradient_norm_mean": 46.69273828125, "gradient_norm_max": 79.0485610961914, "step_seconds": 0.26413049921393394, "innovation_std_sum": 1371.6137629230047, "noise_marginal_std_sum": 1891.8840083717369}
{"step": 40, "epoch": 1, "train_loss": 0.666939453125, "clip_fraction": 0.0, "gradient_norm_mean": 34.7176015625, "gradient_norm_max": 69.3805160522461, "step_seconds": 0.26147359795868397, "innovation_std_sum": 1371.6137629230047, "noise_marginal_std_sum": 1891.8840083717369}
{"step": 50, "epoch": 1, "train_loss": 0.66858642578125, "clip_fraction": 0.0, "gradient_norm_mean": 27.43201171875, "gradient_norm_max": 45.519832611083984, "step_seconds": 0.26128813065588474, "innovation_std_sum": 1371.6137629230047, "noise_marginal_std_sum": 1891.8840083717369}
{"step": 60, "epoch": 1, "train_loss": 0.67040966796875, "clip_fraction": 0.0, "gradient_norm_mean": 22.903673828125, "gradient_norm_max": 46.386566162109375, "step_seconds": 0.15392913483083248, "innovation_std_sum": 1371.6137629230047, "noise_marginal_std_sum": 1891.8840083717369}
{"epoch": 1, "step": 62, "train_loss": 0.6736953607374622, "clip_fraction": 0.055870967741935486, "epsilon": 2.9834732111505784, "accuracy": 0.5644045616002992, "validation_loss": 0.6653924565111105, "validation_examples": 5349}
{"step": 70, "epoch": 2, "train_loss": 0.6614691162109375, "clip_fraction": 0.0, "gradient_norm_mean": 19.4904765625, "gradient_norm_max": 33.99676513671875, "step_seconds": 0.13038083352148533, "innovation_std_sum": 1371.6137629230047, "noise_marginal_std_sum": 1891.8840083717369}
{"step": 80, "epoch": 2, "train_loss": 0.6665703735351562, "clip_fraction": 0.0, "gradient_norm_mean": 16.73547265625, "gradient_norm_max": 30.336153030395508, "step_seconds": 0.2699269410222769, "innovation_std_sum": 1371.6137629230047, "noise_marginal_std_sum": 1891.8840083717369}
{"step": 90, "epoch": 2, "train_loss": 0.661518310546875, "clip_fraction": 0.0, "gradient_norm_mean": 14.810591796875, "gradient_norm_max": 26.82741355895996, "step_seconds": 0.2730214800685644, "innovation_std_sum": 1371.6137629230047, "noise_marginal_std_sum": 1891.8840083717369}
{"step": 100, "epoch": 2, "train_loss": 0.6679942626953125, "clip_fraction": 0.0, "gradient_norm_mean": 13.1516650390625, "gradient_norm_max": 22.190916061401367, "step_seconds": 0.26956200040876865, "innovation_std_sum": 1371.6137629230047, "noise_marginal_std_sum": 1891.8840083717369}
{"step": 110, "epoch": 2, "train_loss": 0.6648486328125, "clip_fraction": 0.0, "gradient_norm_mean": 11.802171875, "gradient_norm_max": 20.499645233154297, "step_seconds": 0.17523574829101562, "innovation_std_sum": 1371.6137629230047, "noise_marginal_std_sum": 1891.8840083717369}
{"step": 120, "epoch": 2, "train_loss": 0.6664632568359375, "clip_fraction": 0.0, "gradient_norm_mean": 10.8130556640625, "gradient_norm_max": 20.844341278076172, "step_seconds": 0.27457710169255733, "innovation_std_sum": 1371.6137629230047, "noise_marginal_std_sum": 1891.8840083717369}
{"epoch": 2, "step": 124, "train_loss": 0.6648358597293976, "clip_fraction": 0.0, "epsilon": 4.566965972959099, "accuracy": 0.5791736773228641, "validation_loss": 0.6604461748369566, "validation_examples": 5349}
{"step": 130, "epoch": 3, "train_loss": 0.6583262939453125, "clip_fraction": 0.0, "gradient_norm_mean": 9.6363427734375, "gradient_norm_max": 20.237516403198242, "step_seconds": 0.2741162348538637, "innovation_std_sum": 1371.6137629230047, "noise_marginal_std_sum": 1891.8840083717369}
{"step": 140, "epoch": 3, "train_loss": 0.664901123046875, "clip_fraction": 0.0, "gradient_norm_mean": 8.8968603515625, "gradient_norm_max": 16.0466251373291, "step_seconds": 0.2709753643721342, "innovation_std_sum": 1371.6137629230047, "noise_marginal_std_sum": 1891.8840083717369}
{"step": 150, "epoch": 3, "train_loss": 0.6601690673828124, "clip_fraction": 0.0, "gradient_norm_mean": 8.32489453125, "gradient_norm_max": 14.064376831054688, "step_seconds": 0.27185590751469135, "innovation_std_sum": 1371.6137629230047, "noise_marginal_std_sum": 1891.8840083717369}
{"step": 160, "epoch": 3, "train_loss": 0.66538720703125, "clip_fraction": 0.0, "gradient_norm_mean": 7.624107421875, "gradient_norm_max": 16.403179168701172, "step_seconds": 0.24447471275925636, "innovation_std_sum": 1371.6137629230047, "noise_marginal_std_sum": 1891.8840083717369}
{"step": 170, "epoch": 3, "train_loss": 0.65894287109375, "clip_fraction": 0.0, "gradient_norm_mean": 7.04812890625, "gradient_norm_max": 12.048962593078613, "step_seconds": 0.27580682933330536, "innovation_std_sum": 1371.6137629230047, "noise_marginal_std_sum": 1891.8840083717369}
{"step": 180, "epoch": 3, "train_loss": 0.666313720703125, "clip_fraction": 0.0, "gradient_norm_mean": 6.564193359375, "gradient_norm_max": 13.63933277130127, "step_seconds": 0.2535259798169136, "innovation_std_sum": 1371.6137629230047, "noise_marginal_std_sum": 1891.8840083717369}
{"epoch": 3, "step": 186, "train_loss": 0.661815427718624, "clip_fraction": 0.0, "epsilon": 5.849088165717443, "accuracy": 0.585530005608525, "validation_loss": 0.6578731775774112, "validation_examples": 5349}
{"step": 190, "epoch": 4, "train_loss": 0.66747998046875, "clip_fraction": 0.0, "gradient_norm_mean": 6.21888427734375, "gradient_norm_max": 11.080172538757324, "step_seconds": 0.2735651321709156, "innovation_std_sum": 1371.6137629230047, "noise_marginal_std_sum": 1891.8840083717369}
{"step": 200, "epoch": 4, "train_loss": 0.66311279296875, "clip_fraction": 0.0, "gradient_norm_mean": 5.8256025390625, "gradient_norm_max": 11.07697868347168, "step_seconds": 0.2757078539580107, "innovation_std_sum": 1371.6137629230047, "noise_marginal_std_sum": 1891.8840083717369}
{"step": 210, "epoch": 4, "train_loss": 0.6623090209960938, "clip_fraction": 0.0, "gradient_norm_mean": 5.455876953125, "gradient_norm_max": 10.458417892456055, "step_seconds": 0.22338268347084522, "innovation_std_sum": 1371.6137629230047, "noise_marginal_std_sum": 1891.8840083717369}
{"step": 220, "epoch": 4, "train_loss": 0.6581569213867188, "clip_fraction": 0.0, "gradient_norm_mean": 5.13887060546875, "gradient_norm_max": 9.630830764770508, "step_seconds": 0.1318658273667097, "innovation_std_sum": 1371.6137629230047, "noise_marginal_std_sum": 1891.8840083717369}
{"step": 230, "epoch": 4, "train_loss": 0.655416259765625, "clip_fraction": 0.0, "gradient_norm_mean": 4.87529736328125, "gradient_norm_max": 10.151612281799316, "step_seconds": 0.2728583347052336, "innovation_std_sum": 1371.6137629230047, "noise_marginal_std_sum": 1891.8840083717369}
{"step": 240, "epoch": 4, "train_loss": 0.660722412109375, "clip_fraction": 0.0, "gradient_norm_mean": 4.6653076171875, "gradient_norm_max": 11.497753143310547, "step_seconds": 0.2737053520977497, "innovation_std_sum": 1371.6137629230047, "noise_marginal_std_sum": 1891.8840083717369}
{"epoch": 4, "step": 248, "train_loss": 0.6600188460811492, "clip_fraction": 0.0, "epsilon": 6.974398475295218, "accuracy": 0.5937558422134979, "validation_loss": 0.6558735851573819, "validation_examples": 5349}
{"step": 250, "epoch": 5, "train_loss": 0.6588799438476562, "clip_fraction": 0.0, "gradient_norm_mean": 4.3113720703125, "gradient_norm_max": 7.746069431304932, "step_seconds": 0.2732180096209049, "innovation_std_sum": 1371.6137629230047, "noise_marginal_std_sum": 1891.8840083717369}
{"step": 260, "epoch": 5, "train_loss": 0.6530774536132813, "clip_fraction": 0.0, "gradient_norm_mean": 4.1644169921875, "gradient_norm_max": 8.620407104492188, "step_seconds": 0.1995899248868227, "innovation_std_sum": 1371.6137629230047, "noise_marginal_std_sum": 1891.8840083717369}
{"step": 270, "epoch": 5, "train_loss": 0.6582927856445312, "clip_fraction": 0.0, "gradient_norm_mean": 3.981406494140625, "gradient_norm_max": 7.769019603729248, "step_seconds": 0.27357600443065166, "innovation_std_sum": 1371.6137629230047, "noise_marginal_std_sum": 1891.8840083717369}
{"step": 280, "epoch": 5, "train_loss": 0.6569425659179687, "clip_fraction": 0.0, "gradient_norm_mean": 3.7379453125, "gradient_norm_max": 6.680197238922119, "step_seconds": 0.27043354511260986, "innovation_std_sum": 1371.6137629230047, "noise_marginal_std_sum": 1891.8840083717369}
{"step": 290, "epoch": 5, "train_loss": 0.6516846313476562, "clip_fraction": 0.0, "gradient_norm_mean": 3.57828564453125, "gradient_norm_max": 6.870931148529053, "step_seconds": 0.2741464450955391, "innovation_std_sum": 1371.6137629230047, "noise_marginal_std_sum": 1891.8840083717369}
{"step": 300, "epoch": 5, "train_loss": 0.6606810302734375, "clip_fraction": 0.0, "gradient_norm_mean": 3.414086181640625, "gradient_norm_max": 6.191877841949463, "step_seconds": 0.27350131049752235, "innovation_std_sum": 1371.6137629230047, "noise_marginal_std_sum": 1891.8840083717369}
{"step": 310, "epoch": 5, "train_loss": 0.6573665161132812, "clip_fraction": 0.0, "gradient_norm_mean": 3.282328369140625, "gradient_norm_max": 6.209532260894775, "step_seconds": 0.27427792735397816, "innovation_std_sum": 1371.6137629230047, "noise_marginal_std_sum": 1891.8840083717369}
{"epoch": 5, "step": 310, "train_loss": 0.6584415007560483, "clip_fraction": 0.0, "epsilon": 8.000000000000005, "accuracy": 0.5952514488689474, "validation_loss": 0.6546107213905892, "validation_examples": 5349}
