/home/longt29/miniconda3/envs/curve/lib/python3.11/site-packages/torchvision/datasets/cifar.py:83: VisibleDeprecationWarning: dtype(): align should be passed as Python or NumPy boolean but got `align=0`. Did you mean to pass a tuple to create a subarray type? (Deprecated NumPy 2.4)
  entry = pickle.load(f, encoding="latin1")
sys:1: UserWarning: Full backward hook is firing when gradients are computed with respect to module outputs since no inputs require gradients. See https://docs.pytorch.org/docs/main/generated/torch.nn.Module.html#torch.nn.Module.register_full_backward_hook for more details.
{"step": 10, "epoch": 1, "train_loss": 4.4855947265625, "clip_fraction": 1.0, "gradient_norm_mean": 43.616841796875, "gradient_norm_max": 84.51211547851562, "step_seconds": 2.1221327148377895, "innovation_std_sum": 48.02677029195635, "noise_marginal_std_sum": 66.24392459832404}
{"step": 20, "epoch": 1, "train_loss": 4.107993591308594, "clip_fraction": 1.0, "gradient_norm_mean": 68.602275390625, "gradient_norm_max": 147.04803466796875, "step_seconds": 2.1258387602865696, "innovation_std_sum": 48.02677029195635, "noise_marginal_std_sum": 66.24392459832404}
{"step": 30, "epoch": 1, "train_loss": 3.705050354003906, "clip_fraction": 1.0, "gradient_norm_mean": 95.668875, "gradient_norm_max": 298.8440856933594, "step_seconds": 2.147158283740282, "innovation_std_sum": 48.02677029195635, "noise_marginal_std_sum": 66.24392459832404}
{"step": 40, "epoch": 1, "train_loss": 3.2986068725585938, "clip_fraction": 1.0, "gradient_norm_mean": 110.761728515625, "gradient_norm_max": 317.7400817871094, "step_seconds": 2.1728248484432697, "innovation_std_sum": 48.02677029195635, "noise_marginal_std_sum": 66.24392459832404}
{"epoch": 1, "step": 45, "train_loss": 3.9766540052625867, "clip_fraction": 1.0, "epsilon": 2.8052474639927167, "accuracy": 0.3054, "validation_loss": 2.77307626953125, "validation_examples": 5000}
{"step": 50, "epoch": 2, "train_loss": 2.914278381347656, "clip_fraction": 0.999, "gradient_norm_mean": 118.486611328125, "gradient_norm_max": 476.3951721191406, "step_seconds": 2.11303979344666, "innovation_std_sum": 48.02677029195635, "noise_marginal_std_sum": 66.24392459832404}
{"step": 60, "epoch": 2, "train_loss": 2.7632266235351564, "clip_fraction": 0.997, "gradient_norm_mean": 122.211349609375, "gradient_norm_max": 605.7901000976562, "step_seconds": 2.1336557883769274, "innovation_std_sum": 48.02677029195635, "noise_marginal_std_sum": 66.24392459832404}
{"step": 70, "epoch": 2, "train_loss": 2.435803405761719, "clip_fraction": 0.989, "gradient_norm_mean": 117.0011015625, "gradient_norm_max": 529.7213745117188, "step_seconds": 2.1654493175446987, "innovation_std_sum": 48.02677029195635, "noise_marginal_std_sum": 66.24392459832404}
{"step": 80, "epoch": 2, "train_loss": 2.42141064453125, "clip_fraction": 0.98, "gradient_norm_mean": 124.94095703125, "gradient_norm_max": 457.8720397949219, "step_seconds": 2.1761027798056602, "innovation_std_sum": 48.02677029195635, "noise_marginal_std_sum": 66.24392459832404}
{"step": 90, "epoch": 2, "train_loss": 2.228741027832031, "clip_fraction": 0.975, "gradient_norm_mean": 125.391201171875, "gradient_norm_max": 451.4388732910156, "step_seconds": 2.1817732360213995, "innovation_std_sum": 48.02677029195635, "noise_marginal_std_sum": 66.24392459832404}
{"epoch": 2, "step": 90, "train_loss": 2.566939794921875, "clip_fraction": 0.9898, "epsilon": 4.447471925552441, "accuracy": 0.5258, "validation_loss": 1.7509229431152344, "validation_examples": 5000}
{"step": 100, "epoch": 3, "train_loss": 2.045248291015625, "clip_fraction": 0.954, "gradient_norm_mean": 118.0935, "gradient_norm_max": 429.7581481933594, "step_seconds": 2.1384141109883785, "innovation_std_sum": 48.02677029195635, "noise_marginal_std_sum": 66.24392459832404}
{"step": 110, "epoch": 3, "train_loss": 1.9825158386230468, "clip_fraction": 0.946, "gradient_norm_mean": 120.86959765625, "gradient_norm_max": 640.5303344726562, "step_seconds": 2.1484084762632847, "innovation_std_sum": 48.02677029195635, "noise_marginal_std_sum": 66.24392459832404}
{"step": 120, "epoch": 3, "train_loss": 1.8773536071777344, "clip_fraction": 0.93, "gradient_norm_mean": 119.81213671875, "gradient_norm_max": 546.2598266601562, "step_seconds": 2.1712604723870754, "innovation_std_sum": 48.02677029195635, "noise_marginal_std_sum": 66.24392459832404}
{"step": 130, "epoch": 3, "train_loss": 1.8463032531738282, "clip_fraction": 0.919, "gradient_norm_mean": 117.75655859375, "gradient_norm_max": 478.7028503417969, "step_seconds": 2.192014094442129, "innovation_std_sum": 48.02677029195635, "noise_marginal_std_sum": 66.24392459832404}
{"epoch": 3, "step": 135, "train_loss": 1.9947452073838976, "clip_fraction": 0.9393777777777778, "epsilon": 5.779485746307641, "accuracy": 0.6266, "validation_loss": 1.33052529296875, "validation_examples": 5000}
{"step": 140, "epoch": 4, "train_loss": 1.797120635986328, "clip_fraction": 0.897, "gradient_norm_mean": 115.56351953125, "gradient_norm_max": 564.4609985351562, "step_seconds": 2.172513799741864, "innovation_std_sum": 48.02677029195635, "noise_marginal_std_sum": 66.24392459832404}
{"step": 150, "epoch": 4, "train_loss": 1.7616015319824219, "clip_fraction": 0.879, "gradient_norm_mean": 117.83951953125, "gradient_norm_max": 648.780517578125, "step_seconds": 2.1341935340315104, "innovation_std_sum": 48.02677029195635, "noise_marginal_std_sum": 66.24392459832404}
{"step": 160, "epoch": 4, "train_loss": 1.7258891296386718, "clip_fraction": 0.873, "gradient_norm_mean": 118.35060546875, "gradient_norm_max": 623.7778930664062, "step_seconds": 2.1715337708592415, "innovation_std_sum": 48.02677029195635, "noise_marginal_std_sum": 66.24392459832404}
{"step": 170, "epoch": 4, "train_loss": 1.6940381164550782, "clip_fraction": 0.872, "gradient_norm_mean": 115.4342734375, "gradient_norm_max": 658.2571411132812, "step_seconds": 2.166592849418521, "innovation_std_sum": 48.02677029195635, "noise_marginal_std_sum": 66.24392459832404}
{"step": 180, "epoch": 4, "train_loss": 1.6346045532226563, "clip_fraction": 0.85, "gradient_norm_mean": 117.304955078125, "gradient_norm_max": 537.3651123046875, "step_seconds": 2.1940110810101032, "innovation_std_sum": 48.02677029195635, "noise_marginal_std_sum": 66.24392459832404}
{"epoch": 4, "step": 180, "train_loss": 1.735913971625434, "clip_fraction": 0.8783333333333333, "epsilon": 6.943065470652318, "accuracy": 0.673, "validation_loss": 1.1250908020019532, "validation_examples": 5000}
{"step": 190, "epoch": 5, "train_loss": 1.5728941345214844, "clip_fraction": 0.858, "gradient_norm_mean": 118.3627109375, "gradient_norm_max": 474.1854553222656, "step_seconds": 2.122473208233714, "innovation_std_sum": 48.02677029195635, "noise_marginal_std_sum": 66.24392459832404}
{"step": 200, "epoch": 5, "train_loss": 1.6316845703125, "clip_fraction": 0.848, "gradient_norm_mean": 119.822986328125, "gradient_norm_max": 603.2758178710938, "step_seconds": 2.177620869129896, "innovation_std_sum": 48.02677029195635, "noise_marginal_std_sum": 66.24392459832404}
{"step": 210, "epoch": 5, "train_loss": 1.6173780822753907, "clip_fraction": 0.813, "gradient_norm_mean": 115.733724609375, "gradient_norm_max": 567.5527954101562, "step_seconds": 2.16615491732955, "innovation_std_sum": 48.02677029195635, "noise_marginal_std_sum": 66.24392459832404}
{"step": 220, "epoch": 5, "train_loss": 1.5473623657226563, "clip_fraction": 0.827, "gradient_norm_mean": 119.60970703125, "gradient_norm_max": 560.9695434570312, "step_seconds": 2.1780526638031006, "innovation_std_sum": 48.02677029195635, "noise_marginal_std_sum": 66.24392459832404}
{"epoch": 5, "step": 225, "train_loss": 1.5849117872450087, "clip_fraction": 0.8301111111111111, "epsilon": 8.000000000000005, "accuracy": 0.7058, "validation_loss": 1.0080340270996093, "validation_examples": 5000}
