Loading weights:   0%|          | 0/39 [00:00<?, ?it/s]Loading weights: 100%|██████████| 39/39 [00:00<00:00, 17455.75it/s]
[transformers] [1mBertModel LOAD REPORT[0m from: /media/data/data/lt/dp-adam-correlated/cache/bert-tiny
Key                                        | Status     |  | 
-------------------------------------------+------------+--+-
cls.predictions.decoder.weight             | UNEXPECTED |  | 
cls.predictions.transform.LayerNorm.weight | UNEXPECTED |  | 
cls.predictions.transform.LayerNorm.bias   | UNEXPECTED |  | 
cls.seq_relationship.bias                  | UNEXPECTED |  | 
cls.predictions.bias                       | UNEXPECTED |  | 
cls.seq_relationship.weight                | UNEXPECTED |  | 
cls.predictions.transform.dense.weight     | UNEXPECTED |  | 
cls.predictions.transform.dense.bias       | UNEXPECTED |  | 
cls.predictions.decoder.bias               | UNEXPECTED |  | 

Notes:
- UNEXPECTED:	can be ignored when loading from different task/architecture; not ok if you expect identical arch.
sys:1: UserWarning: Full backward hook is firing when gradients are computed with respect to module outputs since no inputs require gradients. See https://docs.pytorch.org/docs/main/generated/torch.nn.Module.html#torch.nn.Module.register_full_backward_hook for more details.
{"step": 10, "epoch": 1, "train_loss": 0.672363037109375, "clip_fraction": 0.0, "gradient_norm_mean": 8.04284765625, "gradient_norm_max": 16.198396682739258, "step_seconds": 0.267748586833477, "innovation_std_sum": 61.58642824846878, "noise_marginal_std_sum": 69.39157028829314}
{"step": 20, "epoch": 1, "train_loss": 0.6528468017578125, "clip_fraction": 0.002, "gradient_norm_mean": 10.5711630859375, "gradient_norm_max": 21.144046783447266, "step_seconds": 0.26709306985139847, "innovation_std_sum": 61.58642824846878, "noise_marginal_std_sum": 69.39157028829314}
{"step": 30, "epoch": 1, "train_loss": 0.5810081176757812, "clip_fraction": 0.176, "gradient_norm_mean": 14.247521484375, "gradient_norm_max": 45.088172912597656, "step_seconds": 0.2683235500007868, "innovation_std_sum": 61.58642824846878, "noise_marginal_std_sum": 69.39157028829314}
{"step": 40, "epoch": 1, "train_loss": 0.536211181640625, "clip_fraction": 0.406, "gradient_norm_mean": 17.58862109375, "gradient_norm_max": 60.950950622558594, "step_seconds": 0.2682846710085869, "innovation_std_sum": 61.58642824846878, "noise_marginal_std_sum": 69.39157028829314}
{"step": 50, "epoch": 1, "train_loss": 0.542678466796875, "clip_fraction": 0.485, "gradient_norm_mean": 23.47925390625, "gradient_norm_max": 94.40679168701172, "step_seconds": 0.2682633697986603, "innovation_std_sum": 61.58642824846878, "noise_marginal_std_sum": 69.39157028829314}
{"step": 60, "epoch": 1, "train_loss": 0.54177490234375, "clip_fraction": 0.469, "gradient_norm_mean": 27.61909375, "gradient_norm_max": 138.60171508789062, "step_seconds": 0.2694283351302147, "innovation_std_sum": 61.58642824846878, "noise_marginal_std_sum": 69.39157028829314}
{"epoch": 1, "step": 62, "train_loss": 0.6055767704133065, "clip_fraction": 0.23679032258064517, "epsilon": 1.613901667240659, "accuracy": 0.716743119266055, "validation_loss": 0.6588537014952494, "validation_examples": 872}
{"step": 70, "epoch": 2, "train_loss": 0.5532242431640625, "clip_fraction": 0.458, "gradient_norm_mean": 31.3510546875, "gradient_norm_max": 144.21266174316406, "step_seconds": 0.2693025916814804, "innovation_std_sum": 61.58642824846878, "noise_marginal_std_sum": 69.39157028829314}
{"step": 80, "epoch": 2, "train_loss": 0.5392073974609375, "clip_fraction": 0.425, "gradient_norm_mean": 31.76227734375, "gradient_norm_max": 192.28468322753906, "step_seconds": 0.2680236492305994, "innovation_std_sum": 61.58642824846878, "noise_marginal_std_sum": 69.39157028829314}
{"step": 90, "epoch": 2, "train_loss": 0.5512260131835938, "clip_fraction": 0.397, "gradient_norm_mean": 32.1070625, "gradient_norm_max": 180.50868225097656, "step_seconds": 0.2701222375035286, "innovation_std_sum": 61.58642824846878, "noise_marginal_std_sum": 69.39157028829314}
{"step": 100, "epoch": 2, "train_loss": 0.5667003173828125, "clip_fraction": 0.401, "gradient_norm_mean": 32.80387890625, "gradient_norm_max": 178.51080322265625, "step_seconds": 0.2709914017468691, "innovation_std_sum": 61.58642824846878, "noise_marginal_std_sum": 69.39157028829314}
{"step": 110, "epoch": 2, "train_loss": 0.6016544799804687, "clip_fraction": 0.417, "gradient_norm_mean": 33.0917265625, "gradient_norm_max": 197.3307342529297, "step_seconds": 0.2716174013912678, "innovation_std_sum": 61.58642824846878, "noise_marginal_std_sum": 69.39157028829314}
{"step": 120, "epoch": 2, "train_loss": 0.46893154907226564, "clip_fraction": 0.376, "gradient_norm_mean": 30.407466796875, "gradient_norm_max": 183.3184356689453, "step_seconds": 0.26996165700256824, "innovation_std_sum": 61.58642824846878, "noise_marginal_std_sum": 69.39157028829314}
{"epoch": 2, "step": 124, "train_loss": 0.5550682446879726, "clip_fraction": 0.42208064516129035, "epsilon": 2.3762054224712514, "accuracy": 0.7385321100917431, "validation_loss": 0.6461834776292154, "validation_examples": 872}
{"step": 130, "epoch": 3, "train_loss": 0.49514959716796875, "clip_fraction": 0.36, "gradient_norm_mean": 27.49481640625, "gradient_norm_max": 190.27099609375, "step_seconds": 0.27017063088715076, "innovation_std_sum": 61.58642824846878, "noise_marginal_std_sum": 69.39157028829314}
{"step": 140, "epoch": 3, "train_loss": 0.5155573120117187, "clip_fraction": 0.384, "gradient_norm_mean": 29.765708984375, "gradient_norm_max": 189.47799682617188, "step_seconds": 0.2694011591374874, "innovation_std_sum": 61.58642824846878, "noise_marginal_std_sum": 69.39157028829314}
{"step": 150, "epoch": 3, "train_loss": 0.5291102905273437, "clip_fraction": 0.38, "gradient_norm_mean": 29.75977734375, "gradient_norm_max": 171.77037048339844, "step_seconds": 0.2689966391772032, "innovation_std_sum": 61.58642824846878, "noise_marginal_std_sum": 69.39157028829314}
{"step": 160, "epoch": 3, "train_loss": 0.5134259643554687, "clip_fraction": 0.376, "gradient_norm_mean": 29.374546875, "gradient_norm_max": 181.70437622070312, "step_seconds": 0.2686135992407799, "innovation_std_sum": 61.58642824846878, "noise_marginal_std_sum": 69.39157028829314}
{"step": 170, "epoch": 3, "train_loss": 0.5368716430664062, "clip_fraction": 0.375, "gradient_norm_mean": 29.7055234375, "gradient_norm_max": 236.9654083251953, "step_seconds": 0.27033622935414314, "innovation_std_sum": 61.58642824846878, "noise_marginal_std_sum": 69.39157028829314}
{"step": 180, "epoch": 3, "train_loss": 0.5211289672851562, "clip_fraction": 0.356, "gradient_norm_mean": 29.65001171875, "gradient_norm_max": 209.11976623535156, "step_seconds": 0.2742604333907366, "innovation_std_sum": 61.58642824846878, "noise_marginal_std_sum": 69.39157028829314}
{"epoch": 3, "step": 186, "train_loss": 0.5090313513971144, "clip_fraction": 0.37032258064516127, "epsilon": 2.987367917466798, "accuracy": 0.7477064220183486, "validation_loss": 0.6238299291068261, "validation_examples": 872}
{"step": 190, "epoch": 4, "train_loss": 0.4591422729492188, "clip_fraction": 0.331, "gradient_norm_mean": 25.367310546875, "gradient_norm_max": 185.77098083496094, "step_seconds": 0.1628939863294363, "innovation_std_sum": 61.58642824846878, "noise_marginal_std_sum": 69.39157028829314}
{"step": 200, "epoch": 4, "train_loss": 0.5231500244140626, "clip_fraction": 0.381, "gradient_norm_mean": 27.862328125, "gradient_norm_max": 200.01644897460938, "step_seconds": 0.26888799853622913, "innovation_std_sum": 61.58642824846878, "noise_marginal_std_sum": 69.39157028829314}
{"step": 210, "epoch": 4, "train_loss": 0.480232421875, "clip_fraction": 0.333, "gradient_norm_mean": 26.830015625, "gradient_norm_max": 187.4633331298828, "step_seconds": 0.2635627705603838, "innovation_std_sum": 61.58642824846878, "noise_marginal_std_sum": 69.39157028829314}
{"step": 220, "epoch": 4, "train_loss": 0.492144775390625, "clip_fraction": 0.344, "gradient_norm_mean": 27.20425390625, "gradient_norm_max": 197.6341094970703, "step_seconds": 0.25984630174934864, "innovation_std_sum": 61.58642824846878, "noise_marginal_std_sum": 69.39157028829314}
{"step": 230, "epoch": 4, "train_loss": 0.5029106140136719, "clip_fraction": 0.365, "gradient_norm_mean": 26.3789609375, "gradient_norm_max": 180.89083862304688, "step_seconds": 0.2689754292368889, "innovation_std_sum": 61.58642824846878, "noise_marginal_std_sum": 69.39157028829314}
{"step": 240, "epoch": 4, "train_loss": 0.4912752380371094, "clip_fraction": 0.348, "gradient_norm_mean": 27.10641796875, "gradient_norm_max": 190.9510955810547, "step_seconds": 0.2649497576057911, "innovation_std_sum": 61.58642824846878, "noise_marginal_std_sum": 69.39157028829314}
{"epoch": 4, "step": 248, "train_loss": 0.4811464435208228, "clip_fraction": 0.3437741935483871, "epsilon": 3.51923792106208, "accuracy": 0.7706422018348624, "validation_loss": 0.6126908424797408, "validation_examples": 872}
{"step": 250, "epoch": 5, "train_loss": 0.45320458984375, "clip_fraction": 0.331, "gradient_norm_mean": 26.86426953125, "gradient_norm_max": 215.4699249267578, "step_seconds": 0.26509485952556133, "innovation_std_sum": 61.58642824846878, "noise_marginal_std_sum": 69.39157028829314}
{"step": 260, "epoch": 5, "train_loss": 0.42551513671875, "clip_fraction": 0.308, "gradient_norm_mean": 24.8743046875, "gradient_norm_max": 172.10877990722656, "step_seconds": 0.260959267616272, "innovation_std_sum": 61.58642824846878, "noise_marginal_std_sum": 69.39157028829314}
{"step": 270, "epoch": 5, "train_loss": 0.4484114990234375, "clip_fraction": 0.328, "gradient_norm_mean": 24.83387890625, "gradient_norm_max": 198.35015869140625, "step_seconds": 0.26210859045386314, "innovation_std_sum": 61.58642824846878, "noise_marginal_std_sum": 69.39157028829314}
{"step": 280, "epoch": 5, "train_loss": 0.4652535400390625, "clip_fraction": 0.318, "gradient_norm_mean": 24.5699765625, "gradient_norm_max": 190.75485229492188, "step_seconds": 0.2658710554242134, "innovation_std_sum": 61.58642824846878, "noise_marginal_std_sum": 69.39157028829314}
{"step": 290, "epoch": 5, "train_loss": 0.4659054565429688, "clip_fraction": 0.301, "gradient_norm_mean": 23.6653125, "gradient_norm_max": 223.81312561035156, "step_seconds": 0.26427992060780525, "innovation_std_sum": 61.58642824846878, "noise_marginal_std_sum": 69.39157028829314}
{"step": 300, "epoch": 5, "train_loss": 0.4402033996582031, "clip_fraction": 0.292, "gradient_norm_mean": 22.87623046875, "gradient_norm_max": 245.5997772216797, "step_seconds": 0.26071955636143684, "innovation_std_sum": 61.58642824846878, "noise_marginal_std_sum": 69.39157028829314}
{"step": 310, "epoch": 5, "train_loss": 0.46458050537109374, "clip_fraction": 0.326, "gradient_norm_mean": 25.106865234375, "gradient_norm_max": 197.12168884277344, "step_seconds": 0.261835690587759, "innovation_std_sum": 61.58642824846878, "noise_marginal_std_sum": 69.39157028829314}
{"epoch": 5, "step": 310, "train_loss": 0.46089634803033647, "clip_fraction": 0.31566129032258067, "epsilon": 3.9999999999999685, "accuracy": 0.7626146788990825, "validation_loss": 0.6035470437566075, "validation_examples": 872}
