Loading weights:   0%|          | 0/39 [00:00<?, ?it/s]Loading weights: 100%|██████████| 39/39 [00:00<00:00, 27566.20it/s]
[transformers] [1mBertModel LOAD REPORT[0m from: /media/data/data/lt/dp-adam-correlated/cache/bert-tiny
Key                                        | Status     |  | 
-------------------------------------------+------------+--+-
cls.predictions.bias                       | UNEXPECTED |  | 
cls.predictions.decoder.bias               | UNEXPECTED |  | 
cls.predictions.transform.dense.weight     | UNEXPECTED |  | 
cls.predictions.transform.LayerNorm.bias   | UNEXPECTED |  | 
cls.predictions.transform.LayerNorm.weight | UNEXPECTED |  | 
cls.seq_relationship.weight                | UNEXPECTED |  | 
cls.predictions.decoder.weight             | UNEXPECTED |  | 
cls.predictions.transform.dense.bias       | UNEXPECTED |  | 
cls.seq_relationship.bias                  | UNEXPECTED |  | 

Notes:
- UNEXPECTED:	can be ignored when loading from different task/architecture; not ok if you expect identical arch.
sys:1: UserWarning: Full backward hook is firing when gradients are computed with respect to module outputs since no inputs require gradients. See https://docs.pytorch.org/docs/main/generated/torch.nn.Module.html#torch.nn.Module.register_full_backward_hook for more details.
{"step": 10, "epoch": 1, "train_loss": 0.6786180419921874, "clip_fraction": 0.002, "gradient_norm_mean": 7.3528271484375, "gradient_norm_max": 10.075517654418945, "step_seconds": 0.12383155710995197, "innovation_std_sum": 151.87205006648523, "noise_marginal_std_sum": 209.4790170573289}
{"step": 20, "epoch": 1, "train_loss": 0.6696746826171875, "clip_fraction": 0.152, "gradient_norm_mean": 8.2017529296875, "gradient_norm_max": 14.18178939819336, "step_seconds": 0.2619206365197897, "innovation_std_sum": 151.87205006648523, "noise_marginal_std_sum": 209.4790170573289}
{"step": 30, "epoch": 1, "train_loss": 0.63556005859375, "clip_fraction": 0.412, "gradient_norm_mean": 9.50852734375, "gradient_norm_max": 17.223928451538086, "step_seconds": 0.26463048346340656, "innovation_std_sum": 151.87205006648523, "noise_marginal_std_sum": 209.4790170573289}
{"step": 40, "epoch": 1, "train_loss": 0.6371434326171875, "clip_fraction": 0.548, "gradient_norm_mean": 10.9389609375, "gradient_norm_max": 24.212854385375977, "step_seconds": 0.2668495997786522, "innovation_std_sum": 151.87205006648523, "noise_marginal_std_sum": 209.4790170573289}
{"step": 50, "epoch": 1, "train_loss": 0.6414068603515625, "clip_fraction": 0.73, "gradient_norm_mean": 13.3743212890625, "gradient_norm_max": 29.032791137695312, "step_seconds": 0.2665861491113901, "innovation_std_sum": 151.87205006648523, "noise_marginal_std_sum": 209.4790170573289}
{"step": 60, "epoch": 1, "train_loss": 0.6009284057617188, "clip_fraction": 0.708, "gradient_norm_mean": 14.899921875, "gradient_norm_max": 40.88629150390625, "step_seconds": 0.26610909961164, "innovation_std_sum": 151.87205006648523, "noise_marginal_std_sum": 209.4790170573289}
{"epoch": 1, "step": 62, "train_loss": 0.6524217903383317, "clip_fraction": 0.3861612903225806, "epsilon": 0.7869949284338518, "accuracy": 0.6444954128440367, "validation_loss": 0.6280591116039032, "validation_examples": 872}
{"step": 70, "epoch": 2, "train_loss": 0.6100444946289062, "clip_fraction": 0.688, "gradient_norm_mean": 17.28212109375, "gradient_norm_max": 52.682430267333984, "step_seconds": 0.26695206575095654, "innovation_std_sum": 151.87205006648523, "noise_marginal_std_sum": 209.4790170573289}
{"step": 80, "epoch": 2, "train_loss": 0.58172705078125, "clip_fraction": 0.755, "gradient_norm_mean": 19.851482421875, "gradient_norm_max": 79.05587768554688, "step_seconds": 0.2609462421387434, "innovation_std_sum": 151.87205006648523, "noise_marginal_std_sum": 209.4790170573289}
{"step": 90, "epoch": 2, "train_loss": 0.607757080078125, "clip_fraction": 0.673, "gradient_norm_mean": 22.51909375, "gradient_norm_max": 80.7198486328125, "step_seconds": 0.12619507871568203, "innovation_std_sum": 151.87205006648523, "noise_marginal_std_sum": 209.4790170573289}
{"step": 100, "epoch": 2, "train_loss": 0.5982861328125, "clip_fraction": 0.702, "gradient_norm_mean": 25.37487890625, "gradient_norm_max": 93.26753997802734, "step_seconds": 0.26856885850429535, "innovation_std_sum": 151.87205006648523, "noise_marginal_std_sum": 209.4790170573289}
{"step": 110, "epoch": 2, "train_loss": 0.6148643188476562, "clip_fraction": 0.707, "gradient_norm_mean": 27.95632421875, "gradient_norm_max": 101.34632873535156, "step_seconds": 0.26731273904442787, "innovation_std_sum": 151.87205006648523, "noise_marginal_std_sum": 209.4790170573289}
{"step": 120, "epoch": 2, "train_loss": 0.5836146850585937, "clip_fraction": 0.68, "gradient_norm_mean": 31.086251953125, "gradient_norm_max": 124.40209197998047, "step_seconds": 0.27246375754475594, "innovation_std_sum": 151.87205006648523, "noise_marginal_std_sum": 209.4790170573289}
{"epoch": 2, "step": 124, "train_loss": 0.6009625598538306, "clip_fraction": 0.6967741935483871, "epsilon": 1.1828548383933342, "accuracy": 0.7075688073394495, "validation_loss": 0.6215071415682452, "validation_examples": 872}
{"step": 130, "epoch": 3, "train_loss": 0.5646600341796875, "clip_fraction": 0.604, "gradient_norm_mean": 30.175349609375, "gradient_norm_max": 147.39895629882812, "step_seconds": 0.27310092747211456, "innovation_std_sum": 151.87205006648523, "noise_marginal_std_sum": 209.4790170573289}
{"step": 140, "epoch": 3, "train_loss": 0.5940115966796875, "clip_fraction": 0.615, "gradient_norm_mean": 32.410171875, "gradient_norm_max": 148.91539001464844, "step_seconds": 0.26792055927217007, "innovation_std_sum": 151.87205006648523, "noise_marginal_std_sum": 209.4790170573289}
{"step": 150, "epoch": 3, "train_loss": 0.6284619140625, "clip_fraction": 0.6, "gradient_norm_mean": 35.9986640625, "gradient_norm_max": 186.71926879882812, "step_seconds": 0.26616080664098263, "innovation_std_sum": 151.87205006648523, "noise_marginal_std_sum": 209.4790170573289}
{"step": 160, "epoch": 3, "train_loss": 0.6360732421875, "clip_fraction": 0.573, "gradient_norm_mean": 39.3184296875, "gradient_norm_max": 247.36680603027344, "step_seconds": 0.2735514361411333, "innovation_std_sum": 151.87205006648523, "noise_marginal_std_sum": 209.4790170573289}
{"step": 170, "epoch": 3, "train_loss": 0.6641098022460937, "clip_fraction": 0.579, "gradient_norm_mean": 37.70524609375, "gradient_norm_max": 202.66619873046875, "step_seconds": 0.26658501848578453, "innovation_std_sum": 151.87205006648523, "noise_marginal_std_sum": 209.4790170573289}
{"step": 180, "epoch": 3, "train_loss": 0.5973556518554688, "clip_fraction": 0.563, "gradient_norm_mean": 39.32600390625, "gradient_norm_max": 229.91531372070312, "step_seconds": 0.272609181702137, "innovation_std_sum": 151.87205006648523, "noise_marginal_std_sum": 209.4790170573289}
{"epoch": 3, "step": 186, "train_loss": 0.6076760411416331, "clip_fraction": 0.5812419354838709, "epsilon": 1.4940057452073763, "accuracy": 0.7282110091743119, "validation_loss": 0.6997833864404521, "validation_examples": 872}
{"step": 190, "epoch": 4, "train_loss": 0.6271116943359375, "clip_fraction": 0.537, "gradient_norm_mean": 38.2499765625, "gradient_norm_max": 236.70367431640625, "step_seconds": 0.2730938792228699, "innovation_std_sum": 151.87205006648523, "noise_marginal_std_sum": 209.4790170573289}
{"step": 200, "epoch": 4, "train_loss": 0.663783203125, "clip_fraction": 0.543, "gradient_norm_mean": 40.36385546875, "gradient_norm_max": 236.16783142089844, "step_seconds": 0.26886271871626377, "innovation_std_sum": 151.87205006648523, "noise_marginal_std_sum": 209.4790170573289}
{"step": 210, "epoch": 4, "train_loss": 0.6183978271484375, "clip_fraction": 0.493, "gradient_norm_mean": 40.605109375, "gradient_norm_max": 267.2171630859375, "step_seconds": 0.27228053472936153, "innovation_std_sum": 151.87205006648523, "noise_marginal_std_sum": 209.4790170573289}
{"step": 220, "epoch": 4, "train_loss": 0.6452993774414062, "clip_fraction": 0.513, "gradient_norm_mean": 41.5201796875, "gradient_norm_max": 225.44195556640625, "step_seconds": 0.27035400457680225, "innovation_std_sum": 151.87205006648523, "noise_marginal_std_sum": 209.4790170573289}
{"step": 230, "epoch": 4, "train_loss": 0.6982430419921875, "clip_fraction": 0.505, "gradient_norm_mean": 42.301796875, "gradient_norm_max": 314.5643005371094, "step_seconds": 0.2725425139069557, "innovation_std_sum": 151.87205006648523, "noise_marginal_std_sum": 209.4790170573289}
{"step": 240, "epoch": 4, "train_loss": 0.6975164794921875, "clip_fraction": 0.5, "gradient_norm_mean": 44.079875, "gradient_norm_max": 293.556640625, "step_seconds": 0.2738644015043974, "innovation_std_sum": 151.87205006648523, "noise_marginal_std_sum": 209.4790170573289}
{"epoch": 4, "step": 248, "train_loss": 0.6401252628449471, "clip_fraction": 0.5095322580645161, "epsilon": 1.7610513498261091, "accuracy": 0.7385321100917431, "validation_loss": 0.7341828914957309, "validation_examples": 872}
{"step": 250, "epoch": 5, "train_loss": 0.6235562744140625, "clip_fraction": 0.492, "gradient_norm_mean": 42.99346484375, "gradient_norm_max": 323.2119140625, "step_seconds": 0.2724749632179737, "innovation_std_sum": 151.87205006648523, "noise_marginal_std_sum": 209.4790170573289}
{"step": 260, "epoch": 5, "train_loss": 0.633907470703125, "clip_fraction": 0.484, "gradient_norm_mean": 41.57671875, "gradient_norm_max": 300.6697692871094, "step_seconds": 0.271712988615036, "innovation_std_sum": 151.87205006648523, "noise_marginal_std_sum": 209.4790170573289}
{"step": 270, "epoch": 5, "train_loss": 0.6121411743164062, "clip_fraction": 0.477, "gradient_norm_mean": 43.06357421875, "gradient_norm_max": 283.1654357910156, "step_seconds": 0.2719804607331753, "innovation_std_sum": 151.87205006648523, "noise_marginal_std_sum": 209.4790170573289}
{"step": 280, "epoch": 5, "train_loss": 0.6413026123046875, "clip_fraction": 0.475, "gradient_norm_mean": 42.67866015625, "gradient_norm_max": 290.072265625, "step_seconds": 0.26944092847406864, "innovation_std_sum": 151.87205006648523, "noise_marginal_std_sum": 209.4790170573289}
{"step": 290, "epoch": 5, "train_loss": 0.66119482421875, "clip_fraction": 0.468, "gradient_norm_mean": 41.14110546875, "gradient_norm_max": 257.6276550292969, "step_seconds": 0.26927168667316437, "innovation_std_sum": 151.87205006648523, "noise_marginal_std_sum": 209.4790170573289}
{"step": 300, "epoch": 5, "train_loss": 0.6515899658203125, "clip_fraction": 0.455, "gradient_norm_mean": 43.75155078125, "gradient_norm_max": 393.0622863769531, "step_seconds": 0.2730726022273302, "innovation_std_sum": 151.87205006648523, "noise_marginal_std_sum": 209.4790170573289}
{"step": 310, "epoch": 5, "train_loss": 0.68273974609375, "clip_fraction": 0.454, "gradient_norm_mean": 45.8956875, "gradient_norm_max": 326.93621826171875, "step_seconds": 0.12895149365067482, "innovation_std_sum": 151.87205006648523, "noise_marginal_std_sum": 209.4790170573289}
{"epoch": 5, "step": 310, "train_loss": 0.6406002807617187, "clip_fraction": 0.47246774193548385, "epsilon": 2.0000000000008775, "accuracy": 0.7477064220183486, "validation_loss": 0.7373842974321558, "validation_examples": 872}
