Loading weights:   0%|          | 0/39 [00:00<?, ?it/s]Loading weights: 100%|██████████| 39/39 [00:00<00:00, 19559.71it/s]
[transformers] [1mBertModel LOAD REPORT[0m from: /media/data/data/lt/dp-adam-correlated/cache/bert-tiny
Key                                        | Status     |  | 
-------------------------------------------+------------+--+-
cls.predictions.transform.dense.bias       | UNEXPECTED |  | 
cls.predictions.decoder.weight             | UNEXPECTED |  | 
cls.seq_relationship.weight                | UNEXPECTED |  | 
cls.predictions.transform.dense.weight     | UNEXPECTED |  | 
cls.predictions.transform.LayerNorm.bias   | UNEXPECTED |  | 
cls.predictions.transform.LayerNorm.weight | UNEXPECTED |  | 
cls.predictions.bias                       | UNEXPECTED |  | 
cls.predictions.decoder.bias               | UNEXPECTED |  | 
cls.seq_relationship.bias                  | UNEXPECTED |  | 

Notes:
- UNEXPECTED:	can be ignored when loading from different task/architecture; not ok if you expect identical arch.
sys:1: UserWarning: Full backward hook is firing when gradients are computed with respect to module outputs since no inputs require gradients. See https://docs.pytorch.org/docs/main/generated/torch.nn.Module.html#torch.nn.Module.register_full_backward_hook for more details.
{"step": 10, "epoch": 1, "train_loss": 0.9315897827148437, "clip_fraction": 1.0, "gradient_norm_mean": 7.5225537109375, "gradient_norm_max": 19.51772689819336, "step_seconds": 0.2612017672508955, "innovation_std_sum": 0.40264590225254543, "noise_marginal_std_sum": 0.40264590225254543}
{"step": 20, "epoch": 1, "train_loss": 1.589155517578125, "clip_fraction": 0.997, "gradient_norm_mean": 8.29860546875, "gradient_norm_max": 32.90937805175781, "step_seconds": 0.2617407366633415, "innovation_std_sum": 0.40264590225254543, "noise_marginal_std_sum": 0.40264590225254543}
{"step": 30, "epoch": 1, "train_loss": 1.9214560546875, "clip_fraction": 0.612, "gradient_norm_mean": 10.556697265625, "gradient_norm_max": 50.95487594604492, "step_seconds": 0.26121341064572334, "innovation_std_sum": 0.40264590225254543, "noise_marginal_std_sum": 0.40264590225254543}
{"step": 40, "epoch": 1, "train_loss": 1.742162109375, "clip_fraction": 0.765, "gradient_norm_mean": 15.456841796875, "gradient_norm_max": 66.48321533203125, "step_seconds": 0.26135408878326416, "innovation_std_sum": 0.40264590225254543, "noise_marginal_std_sum": 0.40264590225254543}
{"step": 50, "epoch": 1, "train_loss": 1.690718017578125, "clip_fraction": 0.749, "gradient_norm_mean": 25.98173046875, "gradient_norm_max": 109.22345733642578, "step_seconds": 0.2661500982940197, "innovation_std_sum": 0.40264590225254543, "noise_marginal_std_sum": 0.40264590225254543}
{"step": 60, "epoch": 1, "train_loss": 1.170484619140625, "clip_fraction": 0.85, "gradient_norm_mean": 38.066375, "gradient_norm_max": 179.88722229003906, "step_seconds": 0.2646653391420841, "innovation_std_sum": 0.40264590225254543, "noise_marginal_std_sum": 0.40264590225254543}
{"epoch": 1, "step": 62, "train_loss": 1.4699816372779109, "clip_fraction": 0.8169677419354838, "epsilon": 3.1232925162148586, "accuracy": 0.6376892877173304, "validation_loss": 0.945897366047173, "validation_examples": 5349}
{"step": 70, "epoch": 2, "train_loss": 1.0018519287109375, "clip_fraction": 0.774, "gradient_norm_mean": 46.771203125, "gradient_norm_max": 333.6749572753906, "step_seconds": 0.2656625658273697, "innovation_std_sum": 0.40264590225254543, "noise_marginal_std_sum": 0.40264590225254543}
{"step": 80, "epoch": 2, "train_loss": 0.9069430541992187, "clip_fraction": 0.829, "gradient_norm_mean": 50.3872890625, "gradient_norm_max": 454.26995849609375, "step_seconds": 0.2664218954741955, "innovation_std_sum": 0.40264590225254543, "noise_marginal_std_sum": 0.40264590225254543}
{"step": 90, "epoch": 2, "train_loss": 1.1650618896484375, "clip_fraction": 0.631, "gradient_norm_mean": 65.56121875, "gradient_norm_max": 495.9069519042969, "step_seconds": 0.26648151874542236, "innovation_std_sum": 0.40264590225254543, "noise_marginal_std_sum": 0.40264590225254543}
{"step": 100, "epoch": 2, "train_loss": 1.2641756591796875, "clip_fraction": 0.558, "gradient_norm_mean": 75.5928046875, "gradient_norm_max": 811.3510131835938, "step_seconds": 0.26673782616853714, "innovation_std_sum": 0.40264590225254543, "noise_marginal_std_sum": 0.40264590225254543}
{"step": 110, "epoch": 2, "train_loss": 1.2567794189453125, "clip_fraction": 0.493, "gradient_norm_mean": 86.358390625, "gradient_norm_max": 812.6129760742188, "step_seconds": 0.26628921553492546, "innovation_std_sum": 0.40264590225254543, "noise_marginal_std_sum": 0.40264590225254543}
{"step": 120, "epoch": 2, "train_loss": 1.225538330078125, "clip_fraction": 0.48, "gradient_norm_mean": 76.2252890625, "gradient_norm_max": 760.0631713867188, "step_seconds": 0.2656948883086443, "innovation_std_sum": 0.40264590225254543, "noise_marginal_std_sum": 0.40264590225254543}
{"epoch": 2, "step": 124, "train_loss": 1.1190950110650832, "clip_fraction": 0.6539677419354839, "epsilon": 4.650921021133024, "accuracy": 0.7614507384557861, "validation_loss": 1.298384403464816, "validation_examples": 5349}
{"step": 130, "epoch": 3, "train_loss": 1.13348095703125, "clip_fraction": 0.506, "gradient_norm_mean": 84.0038046875, "gradient_norm_max": 1053.50537109375, "step_seconds": 0.2619451731443405, "innovation_std_sum": 0.40264590225254543, "noise_marginal_std_sum": 0.40264590225254543}
{"step": 140, "epoch": 3, "train_loss": 1.2503331298828124, "clip_fraction": 0.512, "gradient_norm_mean": 89.34109375, "gradient_norm_max": 934.574951171875, "step_seconds": 0.267110263928771, "innovation_std_sum": 0.40264590225254543, "noise_marginal_std_sum": 0.40264590225254543}
{"step": 150, "epoch": 3, "train_loss": 1.273320556640625, "clip_fraction": 0.486, "gradient_norm_mean": 80.820453125, "gradient_norm_max": 878.164794921875, "step_seconds": 0.26645013503730297, "innovation_std_sum": 0.40264590225254543, "noise_marginal_std_sum": 0.40264590225254543}
{"step": 160, "epoch": 3, "train_loss": 1.3336318359375, "clip_fraction": 0.495, "gradient_norm_mean": 85.175109375, "gradient_norm_max": 964.8245239257812, "step_seconds": 0.26713417284190655, "innovation_std_sum": 0.40264590225254543, "noise_marginal_std_sum": 0.40264590225254543}
{"step": 170, "epoch": 3, "train_loss": 1.3184884033203126, "clip_fraction": 0.472, "gradient_norm_mean": 80.528640625, "gradient_norm_max": 986.974853515625, "step_seconds": 0.2653758507221937, "innovation_std_sum": 0.40264590225254543, "noise_marginal_std_sum": 0.40264590225254543}
{"step": 180, "epoch": 3, "train_loss": 1.3243260498046876, "clip_fraction": 0.482, "gradient_norm_mean": 75.518078125, "gradient_norm_max": 1156.617919921875, "step_seconds": 0.2673911452293396, "innovation_std_sum": 0.40264590225254543, "noise_marginal_std_sum": 0.40264590225254543}
{"epoch": 3, "step": 186, "train_loss": 1.198584715812437, "clip_fraction": 0.48401612903225805, "epsilon": 5.897172094191148, "accuracy": 0.7773415591699383, "validation_loss": 1.1975015043699757, "validation_examples": 5349}
{"step": 190, "epoch": 4, "train_loss": 1.059236083984375, "clip_fraction": 0.458, "gradient_norm_mean": 77.481140625, "gradient_norm_max": 1083.581787109375, "step_seconds": 0.2670521102845669, "innovation_std_sum": 0.40264590225254543, "noise_marginal_std_sum": 0.40264590225254543}
{"step": 200, "epoch": 4, "train_loss": 1.145018798828125, "clip_fraction": 0.471, "gradient_norm_mean": 82.9763515625, "gradient_norm_max": 1211.374755859375, "step_seconds": 0.26734230294823647, "innovation_std_sum": 0.40264590225254543, "noise_marginal_std_sum": 0.40264590225254543}
{"step": 210, "epoch": 4, "train_loss": 1.1743031005859375, "clip_fraction": 0.464, "gradient_norm_mean": 79.788796875, "gradient_norm_max": 1039.203125, "step_seconds": 0.2656271904706955, "innovation_std_sum": 0.40264590225254543, "noise_marginal_std_sum": 0.40264590225254543}
{"step": 220, "epoch": 4, "train_loss": 1.0879638671875, "clip_fraction": 0.444, "gradient_norm_mean": 59.8234375, "gradient_norm_max": 1077.3133544921875, "step_seconds": 0.26745425537228584, "innovation_std_sum": 0.40264590225254543, "noise_marginal_std_sum": 0.40264590225254543}
{"step": 230, "epoch": 4, "train_loss": 1.124912109375, "clip_fraction": 0.451, "gradient_norm_mean": 76.4148046875, "gradient_norm_max": 1091.6341552734375, "step_seconds": 0.26665286533534527, "innovation_std_sum": 0.40264590225254543, "noise_marginal_std_sum": 0.40264590225254543}
{"step": 240, "epoch": 4, "train_loss": 1.158682373046875, "clip_fraction": 0.425, "gradient_norm_mean": 72.9052890625, "gradient_norm_max": 1043.5943603515625, "step_seconds": 0.26681323163211346, "innovation_std_sum": 0.40264590225254543, "noise_marginal_std_sum": 0.40264590225254543}
{"epoch": 4, "step": 248, "train_loss": 1.1289766796481224, "clip_fraction": 0.44516129032258067, "epsilon": 6.99603315708177, "accuracy": 0.7855673957749112, "validation_loss": 1.162276236091424, "validation_examples": 5349}
{"step": 250, "epoch": 5, "train_loss": 1.253094482421875, "clip_fraction": 0.415, "gradient_norm_mean": 62.35621484375, "gradient_norm_max": 1213.8720703125, "step_seconds": 0.2675510663539171, "innovation_std_sum": 0.40264590225254543, "noise_marginal_std_sum": 0.40264590225254543}
{"step": 260, "epoch": 5, "train_loss": 1.210421875, "clip_fraction": 0.414, "gradient_norm_mean": 66.925203125, "gradient_norm_max": 1106.0601806640625, "step_seconds": 0.267636114731431, "innovation_std_sum": 0.40264590225254543, "noise_marginal_std_sum": 0.40264590225254543}
{"step": 270, "epoch": 5, "train_loss": 1.04697021484375, "clip_fraction": 0.403, "gradient_norm_mean": 61.131671875, "gradient_norm_max": 915.5255737304688, "step_seconds": 0.26769549772143364, "innovation_std_sum": 0.40264590225254543, "noise_marginal_std_sum": 0.40264590225254543}
{"step": 280, "epoch": 5, "train_loss": 1.0377818603515625, "clip_fraction": 0.413, "gradient_norm_mean": 67.5609375, "gradient_norm_max": 1065.5667724609375, "step_seconds": 0.2670703995972872, "innovation_std_sum": 0.40264590225254543, "noise_marginal_std_sum": 0.40264590225254543}
{"step": 290, "epoch": 5, "train_loss": 1.07817724609375, "clip_fraction": 0.397, "gradient_norm_mean": 71.742234375, "gradient_norm_max": 1101.6605224609375, "step_seconds": 0.2663423400372267, "innovation_std_sum": 0.40264590225254543, "noise_marginal_std_sum": 0.40264590225254543}
{"step": 300, "epoch": 5, "train_loss": 1.007863525390625, "clip_fraction": 0.389, "gradient_norm_mean": 63.22096484375, "gradient_norm_max": 1134.6580810546875, "step_seconds": 0.26713993586599827, "innovation_std_sum": 0.40264590225254543, "noise_marginal_std_sum": 0.40264590225254543}
{"step": 310, "epoch": 5, "train_loss": 1.2287557373046876, "clip_fraction": 0.428, "gradient_norm_mean": 65.5260859375, "gradient_norm_max": 1180.326904296875, "step_seconds": 0.26677676662802696, "innovation_std_sum": 0.40264590225254543, "noise_marginal_std_sum": 0.40264590225254543}
{"epoch": 5, "step": 310, "train_loss": 1.094060316516507, "clip_fraction": 0.4095, "epsilon": 8.000000000000005, "accuracy": 0.7943540848756777, "validation_loss": 1.1087303803465838, "validation_examples": 5349}
