Loading weights:   0%|          | 0/39 [00:00<?, ?it/s]Loading weights: 100%|██████████| 39/39 [00:00<00:00, 11663.31it/s]
[transformers] [1mBertModel LOAD REPORT[0m from: /media/data/data/lt/dp-adam-correlated/cache/bert-tiny
Key                                        | Status     |  | 
-------------------------------------------+------------+--+-
cls.predictions.transform.LayerNorm.weight | UNEXPECTED |  | 
cls.seq_relationship.weight                | UNEXPECTED |  | 
cls.predictions.decoder.weight             | UNEXPECTED |  | 
cls.seq_relationship.bias                  | UNEXPECTED |  | 
cls.predictions.decoder.bias               | UNEXPECTED |  | 
cls.predictions.transform.dense.weight     | UNEXPECTED |  | 
cls.predictions.bias                       | UNEXPECTED |  | 
cls.predictions.transform.LayerNorm.bias   | UNEXPECTED |  | 
cls.predictions.transform.dense.bias       | UNEXPECTED |  | 

Notes:
- UNEXPECTED:	can be ignored when loading from different task/architecture; not ok if you expect identical arch.
sys:1: UserWarning: Full backward hook is firing when gradients are computed with respect to module outputs since no inputs require gradients. See https://docs.pytorch.org/docs/main/generated/torch.nn.Module.html#torch.nn.Module.register_full_backward_hook for more details.
{"step": 10, "epoch": 1, "train_loss": 0.8915880126953125, "clip_fraction": 1.0, "gradient_norm_mean": 409.658875, "gradient_norm_max": 1110.478759765625, "step_seconds": 0.2763035986572504, "innovation_std_sum": 251.13722579427673, "noise_marginal_std_sum": 293.3162184778228}
{"step": 20, "epoch": 1, "train_loss": 1.227900146484375, "clip_fraction": 0.493, "gradient_norm_mean": 490.3888125, "gradient_norm_max": 1923.0291748046875, "step_seconds": 0.27859599329531193, "innovation_std_sum": 251.13722579427673, "noise_marginal_std_sum": 293.3162184778228}
{"step": 30, "epoch": 1, "train_loss": 1.0691881103515626, "clip_fraction": 0.756, "gradient_norm_mean": 597.0490625, "gradient_norm_max": 2312.335205078125, "step_seconds": 0.2789069227874279, "innovation_std_sum": 251.13722579427673, "noise_marginal_std_sum": 293.3162184778228}
{"step": 40, "epoch": 1, "train_loss": 1.1844002685546875, "clip_fraction": 0.622, "gradient_norm_mean": 702.0893125, "gradient_norm_max": 2958.48291015625, "step_seconds": 0.27222704887390137, "innovation_std_sum": 251.13722579427673, "noise_marginal_std_sum": 293.3162184778228}
{"step": 50, "epoch": 1, "train_loss": 1.15364306640625, "clip_fraction": 0.721, "gradient_norm_mean": 976.474875, "gradient_norm_max": 3727.91650390625, "step_seconds": 0.27223558165133, "innovation_std_sum": 251.13722579427673, "noise_marginal_std_sum": 293.3162184778228}
{"step": 60, "epoch": 1, "train_loss": 1.06987353515625, "clip_fraction": 0.798, "gradient_norm_mean": 1400.08325, "gradient_norm_max": 5064.13623046875, "step_seconds": 0.28194198198616505, "innovation_std_sum": 251.13722579427673, "noise_marginal_std_sum": 293.3162184778228}
{"epoch": 1, "step": 62, "train_loss": 1.075107916062878, "clip_fraction": 0.7295483870967742, "epsilon": 3.054089440266451, "accuracy": 0.56608711908768, "validation_loss": 0.9306796964116577, "validation_examples": 5349}
{"step": 70, "epoch": 2, "train_loss": 1.0434014892578125, "clip_fraction": 0.734, "gradient_norm_mean": 1760.641875, "gradient_norm_max": 8012.29931640625, "step_seconds": 0.19878968596458435, "innovation_std_sum": 251.13722579427673, "noise_marginal_std_sum": 293.3162184778228}
{"step": 80, "epoch": 2, "train_loss": 0.785355712890625, "clip_fraction": 0.831, "gradient_norm_mean": 2078.316875, "gradient_norm_max": 11371.134765625, "step_seconds": 0.2850302793085575, "innovation_std_sum": 251.13722579427673, "noise_marginal_std_sum": 293.3162184778228}
{"step": 90, "epoch": 2, "train_loss": 0.6912225341796875, "clip_fraction": 0.818, "gradient_norm_mean": 2307.82, "gradient_norm_max": 13707.6484375, "step_seconds": 0.2819304782897234, "innovation_std_sum": 251.13722579427673, "noise_marginal_std_sum": 293.3162184778228}
{"step": 100, "epoch": 2, "train_loss": 0.7918037109375, "clip_fraction": 0.762, "gradient_norm_mean": 2927.78325, "gradient_norm_max": 19234.255859375, "step_seconds": 0.2881309874355793, "innovation_std_sum": 251.13722579427673, "noise_marginal_std_sum": 293.3162184778228}
{"step": 110, "epoch": 2, "train_loss": 0.801180419921875, "clip_fraction": 0.68, "gradient_norm_mean": 3187.842, "gradient_norm_max": 21749.8203125, "step_seconds": 0.18746211007237434, "innovation_std_sum": 251.13722579427673, "noise_marginal_std_sum": 293.3162184778228}
{"step": 120, "epoch": 2, "train_loss": 0.820745361328125, "clip_fraction": 0.614, "gradient_norm_mean": 3460.267, "gradient_norm_max": 28249.34375, "step_seconds": 0.27663220651447773, "innovation_std_sum": 251.13722579427673, "noise_marginal_std_sum": 293.3162184778228}
{"epoch": 2, "step": 124, "train_loss": 0.8378721638341103, "clip_fraction": 0.7551290322580645, "epsilon": 4.610238743691153, "accuracy": 0.7339689661618994, "validation_loss": 0.93034094073969, "validation_examples": 5349}
{"step": 130, "epoch": 3, "train_loss": 0.8702930908203125, "clip_fraction": 0.585, "gradient_norm_mean": 4038.94675, "gradient_norm_max": 36996.11328125, "step_seconds": 0.28862944431602955, "innovation_std_sum": 251.13722579427673, "noise_marginal_std_sum": 293.3162184778228}
{"step": 140, "epoch": 3, "train_loss": 0.970187744140625, "clip_fraction": 0.57, "gradient_norm_mean": 4379.9465, "gradient_norm_max": 32999.078125, "step_seconds": 0.2803365681320429, "innovation_std_sum": 251.13722579427673, "noise_marginal_std_sum": 293.3162184778228}
{"step": 150, "epoch": 3, "train_loss": 0.9620695190429688, "clip_fraction": 0.531, "gradient_norm_mean": 4027.831, "gradient_norm_max": 32279.943359375, "step_seconds": 0.28383149579167366, "innovation_std_sum": 251.13722579427673, "noise_marginal_std_sum": 293.3162184778228}
{"step": 160, "epoch": 3, "train_loss": 0.99642822265625, "clip_fraction": 0.522, "gradient_norm_mean": 4254.8945, "gradient_norm_max": 41675.75, "step_seconds": 0.28944845125079155, "innovation_std_sum": 251.13722579427673, "noise_marginal_std_sum": 293.3162184778228}
{"step": 170, "epoch": 3, "train_loss": 1.0089207153320312, "clip_fraction": 0.52, "gradient_norm_mean": 4299.6305, "gradient_norm_max": 46784.00390625, "step_seconds": 0.2924530506134033, "innovation_std_sum": 251.13722579427673, "noise_marginal_std_sum": 293.3162184778228}
{"step": 180, "epoch": 3, "train_loss": 1.0634527587890625, "clip_fraction": 0.511, "gradient_norm_mean": 4502.6035, "gradient_norm_max": 53108.23046875, "step_seconds": 0.28640855103731155, "innovation_std_sum": 251.13722579427673, "noise_marginal_std_sum": 293.3162184778228}
{"epoch": 3, "step": 186, "train_loss": 0.9390911422237274, "clip_fraction": 0.5356935483870968, "epsilon": 5.873890881586911, "accuracy": 0.7552813610020565, "validation_loss": 0.9975843210268476, "validation_examples": 5349}
{"step": 190, "epoch": 4, "train_loss": 0.8557613525390625, "clip_fraction": 0.499, "gradient_norm_mean": 4483.7385, "gradient_norm_max": 43050.83203125, "step_seconds": 0.29301723279058933, "innovation_std_sum": 251.13722579427673, "noise_marginal_std_sum": 293.3162184778228}
{"step": 200, "epoch": 4, "train_loss": 0.9321082763671875, "clip_fraction": 0.511, "gradient_norm_mean": 4103.58475, "gradient_norm_max": 46930.48828125, "step_seconds": 0.28840048983693123, "innovation_std_sum": 251.13722579427673, "noise_marginal_std_sum": 293.3162184778228}
{"step": 210, "epoch": 4, "train_loss": 0.954279052734375, "clip_fraction": 0.488, "gradient_norm_mean": 4284.539, "gradient_norm_max": 47772.48828125, "step_seconds": 0.27691393718123436, "innovation_std_sum": 251.13722579427673, "noise_marginal_std_sum": 293.3162184778228}
{"step": 220, "epoch": 4, "train_loss": 0.869435546875, "clip_fraction": 0.488, "gradient_norm_mean": 3878.38025, "gradient_norm_max": 42314.58203125, "step_seconds": 0.29039839282631874, "innovation_std_sum": 251.13722579427673, "noise_marginal_std_sum": 293.3162184778228}
{"step": 230, "epoch": 4, "train_loss": 0.9680926513671875, "clip_fraction": 0.485, "gradient_norm_mean": 4474.5295, "gradient_norm_max": 38142.09375, "step_seconds": 0.2856914959847927, "innovation_std_sum": 251.13722579427673, "noise_marginal_std_sum": 293.3162184778228}
{"step": 240, "epoch": 4, "train_loss": 0.879366455078125, "clip_fraction": 0.464, "gradient_norm_mean": 3909.313, "gradient_norm_max": 55686.18359375, "step_seconds": 0.2987894508987665, "innovation_std_sum": 251.13722579427673, "noise_marginal_std_sum": 293.3162184778228}
{"epoch": 4, "step": 248, "train_loss": 0.9215612458259829, "clip_fraction": 0.47961290322580646, "epsilon": 6.985551657770655, "accuracy": 0.7709852308842774, "validation_loss": 0.9569086334063063, "validation_examples": 5349}
{"step": 250, "epoch": 5, "train_loss": 0.9998993530273438, "clip_fraction": 0.448, "gradient_norm_mean": 3918.7285, "gradient_norm_max": 50598.6171875, "step_seconds": 0.2802005559206009, "innovation_std_sum": 251.13722579427673, "noise_marginal_std_sum": 293.3162184778228}
{"step": 260, "epoch": 5, "train_loss": 0.994689208984375, "clip_fraction": 0.46, "gradient_norm_mean": 3926.02375, "gradient_norm_max": 42277.1171875, "step_seconds": 0.2878635339438915, "innovation_std_sum": 251.13722579427673, "noise_marginal_std_sum": 293.3162184778228}
{"step": 270, "epoch": 5, "train_loss": 0.8654285888671875, "clip_fraction": 0.434, "gradient_norm_mean": 3980.08875, "gradient_norm_max": 44504.48828125, "step_seconds": 0.2768767587840557, "innovation_std_sum": 251.13722579427673, "noise_marginal_std_sum": 293.3162184778228}
{"step": 280, "epoch": 5, "train_loss": 0.90123291015625, "clip_fraction": 0.455, "gradient_norm_mean": 3874.29925, "gradient_norm_max": 59456.3515625, "step_seconds": 0.2915322966873646, "innovation_std_sum": 251.13722579427673, "noise_marginal_std_sum": 293.3162184778228}
{"step": 290, "epoch": 5, "train_loss": 0.8658346557617187, "clip_fraction": 0.443, "gradient_norm_mean": 3928.8785, "gradient_norm_max": 49258.75, "step_seconds": 0.2914000656455755, "innovation_std_sum": 251.13722579427673, "noise_marginal_std_sum": 293.3162184778228}
{"step": 300, "epoch": 5, "train_loss": 0.809555419921875, "clip_fraction": 0.422, "gradient_norm_mean": 3732.38225, "gradient_norm_max": 46892.76953125, "step_seconds": 0.13912345468997955, "innovation_std_sum": 251.13722579427673, "noise_marginal_std_sum": 293.3162184778228}
{"step": 310, "epoch": 5, "train_loss": 0.93590283203125, "clip_fraction": 0.43, "gradient_norm_mean": 3863.1825, "gradient_norm_max": 44167.98828125, "step_seconds": 0.13943822868168354, "innovation_std_sum": 251.13722579427673, "noise_marginal_std_sum": 293.3162184778228}
{"epoch": 5, "step": 310, "train_loss": 0.8998488287156629, "clip_fraction": 0.44475806451612904, "epsilon": 8.000000000000005, "accuracy": 0.7810805758085624, "validation_loss": 0.9178897460435435, "validation_examples": 5349}
