Loading weights:   0%|          | 0/39 [00:00<?, ?it/s]Loading weights: 100%|██████████| 39/39 [00:00<00:00, 20378.45it/s]
[transformers] [1mBertModel LOAD REPORT[0m from: /media/data/data/lt/dp-adam-correlated/cache/bert-tiny
Key                                        | Status     |  | 
-------------------------------------------+------------+--+-
cls.seq_relationship.weight                | UNEXPECTED |  | 
cls.predictions.transform.dense.weight     | UNEXPECTED |  | 
cls.predictions.decoder.weight             | UNEXPECTED |  | 
cls.seq_relationship.bias                  | UNEXPECTED |  | 
cls.predictions.transform.LayerNorm.bias   | UNEXPECTED |  | 
cls.predictions.transform.LayerNorm.weight | UNEXPECTED |  | 
cls.predictions.decoder.bias               | UNEXPECTED |  | 
cls.predictions.bias                       | UNEXPECTED |  | 
cls.predictions.transform.dense.bias       | UNEXPECTED |  | 

Notes:
- UNEXPECTED:	can be ignored when loading from different task/architecture; not ok if you expect identical arch.
sys:1: UserWarning: Full backward hook is firing when gradients are computed with respect to module outputs since no inputs require gradients. See https://docs.pytorch.org/docs/main/generated/torch.nn.Module.html#torch.nn.Module.register_full_backward_hook for more details.
{"step": 10, "epoch": 1, "train_loss": 1.191100830078125, "clip_fraction": 1.0, "gradient_norm_mean": 7.65173681640625, "gradient_norm_max": 30.604021072387695, "step_seconds": 0.12768608517944813, "innovation_std_sum": 1.3374900488526895, "noise_marginal_std_sum": 1.3374900488526895}
{"step": 20, "epoch": 1, "train_loss": 2.12764990234375, "clip_fraction": 0.45, "gradient_norm_mean": 8.9312802734375, "gradient_norm_max": 66.84982299804688, "step_seconds": 0.2654846925288439, "innovation_std_sum": 1.3374900488526895, "noise_marginal_std_sum": 1.3374900488526895}
{"step": 30, "epoch": 1, "train_loss": 1.753767822265625, "clip_fraction": 0.876, "gradient_norm_mean": 10.8339228515625, "gradient_norm_max": 60.276039123535156, "step_seconds": 0.26692638359963894, "innovation_std_sum": 1.3374900488526895, "noise_marginal_std_sum": 1.3374900488526895}
{"step": 40, "epoch": 1, "train_loss": 2.111410888671875, "clip_fraction": 0.584, "gradient_norm_mean": 13.4593212890625, "gradient_norm_max": 60.133750915527344, "step_seconds": 0.26652334816753864, "innovation_std_sum": 1.3374900488526895, "noise_marginal_std_sum": 1.3374900488526895}
{"step": 50, "epoch": 1, "train_loss": 1.721471923828125, "clip_fraction": 0.879, "gradient_norm_mean": 18.28341015625, "gradient_norm_max": 86.23384094238281, "step_seconds": 0.26836104691028595, "innovation_std_sum": 1.3374900488526895, "noise_marginal_std_sum": 1.3374900488526895}
{"step": 60, "epoch": 1, "train_loss": 1.9085509033203125, "clip_fraction": 0.664, "gradient_norm_mean": 22.598935546875, "gradient_norm_max": 107.17518615722656, "step_seconds": 0.2678570244461298, "innovation_std_sum": 1.3374900488526895, "noise_marginal_std_sum": 1.3374900488526895}
{"epoch": 1, "step": 62, "train_loss": 1.6938857224987398, "clip_fraction": 0.7651935483870967, "epsilon": 0.8225143860634583, "accuracy": 0.5091743119266054, "validation_loss": 1.8941555548151698, "validation_examples": 872}
{"step": 70, "epoch": 2, "train_loss": 1.467928955078125, "clip_fraction": 0.835, "gradient_norm_mean": 33.62075390625, "gradient_norm_max": 131.46180725097656, "step_seconds": 0.2670472804456949, "innovation_std_sum": 1.3374900488526895, "noise_marginal_std_sum": 1.3374900488526895}
{"step": 80, "epoch": 2, "train_loss": 1.54450830078125, "clip_fraction": 0.759, "gradient_norm_mean": 39.987125, "gradient_norm_max": 179.92234802246094, "step_seconds": 0.26722346991300583, "innovation_std_sum": 1.3374900488526895, "noise_marginal_std_sum": 1.3374900488526895}
{"step": 90, "epoch": 2, "train_loss": 1.0482655029296875, "clip_fraction": 0.843, "gradient_norm_mean": 42.52346875, "gradient_norm_max": 210.9048614501953, "step_seconds": 0.2708795666694641, "innovation_std_sum": 1.3374900488526895, "noise_marginal_std_sum": 1.3374900488526895}
{"step": 100, "epoch": 2, "train_loss": 1.0764462890625, "clip_fraction": 0.803, "gradient_norm_mean": 49.8323984375, "gradient_norm_max": 252.4760284423828, "step_seconds": 0.2698499821126461, "innovation_std_sum": 1.3374900488526895, "noise_marginal_std_sum": 1.3374900488526895}
{"step": 110, "epoch": 2, "train_loss": 0.9654080810546875, "clip_fraction": 0.871, "gradient_norm_mean": 52.0690859375, "gradient_norm_max": 310.4619445800781, "step_seconds": 0.27043962478637695, "innovation_std_sum": 1.3374900488526895, "noise_marginal_std_sum": 1.3374900488526895}
{"step": 120, "epoch": 2, "train_loss": 1.1345777587890624, "clip_fraction": 0.74, "gradient_norm_mean": 66.2103125, "gradient_norm_max": 474.9873046875, "step_seconds": 0.27211068756878376, "innovation_std_sum": 1.3374900488526895, "noise_marginal_std_sum": 1.3374900488526895}
{"epoch": 2, "step": 124, "train_loss": 1.2238177194902973, "clip_fraction": 0.8097580645161291, "epsilon": 1.2034713065784646, "accuracy": 0.6892201834862385, "validation_loss": 1.263164669001868, "validation_examples": 872}
{"step": 130, "epoch": 3, "train_loss": 1.23260498046875, "clip_fraction": 0.675, "gradient_norm_mean": 73.003734375, "gradient_norm_max": 468.3273620605469, "step_seconds": 0.2624522652477026, "innovation_std_sum": 1.3374900488526895, "noise_marginal_std_sum": 1.3374900488526895}
{"step": 140, "epoch": 3, "train_loss": 1.347372314453125, "clip_fraction": 0.659, "gradient_norm_mean": 77.259046875, "gradient_norm_max": 569.2726440429688, "step_seconds": 0.27191673777997494, "innovation_std_sum": 1.3374900488526895, "noise_marginal_std_sum": 1.3374900488526895}
{"step": 150, "epoch": 3, "train_loss": 1.3750821533203126, "clip_fraction": 0.657, "gradient_norm_mean": 77.102890625, "gradient_norm_max": 543.4468994140625, "step_seconds": 0.26898437179625034, "innovation_std_sum": 1.3374900488526895, "noise_marginal_std_sum": 1.3374900488526895}
{"step": 160, "epoch": 3, "train_loss": 1.308196044921875, "clip_fraction": 0.634, "gradient_norm_mean": 74.227546875, "gradient_norm_max": 627.936767578125, "step_seconds": 0.2709391061216593, "innovation_std_sum": 1.3374900488526895, "noise_marginal_std_sum": 1.3374900488526895}
{"step": 170, "epoch": 3, "train_loss": 1.31618505859375, "clip_fraction": 0.621, "gradient_norm_mean": 73.7709375, "gradient_norm_max": 649.0673828125, "step_seconds": 0.27192531153559685, "innovation_std_sum": 1.3374900488526895, "noise_marginal_std_sum": 1.3374900488526895}
{"step": 180, "epoch": 3, "train_loss": 1.261364501953125, "clip_fraction": 0.613, "gradient_norm_mean": 72.25078125, "gradient_norm_max": 659.495361328125, "step_seconds": 0.2698040623217821, "innovation_std_sum": 1.3374900488526895, "noise_marginal_std_sum": 1.3374900488526895}
{"epoch": 3, "step": 186, "train_loss": 1.279788820328251, "clip_fraction": 0.637, "epsilon": 1.505527292884017, "accuracy": 0.7155963302752294, "validation_loss": 1.3297040921832444, "validation_examples": 872}
{"step": 190, "epoch": 4, "train_loss": 1.377195556640625, "clip_fraction": 0.579, "gradient_norm_mean": 83.09465625, "gradient_norm_max": 619.0379638671875, "step_seconds": 0.2704171985387802, "innovation_std_sum": 1.3374900488526895, "noise_marginal_std_sum": 1.3374900488526895}
{"step": 200, "epoch": 4, "train_loss": 1.364666259765625, "clip_fraction": 0.57, "gradient_norm_mean": 86.17953125, "gradient_norm_max": 748.3776245117188, "step_seconds": 0.26806093379855156, "innovation_std_sum": 1.3374900488526895, "noise_marginal_std_sum": 1.3374900488526895}
{"step": 210, "epoch": 4, "train_loss": 1.4017532958984376, "clip_fraction": 0.582, "gradient_norm_mean": 83.1192421875, "gradient_norm_max": 736.5171508789062, "step_seconds": 0.2641062643378973, "innovation_std_sum": 1.3374900488526895, "noise_marginal_std_sum": 1.3374900488526895}
{"step": 220, "epoch": 4, "train_loss": 1.29409130859375, "clip_fraction": 0.555, "gradient_norm_mean": 79.4981328125, "gradient_norm_max": 717.068359375, "step_seconds": 0.2686756197363138, "innovation_std_sum": 1.3374900488526895, "noise_marginal_std_sum": 1.3374900488526895}
{"step": 230, "epoch": 4, "train_loss": 1.23165380859375, "clip_fraction": 0.552, "gradient_norm_mean": 72.179828125, "gradient_norm_max": 709.6799926757812, "step_seconds": 0.2640219107270241, "innovation_std_sum": 1.3374900488526895, "noise_marginal_std_sum": 1.3374900488526895}
{"step": 240, "epoch": 4, "train_loss": 1.3788909912109375, "clip_fraction": 0.582, "gradient_norm_mean": 88.4722421875, "gradient_norm_max": 911.0547485351562, "step_seconds": 0.26797715574502945, "innovation_std_sum": 1.3374900488526895, "noise_marginal_std_sum": 1.3374900488526895}
{"epoch": 4, "step": 248, "train_loss": 1.3023192453692036, "clip_fraction": 0.5726774193548387, "epsilon": 1.7661340867632298, "accuracy": 0.7373853211009175, "validation_loss": 1.345581334665281, "validation_examples": 872}
{"step": 250, "epoch": 5, "train_loss": 1.270072509765625, "clip_fraction": 0.584, "gradient_norm_mean": 83.4109375, "gradient_norm_max": 722.474365234375, "step_seconds": 0.1592636089771986, "innovation_std_sum": 1.3374900488526895, "noise_marginal_std_sum": 1.3374900488526895}
{"step": 260, "epoch": 5, "train_loss": 1.426545654296875, "clip_fraction": 0.573, "gradient_norm_mean": 81.906734375, "gradient_norm_max": 818.6865844726562, "step_seconds": 0.27263603545725346, "innovation_std_sum": 1.3374900488526895, "noise_marginal_std_sum": 1.3374900488526895}
{"step": 270, "epoch": 5, "train_loss": 1.4782578125, "clip_fraction": 0.554, "gradient_norm_mean": 81.6688046875, "gradient_norm_max": 825.3939208984375, "step_seconds": 0.27370884642004967, "innovation_std_sum": 1.3374900488526895, "noise_marginal_std_sum": 1.3374900488526895}
{"step": 280, "epoch": 5, "train_loss": 1.2277489013671874, "clip_fraction": 0.563, "gradient_norm_mean": 84.784578125, "gradient_norm_max": 830.210693359375, "step_seconds": 0.27352454513311386, "innovation_std_sum": 1.3374900488526895, "noise_marginal_std_sum": 1.3374900488526895}
{"step": 290, "epoch": 5, "train_loss": 1.1773079833984375, "clip_fraction": 0.561, "gradient_norm_mean": 75.289390625, "gradient_norm_max": 666.3429565429688, "step_seconds": 0.2741749472916126, "innovation_std_sum": 1.3374900488526895, "noise_marginal_std_sum": 1.3374900488526895}
{"step": 300, "epoch": 5, "train_loss": 1.110143798828125, "clip_fraction": 0.519, "gradient_norm_mean": 69.31271875, "gradient_norm_max": 952.8317260742188, "step_seconds": 0.2744022849947214, "innovation_std_sum": 1.3374900488526895, "noise_marginal_std_sum": 1.3374900488526895}
{"step": 310, "epoch": 5, "train_loss": 1.3522684326171874, "clip_fraction": 0.556, "gradient_norm_mean": 83.659453125, "gradient_norm_max": 773.997802734375, "step_seconds": 0.2690340057015419, "innovation_std_sum": 1.3374900488526895, "noise_marginal_std_sum": 1.3374900488526895}
{"epoch": 5, "step": 310, "train_loss": 1.2550536636844758, "clip_fraction": 0.553741935483871, "epsilon": 2.0000000000008775, "accuracy": 0.7339449541284404, "validation_loss": 1.424944562649508, "validation_examples": 872}
