Loading weights:   0%|          | 0/39 [00:00<?, ?it/s]Loading weights: 100%|██████████| 39/39 [00:00<00:00, 27095.88it/s]
[transformers] [1mBertModel LOAD REPORT[0m from: /media/data/data/lt/dp-adam-correlated/cache/bert-tiny
Key                                        | Status     |  | 
-------------------------------------------+------------+--+-
cls.seq_relationship.bias                  | UNEXPECTED |  | 
cls.predictions.transform.LayerNorm.weight | UNEXPECTED |  | 
cls.seq_relationship.weight                | UNEXPECTED |  | 
cls.predictions.transform.LayerNorm.bias   | UNEXPECTED |  | 
cls.predictions.transform.dense.bias       | UNEXPECTED |  | 
cls.predictions.bias                       | UNEXPECTED |  | 
cls.predictions.decoder.bias               | UNEXPECTED |  | 
cls.predictions.transform.dense.weight     | UNEXPECTED |  | 
cls.predictions.decoder.weight             | UNEXPECTED |  | 

Notes:
- UNEXPECTED:	can be ignored when loading from different task/architecture; not ok if you expect identical arch.
sys:1: UserWarning: Full backward hook is firing when gradients are computed with respect to module outputs since no inputs require gradients. See https://docs.pytorch.org/docs/main/generated/torch.nn.Module.html#torch.nn.Module.register_full_backward_hook for more details.
{"step": 10, "epoch": 1, "train_loss": 0.6747191162109375, "clip_fraction": 0.093, "gradient_norm_mean": 153.0758125, "gradient_norm_max": 286.5234680175781, "step_seconds": 0.2775539569556713, "innovation_std_sum": 914.409175282003, "noise_marginal_std_sum": 1261.2560055811578}
{"step": 20, "epoch": 1, "train_loss": 0.6462305908203125, "clip_fraction": 0.054, "gradient_norm_mean": 141.1714375, "gradient_norm_max": 273.8986511230469, "step_seconds": 0.2733478620648384, "innovation_std_sum": 914.409175282003, "noise_marginal_std_sum": 1261.2560055811578}
{"step": 30, "epoch": 1, "train_loss": 0.5857720947265626, "clip_fraction": 0.272, "gradient_norm_mean": 159.81428125, "gradient_norm_max": 383.67559814453125, "step_seconds": 0.28044141456484795, "innovation_std_sum": 914.409175282003, "noise_marginal_std_sum": 1261.2560055811578}
{"step": 40, "epoch": 1, "train_loss": 0.5766063232421875, "clip_fraction": 0.445, "gradient_norm_mean": 187.55034375, "gradient_norm_max": 527.8394775390625, "step_seconds": 0.2838758360594511, "innovation_std_sum": 914.409175282003, "noise_marginal_std_sum": 1261.2560055811578}
{"step": 50, "epoch": 1, "train_loss": 0.5329348754882812, "clip_fraction": 0.452, "gradient_norm_mean": 204.909625, "gradient_norm_max": 815.7008666992188, "step_seconds": 0.28438690304756165, "innovation_std_sum": 914.409175282003, "noise_marginal_std_sum": 1261.2560055811578}
{"step": 60, "epoch": 1, "train_loss": 0.5183525390625, "clip_fraction": 0.417, "gradient_norm_mean": 210.7103125, "gradient_norm_max": 871.3755493164062, "step_seconds": 0.2814603019505739, "innovation_std_sum": 914.409175282003, "noise_marginal_std_sum": 1261.2560055811578}
{"epoch": 1, "step": 62, "train_loss": 0.6131543648012223, "clip_fraction": 0.32914516129032256, "epsilon": 2.983473211150575, "accuracy": 0.7098623853211009, "validation_loss": 0.6154571848178129, "validation_examples": 872}
{"step": 70, "epoch": 2, "train_loss": 0.5084965209960938, "clip_fraction": 0.405, "gradient_norm_mean": 216.55159375, "gradient_norm_max": 932.8565063476562, "step_seconds": 0.28843714110553265, "innovation_std_sum": 914.409175282003, "noise_marginal_std_sum": 1261.2560055811578}
{"step": 80, "epoch": 2, "train_loss": 0.5080945434570312, "clip_fraction": 0.388, "gradient_norm_mean": 205.720828125, "gradient_norm_max": 905.311279296875, "step_seconds": 0.28720986656844616, "innovation_std_sum": 914.409175282003, "noise_marginal_std_sum": 1261.2560055811578}
{"step": 90, "epoch": 2, "train_loss": 0.5273739013671875, "clip_fraction": 0.358, "gradient_norm_mean": 199.607078125, "gradient_norm_max": 1083.708251953125, "step_seconds": 0.28941360488533974, "innovation_std_sum": 914.409175282003, "noise_marginal_std_sum": 1261.2560055811578}
{"step": 100, "epoch": 2, "train_loss": 0.5705516357421875, "clip_fraction": 0.375, "gradient_norm_mean": 202.9609375, "gradient_norm_max": 1049.13818359375, "step_seconds": 0.2823762260377407, "innovation_std_sum": 914.409175282003, "noise_marginal_std_sum": 1261.2560055811578}
{"step": 110, "epoch": 2, "train_loss": 0.5062398071289063, "clip_fraction": 0.365, "gradient_norm_mean": 193.77621875, "gradient_norm_max": 892.9193725585938, "step_seconds": 0.28887785598635674, "innovation_std_sum": 914.409175282003, "noise_marginal_std_sum": 1261.2560055811578}
{"step": 120, "epoch": 2, "train_loss": 0.492476318359375, "clip_fraction": 0.322, "gradient_norm_mean": 173.84503125, "gradient_norm_max": 1068.335205078125, "step_seconds": 0.2889826912432909, "innovation_std_sum": 914.409175282003, "noise_marginal_std_sum": 1261.2560055811578}
{"epoch": 2, "step": 124, "train_loss": 0.5183343141617314, "clip_fraction": 0.37138709677419357, "epsilon": 4.566965972959099, "accuracy": 0.7327981651376146, "validation_loss": 0.6217876093103252, "validation_examples": 872}
{"step": 130, "epoch": 3, "train_loss": 0.5188449096679687, "clip_fraction": 0.345, "gradient_norm_mean": 170.63190625, "gradient_norm_max": 899.2009887695312, "step_seconds": 0.2937542162835598, "innovation_std_sum": 914.409175282003, "noise_marginal_std_sum": 1261.2560055811578}
{"step": 140, "epoch": 3, "train_loss": 0.4569068603515625, "clip_fraction": 0.295, "gradient_norm_mean": 151.34453125, "gradient_norm_max": 913.46728515625, "step_seconds": 0.28827583976089954, "innovation_std_sum": 914.409175282003, "noise_marginal_std_sum": 1261.2560055811578}
{"step": 150, "epoch": 3, "train_loss": 0.42269671630859373, "clip_fraction": 0.279, "gradient_norm_mean": 140.2836875, "gradient_norm_max": 926.5863647460938, "step_seconds": 0.28571921586990356, "innovation_std_sum": 914.409175282003, "noise_marginal_std_sum": 1261.2560055811578}
{"step": 160, "epoch": 3, "train_loss": 0.4212209777832031, "clip_fraction": 0.263, "gradient_norm_mean": 133.02175, "gradient_norm_max": 794.1126708984375, "step_seconds": 0.285074008628726, "innovation_std_sum": 914.409175282003, "noise_marginal_std_sum": 1261.2560055811578}
{"step": 170, "epoch": 3, "train_loss": 0.486950439453125, "clip_fraction": 0.308, "gradient_norm_mean": 146.2483125, "gradient_norm_max": 895.2174072265625, "step_seconds": 0.27482198365032673, "innovation_std_sum": 914.409175282003, "noise_marginal_std_sum": 1261.2560055811578}
{"step": 180, "epoch": 3, "train_loss": 0.4317677612304687, "clip_fraction": 0.273, "gradient_norm_mean": 128.07403125, "gradient_norm_max": 720.6156005859375, "step_seconds": 0.29111019894480705, "innovation_std_sum": 914.409175282003, "noise_marginal_std_sum": 1261.2560055811578}
{"epoch": 3, "step": 186, "train_loss": 0.46856207127724925, "clip_fraction": 0.2971774193548387, "epsilon": 5.849088165717443, "accuracy": 0.7465596330275229, "validation_loss": 0.5487397395142721, "validation_examples": 872}
{"step": 190, "epoch": 4, "train_loss": 0.43943707275390625, "clip_fraction": 0.251, "gradient_norm_mean": 124.251796875, "gradient_norm_max": 865.7222290039062, "step_seconds": 0.29042727313935757, "innovation_std_sum": 914.409175282003, "noise_marginal_std_sum": 1261.2560055811578}
{"step": 200, "epoch": 4, "train_loss": 0.4520977783203125, "clip_fraction": 0.25, "gradient_norm_mean": 119.7804296875, "gradient_norm_max": 678.16064453125, "step_seconds": 0.28779730573296547, "innovation_std_sum": 914.409175282003, "noise_marginal_std_sum": 1261.2560055811578}
{"step": 210, "epoch": 4, "train_loss": 0.4079694519042969, "clip_fraction": 0.243, "gradient_norm_mean": 114.9791328125, "gradient_norm_max": 627.2383422851562, "step_seconds": 0.29131113179028034, "innovation_std_sum": 914.409175282003, "noise_marginal_std_sum": 1261.2560055811578}
{"step": 220, "epoch": 4, "train_loss": 0.4270727844238281, "clip_fraction": 0.239, "gradient_norm_mean": 113.40184375, "gradient_norm_max": 697.4074096679688, "step_seconds": 0.2903036195784807, "innovation_std_sum": 914.409175282003, "noise_marginal_std_sum": 1261.2560055811578}
{"step": 230, "epoch": 4, "train_loss": 0.3877545776367187, "clip_fraction": 0.233, "gradient_norm_mean": 107.8140390625, "gradient_norm_max": 609.201904296875, "step_seconds": 0.29155719093978405, "innovation_std_sum": 914.409175282003, "noise_marginal_std_sum": 1261.2560055811578}
{"step": 240, "epoch": 4, "train_loss": 0.4207759399414063, "clip_fraction": 0.24, "gradient_norm_mean": 109.17453125, "gradient_norm_max": 781.3656616210938, "step_seconds": 0.15093454159796238, "innovation_std_sum": 914.409175282003, "noise_marginal_std_sum": 1261.2560055811578}
{"epoch": 4, "step": 248, "train_loss": 0.43191737365722654, "clip_fraction": 0.24193548387096775, "epsilon": 6.974398475295221, "accuracy": 0.7522935779816514, "validation_loss": 0.5264479479658495, "validation_examples": 872}
{"step": 250, "epoch": 5, "train_loss": 0.42771728515625, "clip_fraction": 0.216, "gradient_norm_mean": 104.85309375, "gradient_norm_max": 582.615234375, "step_seconds": 0.27765534073114395, "innovation_std_sum": 914.409175282003, "noise_marginal_std_sum": 1261.2560055811578}
{"step": 260, "epoch": 5, "train_loss": 0.43863482666015624, "clip_fraction": 0.235, "gradient_norm_mean": 103.7257265625, "gradient_norm_max": 741.2979125976562, "step_seconds": 0.28936876729130745, "innovation_std_sum": 914.409175282003, "noise_marginal_std_sum": 1261.2560055811578}
{"step": 270, "epoch": 5, "train_loss": 0.42683441162109376, "clip_fraction": 0.198, "gradient_norm_mean": 99.3702890625, "gradient_norm_max": 615.2855224609375, "step_seconds": 0.2900554332882166, "innovation_std_sum": 914.409175282003, "noise_marginal_std_sum": 1261.2560055811578}
{"step": 280, "epoch": 5, "train_loss": 0.41341015625, "clip_fraction": 0.197, "gradient_norm_mean": 93.3646953125, "gradient_norm_max": 594.0629272460938, "step_seconds": 0.289817264303565, "innovation_std_sum": 914.409175282003, "noise_marginal_std_sum": 1261.2560055811578}
{"step": 290, "epoch": 5, "train_loss": 0.4095397644042969, "clip_fraction": 0.202, "gradient_norm_mean": 97.86328125, "gradient_norm_max": 587.990966796875, "step_seconds": 0.285377549007535, "innovation_std_sum": 914.409175282003, "noise_marginal_std_sum": 1261.2560055811578}
{"step": 300, "epoch": 5, "train_loss": 0.4258798828125, "clip_fraction": 0.201, "gradient_norm_mean": 97.30971875, "gradient_norm_max": 616.0221557617188, "step_seconds": 0.29323734901845455, "innovation_std_sum": 914.409175282003, "noise_marginal_std_sum": 1261.2560055811578}
{"step": 310, "epoch": 5, "train_loss": 0.40935104370117187, "clip_fraction": 0.187, "gradient_norm_mean": 93.344890625, "gradient_norm_max": 626.3209838867188, "step_seconds": 0.14182580634951591, "innovation_std_sum": 914.409175282003, "noise_marginal_std_sum": 1261.2560055811578}
{"epoch": 5, "step": 310, "train_loss": 0.4117674649146295, "clip_fraction": 0.20088709677419356, "epsilon": 8.000000000000005, "accuracy": 0.7534403669724771, "validation_loss": 0.5270519650310551, "validation_examples": 872}
