Loading weights:   0%|          | 0/39 [00:00<?, ?it/s]Loading weights: 100%|██████████| 39/39 [00:00<00:00, 20501.05it/s]
[transformers] [1mBertModel LOAD REPORT[0m from: /media/data/data/lt/dp-adam-correlated/cache/bert-tiny
Key                                        | Status     |  | 
-------------------------------------------+------------+--+-
cls.seq_relationship.bias                  | UNEXPECTED |  | 
cls.predictions.transform.LayerNorm.weight | UNEXPECTED |  | 
cls.predictions.decoder.bias               | UNEXPECTED |  | 
cls.predictions.decoder.weight             | UNEXPECTED |  | 
cls.predictions.transform.LayerNorm.bias   | UNEXPECTED |  | 
cls.predictions.transform.dense.weight     | UNEXPECTED |  | 
cls.predictions.transform.dense.bias       | UNEXPECTED |  | 
cls.seq_relationship.weight                | UNEXPECTED |  | 
cls.predictions.bias                       | UNEXPECTED |  | 

Notes:
- UNEXPECTED:	can be ignored when loading from different task/architecture; not ok if you expect identical arch.
sys:1: UserWarning: Full backward hook is firing when gradients are computed with respect to module outputs since no inputs require gradients. See https://docs.pytorch.org/docs/main/generated/torch.nn.Module.html#torch.nn.Module.register_full_backward_hook for more details.
{"step": 10, "epoch": 1, "step_seconds": 0.15562704391777515, "innovation_std_sum": 50.227445158855346, "noise_marginal_std_sum": 58.66324369556456, "pure_mf_cumulative_momentum_noise_variance": 0.007230977455824586, "preconditioner_mean": 197.7266082763672, "preconditioner_change_relative": 0.0, "denominator_lag_relative": 0.5016422867774963, "block_age": 9}
{"step": 20, "epoch": 1, "step_seconds": 0.2676692996174097, "innovation_std_sum": 50.227445158855346, "noise_marginal_std_sum": 58.66324369556456, "pure_mf_cumulative_momentum_noise_variance": 0.007376311466178823, "preconditioner_mean": 197.7266082763672, "preconditioner_change_relative": 0.0, "denominator_lag_relative": 0.5140310525894165, "block_age": 19}
{"step": 30, "epoch": 1, "step_seconds": 0.2647406570613384, "innovation_std_sum": 50.227445158855346, "noise_marginal_std_sum": 58.66324369556456, "pure_mf_cumulative_momentum_noise_variance": 0.007517408294879371, "preconditioner_mean": 17.843460083007812, "preconditioner_change_relative": 0.0, "denominator_lag_relative": 0.0424756221473217, "block_age": 4}
{"step": 40, "epoch": 1, "step_seconds": 0.2663179896771908, "innovation_std_sum": 50.227445158855346, "noise_marginal_std_sum": 58.66324369556456, "pure_mf_cumulative_momentum_noise_variance": 0.0077117104739662665, "preconditioner_mean": 17.843460083007812, "preconditioner_change_relative": 0.0, "denominator_lag_relative": 0.07426289469003677, "block_age": 14}
{"step": 50, "epoch": 1, "step_seconds": 0.264932245016098, "innovation_std_sum": 50.227445158855346, "noise_marginal_std_sum": 58.66324369556456, "pure_mf_cumulative_momentum_noise_variance": 0.007935605328190057, "preconditioner_mean": 17.843460083007812, "preconditioner_change_relative": 0.0, "denominator_lag_relative": 0.08886557817459106, "block_age": 24}
{"step": 60, "epoch": 1, "step_seconds": 0.26489959843456745, "innovation_std_sum": 50.227445158855346, "noise_marginal_std_sum": 58.66324369556456, "pure_mf_cumulative_momentum_noise_variance": 0.008173303088437738, "preconditioner_mean": 17.468101501464844, "preconditioner_change_relative": 0.0, "denominator_lag_relative": 0.034692659974098206, "block_age": 9}
{"epoch": 1, "step": 62, "epsilon": 3.054089440266451, "accuracy": 0.557861282482707, "validation_loss": 0.6867755583946583, "validation_examples": 5349}
{"step": 70, "epoch": 2, "step_seconds": 0.2681760285049677, "innovation_std_sum": 50.227445158855346, "noise_marginal_std_sum": 58.66324369556456, "pure_mf_cumulative_momentum_noise_variance": 0.008417012722017923, "preconditioner_mean": 17.468101501464844, "preconditioner_change_relative": 0.0, "denominator_lag_relative": 0.04756593704223633, "block_age": 19}
{"step": 80, "epoch": 2, "step_seconds": 0.2719578444957733, "innovation_std_sum": 50.227445158855346, "noise_marginal_std_sum": 58.66324369556456, "pure_mf_cumulative_momentum_noise_variance": 0.008663237273777165, "preconditioner_mean": 17.312402725219727, "preconditioner_change_relative": 0.0, "denominator_lag_relative": 0.015394208952784538, "block_age": 4}
{"step": 90, "epoch": 2, "step_seconds": 0.2706269156187773, "innovation_std_sum": 50.227445158855346, "noise_marginal_std_sum": 58.66324369556456, "pure_mf_cumulative_momentum_noise_variance": 0.008910485074997827, "preconditioner_mean": 17.312402725219727, "preconditioner_change_relative": 0.0, "denominator_lag_relative": 0.02913660742342472, "block_age": 14}
{"step": 100, "epoch": 2, "step_seconds": 0.2750800549983978, "innovation_std_sum": 50.227445158855346, "noise_marginal_std_sum": 58.66324369556456, "pure_mf_cumulative_momentum_noise_variance": 0.00915814076813361, "preconditioner_mean": 17.312402725219727, "preconditioner_change_relative": 0.0, "denominator_lag_relative": 0.03751363232731819, "block_age": 24}
{"step": 110, "epoch": 2, "step_seconds": 0.2713530920445919, "innovation_std_sum": 50.227445158855346, "noise_marginal_std_sum": 58.66324369556456, "pure_mf_cumulative_momentum_noise_variance": 0.009405956517728105, "preconditioner_mean": 17.23433494567871, "preconditioner_change_relative": 0.0, "denominator_lag_relative": 0.01841644011437893, "block_age": 9}
{"step": 120, "epoch": 2, "step_seconds": 0.27144207805395126, "innovation_std_sum": 50.227445158855346, "noise_marginal_std_sum": 58.66324369556456, "pure_mf_cumulative_momentum_noise_variance": 0.009653834295795199, "preconditioner_mean": 17.23433494567871, "preconditioner_change_relative": 0.0, "denominator_lag_relative": 0.026494555175304413, "block_age": 19}
{"epoch": 2, "step": 124, "epsilon": 4.610238743691153, "accuracy": 0.557861282482707, "validation_loss": 0.6867545044607126, "validation_examples": 5349}
{"step": 130, "epoch": 3, "step_seconds": 0.2662304323166609, "innovation_std_sum": 50.227445158855346, "noise_marginal_std_sum": 58.66324369556456, "pure_mf_cumulative_momentum_noise_variance": 0.00990173587103549, "preconditioner_mean": 17.189416885375977, "preconditioner_change_relative": 0.0, "denominator_lag_relative": 0.00944694597274065, "block_age": 4}
{"step": 140, "epoch": 3, "step_seconds": 0.2701580300927162, "innovation_std_sum": 50.227445158855346, "noise_marginal_std_sum": 58.66324369556456, "pure_mf_cumulative_momentum_noise_variance": 0.01014964650023029, "preconditioner_mean": 17.189416885375977, "preconditioner_change_relative": 0.0, "denominator_lag_relative": 0.018871992826461792, "block_age": 14}
{"step": 150, "epoch": 3, "step_seconds": 0.2695140801370144, "innovation_std_sum": 50.227445158855346, "noise_marginal_std_sum": 58.66324369556456, "pure_mf_cumulative_momentum_noise_variance": 0.01039756055008836, "preconditioner_mean": 17.189416885375977, "preconditioner_change_relative": 0.0, "denominator_lag_relative": 0.02421739138662815, "block_age": 24}
{"step": 160, "epoch": 3, "step_seconds": 0.2712040562182665, "innovation_std_sum": 50.227445158855346, "noise_marginal_std_sum": 58.66324369556456, "pure_mf_cumulative_momentum_noise_variance": 0.010645475884620899, "preconditioner_mean": 17.165645599365234, "preconditioner_change_relative": 0.0, "denominator_lag_relative": 0.012860050424933434, "block_age": 9}
{"step": 170, "epoch": 3, "step_seconds": 0.15562471747398376, "innovation_std_sum": 50.227445158855346, "noise_marginal_std_sum": 58.66324369556456, "pure_mf_cumulative_momentum_noise_variance": 0.010893391699157344, "preconditioner_mean": 17.165645599365234, "preconditioner_change_relative": 0.0, "denominator_lag_relative": 0.018796192482113838, "block_age": 19}
{"step": 180, "epoch": 3, "step_seconds": 0.27077993378043175, "innovation_std_sum": 50.227445158855346, "noise_marginal_std_sum": 58.66324369556456, "pure_mf_cumulative_momentum_noise_variance": 0.011141307692241408, "preconditioner_mean": 17.15257453918457, "preconditioner_change_relative": 0.0, "denominator_lag_relative": 0.007018150761723518, "block_age": 4}
{"epoch": 3, "step": 186, "epsilon": 5.873890881586911, "accuracy": 0.557861282482707, "validation_loss": 0.6868243336031249, "validation_examples": 5349}
{"step": 190, "epoch": 4, "step_seconds": 0.2706934046000242, "innovation_std_sum": 50.227445158855346, "noise_marginal_std_sum": 58.66324369556456, "pure_mf_cumulative_momentum_noise_variance": 0.011389223751479615, "preconditioner_mean": 17.15257453918457, "preconditioner_change_relative": 0.0, "denominator_lag_relative": 0.01403558999300003, "block_age": 14}
{"step": 200, "epoch": 4, "step_seconds": 0.27356164157390594, "innovation_std_sum": 50.227445158855346, "noise_marginal_std_sum": 58.66324369556456, "pure_mf_cumulative_momentum_noise_variance": 0.011637139835143646, "preconditioner_mean": 17.15257453918457, "preconditioner_change_relative": 0.0, "denominator_lag_relative": 0.017969490960240364, "block_age": 24}
{"step": 210, "epoch": 4, "step_seconds": 0.2690130025148392, "innovation_std_sum": 50.227445158855346, "noise_marginal_std_sum": 58.66324369556456, "pure_mf_cumulative_momentum_noise_variance": 0.011885055927798401, "preconditioner_mean": 17.13922119140625, "preconditioner_change_relative": 0.0, "denominator_lag_relative": 0.009837950579822063, "block_age": 9}
{"step": 220, "epoch": 4, "step_seconds": 0.26935959979891777, "innovation_std_sum": 50.227445158855346, "noise_marginal_std_sum": 58.66324369556456, "pure_mf_cumulative_momentum_noise_variance": 0.01213297202375328, "preconditioner_mean": 17.13922119140625, "preconditioner_change_relative": 0.0, "denominator_lag_relative": 0.01439748052507639, "block_age": 19}
{"step": 230, "epoch": 4, "step_seconds": 0.27190143801271915, "innovation_std_sum": 50.227445158855346, "noise_marginal_std_sum": 58.66324369556456, "pure_mf_cumulative_momentum_noise_variance": 0.012380888120916466, "preconditioner_mean": 17.123804092407227, "preconditioner_change_relative": 0.0, "denominator_lag_relative": 0.005504147615283728, "block_age": 4}
{"step": 240, "epoch": 4, "step_seconds": 0.2694281153380871, "innovation_std_sum": 50.227445158855346, "noise_marginal_std_sum": 58.66324369556456, "pure_mf_cumulative_momentum_noise_variance": 0.012628804218521049, "preconditioner_mean": 17.123804092407227, "preconditioner_change_relative": 0.0, "denominator_lag_relative": 0.011119848117232323, "block_age": 14}
{"epoch": 4, "step": 248, "epsilon": 6.985551657770655, "accuracy": 0.557861282482707, "validation_loss": 0.6874014411736569, "validation_examples": 5349}
{"step": 250, "epoch": 5, "step_seconds": 0.2687662411481142, "innovation_std_sum": 50.227445158855346, "noise_marginal_std_sum": 58.66324369556456, "pure_mf_cumulative_momentum_noise_variance": 0.012876720316286555, "preconditioner_mean": 17.123804092407227, "preconditioner_change_relative": 0.0, "denominator_lag_relative": 0.014621716924011707, "block_age": 24}
{"step": 260, "epoch": 5, "step_seconds": 0.26689289323985577, "innovation_std_sum": 50.227445158855346, "noise_marginal_std_sum": 58.66324369556456, "pure_mf_cumulative_momentum_noise_variance": 0.013124636414110605, "preconditioner_mean": 17.11304473876953, "preconditioner_change_relative": 0.0, "denominator_lag_relative": 0.00801111850887537, "block_age": 9}
{"step": 270, "epoch": 5, "step_seconds": 0.26770220324397087, "innovation_std_sum": 50.227445158855346, "noise_marginal_std_sum": 58.66324369556456, "pure_mf_cumulative_momentum_noise_variance": 0.013372552511955921, "preconditioner_mean": 17.11304473876953, "preconditioner_change_relative": 0.0, "denominator_lag_relative": 0.011920108459889889, "block_age": 19}
{"step": 280, "epoch": 5, "step_seconds": 0.27022524923086166, "innovation_std_sum": 50.227445158855346, "noise_marginal_std_sum": 58.66324369556456, "pure_mf_cumulative_momentum_noise_variance": 0.01362046860980895, "preconditioner_mean": 17.112340927124023, "preconditioner_change_relative": 0.0, "denominator_lag_relative": 0.004624076187610626, "block_age": 4}
{"step": 290, "epoch": 5, "step_seconds": 0.2716106604784727, "innovation_std_sum": 50.227445158855346, "noise_marginal_std_sum": 58.66324369556456, "pure_mf_cumulative_momentum_noise_variance": 0.013868384707664771, "preconditioner_mean": 17.112340927124023, "preconditioner_change_relative": 0.0, "denominator_lag_relative": 0.009390494786202908, "block_age": 14}
{"step": 300, "epoch": 5, "step_seconds": 0.27065314911305904, "innovation_std_sum": 50.227445158855346, "noise_marginal_std_sum": 58.66324369556456, "pure_mf_cumulative_momentum_noise_variance": 0.01411630080552161, "preconditioner_mean": 17.112340927124023, "preconditioner_change_relative": 0.0, "denominator_lag_relative": 0.01211727224290371, "block_age": 24}
{"step": 310, "epoch": 5, "step_seconds": 0.27141801454126835, "innovation_std_sum": 50.227445158855346, "noise_marginal_std_sum": 58.66324369556456, "pure_mf_cumulative_momentum_noise_variance": 0.014364216903378801, "preconditioner_mean": 17.11592674255371, "preconditioner_change_relative": 0.0, "denominator_lag_relative": 0.006904734298586845, "block_age": 9}
{"epoch": 5, "step": 310, "epsilon": 8.000000000000005, "accuracy": 0.557861282482707, "validation_loss": 0.6866316667871624, "validation_examples": 5349}
