Loading weights:   0%|          | 0/39 [00:00<?, ?it/s]Loading weights: 100%|██████████| 39/39 [00:00<00:00, 20100.50it/s]
[transformers] [1mBertModel LOAD REPORT[0m from: /media/data/data/lt/dp-adam-correlated/cache/bert-tiny
Key                                        | Status     |  | 
-------------------------------------------+------------+--+-
cls.predictions.transform.LayerNorm.weight | UNEXPECTED |  | 
cls.predictions.transform.dense.bias       | UNEXPECTED |  | 
cls.predictions.transform.dense.weight     | UNEXPECTED |  | 
cls.predictions.transform.LayerNorm.bias   | UNEXPECTED |  | 
cls.predictions.decoder.weight             | UNEXPECTED |  | 
cls.seq_relationship.bias                  | UNEXPECTED |  | 
cls.seq_relationship.weight                | UNEXPECTED |  | 
cls.predictions.decoder.bias               | UNEXPECTED |  | 
cls.predictions.bias                       | UNEXPECTED |  | 

Notes:
- UNEXPECTED:	can be ignored when loading from different task/architecture; not ok if you expect identical arch.
sys:1: UserWarning: Full backward hook is firing when gradients are computed with respect to module outputs since no inputs require gradients. See https://docs.pytorch.org/docs/main/generated/torch.nn.Module.html#torch.nn.Module.register_full_backward_hook for more details.
{"step": 10, "epoch": 1, "train_loss": 0.91757421875, "clip_fraction": 0.58, "gradient_norm_mean": 503.2183125, "gradient_norm_max": 1654.23046875, "step_seconds": 0.2773925419896841, "innovation_std_sum": 341.90962901649914, "noise_marginal_std_sum": 385.2414684355806}
{"step": 20, "epoch": 1, "train_loss": 0.7046705322265625, "clip_fraction": 0.81, "gradient_norm_mean": 1226.389625, "gradient_norm_max": 4190.1435546875, "step_seconds": 0.2724564839154482, "innovation_std_sum": 341.90962901649914, "noise_marginal_std_sum": 385.2414684355806}
{"step": 30, "epoch": 1, "train_loss": 0.73502001953125, "clip_fraction": 0.637, "gradient_norm_mean": 2217.7865, "gradient_norm_max": 12311.560546875, "step_seconds": 0.2775488179177046, "innovation_std_sum": 341.90962901649914, "noise_marginal_std_sum": 385.2414684355806}
{"step": 40, "epoch": 1, "train_loss": 0.9260126953125, "clip_fraction": 0.523, "gradient_norm_mean": 2914.6255, "gradient_norm_max": 24665.486328125, "step_seconds": 0.28374458104372025, "innovation_std_sum": 341.90962901649914, "noise_marginal_std_sum": 385.2414684355806}
{"step": 50, "epoch": 1, "train_loss": 0.8414600830078125, "clip_fraction": 0.477, "gradient_norm_mean": 2879.8675, "gradient_norm_max": 22992.66015625, "step_seconds": 0.27597702853381634, "innovation_std_sum": 341.90962901649914, "noise_marginal_std_sum": 385.2414684355806}
{"step": 60, "epoch": 1, "train_loss": 0.826982421875, "clip_fraction": 0.466, "gradient_norm_mean": 2480.91425, "gradient_norm_max": 21225.9609375, "step_seconds": 0.2816013842821121, "innovation_std_sum": 341.90962901649914, "noise_marginal_std_sum": 385.2414684355806}
{"epoch": 1, "step": 62, "train_loss": 0.8008279074392011, "clip_fraction": 0.5911774193548387, "epsilon": 3.1232923300753557, "accuracy": 0.7717330342120022, "validation_loss": 0.8067234030035549, "validation_examples": 5349}
{"step": 70, "epoch": 2, "train_loss": 0.7899765014648438, "clip_fraction": 0.447, "gradient_norm_mean": 2372.84225, "gradient_norm_max": 23250.74609375, "step_seconds": 0.28892122581601143, "innovation_std_sum": 341.90962901649914, "noise_marginal_std_sum": 385.2414684355806}
{"step": 80, "epoch": 2, "train_loss": 0.75435986328125, "clip_fraction": 0.437, "gradient_norm_mean": 2091.185625, "gradient_norm_max": 21398.712890625, "step_seconds": 0.28647041134536266, "innovation_std_sum": 341.90962901649914, "noise_marginal_std_sum": 385.2414684355806}
{"step": 90, "epoch": 2, "train_loss": 0.6929078369140625, "clip_fraction": 0.373, "gradient_norm_mean": 1804.3255, "gradient_norm_max": 21244.619140625, "step_seconds": 0.28719255328178406, "innovation_std_sum": 341.90962901649914, "noise_marginal_std_sum": 385.2414684355806}
{"step": 100, "epoch": 2, "train_loss": 0.7377469482421875, "clip_fraction": 0.365, "gradient_norm_mean": 2032.1235, "gradient_norm_max": 26416.408203125, "step_seconds": 0.28925960697233677, "innovation_std_sum": 341.90962901649914, "noise_marginal_std_sum": 385.2414684355806}
{"step": 110, "epoch": 2, "train_loss": 0.6120692138671875, "clip_fraction": 0.355, "gradient_norm_mean": 1845.78675, "gradient_norm_max": 25231.611328125, "step_seconds": 0.2892076224088669, "innovation_std_sum": 341.90962901649914, "noise_marginal_std_sum": 385.2414684355806}
{"step": 120, "epoch": 2, "train_loss": 0.5715089111328125, "clip_fraction": 0.351, "gradient_norm_mean": 1820.89725, "gradient_norm_max": 29044.603515625, "step_seconds": 0.29274445958435535, "innovation_std_sum": 341.90962901649914, "noise_marginal_std_sum": 385.2414684355806}
{"epoch": 2, "step": 124, "train_loss": 0.6925957946777344, "clip_fraction": 0.4001290322580645, "epsilon": 4.65092091490115, "accuracy": 0.806692839783137, "validation_loss": 0.6731228531576982, "validation_examples": 5349}
{"step": 130, "epoch": 3, "train_loss": 0.6200675048828125, "clip_fraction": 0.356, "gradient_norm_mean": 1954.546125, "gradient_norm_max": 32754.1171875, "step_seconds": 0.2906791381537914, "innovation_std_sum": 341.90962901649914, "noise_marginal_std_sum": 385.2414684355806}
{"step": 140, "epoch": 3, "train_loss": 0.651951171875, "clip_fraction": 0.344, "gradient_norm_mean": 2050.393, "gradient_norm_max": 36963.99609375, "step_seconds": 0.2841717600822449, "innovation_std_sum": 341.90962901649914, "noise_marginal_std_sum": 385.2414684355806}
{"step": 150, "epoch": 3, "train_loss": 0.6418117065429687, "clip_fraction": 0.354, "gradient_norm_mean": 1962.58925, "gradient_norm_max": 32676.12109375, "step_seconds": 0.28958258032798767, "innovation_std_sum": 341.90962901649914, "noise_marginal_std_sum": 385.2414684355806}
{"step": 160, "epoch": 3, "train_loss": 0.681845947265625, "clip_fraction": 0.338, "gradient_norm_mean": 2128.30375, "gradient_norm_max": 39066.8515625, "step_seconds": 0.28841944970190525, "innovation_std_sum": 341.90962901649914, "noise_marginal_std_sum": 385.2414684355806}
{"step": 170, "epoch": 3, "train_loss": 0.7086011352539062, "clip_fraction": 0.338, "gradient_norm_mean": 1997.39325, "gradient_norm_max": 36730.1328125, "step_seconds": 0.2914734147489071, "innovation_std_sum": 341.90962901649914, "noise_marginal_std_sum": 385.2414684355806}
{"step": 180, "epoch": 3, "train_loss": 0.6361460571289063, "clip_fraction": 0.33, "gradient_norm_mean": 1719.09175, "gradient_norm_max": 37089.484375, "step_seconds": 0.2937346789985895, "innovation_std_sum": 341.90962901649914, "noise_marginal_std_sum": 385.2414684355806}
{"epoch": 3, "step": 186, "train_loss": 0.6285457837504725, "clip_fraction": 0.33270967741935487, "epsilon": 5.8971720333737725, "accuracy": 0.8207141521779772, "validation_loss": 0.6284723593868213, "validation_examples": 5349}
{"step": 190, "epoch": 4, "train_loss": 0.52494921875, "clip_fraction": 0.286, "gradient_norm_mean": 1751.946, "gradient_norm_max": 35738.3828125, "step_seconds": 0.28723264671862125, "innovation_std_sum": 341.90962901649914, "noise_marginal_std_sum": 385.2414684355806}
{"step": 200, "epoch": 4, "train_loss": 0.63620361328125, "clip_fraction": 0.326, "gradient_norm_mean": 2192.0265, "gradient_norm_max": 42564.2265625, "step_seconds": 0.2905922867357731, "innovation_std_sum": 341.90962901649914, "noise_marginal_std_sum": 385.2414684355806}
{"step": 210, "epoch": 4, "train_loss": 0.5898033447265625, "clip_fraction": 0.313, "gradient_norm_mean": 1863.294625, "gradient_norm_max": 34597.65625, "step_seconds": 0.2814294584095478, "innovation_std_sum": 341.90962901649914, "noise_marginal_std_sum": 385.2414684355806}
{"step": 220, "epoch": 4, "train_loss": 0.5822578125, "clip_fraction": 0.286, "gradient_norm_mean": 1757.18325, "gradient_norm_max": 37052.4921875, "step_seconds": 0.29237539134919643, "innovation_std_sum": 341.90962901649914, "noise_marginal_std_sum": 385.2414684355806}
{"step": 230, "epoch": 4, "train_loss": 0.5860988159179688, "clip_fraction": 0.311, "gradient_norm_mean": 2000.32825, "gradient_norm_max": 44324.80078125, "step_seconds": 0.28862387128174305, "innovation_std_sum": 341.90962901649914, "noise_marginal_std_sum": 385.2414684355806}
{"step": 240, "epoch": 4, "train_loss": 0.6162030029296875, "clip_fraction": 0.3, "gradient_norm_mean": 1979.558125, "gradient_norm_max": 59011.76953125, "step_seconds": 0.28741038031876087, "innovation_std_sum": 341.90962901649914, "noise_marginal_std_sum": 385.2414684355806}
{"epoch": 4, "step": 248, "train_loss": 0.5948840656895791, "clip_fraction": 0.2949516129032258, "epsilon": 6.99603312968092, "accuracy": 0.8231445129930828, "validation_loss": 0.6426763022853005, "validation_examples": 5349}
{"step": 250, "epoch": 5, "train_loss": 0.6178150634765625, "clip_fraction": 0.275, "gradient_norm_mean": 1771.416125, "gradient_norm_max": 36122.28125, "step_seconds": 0.2811117582023144, "innovation_std_sum": 341.90962901649914, "noise_marginal_std_sum": 385.2414684355806}
{"step": 260, "epoch": 5, "train_loss": 0.634315185546875, "clip_fraction": 0.286, "gradient_norm_mean": 1811.376625, "gradient_norm_max": 38333.078125, "step_seconds": 0.29292949475347996, "innovation_std_sum": 341.90962901649914, "noise_marginal_std_sum": 385.2414684355806}
{"step": 270, "epoch": 5, "train_loss": 0.5532586669921875, "clip_fraction": 0.263, "gradient_norm_mean": 1543.518, "gradient_norm_max": 27055.654296875, "step_seconds": 0.2930760830640793, "innovation_std_sum": 341.90962901649914, "noise_marginal_std_sum": 385.2414684355806}
{"step": 280, "epoch": 5, "train_loss": 0.59012744140625, "clip_fraction": 0.288, "gradient_norm_mean": 1920.736, "gradient_norm_max": 40330.4765625, "step_seconds": 0.2746238298714161, "innovation_std_sum": 341.90962901649914, "noise_marginal_std_sum": 385.2414684355806}
{"step": 290, "epoch": 5, "train_loss": 0.5649317016601563, "clip_fraction": 0.273, "gradient_norm_mean": 1896.4395, "gradient_norm_max": 44070.84375, "step_seconds": 0.29033191688358784, "innovation_std_sum": 341.90962901649914, "noise_marginal_std_sum": 385.2414684355806}
{"step": 300, "epoch": 5, "train_loss": 0.5244910888671875, "clip_fraction": 0.271, "gradient_norm_mean": 1732.248375, "gradient_norm_max": 39751.6015625, "step_seconds": 0.2877770848572254, "innovation_std_sum": 341.90962901649914, "noise_marginal_std_sum": 385.2414684355806}
{"step": 310, "epoch": 5, "train_loss": 0.641777587890625, "clip_fraction": 0.266, "gradient_norm_mean": 1753.539375, "gradient_norm_max": 52381.42578125, "step_seconds": 0.28594350069761276, "innovation_std_sum": 341.90962901649914, "noise_marginal_std_sum": 385.2414684355806}
{"epoch": 5, "step": 310, "train_loss": 0.5849706716229839, "clip_fraction": 0.2763548387096774, "epsilon": 8.000000000000005, "accuracy": 0.8304355954383997, "validation_loss": 0.6198038674221014, "validation_examples": 5349}
