/home/longt29/miniconda3/envs/curve/lib/python3.11/site-packages/torchvision/datasets/cifar.py:83: VisibleDeprecationWarning: dtype(): align should be passed as Python or NumPy boolean but got `align=0`. Did you mean to pass a tuple to create a subarray type? (Deprecated NumPy 2.4)
  entry = pickle.load(f, encoding="latin1")
sys:1: UserWarning: Full backward hook is firing when gradients are computed with respect to module outputs since no inputs require gradients. See https://docs.pytorch.org/docs/main/generated/torch.nn.Module.html#torch.nn.Module.register_full_backward_hook for more details.
{"step": 10, "epoch": 1, "train_loss": 4.530259033203125, "clip_fraction": 1.0, "gradient_norm_mean": 52.6206298828125, "gradient_norm_max": 101.31634521484375, "step_seconds": 2.1599785145372152, "innovation_std_sum": 13.421530075084847, "noise_marginal_std_sum": 13.421530075084847}
{"step": 20, "epoch": 1, "train_loss": 4.234918701171875, "clip_fraction": 1.0, "gradient_norm_mean": 61.1498759765625, "gradient_norm_max": 117.81665802001953, "step_seconds": 2.165159972384572, "innovation_std_sum": 13.421530075084847, "noise_marginal_std_sum": 13.421530075084847}
{"step": 30, "epoch": 1, "train_loss": 3.9113948974609376, "clip_fraction": 1.0, "gradient_norm_mean": 82.12353125, "gradient_norm_max": 201.137451171875, "step_seconds": 2.157977309077978, "innovation_std_sum": 13.421530075084847, "noise_marginal_std_sum": 13.421530075084847}
{"step": 40, "epoch": 1, "train_loss": 3.5550071411132813, "clip_fraction": 1.0, "gradient_norm_mean": 104.82676953125, "gradient_norm_max": 258.9788818359375, "step_seconds": 2.1654804293066263, "innovation_std_sum": 13.421530075084847, "noise_marginal_std_sum": 13.421530075084847}
{"epoch": 1, "step": 45, "train_loss": 4.121360243055555, "clip_fraction": 1.0, "epsilon": 3.1232925162148586, "accuracy": 0.2784, "validation_loss": 3.06359130859375, "validation_examples": 5000}
{"step": 50, "epoch": 2, "train_loss": 3.16988916015625, "clip_fraction": 1.0, "gradient_norm_mean": 111.789892578125, "gradient_norm_max": 376.062744140625, "step_seconds": 2.166868634521961, "innovation_std_sum": 13.421530075084847, "noise_marginal_std_sum": 13.421530075084847}
{"step": 60, "epoch": 2, "train_loss": 2.9667950439453126, "clip_fraction": 1.0, "gradient_norm_mean": 118.40183984375, "gradient_norm_max": 394.48394775390625, "step_seconds": 2.1718395184725523, "innovation_std_sum": 13.421530075084847, "noise_marginal_std_sum": 13.421530075084847}
{"step": 70, "epoch": 2, "train_loss": 2.6987572631835937, "clip_fraction": 0.999, "gradient_norm_mean": 120.221197265625, "gradient_norm_max": 398.34844970703125, "step_seconds": 2.180335721001029, "innovation_std_sum": 13.421530075084847, "noise_marginal_std_sum": 13.421530075084847}
{"step": 80, "epoch": 2, "train_loss": 2.6940831909179686, "clip_fraction": 0.997, "gradient_norm_mean": 124.845103515625, "gradient_norm_max": 407.3432312011719, "step_seconds": 2.1911077350378036, "innovation_std_sum": 13.421530075084847, "noise_marginal_std_sum": 13.421530075084847}
{"step": 90, "epoch": 2, "train_loss": 2.5236505126953124, "clip_fraction": 0.994, "gradient_norm_mean": 129.737408203125, "gradient_norm_max": 387.5799865722656, "step_seconds": 2.185129212215543, "innovation_std_sum": 13.421530075084847, "noise_marginal_std_sum": 13.421530075084847}
{"epoch": 2, "step": 90, "train_loss": 2.8371180080837672, "clip_fraction": 0.9978222222222223, "epsilon": 4.650921021133028, "accuracy": 0.4622, "validation_loss": 2.0850351928710937, "validation_examples": 5000}
{"step": 100, "epoch": 3, "train_loss": 2.359983154296875, "clip_fraction": 0.993, "gradient_norm_mean": 128.67498828125, "gradient_norm_max": 609.712158203125, "step_seconds": 2.198964674025774, "innovation_std_sum": 13.421530075084847, "noise_marginal_std_sum": 13.421530075084847}
{"step": 110, "epoch": 3, "train_loss": 2.3057503051757813, "clip_fraction": 0.981, "gradient_norm_mean": 133.3984140625, "gradient_norm_max": 835.9334716796875, "step_seconds": 2.1774372179061174, "innovation_std_sum": 13.421530075084847, "noise_marginal_std_sum": 13.421530075084847}
{"step": 120, "epoch": 3, "train_loss": 2.256535095214844, "clip_fraction": 0.975, "gradient_norm_mean": 133.080291015625, "gradient_norm_max": 727.5409545898438, "step_seconds": 2.1805120985955, "innovation_std_sum": 13.421530075084847, "noise_marginal_std_sum": 13.421530075084847}
{"step": 130, "epoch": 3, "train_loss": 2.2087106323242187, "clip_fraction": 0.97, "gradient_norm_mean": 134.42523046875, "gradient_norm_max": 661.9157104492188, "step_seconds": 2.1820166893303394, "innovation_std_sum": 13.421530075084847, "noise_marginal_std_sum": 13.421530075084847}
{"epoch": 3, "step": 135, "train_loss": 2.344526092529297, "clip_fraction": 0.9787333333333333, "epsilon": 5.897172094191148, "accuracy": 0.5298, "validation_loss": 1.76128857421875, "validation_examples": 5000}
{"step": 140, "epoch": 4, "train_loss": 2.2020320434570313, "clip_fraction": 0.97, "gradient_norm_mean": 135.45857421875, "gradient_norm_max": 457.5328674316406, "step_seconds": 2.1789252255111933, "innovation_std_sum": 13.421530075084847, "noise_marginal_std_sum": 13.421530075084847}
{"step": 150, "epoch": 4, "train_loss": 2.236812744140625, "clip_fraction": 0.966, "gradient_norm_mean": 139.58088671875, "gradient_norm_max": 572.6360473632812, "step_seconds": 2.1612431071698666, "innovation_std_sum": 13.421530075084847, "noise_marginal_std_sum": 13.421530075084847}
{"step": 160, "epoch": 4, "train_loss": 2.207347473144531, "clip_fraction": 0.948, "gradient_norm_mean": 140.34571484375, "gradient_norm_max": 692.2184448242188, "step_seconds": 2.18956315331161, "innovation_std_sum": 13.421530075084847, "noise_marginal_std_sum": 13.421530075084847}
{"step": 170, "epoch": 4, "train_loss": 2.184343292236328, "clip_fraction": 0.953, "gradient_norm_mean": 141.8248515625, "gradient_norm_max": 696.7337646484375, "step_seconds": 2.185007171705365, "innovation_std_sum": 13.421530075084847, "noise_marginal_std_sum": 13.421530075084847}
{"step": 180, "epoch": 4, "train_loss": 2.1216935424804686, "clip_fraction": 0.944, "gradient_norm_mean": 144.38475, "gradient_norm_max": 618.8916625976562, "step_seconds": 2.1895109843462706, "innovation_std_sum": 13.421530075084847, "noise_marginal_std_sum": 13.421530075084847}
{"epoch": 4, "step": 180, "train_loss": 2.1758693617078992, "clip_fraction": 0.9574222222222222, "epsilon": 6.99603315708177, "accuracy": 0.5534, "validation_loss": 1.6262995239257811, "validation_examples": 5000}
{"step": 190, "epoch": 5, "train_loss": 2.085001251220703, "clip_fraction": 0.947, "gradient_norm_mean": 145.1849453125, "gradient_norm_max": 600.5833129882812, "step_seconds": 2.163806254044175, "innovation_std_sum": 13.421530075084847, "noise_marginal_std_sum": 13.421530075084847}
{"step": 200, "epoch": 5, "train_loss": 2.1488895874023437, "clip_fraction": 0.949, "gradient_norm_mean": 148.15519921875, "gradient_norm_max": 574.332275390625, "step_seconds": 2.1594807896763086, "innovation_std_sum": 13.421530075084847, "noise_marginal_std_sum": 13.421530075084847}
{"step": 210, "epoch": 5, "train_loss": 2.112210235595703, "clip_fraction": 0.929, "gradient_norm_mean": 143.47191796875, "gradient_norm_max": 465.8241882324219, "step_seconds": 2.172831989824772, "innovation_std_sum": 13.421530075084847, "noise_marginal_std_sum": 13.421530075084847}
{"step": 220, "epoch": 5, "train_loss": 2.1471622009277342, "clip_fraction": 0.948, "gradient_norm_mean": 161.7276015625, "gradient_norm_max": 845.1217041015625, "step_seconds": 2.185623759403825, "innovation_std_sum": 13.421530075084847, "noise_marginal_std_sum": 13.421530075084847}
{"epoch": 5, "step": 225, "train_loss": 2.111053295220269, "clip_fraction": 0.9395333333333333, "epsilon": 8.000000000000005, "accuracy": 0.5564, "validation_loss": 1.5883116455078126, "validation_examples": 5000}
