Loading weights:   0%|          | 0/39 [00:00<?, ?it/s]Loading weights: 100%|██████████| 39/39 [00:00<00:00, 14103.97it/s]
[transformers] [1mBertModel LOAD REPORT[0m from: /media/data/data/lt/dp-adam-correlated/cache/bert-tiny
Key                                        | Status     |  | 
-------------------------------------------+------------+--+-
cls.predictions.transform.dense.bias       | UNEXPECTED |  | 
cls.predictions.bias                       | UNEXPECTED |  | 
cls.predictions.transform.LayerNorm.bias   | UNEXPECTED |  | 
cls.predictions.decoder.weight             | UNEXPECTED |  | 
cls.predictions.transform.dense.weight     | UNEXPECTED |  | 
cls.seq_relationship.bias                  | UNEXPECTED |  | 
cls.predictions.transform.LayerNorm.weight | UNEXPECTED |  | 
cls.predictions.decoder.bias               | UNEXPECTED |  | 
cls.seq_relationship.weight                | UNEXPECTED |  | 

Notes:
- UNEXPECTED:	can be ignored when loading from different task/architecture; not ok if you expect identical arch.
sys:1: UserWarning: Full backward hook is firing when gradients are computed with respect to module outputs since no inputs require gradients. See https://docs.pytorch.org/docs/main/generated/torch.nn.Module.html#torch.nn.Module.register_full_backward_hook for more details.
{"step": 10, "epoch": 1, "train_loss": 0.6758535766601562, "clip_fraction": 0.0, "gradient_norm_mean": 53.21108203125, "gradient_norm_max": 104.53797912597656, "step_seconds": 0.2637895494699478, "innovation_std_sum": 914.409175282003, "noise_marginal_std_sum": 1261.2560055811578}
{"step": 20, "epoch": 1, "train_loss": 0.6602340698242187, "clip_fraction": 0.0, "gradient_norm_mean": 43.6169296875, "gradient_norm_max": 79.57402801513672, "step_seconds": 0.26791125908493996, "innovation_std_sum": 914.409175282003, "noise_marginal_std_sum": 1261.2560055811578}
{"step": 30, "epoch": 1, "train_loss": 0.654588134765625, "clip_fraction": 0.0, "gradient_norm_mean": 40.56886328125, "gradient_norm_max": 70.56895446777344, "step_seconds": 0.2688887771219015, "innovation_std_sum": 914.409175282003, "noise_marginal_std_sum": 1261.2560055811578}
{"step": 40, "epoch": 1, "train_loss": 0.6465869750976563, "clip_fraction": 0.0, "gradient_norm_mean": 39.2605625, "gradient_norm_max": 82.08621978759766, "step_seconds": 0.2687181122601032, "innovation_std_sum": 914.409175282003, "noise_marginal_std_sum": 1261.2560055811578}
{"step": 50, "epoch": 1, "train_loss": 0.6392066650390625, "clip_fraction": 0.0, "gradient_norm_mean": 38.7702265625, "gradient_norm_max": 78.49271392822266, "step_seconds": 0.26494537480175495, "innovation_std_sum": 914.409175282003, "noise_marginal_std_sum": 1261.2560055811578}
{"step": 60, "epoch": 1, "train_loss": 0.6358868408203125, "clip_fraction": 0.0, "gradient_norm_mean": 38.8320546875, "gradient_norm_max": 81.80503845214844, "step_seconds": 0.26893066614866257, "innovation_std_sum": 914.409175282003, "noise_marginal_std_sum": 1261.2560055811578}
{"epoch": 1, "step": 62, "train_loss": 0.655361071186681, "clip_fraction": 0.016048387096774194, "epsilon": 2.983473211150575, "accuracy": 0.6705926341372219, "validation_loss": 0.6229222201926616, "validation_examples": 5349}
{"step": 70, "epoch": 2, "train_loss": 0.6174921875, "clip_fraction": 0.0, "gradient_norm_mean": 38.11309375, "gradient_norm_max": 74.12020111083984, "step_seconds": 0.26800262928009033, "innovation_std_sum": 914.409175282003, "noise_marginal_std_sum": 1261.2560055811578}
{"step": 80, "epoch": 2, "train_loss": 0.6219611206054687, "clip_fraction": 0.0, "gradient_norm_mean": 38.60061328125, "gradient_norm_max": 89.0582504272461, "step_seconds": 0.2704935986548662, "innovation_std_sum": 914.409175282003, "noise_marginal_std_sum": 1261.2560055811578}
{"step": 90, "epoch": 2, "train_loss": 0.6029689331054687, "clip_fraction": 0.0, "gradient_norm_mean": 38.46634375, "gradient_norm_max": 79.82801818847656, "step_seconds": 0.26874369382858276, "innovation_std_sum": 914.409175282003, "noise_marginal_std_sum": 1261.2560055811578}
{"step": 100, "epoch": 2, "train_loss": 0.6128946533203125, "clip_fraction": 0.0, "gradient_norm_mean": 39.6167421875, "gradient_norm_max": 80.79241943359375, "step_seconds": 0.2590461540967226, "innovation_std_sum": 914.409175282003, "noise_marginal_std_sum": 1261.2560055811578}
{"step": 110, "epoch": 2, "train_loss": 0.6048479614257812, "clip_fraction": 0.0, "gradient_norm_mean": 40.0130078125, "gradient_norm_max": 87.1214828491211, "step_seconds": 0.21331851370632648, "innovation_std_sum": 914.409175282003, "noise_marginal_std_sum": 1261.2560055811578}
{"step": 120, "epoch": 2, "train_loss": 0.583669677734375, "clip_fraction": 0.0, "gradient_norm_mean": 40.3568125, "gradient_norm_max": 102.41394805908203, "step_seconds": 0.2727621719241142, "innovation_std_sum": 914.409175282003, "noise_marginal_std_sum": 1261.2560055811578}
{"epoch": 2, "step": 124, "train_loss": 0.6095230063161542, "clip_fraction": 0.0, "epsilon": 4.566965972959099, "accuracy": 0.7106001121704991, "validation_loss": 0.5736359193138284, "validation_examples": 5349}
{"step": 130, "epoch": 3, "train_loss": 0.5786827392578126, "clip_fraction": 0.0, "gradient_norm_mean": 40.2988515625, "gradient_norm_max": 107.68292999267578, "step_seconds": 0.2691934611648321, "innovation_std_sum": 914.409175282003, "noise_marginal_std_sum": 1261.2560055811578}
{"step": 140, "epoch": 3, "train_loss": 0.58380126953125, "clip_fraction": 0.0, "gradient_norm_mean": 40.9173515625, "gradient_norm_max": 105.3980941772461, "step_seconds": 0.268937723711133, "innovation_std_sum": 914.409175282003, "noise_marginal_std_sum": 1261.2560055811578}
{"step": 150, "epoch": 3, "train_loss": 0.567095947265625, "clip_fraction": 0.0, "gradient_norm_mean": 40.36001171875, "gradient_norm_max": 101.76884460449219, "step_seconds": 0.12907920591533184, "innovation_std_sum": 914.409175282003, "noise_marginal_std_sum": 1261.2560055811578}
{"step": 160, "epoch": 3, "train_loss": 0.5764671630859375, "clip_fraction": 0.0, "gradient_norm_mean": 40.9699765625, "gradient_norm_max": 121.50636291503906, "step_seconds": 0.2027446497231722, "innovation_std_sum": 914.409175282003, "noise_marginal_std_sum": 1261.2560055811578}
{"step": 170, "epoch": 3, "train_loss": 0.5662553100585938, "clip_fraction": 0.0, "gradient_norm_mean": 41.2169453125, "gradient_norm_max": 96.11070251464844, "step_seconds": 0.27177345752716064, "innovation_std_sum": 914.409175282003, "noise_marginal_std_sum": 1261.2560055811578}
{"step": 180, "epoch": 3, "train_loss": 0.570174560546875, "clip_fraction": 0.0, "gradient_norm_mean": 40.715046875, "gradient_norm_max": 106.98162841796875, "step_seconds": 0.2254945170134306, "innovation_std_sum": 914.409175282003, "noise_marginal_std_sum": 1261.2560055811578}
{"epoch": 3, "step": 186, "train_loss": 0.5723843797253024, "clip_fraction": 0.0, "epsilon": 5.849088165717443, "accuracy": 0.7390166386240419, "validation_loss": 0.5359714035231012, "validation_examples": 5349}
{"step": 190, "epoch": 4, "train_loss": 0.5587637939453125, "clip_fraction": 0.0, "gradient_norm_mean": 42.64746484375, "gradient_norm_max": 111.94425201416016, "step_seconds": 0.269304683431983, "innovation_std_sum": 914.409175282003, "noise_marginal_std_sum": 1261.2560055811578}
{"step": 200, "epoch": 4, "train_loss": 0.552218994140625, "clip_fraction": 0.0, "gradient_norm_mean": 41.0417421875, "gradient_norm_max": 117.81787109375, "step_seconds": 0.27278750017285347, "innovation_std_sum": 914.409175282003, "noise_marginal_std_sum": 1261.2560055811578}
{"step": 210, "epoch": 4, "train_loss": 0.5681636352539062, "clip_fraction": 0.0, "gradient_norm_mean": 41.61090625, "gradient_norm_max": 118.72689819335938, "step_seconds": 0.2152499333024025, "innovation_std_sum": 914.409175282003, "noise_marginal_std_sum": 1261.2560055811578}
{"step": 220, "epoch": 4, "train_loss": 0.54504052734375, "clip_fraction": 0.0, "gradient_norm_mean": 40.89934375, "gradient_norm_max": 126.58898162841797, "step_seconds": 0.273638715967536, "innovation_std_sum": 914.409175282003, "noise_marginal_std_sum": 1261.2560055811578}
{"step": 230, "epoch": 4, "train_loss": 0.5417293701171875, "clip_fraction": 0.0, "gradient_norm_mean": 41.360015625, "gradient_norm_max": 117.34410095214844, "step_seconds": 0.27113330364227295, "innovation_std_sum": 914.409175282003, "noise_marginal_std_sum": 1261.2560055811578}
{"step": 240, "epoch": 4, "train_loss": 0.5277695922851563, "clip_fraction": 0.0, "gradient_norm_mean": 41.8349921875, "gradient_norm_max": 125.38542938232422, "step_seconds": 0.18135111406445503, "innovation_std_sum": 914.409175282003, "noise_marginal_std_sum": 1261.2560055811578}
{"epoch": 4, "step": 248, "train_loss": 0.5436424949399886, "clip_fraction": 0.0, "epsilon": 6.974398475295221, "accuracy": 0.7539727051785381, "validation_loss": 0.5090399171776093, "validation_examples": 5349}
{"step": 250, "epoch": 5, "train_loss": 0.542399658203125, "clip_fraction": 0.0, "gradient_norm_mean": 39.3401875, "gradient_norm_max": 131.73468017578125, "step_seconds": 0.27126352302730083, "innovation_std_sum": 914.409175282003, "noise_marginal_std_sum": 1261.2560055811578}
{"step": 260, "epoch": 5, "train_loss": 0.5110738220214843, "clip_fraction": 0.0, "gradient_norm_mean": 39.709328125, "gradient_norm_max": 123.51895904541016, "step_seconds": 0.1512533649802208, "innovation_std_sum": 914.409175282003, "noise_marginal_std_sum": 1261.2560055811578}
{"step": 270, "epoch": 5, "train_loss": 0.525750244140625, "clip_fraction": 0.0, "gradient_norm_mean": 39.769578125, "gradient_norm_max": 121.96356201171875, "step_seconds": 0.2743690926581621, "innovation_std_sum": 914.409175282003, "noise_marginal_std_sum": 1261.2560055811578}
{"step": 280, "epoch": 5, "train_loss": 0.5150241088867188, "clip_fraction": 0.0, "gradient_norm_mean": 39.2751640625, "gradient_norm_max": 120.89320373535156, "step_seconds": 0.27348638139665127, "innovation_std_sum": 914.409175282003, "noise_marginal_std_sum": 1261.2560055811578}
{"step": 290, "epoch": 5, "train_loss": 0.5131444702148438, "clip_fraction": 0.0, "gradient_norm_mean": 38.34711328125, "gradient_norm_max": 140.05108642578125, "step_seconds": 0.26556915417313576, "innovation_std_sum": 914.409175282003, "noise_marginal_std_sum": 1261.2560055811578}
{"step": 300, "epoch": 5, "train_loss": 0.5104522705078125, "clip_fraction": 0.0, "gradient_norm_mean": 37.384953125, "gradient_norm_max": 123.21073150634766, "step_seconds": 0.2754645776003599, "innovation_std_sum": 914.409175282003, "noise_marginal_std_sum": 1261.2560055811578}
{"step": 310, "epoch": 5, "train_loss": 0.531888671875, "clip_fraction": 0.0, "gradient_norm_mean": 39.4664140625, "gradient_norm_max": 139.92271423339844, "step_seconds": 0.13318419829010963, "innovation_std_sum": 914.409175282003, "noise_marginal_std_sum": 1261.2560055811578}
{"epoch": 5, "step": 310, "train_loss": 0.5234115068989416, "clip_fraction": 0.0, "epsilon": 8.000000000000005, "accuracy": 0.7651897550944101, "validation_loss": 0.4912986473672567, "validation_examples": 5349}
