/home/longt29/miniconda3/envs/curve/lib/python3.11/site-packages/torchvision/datasets/cifar.py:83: VisibleDeprecationWarning: dtype(): align should be passed as Python or NumPy boolean but got `align=0`. Did you mean to pass a tuple to create a subarray type? (Deprecated NumPy 2.4)
  entry = pickle.load(f, encoding="latin1")
sys:1: UserWarning: Full backward hook is firing when gradients are computed with respect to module outputs since no inputs require gradients. See https://docs.pytorch.org/docs/main/generated/torch.nn.Module.html#torch.nn.Module.register_full_backward_hook for more details.
{"step": 10, "epoch": 1, "train_loss": 4.557363891601563, "clip_fraction": 1.0, "gradient_norm_mean": 54.0781240234375, "gradient_norm_max": 122.26891326904297, "step_seconds": 2.2202582750469446, "innovation_std_sum": 254.70285385988242, "noise_marginal_std_sum": 351.31483011460904}
{"step": 20, "epoch": 1, "train_loss": 4.38958447265625, "clip_fraction": 1.0, "gradient_norm_mean": 53.3008154296875, "gradient_norm_max": 117.52922821044922, "step_seconds": 2.317545425146818, "innovation_std_sum": 254.70285385988242, "noise_marginal_std_sum": 351.31483011460904}
{"step": 30, "epoch": 1, "train_loss": 4.227031982421875, "clip_fraction": 1.0, "gradient_norm_mean": 64.7137890625, "gradient_norm_max": 140.47288513183594, "step_seconds": 2.4277286995202303, "innovation_std_sum": 254.70285385988242, "noise_marginal_std_sum": 351.31483011460904}
{"step": 40, "epoch": 1, "train_loss": 3.9779694213867187, "clip_fraction": 1.0, "gradient_norm_mean": 79.2024609375, "gradient_norm_max": 194.20895385742188, "step_seconds": 2.3546923771500587, "innovation_std_sum": 254.70285385988242, "noise_marginal_std_sum": 351.31483011460904}
{"step": 50, "epoch": 1, "train_loss": 3.778836364746094, "clip_fraction": 1.0, "gradient_norm_mean": 91.894986328125, "gradient_norm_max": 221.0058135986328, "step_seconds": 2.395278964191675, "innovation_std_sum": 254.70285385988242, "noise_marginal_std_sum": 351.31483011460904}
{"epoch": 1, "step": 50, "train_loss": 4.299842917480468, "clip_fraction": 1.0, "epsilon": 1.4876774306847862, "accuracy": 0.1743, "validation_loss": 3.5719310668945314, "validation_examples": 10000}
{"step": 60, "epoch": 2, "train_loss": 3.4677185668945314, "clip_fraction": 1.0, "gradient_norm_mean": 98.679392578125, "gradient_norm_max": 310.59857177734375, "step_seconds": 2.303216803818941, "innovation_std_sum": 254.70285385988242, "noise_marginal_std_sum": 351.31483011460904}
{"step": 70, "epoch": 2, "train_loss": 3.3186400146484374, "clip_fraction": 1.0, "gradient_norm_mean": 107.531076171875, "gradient_norm_max": 356.30108642578125, "step_seconds": 2.4223439805209637, "innovation_std_sum": 254.70285385988242, "noise_marginal_std_sum": 351.31483011460904}
{"step": 80, "epoch": 2, "train_loss": 3.1542178955078124, "clip_fraction": 1.0, "gradient_norm_mean": 113.322427734375, "gradient_norm_max": 300.8014831542969, "step_seconds": 2.455284249037504, "innovation_std_sum": 254.70285385988242, "noise_marginal_std_sum": 351.31483011460904}
{"step": 90, "epoch": 2, "train_loss": 2.8945413208007813, "clip_fraction": 0.999, "gradient_norm_mean": 115.579849609375, "gradient_norm_max": 401.2711486816406, "step_seconds": 2.4306379351764917, "innovation_std_sum": 254.70285385988242, "noise_marginal_std_sum": 351.31483011460904}
{"step": 100, "epoch": 2, "train_loss": 2.814915832519531, "clip_fraction": 0.995, "gradient_norm_mean": 114.34844921875, "gradient_norm_max": 683.6021118164062, "step_seconds": 2.3426339086145163, "innovation_std_sum": 254.70285385988242, "noise_marginal_std_sum": 351.31483011460904}
{"epoch": 2, "step": 100, "train_loss": 3.211271983642578, "clip_fraction": 0.99822, "epsilon": 2.299035157951723, "accuracy": 0.3745, "validation_loss": 2.5052449035644533, "validation_examples": 10000}
{"step": 110, "epoch": 3, "train_loss": 2.6539315185546877, "clip_fraction": 0.985, "gradient_norm_mean": 114.671234375, "gradient_norm_max": 465.9070739746094, "step_seconds": 2.3000816963613033, "innovation_std_sum": 254.70285385988242, "noise_marginal_std_sum": 351.31483011460904}
{"step": 120, "epoch": 3, "train_loss": 2.5011943359375, "clip_fraction": 0.979, "gradient_norm_mean": 117.8388359375, "gradient_norm_max": 563.1304321289062, "step_seconds": 2.43987256847322, "innovation_std_sum": 254.70285385988242, "noise_marginal_std_sum": 351.31483011460904}
{"step": 130, "epoch": 3, "train_loss": 2.539497802734375, "clip_fraction": 0.969, "gradient_norm_mean": 121.447380859375, "gradient_norm_max": 629.33251953125, "step_seconds": 2.3634435795247555, "innovation_std_sum": 254.70285385988242, "noise_marginal_std_sum": 351.31483011460904}
{"step": 140, "epoch": 3, "train_loss": 2.402177917480469, "clip_fraction": 0.963, "gradient_norm_mean": 120.837583984375, "gradient_norm_max": 391.7628479003906, "step_seconds": 2.387017246335745, "innovation_std_sum": 254.70285385988242, "noise_marginal_std_sum": 351.31483011460904}
{"step": 150, "epoch": 3, "train_loss": 2.3419205322265624, "clip_fraction": 0.95, "gradient_norm_mean": 116.4314375, "gradient_norm_max": 382.0588073730469, "step_seconds": 2.342123670503497, "innovation_std_sum": 254.70285385988242, "noise_marginal_std_sum": 351.31483011460904}
{"epoch": 3, "step": 150, "train_loss": 2.5315198486328123, "clip_fraction": 0.97116, "epsilon": 2.9436131898430915, "accuracy": 0.4984, "validation_loss": 1.9151855010986327, "validation_examples": 10000}
{"step": 160, "epoch": 4, "train_loss": 2.2583294677734376, "clip_fraction": 0.923, "gradient_norm_mean": 117.367998046875, "gradient_norm_max": 433.7631530761719, "step_seconds": 2.2827029302716255, "innovation_std_sum": 254.70285385988242, "noise_marginal_std_sum": 351.31483011460904}
{"step": 170, "epoch": 4, "train_loss": 2.197190185546875, "clip_fraction": 0.925, "gradient_norm_mean": 120.894978515625, "gradient_norm_max": 721.3147583007812, "step_seconds": 2.4213778749108315, "innovation_std_sum": 254.70285385988242, "noise_marginal_std_sum": 351.31483011460904}
{"step": 180, "epoch": 4, "train_loss": 2.1621246948242185, "clip_fraction": 0.919, "gradient_norm_mean": 119.73146484375, "gradient_norm_max": 724.9052124023438, "step_seconds": 2.472475240007043, "innovation_std_sum": 254.70285385988242, "noise_marginal_std_sum": 351.31483011460904}
{"step": 190, "epoch": 4, "train_loss": 2.124696716308594, "clip_fraction": 0.906, "gradient_norm_mean": 119.61049609375, "gradient_norm_max": 437.1556091308594, "step_seconds": 2.392852623015642, "innovation_std_sum": 254.70285385988242, "noise_marginal_std_sum": 351.31483011460904}
{"step": 200, "epoch": 4, "train_loss": 2.081098388671875, "clip_fraction": 0.901, "gradient_norm_mean": 120.286462890625, "gradient_norm_max": 688.9087524414062, "step_seconds": 2.38669765740633, "innovation_std_sum": 254.70285385988242, "noise_marginal_std_sum": 351.31483011460904}
{"epoch": 4, "step": 200, "train_loss": 2.1466007733154298, "clip_fraction": 0.92002, "epsilon": 3.49978915643989, "accuracy": 0.5726, "validation_loss": 1.5676366271972657, "validation_examples": 10000}
{"step": 210, "epoch": 5, "train_loss": 1.9239676818847655, "clip_fraction": 0.881, "gradient_norm_mean": 114.3113828125, "gradient_norm_max": 797.7111206054688, "step_seconds": 2.284480769187212, "innovation_std_sum": 254.70285385988242, "noise_marginal_std_sum": 351.31483011460904}
{"step": 220, "epoch": 5, "train_loss": 1.9232127075195313, "clip_fraction": 0.879, "gradient_norm_mean": 117.983244140625, "gradient_norm_max": 703.1854248046875, "step_seconds": 2.371442325413227, "innovation_std_sum": 254.70285385988242, "noise_marginal_std_sum": 351.31483011460904}
{"step": 230, "epoch": 5, "train_loss": 1.911942626953125, "clip_fraction": 0.878, "gradient_norm_mean": 117.476193359375, "gradient_norm_max": 573.8679809570312, "step_seconds": 2.4128598272800446, "innovation_std_sum": 254.70285385988242, "noise_marginal_std_sum": 351.31483011460904}
{"step": 240, "epoch": 5, "train_loss": 1.888032257080078, "clip_fraction": 0.855, "gradient_norm_mean": 118.71638671875, "gradient_norm_max": 598.3226928710938, "step_seconds": 2.424248119816184, "innovation_std_sum": 254.70285385988242, "noise_marginal_std_sum": 351.31483011460904}
{"step": 250, "epoch": 5, "train_loss": 1.890414276123047, "clip_fraction": 0.835, "gradient_norm_mean": 115.092951171875, "gradient_norm_max": 626.4158935546875, "step_seconds": 2.3536181189119816, "innovation_std_sum": 254.70285385988242, "noise_marginal_std_sum": 351.31483011460904}
{"epoch": 5, "step": 250, "train_loss": 1.9043087811279298, "clip_fraction": 0.86816, "epsilon": 3.9999999999999685, "accuracy": 0.6285, "validation_loss": 1.345544143676758, "validation_examples": 10000}
