/home/longt29/miniconda3/envs/curve/lib/python3.11/site-packages/torchvision/datasets/cifar.py:83: VisibleDeprecationWarning: dtype(): align should be passed as Python or NumPy boolean but got `align=0`. Did you mean to pass a tuple to create a subarray type? (Deprecated NumPy 2.4)
  entry = pickle.load(f, encoding="latin1")
sys:1: UserWarning: Full backward hook is firing when gradients are computed with respect to module outputs since no inputs require gradients. See https://docs.pytorch.org/docs/main/generated/torch.nn.Module.html#torch.nn.Module.register_full_backward_hook for more details.
{"step": 10, "epoch": 1, "train_loss": 4.650015747070312, "clip_fraction": 1.0, "gradient_norm_mean": 57.1151416015625, "gradient_norm_max": 119.8758316040039, "step_seconds": 2.1082057151943445, "innovation_std_sum": 72.22798151648107, "noise_marginal_std_sum": 84.4992665429476}
{"step": 20, "epoch": 1, "train_loss": 4.454820922851562, "clip_fraction": 1.0, "gradient_norm_mean": 51.644615234375, "gradient_norm_max": 93.42341613769531, "step_seconds": 2.119216063991189, "innovation_std_sum": 72.22798151648107, "noise_marginal_std_sum": 84.4992665429476}
{"step": 30, "epoch": 1, "train_loss": 4.309046142578125, "clip_fraction": 1.0, "gradient_norm_mean": 57.5868896484375, "gradient_norm_max": 104.99404907226562, "step_seconds": 2.1181103866547346, "innovation_std_sum": 72.22798151648107, "noise_marginal_std_sum": 84.4992665429476}
{"step": 40, "epoch": 1, "train_loss": 4.0986287231445315, "clip_fraction": 1.0, "gradient_norm_mean": 68.212365234375, "gradient_norm_max": 145.4313507080078, "step_seconds": 2.125286864116788, "innovation_std_sum": 72.22798151648107, "noise_marginal_std_sum": 84.4992665429476}
{"epoch": 1, "step": 45, "train_loss": 4.415451314290364, "clip_fraction": 0.9999777777777777, "epsilon": 3.0297011451528837, "accuracy": 0.1494, "validation_loss": 3.7743624389648436, "validation_examples": 5000}
{"step": 50, "epoch": 2, "train_loss": 3.7776785888671873, "clip_fraction": 1.0, "gradient_norm_mean": 80.360703125, "gradient_norm_max": 154.14173889160156, "step_seconds": 2.127866718918085, "innovation_std_sum": 72.22798151648107, "noise_marginal_std_sum": 84.4992665429476}
{"step": 60, "epoch": 2, "train_loss": 3.5715038452148438, "clip_fraction": 0.999, "gradient_norm_mean": 91.2506015625, "gradient_norm_max": 300.54449462890625, "step_seconds": 2.1302595492452383, "innovation_std_sum": 72.22798151648107, "noise_marginal_std_sum": 84.4992665429476}
{"step": 70, "epoch": 2, "train_loss": 3.261125183105469, "clip_fraction": 1.0, "gradient_norm_mean": 96.34069140625, "gradient_norm_max": 250.26185607910156, "step_seconds": 2.124701824039221, "innovation_std_sum": 72.22798151648107, "noise_marginal_std_sum": 84.4992665429476}
{"step": 80, "epoch": 2, "train_loss": 3.137412109375, "clip_fraction": 0.998, "gradient_norm_mean": 100.752904296875, "gradient_norm_max": 337.1997985839844, "step_seconds": 2.120833784341812, "innovation_std_sum": 72.22798151648107, "noise_marginal_std_sum": 84.4992665429476}
{"step": 90, "epoch": 2, "train_loss": 2.97054345703125, "clip_fraction": 0.998, "gradient_norm_mean": 104.226162109375, "gradient_norm_max": 322.41400146484375, "step_seconds": 2.1242960300296545, "innovation_std_sum": 72.22798151648107, "noise_marginal_std_sum": 84.4992665429476}
{"epoch": 2, "step": 90, "train_loss": 3.388351114908854, "clip_fraction": 0.9988222222222222, "epsilon": 4.5953206372907065, "accuracy": 0.3668, "validation_loss": 2.6459393798828126, "validation_examples": 5000}
{"step": 100, "epoch": 3, "train_loss": 2.7593206176757814, "clip_fraction": 0.99, "gradient_norm_mean": 106.326359375, "gradient_norm_max": 278.2420349121094, "step_seconds": 2.1176030710339546, "innovation_std_sum": 72.22798151648107, "noise_marginal_std_sum": 84.4992665429476}
{"step": 110, "epoch": 3, "train_loss": 2.5921729125976563, "clip_fraction": 0.98, "gradient_norm_mean": 106.067365234375, "gradient_norm_max": 443.2999267578125, "step_seconds": 2.1241174954921007, "innovation_std_sum": 72.22798151648107, "noise_marginal_std_sum": 84.4992665429476}
{"step": 120, "epoch": 3, "train_loss": 2.517386169433594, "clip_fraction": 0.974, "gradient_norm_mean": 107.771607421875, "gradient_norm_max": 360.52777099609375, "step_seconds": 2.1103824488818645, "innovation_std_sum": 72.22798151648107, "noise_marginal_std_sum": 84.4992665429476}
{"step": 130, "epoch": 3, "train_loss": 2.35594482421875, "clip_fraction": 0.962, "gradient_norm_mean": 107.552666015625, "gradient_norm_max": 410.06744384765625, "step_seconds": 2.134625656530261, "innovation_std_sum": 72.22798151648107, "noise_marginal_std_sum": 84.4992665429476}
{"epoch": 3, "step": 135, "train_loss": 2.6053094631618925, "clip_fraction": 0.9776, "epsilon": 5.865340104265841, "accuracy": 0.5152, "validation_loss": 1.9811688781738281, "validation_examples": 5000}
{"step": 140, "epoch": 4, "train_loss": 2.2650855712890623, "clip_fraction": 0.952, "gradient_norm_mean": 106.098765625, "gradient_norm_max": 489.47723388671875, "step_seconds": 2.147012073546648, "innovation_std_sum": 72.22798151648107, "noise_marginal_std_sum": 84.4992665429476}
{"step": 150, "epoch": 4, "train_loss": 2.2523815307617188, "clip_fraction": 0.943, "gradient_norm_mean": 108.75811328125, "gradient_norm_max": 576.0693969726562, "step_seconds": 2.1173409447073936, "innovation_std_sum": 72.22798151648107, "noise_marginal_std_sum": 84.4992665429476}
{"step": 160, "epoch": 4, "train_loss": 2.1919146423339844, "clip_fraction": 0.931, "gradient_norm_mean": 110.40143359375, "gradient_norm_max": 454.30023193359375, "step_seconds": 2.1176480669528246, "innovation_std_sum": 72.22798151648107, "noise_marginal_std_sum": 84.4992665429476}
{"step": 170, "epoch": 4, "train_loss": 2.0611280212402345, "clip_fraction": 0.921, "gradient_norm_mean": 107.020787109375, "gradient_norm_max": 448.2032775878906, "step_seconds": 2.1244655568152666, "innovation_std_sum": 72.22798151648107, "noise_marginal_std_sum": 84.4992665429476}
{"step": 180, "epoch": 4, "train_loss": 2.027320526123047, "clip_fraction": 0.917, "gradient_norm_mean": 106.2101484375, "gradient_norm_max": 411.18316650390625, "step_seconds": 2.108568584546447, "innovation_std_sum": 72.22798151648107, "noise_marginal_std_sum": 84.4992665429476}
{"epoch": 4, "step": 180, "train_loss": 2.166366040717231, "clip_fraction": 0.9318666666666666, "epsilon": 6.981705044814983, "accuracy": 0.5922, "validation_loss": 1.5945274963378906, "validation_examples": 5000}
{"step": 190, "epoch": 5, "train_loss": 1.9607891235351562, "clip_fraction": 0.897, "gradient_norm_mean": 107.9478046875, "gradient_norm_max": 468.65985107421875, "step_seconds": 2.0986081901937723, "innovation_std_sum": 72.22798151648107, "noise_marginal_std_sum": 84.4992665429476}
{"step": 200, "epoch": 5, "train_loss": 1.9301258850097656, "clip_fraction": 0.884, "gradient_norm_mean": 108.941794921875, "gradient_norm_max": 562.208740234375, "step_seconds": 2.1254565250128508, "innovation_std_sum": 72.22798151648107, "noise_marginal_std_sum": 84.4992665429476}
{"step": 210, "epoch": 5, "train_loss": 1.9445004272460937, "clip_fraction": 0.864, "gradient_norm_mean": 107.50689453125, "gradient_norm_max": 473.8806457519531, "step_seconds": 2.127042604610324, "innovation_std_sum": 72.22798151648107, "noise_marginal_std_sum": 84.4992665429476}
{"step": 220, "epoch": 5, "train_loss": 1.835100860595703, "clip_fraction": 0.865, "gradient_norm_mean": 108.9199609375, "gradient_norm_max": 519.877197265625, "step_seconds": 2.137335702776909, "innovation_std_sum": 72.22798151648107, "noise_marginal_std_sum": 84.4992665429476}
{"epoch": 5, "step": 225, "train_loss": 1.898926373969184, "clip_fraction": 0.8770888888888889, "epsilon": 8.000000000000005, "accuracy": 0.6418, "validation_loss": 1.3556344482421876, "validation_examples": 5000}
