/home/longt29/miniconda3/envs/curve/lib/python3.11/site-packages/torchvision/datasets/cifar.py:83: VisibleDeprecationWarning: dtype(): align should be passed as Python or NumPy boolean but got `align=0`. Did you mean to pass a tuple to create a subarray type? (Deprecated NumPy 2.4)
  entry = pickle.load(f, encoding="latin1")
{"method": "dp-adam-momentum-bias-bandinvmf", "smoke": false, "calibration": {"target_mu": 1.6660305978457184, "sensitivity": 4.065608121489227, "innovation_std_sum": 73.20888572058001, "adjacency": "add_remove_zero_out", "k": 5, "b_participation": 50, "sampling_amplification": false}, "coefficients": [1.0, -0.53161943769869, -0.0779998119461293, -0.2795535556950146]}
sys:1: UserWarning: Full backward hook is firing when gradients are computed with respect to module outputs since no inputs require gradients. See https://docs.pytorch.org/docs/main/generated/torch.nn.Module.html#torch.nn.Module.register_full_backward_hook for more details.
{"progress_step": 10, "epoch": 1, "train_loss_so_far": 4.724066552734375, "clip_fraction_so_far": 1.0}
{"progress_step": 20, "epoch": 1, "train_loss_so_far": 4.508802362060547, "clip_fraction_so_far": 0.9999}
{"progress_step": 30, "epoch": 1, "train_loss_so_far": 4.297322548421224, "clip_fraction_so_far": 0.9999333333333333}
{"progress_step": 40, "epoch": 1, "train_loss_so_far": 4.083196411132812, "clip_fraction_so_far": 0.999825}
{"progress_step": 50, "epoch": 1, "train_loss_so_far": 3.876738399658203, "clip_fraction_so_far": 0.99868}
{"epoch": 1, "logical_steps": 50, "train_examples": 50000, "train_loss": 3.876738399658203, "test_loss": 2.6008428161621095, "test_top1": 0.3623, "clip_fraction": 0.99868, "gdp_mu": 0.7271304784322895, "gdp_epsilon": 3.037976902428692, "target_mu": 1.6660305978457184, "target_epsilon": 8.0, "delta": 1e-05, "noise_std": 0.08559034234029003, "noise_std_space": "gradient", "innovation_std_sum": 73.20888572058001, "augmentation_trace_sha256": "d63da21bdb0b5208efde32fe6efd500a1dd8422cf2de8538c5d20df0af3afa1c", "seconds": 154.285813562572}
{"progress_step": 60, "epoch": 2, "train_loss_so_far": 2.716195861816406, "clip_fraction_so_far": 0.9844}
{"progress_step": 70, "epoch": 2, "train_loss_so_far": 2.6150650146484375, "clip_fraction_so_far": 0.97765}
{"progress_step": 80, "epoch": 2, "train_loss_so_far": 2.5097689412434896, "clip_fraction_so_far": 0.9674666666666667}
{"progress_step": 90, "epoch": 2, "train_loss_so_far": 2.424666220855713, "clip_fraction_so_far": 0.95755}
{"progress_step": 100, "epoch": 2, "train_loss_so_far": 2.345936432495117, "clip_fraction_so_far": 0.94762}
{"epoch": 2, "logical_steps": 100, "train_examples": 50000, "train_loss": 2.345936432495117, "test_loss": 1.5686365814208985, "test_top1": 0.5884, "clip_fraction": 0.94762, "gdp_mu": 1.0438331619280494, "gdp_epsilon": 4.600416946348178, "target_mu": 1.6660305978457184, "target_epsilon": 8.0, "delta": 1e-05, "noise_std": 0.08559034234029003, "noise_std_space": "gradient", "innovation_std_sum": 73.20888572058001, "augmentation_trace_sha256": "eba11842858511941e69682cb3174b7d5e6fd73ab7d8425892c6d4fc55cf418b", "seconds": 141.39178555458784}
{"progress_step": 110, "epoch": 3, "train_loss_so_far": 1.9196070739746094, "clip_fraction_so_far": 0.8888}
{"progress_step": 120, "epoch": 3, "train_loss_so_far": 1.8837954666137695, "clip_fraction_so_far": 0.8773}
{"progress_step": 130, "epoch": 3, "train_loss_so_far": 1.8393092041015624, "clip_fraction_so_far": 0.8651}
{"progress_step": 140, "epoch": 3, "train_loss_so_far": 1.8111309684753418, "clip_fraction_so_far": 0.854775}
{"progress_step": 150, "epoch": 3, "train_loss_so_far": 1.7814264514160156, "clip_fraction_so_far": 0.84658}
{"epoch": 3, "logical_steps": 150, "train_examples": 50000, "train_loss": 1.7814264514160156, "test_loss": 1.154338818359375, "test_top1": 0.679, "clip_fraction": 0.84658, "gdp_mu": 1.2851399415460758, "gdp_epsilon": 5.868262919898993, "target_mu": 1.6660305978457184, "target_epsilon": 8.0, "delta": 1e-05, "noise_std": 0.08559034234029003, "noise_std_space": "gradient", "innovation_std_sum": 73.20888572058001, "augmentation_trace_sha256": "f4ab582ea37ff08d6c3ec209d5c76a6a59fcdd228971935ccfe60255636fc688", "seconds": 140.71073410846293}
{"progress_step": 160, "epoch": 4, "train_loss_so_far": 1.6059183227539062, "clip_fraction_so_far": 0.7928}
{"progress_step": 170, "epoch": 4, "train_loss_so_far": 1.5844398620605469, "clip_fraction_so_far": 0.78475}
{"progress_step": 180, "epoch": 4, "train_loss_so_far": 1.5601651499430338, "clip_fraction_so_far": 0.7746}
{"progress_step": 190, "epoch": 4, "train_loss_so_far": 1.5429895294189453, "clip_fraction_so_far": 0.766975}
{"progress_step": 200, "epoch": 4, "train_loss_so_far": 1.5278177740478516, "clip_fraction_so_far": 0.76086}
{"epoch": 4, "logical_steps": 200, "train_examples": 50000, "train_loss": 1.5278177740478516, "test_loss": 0.9511641128540039, "test_top1": 0.7302, "clip_fraction": 0.76086, "gdp_mu": 1.4878241288541525, "gdp_epsilon": 6.9830197665238485, "target_mu": 1.6660305978457184, "target_epsilon": 8.0, "delta": 1e-05, "noise_std": 0.08559034234029003, "noise_std_space": "gradient", "innovation_std_sum": 73.20888572058001, "augmentation_trace_sha256": "eeab75a2450d737b335b1b301c8415d8e4847a2415b1acc4f6665e5915aa923a", "seconds": 142.80155824497342}
{"progress_step": 210, "epoch": 5, "train_loss_so_far": 1.4444632781982423, "clip_fraction_so_far": 0.7233}
{"progress_step": 220, "epoch": 5, "train_loss_so_far": 1.4324406112670898, "clip_fraction_so_far": 0.7208}
{"progress_step": 230, "epoch": 5, "train_loss_so_far": 1.4160428304036459, "clip_fraction_so_far": 0.7140333333333333}
{"progress_step": 240, "epoch": 5, "train_loss_so_far": 1.4121200248718262, "clip_fraction_so_far": 0.710225}
{"progress_step": 250, "epoch": 5, "train_loss_so_far": 1.4005185131835938, "clip_fraction_so_far": 0.7062}
{"epoch": 5, "logical_steps": 250, "train_examples": 50000, "train_loss": 1.4005185131835938, "test_loss": 0.8421533935546875, "test_top1": 0.7524, "clip_fraction": 0.7062, "gdp_mu": 1.6660305978457184, "gdp_epsilon": 8.000000000000005, "target_mu": 1.6660305978457184, "target_epsilon": 8.0, "delta": 1e-05, "noise_std": 0.08559034234029003, "noise_std_space": "gradient", "innovation_std_sum": 73.20888572058001, "augmentation_trace_sha256": "41f1cb58f0307df20ce87cfb313693105a3d89f587b34546eb06562652fb22c3", "seconds": 139.8824884109199}
{"status": "completed", "results": "/media/data/data/lt/dp-adam-correlated/exp7b/results/search/trials/f74a2630407c7681"}
