/home/longt29/miniconda3/envs/curve/lib/python3.11/site-packages/torchvision/datasets/cifar.py:83: VisibleDeprecationWarning: dtype(): align should be passed as Python or NumPy boolean but got `align=0`. Did you mean to pass a tuple to create a subarray type? (Deprecated NumPy 2.4)
  entry = pickle.load(f, encoding="latin1")
sys:1: UserWarning: Full backward hook is firing when gradients are computed with respect to module outputs since no inputs require gradients. See https://docs.pytorch.org/docs/main/generated/torch.nn.Module.html#torch.nn.Module.register_full_backward_hook for more details.
{"step": 10, "epoch": 1, "train_loss": 4.623356567382812, "clip_fraction": 0.0, "gradient_norm_mean": 57.183029296875, "gradient_norm_max": 114.8578872680664, "step_seconds": 2.1841353438794613, "innovation_std_sum": 481.51987677654046, "noise_marginal_std_sum": 563.3284436196507}
{"step": 20, "epoch": 1, "train_loss": 4.478246826171875, "clip_fraction": 0.0, "gradient_norm_mean": 51.3217412109375, "gradient_norm_max": 179.245849609375, "step_seconds": 2.174116248264909, "innovation_std_sum": 481.51987677654046, "noise_marginal_std_sum": 563.3284436196507}
{"step": 30, "epoch": 1, "train_loss": 4.380261596679688, "clip_fraction": 0.0, "gradient_norm_mean": 55.9887900390625, "gradient_norm_max": 104.02962493896484, "step_seconds": 2.183615781366825, "innovation_std_sum": 481.51987677654046, "noise_marginal_std_sum": 563.3284436196507}
{"step": 40, "epoch": 1, "train_loss": 4.237674682617188, "clip_fraction": 0.0, "gradient_norm_mean": 65.2413642578125, "gradient_norm_max": 121.08935546875, "step_seconds": 2.1900734957307577, "innovation_std_sum": 481.51987677654046, "noise_marginal_std_sum": 563.3284436196507}
{"epoch": 1, "step": 45, "train_loss": 4.460660114203559, "clip_fraction": 0.0, "epsilon": 3.0297011451528837, "accuracy": 0.1082, "validation_loss": 3.969044287109375, "validation_examples": 5000}
{"step": 50, "epoch": 2, "train_loss": 3.9835902709960935, "clip_fraction": 0.0, "gradient_norm_mean": 75.875921875, "gradient_norm_max": 179.858154296875, "step_seconds": 2.1892456635832787, "innovation_std_sum": 481.51987677654046, "noise_marginal_std_sum": 563.3284436196507}
{"step": 60, "epoch": 2, "train_loss": 3.7772562255859374, "clip_fraction": 0.001, "gradient_norm_mean": 87.6509765625, "gradient_norm_max": 255.21060180664062, "step_seconds": 2.2039685994386673, "innovation_std_sum": 481.51987677654046, "noise_marginal_std_sum": 563.3284436196507}
{"step": 70, "epoch": 2, "train_loss": 3.4678052978515623, "clip_fraction": 0.003, "gradient_norm_mean": 95.150849609375, "gradient_norm_max": 223.49234008789062, "step_seconds": 2.1830662209540606, "innovation_std_sum": 481.51987677654046, "noise_marginal_std_sum": 563.3284436196507}
{"step": 80, "epoch": 2, "train_loss": 3.3225867919921876, "clip_fraction": 0.006, "gradient_norm_mean": 100.84740625, "gradient_norm_max": 282.5476989746094, "step_seconds": 2.1878259479999542, "innovation_std_sum": 481.51987677654046, "noise_marginal_std_sum": 563.3284436196507}
{"step": 90, "epoch": 2, "train_loss": 3.0883364868164063, "clip_fraction": 0.012, "gradient_norm_mean": 108.32616015625, "gradient_norm_max": 291.4573669433594, "step_seconds": 2.1987135857343674, "innovation_std_sum": 481.51987677654046, "noise_marginal_std_sum": 563.3284436196507}
{"epoch": 2, "step": 90, "train_loss": 3.567399810112847, "clip_fraction": 0.0036222222222222224, "epsilon": 4.5953206372907065, "accuracy": 0.343, "validation_loss": 2.74595576171875, "validation_examples": 5000}
{"step": 100, "epoch": 3, "train_loss": 2.7900966796875, "clip_fraction": 0.02, "gradient_norm_mean": 109.92056640625, "gradient_norm_max": 367.17071533203125, "step_seconds": 2.168323278427124, "innovation_std_sum": 481.51987677654046, "noise_marginal_std_sum": 563.3284436196507}
{"step": 110, "epoch": 3, "train_loss": 2.6272897338867187, "clip_fraction": 0.036, "gradient_norm_mean": 113.401654296875, "gradient_norm_max": 619.599609375, "step_seconds": 2.1752537190914154, "innovation_std_sum": 481.51987677654046, "noise_marginal_std_sum": 563.3284436196507}
{"step": 120, "epoch": 3, "train_loss": 2.4887720947265626, "clip_fraction": 0.04, "gradient_norm_mean": 113.72806640625, "gradient_norm_max": 418.2369689941406, "step_seconds": 2.1897117663174868, "innovation_std_sum": 481.51987677654046, "noise_marginal_std_sum": 563.3284436196507}
{"step": 130, "epoch": 3, "train_loss": 2.3370612182617188, "clip_fraction": 0.045, "gradient_norm_mean": 111.02992578125, "gradient_norm_max": 454.0542297363281, "step_seconds": 2.1893162317574024, "innovation_std_sum": 481.51987677654046, "noise_marginal_std_sum": 563.3284436196507}
{"epoch": 3, "step": 135, "train_loss": 2.6226647976345485, "clip_fraction": 0.03557777777777778, "epsilon": 5.865340104265841, "accuracy": 0.5286, "validation_loss": 1.9092110290527344, "validation_examples": 5000}
{"step": 140, "epoch": 4, "train_loss": 2.2469168701171873, "clip_fraction": 0.05, "gradient_norm_mean": 110.348150390625, "gradient_norm_max": 472.77001953125, "step_seconds": 2.1824479810893536, "innovation_std_sum": 481.51987677654046, "noise_marginal_std_sum": 563.3284436196507}
{"step": 150, "epoch": 4, "train_loss": 2.193734375, "clip_fraction": 0.074, "gradient_norm_mean": 113.7013984375, "gradient_norm_max": 483.77154541015625, "step_seconds": 2.1798012144863605, "innovation_std_sum": 481.51987677654046, "noise_marginal_std_sum": 563.3284436196507}
{"step": 160, "epoch": 4, "train_loss": 2.119550048828125, "clip_fraction": 0.074, "gradient_norm_mean": 113.001263671875, "gradient_norm_max": 412.3900146484375, "step_seconds": 2.1893202792853117, "innovation_std_sum": 481.51987677654046, "noise_marginal_std_sum": 563.3284436196507}
{"step": 170, "epoch": 4, "train_loss": 2.0112366333007814, "clip_fraction": 0.069, "gradient_norm_mean": 109.485111328125, "gradient_norm_max": 502.9378967285156, "step_seconds": 2.1912758890539408, "innovation_std_sum": 481.51987677654046, "noise_marginal_std_sum": 563.3284436196507}
{"step": 180, "epoch": 4, "train_loss": 1.96864599609375, "clip_fraction": 0.068, "gradient_norm_mean": 108.84588671875, "gradient_norm_max": 393.60009765625, "step_seconds": 2.1883491333574057, "innovation_std_sum": 481.51987677654046, "noise_marginal_std_sum": 563.3284436196507}
{"epoch": 4, "step": 180, "train_loss": 2.111686602105035, "clip_fraction": 0.06322222222222222, "epsilon": 6.9817050448149836, "accuracy": 0.6104, "validation_loss": 1.5074481811523437, "validation_examples": 5000}
{"step": 190, "epoch": 5, "train_loss": 1.8823895874023437, "clip_fraction": 0.078, "gradient_norm_mean": 110.14275390625, "gradient_norm_max": 554.2772827148438, "step_seconds": 2.1867661625146866, "innovation_std_sum": 481.51987677654046, "noise_marginal_std_sum": 563.3284436196507}
{"step": 200, "epoch": 5, "train_loss": 1.8649933166503907, "clip_fraction": 0.083, "gradient_norm_mean": 109.878373046875, "gradient_norm_max": 436.1224060058594, "step_seconds": 2.1861322354525328, "innovation_std_sum": 481.51987677654046, "noise_marginal_std_sum": 563.3284436196507}
{"step": 210, "epoch": 5, "train_loss": 1.872546600341797, "clip_fraction": 0.073, "gradient_norm_mean": 107.894392578125, "gradient_norm_max": 481.4903564453125, "step_seconds": 2.191189354285598, "innovation_std_sum": 481.51987677654046, "noise_marginal_std_sum": 563.3284436196507}
{"step": 220, "epoch": 5, "train_loss": 1.7788253173828126, "clip_fraction": 0.092, "gradient_norm_mean": 110.328197265625, "gradient_norm_max": 409.4136047363281, "step_seconds": 2.192112846300006, "innovation_std_sum": 481.51987677654046, "noise_marginal_std_sum": 563.3284436196507}
{"epoch": 5, "step": 225, "train_loss": 1.8450883382161458, "clip_fraction": 0.083, "epsilon": 8.000000000000005, "accuracy": 0.6578, "validation_loss": 1.292780194091797, "validation_examples": 5000}
