/home/longt29/miniconda3/envs/curve/lib/python3.11/site-packages/torchvision/datasets/cifar.py:83: VisibleDeprecationWarning: dtype(): align should be passed as Python or NumPy boolean but got `align=0`. Did you mean to pass a tuple to create a subarray type? (Deprecated NumPy 2.4)
  entry = pickle.load(f, encoding="latin1")
sys:1: UserWarning: Full backward hook is firing when gradients are computed with respect to module outputs since no inputs require gradients. See https://docs.pytorch.org/docs/main/generated/torch.nn.Module.html#torch.nn.Module.register_full_backward_hook for more details.
{"step": 10, "epoch": 1, "train_loss": 4.33391259765625, "clip_fraction": 1.0, "gradient_norm_mean": 57.75177734375, "gradient_norm_max": 111.35596466064453, "step_seconds": 2.1687027998268604, "innovation_std_sum": 73.20888572058001, "noise_marginal_std_sum": 85.59034234029004}
{"step": 20, "epoch": 1, "train_loss": 3.7267073364257812, "clip_fraction": 1.0, "gradient_norm_mean": 80.753861328125, "gradient_norm_max": 170.01844787597656, "step_seconds": 2.1848761532455683, "innovation_std_sum": 73.20888572058001, "noise_marginal_std_sum": 85.59034234029004}
{"step": 30, "epoch": 1, "train_loss": 3.189392822265625, "clip_fraction": 0.995, "gradient_norm_mean": 102.7917734375, "gradient_norm_max": 264.5093994140625, "step_seconds": 2.181204903870821, "innovation_std_sum": 73.20888572058001, "noise_marginal_std_sum": 85.59034234029004}
{"step": 40, "epoch": 1, "train_loss": 2.73342138671875, "clip_fraction": 0.974, "gradient_norm_mean": 107.75344921875, "gradient_norm_max": 355.6356506347656, "step_seconds": 2.183717815205455, "innovation_std_sum": 73.20888572058001, "noise_marginal_std_sum": 85.59034234029004}
{"step": 50, "epoch": 1, "train_loss": 2.4238631591796875, "clip_fraction": 0.941, "gradient_norm_mean": 106.971337890625, "gradient_norm_max": 422.2011413574219, "step_seconds": 2.185408093035221, "innovation_std_sum": 73.20888572058001, "noise_marginal_std_sum": 85.59034234029004}
{"epoch": 1, "step": 50, "train_loss": 3.4856521508789062, "clip_fraction": 0.99044, "epsilon": 3.037976902428692, "accuracy": 0.4877, "validation_loss": 1.9882298126220703, "validation_examples": 10000}
{"step": 60, "epoch": 2, "train_loss": 2.093271026611328, "clip_fraction": 0.928, "gradient_norm_mean": 104.9443203125, "gradient_norm_max": 438.6657409667969, "step_seconds": 2.193942928686738, "innovation_std_sum": 73.20888572058001, "noise_marginal_std_sum": 85.59034234029004}
{"step": 70, "epoch": 2, "train_loss": 1.9666805114746093, "clip_fraction": 0.911, "gradient_norm_mean": 107.927609375, "gradient_norm_max": 680.8763427734375, "step_seconds": 2.1885638162493706, "innovation_std_sum": 73.20888572058001, "noise_marginal_std_sum": 85.59034234029004}
{"step": 80, "epoch": 2, "train_loss": 1.9676768188476563, "clip_fraction": 0.875, "gradient_norm_mean": 117.47556640625, "gradient_norm_max": 576.865478515625, "step_seconds": 2.1917490623891354, "innovation_std_sum": 73.20888572058001, "noise_marginal_std_sum": 85.59034234029004}
{"step": 90, "epoch": 2, "train_loss": 1.6790171813964845, "clip_fraction": 0.815, "gradient_norm_mean": 102.551044921875, "gradient_norm_max": 408.8343505859375, "step_seconds": 2.2079589925706387, "innovation_std_sum": 73.20888572058001, "noise_marginal_std_sum": 85.59034234029004}
{"step": 100, "epoch": 2, "train_loss": 1.6937752075195311, "clip_fraction": 0.818, "gradient_norm_mean": 106.2989921875, "gradient_norm_max": 727.377685546875, "step_seconds": 2.19897766597569, "innovation_std_sum": 73.20888572058001, "noise_marginal_std_sum": 85.59034234029004}
{"epoch": 2, "step": 100, "train_loss": 1.9491427264404297, "clip_fraction": 0.88078, "epsilon": 4.600416946348178, "accuracy": 0.6664, "validation_loss": 1.1953042053222656, "validation_examples": 10000}
{"step": 110, "epoch": 3, "train_loss": 1.5873276977539061, "clip_fraction": 0.765, "gradient_norm_mean": 100.073671875, "gradient_norm_max": 651.641845703125, "step_seconds": 2.1681766733527184, "innovation_std_sum": 73.20888572058001, "noise_marginal_std_sum": 85.59034234029004}
{"step": 120, "epoch": 3, "train_loss": 1.6144987182617188, "clip_fraction": 0.774, "gradient_norm_mean": 105.51033203125, "gradient_norm_max": 813.0244140625, "step_seconds": 2.1814803183078766, "innovation_std_sum": 73.20888572058001, "noise_marginal_std_sum": 85.59034234029004}
{"step": 130, "epoch": 3, "train_loss": 1.5298843688964843, "clip_fraction": 0.774, "gradient_norm_mean": 107.0236640625, "gradient_norm_max": 706.6740112304688, "step_seconds": 2.180851798504591, "innovation_std_sum": 73.20888572058001, "noise_marginal_std_sum": 85.59034234029004}
{"step": 140, "epoch": 3, "train_loss": 1.3998955383300782, "clip_fraction": 0.726, "gradient_norm_mean": 101.482890625, "gradient_norm_max": 540.8235473632812, "step_seconds": 2.1857239920645952, "innovation_std_sum": 73.20888572058001, "noise_marginal_std_sum": 85.59034234029004}
{"step": 150, "epoch": 3, "train_loss": 1.435769775390625, "clip_fraction": 0.711, "gradient_norm_mean": 101.980037109375, "gradient_norm_max": 582.7271118164062, "step_seconds": 2.185111843049526, "innovation_std_sum": 73.20888572058001, "noise_marginal_std_sum": 85.59034234029004}
{"epoch": 3, "step": 150, "train_loss": 1.5474570544433595, "clip_fraction": 0.75888, "epsilon": 5.868262919898993, "accuracy": 0.7224, "validation_loss": 0.9410254608154297, "validation_examples": 10000}
{"step": 160, "epoch": 4, "train_loss": 1.328079071044922, "clip_fraction": 0.693, "gradient_norm_mean": 102.564453125, "gradient_norm_max": 673.585205078125, "step_seconds": 2.168691720813513, "innovation_std_sum": 73.20888572058001, "noise_marginal_std_sum": 85.59034234029004}
{"step": 170, "epoch": 4, "train_loss": 1.4584036865234375, "clip_fraction": 0.708, "gradient_norm_mean": 106.162908203125, "gradient_norm_max": 609.244140625, "step_seconds": 2.1784773599356413, "innovation_std_sum": 73.20888572058001, "noise_marginal_std_sum": 85.59034234029004}
{"step": 180, "epoch": 4, "train_loss": 1.440340301513672, "clip_fraction": 0.691, "gradient_norm_mean": 106.43098046875, "gradient_norm_max": 723.9628295898438, "step_seconds": 2.186892844736576, "innovation_std_sum": 73.20888572058001, "noise_marginal_std_sum": 85.59034234029004}
{"step": 190, "epoch": 4, "train_loss": 1.2826174621582032, "clip_fraction": 0.656, "gradient_norm_mean": 100.689009765625, "gradient_norm_max": 554.8965454101562, "step_seconds": 2.1852265559136868, "innovation_std_sum": 73.20888572058001, "noise_marginal_std_sum": 85.59034234029004}
{"step": 200, "epoch": 4, "train_loss": 1.4135509033203124, "clip_fraction": 0.682, "gradient_norm_mean": 107.3476640625, "gradient_norm_max": 637.1109619140625, "step_seconds": 2.187968898564577, "innovation_std_sum": 73.20888572058001, "noise_marginal_std_sum": 85.59034234029004}
{"epoch": 4, "step": 200, "train_loss": 1.3879992114257813, "clip_fraction": 0.69146, "epsilon": 6.9830197665238485, "accuracy": 0.7502, "validation_loss": 0.827455778503418, "validation_examples": 10000}
{"step": 210, "epoch": 5, "train_loss": 1.2732973327636719, "clip_fraction": 0.656, "gradient_norm_mean": 99.881478515625, "gradient_norm_max": 646.2369384765625, "step_seconds": 2.1667817775160074, "innovation_std_sum": 73.20888572058001, "noise_marginal_std_sum": 85.59034234029004}
{"step": 220, "epoch": 5, "train_loss": 1.440127655029297, "clip_fraction": 0.672, "gradient_norm_mean": 110.339091796875, "gradient_norm_max": 768.0648803710938, "step_seconds": 2.1783377211540937, "innovation_std_sum": 73.20888572058001, "noise_marginal_std_sum": 85.59034234029004}
{"step": 230, "epoch": 5, "train_loss": 1.2065243530273437, "clip_fraction": 0.626, "gradient_norm_mean": 100.05090234375, "gradient_norm_max": 817.8328857421875, "step_seconds": 2.1809030566364527, "innovation_std_sum": 73.20888572058001, "noise_marginal_std_sum": 85.59034234029004}
{"step": 240, "epoch": 5, "train_loss": 1.2184837036132812, "clip_fraction": 0.636, "gradient_norm_mean": 105.00026171875, "gradient_norm_max": 636.357177734375, "step_seconds": 2.1848872508853674, "innovation_std_sum": 73.20888572058001, "noise_marginal_std_sum": 85.59034234029004}
{"step": 250, "epoch": 5, "train_loss": 1.402313232421875, "clip_fraction": 0.636, "gradient_norm_mean": 107.303779296875, "gradient_norm_max": 558.563232421875, "step_seconds": 2.191908122971654, "innovation_std_sum": 73.20888572058001, "noise_marginal_std_sum": 85.59034234029004}
{"epoch": 5, "step": 250, "train_loss": 1.3160708010864257, "clip_fraction": 0.64672, "epsilon": 8.000000000000005, "accuracy": 0.7695, "validation_loss": 0.7631537246704102, "validation_examples": 10000}
