/home/longt29/miniconda3/envs/curve/lib/python3.11/site-packages/torchvision/datasets/cifar.py:83: VisibleDeprecationWarning: dtype(): align should be passed as Python or NumPy boolean but got `align=0`. Did you mean to pass a tuple to create a subarray type? (Deprecated NumPy 2.4)
  entry = pickle.load(f, encoding="latin1")
sys:1: UserWarning: Full backward hook is firing when gradients are computed with respect to module outputs since no inputs require gradients. See https://docs.pytorch.org/docs/main/generated/torch.nn.Module.html#torch.nn.Module.register_full_backward_hook for more details.
{"step": 10, "epoch": 1, "train_loss": 4.57910693359375, "clip_fraction": 1.0, "gradient_norm_mean": 555.59190625, "gradient_norm_max": 1100.151123046875, "step_seconds": 2.0440207459032536, "innovation_std_sum": 480.2677029195636, "noise_marginal_std_sum": 662.4392459832405}
{"step": 20, "epoch": 1, "train_loss": 4.350774536132812, "clip_fraction": 1.0, "gradient_norm_mean": 505.041421875, "gradient_norm_max": 997.8970336914062, "step_seconds": 2.0042439494282007, "innovation_std_sum": 480.2677029195636, "noise_marginal_std_sum": 662.4392459832405}
{"step": 30, "epoch": 1, "train_loss": 4.1224060668945315, "clip_fraction": 1.0, "gradient_norm_mean": 597.04765625, "gradient_norm_max": 1161.32958984375, "step_seconds": 2.013482989743352, "innovation_std_sum": 480.2677029195636, "noise_marginal_std_sum": 662.4392459832405}
{"step": 40, "epoch": 1, "train_loss": 3.83212939453125, "clip_fraction": 1.0, "gradient_norm_mean": 718.923046875, "gradient_norm_max": 1356.2601318359375, "step_seconds": 1.9986046198755503, "innovation_std_sum": 480.2677029195636, "noise_marginal_std_sum": 662.4392459832405}
{"epoch": 1, "step": 45, "train_loss": 4.270681814236111, "clip_fraction": 1.0, "epsilon": 2.805247463992718, "accuracy": 0.2146, "validation_loss": 3.416969885253906, "validation_examples": 5000}
{"step": 50, "epoch": 2, "train_loss": 3.4395741577148438, "clip_fraction": 1.0, "gradient_norm_mean": 799.30265625, "gradient_norm_max": 1995.930419921875, "step_seconds": 1.9784379955381155, "innovation_std_sum": 480.2677029195636, "noise_marginal_std_sum": 662.4392459832405}
{"step": 60, "epoch": 2, "train_loss": 3.2055484008789064, "clip_fraction": 1.0, "gradient_norm_mean": 852.500578125, "gradient_norm_max": 2565.61083984375, "step_seconds": 1.9999502915889025, "innovation_std_sum": 480.2677029195636, "noise_marginal_std_sum": 662.4392459832405}
{"step": 70, "epoch": 2, "train_loss": 2.8864172973632813, "clip_fraction": 1.0, "gradient_norm_mean": 848.783015625, "gradient_norm_max": 2493.80615234375, "step_seconds": 2.0482161100953817, "innovation_std_sum": 480.2677029195636, "noise_marginal_std_sum": 662.4392459832405}
{"step": 80, "epoch": 2, "train_loss": 2.7911043701171874, "clip_fraction": 1.0, "gradient_norm_mean": 875.607734375, "gradient_norm_max": 2973.480224609375, "step_seconds": 2.0371160618960857, "innovation_std_sum": 480.2677029195636, "noise_marginal_std_sum": 662.4392459832405}
{"step": 90, "epoch": 2, "train_loss": 2.6282271728515627, "clip_fraction": 1.0, "gradient_norm_mean": 878.20540625, "gradient_norm_max": 3347.912109375, "step_seconds": 2.0190497133880854, "innovation_std_sum": 480.2677029195636, "noise_marginal_std_sum": 662.4392459832405}
{"epoch": 2, "step": 90, "train_loss": 3.031545110405816, "clip_fraction": 0.9992888888888889, "epsilon": 4.447471925552444, "accuracy": 0.4566, "validation_loss": 2.23664091796875, "validation_examples": 5000}
{"step": 100, "epoch": 3, "train_loss": 2.417312744140625, "clip_fraction": 0.99, "gradient_norm_mean": 871.144171875, "gradient_norm_max": 2756.75146484375, "step_seconds": 2.006494166329503, "innovation_std_sum": 480.2677029195636, "noise_marginal_std_sum": 662.4392459832405}
{"step": 110, "epoch": 3, "train_loss": 2.29348486328125, "clip_fraction": 0.986, "gradient_norm_mean": 857.180640625, "gradient_norm_max": 5833.16357421875, "step_seconds": 2.0120245665311813, "innovation_std_sum": 480.2677029195636, "noise_marginal_std_sum": 662.4392459832405}
{"step": 120, "epoch": 3, "train_loss": 2.2054873657226564, "clip_fraction": 0.98, "gradient_norm_mean": 865.206171875, "gradient_norm_max": 4224.9873046875, "step_seconds": 2.0178865119814873, "innovation_std_sum": 480.2677029195636, "noise_marginal_std_sum": 662.4392459832405}
{"step": 130, "epoch": 3, "train_loss": 2.0862295532226565, "clip_fraction": 0.965, "gradient_norm_mean": 844.14421875, "gradient_norm_max": 3037.26953125, "step_seconds": 2.0180256068706512, "innovation_std_sum": 480.2677029195636, "noise_marginal_std_sum": 662.4392459832405}
{"epoch": 3, "step": 135, "train_loss": 2.297440018717448, "clip_fraction": 0.9818444444444444, "epsilon": 5.779485746307642, "accuracy": 0.5752, "validation_loss": 1.6588045043945312, "validation_examples": 5000}
{"step": 140, "epoch": 4, "train_loss": 2.00912646484375, "clip_fraction": 0.952, "gradient_norm_mean": 828.67959375, "gradient_norm_max": 4796.80078125, "step_seconds": 2.0048006027936935, "innovation_std_sum": 480.2677029195636, "noise_marginal_std_sum": 662.4392459832405}
{"step": 150, "epoch": 4, "train_loss": 2.0071514892578124, "clip_fraction": 0.947, "gradient_norm_mean": 846.08, "gradient_norm_max": 4858.89013671875, "step_seconds": 2.0101880338042974, "innovation_std_sum": 480.2677029195636, "noise_marginal_std_sum": 662.4392459832405}
{"step": 160, "epoch": 4, "train_loss": 1.9700597229003907, "clip_fraction": 0.937, "gradient_norm_mean": 861.950140625, "gradient_norm_max": 4039.32958984375, "step_seconds": 2.0282125864177942, "innovation_std_sum": 480.2677029195636, "noise_marginal_std_sum": 662.4392459832405}
{"step": 170, "epoch": 4, "train_loss": 1.8435096130371094, "clip_fraction": 0.923, "gradient_norm_mean": 825.973359375, "gradient_norm_max": 4223.18701171875, "step_seconds": 2.013201244175434, "innovation_std_sum": 480.2677029195636, "noise_marginal_std_sum": 662.4392459832405}
{"step": 180, "epoch": 4, "train_loss": 1.814264892578125, "clip_fraction": 0.921, "gradient_norm_mean": 817.00725, "gradient_norm_max": 3260.775146484375, "step_seconds": 2.019589152187109, "innovation_std_sum": 480.2677029195636, "noise_marginal_std_sum": 662.4392459832405}
{"epoch": 4, "step": 180, "train_loss": 1.93112320827908, "clip_fraction": 0.9362444444444444, "epsilon": 6.943065470652319, "accuracy": 0.638, "validation_loss": 1.3496678466796874, "validation_examples": 5000}
{"step": 190, "epoch": 5, "train_loss": 1.7507002563476564, "clip_fraction": 0.906, "gradient_norm_mean": 829.15859375, "gradient_norm_max": 4353.65771484375, "step_seconds": 2.0447491239756346, "innovation_std_sum": 480.2677029195636, "noise_marginal_std_sum": 662.4392459832405}
{"step": 200, "epoch": 5, "train_loss": 1.7478397521972657, "clip_fraction": 0.893, "gradient_norm_mean": 838.071828125, "gradient_norm_max": 5020.10498046875, "step_seconds": 2.0085430834442377, "innovation_std_sum": 480.2677029195636, "noise_marginal_std_sum": 662.4392459832405}
{"step": 210, "epoch": 5, "train_loss": 1.7670606079101563, "clip_fraction": 0.869, "gradient_norm_mean": 831.206984375, "gradient_norm_max": 4327.8427734375, "step_seconds": 2.034008564427495, "innovation_std_sum": 480.2677029195636, "noise_marginal_std_sum": 662.4392459832405}
{"step": 220, "epoch": 5, "train_loss": 1.6684892883300781, "clip_fraction": 0.88, "gradient_norm_mean": 842.021796875, "gradient_norm_max": 3917.082763671875, "step_seconds": 2.052148310467601, "innovation_std_sum": 480.2677029195636, "noise_marginal_std_sum": 662.4392459832405}
{"epoch": 5, "step": 225, "train_loss": 1.7133301649305555, "clip_fraction": 0.8871777777777777, "epsilon": 8.000000000000005, "accuracy": 0.6756, "validation_loss": 1.1594881896972655, "validation_examples": 5000}
