/home/longt29/miniconda3/envs/curve/lib/python3.11/site-packages/torchvision/datasets/cifar.py:83: VisibleDeprecationWarning: dtype(): align should be passed as Python or NumPy boolean but got `align=0`. Did you mean to pass a tuple to create a subarray type? (Deprecated NumPy 2.4)
  entry = pickle.load(f, encoding="latin1")
{"method": "dp-adam-iid", "smoke": false, "calibration": {"target_mu": 1.6660305978457184, "sensitivity": 2.23606797749979, "innovation_std_sum": 40.264590225254544, "adjacency": "add_remove_zero_out", "k": 5, "b_participation": 50, "sampling_amplification": false}, "coefficients": [1.0]}
sys:1: UserWarning: Full backward hook is firing when gradients are computed with respect to module outputs since no inputs require gradients. See https://docs.pytorch.org/docs/main/generated/torch.nn.Module.html#torch.nn.Module.register_full_backward_hook for more details.
{"progress_step": 10, "epoch": 1, "train_loss_so_far": 4.860128186035157, "clip_fraction_so_far": 1.0}
{"progress_step": 20, "epoch": 1, "train_loss_so_far": 4.697495349121094, "clip_fraction_so_far": 1.0}
{"progress_step": 30, "epoch": 1, "train_loss_so_far": 4.576124141438802, "clip_fraction_so_far": 1.0}
{"progress_step": 40, "epoch": 1, "train_loss_so_far": 4.469348742675781, "clip_fraction_so_far": 1.0}
{"progress_step": 50, "epoch": 1, "train_loss_so_far": 4.354772646484375, "clip_fraction_so_far": 1.0}
{"epoch": 1, "logical_steps": 50, "train_examples": 50000, "train_loss": 4.354772646484375, "test_loss": 3.635444970703125, "test_top1": 0.1682, "clip_fraction": 1.0, "gdp_mu": 0.7450715338755282, "gdp_epsilon": 3.1232925162148586, "target_mu": 1.6660305978457184, "target_epsilon": 8.0, "delta": 1e-05, "noise_std": 0.04026459022525455, "noise_std_space": "gradient", "innovation_std_sum": 40.264590225254544, "augmentation_trace_sha256": "0a82ef1c98ef26b05820e248be8ce93c4dfa5ec43fabeb1ff064b4ec4ee639dd", "seconds": 144.32893396914005}
{"progress_step": 60, "epoch": 2, "train_loss_so_far": 3.6575359802246092, "clip_fraction_so_far": 0.9998}
{"progress_step": 70, "epoch": 2, "train_loss_so_far": 3.5529546447753906, "clip_fraction_so_far": 0.9993}
{"progress_step": 80, "epoch": 2, "train_loss_so_far": 3.4511062540690105, "clip_fraction_so_far": 0.9988666666666667}
{"progress_step": 90, "epoch": 2, "train_loss_so_far": 3.358298957824707, "clip_fraction_so_far": 0.998425}
{"progress_step": 100, "epoch": 2, "train_loss_so_far": 3.2679441259765625, "clip_fraction_so_far": 0.99726}
{"epoch": 2, "logical_steps": 100, "train_examples": 50000, "train_loss": 3.2679441259765625, "test_loss": 2.55127939453125, "test_top1": 0.3775, "clip_fraction": 0.99726, "gdp_mu": 1.0536902681448967, "gdp_epsilon": 4.650921021133024, "target_mu": 1.6660305978457184, "target_epsilon": 8.0, "delta": 1e-05, "noise_std": 0.04026459022525455, "noise_std_space": "gradient", "innovation_std_sum": 40.264590225254544, "augmentation_trace_sha256": "35e4f6656689ece8d67b95f2fdc2cc0f320a2787bb26cbe32443a0b0eb0ff36c", "seconds": 139.1363226491958}
{"progress_step": 110, "epoch": 3, "train_loss_so_far": 2.762738708496094, "clip_fraction_so_far": 0.989}
{"progress_step": 120, "epoch": 3, "train_loss_so_far": 2.7150532501220703, "clip_fraction_so_far": 0.98605}
{"progress_step": 130, "epoch": 3, "train_loss_so_far": 2.651433113606771, "clip_fraction_so_far": 0.9830666666666666}
{"progress_step": 140, "epoch": 3, "train_loss_so_far": 2.604342239379883, "clip_fraction_so_far": 0.98}
{"progress_step": 150, "epoch": 3, "train_loss_so_far": 2.5518615295410156, "clip_fraction_so_far": 0.97538}
{"epoch": 3, "logical_steps": 150, "train_examples": 50000, "train_loss": 2.5518615295410156, "test_loss": 1.9398541625976562, "test_top1": 0.5093, "clip_fraction": 0.97538, "gdp_mu": 1.2905017519456905, "gdp_epsilon": 5.897172094191148, "target_mu": 1.6660305978457184, "target_epsilon": 8.0, "delta": 1e-05, "noise_std": 0.04026459022525455, "noise_std_space": "gradient", "innovation_std_sum": 40.264590225254544, "augmentation_trace_sha256": "516c381dfc4d1767bda79b3787fa43a7fb9c63558e6fd7cf239884b870b532ab", "seconds": 137.69634385593235}
{"progress_step": 160, "epoch": 4, "train_loss_so_far": 2.2813915283203126, "clip_fraction_so_far": 0.9438}
{"progress_step": 170, "epoch": 4, "train_loss_so_far": 2.2626564819335937, "clip_fraction_so_far": 0.9428}
{"progress_step": 180, "epoch": 4, "train_loss_so_far": 2.225396098836263, "clip_fraction_so_far": 0.9387333333333333}
{"progress_step": 190, "epoch": 4, "train_loss_so_far": 2.2018036262512206, "clip_fraction_so_far": 0.934875}
{"progress_step": 200, "epoch": 4, "train_loss_so_far": 2.172605313720703, "clip_fraction_so_far": 0.92978}
{"epoch": 4, "logical_steps": 200, "train_examples": 50000, "train_loss": 2.172605313720703, "test_loss": 1.59818798828125, "test_top1": 0.5776, "clip_fraction": 0.92978, "gdp_mu": 1.4901430677510563, "gdp_epsilon": 6.99603315708177, "target_mu": 1.6660305978457184, "target_epsilon": 8.0, "delta": 1e-05, "noise_std": 0.04026459022525455, "noise_std_space": "gradient", "innovation_std_sum": 40.264590225254544, "augmentation_trace_sha256": "f79c64ae547ce4a5916151652750e3f0192335976551aba79c8302e3541f4d42", "seconds": 138.35851072333753}
{"progress_step": 210, "epoch": 5, "train_loss_so_far": 1.9999373901367188, "clip_fraction_so_far": 0.8966}
{"progress_step": 220, "epoch": 5, "train_loss_so_far": 1.9965584594726562, "clip_fraction_so_far": 0.8973}
{"progress_step": 230, "epoch": 5, "train_loss_so_far": 1.9821833648681642, "clip_fraction_so_far": 0.8928666666666667}
{"progress_step": 240, "epoch": 5, "train_loss_so_far": 1.9751652053833009, "clip_fraction_so_far": 0.890425}
{"progress_step": 250, "epoch": 5, "train_loss_so_far": 1.9599433312988281, "clip_fraction_so_far": 0.88592}
{"epoch": 5, "logical_steps": 250, "train_examples": 50000, "train_loss": 1.9599433312988281, "test_loss": 1.4111884002685546, "test_top1": 0.6198, "clip_fraction": 0.88592, "gdp_mu": 1.6660305978457186, "gdp_epsilon": 8.000000000000007, "target_mu": 1.6660305978457184, "target_epsilon": 8.0, "delta": 1e-05, "noise_std": 0.04026459022525455, "noise_std_space": "gradient", "innovation_std_sum": 40.264590225254544, "augmentation_trace_sha256": "dcc2ff9b41c90d20ee48ba3ec127c8c65ed0e3f1c24814898f5bc24a291f7d15", "seconds": 138.3793812226504}
{"status": "completed", "results": "/media/data/data/lt/dp-adam-correlated/exp7b/results/final/trials/d8a41af37f74a98f"}
