Loading weights:   0%|          | 0/39 [00:00<?, ?it/s]Loading weights: 100%|██████████| 39/39 [00:00<00:00, 24897.69it/s]
[transformers] [1mBertModel LOAD REPORT[0m from: /media/data/data/lt/dp-adam-correlated/cache/bert-tiny
Key                                        | Status     |  | 
-------------------------------------------+------------+--+-
cls.predictions.transform.dense.bias       | UNEXPECTED |  | 
cls.predictions.decoder.weight             | UNEXPECTED |  | 
cls.seq_relationship.weight                | UNEXPECTED |  | 
cls.predictions.transform.LayerNorm.weight | UNEXPECTED |  | 
cls.predictions.transform.LayerNorm.bias   | UNEXPECTED |  | 
cls.predictions.transform.dense.weight     | UNEXPECTED |  | 
cls.predictions.bias                       | UNEXPECTED |  | 
cls.predictions.decoder.bias               | UNEXPECTED |  | 
cls.seq_relationship.bias                  | UNEXPECTED |  | 

Notes:
- UNEXPECTED:	can be ignored when loading from different task/architecture; not ok if you expect identical arch.
sys:1: UserWarning: Full backward hook is firing when gradients are computed with respect to module outputs since no inputs require gradients. See https://docs.pytorch.org/docs/main/generated/torch.nn.Module.html#torch.nn.Module.register_full_backward_hook for more details.
{"step": 10, "epoch": 1, "train_loss": 0.8228078002929687, "clip_fraction": 0.542, "gradient_norm_mean": 372.75784375, "gradient_norm_max": 1030.909423828125, "step_seconds": 0.1767349485307932, "innovation_std_sum": 502.27445158855346, "noise_marginal_std_sum": 586.6324369556456}
{"step": 20, "epoch": 1, "train_loss": 0.7486910400390625, "clip_fraction": 0.757, "gradient_norm_mean": 684.2244375, "gradient_norm_max": 2026.453369140625, "step_seconds": 0.27293249405920506, "innovation_std_sum": 502.27445158855346, "noise_marginal_std_sum": 586.6324369556456}
{"step": 30, "epoch": 1, "train_loss": 0.646727783203125, "clip_fraction": 0.783, "gradient_norm_mean": 1144.8995, "gradient_norm_max": 4011.607421875, "step_seconds": 0.2748415246605873, "innovation_std_sum": 502.27445158855346, "noise_marginal_std_sum": 586.6324369556456}
{"step": 40, "epoch": 1, "train_loss": 0.7434696044921875, "clip_fraction": 0.647, "gradient_norm_mean": 1770.21525, "gradient_norm_max": 8463.1982421875, "step_seconds": 0.2756860200315714, "innovation_std_sum": 502.27445158855346, "noise_marginal_std_sum": 586.6324369556456}
{"step": 50, "epoch": 1, "train_loss": 0.80878955078125, "clip_fraction": 0.537, "gradient_norm_mean": 2048.33175, "gradient_norm_max": 14342.9931640625, "step_seconds": 0.2806871850043535, "innovation_std_sum": 502.27445158855346, "noise_marginal_std_sum": 586.6324369556456}
{"step": 60, "epoch": 1, "train_loss": 0.843905517578125, "clip_fraction": 0.489, "gradient_norm_mean": 2122.939, "gradient_norm_max": 17281.75, "step_seconds": 0.2815591413527727, "innovation_std_sum": 502.27445158855346, "noise_marginal_std_sum": 586.6324369556456}
{"epoch": 1, "step": 62, "train_loss": 0.7445208838678176, "clip_fraction": 0.6325483870967742, "epsilon": 3.054089440266451, "accuracy": 0.7635071976070293, "validation_loss": 0.8648667933673898, "validation_examples": 5349}
{"step": 70, "epoch": 2, "train_loss": 0.82655712890625, "clip_fraction": 0.471, "gradient_norm_mean": 1966.218375, "gradient_norm_max": 14020.55078125, "step_seconds": 0.2826601564884186, "innovation_std_sum": 502.27445158855346, "noise_marginal_std_sum": 586.6324369556456}
{"step": 80, "epoch": 2, "train_loss": 0.7399666748046875, "clip_fraction": 0.47, "gradient_norm_mean": 1705.4, "gradient_norm_max": 14237.421875, "step_seconds": 0.2762801181524992, "innovation_std_sum": 502.27445158855346, "noise_marginal_std_sum": 586.6324369556456}
{"step": 90, "epoch": 2, "train_loss": 0.6934801635742187, "clip_fraction": 0.412, "gradient_norm_mean": 1404.47275, "gradient_norm_max": 15838.3203125, "step_seconds": 0.28148248605430126, "innovation_std_sum": 502.27445158855346, "noise_marginal_std_sum": 586.6324369556456}
{"step": 100, "epoch": 2, "train_loss": 0.7159703369140625, "clip_fraction": 0.41, "gradient_norm_mean": 1534.08575, "gradient_norm_max": 13806.58203125, "step_seconds": 0.28041516803205013, "innovation_std_sum": 502.27445158855346, "noise_marginal_std_sum": 586.6324369556456}
{"step": 110, "epoch": 2, "train_loss": 0.632005126953125, "clip_fraction": 0.387, "gradient_norm_mean": 1459.8165, "gradient_norm_max": 13875.513671875, "step_seconds": 0.2867051027715206, "innovation_std_sum": 502.27445158855346, "noise_marginal_std_sum": 586.6324369556456}
{"step": 120, "epoch": 2, "train_loss": 0.59373681640625, "clip_fraction": 0.384, "gradient_norm_mean": 1389.0965, "gradient_norm_max": 15555.734375, "step_seconds": 0.28705859184265137, "innovation_std_sum": 502.27445158855346, "noise_marginal_std_sum": 586.6324369556456}
{"epoch": 2, "step": 124, "train_loss": 0.7094349158502394, "clip_fraction": 0.43501612903225806, "epsilon": 4.610238743691153, "accuracy": 0.7952888390353338, "validation_loss": 0.6727911827385503, "validation_examples": 5349}
{"step": 130, "epoch": 3, "train_loss": 0.6260237426757812, "clip_fraction": 0.401, "gradient_norm_mean": 1509.48875, "gradient_norm_max": 12948.6103515625, "step_seconds": 0.28472667187452316, "innovation_std_sum": 502.27445158855346, "noise_marginal_std_sum": 586.6324369556456}
{"step": 140, "epoch": 3, "train_loss": 0.6464827270507812, "clip_fraction": 0.387, "gradient_norm_mean": 1595.4785, "gradient_norm_max": 19400.62890625, "step_seconds": 0.2725036796182394, "innovation_std_sum": 502.27445158855346, "noise_marginal_std_sum": 586.6324369556456}
{"step": 150, "epoch": 3, "train_loss": 0.6534077758789063, "clip_fraction": 0.38, "gradient_norm_mean": 1507.4055, "gradient_norm_max": 16239.869140625, "step_seconds": 0.28054191172122955, "innovation_std_sum": 502.27445158855346, "noise_marginal_std_sum": 586.6324369556456}
{"step": 160, "epoch": 3, "train_loss": 0.6656591796875, "clip_fraction": 0.385, "gradient_norm_mean": 1454.42625, "gradient_norm_max": 20306.455078125, "step_seconds": 0.28475472144782543, "innovation_std_sum": 502.27445158855346, "noise_marginal_std_sum": 586.6324369556456}
{"step": 170, "epoch": 3, "train_loss": 0.6674108276367188, "clip_fraction": 0.381, "gradient_norm_mean": 1558.71475, "gradient_norm_max": 23731.517578125, "step_seconds": 0.2890006694942713, "innovation_std_sum": 502.27445158855346, "noise_marginal_std_sum": 586.6324369556456}
{"step": 180, "epoch": 3, "train_loss": 0.6559588012695312, "clip_fraction": 0.366, "gradient_norm_mean": 1378.816, "gradient_norm_max": 23359.681640625, "step_seconds": 0.19588696956634521, "innovation_std_sum": 502.27445158855346, "noise_marginal_std_sum": 586.6324369556456}
{"epoch": 3, "step": 186, "train_loss": 0.6254867489722468, "clip_fraction": 0.37243548387096775, "epsilon": 5.873890881586911, "accuracy": 0.8119274630772106, "validation_loss": 0.6171838586008154, "validation_examples": 5349}
{"step": 190, "epoch": 4, "train_loss": 0.5003793640136719, "clip_fraction": 0.337, "gradient_norm_mean": 1249.97425, "gradient_norm_max": 16880.380859375, "step_seconds": 0.29003057442605495, "innovation_std_sum": 502.27445158855346, "noise_marginal_std_sum": 586.6324369556456}
{"step": 200, "epoch": 4, "train_loss": 0.6125194091796875, "clip_fraction": 0.362, "gradient_norm_mean": 1370.150125, "gradient_norm_max": 18474.673828125, "step_seconds": 0.2839125730097294, "innovation_std_sum": 502.27445158855346, "noise_marginal_std_sum": 586.6324369556456}
{"step": 210, "epoch": 4, "train_loss": 0.5997302856445312, "clip_fraction": 0.354, "gradient_norm_mean": 1438.39225, "gradient_norm_max": 18375.486328125, "step_seconds": 0.28589352779090405, "innovation_std_sum": 502.27445158855346, "noise_marginal_std_sum": 586.6324369556456}
{"step": 220, "epoch": 4, "train_loss": 0.5555835571289063, "clip_fraction": 0.326, "gradient_norm_mean": 1222.987, "gradient_norm_max": 18636.75390625, "step_seconds": 0.28499601036310196, "innovation_std_sum": 502.27445158855346, "noise_marginal_std_sum": 586.6324369556456}
{"step": 230, "epoch": 4, "train_loss": 0.5877931518554688, "clip_fraction": 0.339, "gradient_norm_mean": 1324.58475, "gradient_norm_max": 19677.15234375, "step_seconds": 0.2817396204918623, "innovation_std_sum": 502.27445158855346, "noise_marginal_std_sum": 586.6324369556456}
{"step": 240, "epoch": 4, "train_loss": 0.5936732177734375, "clip_fraction": 0.318, "gradient_norm_mean": 1376.25875, "gradient_norm_max": 40038.73828125, "step_seconds": 0.19069642014801502, "innovation_std_sum": 502.27445158855346, "noise_marginal_std_sum": 586.6324369556456}
{"epoch": 4, "step": 248, "train_loss": 0.5803292767924647, "clip_fraction": 0.32764516129032256, "epsilon": 6.985551657770655, "accuracy": 0.8180968405309403, "validation_loss": 0.610445246872088, "validation_examples": 5349}
{"step": 250, "epoch": 5, "train_loss": 0.6168405151367188, "clip_fraction": 0.31, "gradient_norm_mean": 1279.5645, "gradient_norm_max": 21267.6796875, "step_seconds": 0.2764740288257599, "innovation_std_sum": 502.27445158855346, "noise_marginal_std_sum": 586.6324369556456}
{"step": 260, "epoch": 5, "train_loss": 0.60526025390625, "clip_fraction": 0.311, "gradient_norm_mean": 1218.049375, "gradient_norm_max": 19429.25, "step_seconds": 0.2889410648494959, "innovation_std_sum": 502.27445158855346, "noise_marginal_std_sum": 586.6324369556456}
{"step": 270, "epoch": 5, "train_loss": 0.537999267578125, "clip_fraction": 0.302, "gradient_norm_mean": 1053.32825, "gradient_norm_max": 22187.98828125, "step_seconds": 0.27678164653480053, "innovation_std_sum": 502.27445158855346, "noise_marginal_std_sum": 586.6324369556456}
{"step": 280, "epoch": 5, "train_loss": 0.5613619384765625, "clip_fraction": 0.31, "gradient_norm_mean": 1241.07075, "gradient_norm_max": 18562.400390625, "step_seconds": 0.28758074156939983, "innovation_std_sum": 502.27445158855346, "noise_marginal_std_sum": 586.6324369556456}
{"step": 290, "epoch": 5, "train_loss": 0.552659912109375, "clip_fraction": 0.298, "gradient_norm_mean": 1288.99775, "gradient_norm_max": 28725.103515625, "step_seconds": 0.27749946154654026, "innovation_std_sum": 502.27445158855346, "noise_marginal_std_sum": 586.6324369556456}
{"step": 300, "epoch": 5, "train_loss": 0.5113338623046875, "clip_fraction": 0.293, "gradient_norm_mean": 1183.061625, "gradient_norm_max": 25249.314453125, "step_seconds": 0.28726539574563503, "innovation_std_sum": 502.27445158855346, "noise_marginal_std_sum": 586.6324369556456}
{"step": 310, "epoch": 5, "train_loss": 0.5934290771484375, "clip_fraction": 0.294, "gradient_norm_mean": 1239.26925, "gradient_norm_max": 30368.921875, "step_seconds": 0.1404751669615507, "innovation_std_sum": 502.27445158855346, "noise_marginal_std_sum": 586.6324369556456}
{"epoch": 5, "step": 310, "train_loss": 0.55999194582047, "clip_fraction": 0.3006935483870968, "epsilon": 8.000000000000005, "accuracy": 0.8272574312955693, "validation_loss": 0.5729951878132431, "validation_examples": 5349}
