/home/longt29/miniconda3/envs/curve/lib/python3.11/site-packages/torchvision/datasets/cifar.py:83: VisibleDeprecationWarning: dtype(): align should be passed as Python or NumPy boolean but got `align=0`. Did you mean to pass a tuple to create a subarray type? (Deprecated NumPy 2.4)
  entry = pickle.load(f, encoding="latin1")
sys:1: UserWarning: Full backward hook is firing when gradients are computed with respect to module outputs since no inputs require gradients. See https://docs.pytorch.org/docs/main/generated/torch.nn.Module.html#torch.nn.Module.register_full_backward_hook for more details.
{"step": 10, "epoch": 1, "train_loss": 4.4703701171875, "clip_fraction": 1.0, "gradient_norm_mean": 463.4264375, "gradient_norm_max": 936.807861328125, "step_seconds": 1.9501984063535929, "innovation_std_sum": 480.2677029195636, "noise_marginal_std_sum": 662.4392459832405}
{"step": 20, "epoch": 1, "train_loss": 4.050404907226563, "clip_fraction": 1.0, "gradient_norm_mean": 676.123515625, "gradient_norm_max": 1487.068115234375, "step_seconds": 1.978612333536148, "innovation_std_sum": 480.2677029195636, "noise_marginal_std_sum": 662.4392459832405}
{"step": 30, "epoch": 1, "train_loss": 3.585984802246094, "clip_fraction": 1.0, "gradient_norm_mean": 884.754359375, "gradient_norm_max": 3010.375, "step_seconds": 1.9942959658801556, "innovation_std_sum": 480.2677029195636, "noise_marginal_std_sum": 662.4392459832405}
{"step": 40, "epoch": 1, "train_loss": 3.1870332641601564, "clip_fraction": 1.0, "gradient_norm_mean": 972.240625, "gradient_norm_max": 2734.0, "step_seconds": 1.9724270477890968, "innovation_std_sum": 480.2677029195636, "noise_marginal_std_sum": 662.4392459832405}
{"epoch": 1, "step": 45, "train_loss": 3.9099288682725692, "clip_fraction": 0.9999777777777777, "epsilon": 2.805247463992718, "accuracy": 0.346, "validation_loss": 2.612001843261719, "validation_examples": 5000}
{"step": 50, "epoch": 2, "train_loss": 2.781036437988281, "clip_fraction": 0.996, "gradient_norm_mean": 983.014109375, "gradient_norm_max": 3567.932373046875, "step_seconds": 1.9619589447975159, "innovation_std_sum": 480.2677029195636, "noise_marginal_std_sum": 662.4392459832405}
{"step": 60, "epoch": 2, "train_loss": 2.5986415405273435, "clip_fraction": 0.994, "gradient_norm_mean": 973.03075, "gradient_norm_max": 3360.765625, "step_seconds": 1.992691244930029, "innovation_std_sum": 480.2677029195636, "noise_marginal_std_sum": 662.4392459832405}
{"step": 70, "epoch": 2, "train_loss": 2.32687109375, "clip_fraction": 0.97, "gradient_norm_mean": 944.09271875, "gradient_norm_max": 5099.4755859375, "step_seconds": 1.9827409237623215, "innovation_std_sum": 480.2677029195636, "noise_marginal_std_sum": 662.4392459832405}
{"step": 80, "epoch": 2, "train_loss": 2.3008687744140626, "clip_fraction": 0.976, "gradient_norm_mean": 987.349015625, "gradient_norm_max": 3506.037109375, "step_seconds": 1.9838287811726332, "innovation_std_sum": 480.2677029195636, "noise_marginal_std_sum": 662.4392459832405}
{"step": 90, "epoch": 2, "train_loss": 2.1222359619140625, "clip_fraction": 0.949, "gradient_norm_mean": 956.741484375, "gradient_norm_max": 4558.53466796875, "step_seconds": 1.9919042885303497, "innovation_std_sum": 480.2677029195636, "noise_marginal_std_sum": 662.4392459832405}
{"epoch": 2, "step": 90, "train_loss": 2.4473285183376734, "clip_fraction": 0.9800222222222222, "epsilon": 4.447471925552444, "accuracy": 0.5584, "validation_loss": 1.62836591796875, "validation_examples": 5000}
{"step": 100, "epoch": 3, "train_loss": 1.93359228515625, "clip_fraction": 0.927, "gradient_norm_mean": 917.4243125, "gradient_norm_max": 3762.20654296875, "step_seconds": 1.964801348745823, "innovation_std_sum": 480.2677029195636, "noise_marginal_std_sum": 662.4392459832405}
{"step": 110, "epoch": 3, "train_loss": 1.882752166748047, "clip_fraction": 0.911, "gradient_norm_mean": 925.131125, "gradient_norm_max": 5294.02734375, "step_seconds": 1.9888078030198812, "innovation_std_sum": 480.2677029195636, "noise_marginal_std_sum": 662.4392459832405}
{"step": 120, "epoch": 3, "train_loss": 1.8128458557128906, "clip_fraction": 0.894, "gradient_norm_mean": 923.568671875, "gradient_norm_max": 4462.76513671875, "step_seconds": 1.983584951609373, "innovation_std_sum": 480.2677029195636, "noise_marginal_std_sum": 662.4392459832405}
{"step": 130, "epoch": 3, "train_loss": 1.7679660949707032, "clip_fraction": 0.883, "gradient_norm_mean": 904.5296875, "gradient_norm_max": 7265.79296875, "step_seconds": 2.0004186518490314, "innovation_std_sum": 480.2677029195636, "noise_marginal_std_sum": 662.4392459832405}
{"epoch": 3, "step": 135, "train_loss": 1.8966150722927517, "clip_fraction": 0.9100222222222222, "epsilon": 5.779485746307642, "accuracy": 0.6532, "validation_loss": 1.2414514770507812, "validation_examples": 5000}
{"step": 140, "epoch": 4, "train_loss": 1.6917064514160156, "clip_fraction": 0.858, "gradient_norm_mean": 857.740203125, "gradient_norm_max": 4756.81298828125, "step_seconds": 1.9560584165155888, "innovation_std_sum": 480.2677029195636, "noise_marginal_std_sum": 662.4392459832405}
{"step": 150, "epoch": 4, "train_loss": 1.6851505737304688, "clip_fraction": 0.845, "gradient_norm_mean": 894.371375, "gradient_norm_max": 6354.73828125, "step_seconds": 1.9503234457224607, "innovation_std_sum": 480.2677029195636, "noise_marginal_std_sum": 662.4392459832405}
{"step": 160, "epoch": 4, "train_loss": 1.6747811889648438, "clip_fraction": 0.842, "gradient_norm_mean": 894.68553125, "gradient_norm_max": 4923.30712890625, "step_seconds": 1.9939108602702618, "innovation_std_sum": 480.2677029195636, "noise_marginal_std_sum": 662.4392459832405}
{"step": 170, "epoch": 4, "train_loss": 1.61930712890625, "clip_fraction": 0.831, "gradient_norm_mean": 855.695921875, "gradient_norm_max": 5627.44970703125, "step_seconds": 2.0007756259292364, "innovation_std_sum": 480.2677029195636, "noise_marginal_std_sum": 662.4392459832405}
{"step": 180, "epoch": 4, "train_loss": 1.5677979125976562, "clip_fraction": 0.811, "gradient_norm_mean": 860.266421875, "gradient_norm_max": 5005.66455078125, "step_seconds": 2.0137228406965733, "innovation_std_sum": 480.2677029195636, "noise_marginal_std_sum": 662.4392459832405}
{"epoch": 4, "step": 180, "train_loss": 1.6612530571831596, "clip_fraction": 0.8441777777777778, "epsilon": 6.943065470652319, "accuracy": 0.6948, "validation_loss": 1.060145150756836, "validation_examples": 5000}
{"step": 190, "epoch": 5, "train_loss": 1.5075711975097656, "clip_fraction": 0.825, "gradient_norm_mean": 866.072296875, "gradient_norm_max": 4284.79443359375, "step_seconds": 1.999595072120428, "innovation_std_sum": 480.2677029195636, "noise_marginal_std_sum": 662.4392459832405}
{"step": 200, "epoch": 5, "train_loss": 1.5644178161621094, "clip_fraction": 0.807, "gradient_norm_mean": 886.484328125, "gradient_norm_max": 4166.482421875, "step_seconds": 2.0204110126942396, "innovation_std_sum": 480.2677029195636, "noise_marginal_std_sum": 662.4392459832405}
{"step": 210, "epoch": 5, "train_loss": 1.5681870727539062, "clip_fraction": 0.777, "gradient_norm_mean": 871.097515625, "gradient_norm_max": 4540.73828125, "step_seconds": 2.033752268180251, "innovation_std_sum": 480.2677029195636, "noise_marginal_std_sum": 662.4392459832405}
{"step": 220, "epoch": 5, "train_loss": 1.5063360290527343, "clip_fraction": 0.789, "gradient_norm_mean": 893.254296875, "gradient_norm_max": 4325.96044921875, "step_seconds": 2.035354495048523, "innovation_std_sum": 480.2677029195636, "noise_marginal_std_sum": 662.4392459832405}
{"epoch": 5, "step": 225, "train_loss": 1.5227366685655381, "clip_fraction": 0.7916666666666666, "epsilon": 8.000000000000005, "accuracy": 0.7188, "validation_loss": 0.9562862182617188, "validation_examples": 5000}
