/home/longt29/miniconda3/envs/curve/lib/python3.11/site-packages/torchvision/datasets/cifar.py:83: VisibleDeprecationWarning: dtype(): align should be passed as Python or NumPy boolean but got `align=0`. Did you mean to pass a tuple to create a subarray type? (Deprecated NumPy 2.4)
  entry = pickle.load(f, encoding="latin1")
sys:1: UserWarning: Full backward hook is firing when gradients are computed with respect to module outputs since no inputs require gradients. See https://docs.pytorch.org/docs/main/generated/torch.nn.Module.html#torch.nn.Module.register_full_backward_hook for more details.
{"step": 10, "epoch": 1, "train_loss": 4.322186889648438, "clip_fraction": 1.0, "gradient_norm_mean": 58.355283203125, "gradient_norm_max": 126.07445526123047, "step_seconds": 2.257443906739354, "innovation_std_sum": 72.22798151648107, "noise_marginal_std_sum": 84.4992665429476}
{"step": 20, "epoch": 1, "train_loss": 3.5927439575195312, "clip_fraction": 0.999, "gradient_norm_mean": 104.214833984375, "gradient_norm_max": 225.71795654296875, "step_seconds": 2.3768945690244436, "innovation_std_sum": 72.22798151648107, "noise_marginal_std_sum": 84.4992665429476}
{"step": 30, "epoch": 1, "train_loss": 3.050235107421875, "clip_fraction": 0.985, "gradient_norm_mean": 118.33221484375, "gradient_norm_max": 371.5889892578125, "step_seconds": 2.380124693736434, "innovation_std_sum": 72.22798151648107, "noise_marginal_std_sum": 84.4992665429476}
{"step": 40, "epoch": 1, "train_loss": 2.7737516479492186, "clip_fraction": 0.975, "gradient_norm_mean": 125.10562109375, "gradient_norm_max": 390.06689453125, "step_seconds": 2.425232768058777, "innovation_std_sum": 72.22798151648107, "noise_marginal_std_sum": 84.4992665429476}
{"epoch": 1, "step": 45, "train_loss": 3.565569802517361, "clip_fraction": 0.9907111111111111, "epsilon": 3.0297011451528837, "accuracy": 0.4234, "validation_loss": 2.1400127868652343, "validation_examples": 5000}
{"step": 50, "epoch": 2, "train_loss": 2.412030456542969, "clip_fraction": 0.941, "gradient_norm_mean": 118.717150390625, "gradient_norm_max": 426.0416564941406, "step_seconds": 2.290365017950535, "innovation_std_sum": 72.22798151648107, "noise_marginal_std_sum": 84.4992665429476}
{"step": 60, "epoch": 2, "train_loss": 2.3780587158203126, "clip_fraction": 0.915, "gradient_norm_mean": 124.007697265625, "gradient_norm_max": 446.4800720214844, "step_seconds": 2.3962782453745604, "innovation_std_sum": 72.22798151648107, "noise_marginal_std_sum": 84.4992665429476}
{"step": 70, "epoch": 2, "train_loss": 2.1084127197265623, "clip_fraction": 0.875, "gradient_norm_mean": 118.608064453125, "gradient_norm_max": 476.5757751464844, "step_seconds": 2.442963259294629, "innovation_std_sum": 72.22798151648107, "noise_marginal_std_sum": 84.4992665429476}
{"step": 80, "epoch": 2, "train_loss": 2.139940979003906, "clip_fraction": 0.89, "gradient_norm_mean": 129.100501953125, "gradient_norm_max": 801.5480346679688, "step_seconds": 2.3839136976748705, "innovation_std_sum": 72.22798151648107, "noise_marginal_std_sum": 84.4992665429476}
{"step": 90, "epoch": 2, "train_loss": 1.967329345703125, "clip_fraction": 0.849, "gradient_norm_mean": 126.714185546875, "gradient_norm_max": 509.2783508300781, "step_seconds": 2.4337048269808292, "innovation_std_sum": 72.22798151648107, "noise_marginal_std_sum": 84.4992665429476}
{"epoch": 2, "step": 90, "train_loss": 2.2149886271158854, "clip_fraction": 0.8981555555555556, "epsilon": 4.5953206372907065, "accuracy": 0.5874, "validation_loss": 1.4579403930664063, "validation_examples": 5000}
{"step": 100, "epoch": 3, "train_loss": 1.8257859191894532, "clip_fraction": 0.833, "gradient_norm_mean": 121.046748046875, "gradient_norm_max": 459.1896667480469, "step_seconds": 2.3695616647601128, "innovation_std_sum": 72.22798151648107, "noise_marginal_std_sum": 84.4992665429476}
{"step": 110, "epoch": 3, "train_loss": 1.8048449096679688, "clip_fraction": 0.81, "gradient_norm_mean": 123.10191015625, "gradient_norm_max": 575.760986328125, "step_seconds": 2.432371750473976, "innovation_std_sum": 72.22798151648107, "noise_marginal_std_sum": 84.4992665429476}
{"step": 120, "epoch": 3, "train_loss": 1.7475940246582031, "clip_fraction": 0.784, "gradient_norm_mean": 121.81866015625, "gradient_norm_max": 468.2804870605469, "step_seconds": 2.469225062057376, "innovation_std_sum": 72.22798151648107, "noise_marginal_std_sum": 84.4992665429476}
{"step": 130, "epoch": 3, "train_loss": 1.7374096069335938, "clip_fraction": 0.78, "gradient_norm_mean": 123.082703125, "gradient_norm_max": 515.8575439453125, "step_seconds": 2.461940186098218, "innovation_std_sum": 72.22798151648107, "noise_marginal_std_sum": 84.4992665429476}
{"epoch": 3, "step": 135, "train_loss": 1.834563025580512, "clip_fraction": 0.8038, "epsilon": 5.865340104265841, "accuracy": 0.6532, "validation_loss": 1.2118638244628905, "validation_examples": 5000}
{"step": 140, "epoch": 4, "train_loss": 1.7391785583496093, "clip_fraction": 0.752, "gradient_norm_mean": 118.525189453125, "gradient_norm_max": 535.281982421875, "step_seconds": 2.260109668597579, "innovation_std_sum": 72.22798151648107, "noise_marginal_std_sum": 84.4992665429476}
{"step": 150, "epoch": 4, "train_loss": 1.7334732360839844, "clip_fraction": 0.742, "gradient_norm_mean": 119.92717578125, "gradient_norm_max": 578.7711181640625, "step_seconds": 2.3745978623628616, "innovation_std_sum": 72.22798151648107, "noise_marginal_std_sum": 84.4992665429476}
{"step": 160, "epoch": 4, "train_loss": 1.6713111877441407, "clip_fraction": 0.742, "gradient_norm_mean": 120.923453125, "gradient_norm_max": 566.7257080078125, "step_seconds": 2.4323554653674364, "innovation_std_sum": 72.22798151648107, "noise_marginal_std_sum": 84.4992665429476}
{"step": 170, "epoch": 4, "train_loss": 1.6883251037597655, "clip_fraction": 0.734, "gradient_norm_mean": 116.92100390625, "gradient_norm_max": 550.8118896484375, "step_seconds": 2.4501824602484703, "innovation_std_sum": 72.22798151648107, "noise_marginal_std_sum": 84.4992665429476}
{"step": 180, "epoch": 4, "train_loss": 1.6437352905273437, "clip_fraction": 0.718, "gradient_norm_mean": 123.526171875, "gradient_norm_max": 598.5274047851562, "step_seconds": 2.4346218556165695, "innovation_std_sum": 72.22798151648107, "noise_marginal_std_sum": 84.4992665429476}
{"epoch": 4, "step": 180, "train_loss": 1.6833523342556425, "clip_fraction": 0.7468, "epsilon": 6.981705044814983, "accuracy": 0.6792, "validation_loss": 1.1111788024902345, "validation_examples": 5000}
{"step": 190, "epoch": 5, "train_loss": 1.5898774719238282, "clip_fraction": 0.727, "gradient_norm_mean": 120.080859375, "gradient_norm_max": 780.1807250976562, "step_seconds": 2.3651269879192114, "innovation_std_sum": 72.22798151648107, "noise_marginal_std_sum": 84.4992665429476}
{"step": 200, "epoch": 5, "train_loss": 1.6707510070800782, "clip_fraction": 0.743, "gradient_norm_mean": 124.856431640625, "gradient_norm_max": 641.9967651367188, "step_seconds": 2.453597791492939, "innovation_std_sum": 72.22798151648107, "noise_marginal_std_sum": 84.4992665429476}
{"step": 210, "epoch": 5, "train_loss": 1.6264668579101562, "clip_fraction": 0.705, "gradient_norm_mean": 115.61981640625, "gradient_norm_max": 497.3662109375, "step_seconds": 2.470835605636239, "innovation_std_sum": 72.22798151648107, "noise_marginal_std_sum": 84.4992665429476}
{"step": 220, "epoch": 5, "train_loss": 1.5736636047363282, "clip_fraction": 0.732, "gradient_norm_mean": 128.14437890625, "gradient_norm_max": 633.6131591796875, "step_seconds": 2.4460296779870987, "innovation_std_sum": 72.22798151648107, "noise_marginal_std_sum": 84.4992665429476}
{"epoch": 5, "step": 225, "train_loss": 1.6007368252224392, "clip_fraction": 0.7131777777777778, "epsilon": 8.000000000000005, "accuracy": 0.6898, "validation_loss": 1.0713265716552733, "validation_examples": 5000}
