/home/longt29/miniconda3/envs/curve/lib/python3.11/site-packages/torchvision/datasets/cifar.py:83: VisibleDeprecationWarning: dtype(): align should be passed as Python or NumPy boolean but got `align=0`. Did you mean to pass a tuple to create a subarray type? (Deprecated NumPy 2.4)
  entry = pickle.load(f, encoding="latin1")
sys:1: UserWarning: Full backward hook is firing when gradients are computed with respect to module outputs since no inputs require gradients. See https://docs.pytorch.org/docs/main/generated/torch.nn.Module.html#torch.nn.Module.register_full_backward_hook for more details.
{"step": 10, "epoch": 1, "train_loss": 4.629213256835937, "clip_fraction": 0.418, "gradient_norm_mean": 199.23621484375, "gradient_norm_max": 420.75140380859375, "step_seconds": 1.94938350841403, "innovation_std_sum": 1621.2120143462942, "noise_marginal_std_sum": 1895.3995809156697}
{"step": 20, "epoch": 1, "train_loss": 4.50207275390625, "clip_fraction": 0.0, "gradient_norm_mean": 94.455408203125, "gradient_norm_max": 183.71803283691406, "step_seconds": 1.9452450405806303, "innovation_std_sum": 1621.2120143462942, "noise_marginal_std_sum": 1895.3995809156697}
{"step": 30, "epoch": 1, "train_loss": 4.416838623046875, "clip_fraction": 0.0, "gradient_norm_mean": 60.1973955078125, "gradient_norm_max": 139.86495971679688, "step_seconds": 1.9490324705839157, "innovation_std_sum": 1621.2120143462942, "noise_marginal_std_sum": 1895.3995809156697}
{"step": 40, "epoch": 1, "train_loss": 4.375597900390625, "clip_fraction": 0.0, "gradient_norm_mean": 44.45802734375, "gradient_norm_max": 84.22198486328125, "step_seconds": 1.94778598472476, "innovation_std_sum": 1621.2120143462942, "noise_marginal_std_sum": 1895.3995809156697}
{"step": 50, "epoch": 1, "train_loss": 4.349947631835938, "clip_fraction": 0.0, "gradient_norm_mean": 34.77528125, "gradient_norm_max": 73.08485412597656, "step_seconds": 1.9443471897393465, "innovation_std_sum": 1621.2120143462942, "noise_marginal_std_sum": 1895.3995809156697}
{"epoch": 1, "step": 50, "train_loss": 4.507954267578125, "clip_fraction": 0.18862, "epsilon": 0.8008547237216841, "accuracy": 0.0689, "validation_loss": 4.275901733398437, "validation_examples": 10000}
{"step": 60, "epoch": 2, "train_loss": 4.2794866943359375, "clip_fraction": 0.0, "gradient_norm_mean": 29.319765625, "gradient_norm_max": 58.16001510620117, "step_seconds": 1.9400503281503916, "innovation_std_sum": 1621.2120143462942, "noise_marginal_std_sum": 1895.3995809156697}
{"step": 70, "epoch": 2, "train_loss": 4.251207153320313, "clip_fraction": 0.0, "gradient_norm_mean": 24.2705263671875, "gradient_norm_max": 52.625244140625, "step_seconds": 1.964618630707264, "innovation_std_sum": 1621.2120143462942, "noise_marginal_std_sum": 1895.3995809156697}
{"step": 80, "epoch": 2, "train_loss": 4.247492431640625, "clip_fraction": 0.0, "gradient_norm_mean": 21.03909130859375, "gradient_norm_max": 49.90072250366211, "step_seconds": 1.95951983705163, "innovation_std_sum": 1621.2120143462942, "noise_marginal_std_sum": 1895.3995809156697}
{"step": 90, "epoch": 2, "train_loss": 4.233149536132813, "clip_fraction": 0.0, "gradient_norm_mean": 18.7909765625, "gradient_norm_max": 37.142642974853516, "step_seconds": 1.9846947807818651, "innovation_std_sum": 1621.2120143462942, "noise_marginal_std_sum": 1895.3995809156697}
{"step": 100, "epoch": 2, "train_loss": 4.218720092773437, "clip_fraction": 0.0, "gradient_norm_mean": 17.20981884765625, "gradient_norm_max": 41.11478042602539, "step_seconds": 1.9494202956557274, "innovation_std_sum": 1621.2120143462942, "noise_marginal_std_sum": 1895.3995809156697}
{"epoch": 2, "step": 100, "train_loss": 4.258623505859375, "clip_fraction": 0.0, "epsilon": 1.1910734793922866, "accuracy": 0.0895, "validation_loss": 4.138905114746094, "validation_examples": 10000}
{"step": 110, "epoch": 3, "train_loss": 4.1974462890625, "clip_fraction": 0.0, "gradient_norm_mean": 15.490903564453125, "gradient_norm_max": 32.31990051269531, "step_seconds": 1.9380616564303637, "innovation_std_sum": 1621.2120143462942, "noise_marginal_std_sum": 1895.3995809156697}
{"step": 120, "epoch": 3, "train_loss": 4.169711669921875, "clip_fraction": 0.0, "gradient_norm_mean": 13.97846240234375, "gradient_norm_max": 26.520389556884766, "step_seconds": 1.95655788294971, "innovation_std_sum": 1621.2120143462942, "noise_marginal_std_sum": 1895.3995809156697}
{"step": 130, "epoch": 3, "train_loss": 4.174231201171875, "clip_fraction": 0.0, "gradient_norm_mean": 12.469741943359375, "gradient_norm_max": 25.891929626464844, "step_seconds": 1.9593866411596537, "innovation_std_sum": 1621.2120143462942, "noise_marginal_std_sum": 1895.3995809156697}
{"step": 140, "epoch": 3, "train_loss": 4.2177431640625, "clip_fraction": 0.0, "gradient_norm_mean": 11.1195673828125, "gradient_norm_max": 26.88527488708496, "step_seconds": 1.9416488539427519, "innovation_std_sum": 1621.2120143462942, "noise_marginal_std_sum": 1895.3995809156697}
{"step": 150, "epoch": 3, "train_loss": 4.17543701171875, "clip_fraction": 0.0, "gradient_norm_mean": 10.310732666015625, "gradient_norm_max": 22.638439178466797, "step_seconds": 1.9502274990081787, "innovation_std_sum": 1621.2120143462942, "noise_marginal_std_sum": 1895.3995809156697}
{"epoch": 3, "step": 150, "train_loss": 4.199286623535157, "clip_fraction": 0.0, "epsilon": 1.4986014977607753, "accuracy": 0.0909, "validation_loss": 4.091571533203125, "validation_examples": 10000}
{"step": 160, "epoch": 4, "train_loss": 4.155523315429687, "clip_fraction": 0.0, "gradient_norm_mean": 9.600876220703125, "gradient_norm_max": 21.199665069580078, "step_seconds": 1.9323495011776686, "innovation_std_sum": 1621.2120143462942, "noise_marginal_std_sum": 1895.3995809156697}
{"step": 170, "epoch": 4, "train_loss": 4.151596557617188, "clip_fraction": 0.0, "gradient_norm_mean": 9.03207421875, "gradient_norm_max": 19.171062469482422, "step_seconds": 1.935048846527934, "innovation_std_sum": 1621.2120143462942, "noise_marginal_std_sum": 1895.3995809156697}
{"step": 180, "epoch": 4, "train_loss": 4.186603515625, "clip_fraction": 0.0, "gradient_norm_mean": 8.4241337890625, "gradient_norm_max": 21.894207000732422, "step_seconds": 1.9817581940442324, "innovation_std_sum": 1621.2120143462942, "noise_marginal_std_sum": 1895.3995809156697}
{"step": 190, "epoch": 4, "train_loss": 4.173660400390625, "clip_fraction": 0.0, "gradient_norm_mean": 7.803751586914062, "gradient_norm_max": 21.530914306640625, "step_seconds": 1.9515052568167448, "innovation_std_sum": 1621.2120143462942, "noise_marginal_std_sum": 1895.3995809156697}
{"step": 200, "epoch": 4, "train_loss": 4.203104736328125, "clip_fraction": 0.0, "gradient_norm_mean": 7.424214965820313, "gradient_norm_max": 18.352752685546875, "step_seconds": 1.9515826869755983, "innovation_std_sum": 1621.2120143462942, "noise_marginal_std_sum": 1895.3995809156697}
{"epoch": 4, "step": 200, "train_loss": 4.174912312011719, "clip_fraction": 0.0, "epsilon": 1.7630770145036387, "accuracy": 0.0981, "validation_loss": 4.077386688232422, "validation_examples": 10000}
{"step": 210, "epoch": 5, "train_loss": 4.12411083984375, "clip_fraction": 0.0, "gradient_norm_mean": 6.944899047851562, "gradient_norm_max": 14.329214096069336, "step_seconds": 1.9630190338939428, "innovation_std_sum": 1621.2120143462942, "noise_marginal_std_sum": 1895.3995809156697}
{"step": 220, "epoch": 5, "train_loss": 4.1168714599609375, "clip_fraction": 0.0, "gradient_norm_mean": 6.724396850585937, "gradient_norm_max": 17.064868927001953, "step_seconds": 1.9458070751279593, "innovation_std_sum": 1621.2120143462942, "noise_marginal_std_sum": 1895.3995809156697}
{"step": 230, "epoch": 5, "train_loss": 4.2062783203125, "clip_fraction": 0.0, "gradient_norm_mean": 6.212930419921875, "gradient_norm_max": 14.155261993408203, "step_seconds": 1.9515636060386896, "innovation_std_sum": 1621.2120143462942, "noise_marginal_std_sum": 1895.3995809156697}
{"step": 240, "epoch": 5, "train_loss": 4.2035672607421875, "clip_fraction": 0.0, "gradient_norm_mean": 5.942500122070313, "gradient_norm_max": 16.460853576660156, "step_seconds": 1.9538156036287546, "innovation_std_sum": 1621.2120143462942, "noise_marginal_std_sum": 1895.3995809156697}
{"step": 250, "epoch": 5, "train_loss": 4.169063720703125, "clip_fraction": 0.0, "gradient_norm_mean": 5.62195068359375, "gradient_norm_max": 12.093493461608887, "step_seconds": 1.9506821408867836, "innovation_std_sum": 1621.2120143462942, "noise_marginal_std_sum": 1895.3995809156697}
{"epoch": 5, "step": 250, "train_loss": 4.177382178955078, "clip_fraction": 0.0, "epsilon": 2.0000000000008775, "accuracy": 0.0986, "validation_loss": 4.077563012695313, "validation_examples": 10000}
