Loading weights:   0%|          | 0/39 [00:00<?, ?it/s]Loading weights: 100%|██████████| 39/39 [00:00<00:00, 24237.35it/s]
[transformers] [1mBertModel LOAD REPORT[0m from: /media/data/data/lt/dp-adam-correlated/cache/bert-tiny
Key                                        | Status     |  | 
-------------------------------------------+------------+--+-
cls.predictions.transform.LayerNorm.weight | UNEXPECTED |  | 
cls.predictions.transform.dense.weight     | UNEXPECTED |  | 
cls.predictions.decoder.weight             | UNEXPECTED |  | 
cls.seq_relationship.weight                | UNEXPECTED |  | 
cls.predictions.bias                       | UNEXPECTED |  | 
cls.predictions.decoder.bias               | UNEXPECTED |  | 
cls.seq_relationship.bias                  | UNEXPECTED |  | 
cls.predictions.transform.LayerNorm.bias   | UNEXPECTED |  | 
cls.predictions.transform.dense.bias       | UNEXPECTED |  | 

Notes:
- UNEXPECTED:	can be ignored when loading from different task/architecture; not ok if you expect identical arch.
sys:1: UserWarning: Full backward hook is firing when gradients are computed with respect to module outputs since no inputs require gradients. See https://docs.pytorch.org/docs/main/generated/torch.nn.Module.html#torch.nn.Module.register_full_backward_hook for more details.
{"step": 10, "epoch": 1, "train_loss": 0.67747021484375, "clip_fraction": 0.063, "gradient_norm_mean": 162.6535625, "gradient_norm_max": 507.6715393066406, "step_seconds": 0.26527179777622223, "innovation_std_sum": 753.4116773828302, "noise_marginal_std_sum": 879.9486554334685}
{"step": 20, "epoch": 1, "train_loss": 0.6338597412109375, "clip_fraction": 0.24, "gradient_norm_mean": 242.6296875, "gradient_norm_max": 601.6259765625, "step_seconds": 0.27003290317952633, "innovation_std_sum": 753.4116773828302, "noise_marginal_std_sum": 879.9486554334685}
{"step": 30, "epoch": 1, "train_loss": 0.59577587890625, "clip_fraction": 0.609, "gradient_norm_mean": 511.57765625, "gradient_norm_max": 1950.6627197265625, "step_seconds": 0.27032883279025555, "innovation_std_sum": 753.4116773828302, "noise_marginal_std_sum": 879.9486554334685}
{"step": 40, "epoch": 1, "train_loss": 0.5964240112304687, "clip_fraction": 0.457, "gradient_norm_mean": 675.03675, "gradient_norm_max": 4907.021484375, "step_seconds": 0.2706923894584179, "innovation_std_sum": 753.4116773828302, "noise_marginal_std_sum": 879.9486554334685}
{"step": 50, "epoch": 1, "train_loss": 0.58182763671875, "clip_fraction": 0.433, "gradient_norm_mean": 724.0375, "gradient_norm_max": 6726.234375, "step_seconds": 0.2686707880347967, "innovation_std_sum": 753.4116773828302, "noise_marginal_std_sum": 879.9486554334685}
{"step": 60, "epoch": 1, "train_loss": 0.5601104736328125, "clip_fraction": 0.39, "gradient_norm_mean": 611.14075, "gradient_norm_max": 5716.54052734375, "step_seconds": 0.27162478119134903, "innovation_std_sum": 753.4116773828302, "noise_marginal_std_sum": 879.9486554334685}
{"epoch": 1, "step": 62, "train_loss": 0.6265455528997605, "clip_fraction": 0.379, "epsilon": 3.0540894402664507, "accuracy": 0.7775285100018695, "validation_loss": 0.5374086593596551, "validation_examples": 5349}
{"step": 70, "epoch": 2, "train_loss": 0.5176553955078125, "clip_fraction": 0.369, "gradient_norm_mean": 550.668875, "gradient_norm_max": 5630.5078125, "step_seconds": 0.1554210912436247, "innovation_std_sum": 753.4116773828302, "noise_marginal_std_sum": 879.9486554334685}
{"step": 80, "epoch": 2, "train_loss": 0.518031005859375, "clip_fraction": 0.365, "gradient_norm_mean": 512.9344375, "gradient_norm_max": 4866.701171875, "step_seconds": 0.27169580198824406, "innovation_std_sum": 753.4116773828302, "noise_marginal_std_sum": 879.9486554334685}
{"step": 90, "epoch": 2, "train_loss": 0.5014322814941407, "clip_fraction": 0.351, "gradient_norm_mean": 483.694, "gradient_norm_max": 4353.3447265625, "step_seconds": 0.27120059356093407, "innovation_std_sum": 753.4116773828302, "noise_marginal_std_sum": 879.9486554334685}
{"step": 100, "epoch": 2, "train_loss": 0.48712213134765625, "clip_fraction": 0.323, "gradient_norm_mean": 444.754375, "gradient_norm_max": 6459.5673828125, "step_seconds": 0.2727434877306223, "innovation_std_sum": 753.4116773828302, "noise_marginal_std_sum": 879.9486554334685}
{"step": 110, "epoch": 2, "train_loss": 0.5043628234863281, "clip_fraction": 0.342, "gradient_norm_mean": 513.2348125, "gradient_norm_max": 6265.68994140625, "step_seconds": 0.2713315337896347, "innovation_std_sum": 753.4116773828302, "noise_marginal_std_sum": 879.9486554334685}
{"step": 120, "epoch": 2, "train_loss": 0.5049413757324219, "clip_fraction": 0.32, "gradient_norm_mean": 437.4476875, "gradient_norm_max": 4844.12646484375, "step_seconds": 0.18507499247789383, "innovation_std_sum": 753.4116773828302, "noise_marginal_std_sum": 879.9486554334685}
{"epoch": 2, "step": 124, "train_loss": 0.5034868533226752, "clip_fraction": 0.33988709677419354, "epsilon": 4.610238743691145, "accuracy": 0.8182837913628715, "validation_loss": 0.4504224952302663, "validation_examples": 5349}
{"step": 130, "epoch": 3, "train_loss": 0.44282086181640623, "clip_fraction": 0.285, "gradient_norm_mean": 421.68375, "gradient_norm_max": 6240.02978515625, "step_seconds": 0.2711334265768528, "innovation_std_sum": 753.4116773828302, "noise_marginal_std_sum": 879.9486554334685}
{"step": 140, "epoch": 3, "train_loss": 0.5035415649414062, "clip_fraction": 0.293, "gradient_norm_mean": 460.18825, "gradient_norm_max": 5689.93896484375, "step_seconds": 0.27152102813124657, "innovation_std_sum": 753.4116773828302, "noise_marginal_std_sum": 879.9486554334685}
{"step": 150, "epoch": 3, "train_loss": 0.5024268798828125, "clip_fraction": 0.274, "gradient_norm_mean": 402.94875, "gradient_norm_max": 6279.79638671875, "step_seconds": 0.2710628770291805, "innovation_std_sum": 753.4116773828302, "noise_marginal_std_sum": 879.9486554334685}
{"step": 160, "epoch": 3, "train_loss": 0.3914526672363281, "clip_fraction": 0.265, "gradient_norm_mean": 442.0704375, "gradient_norm_max": 6119.99365234375, "step_seconds": 0.27106682397425175, "innovation_std_sum": 753.4116773828302, "noise_marginal_std_sum": 879.9486554334685}
{"step": 170, "epoch": 3, "train_loss": 0.4175103149414062, "clip_fraction": 0.257, "gradient_norm_mean": 381.64784375, "gradient_norm_max": 7330.3154296875, "step_seconds": 0.27147710509598255, "innovation_std_sum": 753.4116773828302, "noise_marginal_std_sum": 879.9486554334685}
{"step": 180, "epoch": 3, "train_loss": 0.421265380859375, "clip_fraction": 0.247, "gradient_norm_mean": 337.98890625, "gradient_norm_max": 5667.40087890625, "step_seconds": 0.2712659891694784, "innovation_std_sum": 753.4116773828302, "noise_marginal_std_sum": 879.9486554334685}
{"epoch": 3, "step": 186, "train_loss": 0.44693726718041205, "clip_fraction": 0.27179032258064517, "epsilon": 5.873890881586911, "accuracy": 0.8283791362871564, "validation_loss": 0.42694244448950097, "validation_examples": 5349}
{"step": 190, "epoch": 4, "train_loss": 0.4243836975097656, "clip_fraction": 0.247, "gradient_norm_mean": 369.5281875, "gradient_norm_max": 4766.3564453125, "step_seconds": 0.26138094440102577, "innovation_std_sum": 753.4116773828302, "noise_marginal_std_sum": 879.9486554334685}
{"step": 200, "epoch": 4, "train_loss": 0.46371441650390627, "clip_fraction": 0.275, "gradient_norm_mean": 430.251875, "gradient_norm_max": 6227.02001953125, "step_seconds": 0.27152276039123535, "innovation_std_sum": 753.4116773828302, "noise_marginal_std_sum": 879.9486554334685}
{"step": 210, "epoch": 4, "train_loss": 0.426178955078125, "clip_fraction": 0.248, "gradient_norm_mean": 369.50196875, "gradient_norm_max": 5827.28271484375, "step_seconds": 0.2712882570922375, "innovation_std_sum": 753.4116773828302, "noise_marginal_std_sum": 879.9486554334685}
{"step": 220, "epoch": 4, "train_loss": 0.39507904052734377, "clip_fraction": 0.223, "gradient_norm_mean": 346.12228125, "gradient_norm_max": 5967.22412109375, "step_seconds": 0.27091792970895767, "innovation_std_sum": 753.4116773828302, "noise_marginal_std_sum": 879.9486554334685}
{"step": 230, "epoch": 4, "train_loss": 0.44195822143554686, "clip_fraction": 0.245, "gradient_norm_mean": 387.57140625, "gradient_norm_max": 5500.1630859375, "step_seconds": 0.2716528866440058, "innovation_std_sum": 753.4116773828302, "noise_marginal_std_sum": 879.9486554334685}
{"step": 240, "epoch": 4, "train_loss": 0.40715377807617187, "clip_fraction": 0.238, "gradient_norm_mean": 406.706375, "gradient_norm_max": 7383.4033203125, "step_seconds": 0.27190265245735645, "innovation_std_sum": 753.4116773828302, "noise_marginal_std_sum": 879.9486554334685}
{"epoch": 4, "step": 248, "train_loss": 0.42056932117092993, "clip_fraction": 0.2420483870967742, "epsilon": 6.985551657770655, "accuracy": 0.8356702187324734, "validation_loss": 0.40981190528662814, "validation_examples": 5349}
{"step": 250, "epoch": 5, "train_loss": 0.4279169921875, "clip_fraction": 0.23, "gradient_norm_mean": 367.51425, "gradient_norm_max": 7068.30029296875, "step_seconds": 0.1339464783668518, "innovation_std_sum": 753.4116773828302, "noise_marginal_std_sum": 879.9486554334685}
{"step": 260, "epoch": 5, "train_loss": 0.3888939514160156, "clip_fraction": 0.227, "gradient_norm_mean": 355.50884375, "gradient_norm_max": 8293.6083984375, "step_seconds": 0.2708629071712494, "innovation_std_sum": 753.4116773828302, "noise_marginal_std_sum": 879.9486554334685}
{"step": 270, "epoch": 5, "train_loss": 0.402707763671875, "clip_fraction": 0.23, "gradient_norm_mean": 383.35075, "gradient_norm_max": 7294.94384765625, "step_seconds": 0.27306229807436466, "innovation_std_sum": 753.4116773828302, "noise_marginal_std_sum": 879.9486554334685}
{"step": 280, "epoch": 5, "train_loss": 0.3961554260253906, "clip_fraction": 0.234, "gradient_norm_mean": 386.0975625, "gradient_norm_max": 5852.4755859375, "step_seconds": 0.2717113923281431, "innovation_std_sum": 753.4116773828302, "noise_marginal_std_sum": 879.9486554334685}
{"step": 290, "epoch": 5, "train_loss": 0.4578524169921875, "clip_fraction": 0.248, "gradient_norm_mean": 401.58978125, "gradient_norm_max": 7009.8974609375, "step_seconds": 0.2725638058036566, "innovation_std_sum": 753.4116773828302, "noise_marginal_std_sum": 879.9486554334685}
{"step": 300, "epoch": 5, "train_loss": 0.419052978515625, "clip_fraction": 0.22, "gradient_norm_mean": 300.239375, "gradient_norm_max": 5485.77392578125, "step_seconds": 0.27151303365826607, "innovation_std_sum": 753.4116773828302, "noise_marginal_std_sum": 879.9486554334685}
{"step": 310, "epoch": 5, "train_loss": 0.42041497802734373, "clip_fraction": 0.228, "gradient_norm_mean": 371.97440625, "gradient_norm_max": 6238.69970703125, "step_seconds": 0.13425633125007153, "innovation_std_sum": 753.4116773828302, "noise_marginal_std_sum": 879.9486554334685}
{"epoch": 5, "step": 310, "train_loss": 0.4063831280123803, "clip_fraction": 0.22874193548387098, "epsilon": 8.000000000000005, "accuracy": 0.8450177603290334, "validation_loss": 0.40441485141277045, "validation_examples": 5349}
