Loading weights:   0%|          | 0/39 [00:00<?, ?it/s]Loading weights: 100%|██████████| 39/39 [00:00<00:00, 19806.01it/s]
[transformers] [1mBertModel LOAD REPORT[0m from: /media/data/data/lt/dp-adam-correlated/cache/bert-tiny
Key                                        | Status     |  | 
-------------------------------------------+------------+--+-
cls.predictions.transform.dense.bias       | UNEXPECTED |  | 
cls.predictions.bias                       | UNEXPECTED |  | 
cls.predictions.transform.dense.weight     | UNEXPECTED |  | 
cls.predictions.transform.LayerNorm.bias   | UNEXPECTED |  | 
cls.predictions.transform.LayerNorm.weight | UNEXPECTED |  | 
cls.seq_relationship.bias                  | UNEXPECTED |  | 
cls.predictions.decoder.weight             | UNEXPECTED |  | 
cls.seq_relationship.weight                | UNEXPECTED |  | 
cls.predictions.decoder.bias               | UNEXPECTED |  | 

Notes:
- UNEXPECTED:	can be ignored when loading from different task/architecture; not ok if you expect identical arch.
sys:1: UserWarning: Full backward hook is firing when gradients are computed with respect to module outputs since no inputs require gradients. See https://docs.pytorch.org/docs/main/generated/torch.nn.Module.html#torch.nn.Module.register_full_backward_hook for more details.
{"step": 10, "epoch": 1, "train_loss": 0.675607177734375, "clip_fraction": 0.0, "gradient_norm_mean": 57.008890625, "gradient_norm_max": 97.26528930664062, "step_seconds": 0.2717338465154171, "innovation_std_sum": 170.95481450824957, "noise_marginal_std_sum": 192.6207342177903}
{"step": 20, "epoch": 1, "train_loss": 0.6153355102539062, "clip_fraction": 0.229, "gradient_norm_mean": 77.4435625, "gradient_norm_max": 154.85313415527344, "step_seconds": 0.2726058419793844, "innovation_std_sum": 170.95481450824957, "noise_marginal_std_sum": 192.6207342177903}
{"step": 30, "epoch": 1, "train_loss": 0.5840179443359375, "clip_fraction": 0.551, "gradient_norm_mean": 139.157125, "gradient_norm_max": 481.9720764160156, "step_seconds": 0.27290582098066807, "innovation_std_sum": 170.95481450824957, "noise_marginal_std_sum": 192.6207342177903}
{"step": 40, "epoch": 1, "train_loss": 0.634130126953125, "clip_fraction": 0.513, "gradient_norm_mean": 229.81846875, "gradient_norm_max": 1050.4974365234375, "step_seconds": 0.27413802593946457, "innovation_std_sum": 170.95481450824957, "noise_marginal_std_sum": 192.6207342177903}
{"step": 50, "epoch": 1, "train_loss": 0.6126686401367187, "clip_fraction": 0.429, "gradient_norm_mean": 253.517171875, "gradient_norm_max": 1465.9825439453125, "step_seconds": 0.27300549298524857, "innovation_std_sum": 170.95481450824957, "noise_marginal_std_sum": 192.6207342177903}
{"step": 60, "epoch": 1, "train_loss": 0.6108510131835938, "clip_fraction": 0.423, "gradient_norm_mean": 250.0931875, "gradient_norm_max": 1512.464599609375, "step_seconds": 0.2751230541616678, "innovation_std_sum": 170.95481450824957, "noise_marginal_std_sum": 192.6207342177903}
{"epoch": 1, "step": 62, "train_loss": 0.6201341764388546, "clip_fraction": 0.32079032258064516, "epsilon": 3.1232923300753557, "accuracy": 0.7793980183211815, "validation_loss": 0.5952982307929016, "validation_examples": 5349}
{"step": 70, "epoch": 2, "train_loss": 0.5364682006835938, "clip_fraction": 0.394, "gradient_norm_mean": 220.192578125, "gradient_norm_max": 1365.478271484375, "step_seconds": 0.27331758476793766, "innovation_std_sum": 170.95481450824957, "noise_marginal_std_sum": 192.6207342177903}
{"step": 80, "epoch": 2, "train_loss": 0.54690966796875, "clip_fraction": 0.39, "gradient_norm_mean": 217.78746875, "gradient_norm_max": 1641.8292236328125, "step_seconds": 0.2758731711655855, "innovation_std_sum": 170.95481450824957, "noise_marginal_std_sum": 192.6207342177903}
{"step": 90, "epoch": 2, "train_loss": 0.538546142578125, "clip_fraction": 0.338, "gradient_norm_mean": 192.84859375, "gradient_norm_max": 1637.4405517578125, "step_seconds": 0.2760883253067732, "innovation_std_sum": 170.95481450824957, "noise_marginal_std_sum": 192.6207342177903}
{"step": 100, "epoch": 2, "train_loss": 0.5446566162109375, "clip_fraction": 0.346, "gradient_norm_mean": 202.51765625, "gradient_norm_max": 1856.314697265625, "step_seconds": 0.27630819007754326, "innovation_std_sum": 170.95481450824957, "noise_marginal_std_sum": 192.6207342177903}
{"step": 110, "epoch": 2, "train_loss": 0.46399835205078127, "clip_fraction": 0.319, "gradient_norm_mean": 182.20584375, "gradient_norm_max": 2092.70751953125, "step_seconds": 0.2746759504079819, "innovation_std_sum": 170.95481450824957, "noise_marginal_std_sum": 192.6207342177903}
{"step": 120, "epoch": 2, "train_loss": 0.4369891357421875, "clip_fraction": 0.314, "gradient_norm_mean": 170.14421875, "gradient_norm_max": 1934.6785888671875, "step_seconds": 0.27303840033710003, "innovation_std_sum": 170.95481450824957, "noise_marginal_std_sum": 192.6207342177903}
{"epoch": 2, "step": 124, "train_loss": 0.5212178369337512, "clip_fraction": 0.36256451612903223, "epsilon": 4.65092091490115, "accuracy": 0.8051972331276874, "validation_loss": 0.5256916794248286, "validation_examples": 5349}
{"step": 130, "epoch": 3, "train_loss": 0.5359886474609376, "clip_fraction": 0.333, "gradient_norm_mean": 195.8194375, "gradient_norm_max": 1630.4268798828125, "step_seconds": 0.2736015263944864, "innovation_std_sum": 170.95481450824957, "noise_marginal_std_sum": 192.6207342177903}
{"step": 140, "epoch": 3, "train_loss": 0.4649700317382813, "clip_fraction": 0.314, "gradient_norm_mean": 196.72121875, "gradient_norm_max": 2040.715576171875, "step_seconds": 0.27326058596372604, "innovation_std_sum": 170.95481450824957, "noise_marginal_std_sum": 192.6207342177903}
{"step": 150, "epoch": 3, "train_loss": 0.4942684326171875, "clip_fraction": 0.325, "gradient_norm_mean": 194.956453125, "gradient_norm_max": 2269.99560546875, "step_seconds": 0.2729088868945837, "innovation_std_sum": 170.95481450824957, "noise_marginal_std_sum": 192.6207342177903}
{"step": 160, "epoch": 3, "train_loss": 0.522966796875, "clip_fraction": 0.312, "gradient_norm_mean": 191.773, "gradient_norm_max": 2111.279541015625, "step_seconds": 0.2728623654693365, "innovation_std_sum": 170.95481450824957, "noise_marginal_std_sum": 192.6207342177903}
{"step": 170, "epoch": 3, "train_loss": 0.5032177124023437, "clip_fraction": 0.308, "gradient_norm_mean": 188.096234375, "gradient_norm_max": 2749.182861328125, "step_seconds": 0.27301973290741444, "innovation_std_sum": 170.95481450824957, "noise_marginal_std_sum": 192.6207342177903}
{"step": 180, "epoch": 3, "train_loss": 0.5288312377929687, "clip_fraction": 0.289, "gradient_norm_mean": 182.866234375, "gradient_norm_max": 3480.942138671875, "step_seconds": 0.2722380645573139, "innovation_std_sum": 170.95481450824957, "noise_marginal_std_sum": 192.6207342177903}
{"epoch": 3, "step": 186, "train_loss": 0.4764457279328377, "clip_fraction": 0.30320967741935484, "epsilon": 5.8971720333737725, "accuracy": 0.8171620863712844, "validation_loss": 0.5030718931953001, "validation_examples": 5349}
{"step": 190, "epoch": 4, "train_loss": 0.41139813232421873, "clip_fraction": 0.27, "gradient_norm_mean": 176.12965625, "gradient_norm_max": 2181.189697265625, "step_seconds": 0.27274358831346035, "innovation_std_sum": 170.95481450824957, "noise_marginal_std_sum": 192.6207342177903}
{"step": 200, "epoch": 4, "train_loss": 0.504774658203125, "clip_fraction": 0.295, "gradient_norm_mean": 191.5691875, "gradient_norm_max": 2582.11279296875, "step_seconds": 0.27308480627834797, "innovation_std_sum": 170.95481450824957, "noise_marginal_std_sum": 192.6207342177903}
{"step": 210, "epoch": 4, "train_loss": 0.4445369873046875, "clip_fraction": 0.286, "gradient_norm_mean": 168.38353125, "gradient_norm_max": 2517.564697265625, "step_seconds": 0.27305079996585846, "innovation_std_sum": 170.95481450824957, "noise_marginal_std_sum": 192.6207342177903}
{"step": 220, "epoch": 4, "train_loss": 0.4367664794921875, "clip_fraction": 0.283, "gradient_norm_mean": 175.2780625, "gradient_norm_max": 2296.416015625, "step_seconds": 0.27284517511725426, "innovation_std_sum": 170.95481450824957, "noise_marginal_std_sum": 192.6207342177903}
{"step": 230, "epoch": 4, "train_loss": 0.42596640014648435, "clip_fraction": 0.272, "gradient_norm_mean": 184.25984375, "gradient_norm_max": 3044.13720703125, "step_seconds": 0.272842388600111, "innovation_std_sum": 170.95481450824957, "noise_marginal_std_sum": 192.6207342177903}
{"step": 240, "epoch": 4, "train_loss": 0.480530517578125, "clip_fraction": 0.29, "gradient_norm_mean": 175.384875, "gradient_norm_max": 2217.409423828125, "step_seconds": 0.2729048877954483, "innovation_std_sum": 170.95481450824957, "noise_marginal_std_sum": 192.6207342177903}
{"epoch": 4, "step": 248, "train_loss": 0.45510988198557206, "clip_fraction": 0.2751290322580645, "epsilon": 6.99603312968092, "accuracy": 0.8235184146569452, "validation_loss": 0.4904539743346084, "validation_examples": 5349}
{"step": 250, "epoch": 5, "train_loss": 0.46134942626953124, "clip_fraction": 0.258, "gradient_norm_mean": 167.013859375, "gradient_norm_max": 3039.67041015625, "step_seconds": 0.2729874774813652, "innovation_std_sum": 170.95481450824957, "noise_marginal_std_sum": 192.6207342177903}
{"step": 260, "epoch": 5, "train_loss": 0.4666635131835937, "clip_fraction": 0.269, "gradient_norm_mean": 163.1929375, "gradient_norm_max": 2319.85009765625, "step_seconds": 0.2737251538783312, "innovation_std_sum": 170.95481450824957, "noise_marginal_std_sum": 192.6207342177903}
{"step": 270, "epoch": 5, "train_loss": 0.44237594604492186, "clip_fraction": 0.258, "gradient_norm_mean": 170.061484375, "gradient_norm_max": 2269.559814453125, "step_seconds": 0.2736313734203577, "innovation_std_sum": 170.95481450824957, "noise_marginal_std_sum": 192.6207342177903}
{"step": 280, "epoch": 5, "train_loss": 0.4279270935058594, "clip_fraction": 0.25, "gradient_norm_mean": 171.28325, "gradient_norm_max": 2444.995849609375, "step_seconds": 0.2729408051818609, "innovation_std_sum": 170.95481450824957, "noise_marginal_std_sum": 192.6207342177903}
{"step": 290, "epoch": 5, "train_loss": 0.4197462768554687, "clip_fraction": 0.263, "gradient_norm_mean": 165.05090625, "gradient_norm_max": 3617.416259765625, "step_seconds": 0.2731677331030369, "innovation_std_sum": 170.95481450824957, "noise_marginal_std_sum": 192.6207342177903}
{"step": 300, "epoch": 5, "train_loss": 0.41092681884765625, "clip_fraction": 0.247, "gradient_norm_mean": 168.85325, "gradient_norm_max": 2771.6748046875, "step_seconds": 0.27318543381989, "innovation_std_sum": 170.95481450824957, "noise_marginal_std_sum": 192.6207342177903}
{"step": 310, "epoch": 5, "train_loss": 0.48337747192382813, "clip_fraction": 0.271, "gradient_norm_mean": 178.94609375, "gradient_norm_max": 3000.15576171875, "step_seconds": 0.27268471755087376, "innovation_std_sum": 170.95481450824957, "noise_marginal_std_sum": 192.6207342177903}
{"epoch": 5, "step": 310, "train_loss": 0.4434457003685736, "clip_fraction": 0.25640322580645164, "epsilon": 8.000000000000005, "accuracy": 0.82893998878295, "validation_loss": 0.4897017059069434, "validation_examples": 5349}
