/home/longt29/miniconda3/envs/curve/lib/python3.11/site-packages/torchvision/datasets/cifar.py:83: VisibleDeprecationWarning: dtype(): align should be passed as Python or NumPy boolean but got `align=0`. Did you mean to pass a tuple to create a subarray type? (Deprecated NumPy 2.4)
  entry = pickle.load(f, encoding="latin1")
sys:1: UserWarning: Full backward hook is firing when gradients are computed with respect to module outputs since no inputs require gradients. See https://docs.pytorch.org/docs/main/generated/torch.nn.Module.html#torch.nn.Module.register_full_backward_hook for more details.
{"step": 10, "epoch": 1, "train_loss": 4.366921997070312, "clip_fraction": 1.0, "gradient_norm_mean": 644.783359375, "gradient_norm_max": 1239.341552734375, "step_seconds": 2.081295071169734, "innovation_std_sum": 615.8650110649696, "noise_marginal_std_sum": 693.9165237996704}
{"step": 20, "epoch": 1, "train_loss": 3.8701578369140623, "clip_fraction": 1.0, "gradient_norm_mean": 722.614078125, "gradient_norm_max": 1710.025390625, "step_seconds": 2.1783923748880625, "innovation_std_sum": 615.8650110649696, "noise_marginal_std_sum": 693.9165237996704}
{"step": 30, "epoch": 1, "train_loss": 3.4350092163085937, "clip_fraction": 0.998, "gradient_norm_mean": 845.835390625, "gradient_norm_max": 3118.6875, "step_seconds": 2.164909368380904, "innovation_std_sum": 615.8650110649696, "noise_marginal_std_sum": 693.9165237996704}
{"step": 40, "epoch": 1, "train_loss": 3.085623840332031, "clip_fraction": 0.997, "gradient_norm_mean": 894.822671875, "gradient_norm_max": 2654.25537109375, "step_seconds": 2.242639899253845, "innovation_std_sum": 615.8650110649696, "noise_marginal_std_sum": 693.9165237996704}
{"step": 50, "epoch": 1, "train_loss": 2.787584777832031, "clip_fraction": 0.987, "gradient_norm_mean": 913.058171875, "gradient_norm_max": 3602.205078125, "step_seconds": 2.2123680878430605, "innovation_std_sum": 615.8650110649696, "noise_marginal_std_sum": 693.9165237996704}
{"epoch": 1, "step": 50, "train_loss": 3.690007608642578, "clip_fraction": 0.9977, "epsilon": 1.6138995487824446, "accuracy": 0.3968, "validation_loss": 2.4003443359375, "validation_examples": 10000}
{"step": 60, "epoch": 2, "train_loss": 2.5525938720703123, "clip_fraction": 0.981, "gradient_norm_mean": 936.567890625, "gradient_norm_max": 3347.519775390625, "step_seconds": 2.129313215613365, "innovation_std_sum": 615.8650110649696, "noise_marginal_std_sum": 693.9165237996704}
{"step": 70, "epoch": 2, "train_loss": 2.37283447265625, "clip_fraction": 0.963, "gradient_norm_mean": 963.750796875, "gradient_norm_max": 4684.31787109375, "step_seconds": 2.174775319173932, "innovation_std_sum": 615.8650110649696, "noise_marginal_std_sum": 693.9165237996704}
{"step": 80, "epoch": 2, "train_loss": 2.277064758300781, "clip_fraction": 0.944, "gradient_norm_mean": 931.216375, "gradient_norm_max": 3822.326416015625, "step_seconds": 2.174496505409479, "innovation_std_sum": 615.8650110649696, "noise_marginal_std_sum": 693.9165237996704}
{"step": 90, "epoch": 2, "train_loss": 2.2605092163085936, "clip_fraction": 0.926, "gradient_norm_mean": 945.277609375, "gradient_norm_max": 4882.1884765625, "step_seconds": 2.227714078500867, "innovation_std_sum": 615.8650110649696, "noise_marginal_std_sum": 693.9165237996704}
{"step": 100, "epoch": 2, "train_loss": 2.1431133422851563, "clip_fraction": 0.917, "gradient_norm_mean": 925.75575, "gradient_norm_max": 4147.7578125, "step_seconds": 2.223644033074379, "innovation_std_sum": 615.8650110649696, "noise_marginal_std_sum": 693.9165237996704}
{"epoch": 2, "step": 100, "train_loss": 2.360275653076172, "clip_fraction": 0.9541, "epsilon": 2.376204237872786, "accuracy": 0.5494, "validation_loss": 1.6575957946777344, "validation_examples": 10000}
{"step": 110, "epoch": 3, "train_loss": 2.0842830505371093, "clip_fraction": 0.893, "gradient_norm_mean": 936.61040625, "gradient_norm_max": 4503.94677734375, "step_seconds": 2.1000534873455763, "innovation_std_sum": 615.8650110649696, "noise_marginal_std_sum": 693.9165237996704}
{"step": 120, "epoch": 3, "train_loss": 1.9767548217773439, "clip_fraction": 0.884, "gradient_norm_mean": 925.880625, "gradient_norm_max": 4070.035888671875, "step_seconds": 2.388194002211094, "innovation_std_sum": 615.8650110649696, "noise_marginal_std_sum": 693.9165237996704}
{"step": 130, "epoch": 3, "train_loss": 1.9222725524902344, "clip_fraction": 0.87, "gradient_norm_mean": 903.583328125, "gradient_norm_max": 3886.4267578125, "step_seconds": 2.219465233385563, "innovation_std_sum": 615.8650110649696, "noise_marginal_std_sum": 693.9165237996704}
{"step": 140, "epoch": 3, "train_loss": 1.9909760437011719, "clip_fraction": 0.885, "gradient_norm_mean": 948.491140625, "gradient_norm_max": 4778.2861328125, "step_seconds": 2.198033206164837, "innovation_std_sum": 615.8650110649696, "noise_marginal_std_sum": 693.9165237996704}
{"step": 150, "epoch": 3, "train_loss": 1.9609713439941405, "clip_fraction": 0.858, "gradient_norm_mean": 960.768546875, "gradient_norm_max": 3896.5439453125, "step_seconds": 2.198356796056032, "innovation_std_sum": 615.8650110649696, "noise_marginal_std_sum": 693.9165237996704}
{"epoch": 3, "step": 150, "train_loss": 2.022433802490234, "clip_fraction": 0.88448, "epsilon": 2.9873672491319447, "accuracy": 0.5997, "validation_loss": 1.4305340209960937, "validation_examples": 10000}
{"step": 160, "epoch": 4, "train_loss": 1.9866424255371093, "clip_fraction": 0.861, "gradient_norm_mean": 998.413921875, "gradient_norm_max": 4441.08349609375, "step_seconds": 2.110605340451002, "innovation_std_sum": 615.8650110649696, "noise_marginal_std_sum": 693.9165237996704}
{"step": 170, "epoch": 4, "train_loss": 1.9149381713867188, "clip_fraction": 0.854, "gradient_norm_mean": 953.687765625, "gradient_norm_max": 4576.10888671875, "step_seconds": 2.180533742532134, "innovation_std_sum": 615.8650110649696, "noise_marginal_std_sum": 693.9165237996704}
{"step": 180, "epoch": 4, "train_loss": 1.9060610961914062, "clip_fraction": 0.833, "gradient_norm_mean": 946.651140625, "gradient_norm_max": 4942.697265625, "step_seconds": 2.2121895626187325, "innovation_std_sum": 615.8650110649696, "noise_marginal_std_sum": 693.9165237996704}
{"step": 190, "epoch": 4, "train_loss": 1.9369602355957032, "clip_fraction": 0.848, "gradient_norm_mean": 988.450796875, "gradient_norm_max": 4819.9423828125, "step_seconds": 2.212133064866066, "innovation_std_sum": 615.8650110649696, "noise_marginal_std_sum": 693.9165237996704}
{"step": 200, "epoch": 4, "train_loss": 1.8387370910644532, "clip_fraction": 0.844, "gradient_norm_mean": 973.6603125, "gradient_norm_max": 4642.02587890625, "step_seconds": 2.125867459923029, "innovation_std_sum": 615.8650110649696, "noise_marginal_std_sum": 693.9165237996704}
{"epoch": 4, "step": 200, "train_loss": 1.8922796813964844, "clip_fraction": 0.84728, "epsilon": 3.5192376234400635, "accuracy": 0.6214, "validation_loss": 1.3528649017333985, "validation_examples": 10000}
{"step": 210, "epoch": 5, "train_loss": 1.972402618408203, "clip_fraction": 0.823, "gradient_norm_mean": 1004.27515625, "gradient_norm_max": 5403.1044921875, "step_seconds": 2.131785463541746, "innovation_std_sum": 615.8650110649696, "noise_marginal_std_sum": 693.9165237996704}
{"step": 220, "epoch": 5, "train_loss": 1.8482648620605469, "clip_fraction": 0.828, "gradient_norm_mean": 984.042640625, "gradient_norm_max": 4682.47119140625, "step_seconds": 2.14199049025774, "innovation_std_sum": 615.8650110649696, "noise_marginal_std_sum": 693.9165237996704}
{"step": 230, "epoch": 5, "train_loss": 1.9020497741699218, "clip_fraction": 0.835, "gradient_norm_mean": 1012.71928125, "gradient_norm_max": 6024.18359375, "step_seconds": 2.2007055766880512, "innovation_std_sum": 615.8650110649696, "noise_marginal_std_sum": 693.9165237996704}
{"step": 240, "epoch": 5, "train_loss": 1.941006072998047, "clip_fraction": 0.84, "gradient_norm_mean": 1017.482453125, "gradient_norm_max": 5924.51416015625, "step_seconds": 2.1880125273019075, "innovation_std_sum": 615.8650110649696, "noise_marginal_std_sum": 693.9165237996704}
{"step": 250, "epoch": 5, "train_loss": 1.831973876953125, "clip_fraction": 0.835, "gradient_norm_mean": 1006.618765625, "gradient_norm_max": 4665.2568359375, "step_seconds": 2.1147155966609716, "innovation_std_sum": 615.8650110649696, "noise_marginal_std_sum": 693.9165237996704}
{"epoch": 5, "step": 250, "train_loss": 1.8638188861083984, "clip_fraction": 0.82586, "epsilon": 3.9999999999999685, "accuracy": 0.625, "validation_loss": 1.3186880737304687, "validation_examples": 10000}
