Loading weights:   0%|          | 0/39 [00:00<?, ?it/s]Loading weights: 100%|██████████| 39/39 [00:00<00:00, 28300.67it/s]
[transformers] [1mBertModel LOAD REPORT[0m from: /media/data/data/lt/dp-adam-correlated/cache/bert-tiny
Key                                        | Status     |  | 
-------------------------------------------+------------+--+-
cls.predictions.transform.LayerNorm.bias   | UNEXPECTED |  | 
cls.predictions.transform.LayerNorm.weight | UNEXPECTED |  | 
cls.predictions.bias                       | UNEXPECTED |  | 
cls.predictions.decoder.bias               | UNEXPECTED |  | 
cls.predictions.transform.dense.bias       | UNEXPECTED |  | 
cls.seq_relationship.bias                  | UNEXPECTED |  | 
cls.predictions.transform.dense.weight     | UNEXPECTED |  | 
cls.predictions.decoder.weight             | UNEXPECTED |  | 
cls.seq_relationship.weight                | UNEXPECTED |  | 

Notes:
- UNEXPECTED:	can be ignored when loading from different task/architecture; not ok if you expect identical arch.
sys:1: UserWarning: Full backward hook is firing when gradients are computed with respect to module outputs since no inputs require gradients. See https://docs.pytorch.org/docs/main/generated/torch.nn.Module.html#torch.nn.Module.register_full_backward_hook for more details.
{"step": 10, "epoch": 1, "train_loss": 0.672154296875, "clip_fraction": 0.135, "gradient_norm_mean": 7.8116435546875, "gradient_norm_max": 25.350605010986328, "step_seconds": 0.2726104538887739, "innovation_std_sum": 17.095481450824956, "noise_marginal_std_sum": 19.26207342177903}
{"step": 20, "epoch": 1, "train_loss": 0.576330322265625, "clip_fraction": 0.733, "gradient_norm_mean": 17.860935546875, "gradient_norm_max": 57.86271286010742, "step_seconds": 0.27127964422106743, "innovation_std_sum": 17.095481450824956, "noise_marginal_std_sum": 19.26207342177903}
{"step": 30, "epoch": 1, "train_loss": 0.6930772705078125, "clip_fraction": 0.525, "gradient_norm_mean": 34.7318828125, "gradient_norm_max": 186.97357177734375, "step_seconds": 0.2731684297323227, "innovation_std_sum": 17.095481450824956, "noise_marginal_std_sum": 19.26207342177903}
{"step": 40, "epoch": 1, "train_loss": 0.708813232421875, "clip_fraction": 0.462, "gradient_norm_mean": 38.37553125, "gradient_norm_max": 252.80677795410156, "step_seconds": 0.27052642963826656, "innovation_std_sum": 17.095481450824956, "noise_marginal_std_sum": 19.26207342177903}
{"step": 50, "epoch": 1, "train_loss": 0.7004306030273437, "clip_fraction": 0.454, "gradient_norm_mean": 37.67262109375, "gradient_norm_max": 212.04246520996094, "step_seconds": 0.26956516318023205, "innovation_std_sum": 17.095481450824956, "noise_marginal_std_sum": 19.26207342177903}
{"step": 60, "epoch": 1, "train_loss": 0.5942750854492187, "clip_fraction": 0.427, "gradient_norm_mean": 34.7201015625, "gradient_norm_max": 232.57907104492188, "step_seconds": 0.27056306041777134, "innovation_std_sum": 17.095481450824956, "noise_marginal_std_sum": 19.26207342177903}
{"epoch": 1, "step": 62, "train_loss": 0.669501455983808, "clip_fraction": 0.42874193548387096, "epsilon": 3.123292330075361, "accuracy": 0.7777154608338007, "validation_loss": 0.6208377559288882, "validation_examples": 5349}
{"step": 70, "epoch": 2, "train_loss": 0.5962235717773438, "clip_fraction": 0.402, "gradient_norm_mean": 36.1446796875, "gradient_norm_max": 261.82049560546875, "step_seconds": 0.27505104057490826, "innovation_std_sum": 17.095481450824956, "noise_marginal_std_sum": 19.26207342177903}
{"step": 80, "epoch": 2, "train_loss": 0.63010595703125, "clip_fraction": 0.398, "gradient_norm_mean": 36.5554140625, "gradient_norm_max": 296.7441711425781, "step_seconds": 0.2758177537471056, "innovation_std_sum": 17.095481450824956, "noise_marginal_std_sum": 19.26207342177903}
{"step": 90, "epoch": 2, "train_loss": 0.5535191650390625, "clip_fraction": 0.41, "gradient_norm_mean": 33.90121484375, "gradient_norm_max": 256.47027587890625, "step_seconds": 0.27219382859766483, "innovation_std_sum": 17.095481450824956, "noise_marginal_std_sum": 19.26207342177903}
{"step": 100, "epoch": 2, "train_loss": 0.6171294555664063, "clip_fraction": 0.396, "gradient_norm_mean": 33.37176953125, "gradient_norm_max": 304.923583984375, "step_seconds": 0.27194511890411377, "innovation_std_sum": 17.095481450824956, "noise_marginal_std_sum": 19.26207342177903}
{"step": 110, "epoch": 2, "train_loss": 0.51932177734375, "clip_fraction": 0.342, "gradient_norm_mean": 27.94396484375, "gradient_norm_max": 321.43890380859375, "step_seconds": 0.2737638298422098, "innovation_std_sum": 17.095481450824956, "noise_marginal_std_sum": 19.26207342177903}
{"step": 120, "epoch": 2, "train_loss": 0.6984775390625, "clip_fraction": 0.383, "gradient_norm_mean": 33.6290078125, "gradient_norm_max": 357.6252136230469, "step_seconds": 0.27267392352223396, "innovation_std_sum": 17.095481450824956, "noise_marginal_std_sum": 19.26207342177903}
{"epoch": 2, "step": 124, "train_loss": 0.5762688933341734, "clip_fraction": 0.3833548387096774, "epsilon": 4.650920914901151, "accuracy": 0.8035146756403067, "validation_loss": 0.5300624174901449, "validation_examples": 5349}
{"step": 130, "epoch": 3, "train_loss": 0.47968408203125, "clip_fraction": 0.349, "gradient_norm_mean": 26.8435, "gradient_norm_max": 269.7357482910156, "step_seconds": 0.2747204005718231, "innovation_std_sum": 17.095481450824956, "noise_marginal_std_sum": 19.26207342177903}
{"step": 140, "epoch": 3, "train_loss": 0.5357124633789062, "clip_fraction": 0.34, "gradient_norm_mean": 29.399224609375, "gradient_norm_max": 344.8853759765625, "step_seconds": 0.2754460070282221, "innovation_std_sum": 17.095481450824956, "noise_marginal_std_sum": 19.26207342177903}
{"step": 150, "epoch": 3, "train_loss": 0.476375, "clip_fraction": 0.329, "gradient_norm_mean": 27.80304296875, "gradient_norm_max": 455.5921630859375, "step_seconds": 0.2728195935487747, "innovation_std_sum": 17.095481450824956, "noise_marginal_std_sum": 19.26207342177903}
{"step": 160, "epoch": 3, "train_loss": 0.49649237060546875, "clip_fraction": 0.316, "gradient_norm_mean": 24.283625, "gradient_norm_max": 413.11248779296875, "step_seconds": 0.2748223729431629, "innovation_std_sum": 17.095481450824956, "noise_marginal_std_sum": 19.26207342177903}
{"step": 170, "epoch": 3, "train_loss": 0.5203916015625, "clip_fraction": 0.324, "gradient_norm_mean": 27.289734375, "gradient_norm_max": 375.8878173828125, "step_seconds": 0.272601829841733, "innovation_std_sum": 17.095481450824956, "noise_marginal_std_sum": 19.26207342177903}
{"step": 180, "epoch": 3, "train_loss": 0.505901123046875, "clip_fraction": 0.305, "gradient_norm_mean": 28.0559296875, "gradient_norm_max": 344.48736572265625, "step_seconds": 0.27364970557391644, "innovation_std_sum": 17.095481450824956, "noise_marginal_std_sum": 19.26207342177903}
{"epoch": 3, "step": 186, "train_loss": 0.5159292848648563, "clip_fraction": 0.3235, "epsilon": 5.8971720333737725, "accuracy": 0.8022060198167882, "validation_loss": 0.5159137088977459, "validation_examples": 5349}
{"step": 190, "epoch": 4, "train_loss": 0.5821134033203125, "clip_fraction": 0.314, "gradient_norm_mean": 25.95501171875, "gradient_norm_max": 334.0104675292969, "step_seconds": 0.2731780093163252, "innovation_std_sum": 17.095481450824956, "noise_marginal_std_sum": 19.26207342177903}
{"step": 200, "epoch": 4, "train_loss": 0.4661553344726562, "clip_fraction": 0.293, "gradient_norm_mean": 25.27299609375, "gradient_norm_max": 324.257568359375, "step_seconds": 0.2738329079002142, "innovation_std_sum": 17.095481450824956, "noise_marginal_std_sum": 19.26207342177903}
{"step": 210, "epoch": 4, "train_loss": 0.43438232421875, "clip_fraction": 0.271, "gradient_norm_mean": 21.27114453125, "gradient_norm_max": 311.0339050292969, "step_seconds": 0.27312963642179966, "innovation_std_sum": 17.095481450824956, "noise_marginal_std_sum": 19.26207342177903}
{"step": 220, "epoch": 4, "train_loss": 0.5636538696289063, "clip_fraction": 0.304, "gradient_norm_mean": 27.47557421875, "gradient_norm_max": 521.7490234375, "step_seconds": 0.27084159292280674, "innovation_std_sum": 17.095481450824956, "noise_marginal_std_sum": 19.26207342177903}
{"step": 230, "epoch": 4, "train_loss": 0.4724981689453125, "clip_fraction": 0.27, "gradient_norm_mean": 21.7648046875, "gradient_norm_max": 324.2818298339844, "step_seconds": 0.27193458564579487, "innovation_std_sum": 17.095481450824956, "noise_marginal_std_sum": 19.26207342177903}
{"step": 240, "epoch": 4, "train_loss": 0.5185684204101563, "clip_fraction": 0.292, "gradient_norm_mean": 26.6099296875, "gradient_norm_max": 388.8553161621094, "step_seconds": 0.27186207473278046, "innovation_std_sum": 17.095481450824956, "noise_marginal_std_sum": 19.26207342177903}
{"epoch": 4, "step": 248, "train_loss": 0.4862109611265121, "clip_fraction": 0.28930645161290325, "epsilon": 6.996033129680921, "accuracy": 0.8160403813796971, "validation_loss": 0.4978949724569301, "validation_examples": 5349}
{"step": 250, "epoch": 5, "train_loss": 0.4899150390625, "clip_fraction": 0.279, "gradient_norm_mean": 24.621671875, "gradient_norm_max": 450.6505126953125, "step_seconds": 0.1797266211360693, "innovation_std_sum": 17.095481450824956, "noise_marginal_std_sum": 19.26207342177903}
{"step": 260, "epoch": 5, "train_loss": 0.49895550537109373, "clip_fraction": 0.265, "gradient_norm_mean": 22.77744140625, "gradient_norm_max": 420.26068115234375, "step_seconds": 0.27189718931913376, "innovation_std_sum": 17.095481450824956, "noise_marginal_std_sum": 19.26207342177903}
{"step": 270, "epoch": 5, "train_loss": 0.4448723449707031, "clip_fraction": 0.257, "gradient_norm_mean": 20.0526328125, "gradient_norm_max": 380.5716857910156, "step_seconds": 0.27298810333013535, "innovation_std_sum": 17.095481450824956, "noise_marginal_std_sum": 19.26207342177903}
{"step": 280, "epoch": 5, "train_loss": 0.46759527587890626, "clip_fraction": 0.256, "gradient_norm_mean": 24.024828125, "gradient_norm_max": 415.51446533203125, "step_seconds": 0.2734216880053282, "innovation_std_sum": 17.095481450824956, "noise_marginal_std_sum": 19.26207342177903}
{"step": 290, "epoch": 5, "train_loss": 0.4742343139648437, "clip_fraction": 0.268, "gradient_norm_mean": 24.9364296875, "gradient_norm_max": 372.2548828125, "step_seconds": 0.2731544263660908, "innovation_std_sum": 17.095481450824956, "noise_marginal_std_sum": 19.26207342177903}
{"step": 300, "epoch": 5, "train_loss": 0.44053662109375, "clip_fraction": 0.239, "gradient_norm_mean": 25.683890625, "gradient_norm_max": 492.8761291503906, "step_seconds": 0.27392649836838245, "innovation_std_sum": 17.095481450824956, "noise_marginal_std_sum": 19.26207342177903}
{"step": 310, "epoch": 5, "train_loss": 0.45391845703125, "clip_fraction": 0.264, "gradient_norm_mean": 23.28641796875, "gradient_norm_max": 404.34259033203125, "step_seconds": 0.27158849500119686, "innovation_std_sum": 17.095481450824956, "noise_marginal_std_sum": 19.26207342177903}
{"epoch": 5, "step": 310, "train_loss": 0.4750619408392137, "clip_fraction": 0.2674354838709677, "epsilon": 8.000000000000007, "accuracy": 0.8160403813796971, "validation_loss": 0.48054450622204864, "validation_examples": 5349}
