Loading weights:   0%|          | 0/39 [00:00<?, ?it/s]Loading weights: 100%|██████████| 39/39 [00:00<00:00, 27024.26it/s]
[transformers] [1mBertModel LOAD REPORT[0m from: /media/data/data/lt/dp-adam-correlated/cache/bert-tiny
Key                                        | Status     |  | 
-------------------------------------------+------------+--+-
cls.seq_relationship.weight                | UNEXPECTED |  | 
cls.predictions.decoder.weight             | UNEXPECTED |  | 
cls.predictions.transform.LayerNorm.bias   | UNEXPECTED |  | 
cls.predictions.transform.dense.weight     | UNEXPECTED |  | 
cls.predictions.bias                       | UNEXPECTED |  | 
cls.seq_relationship.bias                  | UNEXPECTED |  | 
cls.predictions.transform.dense.bias       | UNEXPECTED |  | 
cls.predictions.decoder.bias               | UNEXPECTED |  | 
cls.predictions.transform.LayerNorm.weight | UNEXPECTED |  | 

Notes:
- UNEXPECTED:	can be ignored when loading from different task/architecture; not ok if you expect identical arch.
sys:1: UserWarning: Full backward hook is firing when gradients are computed with respect to module outputs since no inputs require gradients. See https://docs.pytorch.org/docs/main/generated/torch.nn.Module.html#torch.nn.Module.register_full_backward_hook for more details.
{"step": 10, "epoch": 1, "train_loss": 0.6763140869140625, "clip_fraction": 0.0, "gradient_norm_mean": 35.7491953125, "gradient_norm_max": 50.224945068359375, "step_seconds": 0.2638864442706108, "innovation_std_sum": 457.2045876410015, "noise_marginal_std_sum": 630.6280027905789}
{"step": 20, "epoch": 1, "train_loss": 0.6585140380859374, "clip_fraction": 0.0, "gradient_norm_mean": 37.0341015625, "gradient_norm_max": 64.02413940429688, "step_seconds": 0.26711498759686947, "innovation_std_sum": 457.2045876410015, "noise_marginal_std_sum": 630.6280027905789}
{"step": 30, "epoch": 1, "train_loss": 0.6472346801757812, "clip_fraction": 0.0, "gradient_norm_mean": 41.69664453125, "gradient_norm_max": 69.89986419677734, "step_seconds": 0.26871783286333084, "innovation_std_sum": 457.2045876410015, "noise_marginal_std_sum": 630.6280027905789}
{"step": 40, "epoch": 1, "train_loss": 0.6392860107421875, "clip_fraction": 0.0, "gradient_norm_mean": 47.046546875, "gradient_norm_max": 88.14421081542969, "step_seconds": 0.2673783525824547, "innovation_std_sum": 457.2045876410015, "noise_marginal_std_sum": 630.6280027905789}
{"step": 50, "epoch": 1, "train_loss": 0.6216680297851562, "clip_fraction": 0.005, "gradient_norm_mean": 52.6753125, "gradient_norm_max": 112.21379089355469, "step_seconds": 0.26817295141518116, "innovation_std_sum": 457.2045876410015, "noise_marginal_std_sum": 630.6280027905789}
{"step": 60, "epoch": 1, "train_loss": 0.6096004638671875, "clip_fraction": 0.026, "gradient_norm_mean": 58.405671875, "gradient_norm_max": 157.06954956054688, "step_seconds": 0.24531609192490578, "innovation_std_sum": 457.2045876410015, "noise_marginal_std_sum": 630.6280027905789}
{"epoch": 1, "step": 62, "train_loss": 0.6459496774981098, "clip_fraction": 0.0032903225806451613, "epsilon": 2.983473211150575, "accuracy": 0.7014395214058703, "validation_loss": 0.5874923489253796, "validation_examples": 5349}
{"step": 70, "epoch": 2, "train_loss": 0.5823531494140625, "clip_fraction": 0.075, "gradient_norm_mean": 61.76512890625, "gradient_norm_max": 133.25494384765625, "step_seconds": 0.2680851761251688, "innovation_std_sum": 457.2045876410015, "noise_marginal_std_sum": 630.6280027905789}
{"step": 80, "epoch": 2, "train_loss": 0.581615478515625, "clip_fraction": 0.197, "gradient_norm_mean": 69.5056796875, "gradient_norm_max": 168.16615295410156, "step_seconds": 0.2682550884783268, "innovation_std_sum": 457.2045876410015, "noise_marginal_std_sum": 630.6280027905789}
{"step": 90, "epoch": 2, "train_loss": 0.5504844360351563, "clip_fraction": 0.279, "gradient_norm_mean": 73.727421875, "gradient_norm_max": 217.8743133544922, "step_seconds": 0.2680253181606531, "innovation_std_sum": 457.2045876410015, "noise_marginal_std_sum": 630.6280027905789}
{"step": 100, "epoch": 2, "train_loss": 0.5522032470703125, "clip_fraction": 0.363, "gradient_norm_mean": 82.26384375, "gradient_norm_max": 232.9217071533203, "step_seconds": 0.12944362871348858, "innovation_std_sum": 457.2045876410015, "noise_marginal_std_sum": 630.6280027905789}
{"step": 110, "epoch": 2, "train_loss": 0.5375667724609375, "clip_fraction": 0.413, "gradient_norm_mean": 88.937703125, "gradient_norm_max": 273.2940368652344, "step_seconds": 0.25393794663250446, "innovation_std_sum": 457.2045876410015, "noise_marginal_std_sum": 630.6280027905789}
{"step": 120, "epoch": 2, "train_loss": 0.498441162109375, "clip_fraction": 0.414, "gradient_norm_mean": 93.517453125, "gradient_norm_max": 374.9199523925781, "step_seconds": 0.27024393901228905, "innovation_std_sum": 457.2045876410015, "noise_marginal_std_sum": 630.6280027905789}
{"epoch": 2, "step": 124, "train_loss": 0.5566977209275769, "clip_fraction": 0.2762741935483871, "epsilon": 4.566965972959099, "accuracy": 0.7457468685735652, "validation_loss": 0.5156781632870374, "validation_examples": 5349}
{"step": 130, "epoch": 3, "train_loss": 0.5023529663085937, "clip_fraction": 0.411, "gradient_norm_mean": 99.1150625, "gradient_norm_max": 417.2076110839844, "step_seconds": 0.26871528662741184, "innovation_std_sum": 457.2045876410015, "noise_marginal_std_sum": 630.6280027905789}
{"step": 140, "epoch": 3, "train_loss": 0.5175479125976562, "clip_fraction": 0.429, "gradient_norm_mean": 107.8284921875, "gradient_norm_max": 438.5487976074219, "step_seconds": 0.26914164051413536, "innovation_std_sum": 457.2045876410015, "noise_marginal_std_sum": 630.6280027905789}
{"step": 150, "epoch": 3, "train_loss": 0.5268402099609375, "clip_fraction": 0.431, "gradient_norm_mean": 110.2678125, "gradient_norm_max": 464.37921142578125, "step_seconds": 0.25458530336618423, "innovation_std_sum": 457.2045876410015, "noise_marginal_std_sum": 630.6280027905789}
{"step": 160, "epoch": 3, "train_loss": 0.540758056640625, "clip_fraction": 0.428, "gradient_norm_mean": 117.143390625, "gradient_norm_max": 606.5550537109375, "step_seconds": 0.1817934475839138, "innovation_std_sum": 457.2045876410015, "noise_marginal_std_sum": 630.6280027905789}
{"step": 170, "epoch": 3, "train_loss": 0.537068115234375, "clip_fraction": 0.429, "gradient_norm_mean": 118.513109375, "gradient_norm_max": 574.6983032226562, "step_seconds": 0.26741012930870056, "innovation_std_sum": 457.2045876410015, "noise_marginal_std_sum": 630.6280027905789}
{"step": 180, "epoch": 3, "train_loss": 0.5469153442382813, "clip_fraction": 0.415, "gradient_norm_mean": 118.48228125, "gradient_norm_max": 571.6836547851562, "step_seconds": 0.2730891462415457, "innovation_std_sum": 457.2045876410015, "noise_marginal_std_sum": 630.6280027905789}
{"epoch": 3, "step": 186, "train_loss": 0.5194795960457095, "clip_fraction": 0.4216451612903226, "epsilon": 5.849088165717443, "accuracy": 0.7707982800523462, "validation_loss": 0.5132874713297937, "validation_examples": 5349}
{"step": 190, "epoch": 4, "train_loss": 0.48935269165039064, "clip_fraction": 0.406, "gradient_norm_mean": 123.302296875, "gradient_norm_max": 716.7374267578125, "step_seconds": 0.26999467611312866, "innovation_std_sum": 457.2045876410015, "noise_marginal_std_sum": 630.6280027905789}
{"step": 200, "epoch": 4, "train_loss": 0.52191455078125, "clip_fraction": 0.411, "gradient_norm_mean": 122.5831796875, "gradient_norm_max": 704.0537109375, "step_seconds": 0.2661612406373024, "innovation_std_sum": 457.2045876410015, "noise_marginal_std_sum": 630.6280027905789}
{"step": 210, "epoch": 4, "train_loss": 0.53935107421875, "clip_fraction": 0.414, "gradient_norm_mean": 127.395015625, "gradient_norm_max": 660.74169921875, "step_seconds": 0.26997803151607513, "innovation_std_sum": 457.2045876410015, "noise_marginal_std_sum": 630.6280027905789}
{"step": 220, "epoch": 4, "train_loss": 0.5186636962890625, "clip_fraction": 0.394, "gradient_norm_mean": 120.500234375, "gradient_norm_max": 706.8687133789062, "step_seconds": 0.27061719447374344, "innovation_std_sum": 457.2045876410015, "noise_marginal_std_sum": 630.6280027905789}
{"step": 230, "epoch": 4, "train_loss": 0.523491943359375, "clip_fraction": 0.385, "gradient_norm_mean": 126.16203125, "gradient_norm_max": 716.8129272460938, "step_seconds": 0.27009449526667595, "innovation_std_sum": 457.2045876410015, "noise_marginal_std_sum": 630.6280027905789}
{"step": 240, "epoch": 4, "train_loss": 0.5009422607421875, "clip_fraction": 0.393, "gradient_norm_mean": 126.26884375, "gradient_norm_max": 747.7427978515625, "step_seconds": 0.26698723062872887, "innovation_std_sum": 457.2045876410015, "noise_marginal_std_sum": 630.6280027905789}
{"epoch": 4, "step": 248, "train_loss": 0.5119354252969065, "clip_fraction": 0.3889677419354839, "epsilon": 6.974398475295221, "accuracy": 0.7846326416152551, "validation_loss": 0.508364778163166, "validation_examples": 5349}
{"step": 250, "epoch": 5, "train_loss": 0.5414566040039063, "clip_fraction": 0.364, "gradient_norm_mean": 115.72009375, "gradient_norm_max": 672.0316772460938, "step_seconds": 0.1599506065249443, "innovation_std_sum": 457.2045876410015, "noise_marginal_std_sum": 630.6280027905789}
{"step": 260, "epoch": 5, "train_loss": 0.48662738037109377, "clip_fraction": 0.354, "gradient_norm_mean": 117.432609375, "gradient_norm_max": 745.6340942382812, "step_seconds": 0.26700852625072, "innovation_std_sum": 457.2045876410015, "noise_marginal_std_sum": 630.6280027905789}
{"step": 270, "epoch": 5, "train_loss": 0.49998614501953126, "clip_fraction": 0.362, "gradient_norm_mean": 117.1044609375, "gradient_norm_max": 638.9327392578125, "step_seconds": 0.2702984791249037, "innovation_std_sum": 457.2045876410015, "noise_marginal_std_sum": 630.6280027905789}
{"step": 280, "epoch": 5, "train_loss": 0.47670339965820313, "clip_fraction": 0.365, "gradient_norm_mean": 116.721921875, "gradient_norm_max": 703.9437866210938, "step_seconds": 0.27120859920978546, "innovation_std_sum": 457.2045876410015, "noise_marginal_std_sum": 630.6280027905789}
{"step": 290, "epoch": 5, "train_loss": 0.4803238525390625, "clip_fraction": 0.346, "gradient_norm_mean": 111.82778125, "gradient_norm_max": 851.6436157226562, "step_seconds": 0.2709780167788267, "innovation_std_sum": 457.2045876410015, "noise_marginal_std_sum": 630.6280027905789}
{"step": 300, "epoch": 5, "train_loss": 0.4847718200683594, "clip_fraction": 0.344, "gradient_norm_mean": 112.955359375, "gradient_norm_max": 732.9116821289062, "step_seconds": 0.13546472415328026, "innovation_std_sum": 457.2045876410015, "noise_marginal_std_sum": 630.6280027905789}
{"step": 310, "epoch": 5, "train_loss": 0.5161671142578125, "clip_fraction": 0.361, "gradient_norm_mean": 115.0943984375, "gradient_norm_max": 896.1195678710938, "step_seconds": 0.13391326181590557, "innovation_std_sum": 457.2045876410015, "noise_marginal_std_sum": 630.6280027905789}
{"epoch": 5, "step": 310, "train_loss": 0.5003314976846018, "clip_fraction": 0.36251612903225805, "epsilon": 8.000000000000005, "accuracy": 0.7952888390353338, "validation_loss": 0.4857611029498888, "validation_examples": 5349}
