Loading weights:   0%|          | 0/39 [00:00<?, ?it/s]Loading weights: 100%|██████████| 39/39 [00:00<00:00, 19107.33it/s]
[transformers] [1mBertModel LOAD REPORT[0m from: /media/data/data/lt/dp-adam-correlated/cache/bert-tiny
Key                                        | Status     |  | 
-------------------------------------------+------------+--+-
cls.seq_relationship.bias                  | UNEXPECTED |  | 
cls.predictions.decoder.weight             | UNEXPECTED |  | 
cls.predictions.transform.dense.bias       | UNEXPECTED |  | 
cls.predictions.bias                       | UNEXPECTED |  | 
cls.seq_relationship.weight                | UNEXPECTED |  | 
cls.predictions.transform.LayerNorm.bias   | UNEXPECTED |  | 
cls.predictions.transform.LayerNorm.weight | UNEXPECTED |  | 
cls.predictions.transform.dense.weight     | UNEXPECTED |  | 
cls.predictions.decoder.bias               | UNEXPECTED |  | 

Notes:
- UNEXPECTED:	can be ignored when loading from different task/architecture; not ok if you expect identical arch.
sys:1: UserWarning: Full backward hook is firing when gradients are computed with respect to module outputs since no inputs require gradients. See https://docs.pytorch.org/docs/main/generated/torch.nn.Module.html#torch.nn.Module.register_full_backward_hook for more details.
{"step": 10, "epoch": 1, "train_loss": 0.68864990234375, "clip_fraction": 0.0, "gradient_norm_mean": 36.65642578125, "gradient_norm_max": 57.68693161010742, "step_seconds": 0.27507966570556164, "innovation_std_sum": 512.8644435247487, "noise_marginal_std_sum": 577.8622026533709}
{"step": 20, "epoch": 1, "train_loss": 0.6737470092773438, "clip_fraction": 0.0, "gradient_norm_mean": 34.55918359375, "gradient_norm_max": 64.4002456665039, "step_seconds": 0.27288171648979187, "innovation_std_sum": 512.8644435247487, "noise_marginal_std_sum": 577.8622026533709}
{"step": 30, "epoch": 1, "train_loss": 0.67140478515625, "clip_fraction": 0.0, "gradient_norm_mean": 34.4771953125, "gradient_norm_max": 54.472782135009766, "step_seconds": 0.2731205690652132, "innovation_std_sum": 512.8644435247487, "noise_marginal_std_sum": 577.8622026533709}
{"step": 40, "epoch": 1, "train_loss": 0.6640735473632813, "clip_fraction": 0.0, "gradient_norm_mean": 35.04616015625, "gradient_norm_max": 55.95375061035156, "step_seconds": 0.2732790093868971, "innovation_std_sum": 512.8644435247487, "noise_marginal_std_sum": 577.8622026533709}
{"step": 50, "epoch": 1, "train_loss": 0.6632139282226562, "clip_fraction": 0.0, "gradient_norm_mean": 36.168828125, "gradient_norm_max": 57.76361846923828, "step_seconds": 0.2739356532692909, "innovation_std_sum": 512.8644435247487, "noise_marginal_std_sum": 577.8622026533709}
{"step": 60, "epoch": 1, "train_loss": 0.6632926025390625, "clip_fraction": 0.0, "gradient_norm_mean": 37.5057265625, "gradient_norm_max": 60.99745559692383, "step_seconds": 0.27373986691236496, "innovation_std_sum": 512.8644435247487, "noise_marginal_std_sum": 577.8622026533709}
{"epoch": 1, "step": 62, "train_loss": 0.6719965170583417, "clip_fraction": 0.0, "epsilon": 3.1232923300753557, "accuracy": 0.6145073845578612, "validation_loss": 0.6565509973719624, "validation_examples": 5349}
{"step": 70, "epoch": 2, "train_loss": 0.650425048828125, "clip_fraction": 0.0, "gradient_norm_mean": 38.43155078125, "gradient_norm_max": 65.30416107177734, "step_seconds": 0.2734399400651455, "innovation_std_sum": 512.8644435247487, "noise_marginal_std_sum": 577.8622026533709}
{"step": 80, "epoch": 2, "train_loss": 0.6549525146484375, "clip_fraction": 0.0, "gradient_norm_mean": 40.6285703125, "gradient_norm_max": 73.15737915039062, "step_seconds": 0.27444097958505154, "innovation_std_sum": 512.8644435247487, "noise_marginal_std_sum": 577.8622026533709}
{"step": 90, "epoch": 2, "train_loss": 0.6435277099609376, "clip_fraction": 0.0, "gradient_norm_mean": 41.869875, "gradient_norm_max": 75.73847198486328, "step_seconds": 0.26108026690781116, "innovation_std_sum": 512.8644435247487, "noise_marginal_std_sum": 577.8622026533709}
{"step": 100, "epoch": 2, "train_loss": 0.6492412109375, "clip_fraction": 0.0, "gradient_norm_mean": 44.28050390625, "gradient_norm_max": 82.23795318603516, "step_seconds": 0.12916287034749985, "innovation_std_sum": 512.8644435247487, "noise_marginal_std_sum": 577.8622026533709}
{"step": 110, "epoch": 2, "train_loss": 0.6402154541015626, "clip_fraction": 0.0, "gradient_norm_mean": 46.30730859375, "gradient_norm_max": 105.1494369506836, "step_seconds": 0.27268974110484123, "innovation_std_sum": 512.8644435247487, "noise_marginal_std_sum": 577.8622026533709}
{"step": 120, "epoch": 2, "train_loss": 0.6354171752929687, "clip_fraction": 0.0, "gradient_norm_mean": 49.0089609375, "gradient_norm_max": 91.77439880371094, "step_seconds": 0.27077024057507515, "innovation_std_sum": 512.8644435247487, "noise_marginal_std_sum": 577.8622026533709}
{"epoch": 2, "step": 124, "train_loss": 0.6464005392751386, "clip_fraction": 0.0, "epsilon": 4.65092091490115, "accuracy": 0.6702187324733595, "validation_loss": 0.6251505782034135, "validation_examples": 5349}
{"step": 130, "epoch": 3, "train_loss": 0.623354736328125, "clip_fraction": 0.0, "gradient_norm_mean": 50.594859375, "gradient_norm_max": 111.04298400878906, "step_seconds": 0.275136049836874, "innovation_std_sum": 512.8644435247487, "noise_marginal_std_sum": 577.8622026533709}
{"step": 140, "epoch": 3, "train_loss": 0.6250459594726563, "clip_fraction": 0.0, "gradient_norm_mean": 53.2658515625, "gradient_norm_max": 105.7420883178711, "step_seconds": 0.27369188889861107, "innovation_std_sum": 512.8644435247487, "noise_marginal_std_sum": 577.8622026533709}
{"step": 150, "epoch": 3, "train_loss": 0.6094970703125, "clip_fraction": 0.0, "gradient_norm_mean": 55.0269296875, "gradient_norm_max": 123.1664810180664, "step_seconds": 0.27359865233302116, "innovation_std_sum": 512.8644435247487, "noise_marginal_std_sum": 577.8622026533709}
{"step": 160, "epoch": 3, "train_loss": 0.616666015625, "clip_fraction": 0.0, "gradient_norm_mean": 58.3177109375, "gradient_norm_max": 137.3302459716797, "step_seconds": 0.27373908273875713, "innovation_std_sum": 512.8644435247487, "noise_marginal_std_sum": 577.8622026533709}
{"step": 170, "epoch": 3, "train_loss": 0.6059279174804687, "clip_fraction": 0.0, "gradient_norm_mean": 60.7665390625, "gradient_norm_max": 132.61614990234375, "step_seconds": 0.2737301252782345, "innovation_std_sum": 512.8644435247487, "noise_marginal_std_sum": 577.8622026533709}
{"step": 180, "epoch": 3, "train_loss": 0.6102633666992188, "clip_fraction": 0.0, "gradient_norm_mean": 63.36785546875, "gradient_norm_max": 143.4040069580078, "step_seconds": 0.18026982620358467, "innovation_std_sum": 512.8644435247487, "noise_marginal_std_sum": 577.8622026533709}
{"epoch": 3, "step": 186, "train_loss": 0.6143276475475681, "clip_fraction": 0.0, "epsilon": 5.8971720333737725, "accuracy": 0.704991587212563, "validation_loss": 0.5829439033056156, "validation_examples": 5349}
{"step": 190, "epoch": 4, "train_loss": 0.6035247802734375, "clip_fraction": 0.0, "gradient_norm_mean": 67.460515625, "gradient_norm_max": 147.7847442626953, "step_seconds": 0.2734431065618992, "innovation_std_sum": 512.8644435247487, "noise_marginal_std_sum": 577.8622026533709}
{"step": 200, "epoch": 4, "train_loss": 0.5886383666992188, "clip_fraction": 0.0, "gradient_norm_mean": 67.7856953125, "gradient_norm_max": 154.26495361328125, "step_seconds": 0.1310303881764412, "innovation_std_sum": 512.8644435247487, "noise_marginal_std_sum": 577.8622026533709}
{"step": 210, "epoch": 4, "train_loss": 0.6008956909179688, "clip_fraction": 0.0, "gradient_norm_mean": 71.2725078125, "gradient_norm_max": 175.16114807128906, "step_seconds": 0.27482181787490845, "innovation_std_sum": 512.8644435247487, "noise_marginal_std_sum": 577.8622026533709}
{"step": 220, "epoch": 4, "train_loss": 0.577266845703125, "clip_fraction": 0.0, "gradient_norm_mean": 71.923375, "gradient_norm_max": 177.08416748046875, "step_seconds": 0.2684963122010231, "innovation_std_sum": 512.8644435247487, "noise_marginal_std_sum": 577.8622026533709}
{"step": 230, "epoch": 4, "train_loss": 0.568048583984375, "clip_fraction": 0.0, "gradient_norm_mean": 74.997890625, "gradient_norm_max": 205.68038940429688, "step_seconds": 0.2746582441031933, "innovation_std_sum": 512.8644435247487, "noise_marginal_std_sum": 577.8622026533709}
{"step": 240, "epoch": 4, "train_loss": 0.5589548950195312, "clip_fraction": 0.0, "gradient_norm_mean": 78.950875, "gradient_norm_max": 214.1766357421875, "step_seconds": 0.2753708381205797, "innovation_std_sum": 512.8644435247487, "noise_marginal_std_sum": 577.8622026533709}
{"epoch": 4, "step": 248, "train_loss": 0.5778806418142011, "clip_fraction": 0.0, "epsilon": 6.99603312968092, "accuracy": 0.7408861469433539, "validation_loss": 0.5388092130873889, "validation_examples": 5349}
{"step": 250, "epoch": 5, "train_loss": 0.5656453247070312, "clip_fraction": 0.0, "gradient_norm_mean": 77.771171875, "gradient_norm_max": 222.99913024902344, "step_seconds": 0.2717053201049566, "innovation_std_sum": 512.8644435247487, "noise_marginal_std_sum": 577.8622026533709}
{"step": 260, "epoch": 5, "train_loss": 0.537415771484375, "clip_fraction": 0.0, "gradient_norm_mean": 79.755984375, "gradient_norm_max": 213.37631225585938, "step_seconds": 0.2750628348439932, "innovation_std_sum": 512.8644435247487, "noise_marginal_std_sum": 577.8622026533709}
{"step": 270, "epoch": 5, "train_loss": 0.54460888671875, "clip_fraction": 0.0, "gradient_norm_mean": 82.098453125, "gradient_norm_max": 243.05953979492188, "step_seconds": 0.2744282241910696, "innovation_std_sum": 512.8644435247487, "noise_marginal_std_sum": 577.8622026533709}
{"step": 280, "epoch": 5, "train_loss": 0.53610498046875, "clip_fraction": 0.0, "gradient_norm_mean": 83.190234375, "gradient_norm_max": 237.93002319335938, "step_seconds": 0.27416823245584965, "innovation_std_sum": 512.8644435247487, "noise_marginal_std_sum": 577.8622026533709}
{"step": 290, "epoch": 5, "train_loss": 0.5303810424804688, "clip_fraction": 0.0, "gradient_norm_mean": 83.616390625, "gradient_norm_max": 260.2547607421875, "step_seconds": 0.27355141937732697, "innovation_std_sum": 512.8644435247487, "noise_marginal_std_sum": 577.8622026533709}
{"step": 300, "epoch": 5, "train_loss": 0.5261078491210938, "clip_fraction": 0.0, "gradient_norm_mean": 83.6430859375, "gradient_norm_max": 238.89517211914062, "step_seconds": 0.13221824914216995, "innovation_std_sum": 512.8644435247487, "noise_marginal_std_sum": 577.8622026533709}
{"step": 310, "epoch": 5, "train_loss": 0.5444691162109375, "clip_fraction": 0.0, "gradient_norm_mean": 89.03296875, "gradient_norm_max": 295.7113952636719, "step_seconds": 0.13091911189258099, "innovation_std_sum": 512.8644435247487, "noise_marginal_std_sum": 577.8622026533709}
{"epoch": 5, "step": 310, "train_loss": 0.5431768060499622, "clip_fraction": 0.0, "epsilon": 8.000000000000007, "accuracy": 0.7569639184894372, "validation_loss": 0.5063242745591137, "validation_examples": 5349}
