Loading weights:   0%|          | 0/39 [00:00<?, ?it/s]Loading weights: 100%|██████████| 39/39 [00:00<00:00, 19000.80it/s]
[transformers] [1mBertModel LOAD REPORT[0m from: /media/data/data/lt/dp-adam-correlated/cache/bert-tiny
Key                                        | Status     |  | 
-------------------------------------------+------------+--+-
cls.seq_relationship.weight                | UNEXPECTED |  | 
cls.predictions.bias                       | UNEXPECTED |  | 
cls.predictions.transform.LayerNorm.weight | UNEXPECTED |  | 
cls.predictions.transform.dense.bias       | UNEXPECTED |  | 
cls.seq_relationship.bias                  | UNEXPECTED |  | 
cls.predictions.decoder.weight             | UNEXPECTED |  | 
cls.predictions.transform.LayerNorm.bias   | UNEXPECTED |  | 
cls.predictions.transform.dense.weight     | UNEXPECTED |  | 
cls.predictions.decoder.bias               | UNEXPECTED |  | 

Notes:
- UNEXPECTED:	can be ignored when loading from different task/architecture; not ok if you expect identical arch.
sys:1: UserWarning: Full backward hook is firing when gradients are computed with respect to module outputs since no inputs require gradients. See https://docs.pytorch.org/docs/main/generated/torch.nn.Module.html#torch.nn.Module.register_full_backward_hook for more details.
{"step": 10, "epoch": 1, "train_loss": 0.8306904907226562, "clip_fraction": 0.535, "gradient_norm_mean": 185.645421875, "gradient_norm_max": 482.34405517578125, "step_seconds": 0.26689362712204456, "innovation_std_sum": 251.13722579427673, "noise_marginal_std_sum": 293.3162184778228}
{"step": 20, "epoch": 1, "train_loss": 0.775952392578125, "clip_fraction": 0.746, "gradient_norm_mean": 339.7495, "gradient_norm_max": 949.7098388671875, "step_seconds": 0.26668359339237213, "innovation_std_sum": 251.13722579427673, "noise_marginal_std_sum": 293.3162184778228}
{"step": 30, "epoch": 1, "train_loss": 0.6630653076171875, "clip_fraction": 0.804, "gradient_norm_mean": 580.5336875, "gradient_norm_max": 2019.7464599609375, "step_seconds": 0.2670065723359585, "innovation_std_sum": 251.13722579427673, "noise_marginal_std_sum": 293.3162184778228}
{"step": 40, "epoch": 1, "train_loss": 0.7427530517578125, "clip_fraction": 0.685, "gradient_norm_mean": 907.922625, "gradient_norm_max": 3985.427490234375, "step_seconds": 0.26737706176936626, "innovation_std_sum": 251.13722579427673, "noise_marginal_std_sum": 293.3162184778228}
{"step": 50, "epoch": 1, "train_loss": 0.802308837890625, "clip_fraction": 0.561, "gradient_norm_mean": 1102.656875, "gradient_norm_max": 7469.2763671875, "step_seconds": 0.2671148478984833, "innovation_std_sum": 251.13722579427673, "noise_marginal_std_sum": 293.3162184778228}
{"step": 60, "epoch": 1, "train_loss": 0.8493873291015624, "clip_fraction": 0.513, "gradient_norm_mean": 1200.914, "gradient_norm_max": 8700.7080078125, "step_seconds": 0.2591690234839916, "innovation_std_sum": 251.13722579427673, "noise_marginal_std_sum": 293.3162184778228}
{"epoch": 1, "step": 62, "train_loss": 0.7501269127630419, "clip_fraction": 0.6435, "epsilon": 3.054089440266451, "accuracy": 0.7607029351280613, "validation_loss": 0.8627555862857507, "validation_examples": 5349}
{"step": 70, "epoch": 2, "train_loss": 0.833195068359375, "clip_fraction": 0.483, "gradient_norm_mean": 1142.811625, "gradient_norm_max": 7545.50732421875, "step_seconds": 0.1894354484975338, "innovation_std_sum": 251.13722579427673, "noise_marginal_std_sum": 293.3162184778228}
{"step": 80, "epoch": 2, "train_loss": 0.7743248291015625, "clip_fraction": 0.482, "gradient_norm_mean": 1038.446, "gradient_norm_max": 7218.2470703125, "step_seconds": 0.2683071717619896, "innovation_std_sum": 251.13722579427673, "noise_marginal_std_sum": 293.3162184778228}
{"step": 90, "epoch": 2, "train_loss": 0.7370433349609375, "clip_fraction": 0.421, "gradient_norm_mean": 865.916625, "gradient_norm_max": 7747.4296875, "step_seconds": 0.26965775713324547, "innovation_std_sum": 251.13722579427673, "noise_marginal_std_sum": 293.3162184778228}
{"step": 100, "epoch": 2, "train_loss": 0.7407796020507813, "clip_fraction": 0.423, "gradient_norm_mean": 942.5380625, "gradient_norm_max": 9010.369140625, "step_seconds": 0.2685713116079569, "innovation_std_sum": 251.13722579427673, "noise_marginal_std_sum": 293.3162184778228}
{"step": 110, "epoch": 2, "train_loss": 0.6617066650390625, "clip_fraction": 0.402, "gradient_norm_mean": 905.920625, "gradient_norm_max": 9729.212890625, "step_seconds": 0.2691906467080116, "innovation_std_sum": 251.13722579427673, "noise_marginal_std_sum": 293.3162184778228}
{"step": 120, "epoch": 2, "train_loss": 0.63110107421875, "clip_fraction": 0.396, "gradient_norm_mean": 864.7220625, "gradient_norm_max": 8378.1240234375, "step_seconds": 0.17975313030183315, "innovation_std_sum": 251.13722579427673, "noise_marginal_std_sum": 293.3162184778228}
{"epoch": 2, "step": 124, "train_loss": 0.7422317130796371, "clip_fraction": 0.4481612903225806, "epsilon": 4.610238743691153, "accuracy": 0.7915498223967097, "validation_loss": 0.7162249513955222, "validation_examples": 5349}
{"step": 130, "epoch": 3, "train_loss": 0.6627783203125, "clip_fraction": 0.416, "gradient_norm_mean": 939.671125, "gradient_norm_max": 8033.11376953125, "step_seconds": 0.2717644274234772, "innovation_std_sum": 251.13722579427673, "noise_marginal_std_sum": 293.3162184778228}
{"step": 140, "epoch": 3, "train_loss": 0.6866773681640626, "clip_fraction": 0.406, "gradient_norm_mean": 1004.6670625, "gradient_norm_max": 11113.5458984375, "step_seconds": 0.2707271706312895, "innovation_std_sum": 251.13722579427673, "noise_marginal_std_sum": 293.3162184778228}
{"step": 150, "epoch": 3, "train_loss": 0.692486572265625, "clip_fraction": 0.388, "gradient_norm_mean": 957.814125, "gradient_norm_max": 9287.009765625, "step_seconds": 0.27063858322799206, "innovation_std_sum": 251.13722579427673, "noise_marginal_std_sum": 293.3162184778228}
{"step": 160, "epoch": 3, "train_loss": 0.7036910400390625, "clip_fraction": 0.401, "gradient_norm_mean": 904.972625, "gradient_norm_max": 10485.4775390625, "step_seconds": 0.27270399406552315, "innovation_std_sum": 251.13722579427673, "noise_marginal_std_sum": 293.3162184778228}
{"step": 170, "epoch": 3, "train_loss": 0.6961778564453125, "clip_fraction": 0.393, "gradient_norm_mean": 982.719, "gradient_norm_max": 15388.9423828125, "step_seconds": 0.27214672416448593, "innovation_std_sum": 251.13722579427673, "noise_marginal_std_sum": 293.3162184778228}
{"step": 180, "epoch": 3, "train_loss": 0.7024716796875, "clip_fraction": 0.387, "gradient_norm_mean": 876.95025, "gradient_norm_max": 13186.4482421875, "step_seconds": 0.27182040736079216, "innovation_std_sum": 251.13722579427673, "noise_marginal_std_sum": 293.3162184778228}
{"epoch": 3, "step": 186, "train_loss": 0.6612348130749118, "clip_fraction": 0.3878225806451613, "epsilon": 5.873890881586911, "accuracy": 0.806692839783137, "validation_loss": 0.6564154561645942, "validation_examples": 5349}
{"step": 190, "epoch": 4, "train_loss": 0.528580078125, "clip_fraction": 0.358, "gradient_norm_mean": 794.2298125, "gradient_norm_max": 10940.69921875, "step_seconds": 0.1320864073932171, "innovation_std_sum": 251.13722579427673, "noise_marginal_std_sum": 293.3162184778228}
{"step": 200, "epoch": 4, "train_loss": 0.64947607421875, "clip_fraction": 0.379, "gradient_norm_mean": 870.341875, "gradient_norm_max": 14983.55078125, "step_seconds": 0.27257158048450947, "innovation_std_sum": 251.13722579427673, "noise_marginal_std_sum": 293.3162184778228}
{"step": 210, "epoch": 4, "train_loss": 0.6377225341796875, "clip_fraction": 0.369, "gradient_norm_mean": 904.193375, "gradient_norm_max": 11887.6748046875, "step_seconds": 0.2703872676938772, "innovation_std_sum": 251.13722579427673, "noise_marginal_std_sum": 293.3162184778228}
{"step": 220, "epoch": 4, "train_loss": 0.5864539184570312, "clip_fraction": 0.338, "gradient_norm_mean": 765.688375, "gradient_norm_max": 11393.158203125, "step_seconds": 0.27244698256254196, "innovation_std_sum": 251.13722579427673, "noise_marginal_std_sum": 293.3162184778228}
{"step": 230, "epoch": 4, "train_loss": 0.6225288696289063, "clip_fraction": 0.356, "gradient_norm_mean": 830.646375, "gradient_norm_max": 14197.3154296875, "step_seconds": 0.2675670813769102, "innovation_std_sum": 251.13722579427673, "noise_marginal_std_sum": 293.3162184778228}
{"step": 240, "epoch": 4, "train_loss": 0.631876708984375, "clip_fraction": 0.337, "gradient_norm_mean": 852.794375, "gradient_norm_max": 10578.3427734375, "step_seconds": 0.2678920850157738, "innovation_std_sum": 251.13722579427673, "noise_marginal_std_sum": 293.3162184778228}
{"epoch": 4, "step": 248, "train_loss": 0.6138405387632309, "clip_fraction": 0.34403225806451615, "epsilon": 6.985551657770655, "accuracy": 0.8143578238923164, "validation_loss": 0.6401420367902897, "validation_examples": 5349}
{"step": 250, "epoch": 5, "train_loss": 0.659949462890625, "clip_fraction": 0.319, "gradient_norm_mean": 797.145125, "gradient_norm_max": 13624.654296875, "step_seconds": 0.2652079872786999, "innovation_std_sum": 251.13722579427673, "noise_marginal_std_sum": 293.3162184778228}
{"step": 260, "epoch": 5, "train_loss": 0.64392626953125, "clip_fraction": 0.323, "gradient_norm_mean": 794.6045, "gradient_norm_max": 12827.3642578125, "step_seconds": 0.27175309509038925, "innovation_std_sum": 251.13722579427673, "noise_marginal_std_sum": 293.3162184778228}
{"step": 270, "epoch": 5, "train_loss": 0.5684556884765625, "clip_fraction": 0.313, "gradient_norm_mean": 701.0003125, "gradient_norm_max": 13180.580078125, "step_seconds": 0.2721629720181227, "innovation_std_sum": 251.13722579427673, "noise_marginal_std_sum": 293.3162184778228}
{"step": 280, "epoch": 5, "train_loss": 0.5904423217773438, "clip_fraction": 0.323, "gradient_norm_mean": 786.75425, "gradient_norm_max": 10840.8154296875, "step_seconds": 0.27485788241028786, "innovation_std_sum": 251.13722579427673, "noise_marginal_std_sum": 293.3162184778228}
{"step": 290, "epoch": 5, "train_loss": 0.5845106201171875, "clip_fraction": 0.308, "gradient_norm_mean": 829.9785625, "gradient_norm_max": 16655.8828125, "step_seconds": 0.2744827512651682, "innovation_std_sum": 251.13722579427673, "noise_marginal_std_sum": 293.3162184778228}
{"step": 300, "epoch": 5, "train_loss": 0.5369708251953125, "clip_fraction": 0.301, "gradient_norm_mean": 766.9004375, "gradient_norm_max": 14049.650390625, "step_seconds": 0.27435970492661, "innovation_std_sum": 251.13722579427673, "noise_marginal_std_sum": 293.3162184778228}
{"step": 310, "epoch": 5, "train_loss": 0.6240228881835937, "clip_fraction": 0.314, "gradient_norm_mean": 793.4775, "gradient_norm_max": 19383.365234375, "step_seconds": 0.13527118787169456, "innovation_std_sum": 251.13722579427673, "noise_marginal_std_sum": 293.3162184778228}
{"epoch": 5, "step": 310, "train_loss": 0.5915484471474924, "clip_fraction": 0.31290322580645163, "epsilon": 8.000000000000005, "accuracy": 0.8235184146569452, "validation_loss": 0.6042648175650165, "validation_examples": 5349}
