/home/longt29/miniconda3/envs/curve/lib/python3.11/site-packages/torchvision/datasets/cifar.py:83: VisibleDeprecationWarning: dtype(): align should be passed as Python or NumPy boolean but got `align=0`. Did you mean to pass a tuple to create a subarray type? (Deprecated NumPy 2.4)
  entry = pickle.load(f, encoding="latin1")
sys:1: UserWarning: Full backward hook is firing when gradients are computed with respect to module outputs since no inputs require gradients. See https://docs.pytorch.org/docs/main/generated/torch.nn.Module.html#torch.nn.Module.register_full_backward_hook for more details.
{"step": 10, "epoch": 1, "train_loss": 4.783350463867188, "clip_fraction": 0.637, "gradient_norm_mean": 113.791765625, "gradient_norm_max": 259.6728820800781, "step_seconds": 1.9478264469653368, "innovation_std_sum": 480.2677029195636, "noise_marginal_std_sum": 662.4392459832405}
{"step": 20, "epoch": 1, "train_loss": 4.659413818359375, "clip_fraction": 0.228, "gradient_norm_mean": 87.830982421875, "gradient_norm_max": 167.82066345214844, "step_seconds": 1.9466996230185032, "innovation_std_sum": 480.2677029195636, "noise_marginal_std_sum": 662.4392459832405}
{"step": 30, "epoch": 1, "train_loss": 4.605080078125, "clip_fraction": 0.115, "gradient_norm_mean": 78.94540625, "gradient_norm_max": 151.13681030273438, "step_seconds": 1.9552389215677977, "innovation_std_sum": 480.2677029195636, "noise_marginal_std_sum": 662.4392459832405}
{"step": 40, "epoch": 1, "train_loss": 4.531408569335937, "clip_fraction": 0.093, "gradient_norm_mean": 75.498263671875, "gradient_norm_max": 159.07177734375, "step_seconds": 1.956825751811266, "innovation_std_sum": 480.2677029195636, "noise_marginal_std_sum": 662.4392459832405}
{"epoch": 1, "step": 45, "train_loss": 4.6740567925347225, "clip_fraction": 0.3547777777777778, "epsilon": 2.805247463992718, "accuracy": 0.0354, "validation_loss": 4.42756904296875, "validation_examples": 5000}
{"step": 50, "epoch": 2, "train_loss": 4.417399169921875, "clip_fraction": 0.091, "gradient_norm_mean": 75.582875, "gradient_norm_max": 155.282958984375, "step_seconds": 1.9222397357225418, "innovation_std_sum": 480.2677029195636, "noise_marginal_std_sum": 662.4392459832405}
{"step": 60, "epoch": 2, "train_loss": 4.351765380859375, "clip_fraction": 0.119, "gradient_norm_mean": 77.27085546875, "gradient_norm_max": 149.7421875, "step_seconds": 1.9497908670455217, "innovation_std_sum": 480.2677029195636, "noise_marginal_std_sum": 662.4392459832405}
{"step": 70, "epoch": 2, "train_loss": 4.2561025390625, "clip_fraction": 0.151, "gradient_norm_mean": 80.6963203125, "gradient_norm_max": 172.61097717285156, "step_seconds": 1.9544613007456064, "innovation_std_sum": 480.2677029195636, "noise_marginal_std_sum": 662.4392459832405}
{"step": 80, "epoch": 2, "train_loss": 4.214275512695313, "clip_fraction": 0.194, "gradient_norm_mean": 83.879974609375, "gradient_norm_max": 171.57620239257812, "step_seconds": 1.9560795351862907, "innovation_std_sum": 480.2677029195636, "noise_marginal_std_sum": 662.4392459832405}
{"step": 90, "epoch": 2, "train_loss": 4.143507690429687, "clip_fraction": 0.305, "gradient_norm_mean": 90.24400390625, "gradient_norm_max": 169.27122497558594, "step_seconds": 1.9583071172237396, "innovation_std_sum": 480.2677029195636, "noise_marginal_std_sum": 662.4392459832405}
{"epoch": 2, "step": 90, "train_loss": 4.296386865234375, "clip_fraction": 0.16168888888888888, "epsilon": 4.447471925552444, "accuracy": 0.0984, "validation_loss": 4.033878625488281, "validation_examples": 5000}
{"step": 100, "epoch": 3, "train_loss": 4.04517724609375, "clip_fraction": 0.411, "gradient_norm_mean": 95.899484375, "gradient_norm_max": 216.3245086669922, "step_seconds": 1.9599093310534954, "innovation_std_sum": 480.2677029195636, "noise_marginal_std_sum": 662.4392459832405}
{"step": 110, "epoch": 3, "train_loss": 3.9129414672851563, "clip_fraction": 0.513, "gradient_norm_mean": 101.518845703125, "gradient_norm_max": 195.01141357421875, "step_seconds": 1.9339553732424974, "innovation_std_sum": 480.2677029195636, "noise_marginal_std_sum": 662.4392459832405}
{"step": 120, "epoch": 3, "train_loss": 3.857385498046875, "clip_fraction": 0.629, "gradient_norm_mean": 108.133791015625, "gradient_norm_max": 228.64454650878906, "step_seconds": 1.971050476655364, "innovation_std_sum": 480.2677029195636, "noise_marginal_std_sum": 662.4392459832405}
{"step": 130, "epoch": 3, "train_loss": 3.761058410644531, "clip_fraction": 0.647, "gradient_norm_mean": 111.2018984375, "gradient_norm_max": 256.607177734375, "step_seconds": 1.9606804195791483, "innovation_std_sum": 480.2677029195636, "noise_marginal_std_sum": 662.4392459832405}
{"epoch": 3, "step": 135, "train_loss": 3.893423053656684, "clip_fraction": 0.5236888888888889, "epsilon": 5.779485746307642, "accuracy": 0.1972, "validation_loss": 3.5134521484375, "validation_examples": 5000}
{"step": 140, "epoch": 4, "train_loss": 3.5744141845703123, "clip_fraction": 0.701, "gradient_norm_mean": 115.233234375, "gradient_norm_max": 343.1711120605469, "step_seconds": 2.000342423096299, "innovation_std_sum": 480.2677029195636, "noise_marginal_std_sum": 662.4392459832405}
{"step": 150, "epoch": 4, "train_loss": 3.5296058349609374, "clip_fraction": 0.761, "gradient_norm_mean": 119.8143828125, "gradient_norm_max": 310.2429504394531, "step_seconds": 1.954104844480753, "innovation_std_sum": 480.2677029195636, "noise_marginal_std_sum": 662.4392459832405}
{"step": 160, "epoch": 4, "train_loss": 3.4289711303710937, "clip_fraction": 0.808, "gradient_norm_mean": 123.01260546875, "gradient_norm_max": 294.22442626953125, "step_seconds": 1.9609879814088345, "innovation_std_sum": 480.2677029195636, "noise_marginal_std_sum": 662.4392459832405}
{"step": 170, "epoch": 4, "train_loss": 3.320875549316406, "clip_fraction": 0.808, "gradient_norm_mean": 124.851130859375, "gradient_norm_max": 296.9512023925781, "step_seconds": 1.962310316041112, "innovation_std_sum": 480.2677029195636, "noise_marginal_std_sum": 662.4392459832405}
{"step": 180, "epoch": 4, "train_loss": 3.264080993652344, "clip_fraction": 0.863, "gradient_norm_mean": 127.47496875, "gradient_norm_max": 346.95550537109375, "step_seconds": 1.9594672843813896, "innovation_std_sum": 480.2677029195636, "noise_marginal_std_sum": 662.4392459832405}
{"epoch": 4, "step": 180, "train_loss": 3.4409609822591145, "clip_fraction": 0.7795777777777778, "epsilon": 6.943065470652319, "accuracy": 0.2964, "validation_loss": 3.0025504150390625, "validation_examples": 5000}
{"step": 190, "epoch": 5, "train_loss": 3.171138732910156, "clip_fraction": 0.849, "gradient_norm_mean": 129.628654296875, "gradient_norm_max": 296.6133117675781, "step_seconds": 1.9499537497758865, "innovation_std_sum": 480.2677029195636, "noise_marginal_std_sum": 662.4392459832405}
{"step": 200, "epoch": 5, "train_loss": 3.0793119506835938, "clip_fraction": 0.85, "gradient_norm_mean": 132.50525390625, "gradient_norm_max": 358.0815124511719, "step_seconds": 1.9567768946290016, "innovation_std_sum": 480.2677029195636, "noise_marginal_std_sum": 662.4392459832405}
{"step": 210, "epoch": 5, "train_loss": 3.0284298095703126, "clip_fraction": 0.852, "gradient_norm_mean": 132.799912109375, "gradient_norm_max": 360.96319580078125, "step_seconds": 1.9836896564811468, "innovation_std_sum": 480.2677029195636, "noise_marginal_std_sum": 662.4392459832405}
{"step": 220, "epoch": 5, "train_loss": 2.929684814453125, "clip_fraction": 0.841, "gradient_norm_mean": 133.926984375, "gradient_norm_max": 372.1189270019531, "step_seconds": 1.9625526815652847, "innovation_std_sum": 480.2677029195636, "noise_marginal_std_sum": 662.4392459832405}
{"epoch": 5, "step": 225, "train_loss": 3.035565308973524, "clip_fraction": 0.8413111111111111, "epsilon": 8.000000000000005, "accuracy": 0.3876, "validation_loss": 2.5893306762695314, "validation_examples": 5000}
