/home/longt29/miniconda3/envs/curve/lib/python3.11/site-packages/torchvision/datasets/cifar.py:83: VisibleDeprecationWarning: dtype(): align should be passed as Python or NumPy boolean but got `align=0`. Did you mean to pass a tuple to create a subarray type? (Deprecated NumPy 2.4)
  entry = pickle.load(f, encoding="latin1")
sys:1: UserWarning: Full backward hook is firing when gradients are computed with respect to module outputs since no inputs require gradients. See https://docs.pytorch.org/docs/main/generated/torch.nn.Module.html#torch.nn.Module.register_full_backward_hook for more details.
{"step": 10, "epoch": 1, "train_loss": 4.5773798828125, "clip_fraction": 1.0, "gradient_norm_mean": 356.6655625, "gradient_norm_max": 689.6753540039062, "step_seconds": 1.9551421981304884, "innovation_std_sum": 341.91118707283454, "noise_marginal_std_sum": 385.2432239518329}
{"step": 20, "epoch": 1, "train_loss": 4.325547973632813, "clip_fraction": 1.0, "gradient_norm_mean": 353.3941875, "gradient_norm_max": 714.2996826171875, "step_seconds": 1.9641775153577328, "innovation_std_sum": 341.91118707283454, "noise_marginal_std_sum": 385.2432239518329}
{"step": 30, "epoch": 1, "train_loss": 4.056765930175781, "clip_fraction": 1.0, "gradient_norm_mean": 431.1849609375, "gradient_norm_max": 842.34716796875, "step_seconds": 2.0010179188102484, "innovation_std_sum": 341.91118707283454, "noise_marginal_std_sum": 385.2432239518329}
{"step": 40, "epoch": 1, "train_loss": 3.725507873535156, "clip_fraction": 1.0, "gradient_norm_mean": 550.077984375, "gradient_norm_max": 1164.5638427734375, "step_seconds": 1.9869919177144766, "innovation_std_sum": 341.91118707283454, "noise_marginal_std_sum": 385.2432239518329}
{"epoch": 1, "step": 45, "train_loss": 4.224496179199218, "clip_fraction": 0.9999777777777777, "epsilon": 3.1232761473275077, "accuracy": 0.2452, "validation_loss": 3.278794396972656, "validation_examples": 5000}
{"step": 50, "epoch": 2, "train_loss": 3.3180521850585936, "clip_fraction": 1.0, "gradient_norm_mean": 621.565421875, "gradient_norm_max": 1822.9815673828125, "step_seconds": 1.9751920532435179, "innovation_std_sum": 341.91118707283454, "noise_marginal_std_sum": 385.2432239518329}
{"step": 60, "epoch": 2, "train_loss": 3.068509460449219, "clip_fraction": 0.996, "gradient_norm_mean": 658.699765625, "gradient_norm_max": 2422.4033203125, "step_seconds": 1.989344047382474, "innovation_std_sum": 341.91118707283454, "noise_marginal_std_sum": 385.2432239518329}
{"step": 70, "epoch": 2, "train_loss": 2.7320328369140623, "clip_fraction": 0.987, "gradient_norm_mean": 655.728234375, "gradient_norm_max": 2343.776611328125, "step_seconds": 1.9731684103608131, "innovation_std_sum": 341.91118707283454, "noise_marginal_std_sum": 385.2432239518329}
{"step": 80, "epoch": 2, "train_loss": 2.6454407958984376, "clip_fraction": 0.977, "gradient_norm_mean": 678.454515625, "gradient_norm_max": 2548.529052734375, "step_seconds": 2.036805348470807, "innovation_std_sum": 341.91118707283454, "noise_marginal_std_sum": 385.2432239518329}
{"step": 90, "epoch": 2, "train_loss": 2.4731245727539064, "clip_fraction": 0.967, "gradient_norm_mean": 690.49053125, "gradient_norm_max": 3191.443115234375, "step_seconds": 2.012691844254732, "innovation_std_sum": 341.91118707283454, "noise_marginal_std_sum": 385.2432239518329}
{"epoch": 2, "step": 90, "train_loss": 2.890367590332031, "clip_fraction": 0.9863111111111111, "epsilon": 4.650911679155922, "accuracy": 0.4944, "validation_loss": 2.06750244140625, "validation_examples": 5000}
{"step": 100, "epoch": 3, "train_loss": 2.2774521484375, "clip_fraction": 0.949, "gradient_norm_mean": 681.45378125, "gradient_norm_max": 2444.58544921875, "step_seconds": 1.9652903005480766, "innovation_std_sum": 341.91118707283454, "noise_marginal_std_sum": 385.2432239518329}
{"step": 110, "epoch": 3, "train_loss": 2.1535763549804687, "clip_fraction": 0.93, "gradient_norm_mean": 677.508421875, "gradient_norm_max": 3904.913818359375, "step_seconds": 1.9788846988230944, "innovation_std_sum": 341.91118707283454, "noise_marginal_std_sum": 385.2432239518329}
{"step": 120, "epoch": 3, "train_loss": 2.0758226318359374, "clip_fraction": 0.915, "gradient_norm_mean": 684.486453125, "gradient_norm_max": 3071.053466796875, "step_seconds": 2.033520318567753, "innovation_std_sum": 341.91118707283454, "noise_marginal_std_sum": 385.2432239518329}
{"step": 130, "epoch": 3, "train_loss": 1.9545182189941406, "clip_fraction": 0.904, "gradient_norm_mean": 672.880828125, "gradient_norm_max": 2858.1083984375, "step_seconds": 2.0701895244419575, "innovation_std_sum": 341.91118707283454, "noise_marginal_std_sum": 385.2432239518329}
{"epoch": 3, "step": 135, "train_loss": 2.1702392808702258, "clip_fraction": 0.9234222222222223, "epsilon": 5.897166745944286, "accuracy": 0.6034, "validation_loss": 1.5380949462890625, "validation_examples": 5000}
{"step": 140, "epoch": 4, "train_loss": 1.9174030151367187, "clip_fraction": 0.856, "gradient_norm_mean": 661.341515625, "gradient_norm_max": 4497.90869140625, "step_seconds": 1.9631700068712234, "innovation_std_sum": 341.91118707283454, "noise_marginal_std_sum": 385.2432239518329}
{"step": 150, "epoch": 4, "train_loss": 1.9096906127929687, "clip_fraction": 0.847, "gradient_norm_mean": 680.072734375, "gradient_norm_max": 3974.16162109375, "step_seconds": 1.9705706890672445, "innovation_std_sum": 341.91118707283454, "noise_marginal_std_sum": 385.2432239518329}
{"step": 160, "epoch": 4, "train_loss": 1.8857561340332032, "clip_fraction": 0.843, "gradient_norm_mean": 695.27490625, "gradient_norm_max": 3442.1142578125, "step_seconds": 2.013103075325489, "innovation_std_sum": 341.91118707283454, "noise_marginal_std_sum": 385.2432239518329}
{"step": 170, "epoch": 4, "train_loss": 1.7715618896484375, "clip_fraction": 0.835, "gradient_norm_mean": 672.596640625, "gradient_norm_max": 3591.453125, "step_seconds": 2.040619095787406, "innovation_std_sum": 341.91118707283454, "noise_marginal_std_sum": 385.2432239518329}
{"step": 180, "epoch": 4, "train_loss": 1.7363896484375, "clip_fraction": 0.819, "gradient_norm_mean": 666.3560625, "gradient_norm_max": 3251.150146484375, "step_seconds": 2.0149158649146557, "innovation_std_sum": 341.91118707283454, "noise_marginal_std_sum": 385.2432239518329}
{"epoch": 4, "step": 180, "train_loss": 1.8422610324435764, "clip_fraction": 0.8497777777777777, "epsilon": 6.9960307474663415, "accuracy": 0.6564, "validation_loss": 1.2653060791015625, "validation_examples": 5000}
{"step": 190, "epoch": 5, "train_loss": 1.6752187805175782, "clip_fraction": 0.814, "gradient_norm_mean": 678.03078125, "gradient_norm_max": 3759.388427734375, "step_seconds": 1.9981292765587568, "innovation_std_sum": 341.91118707283454, "noise_marginal_std_sum": 385.2432239518329}
{"step": 200, "epoch": 5, "train_loss": 1.6742941284179687, "clip_fraction": 0.813, "gradient_norm_mean": 681.6859375, "gradient_norm_max": 4086.72998046875, "step_seconds": 1.9975722935050726, "innovation_std_sum": 341.91118707283454, "noise_marginal_std_sum": 385.2432239518329}
{"step": 210, "epoch": 5, "train_loss": 1.7113779907226563, "clip_fraction": 0.771, "gradient_norm_mean": 683.320515625, "gradient_norm_max": 3663.633056640625, "step_seconds": 2.0020256526768208, "innovation_std_sum": 341.91118707283454, "noise_marginal_std_sum": 385.2432239518329}
{"step": 220, "epoch": 5, "train_loss": 1.6309684448242188, "clip_fraction": 0.792, "gradient_norm_mean": 694.58684375, "gradient_norm_max": 3231.17578125, "step_seconds": 2.00029593706131, "innovation_std_sum": 341.91118707283454, "noise_marginal_std_sum": 385.2432239518329}
{"epoch": 5, "step": 225, "train_loss": 1.6553782484266493, "clip_fraction": 0.7941111111111111, "epsilon": 8.000000000000005, "accuracy": 0.693, "validation_loss": 1.1029067657470704, "validation_examples": 5000}
