Loading weights:   0%|          | 0/39 [00:00<?, ?it/s]Loading weights: 100%|██████████| 39/39 [00:00<00:00, 18213.77it/s]
[transformers] [1mBertModel LOAD REPORT[0m from: /media/data/data/lt/dp-adam-correlated/cache/bert-tiny
Key                                        | Status     |  | 
-------------------------------------------+------------+--+-
cls.seq_relationship.weight                | UNEXPECTED |  | 
cls.predictions.bias                       | UNEXPECTED |  | 
cls.predictions.transform.LayerNorm.weight | UNEXPECTED |  | 
cls.predictions.decoder.bias               | UNEXPECTED |  | 
cls.predictions.transform.LayerNorm.bias   | UNEXPECTED |  | 
cls.predictions.transform.dense.bias       | UNEXPECTED |  | 
cls.predictions.transform.dense.weight     | UNEXPECTED |  | 
cls.seq_relationship.bias                  | UNEXPECTED |  | 
cls.predictions.decoder.weight             | UNEXPECTED |  | 

Notes:
- UNEXPECTED:	can be ignored when loading from different task/architecture; not ok if you expect identical arch.
sys:1: UserWarning: Full backward hook is firing when gradients are computed with respect to module outputs since no inputs require gradients. See https://docs.pytorch.org/docs/main/generated/torch.nn.Module.html#torch.nn.Module.register_full_backward_hook for more details.
{"step": 62, "epoch": 1.0, "train_loss": 0.6280843860257057, "clip_fraction": 0.5621290322580647, "validation_loss": 0.6097390892308786, "accuracy": 0.7052752293577982, "validation_examples": 872, "epsilon": 2.983473211150575}
{"step": 124, "epoch": 2.0, "train_loss": 0.6194974699943296, "clip_fraction": 0.5626935483870967, "validation_loss": 0.7072925655120009, "accuracy": 0.7408256880733946, "validation_examples": 872, "epsilon": 4.566965972959099}
{"step": 186, "epoch": 3.0, "train_loss": 0.6409484154485888, "clip_fraction": 0.47454838709677416, "validation_loss": 0.7470149512684673, "accuracy": 0.7649082568807339, "validation_examples": 872, "epsilon": 5.849088165717443}
{"step": 248, "epoch": 4.0, "train_loss": 0.6286095098680066, "clip_fraction": 0.43625806451612903, "validation_loss": 0.74677061378409, "accuracy": 0.7626146788990825, "validation_examples": 872, "epsilon": 6.974398475295221}
{"step": 310, "epoch": 5.0, "train_loss": 0.6055388646279611, "clip_fraction": 0.41187096774193555, "validation_loss": 0.7447203496180543, "accuracy": 0.7660550458715596, "validation_examples": 872, "epsilon": 8.000000000000005}
