/home/longt29/miniconda3/envs/curve/lib/python3.11/site-packages/torchvision/datasets/cifar.py:83: VisibleDeprecationWarning: dtype(): align should be passed as Python or NumPy boolean but got `align=0`. Did you mean to pass a tuple to create a subarray type? (Deprecated NumPy 2.4)
  entry = pickle.load(f, encoding="latin1")
sys:1: UserWarning: Full backward hook is firing when gradients are computed with respect to module outputs since no inputs require gradients. See https://docs.pytorch.org/docs/main/generated/torch.nn.Module.html#torch.nn.Module.register_full_backward_hook for more details.
{"step": 10, "epoch": 1, "train_loss": 4.719005615234375, "clip_fraction": 0.145, "gradient_norm_mean": 79.788142578125, "gradient_norm_max": 171.09918212890625, "step_seconds": 1.9606496430933475, "innovation_std_sum": 1565.691329168733, "noise_marginal_std_sum": 2159.577621464048}
{"step": 20, "epoch": 1, "train_loss": 4.619651733398437, "clip_fraction": 0.0, "gradient_norm_mean": 30.3397587890625, "gradient_norm_max": 63.24571990966797, "step_seconds": 1.9372470173984766, "innovation_std_sum": 1565.691329168733, "noise_marginal_std_sum": 2159.577621464048}
{"step": 30, "epoch": 1, "train_loss": 4.610683471679687, "clip_fraction": 0.0, "gradient_norm_mean": 17.43665625, "gradient_norm_max": 41.58070373535156, "step_seconds": 2.006121691316366, "innovation_std_sum": 1565.691329168733, "noise_marginal_std_sum": 2159.577621464048}
{"step": 40, "epoch": 1, "train_loss": 4.58135693359375, "clip_fraction": 0.0, "gradient_norm_mean": 11.699974853515625, "gradient_norm_max": 30.337932586669922, "step_seconds": 1.9724145792424679, "innovation_std_sum": 1565.691329168733, "noise_marginal_std_sum": 2159.577621464048}
{"step": 50, "epoch": 1, "train_loss": 4.561145874023437, "clip_fraction": 0.0, "gradient_norm_mean": 8.467921875, "gradient_norm_max": 19.308509826660156, "step_seconds": 1.9925053175538778, "innovation_std_sum": 1565.691329168733, "noise_marginal_std_sum": 2159.577621464048}
{"epoch": 1, "step": 50, "train_loss": 4.669755688476562, "clip_fraction": 0.15682, "epsilon": 0.7589568848812435, "accuracy": 0.0225, "validation_loss": 4.559516271972656, "validation_examples": 10000}
{"step": 60, "epoch": 2, "train_loss": 4.550346801757812, "clip_fraction": 0.0, "gradient_norm_mean": 6.346377319335938, "gradient_norm_max": 15.313557624816895, "step_seconds": 1.955936249345541, "innovation_std_sum": 1565.691329168733, "noise_marginal_std_sum": 2159.577621464048}
{"step": 70, "epoch": 2, "train_loss": 4.564052734375, "clip_fraction": 0.0, "gradient_norm_mean": 4.960730102539062, "gradient_norm_max": 10.816117286682129, "step_seconds": 1.968726770952344, "innovation_std_sum": 1565.691329168733, "noise_marginal_std_sum": 2159.577621464048}
{"step": 80, "epoch": 2, "train_loss": 4.585259765625, "clip_fraction": 0.0, "gradient_norm_mean": 4.035697814941407, "gradient_norm_max": 8.688262939453125, "step_seconds": 2.0155253876000643, "innovation_std_sum": 1565.691329168733, "noise_marginal_std_sum": 2159.577621464048}
{"step": 90, "epoch": 2, "train_loss": 4.538498046875, "clip_fraction": 0.0, "gradient_norm_mean": 3.438977294921875, "gradient_norm_max": 7.255481243133545, "step_seconds": 2.001717709004879, "innovation_std_sum": 1565.691329168733, "noise_marginal_std_sum": 2159.577621464048}
{"step": 100, "epoch": 2, "train_loss": 4.55473828125, "clip_fraction": 0.0, "gradient_norm_mean": 2.852116455078125, "gradient_norm_max": 5.882416248321533, "step_seconds": 2.0098189171403646, "innovation_std_sum": 1565.691329168733, "noise_marginal_std_sum": 2159.577621464048}
{"epoch": 2, "step": 100, "train_loss": 4.563857014160156, "clip_fraction": 0.0, "epsilon": 1.165123967245735, "accuracy": 0.027, "validation_loss": 4.538929406738281, "validation_examples": 10000}
{"step": 110, "epoch": 3, "train_loss": 4.545850341796875, "clip_fraction": 0.0, "gradient_norm_mean": 2.3982537231445313, "gradient_norm_max": 4.864889621734619, "step_seconds": 1.9709430523216724, "innovation_std_sum": 1565.691329168733, "noise_marginal_std_sum": 2159.577621464048}
{"step": 120, "epoch": 3, "train_loss": 4.5656796875, "clip_fraction": 0.0, "gradient_norm_mean": 2.05788818359375, "gradient_norm_max": 5.107415676116943, "step_seconds": 1.981452802196145, "innovation_std_sum": 1565.691329168733, "noise_marginal_std_sum": 2159.577621464048}
{"step": 130, "epoch": 3, "train_loss": 4.560190063476562, "clip_fraction": 0.0, "gradient_norm_mean": 1.8347269287109376, "gradient_norm_max": 4.44415807723999, "step_seconds": 2.0051589496433735, "innovation_std_sum": 1565.691329168733, "noise_marginal_std_sum": 2159.577621464048}
{"step": 140, "epoch": 3, "train_loss": 4.544307495117187, "clip_fraction": 0.0, "gradient_norm_mean": 1.6004409790039062, "gradient_norm_max": 3.9388844966888428, "step_seconds": 2.0059755370020866, "innovation_std_sum": 1565.691329168733, "noise_marginal_std_sum": 2159.577621464048}
{"step": 150, "epoch": 3, "train_loss": 4.560952758789062, "clip_fraction": 0.0, "gradient_norm_mean": 1.419939697265625, "gradient_norm_max": 3.3988003730773926, "step_seconds": 2.0193246714770794, "innovation_std_sum": 1565.691329168733, "noise_marginal_std_sum": 2159.577621464048}
{"epoch": 3, "step": 150, "train_loss": 4.559058298339844, "clip_fraction": 0.0, "epsilon": 1.4839967071211682, "accuracy": 0.0283, "validation_loss": 4.540920275878906, "validation_examples": 10000}
{"step": 160, "epoch": 4, "train_loss": 4.532645141601562, "clip_fraction": 0.0, "gradient_norm_mean": 1.287349365234375, "gradient_norm_max": 2.728639841079712, "step_seconds": 1.947851998731494, "innovation_std_sum": 1565.691329168733, "noise_marginal_std_sum": 2159.577621464048}
{"step": 170, "epoch": 4, "train_loss": 4.5730966796875, "clip_fraction": 0.0, "gradient_norm_mean": 1.1305903930664063, "gradient_norm_max": 2.545656204223633, "step_seconds": 1.9475519321858883, "innovation_std_sum": 1565.691329168733, "noise_marginal_std_sum": 2159.577621464048}
{"step": 180, "epoch": 4, "train_loss": 4.572577758789063, "clip_fraction": 0.0, "gradient_norm_mean": 1.0636044921875, "gradient_norm_max": 2.5299232006073, "step_seconds": 1.9839466456323862, "innovation_std_sum": 1565.691329168733, "noise_marginal_std_sum": 2159.577621464048}
{"step": 190, "epoch": 4, "train_loss": 4.53623291015625, "clip_fraction": 0.0, "gradient_norm_mean": 0.9552630767822266, "gradient_norm_max": 2.3525261878967285, "step_seconds": 2.009814778342843, "innovation_std_sum": 1565.691329168733, "noise_marginal_std_sum": 2159.577621464048}
{"step": 200, "epoch": 4, "train_loss": 4.559187133789062, "clip_fraction": 0.0, "gradient_norm_mean": 0.8852069244384766, "gradient_norm_max": 1.9991025924682617, "step_seconds": 2.00811524130404, "innovation_std_sum": 1565.691329168733, "noise_marginal_std_sum": 2159.577621464048}
{"epoch": 4, "step": 200, "train_loss": 4.555458850097656, "clip_fraction": 0.0, "epsilon": 1.756639976427633, "accuracy": 0.0307, "validation_loss": 4.529972009277344, "validation_examples": 10000}
{"step": 210, "epoch": 5, "train_loss": 4.542116943359375, "clip_fraction": 0.0, "gradient_norm_mean": 0.7877898254394531, "gradient_norm_max": 1.705460548400879, "step_seconds": 1.9830569569021463, "innovation_std_sum": 1565.691329168733, "noise_marginal_std_sum": 2159.577621464048}
{"step": 220, "epoch": 5, "train_loss": 4.55776708984375, "clip_fraction": 0.0, "gradient_norm_mean": 0.7371974029541015, "gradient_norm_max": 1.582189917564392, "step_seconds": 1.9667397607117891, "innovation_std_sum": 1565.691329168733, "noise_marginal_std_sum": 2159.577621464048}
{"step": 230, "epoch": 5, "train_loss": 4.570365966796875, "clip_fraction": 0.0, "gradient_norm_mean": 0.6648914031982421, "gradient_norm_max": 1.553127408027649, "step_seconds": 2.024085098877549, "innovation_std_sum": 1565.691329168733, "noise_marginal_std_sum": 2159.577621464048}
{"step": 240, "epoch": 5, "train_loss": 4.536831909179687, "clip_fraction": 0.0, "gradient_norm_mean": 0.6252698059082031, "gradient_norm_max": 1.4592469930648804, "step_seconds": 1.9976772256195545, "innovation_std_sum": 1565.691329168733, "noise_marginal_std_sum": 2159.577621464048}
{"step": 250, "epoch": 5, "train_loss": 4.569452392578125, "clip_fraction": 0.0, "gradient_norm_mean": 0.5871688842773437, "gradient_norm_max": 1.2267537117004395, "step_seconds": 2.00374479778111, "innovation_std_sum": 1565.691329168733, "noise_marginal_std_sum": 2159.577621464048}
{"epoch": 5, "step": 250, "train_loss": 4.560293881835937, "clip_fraction": 0.0, "epsilon": 2.0000000000008775, "accuracy": 0.0308, "validation_loss": 4.548637707519531, "validation_examples": 10000}
