Loading weights:   0%|          | 0/39 [00:00<?, ?it/s]Loading weights: 100%|██████████| 39/39 [00:00<00:00, 4121.70it/s]
[transformers] [1mBertModel LOAD REPORT[0m from: /media/data/data/lt/dp-adam-correlated/cache/bert-tiny
Key                                        | Status     |  | 
-------------------------------------------+------------+--+-
cls.predictions.transform.LayerNorm.weight | UNEXPECTED |  | 
cls.predictions.decoder.bias               | UNEXPECTED |  | 
cls.predictions.transform.dense.weight     | UNEXPECTED |  | 
cls.predictions.bias                       | UNEXPECTED |  | 
cls.predictions.transform.dense.bias       | UNEXPECTED |  | 
cls.seq_relationship.bias                  | UNEXPECTED |  | 
cls.predictions.transform.LayerNorm.bias   | UNEXPECTED |  | 
cls.predictions.decoder.weight             | UNEXPECTED |  | 
cls.seq_relationship.weight                | UNEXPECTED |  | 

Notes:
- UNEXPECTED:	can be ignored when loading from different task/architecture; not ok if you expect identical arch.
sys:1: UserWarning: Full backward hook is firing when gradients are computed with respect to module outputs since no inputs require gradients. See https://docs.pytorch.org/docs/main/generated/torch.nn.Module.html#torch.nn.Module.register_full_backward_hook for more details.
{"step": 10, "epoch": 1, "train_loss": 1.1587989501953124, "clip_fraction": 0.653, "gradient_norm_mean": 1194.0255, "gradient_norm_max": 4272.40283203125, "step_seconds": 0.1565066259354353, "innovation_std_sum": 502.27445158855346, "noise_marginal_std_sum": 586.6324369556456}
{"step": 20, "epoch": 1, "train_loss": 0.7184208984375, "clip_fraction": 0.833, "gradient_norm_mean": 2651.6215, "gradient_norm_max": 13203.638671875, "step_seconds": 0.12616360746324062, "innovation_std_sum": 502.27445158855346, "noise_marginal_std_sum": 586.6324369556456}
{"step": 30, "epoch": 1, "train_loss": 0.898018798828125, "clip_fraction": 0.559, "gradient_norm_mean": 4314.558, "gradient_norm_max": 28435.36328125, "step_seconds": 0.27189052291214466, "innovation_std_sum": 502.27445158855346, "noise_marginal_std_sum": 586.6324369556456}
{"step": 40, "epoch": 1, "train_loss": 1.060632080078125, "clip_fraction": 0.503, "gradient_norm_mean": 4900.081, "gradient_norm_max": 50840.41015625, "step_seconds": 0.2711332254111767, "innovation_std_sum": 502.27445158855346, "noise_marginal_std_sum": 586.6324369556456}
{"step": 50, "epoch": 1, "train_loss": 0.8683411865234375, "clip_fraction": 0.459, "gradient_norm_mean": 4451.4915, "gradient_norm_max": 35876.078125, "step_seconds": 0.27060079388320446, "innovation_std_sum": 502.27445158855346, "noise_marginal_std_sum": 586.6324369556456}
{"step": 60, "epoch": 1, "train_loss": 0.828264892578125, "clip_fraction": 0.462, "gradient_norm_mean": 3851.70875, "gradient_norm_max": 38268.30859375, "step_seconds": 0.26981640234589577, "innovation_std_sum": 502.27445158855346, "noise_marginal_std_sum": 586.6324369556456}
{"epoch": 1, "step": 62, "train_loss": 0.9064031450825353, "clip_fraction": 0.5877258064516129, "epsilon": 3.054089440266451, "accuracy": 0.7739764441951766, "validation_loss": 0.8432459800037007, "validation_examples": 5349}
{"step": 70, "epoch": 2, "train_loss": 0.7916923828125, "clip_fraction": 0.437, "gradient_norm_mean": 3605.831, "gradient_norm_max": 36477.49609375, "step_seconds": 0.18203747645020485, "innovation_std_sum": 502.27445158855346, "noise_marginal_std_sum": 586.6324369556456}
{"step": 80, "epoch": 2, "train_loss": 0.7659053344726563, "clip_fraction": 0.419, "gradient_norm_mean": 3744.632, "gradient_norm_max": 45623.7890625, "step_seconds": 0.13263397105038166, "innovation_std_sum": 502.27445158855346, "noise_marginal_std_sum": 586.6324369556456}
{"step": 90, "epoch": 2, "train_loss": 0.766027099609375, "clip_fraction": 0.358, "gradient_norm_mean": 2909.038, "gradient_norm_max": 43264.0546875, "step_seconds": 0.2723072040826082, "innovation_std_sum": 502.27445158855346, "noise_marginal_std_sum": 586.6324369556456}
{"step": 100, "epoch": 2, "train_loss": 0.778789306640625, "clip_fraction": 0.353, "gradient_norm_mean": 3059.4845, "gradient_norm_max": 43834.83984375, "step_seconds": 0.2729486804455519, "innovation_std_sum": 502.27445158855346, "noise_marginal_std_sum": 586.6324369556456}
{"step": 110, "epoch": 2, "train_loss": 0.6450198974609375, "clip_fraction": 0.338, "gradient_norm_mean": 2866.57, "gradient_norm_max": 72011.921875, "step_seconds": 0.27306350879371166, "innovation_std_sum": 502.27445158855346, "noise_marginal_std_sum": 586.6324369556456}
{"step": 120, "epoch": 2, "train_loss": 0.6100131225585937, "clip_fraction": 0.317, "gradient_norm_mean": 2590.966, "gradient_norm_max": 54836.1015625, "step_seconds": 0.2722340542823076, "innovation_std_sum": 502.27445158855346, "noise_marginal_std_sum": 586.6324369556456}
{"epoch": 2, "step": 124, "train_loss": 0.7339983441752772, "clip_fraction": 0.38014516129032255, "epsilon": 4.610238743691153, "accuracy": 0.8068797906150682, "validation_loss": 0.7280249375453685, "validation_examples": 5349}
{"step": 130, "epoch": 3, "train_loss": 0.7085816650390625, "clip_fraction": 0.348, "gradient_norm_mean": 3231.817, "gradient_norm_max": 74077.90625, "step_seconds": 0.27345888689160347, "innovation_std_sum": 502.27445158855346, "noise_marginal_std_sum": 586.6324369556456}
{"step": 140, "epoch": 3, "train_loss": 0.63704345703125, "clip_fraction": 0.318, "gradient_norm_mean": 3016.0625, "gradient_norm_max": 61356.62109375, "step_seconds": 0.26198953576385975, "innovation_std_sum": 502.27445158855346, "noise_marginal_std_sum": 586.6324369556456}
{"step": 150, "epoch": 3, "train_loss": 0.6905889892578125, "clip_fraction": 0.325, "gradient_norm_mean": 2940.208, "gradient_norm_max": 63705.31640625, "step_seconds": 0.2715506162494421, "innovation_std_sum": 502.27445158855346, "noise_marginal_std_sum": 586.6324369556456}
{"step": 160, "epoch": 3, "train_loss": 0.7308974609375, "clip_fraction": 0.316, "gradient_norm_mean": 2983.493, "gradient_norm_max": 68742.8515625, "step_seconds": 0.27329065278172493, "innovation_std_sum": 502.27445158855346, "noise_marginal_std_sum": 586.6324369556456}
{"step": 170, "epoch": 3, "train_loss": 0.69576318359375, "clip_fraction": 0.31, "gradient_norm_mean": 3215.85325, "gradient_norm_max": 60293.109375, "step_seconds": 0.27294977754354477, "innovation_std_sum": 502.27445158855346, "noise_marginal_std_sum": 586.6324369556456}
{"step": 180, "epoch": 3, "train_loss": 0.6916953125, "clip_fraction": 0.32, "gradient_norm_mean": 2855.926, "gradient_norm_max": 97360.7421875, "step_seconds": 0.2727600149810314, "innovation_std_sum": 502.27445158855346, "noise_marginal_std_sum": 586.6324369556456}
{"epoch": 3, "step": 186, "train_loss": 0.6632709015877016, "clip_fraction": 0.3125806451612903, "epsilon": 5.873890881586911, "accuracy": 0.81959244718639, "validation_loss": 0.7028727550153577, "validation_examples": 5349}
{"step": 190, "epoch": 4, "train_loss": 0.5520113525390625, "clip_fraction": 0.268, "gradient_norm_mean": 2788.36075, "gradient_norm_max": 67054.4375, "step_seconds": 0.2733040787279606, "innovation_std_sum": 502.27445158855346, "noise_marginal_std_sum": 586.6324369556456}
{"step": 200, "epoch": 4, "train_loss": 0.6865872802734375, "clip_fraction": 0.306, "gradient_norm_mean": 2687.594, "gradient_norm_max": 58989.234375, "step_seconds": 0.13237368874251842, "innovation_std_sum": 502.27445158855346, "noise_marginal_std_sum": 586.6324369556456}
{"step": 210, "epoch": 4, "train_loss": 0.6316344604492188, "clip_fraction": 0.284, "gradient_norm_mean": 2576.0035, "gradient_norm_max": 79612.625, "step_seconds": 0.2711644787341356, "innovation_std_sum": 502.27445158855346, "noise_marginal_std_sum": 586.6324369556456}
{"step": 220, "epoch": 4, "train_loss": 0.6198862915039063, "clip_fraction": 0.267, "gradient_norm_mean": 2640.81975, "gradient_norm_max": 63783.15234375, "step_seconds": 0.27293539233505726, "innovation_std_sum": 502.27445158855346, "noise_marginal_std_sum": 586.6324369556456}
{"step": 230, "epoch": 4, "train_loss": 0.6168031005859375, "clip_fraction": 0.278, "gradient_norm_mean": 2628.89675, "gradient_norm_max": 73156.0078125, "step_seconds": 0.2727494593709707, "innovation_std_sum": 502.27445158855346, "noise_marginal_std_sum": 586.6324369556456}
{"step": 240, "epoch": 4, "train_loss": 0.6253236694335937, "clip_fraction": 0.283, "gradient_norm_mean": 2953.88825, "gradient_norm_max": 72553.7734375, "step_seconds": 0.273325365036726, "innovation_std_sum": 502.27445158855346, "noise_marginal_std_sum": 586.6324369556456}
{"epoch": 4, "step": 248, "train_loss": 0.6289422892908896, "clip_fraction": 0.27711290322580645, "epsilon": 6.985551657770655, "accuracy": 0.8270704804636381, "validation_loss": 0.677670171270194, "validation_examples": 5349}
{"step": 250, "epoch": 5, "train_loss": 0.6332677001953125, "clip_fraction": 0.253, "gradient_norm_mean": 2670.2175, "gradient_norm_max": 70809.7578125, "step_seconds": 0.2735525295138359, "innovation_std_sum": 502.27445158855346, "noise_marginal_std_sum": 586.6324369556456}
{"step": 260, "epoch": 5, "train_loss": 0.653041015625, "clip_fraction": 0.27, "gradient_norm_mean": 2580.096, "gradient_norm_max": 64183.578125, "step_seconds": 0.2732596639543772, "innovation_std_sum": 502.27445158855346, "noise_marginal_std_sum": 586.6324369556456}
{"step": 270, "epoch": 5, "train_loss": 0.5866439208984375, "clip_fraction": 0.254, "gradient_norm_mean": 2546.88025, "gradient_norm_max": 54396.15234375, "step_seconds": 0.27563249692320824, "innovation_std_sum": 502.27445158855346, "noise_marginal_std_sum": 586.6324369556456}
{"step": 280, "epoch": 5, "train_loss": 0.619814697265625, "clip_fraction": 0.269, "gradient_norm_mean": 2781.15625, "gradient_norm_max": 64071.31640625, "step_seconds": 0.2744230106472969, "innovation_std_sum": 502.27445158855346, "noise_marginal_std_sum": 586.6324369556456}
{"step": 290, "epoch": 5, "train_loss": 0.6118540649414063, "clip_fraction": 0.256, "gradient_norm_mean": 3001.197, "gradient_norm_max": 70844.8671875, "step_seconds": 0.27390892431139946, "innovation_std_sum": 502.27445158855346, "noise_marginal_std_sum": 586.6324369556456}
{"step": 300, "epoch": 5, "train_loss": 0.5768372192382812, "clip_fraction": 0.259, "gradient_norm_mean": 3072.587, "gradient_norm_max": 89996.0390625, "step_seconds": 0.273791441693902, "innovation_std_sum": 502.27445158855346, "noise_marginal_std_sum": 586.6324369556456}
{"step": 310, "epoch": 5, "train_loss": 0.66036181640625, "clip_fraction": 0.249, "gradient_norm_mean": 2959.4435, "gradient_norm_max": 85249.90625, "step_seconds": 0.2732029240578413, "innovation_std_sum": 502.27445158855346, "noise_marginal_std_sum": 586.6324369556456}
{"epoch": 5, "step": 310, "train_loss": 0.6152571686775453, "clip_fraction": 0.2593225806451613, "epsilon": 8.000000000000005, "accuracy": 0.8394092353710974, "validation_loss": 0.6394595618469957, "validation_examples": 5349}
