/home/longt29/miniconda3/envs/curve/lib/python3.11/site-packages/torchvision/datasets/cifar.py:83: VisibleDeprecationWarning: dtype(): align should be passed as Python or NumPy boolean but got `align=0`. Did you mean to pass a tuple to create a subarray type? (Deprecated NumPy 2.4)
  entry = pickle.load(f, encoding="latin1")
{"method": "dp-adam-momentum-bias-bandinvmf", "smoke": false, "calibration": {"target_mu": 1.6660305978457184, "sensitivity": 4.065608121489227, "innovation_std_sum": 73.20888572058001, "adjacency": "add_remove_zero_out", "k": 5, "b_participation": 50, "sampling_amplification": false}, "coefficients": [1.0, -0.53161943769869, -0.0779998119461293, -0.2795535556950146]}
sys:1: UserWarning: Full backward hook is firing when gradients are computed with respect to module outputs since no inputs require gradients. See https://docs.pytorch.org/docs/main/generated/torch.nn.Module.html#torch.nn.Module.register_full_backward_hook for more details.
{"progress_step": 10, "epoch": 1, "train_loss_so_far": 4.677251196289062, "clip_fraction_so_far": 1.0}
{"progress_step": 20, "epoch": 1, "train_loss_so_far": 4.439248239135742, "clip_fraction_so_far": 1.0}
{"progress_step": 30, "epoch": 1, "train_loss_so_far": 4.187196482340495, "clip_fraction_so_far": 0.9998666666666667}
{"progress_step": 40, "epoch": 1, "train_loss_so_far": 3.949929949951172, "clip_fraction_so_far": 0.998925}
{"progress_step": 50, "epoch": 1, "train_loss_so_far": 3.7395774279785154, "clip_fraction_so_far": 0.99586}
{"epoch": 1, "logical_steps": 50, "train_examples": 50000, "train_loss": 3.7395774279785154, "test_loss": 2.415442529296875, "test_top1": 0.3751, "clip_fraction": 0.99586, "gdp_mu": 0.7271304784322895, "gdp_epsilon": 3.037976902428692, "target_mu": 1.6660305978457184, "target_epsilon": 8.0, "delta": 1e-05, "noise_std": 0.08559034234029003, "noise_std_space": "gradient", "innovation_std_sum": 73.20888572058001, "augmentation_trace_sha256": "86ced5053885b16905e6a5371ea7619db53293e3f5f7787220b6f1466ec41fdc", "seconds": 148.27981163188815}
{"progress_step": 60, "epoch": 2, "train_loss_so_far": 2.5995811096191406, "clip_fraction_so_far": 0.9682}
{"progress_step": 70, "epoch": 2, "train_loss_so_far": 2.507944305419922, "clip_fraction_so_far": 0.9622}
{"progress_step": 80, "epoch": 2, "train_loss_so_far": 2.401029463704427, "clip_fraction_so_far": 0.9515333333333333}
{"progress_step": 90, "epoch": 2, "train_loss_so_far": 2.3184076278686523, "clip_fraction_so_far": 0.9384}
{"progress_step": 100, "epoch": 2, "train_loss_so_far": 2.2517430731201173, "clip_fraction_so_far": 0.92798}
{"epoch": 2, "logical_steps": 100, "train_examples": 50000, "train_loss": 2.2517430731201173, "test_loss": 1.4549039886474608, "test_top1": 0.5978, "clip_fraction": 0.92798, "gdp_mu": 1.0438331619280494, "gdp_epsilon": 4.600416946348178, "target_mu": 1.6660305978457184, "target_epsilon": 8.0, "delta": 1e-05, "noise_std": 0.08559034234029003, "noise_std_space": "gradient", "innovation_std_sum": 73.20888572058001, "augmentation_trace_sha256": "3756635e4b573098cc38d1040c41529688dfc708d7e21e46cb9c680abbc21c28", "seconds": 139.29057120159268}
{"progress_step": 110, "epoch": 3, "train_loss_so_far": 1.8963021636962891, "clip_fraction_so_far": 0.867}
{"progress_step": 120, "epoch": 3, "train_loss_so_far": 1.8634571228027343, "clip_fraction_so_far": 0.8583}
{"progress_step": 130, "epoch": 3, "train_loss_so_far": 1.8070338063557942, "clip_fraction_so_far": 0.8430333333333333}
{"progress_step": 140, "epoch": 3, "train_loss_so_far": 1.7752876991271973, "clip_fraction_so_far": 0.830975}
{"progress_step": 150, "epoch": 3, "train_loss_so_far": 1.7507027026367188, "clip_fraction_so_far": 0.82208}
{"epoch": 3, "logical_steps": 150, "train_examples": 50000, "train_loss": 1.7507027026367188, "test_loss": 1.1007295669555663, "test_top1": 0.6854, "clip_fraction": 0.82208, "gdp_mu": 1.2851399415460758, "gdp_epsilon": 5.868262919898993, "target_mu": 1.6660305978457184, "target_epsilon": 8.0, "delta": 1e-05, "noise_std": 0.08559034234029003, "noise_std_space": "gradient", "innovation_std_sum": 73.20888572058001, "augmentation_trace_sha256": "3c61ed024df3ac2a3cedcd87441c5675374c5f58f5d883ef0b14e4df79879c49", "seconds": 142.32063112407923}
{"progress_step": 160, "epoch": 4, "train_loss_so_far": 1.606832955932617, "clip_fraction_so_far": 0.767}
{"progress_step": 170, "epoch": 4, "train_loss_so_far": 1.5971405487060546, "clip_fraction_so_far": 0.7637}
{"progress_step": 180, "epoch": 4, "train_loss_so_far": 1.5600606241861978, "clip_fraction_so_far": 0.7525333333333334}
{"progress_step": 190, "epoch": 4, "train_loss_so_far": 1.5434470726013183, "clip_fraction_so_far": 0.7456}
{"progress_step": 200, "epoch": 4, "train_loss_so_far": 1.5258736517333984, "clip_fraction_so_far": 0.73812}
{"epoch": 4, "logical_steps": 200, "train_examples": 50000, "train_loss": 1.5258736517333984, "test_loss": 0.9341738891601562, "test_top1": 0.7235, "clip_fraction": 0.73812, "gdp_mu": 1.4878241288541525, "gdp_epsilon": 6.9830197665238485, "target_mu": 1.6660305978457184, "target_epsilon": 8.0, "delta": 1e-05, "noise_std": 0.08559034234029003, "noise_std_space": "gradient", "innovation_std_sum": 73.20888572058001, "augmentation_trace_sha256": "3ed5b9af1f96224c13f2bd957f29b4a4b1bf94ec77410f6cf81573ffe06969c4", "seconds": 140.83210672996938}
{"progress_step": 210, "epoch": 5, "train_loss_so_far": 1.4505737762451172, "clip_fraction_so_far": 0.7035}
{"progress_step": 220, "epoch": 5, "train_loss_so_far": 1.4517680526733399, "clip_fraction_so_far": 0.70075}
{"progress_step": 230, "epoch": 5, "train_loss_so_far": 1.4262662536621094, "clip_fraction_so_far": 0.6916333333333333}
{"progress_step": 240, "epoch": 5, "train_loss_so_far": 1.4090919761657714, "clip_fraction_so_far": 0.68695}
{"progress_step": 250, "epoch": 5, "train_loss_so_far": 1.4030175372314453, "clip_fraction_so_far": 0.68222}
{"epoch": 5, "logical_steps": 250, "train_examples": 50000, "train_loss": 1.4030175372314453, "test_loss": 0.8417028427124024, "test_top1": 0.7506, "clip_fraction": 0.68222, "gdp_mu": 1.6660305978457184, "gdp_epsilon": 8.000000000000005, "target_mu": 1.6660305978457184, "target_epsilon": 8.0, "delta": 1e-05, "noise_std": 0.08559034234029003, "noise_std_space": "gradient", "innovation_std_sum": 73.20888572058001, "augmentation_trace_sha256": "16257b90285200ed74704ecfb717ea2bdcf6ea7fa62555790f431a4722e5e155", "seconds": 137.88154164887965}
{"status": "completed", "results": "/media/data/data/lt/dp-adam-correlated/exp7b/results/final/trials/c24722a769029864"}
