/home/longt29/miniconda3/envs/curve/lib/python3.11/site-packages/torchvision/datasets/cifar.py:83: VisibleDeprecationWarning: dtype(): align should be passed as Python or NumPy boolean but got `align=0`. Did you mean to pass a tuple to create a subarray type? (Deprecated NumPy 2.4)
  entry = pickle.load(f, encoding="latin1")
sys:1: UserWarning: Full backward hook is firing when gradients are computed with respect to module outputs since no inputs require gradients. See https://docs.pytorch.org/docs/main/generated/torch.nn.Module.html#torch.nn.Module.register_full_backward_hook for more details.
{"step": 10, "epoch": 1, "train_loss": 4.22350830078125, "clip_fraction": 1.0, "gradient_norm_mean": 784.503375, "gradient_norm_max": 1756.9237060546875, "step_seconds": 1.9423616658896208, "innovation_std_sum": 341.91118707283454, "noise_marginal_std_sum": 385.2432239518329}
{"step": 20, "epoch": 1, "train_loss": 3.3804466552734374, "clip_fraction": 1.0, "gradient_norm_mean": 1313.780375, "gradient_norm_max": 4221.9365234375, "step_seconds": 1.959147620946169, "innovation_std_sum": 341.91118707283454, "noise_marginal_std_sum": 385.2432239518329}
{"step": 30, "epoch": 1, "train_loss": 2.803175598144531, "clip_fraction": 0.996, "gradient_norm_mean": 1447.10153125, "gradient_norm_max": 4786.373046875, "step_seconds": 1.9737114124000072, "innovation_std_sum": 341.91118707283454, "noise_marginal_std_sum": 385.2432239518329}
{"step": 40, "epoch": 1, "train_loss": 2.4618978271484373, "clip_fraction": 0.978, "gradient_norm_mean": 1525.544625, "gradient_norm_max": 5113.78173828125, "step_seconds": 1.995379701256752, "innovation_std_sum": 341.91118707283454, "noise_marginal_std_sum": 385.2432239518329}
{"epoch": 1, "step": 45, "train_loss": 3.3684557169596356, "clip_fraction": 0.9937777777777778, "epsilon": 3.1232761473275077, "accuracy": 0.5198, "validation_loss": 1.8353075805664063, "validation_examples": 5000}
{"step": 50, "epoch": 2, "train_loss": 2.1773561401367187, "clip_fraction": 0.951, "gradient_norm_mean": 1508.98178125, "gradient_norm_max": 11131.794921875, "step_seconds": 1.9958949238061905, "innovation_std_sum": 341.91118707283454, "noise_marginal_std_sum": 385.2432239518329}
{"step": 60, "epoch": 2, "train_loss": 2.0848812561035155, "clip_fraction": 0.925, "gradient_norm_mean": 1505.24675, "gradient_norm_max": 7076.96435546875, "step_seconds": 1.9834155086427927, "innovation_std_sum": 341.91118707283454, "noise_marginal_std_sum": 385.2432239518329}
{"step": 70, "epoch": 2, "train_loss": 1.8619600524902344, "clip_fraction": 0.887, "gradient_norm_mean": 1424.52203125, "gradient_norm_max": 7504.00927734375, "step_seconds": 2.0004807766526937, "innovation_std_sum": 341.91118707283454, "noise_marginal_std_sum": 385.2432239518329}
{"step": 80, "epoch": 2, "train_loss": 1.919066436767578, "clip_fraction": 0.908, "gradient_norm_mean": 1550.3905625, "gradient_norm_max": 7726.6142578125, "step_seconds": 2.054531490430236, "innovation_std_sum": 341.91118707283454, "noise_marginal_std_sum": 385.2432239518329}
{"step": 90, "epoch": 2, "train_loss": 1.7811730346679688, "clip_fraction": 0.884, "gradient_norm_mean": 1544.506, "gradient_norm_max": 10287.712890625, "step_seconds": 2.0283647160977125, "innovation_std_sum": 341.91118707283454, "noise_marginal_std_sum": 385.2432239518329}
{"epoch": 2, "step": 90, "train_loss": 1.9812663703070748, "clip_fraction": 0.9128222222222222, "epsilon": 4.650911679155922, "accuracy": 0.6442, "validation_loss": 1.2574557189941407, "validation_examples": 5000}
{"step": 100, "epoch": 3, "train_loss": 1.6664874877929687, "clip_fraction": 0.847, "gradient_norm_mean": 1502.34971875, "gradient_norm_max": 7518.55712890625, "step_seconds": 1.977508069947362, "innovation_std_sum": 341.91118707283454, "noise_marginal_std_sum": 385.2432239518329}
{"step": 110, "epoch": 3, "train_loss": 1.6303002319335937, "clip_fraction": 0.84, "gradient_norm_mean": 1508.849375, "gradient_norm_max": 9401.328125, "step_seconds": 1.9925323240458965, "innovation_std_sum": 341.91118707283454, "noise_marginal_std_sum": 385.2432239518329}
{"step": 120, "epoch": 3, "train_loss": 1.60579052734375, "clip_fraction": 0.807, "gradient_norm_mean": 1531.573, "gradient_norm_max": 12148.9482421875, "step_seconds": 2.0131339989602566, "innovation_std_sum": 341.91118707283454, "noise_marginal_std_sum": 385.2432239518329}
{"step": 130, "epoch": 3, "train_loss": 1.6056434936523438, "clip_fraction": 0.801, "gradient_norm_mean": 1559.35209375, "gradient_norm_max": 11825.5224609375, "step_seconds": 2.0123190823942423, "innovation_std_sum": 341.91118707283454, "noise_marginal_std_sum": 385.2432239518329}
{"epoch": 3, "step": 135, "train_loss": 1.688042825656467, "clip_fraction": 0.83, "epsilon": 5.897166745944286, "accuracy": 0.6862, "validation_loss": 1.0825119598388673, "validation_examples": 5000}
{"step": 140, "epoch": 4, "train_loss": 1.6501279296875, "clip_fraction": 0.785, "gradient_norm_mean": 1525.2275, "gradient_norm_max": 7953.9853515625, "step_seconds": 1.9920354038476944, "innovation_std_sum": 341.91118707283454, "noise_marginal_std_sum": 385.2432239518329}
{"step": 150, "epoch": 4, "train_loss": 1.6261453857421875, "clip_fraction": 0.777, "gradient_norm_mean": 1582.91740625, "gradient_norm_max": 12523.44140625, "step_seconds": 2.0404462330043316, "innovation_std_sum": 341.91118707283454, "noise_marginal_std_sum": 385.2432239518329}
{"step": 160, "epoch": 4, "train_loss": 1.6337417602539062, "clip_fraction": 0.781, "gradient_norm_mean": 1580.32015625, "gradient_norm_max": 7249.369140625, "step_seconds": 2.0336651913821697, "innovation_std_sum": 341.91118707283454, "noise_marginal_std_sum": 385.2432239518329}
{"step": 170, "epoch": 4, "train_loss": 1.6390498657226562, "clip_fraction": 0.788, "gradient_norm_mean": 1564.78803125, "gradient_norm_max": 8661.40625, "step_seconds": 2.0301998779177666, "innovation_std_sum": 341.91118707283454, "noise_marginal_std_sum": 385.2432239518329}
{"step": 180, "epoch": 4, "train_loss": 1.5649052734375, "clip_fraction": 0.77, "gradient_norm_mean": 1590.88809375, "gradient_norm_max": 11509.9443359375, "step_seconds": 2.030003234744072, "innovation_std_sum": 341.91118707283454, "noise_marginal_std_sum": 385.2432239518329}
{"epoch": 4, "step": 180, "train_loss": 1.6015915839301216, "clip_fraction": 0.7888222222222222, "epsilon": 6.9960307474663415, "accuracy": 0.704, "validation_loss": 1.0298259338378906, "validation_examples": 5000}
{"step": 190, "epoch": 5, "train_loss": 1.5239374389648437, "clip_fraction": 0.776, "gradient_norm_mean": 1554.19846875, "gradient_norm_max": 12884.4580078125, "step_seconds": 2.0070043746382, "innovation_std_sum": 341.91118707283454, "noise_marginal_std_sum": 385.2432239518329}
{"step": 200, "epoch": 5, "train_loss": 1.6291545715332032, "clip_fraction": 0.768, "gradient_norm_mean": 1653.45465625, "gradient_norm_max": 8945.5419921875, "step_seconds": 1.9831455405801535, "innovation_std_sum": 341.91118707283454, "noise_marginal_std_sum": 385.2432239518329}
{"step": 210, "epoch": 5, "train_loss": 1.6602841796875, "clip_fraction": 0.74, "gradient_norm_mean": 1616.6636875, "gradient_norm_max": 7654.33056640625, "step_seconds": 2.045699955895543, "innovation_std_sum": 341.91118707283454, "noise_marginal_std_sum": 385.2432239518329}
{"step": 220, "epoch": 5, "train_loss": 1.5989456176757812, "clip_fraction": 0.793, "gradient_norm_mean": 1745.99746875, "gradient_norm_max": 7728.48828125, "step_seconds": 2.0449992157518864, "innovation_std_sum": 341.91118707283454, "noise_marginal_std_sum": 385.2432239518329}
{"epoch": 5, "step": 225, "train_loss": 1.5767490953233507, "clip_fraction": 0.7645111111111111, "epsilon": 8.000000000000005, "accuracy": 0.7104, "validation_loss": 1.0194109619140626, "validation_examples": 5000}
