Loading weights:   0%|          | 0/39 [00:00<?, ?it/s]Loading weights: 100%|██████████| 39/39 [00:00<00:00, 5272.11it/s]
[transformers] [1mBertModel LOAD REPORT[0m from: /media/data/data/lt/dp-adam-correlated/cache/bert-tiny
Key                                        | Status     |  | 
-------------------------------------------+------------+--+-
cls.predictions.transform.dense.weight     | UNEXPECTED |  | 
cls.predictions.decoder.weight             | UNEXPECTED |  | 
cls.predictions.transform.LayerNorm.bias   | UNEXPECTED |  | 
cls.predictions.transform.LayerNorm.weight | UNEXPECTED |  | 
cls.predictions.transform.dense.bias       | UNEXPECTED |  | 
cls.seq_relationship.bias                  | UNEXPECTED |  | 
cls.predictions.bias                       | UNEXPECTED |  | 
cls.predictions.decoder.bias               | UNEXPECTED |  | 
cls.seq_relationship.weight                | UNEXPECTED |  | 

Notes:
- UNEXPECTED:	can be ignored when loading from different task/architecture; not ok if you expect identical arch.
sys:1: UserWarning: Full backward hook is firing when gradients are computed with respect to module outputs since no inputs require gradients. See https://docs.pytorch.org/docs/main/generated/torch.nn.Module.html#torch.nn.Module.register_full_backward_hook for more details.
{"step": 10, "epoch": 1, "train_loss": 0.6681763305664062, "clip_fraction": 0.001, "gradient_norm_mean": 8.5533955078125, "gradient_norm_max": 21.36807632446289, "step_seconds": 0.2850607018917799, "innovation_std_sum": 28.800925705558733, "noise_marginal_std_sum": 33.638098015526175}
{"step": 20, "epoch": 1, "train_loss": 0.5976769409179687, "clip_fraction": 0.023, "gradient_norm_mean": 11.8348349609375, "gradient_norm_max": 25.899648666381836, "step_seconds": 0.2673034891486168, "innovation_std_sum": 28.800925705558733, "noise_marginal_std_sum": 33.638098015526175}
{"step": 30, "epoch": 1, "train_loss": 0.5319544067382812, "clip_fraction": 0.437, "gradient_norm_mean": 19.23421875, "gradient_norm_max": 70.81621551513672, "step_seconds": 0.27580563351511955, "innovation_std_sum": 28.800925705558733, "noise_marginal_std_sum": 33.638098015526175}
{"step": 40, "epoch": 1, "train_loss": 0.4978565979003906, "clip_fraction": 0.406, "gradient_norm_mean": 25.1593203125, "gradient_norm_max": 134.8827667236328, "step_seconds": 0.27438886277377605, "innovation_std_sum": 28.800925705558733, "noise_marginal_std_sum": 33.638098015526175}
{"step": 50, "epoch": 1, "train_loss": 0.5504125366210938, "clip_fraction": 0.403, "gradient_norm_mean": 31.32884765625, "gradient_norm_max": 214.31158447265625, "step_seconds": 0.28580889478325844, "innovation_std_sum": 28.800925705558733, "noise_marginal_std_sum": 33.638098015526175}
{"step": 60, "epoch": 1, "train_loss": 0.5427275390625, "clip_fraction": 0.387, "gradient_norm_mean": 32.01833984375, "gradient_norm_max": 277.4724426269531, "step_seconds": 0.29065083526074886, "innovation_std_sum": 28.800925705558733, "noise_marginal_std_sum": 33.638098015526175}
{"epoch": 1, "step": 62, "train_loss": 0.5910961791007749, "clip_fraction": 0.2665161290322581, "epsilon": 5.808307688816871, "accuracy": 0.7534403669724771, "validation_loss": 0.6337973918389836, "validation_examples": 872}
{"step": 70, "epoch": 2, "train_loss": 0.5058045959472657, "clip_fraction": 0.372, "gradient_norm_mean": 27.94709375, "gradient_norm_max": 195.43276977539062, "step_seconds": 0.2925929073244333, "innovation_std_sum": 28.800925705558733, "noise_marginal_std_sum": 33.638098015526175}
{"step": 80, "epoch": 2, "train_loss": 0.4597693176269531, "clip_fraction": 0.346, "gradient_norm_mean": 27.15246484375, "gradient_norm_max": 197.71365356445312, "step_seconds": 0.2941798269748688, "innovation_std_sum": 28.800925705558733, "noise_marginal_std_sum": 33.638098015526175}
{"step": 90, "epoch": 2, "train_loss": 0.4908482666015625, "clip_fraction": 0.338, "gradient_norm_mean": 28.24141796875, "gradient_norm_max": 250.3887939453125, "step_seconds": 0.29755140468478203, "innovation_std_sum": 28.800925705558733, "noise_marginal_std_sum": 33.638098015526175}
{"step": 100, "epoch": 2, "train_loss": 0.49955877685546873, "clip_fraction": 0.327, "gradient_norm_mean": 27.741876953125, "gradient_norm_max": 203.39297485351562, "step_seconds": 0.28961961530148983, "innovation_std_sum": 28.800925705558733, "noise_marginal_std_sum": 33.638098015526175}
{"step": 110, "epoch": 2, "train_loss": 0.5112322082519531, "clip_fraction": 0.343, "gradient_norm_mean": 27.335240234375, "gradient_norm_max": 221.2088623046875, "step_seconds": 0.2900773622095585, "innovation_std_sum": 28.800925705558733, "noise_marginal_std_sum": 33.638098015526175}
{"step": 120, "epoch": 2, "train_loss": 0.39161907958984377, "clip_fraction": 0.286, "gradient_norm_mean": 23.00070703125, "gradient_norm_max": 245.12832641601562, "step_seconds": 0.27800995856523514, "innovation_std_sum": 28.800925705558733, "noise_marginal_std_sum": 33.638098015526175}
{"epoch": 2, "step": 124, "train_loss": 0.49365696913196194, "clip_fraction": 0.3415483870967742, "epsilon": 8.92841099823688, "accuracy": 0.7522935779816514, "validation_loss": 0.5892020977965189, "validation_examples": 872}
{"step": 130, "epoch": 3, "train_loss": 0.41686102294921873, "clip_fraction": 0.272, "gradient_norm_mean": 21.814138671875, "gradient_norm_max": 212.8925018310547, "step_seconds": 0.295444929972291, "innovation_std_sum": 28.800925705558733, "noise_marginal_std_sum": 33.638098015526175}
{"step": 140, "epoch": 3, "train_loss": 0.4276579284667969, "clip_fraction": 0.289, "gradient_norm_mean": 23.68938671875, "gradient_norm_max": 282.1968688964844, "step_seconds": 0.2963003236800432, "innovation_std_sum": 28.800925705558733, "noise_marginal_std_sum": 33.638098015526175}
{"step": 150, "epoch": 3, "train_loss": 0.453268798828125, "clip_fraction": 0.294, "gradient_norm_mean": 24.650875, "gradient_norm_max": 287.1834411621094, "step_seconds": 0.2940020263195038, "innovation_std_sum": 28.800925705558733, "noise_marginal_std_sum": 33.638098015526175}
{"step": 160, "epoch": 3, "train_loss": 0.4490794677734375, "clip_fraction": 0.275, "gradient_norm_mean": 24.4171875, "gradient_norm_max": 233.68911743164062, "step_seconds": 0.2943145912140608, "innovation_std_sum": 28.800925705558733, "noise_marginal_std_sum": 33.638098015526175}
{"step": 170, "epoch": 3, "train_loss": 0.45404052734375, "clip_fraction": 0.288, "gradient_norm_mean": 25.08862890625, "gradient_norm_max": 311.7598876953125, "step_seconds": 0.2891930416226387, "innovation_std_sum": 28.800925705558733, "noise_marginal_std_sum": 33.638098015526175}
{"step": 180, "epoch": 3, "train_loss": 0.4815135192871094, "clip_fraction": 0.262, "gradient_norm_mean": 23.998630859375, "gradient_norm_max": 348.4276428222656, "step_seconds": 0.2942538522183895, "innovation_std_sum": 28.800925705558733, "noise_marginal_std_sum": 33.638098015526175}
{"epoch": 3, "step": 186, "train_loss": 0.4324288610642956, "clip_fraction": 0.2797741935483871, "epsilon": 11.524728508666009, "accuracy": 0.7660550458715596, "validation_loss": 0.5828818662450947, "validation_examples": 872}
{"step": 190, "epoch": 4, "train_loss": 0.38437957763671876, "clip_fraction": 0.234, "gradient_norm_mean": 20.239796875, "gradient_norm_max": 323.9512634277344, "step_seconds": 0.29326101019978523, "innovation_std_sum": 28.800925705558733, "noise_marginal_std_sum": 33.638098015526175}
{"step": 200, "epoch": 4, "train_loss": 0.42054766845703123, "clip_fraction": 0.264, "gradient_norm_mean": 22.508888671875, "gradient_norm_max": 301.891357421875, "step_seconds": 0.29675149731338024, "innovation_std_sum": 28.800925705558733, "noise_marginal_std_sum": 33.638098015526175}
{"step": 210, "epoch": 4, "train_loss": 0.4143235778808594, "clip_fraction": 0.248, "gradient_norm_mean": 22.947396484375, "gradient_norm_max": 340.08343505859375, "step_seconds": 0.2990595232695341, "innovation_std_sum": 28.800925705558733, "noise_marginal_std_sum": 33.638098015526175}
{"step": 220, "epoch": 4, "train_loss": 0.41264651489257814, "clip_fraction": 0.259, "gradient_norm_mean": 22.92593359375, "gradient_norm_max": 309.8516540527344, "step_seconds": 0.29467223584651947, "innovation_std_sum": 28.800925705558733, "noise_marginal_std_sum": 33.638098015526175}
{"step": 230, "epoch": 4, "train_loss": 0.46021807861328123, "clip_fraction": 0.29, "gradient_norm_mean": 26.77946484375, "gradient_norm_max": 308.15191650390625, "step_seconds": 0.29306767880916595, "innovation_std_sum": 28.800925705558733, "noise_marginal_std_sum": 33.638098015526175}
{"step": 240, "epoch": 4, "train_loss": 0.43326177978515623, "clip_fraction": 0.25, "gradient_norm_mean": 24.002462890625, "gradient_norm_max": 378.664306640625, "step_seconds": 0.27233339101076126, "innovation_std_sum": 28.800925705558733, "noise_marginal_std_sum": 33.638098015526175}
{"epoch": 4, "step": 248, "train_loss": 0.4107423765120968, "clip_fraction": 0.2522741935483871, "epsilon": 13.849185106256193, "accuracy": 0.7786697247706422, "validation_loss": 0.5898141379750103, "validation_examples": 872}
{"step": 250, "epoch": 5, "train_loss": 0.37216476440429686, "clip_fraction": 0.237, "gradient_norm_mean": 21.574201171875, "gradient_norm_max": 357.8875427246094, "step_seconds": 0.29204449616372585, "innovation_std_sum": 28.800925705558733, "noise_marginal_std_sum": 33.638098015526175}
{"step": 260, "epoch": 5, "train_loss": 0.33755389404296876, "clip_fraction": 0.221, "gradient_norm_mean": 21.79494140625, "gradient_norm_max": 275.61407470703125, "step_seconds": 0.29948714934289455, "innovation_std_sum": 28.800925705558733, "noise_marginal_std_sum": 33.638098015526175}
{"step": 270, "epoch": 5, "train_loss": 0.3978707275390625, "clip_fraction": 0.236, "gradient_norm_mean": 22.69748046875, "gradient_norm_max": 472.7957458496094, "step_seconds": 0.2965160794556141, "innovation_std_sum": 28.800925705558733, "noise_marginal_std_sum": 33.638098015526175}
{"step": 280, "epoch": 5, "train_loss": 0.40333837890625, "clip_fraction": 0.235, "gradient_norm_mean": 21.216109375, "gradient_norm_max": 281.4928283691406, "step_seconds": 0.29698818922042847, "innovation_std_sum": 28.800925705558733, "noise_marginal_std_sum": 33.638098015526175}
{"step": 290, "epoch": 5, "train_loss": 0.3788878173828125, "clip_fraction": 0.227, "gradient_norm_mean": 22.478171875, "gradient_norm_max": 414.40087890625, "step_seconds": 0.1368283648043871, "innovation_std_sum": 28.800925705558733, "noise_marginal_std_sum": 33.638098015526175}
{"step": 300, "epoch": 5, "train_loss": 0.389481689453125, "clip_fraction": 0.223, "gradient_norm_mean": 21.458626953125, "gradient_norm_max": 309.2429504394531, "step_seconds": 0.13456633687019348, "innovation_std_sum": 28.800925705558733, "noise_marginal_std_sum": 33.638098015526175}
{"step": 310, "epoch": 5, "train_loss": 0.3853768005371094, "clip_fraction": 0.234, "gradient_norm_mean": 24.864953125, "gradient_norm_max": 451.8110656738281, "step_seconds": 0.137336365878582, "innovation_std_sum": 28.800925705558733, "noise_marginal_std_sum": 33.638098015526175}
{"epoch": 5, "step": 310, "train_loss": 0.3956021900792276, "clip_fraction": 0.23269354838709677, "epsilon": 16.000000000000018, "accuracy": 0.7729357798165137, "validation_loss": 0.5891961482686734, "validation_examples": 872}
