/home/longt29/miniconda3/envs/curve/lib/python3.11/site-packages/torchvision/datasets/cifar.py:83: VisibleDeprecationWarning: dtype(): align should be passed as Python or NumPy boolean but got `align=0`. Did you mean to pass a tuple to create a subarray type? (Deprecated NumPy 2.4)
  entry = pickle.load(f, encoding="latin1")
sys:1: UserWarning: Full backward hook is firing when gradients are computed with respect to module outputs since no inputs require gradients. See https://docs.pytorch.org/docs/main/generated/torch.nn.Module.html#torch.nn.Module.register_full_backward_hook for more details.
{"step": 10, "epoch": 1, "train_loss": 4.229089965820313, "clip_fraction": 1.0, "gradient_norm_mean": 56.1627919921875, "gradient_norm_max": 136.01145935058594, "step_seconds": 2.1554658096283674, "innovation_std_sum": 51.28650502540745, "noise_marginal_std_sum": 57.78628862764004}
{"step": 20, "epoch": 1, "train_loss": 3.5027819213867186, "clip_fraction": 1.0, "gradient_norm_mean": 93.379634765625, "gradient_norm_max": 249.74583435058594, "step_seconds": 2.1472974568605423, "innovation_std_sum": 51.28650502540745, "noise_marginal_std_sum": 57.78628862764004}
{"step": 30, "epoch": 1, "train_loss": 2.8797814331054687, "clip_fraction": 0.994, "gradient_norm_mean": 112.695767578125, "gradient_norm_max": 328.9588928222656, "step_seconds": 2.159468648955226, "innovation_std_sum": 51.28650502540745, "noise_marginal_std_sum": 57.78628862764004}
{"step": 40, "epoch": 1, "train_loss": 2.688559631347656, "clip_fraction": 0.963, "gradient_norm_mean": 118.95432421875, "gradient_norm_max": 517.1618041992188, "step_seconds": 2.1866215765476227, "innovation_std_sum": 51.28650502540745, "noise_marginal_std_sum": 57.78628862764004}
{"step": 50, "epoch": 1, "train_loss": 2.31932275390625, "clip_fraction": 0.931, "gradient_norm_mean": 118.838015625, "gradient_norm_max": 684.3201904296875, "step_seconds": 2.176554312929511, "innovation_std_sum": 51.28650502540745, "noise_marginal_std_sum": 57.78628862764004}
{"epoch": 1, "step": 50, "train_loss": 3.329745216064453, "clip_fraction": 0.9824, "epsilon": 3.1232881288764163, "accuracy": 0.4835, "validation_loss": 1.9138005981445312, "validation_examples": 10000}
{"step": 60, "epoch": 2, "train_loss": 2.1888623046875, "clip_fraction": 0.917, "gradient_norm_mean": 119.299705078125, "gradient_norm_max": 662.6044311523438, "step_seconds": 2.169426366686821, "innovation_std_sum": 51.28650502540745, "noise_marginal_std_sum": 57.78628862764004}
{"step": 70, "epoch": 2, "train_loss": 2.076666259765625, "clip_fraction": 0.868, "gradient_norm_mean": 117.814638671875, "gradient_norm_max": 459.42645263671875, "step_seconds": 2.177093343809247, "innovation_std_sum": 51.28650502540745, "noise_marginal_std_sum": 57.78628862764004}
{"step": 80, "epoch": 2, "train_loss": 1.9028682250976563, "clip_fraction": 0.853, "gradient_norm_mean": 115.62006640625, "gradient_norm_max": 670.9197387695312, "step_seconds": 2.1720569729804993, "innovation_std_sum": 51.28650502540745, "noise_marginal_std_sum": 57.78628862764004}
{"step": 90, "epoch": 2, "train_loss": 1.9578698120117188, "clip_fraction": 0.848, "gradient_norm_mean": 125.95419921875, "gradient_norm_max": 528.2693481445312, "step_seconds": 2.1842834129929543, "innovation_std_sum": 51.28650502540745, "noise_marginal_std_sum": 57.78628862764004}
{"step": 100, "epoch": 2, "train_loss": 1.8046675109863282, "clip_fraction": 0.816, "gradient_norm_mean": 121.00317578125, "gradient_norm_max": 735.3028564453125, "step_seconds": 2.18565284460783, "innovation_std_sum": 51.28650502540745, "noise_marginal_std_sum": 57.78628862764004}
{"epoch": 2, "step": 100, "train_loss": 2.004887837524414, "clip_fraction": 0.86836, "epsilon": 4.6509185172252945, "accuracy": 0.6293, "validation_loss": 1.2988134368896485, "validation_examples": 10000}
{"step": 110, "epoch": 3, "train_loss": 1.7901493530273438, "clip_fraction": 0.807, "gradient_norm_mean": 119.564943359375, "gradient_norm_max": 888.4522094726562, "step_seconds": 2.1483079940080643, "innovation_std_sum": 51.28650502540745, "noise_marginal_std_sum": 57.78628862764004}
{"step": 120, "epoch": 3, "train_loss": 1.7011985168457031, "clip_fraction": 0.776, "gradient_norm_mean": 119.71195703125, "gradient_norm_max": 669.2889404296875, "step_seconds": 2.1757447458803654, "innovation_std_sum": 51.28650502540745, "noise_marginal_std_sum": 57.78628862764004}
{"step": 130, "epoch": 3, "train_loss": 1.682237548828125, "clip_fraction": 0.795, "gradient_norm_mean": 125.35656640625, "gradient_norm_max": 767.7321166992188, "step_seconds": 2.1759972535073757, "innovation_std_sum": 51.28650502540745, "noise_marginal_std_sum": 57.78628862764004}
{"step": 140, "epoch": 3, "train_loss": 1.736895294189453, "clip_fraction": 0.78, "gradient_norm_mean": 129.56187109375, "gradient_norm_max": 752.3553466796875, "step_seconds": 2.355917226523161, "innovation_std_sum": 51.28650502540745, "noise_marginal_std_sum": 57.78628862764004}
{"step": 150, "epoch": 3, "train_loss": 1.6836395263671875, "clip_fraction": 0.768, "gradient_norm_mean": 130.164314453125, "gradient_norm_max": 553.2081909179688, "step_seconds": 2.180240759626031, "innovation_std_sum": 51.28650502540745, "noise_marginal_std_sum": 57.78628862764004}
{"epoch": 3, "step": 150, "train_loss": 1.710186544189453, "clip_fraction": 0.78336, "epsilon": 5.89717066071296, "accuracy": 0.6753, "validation_loss": 1.1198416442871093, "validation_examples": 10000}
{"step": 160, "epoch": 4, "train_loss": 1.6888423156738281, "clip_fraction": 0.752, "gradient_norm_mean": 128.480494140625, "gradient_norm_max": 871.7239379882812, "step_seconds": 2.161517921835184, "innovation_std_sum": 51.28650502540745, "noise_marginal_std_sum": 57.78628862764004}
{"step": 170, "epoch": 4, "train_loss": 1.5462481994628907, "clip_fraction": 0.75, "gradient_norm_mean": 125.070994140625, "gradient_norm_max": 634.9317626953125, "step_seconds": 2.186666749417782, "innovation_std_sum": 51.28650502540745, "noise_marginal_std_sum": 57.78628862764004}
{"step": 180, "epoch": 4, "train_loss": 1.6676456909179687, "clip_fraction": 0.757, "gradient_norm_mean": 131.450279296875, "gradient_norm_max": 820.4263916015625, "step_seconds": 2.166545931249857, "innovation_std_sum": 51.28650502540745, "noise_marginal_std_sum": 57.78628862764004}
{"step": 190, "epoch": 4, "train_loss": 1.6497430419921875, "clip_fraction": 0.749, "gradient_norm_mean": 133.1651171875, "gradient_norm_max": 706.2267456054688, "step_seconds": 2.1836823988705873, "innovation_std_sum": 51.28650502540745, "noise_marginal_std_sum": 57.78628862764004}
{"step": 200, "epoch": 4, "train_loss": 1.709589111328125, "clip_fraction": 0.765, "gradient_norm_mean": 133.3231796875, "gradient_norm_max": 933.6022338867188, "step_seconds": 2.1866333335638046, "innovation_std_sum": 51.28650502540745, "noise_marginal_std_sum": 57.78628862764004}
{"epoch": 4, "step": 200, "train_loss": 1.624258031616211, "clip_fraction": 0.74716, "epsilon": 6.996032511238057, "accuracy": 0.6823, "validation_loss": 1.0707801574707032, "validation_examples": 10000}
{"step": 210, "epoch": 5, "train_loss": 1.6105205078125, "clip_fraction": 0.703, "gradient_norm_mean": 128.951369140625, "gradient_norm_max": 779.3560180664062, "step_seconds": 2.161205630749464, "innovation_std_sum": 51.28650502540745, "noise_marginal_std_sum": 57.78628862764004}
{"step": 220, "epoch": 5, "train_loss": 1.5910991516113282, "clip_fraction": 0.724, "gradient_norm_mean": 128.055482421875, "gradient_norm_max": 531.5215454101562, "step_seconds": 2.173734415322542, "innovation_std_sum": 51.28650502540745, "noise_marginal_std_sum": 57.78628862764004}
{"step": 230, "epoch": 5, "train_loss": 1.5599834899902343, "clip_fraction": 0.739, "gradient_norm_mean": 134.275568359375, "gradient_norm_max": 721.7620849609375, "step_seconds": 2.1816082559525967, "innovation_std_sum": 51.28650502540745, "noise_marginal_std_sum": 57.78628862764004}
{"step": 240, "epoch": 5, "train_loss": 1.7523364868164062, "clip_fraction": 0.734, "gradient_norm_mean": 144.9271640625, "gradient_norm_max": 743.60693359375, "step_seconds": 2.182371525093913, "innovation_std_sum": 51.28650502540745, "noise_marginal_std_sum": 57.78628862764004}
{"step": 250, "epoch": 5, "train_loss": 1.6117454223632812, "clip_fraction": 0.729, "gradient_norm_mean": 133.86300390625, "gradient_norm_max": 852.1377563476562, "step_seconds": 2.1866131350398064, "innovation_std_sum": 51.28650502540745, "noise_marginal_std_sum": 57.78628862764004}
{"epoch": 5, "step": 250, "train_loss": 1.5913027380371094, "clip_fraction": 0.72202, "epsilon": 8.000000000000005, "accuracy": 0.6942, "validation_loss": 1.0565206680297852, "validation_examples": 10000}
