/home/longt29/miniconda3/envs/curve/lib/python3.11/site-packages/torchvision/datasets/cifar.py:83: VisibleDeprecationWarning: dtype(): align should be passed as Python or NumPy boolean but got `align=0`. Did you mean to pass a tuple to create a subarray type? (Deprecated NumPy 2.4)
  entry = pickle.load(f, encoding="latin1")
sys:1: UserWarning: Full backward hook is firing when gradients are computed with respect to module outputs since no inputs require gradients. See https://docs.pytorch.org/docs/main/generated/torch.nn.Module.html#torch.nn.Module.register_full_backward_hook for more details.
{"step": 10, "epoch": 1, "train_loss": 4.472587646484375, "clip_fraction": 1.0, "gradient_norm_mean": 64.9793349609375, "gradient_norm_max": 136.6079864501953, "step_seconds": 2.1547766402363777, "innovation_std_sum": 131.86741188161395, "noise_marginal_std_sum": 154.16949480085526}
{"step": 20, "epoch": 1, "train_loss": 4.132627563476563, "clip_fraction": 1.0, "gradient_norm_mean": 69.761974609375, "gradient_norm_max": 152.2798614501953, "step_seconds": 2.170183589681983, "innovation_std_sum": 131.86741188161395, "noise_marginal_std_sum": 154.16949480085526}
{"step": 30, "epoch": 1, "train_loss": 3.7968856201171874, "clip_fraction": 1.0, "gradient_norm_mean": 85.2666640625, "gradient_norm_max": 213.34666442871094, "step_seconds": 2.235021462664008, "innovation_std_sum": 131.86741188161395, "noise_marginal_std_sum": 154.16949480085526}
{"step": 40, "epoch": 1, "train_loss": 3.449898193359375, "clip_fraction": 1.0, "gradient_norm_mean": 96.61000390625, "gradient_norm_max": 262.38623046875, "step_seconds": 2.1804304011166096, "innovation_std_sum": 131.86741188161395, "noise_marginal_std_sum": 154.16949480085526}
{"step": 50, "epoch": 1, "train_loss": 3.14253564453125, "clip_fraction": 0.993, "gradient_norm_mean": 104.5040546875, "gradient_norm_max": 324.8911437988281, "step_seconds": 2.1744830515235662, "innovation_std_sum": 131.86741188161395, "noise_marginal_std_sum": 154.16949480085526}
{"epoch": 1, "step": 50, "train_loss": 3.9531953625488283, "clip_fraction": 0.99878, "epsilon": 1.5708547539327524, "accuracy": 0.305, "validation_loss": 2.856941485595703, "validation_examples": 10000}
{"step": 60, "epoch": 2, "train_loss": 2.8581866455078124, "clip_fraction": 0.987, "gradient_norm_mean": 109.36201953125, "gradient_norm_max": 372.7154541015625, "step_seconds": 2.158911846578121, "innovation_std_sum": 131.86741188161395, "noise_marginal_std_sum": 154.16949480085526}
{"step": 70, "epoch": 2, "train_loss": 2.638006286621094, "clip_fraction": 0.985, "gradient_norm_mean": 112.636662109375, "gradient_norm_max": 376.71075439453125, "step_seconds": 2.2132889293134212, "innovation_std_sum": 131.86741188161395, "noise_marginal_std_sum": 154.16949480085526}
{"step": 80, "epoch": 2, "train_loss": 2.487929931640625, "clip_fraction": 0.98, "gradient_norm_mean": 111.93187890625, "gradient_norm_max": 408.6220703125, "step_seconds": 2.2285314593464136, "innovation_std_sum": 131.86741188161395, "noise_marginal_std_sum": 154.16949480085526}
{"step": 90, "epoch": 2, "train_loss": 2.3676975708007815, "clip_fraction": 0.955, "gradient_norm_mean": 113.639294921875, "gradient_norm_max": 548.4156494140625, "step_seconds": 2.1876339316368103, "innovation_std_sum": 131.86741188161395, "noise_marginal_std_sum": 154.16949480085526}
{"step": 100, "epoch": 2, "train_loss": 2.2426046752929687, "clip_fraction": 0.938, "gradient_norm_mean": 111.83722265625, "gradient_norm_max": 382.4678955078125, "step_seconds": 2.1836166977882385, "innovation_std_sum": 131.86741188161395, "noise_marginal_std_sum": 154.16949480085526}
{"epoch": 2, "step": 100, "train_loss": 2.5972967834472658, "clip_fraction": 0.9758, "epsilon": 2.3512455457886707, "accuracy": 0.522, "validation_loss": 1.8372745086669922, "validation_examples": 10000}
{"step": 110, "epoch": 3, "train_loss": 2.1346642456054687, "clip_fraction": 0.918, "gradient_norm_mean": 112.1971171875, "gradient_norm_max": 543.110107421875, "step_seconds": 2.1712922621518373, "innovation_std_sum": 131.86741188161395, "noise_marginal_std_sum": 154.16949480085526}
{"step": 120, "epoch": 3, "train_loss": 2.003939727783203, "clip_fraction": 0.9, "gradient_norm_mean": 112.233201171875, "gradient_norm_max": 516.705078125, "step_seconds": 2.182404089719057, "innovation_std_sum": 131.86741188161395, "noise_marginal_std_sum": 154.16949480085526}
{"step": 130, "epoch": 3, "train_loss": 1.9170768432617187, "clip_fraction": 0.883, "gradient_norm_mean": 110.658837890625, "gradient_norm_max": 389.8192443847656, "step_seconds": 2.18839050270617, "innovation_std_sum": 131.86741188161395, "noise_marginal_std_sum": 154.16949480085526}
{"step": 140, "epoch": 3, "train_loss": 1.9349390563964843, "clip_fraction": 0.89, "gradient_norm_mean": 115.6192265625, "gradient_norm_max": 548.8796997070312, "step_seconds": 2.1884371656924486, "innovation_std_sum": 131.86741188161395, "noise_marginal_std_sum": 154.16949480085526}
{"step": 150, "epoch": 3, "train_loss": 1.841456756591797, "clip_fraction": 0.872, "gradient_norm_mean": 112.686439453125, "gradient_norm_max": 523.9251098632812, "step_seconds": 2.1874052174389362, "innovation_std_sum": 131.86741188161395, "noise_marginal_std_sum": 154.16949480085526}
{"epoch": 3, "step": 150, "train_loss": 2.019355569458008, "clip_fraction": 0.89948, "epsilon": 2.973290097247474, "accuracy": 0.6213, "validation_loss": 1.3958900482177734, "validation_examples": 10000}
{"step": 160, "epoch": 4, "train_loss": 1.8182832641601563, "clip_fraction": 0.853, "gradient_norm_mean": 116.912533203125, "gradient_norm_max": 572.7636108398438, "step_seconds": 2.178595455363393, "innovation_std_sum": 131.86741188161395, "noise_marginal_std_sum": 154.16949480085526}
{"step": 170, "epoch": 4, "train_loss": 1.746494171142578, "clip_fraction": 0.837, "gradient_norm_mean": 112.847640625, "gradient_norm_max": 607.95703125, "step_seconds": 2.179462555795908, "innovation_std_sum": 131.86741188161395, "noise_marginal_std_sum": 154.16949480085526}
{"step": 180, "epoch": 4, "train_loss": 1.7361576538085937, "clip_fraction": 0.817, "gradient_norm_mean": 110.1219453125, "gradient_norm_max": 593.2044677734375, "step_seconds": 2.1804066225886345, "innovation_std_sum": 131.86741188161395, "noise_marginal_std_sum": 154.16949480085526}
{"step": 190, "epoch": 4, "train_loss": 1.6951854858398439, "clip_fraction": 0.821, "gradient_norm_mean": 112.541853515625, "gradient_norm_max": 613.6217651367188, "step_seconds": 2.190900232642889, "innovation_std_sum": 131.86741188161395, "noise_marginal_std_sum": 154.16949480085526}
{"step": 200, "epoch": 4, "train_loss": 1.5866776428222655, "clip_fraction": 0.815, "gradient_norm_mean": 112.238595703125, "gradient_norm_max": 717.3302612304688, "step_seconds": 2.1878552809357643, "innovation_std_sum": 131.86741188161395, "noise_marginal_std_sum": 154.16949480085526}
{"epoch": 4, "step": 200, "train_loss": 1.7247915185546876, "clip_fraction": 0.82714, "epsilon": 3.5129749023315266, "accuracy": 0.6739, "validation_loss": 1.1641539627075195, "validation_examples": 10000}
{"step": 210, "epoch": 5, "train_loss": 1.6656432189941406, "clip_fraction": 0.784, "gradient_norm_mean": 114.263041015625, "gradient_norm_max": 780.545654296875, "step_seconds": 2.1667287461459637, "innovation_std_sum": 131.86741188161395, "noise_marginal_std_sum": 154.16949480085526}
{"step": 220, "epoch": 5, "train_loss": 1.5695030822753906, "clip_fraction": 0.778, "gradient_norm_mean": 113.523076171875, "gradient_norm_max": 737.5353393554688, "step_seconds": 2.173656450584531, "innovation_std_sum": 131.86741188161395, "noise_marginal_std_sum": 154.16949480085526}
{"step": 230, "epoch": 5, "train_loss": 1.6064098510742189, "clip_fraction": 0.769, "gradient_norm_mean": 113.51, "gradient_norm_max": 640.491943359375, "step_seconds": 2.1685745492577553, "innovation_std_sum": 131.86741188161395, "noise_marginal_std_sum": 154.16949480085526}
{"step": 240, "epoch": 5, "train_loss": 1.6017548522949219, "clip_fraction": 0.794, "gradient_norm_mean": 118.0296640625, "gradient_norm_max": 729.0602416992188, "step_seconds": 2.184676442295313, "innovation_std_sum": 131.86741188161395, "noise_marginal_std_sum": 154.16949480085526}
{"step": 250, "epoch": 5, "train_loss": 1.4852965698242186, "clip_fraction": 0.766, "gradient_norm_mean": 111.29656640625, "gradient_norm_max": 645.0404052734375, "step_seconds": 2.1822450533509254, "innovation_std_sum": 131.86741188161395, "noise_marginal_std_sum": 154.16949480085526}
{"epoch": 5, "step": 250, "train_loss": 1.5728211108398438, "clip_fraction": 0.77608, "epsilon": 3.9999999999999685, "accuracy": 0.7062, "validation_loss": 1.027991441345215, "validation_examples": 10000}
