Loading weights:   0%|          | 0/39 [00:00<?, ?it/s]Loading weights: 100%|██████████| 39/39 [00:00<00:00, 5688.08it/s]
[transformers] [1mBertModel LOAD REPORT[0m from: /media/data/data/lt/dp-adam-correlated/cache/bert-tiny
Key                                        | Status     |  | 
-------------------------------------------+------------+--+-
cls.predictions.transform.dense.bias       | UNEXPECTED |  | 
cls.predictions.decoder.bias               | UNEXPECTED |  | 
cls.predictions.decoder.weight             | UNEXPECTED |  | 
cls.predictions.transform.LayerNorm.weight | UNEXPECTED |  | 
cls.predictions.transform.dense.weight     | UNEXPECTED |  | 
cls.seq_relationship.weight                | UNEXPECTED |  | 
cls.predictions.transform.LayerNorm.bias   | UNEXPECTED |  | 
cls.seq_relationship.bias                  | UNEXPECTED |  | 
cls.predictions.bias                       | UNEXPECTED |  | 

Notes:
- UNEXPECTED:	can be ignored when loading from different task/architecture; not ok if you expect identical arch.
sys:1: UserWarning: Full backward hook is firing when gradients are computed with respect to module outputs since no inputs require gradients. See https://docs.pytorch.org/docs/main/generated/torch.nn.Module.html#torch.nn.Module.register_full_backward_hook for more details.
{"step": 62, "epoch": 1.0, "train_loss": 0.6606583222419986, "clip_fraction": 0.6865322580645162, "validation_loss": 0.6405540825030126, "accuracy": 0.7052752293577982, "validation_examples": 872, "epsilon": 2.983473211150575}
{"step": 124, "epoch": 2.0, "train_loss": 0.615115184168662, "clip_fraction": 0.5159677419354839, "validation_loss": 0.7147780339652245, "accuracy": 0.7591743119266054, "validation_examples": 872, "epsilon": 4.566965972959099}
{"step": 186, "epoch": 3.0, "train_loss": 0.6078064801616054, "clip_fraction": 0.43130645161290326, "validation_loss": 0.7160578036527021, "accuracy": 0.7522935779816514, "validation_examples": 872, "epsilon": 5.849088165717443}
{"step": 248, "epoch": 4.0, "train_loss": 0.573438739407447, "clip_fraction": 0.3944516129032258, "validation_loss": 0.6734872695502885, "accuracy": 0.7637614678899083, "validation_examples": 872, "epsilon": 6.974398475295218}
{"step": 310, "epoch": 5.0, "train_loss": 0.539401125015751, "clip_fraction": 0.369758064516129, "validation_loss": 0.6563329740401802, "accuracy": 0.7729357798165137, "validation_examples": 872, "epsilon": 8.000000000000005}
