/home/longt29/miniconda3/envs/curve/lib/python3.11/site-packages/torchvision/datasets/cifar.py:83: VisibleDeprecationWarning: dtype(): align should be passed as Python or NumPy boolean but got `align=0`. Did you mean to pass a tuple to create a subarray type? (Deprecated NumPy 2.4)
  entry = pickle.load(f, encoding="latin1")
sys:1: UserWarning: Full backward hook is firing when gradients are computed with respect to module outputs since no inputs require gradients. See https://docs.pytorch.org/docs/main/generated/torch.nn.Module.html#torch.nn.Module.register_full_backward_hook for more details.
{"step": 10, "epoch": 1, "train_loss": 4.028583557128906, "clip_fraction": 1.0, "gradient_norm_mean": 975.703234375, "gradient_norm_max": 2362.12548828125, "step_seconds": 1.9814839772880077, "innovation_std_sum": 279.8581097056428, "noise_marginal_std_sum": 327.1891271209289}
{"step": 20, "epoch": 1, "train_loss": 3.06419873046875, "clip_fraction": 1.0, "gradient_norm_mean": 1426.5515625, "gradient_norm_max": 4703.54052734375, "step_seconds": 1.975486095994711, "innovation_std_sum": 279.8581097056428, "noise_marginal_std_sum": 327.1891271209289}
{"step": 30, "epoch": 1, "train_loss": 2.4842704467773435, "clip_fraction": 0.986, "gradient_norm_mean": 1493.3655, "gradient_norm_max": 5951.11865234375, "step_seconds": 1.976702731102705, "innovation_std_sum": 279.8581097056428, "noise_marginal_std_sum": 327.1891271209289}
{"step": 40, "epoch": 1, "train_loss": 2.120486389160156, "clip_fraction": 0.95, "gradient_norm_mean": 1513.812125, "gradient_norm_max": 6095.3125, "step_seconds": 1.9507366828620434, "innovation_std_sum": 279.8581097056428, "noise_marginal_std_sum": 327.1891271209289}
{"step": 50, "epoch": 1, "train_loss": 1.9288439331054688, "clip_fraction": 0.902, "gradient_norm_mean": 1482.55440625, "gradient_norm_max": 8524.880859375, "step_seconds": 1.9459043685346842, "innovation_std_sum": 279.8581097056428, "noise_marginal_std_sum": 327.1891271209289}
{"epoch": 1, "step": 50, "train_loss": 2.9728904321289065, "clip_fraction": 0.9767, "epsilon": 5.776497896292128, "accuracy": 0.6248, "validation_loss": 1.3420776947021484, "validation_examples": 10000}
{"step": 60, "epoch": 2, "train_loss": 1.7143333435058594, "clip_fraction": 0.856, "gradient_norm_mean": 1440.23978125, "gradient_norm_max": 13008.3115234375, "step_seconds": 1.9404473342001438, "innovation_std_sum": 279.8581097056428, "noise_marginal_std_sum": 327.1891271209289}
{"step": 70, "epoch": 2, "train_loss": 1.6129624938964844, "clip_fraction": 0.838, "gradient_norm_mean": 1473.300375, "gradient_norm_max": 13402.0849609375, "step_seconds": 1.9785682260990143, "innovation_std_sum": 279.8581097056428, "noise_marginal_std_sum": 327.1891271209289}
{"step": 80, "epoch": 2, "train_loss": 1.5579647521972657, "clip_fraction": 0.808, "gradient_norm_mean": 1438.268125, "gradient_norm_max": 10392.134765625, "step_seconds": 1.950874675065279, "innovation_std_sum": 279.8581097056428, "noise_marginal_std_sum": 327.1891271209289}
{"step": 90, "epoch": 2, "train_loss": 1.3902083435058594, "clip_fraction": 0.778, "gradient_norm_mean": 1416.93109375, "gradient_norm_max": 9547.4951171875, "step_seconds": 1.9528486896306276, "innovation_std_sum": 279.8581097056428, "noise_marginal_std_sum": 327.1891271209289}
{"step": 100, "epoch": 2, "train_loss": 1.4303088989257813, "clip_fraction": 0.741, "gradient_norm_mean": 1425.7903125, "gradient_norm_max": 10376.7861328125, "step_seconds": 1.9513579923659563, "innovation_std_sum": 279.8581097056428, "noise_marginal_std_sum": 327.1891271209289}
{"epoch": 2, "step": 100, "train_loss": 1.56342482421875, "clip_fraction": 0.81464, "epsilon": 8.908438479325289, "accuracy": 0.7408, "validation_loss": 0.8757338317871094, "validation_examples": 10000}
{"step": 110, "epoch": 3, "train_loss": 1.3567525329589845, "clip_fraction": 0.726, "gradient_norm_mean": 1423.26546875, "gradient_norm_max": 9330.5986328125, "step_seconds": 1.9468359742313623, "innovation_std_sum": 279.8581097056428, "noise_marginal_std_sum": 327.1891271209289}
{"step": 120, "epoch": 3, "train_loss": 1.3072164916992188, "clip_fraction": 0.708, "gradient_norm_mean": 1429.70396875, "gradient_norm_max": 11516.865234375, "step_seconds": 1.9549557566642761, "innovation_std_sum": 279.8581097056428, "noise_marginal_std_sum": 327.1891271209289}
{"step": 130, "epoch": 3, "train_loss": 1.3591307678222657, "clip_fraction": 0.713, "gradient_norm_mean": 1477.1518125, "gradient_norm_max": 11865.3955078125, "step_seconds": 1.9544534347951412, "innovation_std_sum": 279.8581097056428, "noise_marginal_std_sum": 327.1891271209289}
{"step": 140, "epoch": 3, "train_loss": 1.3397786560058593, "clip_fraction": 0.692, "gradient_norm_mean": 1475.5506875, "gradient_norm_max": 13308.314453125, "step_seconds": 1.951064707711339, "innovation_std_sum": 279.8581097056428, "noise_marginal_std_sum": 327.1891271209289}
{"step": 150, "epoch": 3, "train_loss": 1.3500788879394532, "clip_fraction": 0.662, "gradient_norm_mean": 1433.57790625, "gradient_norm_max": 7130.2802734375, "step_seconds": 1.9525501281023026, "innovation_std_sum": 279.8581097056428, "noise_marginal_std_sum": 327.1891271209289}
{"epoch": 3, "step": 150, "train_loss": 1.34205375, "clip_fraction": 0.7035, "epsilon": 11.513052827502218, "accuracy": 0.7792, "validation_loss": 0.74073857421875, "validation_examples": 10000}
{"step": 160, "epoch": 4, "train_loss": 1.304842254638672, "clip_fraction": 0.67, "gradient_norm_mean": 1472.8739375, "gradient_norm_max": 9616.6416015625, "step_seconds": 2.0025650952011347, "innovation_std_sum": 279.8581097056428, "noise_marginal_std_sum": 327.1891271209289}
{"step": 170, "epoch": 4, "train_loss": 1.2096375732421876, "clip_fraction": 0.652, "gradient_norm_mean": 1394.1710625, "gradient_norm_max": 13235.076171875, "step_seconds": 1.95707874186337, "innovation_std_sum": 279.8581097056428, "noise_marginal_std_sum": 327.1891271209289}
{"step": 180, "epoch": 4, "train_loss": 1.2842578125, "clip_fraction": 0.643, "gradient_norm_mean": 1392.36428125, "gradient_norm_max": 7683.60986328125, "step_seconds": 1.9382753241807222, "innovation_std_sum": 279.8581097056428, "noise_marginal_std_sum": 327.1891271209289}
{"step": 190, "epoch": 4, "train_loss": 1.370592803955078, "clip_fraction": 0.656, "gradient_norm_mean": 1498.661, "gradient_norm_max": 9328.388671875, "step_seconds": 1.9585050735622644, "innovation_std_sum": 279.8581097056428, "noise_marginal_std_sum": 327.1891271209289}
{"step": 200, "epoch": 4, "train_loss": 1.29180322265625, "clip_fraction": 0.63, "gradient_norm_mean": 1423.327, "gradient_norm_max": 10331.0107421875, "step_seconds": 1.9562647324055433, "innovation_std_sum": 279.8581097056428, "noise_marginal_std_sum": 327.1891271209289}
{"epoch": 4, "step": 200, "train_loss": 1.2462639685058594, "clip_fraction": 0.64744, "epsilon": 13.843851210203534, "accuracy": 0.7971, "validation_loss": 0.6867949996948243, "validation_examples": 10000}
{"step": 210, "epoch": 5, "train_loss": 1.1767781066894532, "clip_fraction": 0.615, "gradient_norm_mean": 1402.1675625, "gradient_norm_max": 8836.6513671875, "step_seconds": 1.9803806152194738, "innovation_std_sum": 279.8581097056428, "noise_marginal_std_sum": 327.1891271209289}
{"step": 220, "epoch": 5, "train_loss": 1.2004386596679688, "clip_fraction": 0.625, "gradient_norm_mean": 1487.60515625, "gradient_norm_max": 11494.216796875, "step_seconds": 1.9360952209681273, "innovation_std_sum": 279.8581097056428, "noise_marginal_std_sum": 327.1891271209289}
{"step": 230, "epoch": 5, "train_loss": 1.1737620849609376, "clip_fraction": 0.619, "gradient_norm_mean": 1391.8999375, "gradient_norm_max": 10139.248046875, "step_seconds": 1.9587146807461977, "innovation_std_sum": 279.8581097056428, "noise_marginal_std_sum": 327.1891271209289}
{"step": 240, "epoch": 5, "train_loss": 1.2381722106933595, "clip_fraction": 0.612, "gradient_norm_mean": 1444.83340625, "gradient_norm_max": 9531.9482421875, "step_seconds": 1.9558823518455029, "innovation_std_sum": 279.8581097056428, "noise_marginal_std_sum": 327.1891271209289}
{"step": 250, "epoch": 5, "train_loss": 1.1571634826660155, "clip_fraction": 0.6, "gradient_norm_mean": 1408.83296875, "gradient_norm_max": 13129.306640625, "step_seconds": 1.9700117893517017, "innovation_std_sum": 279.8581097056428, "noise_marginal_std_sum": 327.1891271209289}
{"epoch": 5, "step": 250, "train_loss": 1.1903933947753906, "clip_fraction": 0.60828, "epsilon": 16.000000000000032, "accuracy": 0.808, "validation_loss": 0.6535182548522949, "validation_examples": 10000}
