/home/longt29/miniconda3/envs/curve/lib/python3.11/site-packages/torchvision/datasets/cifar.py:83: VisibleDeprecationWarning: dtype(): align should be passed as Python or NumPy boolean but got `align=0`. Did you mean to pass a tuple to create a subarray type? (Deprecated NumPy 2.4)
  entry = pickle.load(f, encoding="latin1")
sys:1: UserWarning: Full backward hook is firing when gradients are computed with respect to module outputs since no inputs require gradients. See https://docs.pytorch.org/docs/main/generated/torch.nn.Module.html#torch.nn.Module.register_full_backward_hook for more details.
{"step": 10, "epoch": 1, "train_loss": 4.645975952148437, "clip_fraction": 1.0, "gradient_norm_mean": 57.08298046875, "gradient_norm_max": 134.2165985107422, "step_seconds": 2.1780013646930456, "innovation_std_sum": 40.264590225254544, "noise_marginal_std_sum": 40.264590225254544}
{"step": 20, "epoch": 1, "train_loss": 4.464902099609375, "clip_fraction": 1.0, "gradient_norm_mean": 53.84402734375, "gradient_norm_max": 110.79371643066406, "step_seconds": 2.2485005147755146, "innovation_std_sum": 40.264590225254544, "noise_marginal_std_sum": 40.264590225254544}
{"step": 30, "epoch": 1, "train_loss": 4.313929931640625, "clip_fraction": 1.0, "gradient_norm_mean": 58.6961640625, "gradient_norm_max": 113.65520477294922, "step_seconds": 2.326981959864497, "innovation_std_sum": 40.264590225254544, "noise_marginal_std_sum": 40.264590225254544}
{"step": 40, "epoch": 1, "train_loss": 4.109247924804688, "clip_fraction": 1.0, "gradient_norm_mean": 67.74490625, "gradient_norm_max": 147.00872802734375, "step_seconds": 2.381270417943597, "innovation_std_sum": 40.264590225254544, "noise_marginal_std_sum": 40.264590225254544}
{"step": 50, "epoch": 1, "train_loss": 3.912266418457031, "clip_fraction": 1.0, "gradient_norm_mean": 79.71359765625, "gradient_norm_max": 181.42233276367188, "step_seconds": 2.360679117962718, "innovation_std_sum": 40.264590225254544, "noise_marginal_std_sum": 40.264590225254544}
{"epoch": 1, "step": 50, "train_loss": 4.397815925292969, "clip_fraction": 1.0, "epsilon": 3.1232925162148586, "accuracy": 0.1469, "validation_loss": 3.72195087890625, "validation_examples": 10000}
{"step": 60, "epoch": 2, "train_loss": 3.6168463134765627, "clip_fraction": 1.0, "gradient_norm_mean": 90.158265625, "gradient_norm_max": 225.68991088867188, "step_seconds": 2.284698823466897, "innovation_std_sum": 40.264590225254544, "noise_marginal_std_sum": 40.264590225254544}
{"step": 70, "epoch": 2, "train_loss": 3.4294352416992187, "clip_fraction": 1.0, "gradient_norm_mean": 98.479494140625, "gradient_norm_max": 310.56536865234375, "step_seconds": 2.4043570943176746, "innovation_std_sum": 40.264590225254544, "noise_marginal_std_sum": 40.264590225254544}
{"step": 80, "epoch": 2, "train_loss": 3.2839481201171874, "clip_fraction": 0.998, "gradient_norm_mean": 106.3083671875, "gradient_norm_max": 335.61004638671875, "step_seconds": 2.465975422412157, "innovation_std_sum": 40.264590225254544, "noise_marginal_std_sum": 40.264590225254544}
{"step": 90, "epoch": 2, "train_loss": 3.023064636230469, "clip_fraction": 1.0, "gradient_norm_mean": 109.530916015625, "gradient_norm_max": 398.9395446777344, "step_seconds": 2.374324306845665, "innovation_std_sum": 40.264590225254544, "noise_marginal_std_sum": 40.264590225254544}
{"step": 100, "epoch": 2, "train_loss": 2.9159453735351564, "clip_fraction": 0.993, "gradient_norm_mean": 111.658791015625, "gradient_norm_max": 414.6510314941406, "step_seconds": 2.4263628255575895, "innovation_std_sum": 40.264590225254544, "noise_marginal_std_sum": 40.264590225254544}
{"epoch": 2, "step": 100, "train_loss": 3.3437070056152343, "clip_fraction": 0.99872, "epsilon": 4.650921021133024, "accuracy": 0.3649, "validation_loss": 2.6174573547363282, "validation_examples": 10000}
{"step": 110, "epoch": 3, "train_loss": 2.741027099609375, "clip_fraction": 0.991, "gradient_norm_mean": 111.401294921875, "gradient_norm_max": 386.9752502441406, "step_seconds": 2.294531524181366, "innovation_std_sum": 40.264590225254544, "noise_marginal_std_sum": 40.264590225254544}
{"step": 120, "epoch": 3, "train_loss": 2.6055450439453125, "clip_fraction": 0.986, "gradient_norm_mean": 114.6347265625, "gradient_norm_max": 490.2118225097656, "step_seconds": 2.343865606933832, "innovation_std_sum": 40.264590225254544, "noise_marginal_std_sum": 40.264590225254544}
{"step": 130, "epoch": 3, "train_loss": 2.6018736572265624, "clip_fraction": 0.98, "gradient_norm_mean": 117.409974609375, "gradient_norm_max": 375.4374084472656, "step_seconds": 2.458240542560816, "innovation_std_sum": 40.264590225254544, "noise_marginal_std_sum": 40.264590225254544}
{"step": 140, "epoch": 3, "train_loss": 2.4938958129882813, "clip_fraction": 0.97, "gradient_norm_mean": 121.826794921875, "gradient_norm_max": 451.490478515625, "step_seconds": 2.4412167258560658, "innovation_std_sum": 40.264590225254544, "noise_marginal_std_sum": 40.264590225254544}
{"step": 150, "epoch": 3, "train_loss": 2.4322152099609373, "clip_fraction": 0.962, "gradient_norm_mean": 116.885505859375, "gradient_norm_max": 385.2184753417969, "step_seconds": 2.4265887811779976, "innovation_std_sum": 40.264590225254544, "noise_marginal_std_sum": 40.264590225254544}
{"epoch": 3, "step": 150, "train_loss": 2.621714794921875, "clip_fraction": 0.97942, "epsilon": 5.897172094191148, "accuracy": 0.4834, "validation_loss": 2.013570193481445, "validation_examples": 10000}
{"step": 160, "epoch": 4, "train_loss": 2.3442911376953126, "clip_fraction": 0.955, "gradient_norm_mean": 119.114751953125, "gradient_norm_max": 446.41619873046875, "step_seconds": 2.3288841992616653, "innovation_std_sum": 40.264590225254544, "noise_marginal_std_sum": 40.264590225254544}
{"step": 170, "epoch": 4, "train_loss": 2.2548013305664063, "clip_fraction": 0.939, "gradient_norm_mean": 121.7195546875, "gradient_norm_max": 710.9088745117188, "step_seconds": 2.43805930390954, "innovation_std_sum": 40.264590225254544, "noise_marginal_std_sum": 40.264590225254544}
{"step": 180, "epoch": 4, "train_loss": 2.246775146484375, "clip_fraction": 0.937, "gradient_norm_mean": 119.948689453125, "gradient_norm_max": 618.1038818359375, "step_seconds": 2.430084463208914, "innovation_std_sum": 40.264590225254544, "noise_marginal_std_sum": 40.264590225254544}
{"step": 190, "epoch": 4, "train_loss": 2.2135918579101563, "clip_fraction": 0.929, "gradient_norm_mean": 122.420904296875, "gradient_norm_max": 461.9022216796875, "step_seconds": 2.488819221034646, "innovation_std_sum": 40.264590225254544, "noise_marginal_std_sum": 40.264590225254544}
{"step": 200, "epoch": 4, "train_loss": 2.196831787109375, "clip_fraction": 0.92, "gradient_norm_mean": 122.63060546875, "gradient_norm_max": 493.218505859375, "step_seconds": 2.4283611066639423, "innovation_std_sum": 40.264590225254544, "noise_marginal_std_sum": 40.264590225254544}
{"epoch": 4, "step": 200, "train_loss": 2.2432036871337893, "clip_fraction": 0.93796, "epsilon": 6.99603315708177, "accuracy": 0.559, "validation_loss": 1.6696767303466797, "validation_examples": 10000}
{"step": 210, "epoch": 5, "train_loss": 2.016155334472656, "clip_fraction": 0.903, "gradient_norm_mean": 115.320373046875, "gradient_norm_max": 757.7810668945312, "step_seconds": 2.3181315157562494, "innovation_std_sum": 40.264590225254544, "noise_marginal_std_sum": 40.264590225254544}
{"step": 220, "epoch": 5, "train_loss": 2.032284606933594, "clip_fraction": 0.909, "gradient_norm_mean": 120.328068359375, "gradient_norm_max": 641.2646484375, "step_seconds": 2.4645211920142174, "innovation_std_sum": 40.264590225254544, "noise_marginal_std_sum": 40.264590225254544}
{"step": 230, "epoch": 5, "train_loss": 2.0361676940917968, "clip_fraction": 0.898, "gradient_norm_mean": 121.277611328125, "gradient_norm_max": 641.701904296875, "step_seconds": 2.4426598716527224, "innovation_std_sum": 40.264590225254544, "noise_marginal_std_sum": 40.264590225254544}
{"step": 240, "epoch": 5, "train_loss": 1.9881102294921875, "clip_fraction": 0.892, "gradient_norm_mean": 119.1074375, "gradient_norm_max": 556.330078125, "step_seconds": 2.4582020696252584, "innovation_std_sum": 40.264590225254544, "noise_marginal_std_sum": 40.264590225254544}
{"step": 250, "epoch": 5, "train_loss": 2.007012451171875, "clip_fraction": 0.873, "gradient_norm_mean": 120.390544921875, "gradient_norm_max": 645.9452514648438, "step_seconds": 2.409998346120119, "innovation_std_sum": 40.264590225254544, "noise_marginal_std_sum": 40.264590225254544}
{"epoch": 5, "step": 250, "train_loss": 2.0199802154541016, "clip_fraction": 0.89462, "epsilon": 8.000000000000007, "accuracy": 0.5986, "validation_loss": 1.4755938415527343, "validation_examples": 10000}
