/home/longt29/miniconda3/envs/curve/lib/python3.11/site-packages/torchvision/datasets/cifar.py:83: VisibleDeprecationWarning: dtype(): align should be passed as Python or NumPy boolean but got `align=0`. Did you mean to pass a tuple to create a subarray type? (Deprecated NumPy 2.4)
  entry = pickle.load(f, encoding="latin1")
sys:1: UserWarning: Full backward hook is firing when gradients are computed with respect to module outputs since no inputs require gradients. See https://docs.pytorch.org/docs/main/generated/torch.nn.Module.html#torch.nn.Module.register_full_backward_hook for more details.
{"step": 10, "epoch": 1, "train_loss": 4.536184204101563, "clip_fraction": 0.0, "gradient_norm_mean": 44.1584794921875, "gradient_norm_max": 82.82784271240234, "step_seconds": 2.1220928952097893, "innovation_std_sum": 480.2677029195636, "noise_marginal_std_sum": 662.4392459832405}
{"step": 20, "epoch": 1, "train_loss": 4.388155883789063, "clip_fraction": 0.0, "gradient_norm_mean": 46.128443359375, "gradient_norm_max": 86.24242401123047, "step_seconds": 2.1187126338481903, "innovation_std_sum": 480.2677029195636, "noise_marginal_std_sum": 662.4392459832405}
{"step": 30, "epoch": 1, "train_loss": 4.201135620117188, "clip_fraction": 0.013, "gradient_norm_mean": 63.1392998046875, "gradient_norm_max": 133.36314392089844, "step_seconds": 2.1472969222813845, "innovation_std_sum": 480.2677029195636, "noise_marginal_std_sum": 662.4392459832405}
{"step": 40, "epoch": 1, "train_loss": 3.955897216796875, "clip_fraction": 0.231, "gradient_norm_mean": 86.054294921875, "gradient_norm_max": 188.61573791503906, "step_seconds": 2.1387859582901, "innovation_std_sum": 480.2677029195636, "noise_marginal_std_sum": 662.4392459832405}
{"epoch": 1, "step": 45, "train_loss": 4.313262152777778, "clip_fraction": 0.07271111111111112, "epsilon": 2.805247463992718, "accuracy": 0.1752, "validation_loss": 3.5584676879882813, "validation_examples": 5000}
{"step": 50, "epoch": 2, "train_loss": 3.5533990478515625, "clip_fraction": 0.492, "gradient_norm_mean": 101.512005859375, "gradient_norm_max": 273.4945373535156, "step_seconds": 2.1085439156740904, "innovation_std_sum": 480.2677029195636, "noise_marginal_std_sum": 662.4392459832405}
{"step": 60, "epoch": 2, "train_loss": 3.3043896484375, "clip_fraction": 0.706, "gradient_norm_mean": 117.33794921875, "gradient_norm_max": 330.000244140625, "step_seconds": 2.12273052893579, "innovation_std_sum": 480.2677029195636, "noise_marginal_std_sum": 662.4392459832405}
{"step": 70, "epoch": 2, "train_loss": 2.891394287109375, "clip_fraction": 0.712, "gradient_norm_mean": 118.90409375, "gradient_norm_max": 420.1466979980469, "step_seconds": 2.11191513761878, "innovation_std_sum": 480.2677029195636, "noise_marginal_std_sum": 662.4392459832405}
{"step": 80, "epoch": 2, "train_loss": 2.7447633056640623, "clip_fraction": 0.724, "gradient_norm_mean": 122.37016015625, "gradient_norm_max": 317.0176086425781, "step_seconds": 2.1433129515498877, "innovation_std_sum": 480.2677029195636, "noise_marginal_std_sum": 662.4392459832405}
{"step": 90, "epoch": 2, "train_loss": 2.5478923950195314, "clip_fraction": 0.726, "gradient_norm_mean": 127.8780546875, "gradient_norm_max": 472.9754638671875, "step_seconds": 2.1237532645463943, "innovation_std_sum": 480.2677029195636, "noise_marginal_std_sum": 662.4392459832405}
{"epoch": 2, "step": 90, "train_loss": 3.036822223578559, "clip_fraction": 0.654, "epsilon": 4.447471925552444, "accuracy": 0.4546, "validation_loss": 2.1065535522460936, "validation_examples": 5000}
{"step": 100, "epoch": 3, "train_loss": 2.2994470825195314, "clip_fraction": 0.663, "gradient_norm_mean": 119.73802734375, "gradient_norm_max": 397.3826904296875, "step_seconds": 2.098536841571331, "innovation_std_sum": 480.2677029195636, "noise_marginal_std_sum": 662.4392459832405}
{"step": 110, "epoch": 3, "train_loss": 2.212374328613281, "clip_fraction": 0.646, "gradient_norm_mean": 120.812373046875, "gradient_norm_max": 443.1890869140625, "step_seconds": 2.103573303669691, "innovation_std_sum": 480.2677029195636, "noise_marginal_std_sum": 662.4392459832405}
{"step": 120, "epoch": 3, "train_loss": 2.0996648559570312, "clip_fraction": 0.636, "gradient_norm_mean": 120.392333984375, "gradient_norm_max": 441.7192687988281, "step_seconds": 2.1102791223675013, "innovation_std_sum": 480.2677029195636, "noise_marginal_std_sum": 662.4392459832405}
{"step": 130, "epoch": 3, "train_loss": 2.0439134826660155, "clip_fraction": 0.612, "gradient_norm_mean": 117.509986328125, "gradient_norm_max": 361.7517395019531, "step_seconds": 2.114498246461153, "innovation_std_sum": 480.2677029195636, "noise_marginal_std_sum": 662.4392459832405}
{"epoch": 3, "step": 135, "train_loss": 2.225439473470052, "clip_fraction": 0.6462222222222223, "epsilon": 5.779485746307642, "accuracy": 0.5774, "validation_loss": 1.541680224609375, "validation_examples": 5000}
{"step": 140, "epoch": 4, "train_loss": 1.9647737731933594, "clip_fraction": 0.58, "gradient_norm_mean": 115.259703125, "gradient_norm_max": 460.41131591796875, "step_seconds": 2.105552515015006, "innovation_std_sum": 480.2677029195636, "noise_marginal_std_sum": 662.4392459832405}
{"step": 150, "epoch": 4, "train_loss": 1.918535400390625, "clip_fraction": 0.58, "gradient_norm_mean": 117.3703125, "gradient_norm_max": 536.7110595703125, "step_seconds": 2.1202989257872105, "innovation_std_sum": 480.2677029195636, "noise_marginal_std_sum": 662.4392459832405}
{"step": 160, "epoch": 4, "train_loss": 1.8806156921386719, "clip_fraction": 0.557, "gradient_norm_mean": 117.023279296875, "gradient_norm_max": 639.3369140625, "step_seconds": 2.1103354692459106, "innovation_std_sum": 480.2677029195636, "noise_marginal_std_sum": 662.4392459832405}
{"step": 170, "epoch": 4, "train_loss": 1.81555224609375, "clip_fraction": 0.563, "gradient_norm_mean": 113.655068359375, "gradient_norm_max": 529.8526611328125, "step_seconds": 2.1243550423532724, "innovation_std_sum": 480.2677029195636, "noise_marginal_std_sum": 662.4392459832405}
{"step": 180, "epoch": 4, "train_loss": 1.7630424194335939, "clip_fraction": 0.558, "gradient_norm_mean": 114.0778984375, "gradient_norm_max": 468.3820495605469, "step_seconds": 2.130570288747549, "innovation_std_sum": 480.2677029195636, "noise_marginal_std_sum": 662.4392459832405}
{"epoch": 4, "step": 180, "train_loss": 1.8794769714355468, "clip_fraction": 0.5765111111111111, "epsilon": 6.943065470652319, "accuracy": 0.6458, "validation_loss": 1.2690130798339845, "validation_examples": 5000}
{"step": 190, "epoch": 5, "train_loss": 1.7052213134765626, "clip_fraction": 0.566, "gradient_norm_mean": 116.1227109375, "gradient_norm_max": 480.1860046386719, "step_seconds": 2.1191980559378862, "innovation_std_sum": 480.2677029195636, "noise_marginal_std_sum": 662.4392459832405}
{"step": 200, "epoch": 5, "train_loss": 1.7355192260742187, "clip_fraction": 0.561, "gradient_norm_mean": 116.842423828125, "gradient_norm_max": 517.8511962890625, "step_seconds": 2.121572447940707, "innovation_std_sum": 480.2677029195636, "noise_marginal_std_sum": 662.4392459832405}
{"step": 210, "epoch": 5, "train_loss": 1.7015476684570312, "clip_fraction": 0.535, "gradient_norm_mean": 111.6711953125, "gradient_norm_max": 458.2808837890625, "step_seconds": 2.126355027779937, "innovation_std_sum": 480.2677029195636, "noise_marginal_std_sum": 662.4392459832405}
{"step": 220, "epoch": 5, "train_loss": 1.6184936218261718, "clip_fraction": 0.525, "gradient_norm_mean": 114.605171875, "gradient_norm_max": 497.556396484375, "step_seconds": 2.1262954100966454, "innovation_std_sum": 480.2677029195636, "noise_marginal_std_sum": 662.4392459832405}
{"epoch": 5, "step": 225, "train_loss": 1.6877945170084636, "clip_fraction": 0.5426, "epsilon": 8.000000000000005, "accuracy": 0.6834, "validation_loss": 1.1225209075927733, "validation_examples": 5000}
