/home/longt29/miniconda3/envs/curve/lib/python3.11/site-packages/torchvision/datasets/cifar.py:83: VisibleDeprecationWarning: dtype(): align should be passed as Python or NumPy boolean but got `align=0`. Did you mean to pass a tuple to create a subarray type? (Deprecated NumPy 2.4)
  entry = pickle.load(f, encoding="latin1")
{"status": "running", "method": "nonprivate_hybrid", "seed": 20261001, "calibration": null, "coefficients": [1.0]}
{"event": "logical_progress", "step": 1, "train_loss": 5.180809692382812, "clip_fraction": null}
{"event": "logical_progress", "step": 25, "train_loss": 2.819281533203125, "clip_fraction": null}
{"event": "logical_progress", "step": 50, "train_loss": 2.2847891235351563, "clip_fraction": null}
{"epoch": 1, "logical_steps": 50, "train_examples": 50000, "train_loss": 2.2847891235351563, "test_loss": 1.1533414947509766, "test_top1": 0.6628, "clip_fraction": null, "epsilon": null, "delta": null, "seconds": 92.13728066813201}
{"event": "logical_progress", "step": 75, "train_loss": 1.63147345703125, "clip_fraction": null}
{"event": "logical_progress", "step": 100, "train_loss": 1.5736896514892578, "clip_fraction": null}
{"epoch": 2, "logical_steps": 100, "train_examples": 50000, "train_loss": 1.5736896514892578, "test_loss": 1.0319156021118163, "test_top1": 0.7051, "clip_fraction": null, "epsilon": null, "delta": null, "seconds": 173.1902239676565}
{"event": "logical_progress", "step": 125, "train_loss": 1.4477752221679687, "clip_fraction": null}
{"event": "logical_progress", "step": 150, "train_loss": 1.411584345703125, "clip_fraction": null}
{"epoch": 3, "logical_steps": 150, "train_examples": 50000, "train_loss": 1.411584345703125, "test_loss": 0.9824529525756835, "test_top1": 0.7142, "clip_fraction": null, "epsilon": null, "delta": null, "seconds": 255.99787531606853}
{"event": "logical_progress", "step": 175, "train_loss": 1.3387669396972657, "clip_fraction": null}
{"event": "logical_progress", "step": 200, "train_loss": 1.306803095703125, "clip_fraction": null}
{"epoch": 4, "logical_steps": 200, "train_examples": 50000, "train_loss": 1.306803095703125, "test_loss": 0.9561009399414062, "test_top1": 0.722, "clip_fraction": null, "epsilon": null, "delta": null, "seconds": 338.4506834689528}
{"event": "logical_progress", "step": 225, "train_loss": 1.2653275036621094, "clip_fraction": null}
{"event": "logical_progress", "step": 250, "train_loss": 1.2319950854492188, "clip_fraction": null}
{"epoch": 5, "logical_steps": 250, "train_examples": 50000, "train_loss": 1.2319950854492188, "test_loss": 0.935947898864746, "test_top1": 0.7287, "clip_fraction": null, "epsilon": null, "delta": null, "seconds": 420.6024719364941}
{"status": "completed", "result_dir": "/media/data/data/lt/dp-adam-correlated/exp3/results/search/A/a02_muon_0.01"}
