Loading weights:   0%|          | 0/39 [00:00<?, ?it/s]Loading weights: 100%|██████████| 39/39 [00:00<00:00, 19555.03it/s]
[transformers] [1mBertModel LOAD REPORT[0m from: /media/data/data/lt/dp-adam-correlated/cache/bert-tiny
Key                                        | Status     |  | 
-------------------------------------------+------------+--+-
cls.predictions.bias                       | UNEXPECTED |  | 
cls.seq_relationship.weight                | UNEXPECTED |  | 
cls.predictions.transform.dense.bias       | UNEXPECTED |  | 
cls.predictions.decoder.bias               | UNEXPECTED |  | 
cls.predictions.transform.LayerNorm.bias   | UNEXPECTED |  | 
cls.predictions.decoder.weight             | UNEXPECTED |  | 
cls.seq_relationship.bias                  | UNEXPECTED |  | 
cls.predictions.transform.LayerNorm.weight | UNEXPECTED |  | 
cls.predictions.transform.dense.weight     | UNEXPECTED |  | 

Notes:
- UNEXPECTED:	can be ignored when loading from different task/architecture; not ok if you expect identical arch.
sys:1: UserWarning: Full backward hook is firing when gradients are computed with respect to module outputs since no inputs require gradients. See https://docs.pytorch.org/docs/main/generated/torch.nn.Module.html#torch.nn.Module.register_full_backward_hook for more details.
{"step": 62, "epoch": 1.0, "train_loss": 0.6165393273138232, "clip_fraction": 0.3212258064516129, "validation_loss": 0.6805391661617735, "accuracy": 0.7385321100917431, "validation_examples": 872, "epsilon": 3.123292330075357}
{"step": 124, "epoch": 2.0, "train_loss": 0.5321259524437688, "clip_fraction": 0.3780967741935484, "validation_loss": 0.6144786187268179, "accuracy": 0.7740825688073395, "validation_examples": 872, "epsilon": 4.65092091490115}
{"step": 186, "epoch": 3.0, "train_loss": 0.4722532707952684, "clip_fraction": 0.31211290322580637, "validation_loss": 0.5893951381018402, "accuracy": 0.7752293577981652, "validation_examples": 872, "epsilon": 5.8971720333737725}
{"step": 248, "epoch": 4.0, "train_loss": 0.4507610680364793, "clip_fraction": 0.27845161290322584, "validation_loss": 0.5370810228750247, "accuracy": 0.7855504587155964, "validation_examples": 872, "epsilon": 6.996033129680917}
{"step": 310, "epoch": 5.0, "train_loss": 0.43543649833433085, "clip_fraction": 0.26006451612903225, "validation_loss": 0.5409203363121102, "accuracy": 0.7878440366972477, "validation_examples": 872, "epsilon": 8.000000000000005}
