Loading weights:   0%|          | 0/39 [00:00<?, ?it/s]Loading weights: 100%|██████████| 39/39 [00:00<00:00, 25687.48it/s]
[transformers] [1mBertModel LOAD REPORT[0m from: /media/data/data/lt/dp-adam-correlated/cache/bert-tiny
Key                                        | Status     |  | 
-------------------------------------------+------------+--+-
cls.predictions.decoder.weight             | UNEXPECTED |  | 
cls.predictions.transform.LayerNorm.bias   | UNEXPECTED |  | 
cls.predictions.decoder.bias               | UNEXPECTED |  | 
cls.predictions.transform.dense.weight     | UNEXPECTED |  | 
cls.seq_relationship.weight                | UNEXPECTED |  | 
cls.predictions.transform.dense.bias       | UNEXPECTED |  | 
cls.seq_relationship.bias                  | UNEXPECTED |  | 
cls.predictions.bias                       | UNEXPECTED |  | 
cls.predictions.transform.LayerNorm.weight | UNEXPECTED |  | 

Notes:
- UNEXPECTED:	can be ignored when loading from different task/architecture; not ok if you expect identical arch.
sys:1: UserWarning: Full backward hook is firing when gradients are computed with respect to module outputs since no inputs require gradients. See https://docs.pytorch.org/docs/main/generated/torch.nn.Module.html#torch.nn.Module.register_full_backward_hook for more details.
{"step": 10, "epoch": 1, "train_loss": 0.84804736328125, "clip_fraction": 0.686, "gradient_norm_mean": 832.22325, "gradient_norm_max": 2790.110107421875, "step_seconds": 0.27712090127170086, "innovation_std_sum": 512.8644435247487, "noise_marginal_std_sum": 577.8622026533709}
{"step": 20, "epoch": 1, "train_loss": 0.786533203125, "clip_fraction": 0.627, "gradient_norm_mean": 1993.594875, "gradient_norm_max": 11025.21875, "step_seconds": 0.2759972345083952, "innovation_std_sum": 512.8644435247487, "noise_marginal_std_sum": 577.8622026533709}
{"step": 30, "epoch": 1, "train_loss": 0.8429512939453125, "clip_fraction": 0.463, "gradient_norm_mean": 3017.121, "gradient_norm_max": 21063.947265625, "step_seconds": 0.2782930377870798, "innovation_std_sum": 512.8644435247487, "noise_marginal_std_sum": 577.8622026533709}
{"step": 40, "epoch": 1, "train_loss": 0.7860916748046874, "clip_fraction": 0.464, "gradient_norm_mean": 3010.51925, "gradient_norm_max": 27054.1953125, "step_seconds": 0.27950307354331017, "innovation_std_sum": 512.8644435247487, "noise_marginal_std_sum": 577.8622026533709}
{"step": 50, "epoch": 1, "train_loss": 0.6316854248046875, "clip_fraction": 0.426, "gradient_norm_mean": 2524.3065, "gradient_norm_max": 21832.560546875, "step_seconds": 0.2822921834886074, "innovation_std_sum": 512.8644435247487, "noise_marginal_std_sum": 577.8622026533709}
{"step": 60, "epoch": 1, "train_loss": 0.691312255859375, "clip_fraction": 0.402, "gradient_norm_mean": 2496.578, "gradient_norm_max": 25738.04296875, "step_seconds": 0.2721906863152981, "innovation_std_sum": 512.8644435247487, "noise_marginal_std_sum": 577.8622026533709}
{"epoch": 1, "step": 62, "train_loss": 0.7426453040338332, "clip_fraction": 0.5357580645161291, "epsilon": 3.1232923300753557, "accuracy": 0.7891194615816041, "validation_loss": 0.7022282929704844, "validation_examples": 5349}
{"step": 70, "epoch": 2, "train_loss": 0.6437828369140625, "clip_fraction": 0.38, "gradient_norm_mean": 2424.724, "gradient_norm_max": 35696.0625, "step_seconds": 0.2819145489484072, "innovation_std_sum": 512.8644435247487, "noise_marginal_std_sum": 577.8622026533709}
{"step": 80, "epoch": 2, "train_loss": 0.612580078125, "clip_fraction": 0.363, "gradient_norm_mean": 2135.981, "gradient_norm_max": 27332.751953125, "step_seconds": 0.28187670186161995, "innovation_std_sum": 512.8644435247487, "noise_marginal_std_sum": 577.8622026533709}
{"step": 90, "epoch": 2, "train_loss": 0.608988525390625, "clip_fraction": 0.31, "gradient_norm_mean": 1930.55, "gradient_norm_max": 35290.3828125, "step_seconds": 0.2833363115787506, "innovation_std_sum": 512.8644435247487, "noise_marginal_std_sum": 577.8622026533709}
{"step": 100, "epoch": 2, "train_loss": 0.648453125, "clip_fraction": 0.317, "gradient_norm_mean": 1993.56275, "gradient_norm_max": 33682.6328125, "step_seconds": 0.27341041900217533, "innovation_std_sum": 512.8644435247487, "noise_marginal_std_sum": 577.8622026533709}
{"step": 110, "epoch": 2, "train_loss": 0.5123870239257813, "clip_fraction": 0.283, "gradient_norm_mean": 1883.75325, "gradient_norm_max": 31606.6328125, "step_seconds": 0.27519875951111317, "innovation_std_sum": 512.8644435247487, "noise_marginal_std_sum": 577.8622026533709}
{"step": 120, "epoch": 2, "train_loss": 0.498564453125, "clip_fraction": 0.285, "gradient_norm_mean": 1842.00925, "gradient_norm_max": 42076.98046875, "step_seconds": 0.28306563198566437, "innovation_std_sum": 512.8644435247487, "noise_marginal_std_sum": 577.8622026533709}
{"epoch": 2, "step": 124, "train_loss": 0.5956578979492188, "clip_fraction": 0.3320806451612903, "epsilon": 4.65092091490115, "accuracy": 0.8098710039259674, "validation_loss": 0.6425518314734555, "validation_examples": 5349}
{"step": 130, "epoch": 3, "train_loss": 0.5943189697265625, "clip_fraction": 0.296, "gradient_norm_mean": 2252.81775, "gradient_norm_max": 39913.7890625, "step_seconds": 0.28845442086458206, "innovation_std_sum": 512.8644435247487, "noise_marginal_std_sum": 577.8622026533709}
{"step": 140, "epoch": 3, "train_loss": 0.5250552368164062, "clip_fraction": 0.288, "gradient_norm_mean": 1913.56975, "gradient_norm_max": 42272.57421875, "step_seconds": 0.2726271916180849, "innovation_std_sum": 512.8644435247487, "noise_marginal_std_sum": 577.8622026533709}
{"step": 150, "epoch": 3, "train_loss": 0.5894749145507813, "clip_fraction": 0.306, "gradient_norm_mean": 2175.713, "gradient_norm_max": 44227.49609375, "step_seconds": 0.281312657520175, "innovation_std_sum": 512.8644435247487, "noise_marginal_std_sum": 577.8622026533709}
{"step": 160, "epoch": 3, "train_loss": 0.6038397216796875, "clip_fraction": 0.294, "gradient_norm_mean": 2063.03225, "gradient_norm_max": 34633.84765625, "step_seconds": 0.27889836207032204, "innovation_std_sum": 512.8644435247487, "noise_marginal_std_sum": 577.8622026533709}
{"step": 170, "epoch": 3, "train_loss": 0.61292138671875, "clip_fraction": 0.29, "gradient_norm_mean": 2067.533, "gradient_norm_max": 38410.2109375, "step_seconds": 0.28956201300024986, "innovation_std_sum": 512.8644435247487, "noise_marginal_std_sum": 577.8622026533709}
{"step": 180, "epoch": 3, "train_loss": 0.5937635498046875, "clip_fraction": 0.273, "gradient_norm_mean": 1921.04325, "gradient_norm_max": 42808.24609375, "step_seconds": 0.2738893162459135, "innovation_std_sum": 512.8644435247487, "noise_marginal_std_sum": 577.8622026533709}
{"epoch": 3, "step": 186, "train_loss": 0.5581800487887475, "clip_fraction": 0.2817903225806452, "epsilon": 5.8971720333737725, "accuracy": 0.8295008412787437, "validation_loss": 0.6102130242342547, "validation_examples": 5349}
{"step": 190, "epoch": 4, "train_loss": 0.4999805908203125, "clip_fraction": 0.244, "gradient_norm_mean": 2108.256, "gradient_norm_max": 52637.10546875, "step_seconds": 0.28496813401579857, "innovation_std_sum": 512.8644435247487, "noise_marginal_std_sum": 577.8622026533709}
{"step": 200, "epoch": 4, "train_loss": 0.5814103393554687, "clip_fraction": 0.28, "gradient_norm_mean": 2024.27575, "gradient_norm_max": 47405.5703125, "step_seconds": 0.2836792394518852, "innovation_std_sum": 512.8644435247487, "noise_marginal_std_sum": 577.8622026533709}
{"step": 210, "epoch": 4, "train_loss": 0.5407704467773438, "clip_fraction": 0.264, "gradient_norm_mean": 1894.33375, "gradient_norm_max": 64301.7734375, "step_seconds": 0.29050792194902897, "innovation_std_sum": 512.8644435247487, "noise_marginal_std_sum": 577.8622026533709}
{"step": 220, "epoch": 4, "train_loss": 0.5088405151367188, "clip_fraction": 0.261, "gradient_norm_mean": 2043.7195, "gradient_norm_max": 43105.046875, "step_seconds": 0.27316714823246, "innovation_std_sum": 512.8644435247487, "noise_marginal_std_sum": 577.8622026533709}
{"step": 230, "epoch": 4, "train_loss": 0.541552734375, "clip_fraction": 0.261, "gradient_norm_mean": 2113.5505, "gradient_norm_max": 61334.8046875, "step_seconds": 0.2841316666454077, "innovation_std_sum": 512.8644435247487, "noise_marginal_std_sum": 577.8622026533709}
{"step": 240, "epoch": 4, "train_loss": 0.5415267333984375, "clip_fraction": 0.27, "gradient_norm_mean": 2005.657, "gradient_norm_max": 44069.6015625, "step_seconds": 0.28499266877770424, "innovation_std_sum": 512.8644435247487, "noise_marginal_std_sum": 577.8622026533709}
{"epoch": 4, "step": 248, "train_loss": 0.5416759047969695, "clip_fraction": 0.25814516129032256, "epsilon": 6.99603312968092, "accuracy": 0.8302486446064685, "validation_loss": 0.6096890688967673, "validation_examples": 5349}
{"step": 250, "epoch": 5, "train_loss": 0.5591358032226562, "clip_fraction": 0.24, "gradient_norm_mean": 1825.575375, "gradient_norm_max": 46995.7890625, "step_seconds": 0.28418956883251667, "innovation_std_sum": 512.8644435247487, "noise_marginal_std_sum": 577.8622026533709}
{"step": 260, "epoch": 5, "train_loss": 0.56298193359375, "clip_fraction": 0.259, "gradient_norm_mean": 1758.083125, "gradient_norm_max": 38907.10546875, "step_seconds": 0.28345791809260845, "innovation_std_sum": 512.8644435247487, "noise_marginal_std_sum": 577.8622026533709}
{"step": 270, "epoch": 5, "train_loss": 0.5400838623046875, "clip_fraction": 0.239, "gradient_norm_mean": 1917.499, "gradient_norm_max": 50093.79296875, "step_seconds": 0.28468200378119946, "innovation_std_sum": 512.8644435247487, "noise_marginal_std_sum": 577.8622026533709}
{"step": 280, "epoch": 5, "train_loss": 0.5129631958007812, "clip_fraction": 0.24, "gradient_norm_mean": 2023.9935, "gradient_norm_max": 47177.15625, "step_seconds": 0.2911580540239811, "innovation_std_sum": 512.8644435247487, "noise_marginal_std_sum": 577.8622026533709}
{"step": 290, "epoch": 5, "train_loss": 0.51919677734375, "clip_fraction": 0.244, "gradient_norm_mean": 1960.515625, "gradient_norm_max": 53600.890625, "step_seconds": 0.2891195621341467, "innovation_std_sum": 512.8644435247487, "noise_marginal_std_sum": 577.8622026533709}
{"step": 300, "epoch": 5, "train_loss": 0.49869277954101565, "clip_fraction": 0.238, "gradient_norm_mean": 1804.40575, "gradient_norm_max": 68129.4140625, "step_seconds": 0.2865946050733328, "innovation_std_sum": 512.8644435247487, "noise_marginal_std_sum": 577.8622026533709}
{"step": 310, "epoch": 5, "train_loss": 0.5784288330078124, "clip_fraction": 0.25, "gradient_norm_mean": 2242.1465, "gradient_norm_max": 54163.078125, "step_seconds": 0.2907470688223839, "innovation_std_sum": 512.8644435247487, "noise_marginal_std_sum": 577.8622026533709}
{"epoch": 5, "step": 310, "train_loss": 0.5391007252354776, "clip_fraction": 0.24574193548387097, "epsilon": 8.000000000000007, "accuracy": 0.8384744812114414, "validation_loss": 0.5852866195076804, "validation_examples": 5349}
