Loading weights:   0%|          | 0/39 [00:00<?, ?it/s]Loading weights: 100%|██████████| 39/39 [00:00<00:00, 7314.01it/s]
[transformers] [1mBertModel LOAD REPORT[0m from: /media/data/data/lt/dp-adam-correlated/cache/bert-tiny
Key                                        | Status     |  | 
-------------------------------------------+------------+--+-
cls.seq_relationship.bias                  | UNEXPECTED |  | 
cls.seq_relationship.weight                | UNEXPECTED |  | 
cls.predictions.bias                       | UNEXPECTED |  | 
cls.predictions.transform.LayerNorm.weight | UNEXPECTED |  | 
cls.predictions.transform.LayerNorm.bias   | UNEXPECTED |  | 
cls.predictions.transform.dense.bias       | UNEXPECTED |  | 
cls.predictions.decoder.weight             | UNEXPECTED |  | 
cls.predictions.transform.dense.weight     | UNEXPECTED |  | 
cls.predictions.decoder.bias               | UNEXPECTED |  | 

Notes:
- UNEXPECTED:	can be ignored when loading from different task/architecture; not ok if you expect identical arch.
sys:1: UserWarning: Full backward hook is firing when gradients are computed with respect to module outputs since no inputs require gradients. See https://docs.pytorch.org/docs/main/generated/torch.nn.Module.html#torch.nn.Module.register_full_backward_hook for more details.
{"step": 10, "epoch": 1, "train_loss": 1.56599853515625, "clip_fraction": 0.476, "gradient_norm_mean": 8.212283203125, "gradient_norm_max": 36.181678771972656, "step_seconds": 0.16797101683914661, "innovation_std_sum": 1.3421530075084847, "noise_marginal_std_sum": 1.3421530075084847}
{"step": 20, "epoch": 1, "train_loss": 1.262802734375, "clip_fraction": 0.793, "gradient_norm_mean": 13.1438544921875, "gradient_norm_max": 46.54685974121094, "step_seconds": 0.2658319119364023, "innovation_std_sum": 1.3421530075084847, "noise_marginal_std_sum": 1.3421530075084847}
{"step": 30, "epoch": 1, "train_loss": 0.9112034912109375, "clip_fraction": 0.876, "gradient_norm_mean": 26.32828125, "gradient_norm_max": 100.91382598876953, "step_seconds": 0.2653931509703398, "innovation_std_sum": 1.3421530075084847, "noise_marginal_std_sum": 1.3421530075084847}
{"step": 40, "epoch": 1, "train_loss": 0.8170736083984375, "clip_fraction": 0.871, "gradient_norm_mean": 37.55289453125, "gradient_norm_max": 216.9091339111328, "step_seconds": 0.26578824035823345, "innovation_std_sum": 1.3421530075084847, "noise_marginal_std_sum": 1.3421530075084847}
{"step": 50, "epoch": 1, "train_loss": 1.041521240234375, "clip_fraction": 0.633, "gradient_norm_mean": 53.7306796875, "gradient_norm_max": 382.0765686035156, "step_seconds": 0.26519992016255856, "innovation_std_sum": 1.3421530075084847, "noise_marginal_std_sum": 1.3421530075084847}
{"step": 60, "epoch": 1, "train_loss": 1.2312000732421875, "clip_fraction": 0.543, "gradient_norm_mean": 67.3313515625, "gradient_norm_max": 524.2781982421875, "step_seconds": 0.2654655668884516, "innovation_std_sum": 1.3421530075084847, "noise_marginal_std_sum": 1.3421530075084847}
{"epoch": 1, "step": 62, "train_loss": 1.0692173511135963, "clip_fraction": 0.7334838709677419, "epsilon": 3.1232925162148555, "accuracy": 0.7431295569265284, "validation_loss": 1.1923290929475172, "validation_examples": 5349}
{"step": 70, "epoch": 2, "train_loss": 1.1025396728515624, "clip_fraction": 0.503, "gradient_norm_mean": 69.85940625, "gradient_norm_max": 609.8402709960938, "step_seconds": 0.1727956086397171, "innovation_std_sum": 1.3421530075084847, "noise_marginal_std_sum": 1.3421530075084847}
{"step": 80, "epoch": 2, "train_loss": 1.077486328125, "clip_fraction": 0.509, "gradient_norm_mean": 66.175765625, "gradient_norm_max": 537.32568359375, "step_seconds": 0.26495372503995895, "innovation_std_sum": 1.3421530075084847, "noise_marginal_std_sum": 1.3421530075084847}
{"step": 90, "epoch": 2, "train_loss": 0.989544921875, "clip_fraction": 0.471, "gradient_norm_mean": 55.79826953125, "gradient_norm_max": 615.5631713867188, "step_seconds": 0.2666409034281969, "innovation_std_sum": 1.3421530075084847, "noise_marginal_std_sum": 1.3421530075084847}
{"step": 100, "epoch": 2, "train_loss": 1.0240859375, "clip_fraction": 0.458, "gradient_norm_mean": 61.2326484375, "gradient_norm_max": 657.2200927734375, "step_seconds": 0.2660477142781019, "innovation_std_sum": 1.3421530075084847, "noise_marginal_std_sum": 1.3421530075084847}
{"step": 110, "epoch": 2, "train_loss": 0.8546804809570312, "clip_fraction": 0.437, "gradient_norm_mean": 49.9161640625, "gradient_norm_max": 664.2276000976562, "step_seconds": 0.265360064804554, "innovation_std_sum": 1.3421530075084847, "noise_marginal_std_sum": 1.3421530075084847}
{"step": 120, "epoch": 2, "train_loss": 0.86156201171875, "clip_fraction": 0.43, "gradient_norm_mean": 57.92950390625, "gradient_norm_max": 857.06884765625, "step_seconds": 0.15131303295493126, "innovation_std_sum": 1.3421530075084847, "noise_marginal_std_sum": 1.3421530075084847}
{"epoch": 2, "step": 124, "train_loss": 1.0040848063807333, "clip_fraction": 0.4785645161290323, "epsilon": 4.650921021133028, "accuracy": 0.7773415591699383, "validation_loss": 0.9667531675123727, "validation_examples": 5349}
{"step": 130, "epoch": 3, "train_loss": 0.8741717529296875, "clip_fraction": 0.453, "gradient_norm_mean": 53.5360625, "gradient_norm_max": 663.965576171875, "step_seconds": 0.1728331334888935, "innovation_std_sum": 1.3421530075084847, "noise_marginal_std_sum": 1.3421530075084847}
{"step": 140, "epoch": 3, "train_loss": 0.971360107421875, "clip_fraction": 0.445, "gradient_norm_mean": 63.233578125, "gradient_norm_max": 822.4904174804688, "step_seconds": 0.2665485143661499, "innovation_std_sum": 1.3421530075084847, "noise_marginal_std_sum": 1.3421530075084847}
{"step": 150, "epoch": 3, "train_loss": 0.9905816650390625, "clip_fraction": 0.433, "gradient_norm_mean": 61.5400078125, "gradient_norm_max": 794.3897705078125, "step_seconds": 0.2666354700922966, "innovation_std_sum": 1.3421530075084847, "noise_marginal_std_sum": 1.3421530075084847}
{"step": 160, "epoch": 3, "train_loss": 0.971302001953125, "clip_fraction": 0.423, "gradient_norm_mean": 57.89869921875, "gradient_norm_max": 766.864990234375, "step_seconds": 0.266690855845809, "innovation_std_sum": 1.3421530075084847, "noise_marginal_std_sum": 1.3421530075084847}
{"step": 170, "epoch": 3, "train_loss": 1.0218336791992189, "clip_fraction": 0.414, "gradient_norm_mean": 58.73260546875, "gradient_norm_max": 1442.586181640625, "step_seconds": 0.2666602972894907, "innovation_std_sum": 1.3421530075084847, "noise_marginal_std_sum": 1.3421530075084847}
{"step": 180, "epoch": 3, "train_loss": 0.9230775146484375, "clip_fraction": 0.412, "gradient_norm_mean": 54.671234375, "gradient_norm_max": 1059.693115234375, "step_seconds": 0.2667007315903902, "innovation_std_sum": 1.3421530075084847, "noise_marginal_std_sum": 1.3421530075084847}
{"epoch": 3, "step": 186, "train_loss": 0.9158033437421245, "clip_fraction": 0.4206451612903226, "epsilon": 5.897172094191146, "accuracy": 0.7887455599177416, "validation_loss": 0.901935462573685, "validation_examples": 5349}
{"step": 190, "epoch": 4, "train_loss": 0.7930572509765625, "clip_fraction": 0.391, "gradient_norm_mean": 53.28169140625, "gradient_norm_max": 860.8439331054688, "step_seconds": 0.26684816367924213, "innovation_std_sum": 1.3421530075084847, "noise_marginal_std_sum": 1.3421530075084847}
{"step": 200, "epoch": 4, "train_loss": 0.9408659057617188, "clip_fraction": 0.41, "gradient_norm_mean": 55.6499765625, "gradient_norm_max": 1189.1832275390625, "step_seconds": 0.26648878678679466, "innovation_std_sum": 1.3421530075084847, "noise_marginal_std_sum": 1.3421530075084847}
{"step": 210, "epoch": 4, "train_loss": 0.9015463256835937, "clip_fraction": 0.409, "gradient_norm_mean": 55.837203125, "gradient_norm_max": 902.3104248046875, "step_seconds": 0.2669373955577612, "innovation_std_sum": 1.3421530075084847, "noise_marginal_std_sum": 1.3421530075084847}
{"step": 220, "epoch": 4, "train_loss": 0.876894287109375, "clip_fraction": 0.39, "gradient_norm_mean": 50.2643671875, "gradient_norm_max": 999.888427734375, "step_seconds": 0.2668100018054247, "innovation_std_sum": 1.3421530075084847, "noise_marginal_std_sum": 1.3421530075084847}
{"step": 230, "epoch": 4, "train_loss": 0.8268468017578126, "clip_fraction": 0.394, "gradient_norm_mean": 49.02897265625, "gradient_norm_max": 945.1445922851562, "step_seconds": 0.2661471124738455, "innovation_std_sum": 1.3421530075084847, "noise_marginal_std_sum": 1.3421530075084847}
{"step": 240, "epoch": 4, "train_loss": 0.9183211669921875, "clip_fraction": 0.377, "gradient_norm_mean": 53.4332421875, "gradient_norm_max": 1046.432861328125, "step_seconds": 0.2667234670370817, "innovation_std_sum": 1.3421530075084847, "noise_marginal_std_sum": 1.3421530075084847}
{"epoch": 4, "step": 248, "train_loss": 0.8770282159620716, "clip_fraction": 0.38503225806451613, "epsilon": 6.996033157081771, "accuracy": 0.7941671340437465, "validation_loss": 0.8988170356343986, "validation_examples": 5349}
{"step": 250, "epoch": 5, "train_loss": 0.9619647216796875, "clip_fraction": 0.357, "gradient_norm_mean": 50.339640625, "gradient_norm_max": 861.8956298828125, "step_seconds": 0.2670215182006359, "innovation_std_sum": 1.3421530075084847, "noise_marginal_std_sum": 1.3421530075084847}
{"step": 260, "epoch": 5, "train_loss": 0.927263671875, "clip_fraction": 0.367, "gradient_norm_mean": 55.0626171875, "gradient_norm_max": 1057.1156005859375, "step_seconds": 0.26702431961894035, "innovation_std_sum": 1.3421530075084847, "noise_marginal_std_sum": 1.3421530075084847}
{"step": 270, "epoch": 5, "train_loss": 0.8217506713867188, "clip_fraction": 0.347, "gradient_norm_mean": 43.94248046875, "gradient_norm_max": 1006.8292846679688, "step_seconds": 0.267363827675581, "innovation_std_sum": 1.3421530075084847, "noise_marginal_std_sum": 1.3421530075084847}
{"step": 280, "epoch": 5, "train_loss": 0.7926158447265625, "clip_fraction": 0.359, "gradient_norm_mean": 47.21761328125, "gradient_norm_max": 1077.1619873046875, "step_seconds": 0.25749249942600727, "innovation_std_sum": 1.3421530075084847, "noise_marginal_std_sum": 1.3421530075084847}
{"step": 290, "epoch": 5, "train_loss": 0.851145263671875, "clip_fraction": 0.346, "gradient_norm_mean": 47.1926484375, "gradient_norm_max": 900.2599487304688, "step_seconds": 0.26588755287230015, "innovation_std_sum": 1.3421530075084847, "noise_marginal_std_sum": 1.3421530075084847}
{"step": 300, "epoch": 5, "train_loss": 0.8164642944335937, "clip_fraction": 0.339, "gradient_norm_mean": 43.99276171875, "gradient_norm_max": 955.5988159179688, "step_seconds": 0.2655326593667269, "innovation_std_sum": 1.3421530075084847, "noise_marginal_std_sum": 1.3421530075084847}
{"step": 310, "epoch": 5, "train_loss": 0.9111251220703125, "clip_fraction": 0.363, "gradient_norm_mean": 49.203875, "gradient_norm_max": 925.5429077148438, "step_seconds": 0.2660941109061241, "innovation_std_sum": 1.3421530075084847, "noise_marginal_std_sum": 1.3421530075084847}
{"epoch": 5, "step": 310, "train_loss": 0.8555659809727822, "clip_fraction": 0.3600967741935484, "epsilon": 8.000000000000007, "accuracy": 0.8003365114974762, "validation_loss": 0.869578719696256, "validation_examples": 5349}
