/home/longt29/miniconda3/envs/curve/lib/python3.11/site-packages/torchvision/datasets/cifar.py:83: VisibleDeprecationWarning: dtype(): align should be passed as Python or NumPy boolean but got `align=0`. Did you mean to pass a tuple to create a subarray type? (Deprecated NumPy 2.4)
  entry = pickle.load(f, encoding="latin1")
{"method": "dp-adam-sgd-bandinvmf", "smoke": false, "calibration": {"target_mu": 1.6660305978457184, "sensitivity": 2.8481628876299, "innovation_std_sum": 17.095501675135814, "adjacency": "add_remove_zero_out", "k": 5, "b_participation": 50, "sampling_amplification": false}, "coefficients": [1.0, -0.5, -0.125, -0.0625]}
sys:1: UserWarning: Full backward hook is firing when gradients are computed with respect to module outputs since no inputs require gradients. See https://docs.pytorch.org/docs/main/generated/torch.nn.Module.html#torch.nn.Module.register_full_backward_hook for more details.
{"progress_step": 10, "epoch": 1, "train_loss_so_far": 4.695909716796875, "clip_fraction_so_far": 1.0}
{"progress_step": 20, "epoch": 1, "train_loss_so_far": 4.4113004150390625, "clip_fraction_so_far": 1.0}
{"progress_step": 30, "epoch": 1, "train_loss_so_far": 4.123339833577474, "clip_fraction_so_far": 0.9999666666666667}
{"progress_step": 40, "epoch": 1, "train_loss_so_far": 3.860676057434082, "clip_fraction_so_far": 0.999575}
{"progress_step": 50, "epoch": 1, "train_loss_so_far": 3.63344921875, "clip_fraction_so_far": 0.99868}
{"epoch": 1, "logical_steps": 50, "train_examples": 50000, "train_loss": 3.63344921875, "test_loss": 2.2120093811035155, "test_top1": 0.4319, "clip_fraction": 0.99868, "gdp_mu": 0.7450706133874356, "gdp_epsilon": 3.1232881288764167, "target_mu": 1.6660305978457184, "target_epsilon": 8.0, "delta": 1e-05, "noise_std": 0.019262096209213344, "noise_std_space": "gradient", "innovation_std_sum": 17.095501675135814, "augmentation_trace_sha256": "53289bbf8c09b2bf7ccecc20b176a72c4ac2d432407c7d90dcdb95128404cce6", "seconds": 151.45506127737463}
{"progress_step": 60, "epoch": 2, "train_loss_so_far": 2.4553714904785156, "clip_fraction_so_far": 0.9922}
{"progress_step": 70, "epoch": 2, "train_loss_so_far": 2.3572145599365233, "clip_fraction_so_far": 0.9873}
{"progress_step": 80, "epoch": 2, "train_loss_so_far": 2.2622597951253254, "clip_fraction_so_far": 0.981}
{"progress_step": 90, "epoch": 2, "train_loss_so_far": 2.191314505767822, "clip_fraction_so_far": 0.97415}
{"progress_step": 100, "epoch": 2, "train_loss_so_far": 2.1351220178222654, "clip_fraction_so_far": 0.96668}
{"epoch": 2, "logical_steps": 100, "train_examples": 50000, "train_loss": 2.1351220178222654, "test_loss": 1.3688309387207032, "test_top1": 0.6203, "clip_fraction": 0.96668, "gdp_mu": 1.0536897799813885, "gdp_epsilon": 4.650918517225291, "target_mu": 1.6660305978457184, "target_epsilon": 8.0, "delta": 1e-05, "noise_std": 0.019262096209213344, "noise_std_space": "gradient", "innovation_std_sum": 17.095501675135814, "augmentation_trace_sha256": "c05c31e91768388ea5e6e704f5f7e9b99916875b88b7742e3cf33a3c245bbb77", "seconds": 138.26145873218775}
{"progress_step": 110, "epoch": 3, "train_loss_so_far": 1.8300189056396485, "clip_fraction_so_far": 0.921}
{"progress_step": 120, "epoch": 3, "train_loss_so_far": 1.7903083312988282, "clip_fraction_so_far": 0.9121}
{"progress_step": 130, "epoch": 3, "train_loss_so_far": 1.747175439453125, "clip_fraction_so_far": 0.9040333333333334}
{"progress_step": 140, "epoch": 3, "train_loss_so_far": 1.7226766227722168, "clip_fraction_so_far": 0.8965}
{"progress_step": 150, "epoch": 3, "train_loss_so_far": 1.7034273358154297, "clip_fraction_so_far": 0.89008}
{"epoch": 3, "logical_steps": 150, "train_examples": 50000, "train_loss": 1.7034273358154297, "test_loss": 1.0798664749145508, "test_top1": 0.6876, "clip_fraction": 0.89008, "gdp_mu": 1.2905014862231676, "gdp_epsilon": 5.897170660712959, "target_mu": 1.6660305978457184, "target_epsilon": 8.0, "delta": 1e-05, "noise_std": 0.019262096209213344, "noise_std_space": "gradient", "innovation_std_sum": 17.095501675135814, "augmentation_trace_sha256": "7f6e623f16edd6ae586477bcc36997e8e1cf67a3d34ca78f394b9166a552b9dc", "seconds": 139.9209906142205}
{"progress_step": 160, "epoch": 4, "train_loss_so_far": 1.5938985900878906, "clip_fraction_so_far": 0.8527}
{"progress_step": 170, "epoch": 4, "train_loss_so_far": 1.5796250442504882, "clip_fraction_so_far": 0.84635}
{"progress_step": 180, "epoch": 4, "train_loss_so_far": 1.554101407877604, "clip_fraction_so_far": 0.8403}
{"progress_step": 190, "epoch": 4, "train_loss_so_far": 1.5430464225769043, "clip_fraction_so_far": 0.833175}
{"progress_step": 200, "epoch": 4, "train_loss_so_far": 1.5338209338378905, "clip_fraction_so_far": 0.8286}
{"epoch": 4, "logical_steps": 200, "train_examples": 50000, "train_loss": 1.5338209338378905, "test_loss": 0.944020068359375, "test_top1": 0.7212, "clip_fraction": 0.8286, "gdp_mu": 1.4901429526898362, "gdp_epsilon": 6.996032511238058, "target_mu": 1.6660305978457184, "target_epsilon": 8.0, "delta": 1e-05, "noise_std": 0.019262096209213344, "noise_std_space": "gradient", "innovation_std_sum": 17.095501675135814, "augmentation_trace_sha256": "abade32e9ee0447292b54b758538d2bf0f03f23e96021682c57d1e38b5075007", "seconds": 141.65957327373326}
{"progress_step": 210, "epoch": 5, "train_loss_so_far": 1.4984335266113282, "clip_fraction_so_far": 0.802}
{"progress_step": 220, "epoch": 5, "train_loss_so_far": 1.4890204238891602, "clip_fraction_so_far": 0.7983}
{"progress_step": 230, "epoch": 5, "train_loss_so_far": 1.4828372701009114, "clip_fraction_so_far": 0.7915333333333333}
{"progress_step": 240, "epoch": 5, "train_loss_so_far": 1.466289337158203, "clip_fraction_so_far": 0.78785}
{"progress_step": 250, "epoch": 5, "train_loss_so_far": 1.4658967846679687, "clip_fraction_so_far": 0.78458}
{"epoch": 5, "logical_steps": 250, "train_examples": 50000, "train_loss": 1.4658967846679687, "test_loss": 0.8952465438842774, "test_top1": 0.7336, "clip_fraction": 0.78458, "gdp_mu": 1.6660305978457184, "gdp_epsilon": 8.000000000000005, "target_mu": 1.6660305978457184, "target_epsilon": 8.0, "delta": 1e-05, "noise_std": 0.019262096209213344, "noise_std_space": "gradient", "innovation_std_sum": 17.095501675135814, "augmentation_trace_sha256": "31fdc33111e9e65d3180131955e28c04e682472efd9d2a38da1bea02ac12430c", "seconds": 140.49233102425933}
{"status": "completed", "results": "/media/data/data/lt/dp-adam-correlated/exp7b/results/final/trials/0c6633a4d0b86560"}
