Loading weights:   0%|          | 0/39 [00:00<?, ?it/s]Loading weights: 100%|██████████| 39/39 [00:00<00:00, 25543.08it/s]
[transformers] [1mBertModel LOAD REPORT[0m from: /media/data/data/lt/dp-adam-correlated/cache/bert-tiny
Key                                        | Status     |  | 
-------------------------------------------+------------+--+-
cls.predictions.transform.LayerNorm.weight | UNEXPECTED |  | 
cls.predictions.bias                       | UNEXPECTED |  | 
cls.predictions.decoder.bias               | UNEXPECTED |  | 
cls.predictions.transform.dense.weight     | UNEXPECTED |  | 
cls.predictions.transform.LayerNorm.bias   | UNEXPECTED |  | 
cls.seq_relationship.weight                | UNEXPECTED |  | 
cls.seq_relationship.bias                  | UNEXPECTED |  | 
cls.predictions.transform.dense.bias       | UNEXPECTED |  | 
cls.predictions.decoder.weight             | UNEXPECTED |  | 

Notes:
- UNEXPECTED:	can be ignored when loading from different task/architecture; not ok if you expect identical arch.
sys:1: UserWarning: Full backward hook is firing when gradients are computed with respect to module outputs since no inputs require gradients. See https://docs.pytorch.org/docs/main/generated/torch.nn.Module.html#torch.nn.Module.register_full_backward_hook for more details.
{"step": 10, "epoch": 1, "train_loss": 1.5021302490234374, "clip_fraction": 0.586, "gradient_norm_mean": 10.899505859375, "gradient_norm_max": 53.80461502075195, "step_seconds": 0.2609936688095331, "innovation_std_sum": 4.572045876410015, "noise_marginal_std_sum": 6.306280027905788}
{"step": 20, "epoch": 1, "train_loss": 1.547878173828125, "clip_fraction": 0.651, "gradient_norm_mean": 18.1094453125, "gradient_norm_max": 83.51427459716797, "step_seconds": 0.26694191060960293, "innovation_std_sum": 4.572045876410015, "noise_marginal_std_sum": 6.306280027905788}
{"step": 30, "epoch": 1, "train_loss": 1.1002047119140625, "clip_fraction": 0.817, "gradient_norm_mean": 31.6727421875, "gradient_norm_max": 117.67512512207031, "step_seconds": 0.2694094628095627, "innovation_std_sum": 4.572045876410015, "noise_marginal_std_sum": 6.306280027905788}
{"step": 40, "epoch": 1, "train_loss": 0.8078316040039063, "clip_fraction": 0.892, "gradient_norm_mean": 38.85180859375, "gradient_norm_max": 199.48020935058594, "step_seconds": 0.2665863260626793, "innovation_std_sum": 4.572045876410015, "noise_marginal_std_sum": 6.306280027905788}
{"step": 50, "epoch": 1, "train_loss": 0.9779450073242187, "clip_fraction": 0.723, "gradient_norm_mean": 52.2946328125, "gradient_norm_max": 306.6025695800781, "step_seconds": 0.2684171721339226, "innovation_std_sum": 4.572045876410015, "noise_marginal_std_sum": 6.306280027905788}
{"step": 60, "epoch": 1, "train_loss": 1.148220458984375, "clip_fraction": 0.587, "gradient_norm_mean": 68.1286875, "gradient_norm_max": 534.000732421875, "step_seconds": 0.26961073093116283, "innovation_std_sum": 4.572045876410015, "noise_marginal_std_sum": 6.306280027905788}
{"epoch": 1, "step": 62, "train_loss": 1.0929612288936492, "clip_fraction": 0.7512096774193548, "epsilon": 2.9834732111505753, "accuracy": 0.7337820153299682, "validation_loss": 1.1192381953854365, "validation_examples": 5349}
{"step": 70, "epoch": 2, "train_loss": 1.144570556640625, "clip_fraction": 0.543, "gradient_norm_mean": 74.233046875, "gradient_norm_max": 582.03515625, "step_seconds": 0.2636356148868799, "innovation_std_sum": 4.572045876410015, "noise_marginal_std_sum": 6.306280027905788}
{"step": 80, "epoch": 2, "train_loss": 1.1422392578125, "clip_fraction": 0.534, "gradient_norm_mean": 76.840265625, "gradient_norm_max": 704.349365234375, "step_seconds": 0.26796177215874195, "innovation_std_sum": 4.572045876410015, "noise_marginal_std_sum": 6.306280027905788}
{"step": 90, "epoch": 2, "train_loss": 1.0220866088867187, "clip_fraction": 0.469, "gradient_norm_mean": 59.2634296875, "gradient_norm_max": 595.4207153320312, "step_seconds": 0.26804428547620773, "innovation_std_sum": 4.572045876410015, "noise_marginal_std_sum": 6.306280027905788}
{"step": 100, "epoch": 2, "train_loss": 1.032915771484375, "clip_fraction": 0.48, "gradient_norm_mean": 62.29565625, "gradient_norm_max": 666.4882202148438, "step_seconds": 0.2723864819854498, "innovation_std_sum": 4.572045876410015, "noise_marginal_std_sum": 6.306280027905788}
{"step": 110, "epoch": 2, "train_loss": 0.935896728515625, "clip_fraction": 0.466, "gradient_norm_mean": 62.2331328125, "gradient_norm_max": 741.51806640625, "step_seconds": 0.2691519893705845, "innovation_std_sum": 4.572045876410015, "noise_marginal_std_sum": 6.306280027905788}
{"step": 120, "epoch": 2, "train_loss": 0.9004116821289062, "clip_fraction": 0.451, "gradient_norm_mean": 59.61903515625, "gradient_norm_max": 805.238037109375, "step_seconds": 0.26541550643742085, "innovation_std_sum": 4.572045876410015, "noise_marginal_std_sum": 6.306280027905788}
{"epoch": 2, "step": 124, "train_loss": 1.04155758273217, "clip_fraction": 0.5018870967741935, "epsilon": 4.5669659729591, "accuracy": 0.7767807066741447, "validation_loss": 1.0034132133936031, "validation_examples": 5349}
{"step": 130, "epoch": 3, "train_loss": 0.9760014038085938, "clip_fraction": 0.453, "gradient_norm_mean": 64.96350390625, "gradient_norm_max": 802.2119140625, "step_seconds": 0.17698458395898342, "innovation_std_sum": 4.572045876410015, "noise_marginal_std_sum": 6.306280027905788}
{"step": 140, "epoch": 3, "train_loss": 0.9639503173828124, "clip_fraction": 0.449, "gradient_norm_mean": 72.115515625, "gradient_norm_max": 779.9774169921875, "step_seconds": 0.27189396135509014, "innovation_std_sum": 4.572045876410015, "noise_marginal_std_sum": 6.306280027905788}
{"step": 150, "epoch": 3, "train_loss": 0.9904837646484375, "clip_fraction": 0.438, "gradient_norm_mean": 70.083296875, "gradient_norm_max": 750.854736328125, "step_seconds": 0.268989022821188, "innovation_std_sum": 4.572045876410015, "noise_marginal_std_sum": 6.306280027905788}
{"step": 160, "epoch": 3, "train_loss": 1.0110860595703124, "clip_fraction": 0.451, "gradient_norm_mean": 66.45828125, "gradient_norm_max": 983.328369140625, "step_seconds": 0.27348770573735237, "innovation_std_sum": 4.572045876410015, "noise_marginal_std_sum": 6.306280027905788}
{"step": 170, "epoch": 3, "train_loss": 0.9989393310546875, "clip_fraction": 0.437, "gradient_norm_mean": 66.777046875, "gradient_norm_max": 756.916015625, "step_seconds": 0.2731098812073469, "innovation_std_sum": 4.572045876410015, "noise_marginal_std_sum": 6.306280027905788}
{"step": 180, "epoch": 3, "train_loss": 1.0175438232421874, "clip_fraction": 0.438, "gradient_norm_mean": 62.0707265625, "gradient_norm_max": 906.4010009765625, "step_seconds": 0.27303016744554043, "innovation_std_sum": 4.572045876410015, "noise_marginal_std_sum": 6.306280027905788}
{"epoch": 3, "step": 186, "train_loss": 0.9431531096427671, "clip_fraction": 0.4377258064516129, "epsilon": 5.849088165717442, "accuracy": 0.7917367732286409, "validation_loss": 0.9396400958004344, "validation_examples": 5349}
{"step": 190, "epoch": 4, "train_loss": 0.7534598388671875, "clip_fraction": 0.416, "gradient_norm_mean": 56.407265625, "gradient_norm_max": 942.7258911132812, "step_seconds": 0.26934721134603024, "innovation_std_sum": 4.572045876410015, "noise_marginal_std_sum": 6.306280027905788}
{"step": 200, "epoch": 4, "train_loss": 0.9502379150390625, "clip_fraction": 0.43, "gradient_norm_mean": 61.7851328125, "gradient_norm_max": 795.142578125, "step_seconds": 0.2696277927607298, "innovation_std_sum": 4.572045876410015, "noise_marginal_std_sum": 6.306280027905788}
{"step": 210, "epoch": 4, "train_loss": 0.938353271484375, "clip_fraction": 0.41, "gradient_norm_mean": 65.50233203125, "gradient_norm_max": 901.555908203125, "step_seconds": 0.26996090821921825, "innovation_std_sum": 4.572045876410015, "noise_marginal_std_sum": 6.306280027905788}
{"step": 220, "epoch": 4, "train_loss": 0.84968017578125, "clip_fraction": 0.387, "gradient_norm_mean": 52.4991875, "gradient_norm_max": 900.3185424804688, "step_seconds": 0.2706641498953104, "innovation_std_sum": 4.572045876410015, "noise_marginal_std_sum": 6.306280027905788}
{"step": 230, "epoch": 4, "train_loss": 0.906096435546875, "clip_fraction": 0.394, "gradient_norm_mean": 56.2993984375, "gradient_norm_max": 994.7744140625, "step_seconds": 0.26853084564208984, "innovation_std_sum": 4.572045876410015, "noise_marginal_std_sum": 6.306280027905788}
{"step": 240, "epoch": 4, "train_loss": 0.90144921875, "clip_fraction": 0.386, "gradient_norm_mean": 59.8914296875, "gradient_norm_max": 1090.1849365234375, "step_seconds": 0.27030076645314693, "innovation_std_sum": 4.572045876410015, "noise_marginal_std_sum": 6.306280027905788}
{"epoch": 4, "step": 248, "train_loss": 0.8849940648232737, "clip_fraction": 0.3933225806451613, "epsilon": 6.974398475295216, "accuracy": 0.8022060198167882, "validation_loss": 0.9070063648234574, "validation_examples": 5349}
{"step": 250, "epoch": 5, "train_loss": 0.97728759765625, "clip_fraction": 0.361, "gradient_norm_mean": 57.3931171875, "gradient_norm_max": 940.4144897460938, "step_seconds": 0.2750834487378597, "innovation_std_sum": 4.572045876410015, "noise_marginal_std_sum": 6.306280027905788}
{"step": 260, "epoch": 5, "train_loss": 0.9352693481445312, "clip_fraction": 0.364, "gradient_norm_mean": 55.79114453125, "gradient_norm_max": 1048.1927490234375, "step_seconds": 0.2762672509998083, "innovation_std_sum": 4.572045876410015, "noise_marginal_std_sum": 6.306280027905788}
{"step": 270, "epoch": 5, "train_loss": 0.8184529418945312, "clip_fraction": 0.356, "gradient_norm_mean": 54.497984375, "gradient_norm_max": 1028.2520751953125, "step_seconds": 0.2758117113262415, "innovation_std_sum": 4.572045876410015, "noise_marginal_std_sum": 6.306280027905788}
{"step": 280, "epoch": 5, "train_loss": 0.8516134033203125, "clip_fraction": 0.363, "gradient_norm_mean": 52.7753046875, "gradient_norm_max": 1078.9097900390625, "step_seconds": 0.2759305611252785, "innovation_std_sum": 4.572045876410015, "noise_marginal_std_sum": 6.306280027905788}
{"step": 290, "epoch": 5, "train_loss": 0.8444011840820312, "clip_fraction": 0.344, "gradient_norm_mean": 57.5573359375, "gradient_norm_max": 1112.23974609375, "step_seconds": 0.27615566924214363, "innovation_std_sum": 4.572045876410015, "noise_marginal_std_sum": 6.306280027905788}
{"step": 300, "epoch": 5, "train_loss": 0.7582533569335937, "clip_fraction": 0.336, "gradient_norm_mean": 54.80516015625, "gradient_norm_max": 1349.7340087890625, "step_seconds": 0.27412484399974346, "innovation_std_sum": 4.572045876410015, "noise_marginal_std_sum": 6.306280027905788}
{"step": 310, "epoch": 5, "train_loss": 0.8771647338867188, "clip_fraction": 0.356, "gradient_norm_mean": 56.17323828125, "gradient_norm_max": 1532.485107421875, "step_seconds": 0.2733743377029896, "innovation_std_sum": 4.572045876410015, "noise_marginal_std_sum": 6.306280027905788}
{"epoch": 5, "step": 310, "train_loss": 0.8520565195391255, "clip_fraction": 0.3571774193548387, "epsilon": 8.000000000000005, "accuracy": 0.8113666105814171, "validation_loss": 0.8537489505410528, "validation_examples": 5349}
