Loading weights:   0%|          | 0/39 [00:00<?, ?it/s]Loading weights: 100%|██████████| 39/39 [00:00<00:00, 28130.33it/s]
[transformers] [1mBertModel LOAD REPORT[0m from: /media/data/data/lt/dp-adam-correlated/cache/bert-tiny
Key                                        | Status     |  | 
-------------------------------------------+------------+--+-
cls.predictions.decoder.weight             | UNEXPECTED |  | 
cls.predictions.transform.dense.weight     | UNEXPECTED |  | 
cls.seq_relationship.bias                  | UNEXPECTED |  | 
cls.predictions.transform.LayerNorm.weight | UNEXPECTED |  | 
cls.predictions.bias                       | UNEXPECTED |  | 
cls.seq_relationship.weight                | UNEXPECTED |  | 
cls.predictions.transform.LayerNorm.bias   | UNEXPECTED |  | 
cls.predictions.transform.dense.bias       | UNEXPECTED |  | 
cls.predictions.decoder.bias               | UNEXPECTED |  | 

Notes:
- UNEXPECTED:	can be ignored when loading from different task/architecture; not ok if you expect identical arch.
sys:1: UserWarning: Full backward hook is firing when gradients are computed with respect to module outputs since no inputs require gradients. See https://docs.pytorch.org/docs/main/generated/torch.nn.Module.html#torch.nn.Module.register_full_backward_hook for more details.
{"step": 10, "epoch": 1, "train_loss": 0.68084814453125, "clip_fraction": 0.0, "gradient_norm_mean": 100.355390625, "gradient_norm_max": 171.37892150878906, "step_seconds": 0.13713914714753628, "innovation_std_sum": 512.8644435247487, "noise_marginal_std_sum": 577.8622026533709}
{"step": 20, "epoch": 1, "train_loss": 0.6651090087890625, "clip_fraction": 0.0, "gradient_norm_mean": 105.123078125, "gradient_norm_max": 169.91058349609375, "step_seconds": 0.27287011221051216, "innovation_std_sum": 512.8644435247487, "noise_marginal_std_sum": 577.8622026533709}
{"step": 30, "epoch": 1, "train_loss": 0.6565025634765626, "clip_fraction": 0.0, "gradient_norm_mean": 118.21128125, "gradient_norm_max": 200.15921020507812, "step_seconds": 0.2728513143956661, "innovation_std_sum": 512.8644435247487, "noise_marginal_std_sum": 577.8622026533709}
{"step": 40, "epoch": 1, "train_loss": 0.6457097778320312, "clip_fraction": 0.0, "gradient_norm_mean": 135.960734375, "gradient_norm_max": 245.0377960205078, "step_seconds": 0.27325766161084175, "innovation_std_sum": 512.8644435247487, "noise_marginal_std_sum": 577.8622026533709}
{"step": 50, "epoch": 1, "train_loss": 0.6305336303710938, "clip_fraction": 0.001, "gradient_norm_mean": 156.1065625, "gradient_norm_max": 333.52764892578125, "step_seconds": 0.27331214770674706, "innovation_std_sum": 512.8644435247487, "noise_marginal_std_sum": 577.8622026533709}
{"step": 60, "epoch": 1, "train_loss": 0.6177601318359375, "clip_fraction": 0.017, "gradient_norm_mean": 177.50746875, "gradient_norm_max": 384.3472900390625, "step_seconds": 0.2746426463127136, "innovation_std_sum": 512.8644435247487, "noise_marginal_std_sum": 577.8622026533709}
{"epoch": 1, "step": 62, "train_loss": 0.6528763467111895, "clip_fraction": 0.0022419354838709676, "epsilon": 3.1232923300753557, "accuracy": 0.6872312581790989, "validation_loss": 0.5984719562227424, "validation_examples": 5349}
{"step": 70, "epoch": 2, "train_loss": 0.5902080688476562, "clip_fraction": 0.074, "gradient_norm_mean": 189.9735625, "gradient_norm_max": 381.9585266113281, "step_seconds": 0.27264632657170296, "innovation_std_sum": 512.8644435247487, "noise_marginal_std_sum": 577.8622026533709}
{"step": 80, "epoch": 2, "train_loss": 0.5880556640625, "clip_fraction": 0.225, "gradient_norm_mean": 218.19615625, "gradient_norm_max": 526.3829345703125, "step_seconds": 0.27652771957218647, "innovation_std_sum": 512.8644435247487, "noise_marginal_std_sum": 577.8622026533709}
{"step": 90, "epoch": 2, "train_loss": 0.552662109375, "clip_fraction": 0.318, "gradient_norm_mean": 234.497, "gradient_norm_max": 687.416015625, "step_seconds": 0.27435227669775486, "innovation_std_sum": 512.8644435247487, "noise_marginal_std_sum": 577.8622026533709}
{"step": 100, "epoch": 2, "train_loss": 0.5494764404296875, "clip_fraction": 0.426, "gradient_norm_mean": 268.81915625, "gradient_norm_max": 798.3805541992188, "step_seconds": 0.2695357743650675, "innovation_std_sum": 512.8644435247487, "noise_marginal_std_sum": 577.8622026533709}
{"step": 110, "epoch": 2, "train_loss": 0.53468115234375, "clip_fraction": 0.447, "gradient_norm_mean": 294.0185625, "gradient_norm_max": 1058.461669921875, "step_seconds": 0.2743099704384804, "innovation_std_sum": 512.8644435247487, "noise_marginal_std_sum": 577.8622026533709}
{"step": 120, "epoch": 2, "train_loss": 0.49361056518554686, "clip_fraction": 0.434, "gradient_norm_mean": 309.2873125, "gradient_norm_max": 1337.1207275390625, "step_seconds": 0.12983876280486584, "innovation_std_sum": 512.8644435247487, "noise_marginal_std_sum": 577.8622026533709}
{"epoch": 2, "step": 124, "train_loss": 0.5591116598806074, "clip_fraction": 0.3060483870967742, "epsilon": 4.65092091490115, "accuracy": 0.7515423443634324, "validation_loss": 0.5079766532197625, "validation_examples": 5349}
{"step": 130, "epoch": 3, "train_loss": 0.4981739501953125, "clip_fraction": 0.425, "gradient_norm_mean": 324.735875, "gradient_norm_max": 1375.04833984375, "step_seconds": 0.2735047321766615, "innovation_std_sum": 512.8644435247487, "noise_marginal_std_sum": 577.8622026533709}
{"step": 140, "epoch": 3, "train_loss": 0.516400390625, "clip_fraction": 0.44, "gradient_norm_mean": 353.6946875, "gradient_norm_max": 1521.18994140625, "step_seconds": 0.27596634812653065, "innovation_std_sum": 512.8644435247487, "noise_marginal_std_sum": 577.8622026533709}
{"step": 150, "epoch": 3, "train_loss": 0.529814697265625, "clip_fraction": 0.427, "gradient_norm_mean": 358.289125, "gradient_norm_max": 1692.197265625, "step_seconds": 0.27375685796141624, "innovation_std_sum": 512.8644435247487, "noise_marginal_std_sum": 577.8622026533709}
{"step": 160, "epoch": 3, "train_loss": 0.5493803100585938, "clip_fraction": 0.425, "gradient_norm_mean": 384.4575625, "gradient_norm_max": 2106.129150390625, "step_seconds": 0.2728108633309603, "innovation_std_sum": 512.8644435247487, "noise_marginal_std_sum": 577.8622026533709}
{"step": 170, "epoch": 3, "train_loss": 0.551728759765625, "clip_fraction": 0.428, "gradient_norm_mean": 382.94028125, "gradient_norm_max": 1630.810791015625, "step_seconds": 0.2736818343400955, "innovation_std_sum": 512.8644435247487, "noise_marginal_std_sum": 577.8622026533709}
{"step": 180, "epoch": 3, "train_loss": 0.5692618408203125, "clip_fraction": 0.419, "gradient_norm_mean": 385.7244375, "gradient_norm_max": 2081.2001953125, "step_seconds": 0.2725997753441334, "innovation_std_sum": 512.8644435247487, "noise_marginal_std_sum": 577.8622026533709}
{"epoch": 3, "step": 186, "train_loss": 0.5208578560121597, "clip_fraction": 0.42158064516129035, "epsilon": 5.8971720333737725, "accuracy": 0.7754720508506263, "validation_loss": 0.5082193981890234, "validation_examples": 5349}
{"step": 190, "epoch": 4, "train_loss": 0.5030164794921875, "clip_fraction": 0.389, "gradient_norm_mean": 378.1735, "gradient_norm_max": 2132.48681640625, "step_seconds": 0.273584321141243, "innovation_std_sum": 512.8644435247487, "noise_marginal_std_sum": 577.8622026533709}
{"step": 200, "epoch": 4, "train_loss": 0.5151743774414063, "clip_fraction": 0.397, "gradient_norm_mean": 374.48259375, "gradient_norm_max": 2118.8271484375, "step_seconds": 0.2745848949998617, "innovation_std_sum": 512.8644435247487, "noise_marginal_std_sum": 577.8622026533709}
{"step": 210, "epoch": 4, "train_loss": 0.5353255615234375, "clip_fraction": 0.402, "gradient_norm_mean": 394.81315625, "gradient_norm_max": 2305.448974609375, "step_seconds": 0.27370221354067326, "innovation_std_sum": 512.8644435247487, "noise_marginal_std_sum": 577.8622026533709}
{"step": 220, "epoch": 4, "train_loss": 0.5130486450195313, "clip_fraction": 0.376, "gradient_norm_mean": 365.08090625, "gradient_norm_max": 2227.88671875, "step_seconds": 0.2746099717915058, "innovation_std_sum": 512.8644435247487, "noise_marginal_std_sum": 577.8622026533709}
{"step": 230, "epoch": 4, "train_loss": 0.515078369140625, "clip_fraction": 0.38, "gradient_norm_mean": 379.10409375, "gradient_norm_max": 2430.38134765625, "step_seconds": 0.27428374998271465, "innovation_std_sum": 512.8644435247487, "noise_marginal_std_sum": 577.8622026533709}
{"step": 240, "epoch": 4, "train_loss": 0.5001401977539063, "clip_fraction": 0.378, "gradient_norm_mean": 381.6103125, "gradient_norm_max": 2694.512451171875, "step_seconds": 0.27492537163197994, "innovation_std_sum": 512.8644435247487, "noise_marginal_std_sum": 577.8622026533709}
{"epoch": 4, "step": 248, "train_loss": 0.5078769713371031, "clip_fraction": 0.37548387096774194, "epsilon": 6.99603312968092, "accuracy": 0.7917367732286409, "validation_loss": 0.48980378204248715, "validation_examples": 5349}
{"step": 250, "epoch": 5, "train_loss": 0.5387664794921875, "clip_fraction": 0.351, "gradient_norm_mean": 346.15421875, "gradient_norm_max": 2131.06005859375, "step_seconds": 0.27399926632642746, "innovation_std_sum": 512.8644435247487, "noise_marginal_std_sum": 577.8622026533709}
{"step": 260, "epoch": 5, "train_loss": 0.4789208679199219, "clip_fraction": 0.337, "gradient_norm_mean": 344.86075, "gradient_norm_max": 2417.357177734375, "step_seconds": 0.2741157300770283, "innovation_std_sum": 512.8644435247487, "noise_marginal_std_sum": 577.8622026533709}
{"step": 270, "epoch": 5, "train_loss": 0.48064013671875, "clip_fraction": 0.347, "gradient_norm_mean": 342.3483125, "gradient_norm_max": 2118.2138671875, "step_seconds": 0.27554202266037464, "innovation_std_sum": 512.8644435247487, "noise_marginal_std_sum": 577.8622026533709}
{"step": 280, "epoch": 5, "train_loss": 0.46884884643554686, "clip_fraction": 0.339, "gradient_norm_mean": 346.80803125, "gradient_norm_max": 2154.667724609375, "step_seconds": 0.2743899021297693, "innovation_std_sum": 512.8644435247487, "noise_marginal_std_sum": 577.8622026533709}
{"step": 290, "epoch": 5, "train_loss": 0.4720260009765625, "clip_fraction": 0.331, "gradient_norm_mean": 327.1964375, "gradient_norm_max": 2423.701416015625, "step_seconds": 0.2740962393581867, "innovation_std_sum": 512.8644435247487, "noise_marginal_std_sum": 577.8622026533709}
{"step": 300, "epoch": 5, "train_loss": 0.46717584228515624, "clip_fraction": 0.332, "gradient_norm_mean": 334.723875, "gradient_norm_max": 3011.7451171875, "step_seconds": 0.2741587180644274, "innovation_std_sum": 512.8644435247487, "noise_marginal_std_sum": 577.8622026533709}
{"step": 310, "epoch": 5, "train_loss": 0.5123731689453125, "clip_fraction": 0.346, "gradient_norm_mean": 338.5985625, "gradient_norm_max": 2910.621337890625, "step_seconds": 0.27511717565357685, "innovation_std_sum": 512.8644435247487, "noise_marginal_std_sum": 577.8622026533709}
{"epoch": 5, "step": 310, "train_loss": 0.49086971159904236, "clip_fraction": 0.3466451612903226, "epsilon": 8.000000000000007, "accuracy": 0.8059450364554123, "validation_loss": 0.46807883792691063, "validation_examples": 5349}
