/home/longt29/miniconda3/envs/curve/lib/python3.11/site-packages/torchvision/datasets/cifar.py:83: VisibleDeprecationWarning: dtype(): align should be passed as Python or NumPy boolean but got `align=0`. Did you mean to pass a tuple to create a subarray type? (Deprecated NumPy 2.4)
  entry = pickle.load(f, encoding="latin1")
sys:1: UserWarning: Full backward hook is firing when gradients are computed with respect to module outputs since no inputs require gradients. See https://docs.pytorch.org/docs/main/generated/torch.nn.Module.html#torch.nn.Module.register_full_backward_hook for more details.
{"step": 10, "epoch": 1, "train_loss": 4.374440307617188, "clip_fraction": 1.0, "gradient_norm_mean": 789.54378125, "gradient_norm_max": 1732.89990234375, "step_seconds": 1.9442279171198606, "innovation_std_sum": 240.75993838827023, "noise_marginal_std_sum": 281.66422180982534}
{"step": 20, "epoch": 1, "train_loss": 3.768019775390625, "clip_fraction": 1.0, "gradient_norm_mean": 1203.73459375, "gradient_norm_max": 2674.812255859375, "step_seconds": 1.9580425824970007, "innovation_std_sum": 240.75993838827023, "noise_marginal_std_sum": 281.66422180982534}
{"step": 30, "epoch": 1, "train_loss": 3.208861083984375, "clip_fraction": 1.0, "gradient_norm_mean": 1521.65678125, "gradient_norm_max": 4516.88330078125, "step_seconds": 1.9608303997665644, "innovation_std_sum": 240.75993838827023, "noise_marginal_std_sum": 281.66422180982534}
{"step": 40, "epoch": 1, "train_loss": 2.782956787109375, "clip_fraction": 0.999, "gradient_norm_mean": 1602.020875, "gradient_norm_max": 5099.001953125, "step_seconds": 1.9631806761026382, "innovation_std_sum": 240.75993838827023, "noise_marginal_std_sum": 281.66422180982534}
{"epoch": 1, "step": 45, "train_loss": 3.6514471489800346, "clip_fraction": 0.9998666666666667, "epsilon": 3.0297011451528837, "accuracy": 0.4498, "validation_loss": 2.1854985229492185, "validation_examples": 5000}
{"step": 50, "epoch": 2, "train_loss": 2.3982816162109377, "clip_fraction": 0.997, "gradient_norm_mean": 1607.3688125, "gradient_norm_max": 6984.21142578125, "step_seconds": 1.9448788445442915, "innovation_std_sum": 240.75993838827023, "noise_marginal_std_sum": 281.66422180982534}
{"step": 60, "epoch": 2, "train_loss": 2.25665380859375, "clip_fraction": 0.99, "gradient_norm_mean": 1635.7679375, "gradient_norm_max": 11108.224609375, "step_seconds": 1.991133326664567, "innovation_std_sum": 240.75993838827023, "noise_marginal_std_sum": 281.66422180982534}
{"step": 70, "epoch": 2, "train_loss": 1.982253875732422, "clip_fraction": 0.961, "gradient_norm_mean": 1549.45321875, "gradient_norm_max": 8706.2138671875, "step_seconds": 1.9406355749815702, "innovation_std_sum": 240.75993838827023, "noise_marginal_std_sum": 281.66422180982534}
{"step": 80, "epoch": 2, "train_loss": 1.9734683532714843, "clip_fraction": 0.961, "gradient_norm_mean": 1634.14196875, "gradient_norm_max": 9143.6865234375, "step_seconds": 1.946332074701786, "innovation_std_sum": 240.75993838827023, "noise_marginal_std_sum": 281.66422180982534}
{"step": 90, "epoch": 2, "train_loss": 1.8352817993164063, "clip_fraction": 0.943, "gradient_norm_mean": 1630.10515625, "gradient_norm_max": 7244.1572265625, "step_seconds": 1.9546803645789623, "innovation_std_sum": 240.75993838827023, "noise_marginal_std_sum": 281.66422180982534}
{"epoch": 2, "step": 90, "train_loss": 2.113769179280599, "clip_fraction": 0.9712888888888889, "epsilon": 4.5953206372907065, "accuracy": 0.6342, "validation_loss": 1.32652099609375, "validation_examples": 5000}
{"step": 100, "epoch": 3, "train_loss": 1.6891568908691406, "clip_fraction": 0.911, "gradient_norm_mean": 1588.33290625, "gradient_norm_max": 8397.6357421875, "step_seconds": 1.955382926389575, "innovation_std_sum": 240.75993838827023, "noise_marginal_std_sum": 281.66422180982534}
{"step": 110, "epoch": 3, "train_loss": 1.6246793518066407, "clip_fraction": 0.903, "gradient_norm_mean": 1559.26046875, "gradient_norm_max": 8742.7685546875, "step_seconds": 1.9929498992860317, "innovation_std_sum": 240.75993838827023, "noise_marginal_std_sum": 281.66422180982534}
{"step": 120, "epoch": 3, "train_loss": 1.566937255859375, "clip_fraction": 0.866, "gradient_norm_mean": 1572.97025, "gradient_norm_max": 7056.49365234375, "step_seconds": 2.017874849960208, "innovation_std_sum": 240.75993838827023, "noise_marginal_std_sum": 281.66422180982534}
{"step": 130, "epoch": 3, "train_loss": 1.5078055114746094, "clip_fraction": 0.861, "gradient_norm_mean": 1569.5045, "gradient_norm_max": 10308.66015625, "step_seconds": 2.000815339386463, "innovation_std_sum": 240.75993838827023, "noise_marginal_std_sum": 281.66422180982534}
{"epoch": 3, "step": 135, "train_loss": 1.6527058668348524, "clip_fraction": 0.8924666666666666, "epsilon": 5.865340104265841, "accuracy": 0.7008, "validation_loss": 1.0351424560546876, "validation_examples": 5000}
{"step": 140, "epoch": 4, "train_loss": 1.5335965270996095, "clip_fraction": 0.833, "gradient_norm_mean": 1529.637875, "gradient_norm_max": 11733.431640625, "step_seconds": 1.9724522717297077, "innovation_std_sum": 240.75993838827023, "noise_marginal_std_sum": 281.66422180982534}
{"step": 150, "epoch": 4, "train_loss": 1.5098014221191407, "clip_fraction": 0.812, "gradient_norm_mean": 1608.3796875, "gradient_norm_max": 9399.5458984375, "step_seconds": 1.9559910334646702, "innovation_std_sum": 240.75993838827023, "noise_marginal_std_sum": 281.66422180982534}
{"step": 160, "epoch": 4, "train_loss": 1.5155338439941406, "clip_fraction": 0.819, "gradient_norm_mean": 1625.73915625, "gradient_norm_max": 10642.0693359375, "step_seconds": 1.9686637986451387, "innovation_std_sum": 240.75993838827023, "noise_marginal_std_sum": 281.66422180982534}
{"step": 170, "epoch": 4, "train_loss": 1.4481265258789062, "clip_fraction": 0.834, "gradient_norm_mean": 1554.631375, "gradient_norm_max": 10217.740234375, "step_seconds": 1.9663592763245106, "innovation_std_sum": 240.75993838827023, "noise_marginal_std_sum": 281.66422180982534}
{"step": 180, "epoch": 4, "train_loss": 1.4044804382324219, "clip_fraction": 0.8, "gradient_norm_mean": 1550.70684375, "gradient_norm_max": 8389.8994140625, "step_seconds": 1.9645693935453892, "innovation_std_sum": 240.75993838827023, "noise_marginal_std_sum": 281.66422180982534}
{"epoch": 4, "step": 180, "train_loss": 1.4768671312120225, "clip_fraction": 0.8255777777777777, "epsilon": 6.9817050448149836, "accuracy": 0.7372, "validation_loss": 0.8909090148925781, "validation_examples": 5000}
{"step": 190, "epoch": 5, "train_loss": 1.3352254943847657, "clip_fraction": 0.82, "gradient_norm_mean": 1538.91859375, "gradient_norm_max": 8011.84228515625, "step_seconds": 2.011948473751545, "innovation_std_sum": 240.75993838827023, "noise_marginal_std_sum": 281.66422180982534}
{"step": 200, "epoch": 5, "train_loss": 1.3971246337890626, "clip_fraction": 0.786, "gradient_norm_mean": 1580.3189375, "gradient_norm_max": 10192.9677734375, "step_seconds": 1.9575411509722471, "innovation_std_sum": 240.75993838827023, "noise_marginal_std_sum": 281.66422180982534}
{"step": 210, "epoch": 5, "train_loss": 1.4408521728515624, "clip_fraction": 0.753, "gradient_norm_mean": 1609.20740625, "gradient_norm_max": 9495.3359375, "step_seconds": 1.9623040203005075, "innovation_std_sum": 240.75993838827023, "noise_marginal_std_sum": 281.66422180982534}
{"step": 220, "epoch": 5, "train_loss": 1.377355712890625, "clip_fraction": 0.779, "gradient_norm_mean": 1655.01553125, "gradient_norm_max": 10176.9169921875, "step_seconds": 1.9663748908787966, "innovation_std_sum": 240.75993838827023, "noise_marginal_std_sum": 281.66422180982534}
{"epoch": 5, "step": 225, "train_loss": 1.3776039706759982, "clip_fraction": 0.7769555555555555, "epsilon": 8.000000000000005, "accuracy": 0.761, "validation_loss": 0.8174489471435546, "validation_examples": 5000}
