/home/longt29/miniconda3/envs/curve/lib/python3.11/site-packages/torchvision/datasets/cifar.py:83: VisibleDeprecationWarning: dtype(): align should be passed as Python or NumPy boolean but got `align=0`. Did you mean to pass a tuple to create a subarray type? (Deprecated NumPy 2.4)
  entry = pickle.load(f, encoding="latin1")
{"method": "dp-adam-sgd-bandinvmf-scale", "smoke": false, "calibration": {"target_mu": 1.6660305978457184, "sensitivity": 2.8481628876299, "innovation_std_sum": 170.95501675135813, "adjacency": "add_remove_zero_out", "k": 5, "b_participation": 50, "sampling_amplification": false}, "coefficients": [1.0, -0.5, -0.125, -0.0625]}
sys:1: UserWarning: Full backward hook is firing when gradients are computed with respect to module outputs since no inputs require gradients. See https://docs.pytorch.org/docs/main/generated/torch.nn.Module.html#torch.nn.Module.register_full_backward_hook for more details.
{"progress_step": 10, "epoch": 1, "train_loss_so_far": 4.631401123046875, "clip_fraction_so_far": 1.0}
{"progress_step": 20, "epoch": 1, "train_loss_so_far": 4.320387423706054, "clip_fraction_so_far": 1.0}
{"progress_step": 30, "epoch": 1, "train_loss_so_far": 4.015244612630208, "clip_fraction_so_far": 1.0}
{"progress_step": 40, "epoch": 1, "train_loss_so_far": 3.741382490539551, "clip_fraction_so_far": 0.9999}
{"progress_step": 50, "epoch": 1, "train_loss_so_far": 3.499467077636719, "clip_fraction_so_far": 0.99894}
{"epoch": 1, "logical_steps": 50, "train_examples": 50000, "train_loss": 3.499467077636719, "test_loss": 1.9977098571777343, "test_top1": 0.489, "clip_fraction": 0.99894, "gdp_mu": 0.7450706133874357, "gdp_epsilon": 3.123288128876418, "target_mu": 1.6660305978457184, "target_epsilon": 8.0, "delta": 1e-05, "noise_std": 0.19262096209213342, "noise_std_space": "scaled", "innovation_std_sum": 170.95501675135813, "augmentation_trace_sha256": "a8cb9c873959692e7ed635bac905df22dfc19a5887c40d581b7ed9c91322469a", "seconds": 142.46711430698633}
{"progress_step": 60, "epoch": 2, "train_loss_so_far": 2.276129541015625, "clip_fraction_so_far": 0.9778}
{"progress_step": 70, "epoch": 2, "train_loss_so_far": 2.1822512634277342, "clip_fraction_so_far": 0.97095}
{"progress_step": 80, "epoch": 2, "train_loss_so_far": 2.113754253133138, "clip_fraction_so_far": 0.9623333333333334}
{"progress_step": 90, "epoch": 2, "train_loss_so_far": 2.0503274452209475, "clip_fraction_so_far": 0.952675}
{"progress_step": 100, "epoch": 2, "train_loss_so_far": 1.991890599975586, "clip_fraction_so_far": 0.94258}
{"epoch": 2, "logical_steps": 100, "train_examples": 50000, "train_loss": 1.991890599975586, "test_loss": 1.2468542205810547, "test_top1": 0.6532, "clip_fraction": 0.94258, "gdp_mu": 1.0536897799813887, "gdp_epsilon": 4.650918517225292, "target_mu": 1.6660305978457184, "target_epsilon": 8.0, "delta": 1e-05, "noise_std": 0.19262096209213342, "noise_std_space": "scaled", "innovation_std_sum": 170.95501675135813, "augmentation_trace_sha256": "cf10019b1d1abf4262ea5b45b9d1bed6b2264d036965058f07eafbbda55674ca", "seconds": 136.4420838430524}
{"progress_step": 110, "epoch": 3, "train_loss_so_far": 1.6923424224853516, "clip_fraction_so_far": 0.8795}
{"progress_step": 120, "epoch": 3, "train_loss_so_far": 1.6706810791015625, "clip_fraction_so_far": 0.87225}
{"progress_step": 130, "epoch": 3, "train_loss_so_far": 1.6490910166422525, "clip_fraction_so_far": 0.8638}
{"progress_step": 140, "epoch": 3, "train_loss_so_far": 1.6408703994750977, "clip_fraction_so_far": 0.85815}
{"progress_step": 150, "epoch": 3, "train_loss_so_far": 1.6209794171142577, "clip_fraction_so_far": 0.85}
{"epoch": 3, "logical_steps": 150, "train_examples": 50000, "train_loss": 1.6209794171142577, "test_loss": 1.0223562622070312, "test_top1": 0.6987, "clip_fraction": 0.85, "gdp_mu": 1.2905014862231678, "gdp_epsilon": 5.897170660712958, "target_mu": 1.6660305978457184, "target_epsilon": 8.0, "delta": 1e-05, "noise_std": 0.19262096209213342, "noise_std_space": "scaled", "innovation_std_sum": 170.95501675135813, "augmentation_trace_sha256": "c5c7062b9f4a6b1504b8df1867c72d01bab286abd6b3dbb379b274a765e363bb", "seconds": 134.5039991196245}
{"progress_step": 160, "epoch": 4, "train_loss_so_far": 1.5220010162353517, "clip_fraction_so_far": 0.8083}
{"progress_step": 170, "epoch": 4, "train_loss_so_far": 1.5003980377197266, "clip_fraction_so_far": 0.80325}
{"progress_step": 180, "epoch": 4, "train_loss_so_far": 1.4969283915201823, "clip_fraction_so_far": 0.799}
{"progress_step": 190, "epoch": 4, "train_loss_so_far": 1.4984812423706055, "clip_fraction_so_far": 0.796475}
{"progress_step": 200, "epoch": 4, "train_loss_so_far": 1.4869914819335937, "clip_fraction_so_far": 0.79034}
{"epoch": 4, "logical_steps": 200, "train_examples": 50000, "train_loss": 1.4869914819335937, "test_loss": 0.9302382293701172, "test_top1": 0.7246, "clip_fraction": 0.79034, "gdp_mu": 1.4901429526898362, "gdp_epsilon": 6.996032511238058, "target_mu": 1.6660305978457184, "target_epsilon": 8.0, "delta": 1e-05, "noise_std": 0.19262096209213342, "noise_std_space": "scaled", "innovation_std_sum": 170.95501675135813, "augmentation_trace_sha256": "c86e4100c9a99e46b33217074d109313177f66ca4a468bf535e8cf0fb813aa65", "seconds": 133.44113912805915}
{"progress_step": 210, "epoch": 5, "train_loss_so_far": 1.4391031311035156, "clip_fraction_so_far": 0.76}
{"progress_step": 220, "epoch": 5, "train_loss_so_far": 1.436068309020996, "clip_fraction_so_far": 0.7593}
{"progress_step": 230, "epoch": 5, "train_loss_so_far": 1.4279403025309245, "clip_fraction_so_far": 0.7572666666666666}
{"progress_step": 240, "epoch": 5, "train_loss_so_far": 1.436889210510254, "clip_fraction_so_far": 0.758425}
{"progress_step": 250, "epoch": 5, "train_loss_so_far": 1.4291521221923829, "clip_fraction_so_far": 0.75366}
{"epoch": 5, "logical_steps": 250, "train_examples": 50000, "train_loss": 1.4291521221923829, "test_loss": 0.8899002777099609, "test_top1": 0.736, "clip_fraction": 0.75366, "gdp_mu": 1.6660305978457184, "gdp_epsilon": 8.000000000000005, "target_mu": 1.6660305978457184, "target_epsilon": 8.0, "delta": 1e-05, "noise_std": 0.19262096209213342, "noise_std_space": "scaled", "innovation_std_sum": 170.95501675135813, "augmentation_trace_sha256": "5a166cfdf1664376691bc322b6380dc25bd2089500f85f43c9dcb0efb629664c", "seconds": 136.59770863689482}
{"status": "completed", "results": "/media/data/data/lt/dp-adam-correlated/exp7b/results/final/trials/27a8a534f6edf00d"}
