Loading weights:   0%|          | 0/39 [00:00<?, ?it/s]Loading weights: 100%|██████████| 39/39 [00:00<00:00, 19592.51it/s]
[transformers] [1mBertModel LOAD REPORT[0m from: /media/data/data/lt/dp-adam-correlated/cache/bert-tiny
Key                                        | Status     |  | 
-------------------------------------------+------------+--+-
cls.predictions.decoder.bias               | UNEXPECTED |  | 
cls.seq_relationship.weight                | UNEXPECTED |  | 
cls.seq_relationship.bias                  | UNEXPECTED |  | 
cls.predictions.transform.LayerNorm.weight | UNEXPECTED |  | 
cls.predictions.bias                       | UNEXPECTED |  | 
cls.predictions.transform.LayerNorm.bias   | UNEXPECTED |  | 
cls.predictions.transform.dense.bias       | UNEXPECTED |  | 
cls.predictions.decoder.weight             | UNEXPECTED |  | 
cls.predictions.transform.dense.weight     | UNEXPECTED |  | 

Notes:
- UNEXPECTED:	can be ignored when loading from different task/architecture; not ok if you expect identical arch.
sys:1: UserWarning: Full backward hook is firing when gradients are computed with respect to module outputs since no inputs require gradients. See https://docs.pytorch.org/docs/main/generated/torch.nn.Module.html#torch.nn.Module.register_full_backward_hook for more details.
{"step": 10, "epoch": 1, "step_seconds": 0.26702071353793144, "innovation_std_sum": 18.18056540675466, "noise_marginal_std_sum": 20.109526391892718, "pure_mf_cumulative_momentum_noise_variance": 0.001449677851333464, "preconditioner_mean": 54.14029312133789, "preconditioner_change_relative": 0.0900534987449646, "denominator_lag_relative": 0.0, "block_age": 0}
{"step": 20, "epoch": 1, "step_seconds": 0.2657344527542591, "innovation_std_sum": 18.18056540675466, "noise_marginal_std_sum": 20.109526391892718, "pure_mf_cumulative_momentum_noise_variance": 0.0016524464407524123, "preconditioner_mean": 51.36688232421875, "preconditioner_change_relative": 0.03772960603237152, "denominator_lag_relative": 0.0, "block_age": 0}
{"step": 30, "epoch": 1, "step_seconds": 0.2666600476950407, "innovation_std_sum": 18.18056540675466, "noise_marginal_std_sum": 20.109526391892718, "pure_mf_cumulative_momentum_noise_variance": 0.0017957261824324436, "preconditioner_mean": 50.48817443847656, "preconditioner_change_relative": 0.026411309838294983, "denominator_lag_relative": 0.0, "block_age": 0}
{"step": 40, "epoch": 1, "step_seconds": 0.270745612680912, "innovation_std_sum": 18.18056540675466, "noise_marginal_std_sum": 20.109526391892718, "pure_mf_cumulative_momentum_noise_variance": 0.0019261479207798588, "preconditioner_mean": 50.034019470214844, "preconditioner_change_relative": 0.01944819651544094, "denominator_lag_relative": 0.0, "block_age": 0}
{"step": 50, "epoch": 1, "step_seconds": 0.2680787146091461, "innovation_std_sum": 18.18056540675466, "noise_marginal_std_sum": 20.109526391892718, "pure_mf_cumulative_momentum_noise_variance": 0.0020529145211999156, "preconditioner_mean": 49.91140365600586, "preconditioner_change_relative": 0.01578596793115139, "denominator_lag_relative": 0.0, "block_age": 0}
{"step": 60, "epoch": 1, "step_seconds": 0.2665461339056492, "innovation_std_sum": 18.18056540675466, "noise_marginal_std_sum": 20.109526391892718, "pure_mf_cumulative_momentum_noise_variance": 0.0021785592046681527, "preconditioner_mean": 49.77130889892578, "preconditioner_change_relative": 0.012909093871712685, "denominator_lag_relative": 0.0, "block_age": 0}
{"epoch": 1, "step": 62, "epsilon": 3.1189885091449114, "accuracy": 0.7749111983548327, "validation_loss": 0.7081104876906388, "validation_examples": 5349}
{"step": 70, "epoch": 2, "step_seconds": 0.2710516694933176, "innovation_std_sum": 18.18056540675466, "noise_marginal_std_sum": 20.109526391892718, "pure_mf_cumulative_momentum_noise_variance": 0.002303852328587416, "preconditioner_mean": 49.66240692138672, "preconditioner_change_relative": 0.01100833248347044, "denominator_lag_relative": 0.0, "block_age": 0}
{"step": 80, "epoch": 2, "step_seconds": 0.26802331395447254, "innovation_std_sum": 18.18056540675466, "noise_marginal_std_sum": 20.109526391892718, "pure_mf_cumulative_momentum_noise_variance": 0.0024290351922130827, "preconditioner_mean": 49.56083297729492, "preconditioner_change_relative": 0.009752843528985977, "denominator_lag_relative": 0.0, "block_age": 0}
{"step": 90, "epoch": 2, "step_seconds": 0.26609355211257935, "innovation_std_sum": 18.18056540675466, "noise_marginal_std_sum": 20.109526391892718, "pure_mf_cumulative_momentum_noise_variance": 0.002554183735667805, "preconditioner_mean": 49.49479293823242, "preconditioner_change_relative": 0.008989715948700905, "denominator_lag_relative": 0.0, "block_age": 0}
{"step": 100, "epoch": 2, "step_seconds": 0.26704379357397556, "innovation_std_sum": 18.18056540675466, "noise_marginal_std_sum": 20.109526391892718, "pure_mf_cumulative_momentum_noise_variance": 0.0026793217310920893, "preconditioner_mean": 49.44715881347656, "preconditioner_change_relative": 0.007890054024755955, "denominator_lag_relative": 0.0, "block_age": 0}
{"step": 110, "epoch": 2, "step_seconds": 0.26651052944362164, "innovation_std_sum": 18.18056540675466, "noise_marginal_std_sum": 20.109526391892718, "pure_mf_cumulative_momentum_noise_variance": 0.002804456541029548, "preconditioner_mean": 49.41754913330078, "preconditioner_change_relative": 0.00713685667142272, "denominator_lag_relative": 0.0, "block_age": 0}
{"step": 120, "epoch": 2, "step_seconds": 0.2669548187404871, "innovation_std_sum": 18.18056540675466, "noise_marginal_std_sum": 20.109526391892718, "pure_mf_cumulative_momentum_noise_variance": 0.0029295904116772163, "preconditioner_mean": 49.38092041015625, "preconditioner_change_relative": 0.006610392592847347, "denominator_lag_relative": 0.0, "block_age": 0}
{"epoch": 2, "step": 124, "epsilon": 4.648458915040102, "accuracy": 0.8033277248083754, "validation_loss": 0.5911211166053782, "validation_examples": 5349}
{"step": 130, "epoch": 3, "step_seconds": 0.26745240204036236, "innovation_std_sum": 18.18056540675466, "noise_marginal_std_sum": 20.109526391892718, "pure_mf_cumulative_momentum_noise_variance": 0.0030547240145552307, "preconditioner_mean": 49.359500885009766, "preconditioner_change_relative": 0.005692399572581053, "denominator_lag_relative": 0.0, "block_age": 0}
{"step": 140, "epoch": 3, "step_seconds": 0.2666822448372841, "innovation_std_sum": 18.18056540675466, "noise_marginal_std_sum": 20.109526391892718, "pure_mf_cumulative_momentum_noise_variance": 0.003179857544894466, "preconditioner_mean": 49.3232307434082, "preconditioner_change_relative": 0.0056824409402906895, "denominator_lag_relative": 0.0, "block_age": 0}
{"step": 150, "epoch": 3, "step_seconds": 0.26655384339392185, "innovation_std_sum": 18.18056540675466, "noise_marginal_std_sum": 20.109526391892718, "pure_mf_cumulative_momentum_noise_variance": 0.003304991057202423, "preconditioner_mean": 49.33940505981445, "preconditioner_change_relative": 0.005020495038479567, "denominator_lag_relative": 0.0, "block_age": 0}
{"step": 160, "epoch": 3, "step_seconds": 0.2717270106077194, "innovation_std_sum": 18.18056540675466, "noise_marginal_std_sum": 20.109526391892718, "pure_mf_cumulative_momentum_noise_variance": 0.0034301245657551212, "preconditioner_mean": 49.34161376953125, "preconditioner_change_relative": 0.00493663689121604, "denominator_lag_relative": 0.0, "block_age": 0}
{"step": 170, "epoch": 3, "step_seconds": 0.2720076460391283, "innovation_std_sum": 18.18056540675466, "noise_marginal_std_sum": 20.109526391892718, "pure_mf_cumulative_momentum_noise_variance": 0.003555258073881242, "preconditioner_mean": 49.33136749267578, "preconditioner_change_relative": 0.004550698213279247, "denominator_lag_relative": 0.0, "block_age": 0}
{"step": 180, "epoch": 3, "step_seconds": 0.2800019830465317, "innovation_std_sum": 18.18056540675466, "noise_marginal_std_sum": 20.109526391892718, "pure_mf_cumulative_momentum_noise_variance": 0.003680391582166438, "preconditioner_mean": 49.3413200378418, "preconditioner_change_relative": 0.004150287248194218, "denominator_lag_relative": 0.0, "block_age": 0}
{"epoch": 3, "step": 186, "epsilon": 5.895762677487766, "accuracy": 0.8194054963544588, "validation_loss": 0.5326853887815078, "validation_examples": 5349}
{"step": 190, "epoch": 4, "step_seconds": 0.26642264425754547, "innovation_std_sum": 18.18056540675466, "noise_marginal_std_sum": 20.109526391892718, "pure_mf_cumulative_momentum_noise_variance": 0.0038055250906144254, "preconditioner_mean": 49.335205078125, "preconditioner_change_relative": 0.004205532371997833, "denominator_lag_relative": 0.0, "block_age": 0}
{"step": 200, "epoch": 4, "step_seconds": 0.2689646240323782, "innovation_std_sum": 18.18056540675466, "noise_marginal_std_sum": 20.109526391892718, "pure_mf_cumulative_momentum_noise_variance": 0.003930658599156599, "preconditioner_mean": 49.33433151245117, "preconditioner_change_relative": 0.0039491429924964905, "denominator_lag_relative": 0.0, "block_age": 0}
{"step": 210, "epoch": 4, "step_seconds": 0.2679134253412485, "innovation_std_sum": 18.18056540675466, "noise_marginal_std_sum": 20.109526391892718, "pure_mf_cumulative_momentum_noise_variance": 0.00405579210774466, "preconditioner_mean": 49.31726837158203, "preconditioner_change_relative": 0.003762074513360858, "denominator_lag_relative": 0.0, "block_age": 0}
{"step": 220, "epoch": 4, "step_seconds": 0.2720195949077606, "innovation_std_sum": 18.18056540675466, "noise_marginal_std_sum": 20.109526391892718, "pure_mf_cumulative_momentum_noise_variance": 0.004180925616353274, "preconditioner_mean": 49.31776428222656, "preconditioner_change_relative": 0.003574197180569172, "denominator_lag_relative": 0.0, "block_age": 0}
{"step": 230, "epoch": 4, "step_seconds": 0.2717424966394901, "innovation_std_sum": 18.18056540675466, "noise_marginal_std_sum": 20.109526391892718, "pure_mf_cumulative_momentum_noise_variance": 0.004306059124970638, "preconditioner_mean": 49.32945251464844, "preconditioner_change_relative": 0.003451491007581353, "denominator_lag_relative": 0.0, "block_age": 0}
{"step": 240, "epoch": 4, "step_seconds": 0.18797457963228226, "innovation_std_sum": 18.18056540675466, "noise_marginal_std_sum": 20.109526391892718, "pure_mf_cumulative_momentum_noise_variance": 0.004431192633591606, "preconditioner_mean": 49.34279251098633, "preconditioner_change_relative": 0.0034481396432965994, "denominator_lag_relative": 0.0, "block_age": 0}
{"epoch": 4, "step": 248, "epsilon": 6.995398184192, "accuracy": 0.8253879229762573, "validation_loss": 0.5102753791659318, "validation_examples": 5349}
{"step": 250, "epoch": 5, "step_seconds": 0.12758113630115986, "innovation_std_sum": 18.18056540675466, "noise_marginal_std_sum": 20.109526391892718, "pure_mf_cumulative_momentum_noise_variance": 0.0045563261422140264, "preconditioner_mean": 49.32318878173828, "preconditioner_change_relative": 0.0033537838608026505, "denominator_lag_relative": 0.0, "block_age": 0}
{"step": 260, "epoch": 5, "step_seconds": 0.2642233166843653, "innovation_std_sum": 18.18056540675466, "noise_marginal_std_sum": 20.109526391892718, "pure_mf_cumulative_momentum_noise_variance": 0.004681459650837019, "preconditioner_mean": 49.32624816894531, "preconditioner_change_relative": 0.0030373334884643555, "denominator_lag_relative": 0.0, "block_age": 0}
{"step": 270, "epoch": 5, "step_seconds": 0.2675996646285057, "innovation_std_sum": 18.18056540675466, "noise_marginal_std_sum": 20.109526391892718, "pure_mf_cumulative_momentum_noise_variance": 0.004806593159460233, "preconditioner_mean": 49.330284118652344, "preconditioner_change_relative": 0.0031251145992428064, "denominator_lag_relative": 0.0, "block_age": 0}
{"step": 280, "epoch": 5, "step_seconds": 0.2679340969771147, "innovation_std_sum": 18.18056540675466, "noise_marginal_std_sum": 20.109526391892718, "pure_mf_cumulative_momentum_noise_variance": 0.004931726668083535, "preconditioner_mean": 49.35637283325195, "preconditioner_change_relative": 0.002789389109238982, "denominator_lag_relative": 0.0, "block_age": 0}
{"step": 290, "epoch": 5, "step_seconds": 0.2688640281558037, "innovation_std_sum": 18.18056540675466, "noise_marginal_std_sum": 20.109526391892718, "pure_mf_cumulative_momentum_noise_variance": 0.005056860176706868, "preconditioner_mean": 49.3726921081543, "preconditioner_change_relative": 0.0028783546295017004, "denominator_lag_relative": 0.0, "block_age": 0}
{"step": 300, "epoch": 5, "step_seconds": 0.2689658161252737, "innovation_std_sum": 18.18056540675466, "noise_marginal_std_sum": 20.109526391892718, "pure_mf_cumulative_momentum_noise_variance": 0.005181993685330214, "preconditioner_mean": 49.38788604736328, "preconditioner_change_relative": 0.002687423024326563, "denominator_lag_relative": 0.0, "block_age": 0}
{"step": 310, "epoch": 5, "step_seconds": 0.12771980836987495, "innovation_std_sum": 18.18056540675466, "noise_marginal_std_sum": 20.109526391892718, "pure_mf_cumulative_momentum_noise_variance": 0.005307127193953564, "preconditioner_mean": 49.382598876953125, "preconditioner_change_relative": 0.0027095836121588945, "denominator_lag_relative": 0.0, "block_age": 0}
{"epoch": 5, "step": 310, "epsilon": 8.000000000000007, "accuracy": 0.8324920545896429, "validation_loss": 0.5139364844104869, "validation_examples": 5349}
