/home/longt29/miniconda3/envs/curve/lib/python3.11/site-packages/torchvision/datasets/cifar.py:83: VisibleDeprecationWarning: dtype(): align should be passed as Python or NumPy boolean but got `align=0`. Did you mean to pass a tuple to create a subarray type? (Deprecated NumPy 2.4)
  entry = pickle.load(f, encoding="latin1")
{"status": "running", "method": "iid_dp_hybrid", "seed": 20261001, "calibration": {"target_mu": 1.6660305978457184, "sensitivity": 2.23606797749979, "innovation_std_sum": 13.421530075084847, "adjacency": "add_remove_zero_out", "k": 5, "b_participation": 50, "sampling_amplification": false}, "coefficients": [1.0]}
sys:1: UserWarning: Full backward hook is firing when gradients are computed with respect to module outputs since no inputs require gradients. See https://docs.pytorch.org/docs/main/generated/torch.nn.Module.html#torch.nn.Module.register_full_backward_hook for more details.
{"event": "logical_progress", "step": 1, "train_loss": 5.1808095703125, "clip_fraction": 1.0}
{"event": "logical_progress", "step": 25, "train_loss": 4.610509819335937, "clip_fraction": 1.0}
{"event": "logical_progress", "step": 50, "train_loss": 4.205845069580078, "clip_fraction": 1.0}
{"epoch": 1, "logical_steps": 50, "train_examples": 50000, "train_loss": 4.205845069580078, "test_loss": 3.219996319580078, "test_top1": 0.2646, "clip_fraction": 1.0, "epsilon": 3.1232925162148586, "delta": 1e-05, "seconds": 133.52669015713036}
{"event": "logical_progress", "step": 75, "train_loss": 3.1197257275390626, "clip_fraction": 1.0}
{"event": "logical_progress", "step": 100, "train_loss": 2.8692476794433595, "clip_fraction": 0.99928}
{"epoch": 2, "logical_steps": 100, "train_examples": 50000, "train_loss": 2.8692476794433595, "test_loss": 2.035283853149414, "test_top1": 0.5023, "clip_fraction": 0.99928, "epsilon": 4.650921021133028, "delta": 1e-05, "seconds": 259.949924887158}
{"event": "logical_progress", "step": 125, "train_loss": 2.2737048767089845, "clip_fraction": 0.9906}
{"event": "logical_progress", "step": 150, "train_loss": 2.1497310412597654, "clip_fraction": 0.9825}
{"epoch": 3, "logical_steps": 150, "train_examples": 50000, "train_loss": 2.1497310412597654, "test_loss": 1.4833806701660157, "test_top1": 0.6052, "clip_fraction": 0.9825, "epsilon": 5.897172094191148, "delta": 1e-05, "seconds": 386.68311391118914}
{"event": "logical_progress", "step": 175, "train_loss": 1.8907661376953124, "clip_fraction": 0.95472}
{"event": "logical_progress", "step": 200, "train_loss": 1.821075316772461, "clip_fraction": 0.94252}
{"epoch": 4, "logical_steps": 200, "train_examples": 50000, "train_loss": 1.821075316772461, "test_loss": 1.2172926696777344, "test_top1": 0.6636, "clip_fraction": 0.94252, "epsilon": 6.99603315708177, "delta": 1e-05, "seconds": 512.9248058116063}
{"event": "logical_progress", "step": 225, "train_loss": 1.7042289428710937, "clip_fraction": 0.91136}
{"event": "logical_progress", "step": 250, "train_loss": 1.6536114135742188, "clip_fraction": 0.89824}
{"epoch": 5, "logical_steps": 250, "train_examples": 50000, "train_loss": 1.6536114135742188, "test_loss": 1.0799211059570313, "test_top1": 0.6944, "clip_fraction": 0.89824, "epsilon": 8.000000000000005, "delta": 1e-05, "seconds": 639.1784676760435}
{"status": "completed", "result_dir": "/media/data/data/lt/dp-adam-correlated/exp3/results/search/B/b01_clip_10"}
