/home/longt29/miniconda3/envs/curve/lib/python3.11/site-packages/torchvision/datasets/cifar.py:83: VisibleDeprecationWarning: dtype(): align should be passed as Python or NumPy boolean but got `align=0`. Did you mean to pass a tuple to create a subarray type? (Deprecated NumPy 2.4)
  entry = pickle.load(f, encoding="latin1")
sys:1: UserWarning: Full backward hook is firing when gradients are computed with respect to module outputs since no inputs require gradients. See https://docs.pytorch.org/docs/main/generated/torch.nn.Module.html#torch.nn.Module.register_full_backward_hook for more details.
{"step": 10, "epoch": 1, "train_loss": 4.42141650390625, "clip_fraction": 1.0, "gradient_norm_mean": 52.6288564453125, "gradient_norm_max": 110.13450622558594, "step_seconds": 2.1663943715393543, "innovation_std_sum": 24.075993838827024, "noise_marginal_std_sum": 28.166422180982536}
{"step": 20, "epoch": 1, "train_loss": 3.9158645629882813, "clip_fraction": 1.0, "gradient_norm_mean": 79.042552734375, "gradient_norm_max": 164.92343139648438, "step_seconds": 2.1722740549594164, "innovation_std_sum": 24.075993838827024, "noise_marginal_std_sum": 28.166422180982536}
{"step": 30, "epoch": 1, "train_loss": 3.372513427734375, "clip_fraction": 1.0, "gradient_norm_mean": 96.11069921875, "gradient_norm_max": 304.1771545410156, "step_seconds": 2.1796475555747747, "innovation_std_sum": 24.075993838827024, "noise_marginal_std_sum": 28.166422180982536}
{"step": 40, "epoch": 1, "train_loss": 2.838524963378906, "clip_fraction": 1.0, "gradient_norm_mean": 108.52097265625, "gradient_norm_max": 374.65093994140625, "step_seconds": 2.1937393564730883, "innovation_std_sum": 24.075993838827024, "noise_marginal_std_sum": 28.166422180982536}
{"epoch": 1, "step": 45, "train_loss": 3.737146031358507, "clip_fraction": 0.9999555555555556, "epsilon": 3.0297011451528837, "accuracy": 0.4028, "validation_loss": 2.36944111328125, "validation_examples": 5000}
{"step": 50, "epoch": 2, "train_loss": 2.5238431396484375, "clip_fraction": 1.0, "gradient_norm_mean": 112.484408203125, "gradient_norm_max": 765.0000610351562, "step_seconds": 2.1636291183531284, "innovation_std_sum": 24.075993838827024, "noise_marginal_std_sum": 28.166422180982536}
{"step": 60, "epoch": 2, "train_loss": 2.3063713989257812, "clip_fraction": 0.986, "gradient_norm_mean": 112.638556640625, "gradient_norm_max": 526.962158203125, "step_seconds": 2.1778155621141195, "innovation_std_sum": 24.075993838827024, "noise_marginal_std_sum": 28.166422180982536}
{"step": 70, "epoch": 2, "train_loss": 2.111271270751953, "clip_fraction": 0.975, "gradient_norm_mean": 111.505841796875, "gradient_norm_max": 527.7882080078125, "step_seconds": 2.1973524559289217, "innovation_std_sum": 24.075993838827024, "noise_marginal_std_sum": 28.166422180982536}
{"step": 80, "epoch": 2, "train_loss": 1.9223329467773438, "clip_fraction": 0.953, "gradient_norm_mean": 108.732927734375, "gradient_norm_max": 582.181640625, "step_seconds": 2.201616806909442, "innovation_std_sum": 24.075993838827024, "noise_marginal_std_sum": 28.166422180982536}
{"step": 90, "epoch": 2, "train_loss": 1.91171875, "clip_fraction": 0.95, "gradient_norm_mean": 114.152228515625, "gradient_norm_max": 706.0040283203125, "step_seconds": 2.192095335572958, "innovation_std_sum": 24.075993838827024, "noise_marginal_std_sum": 28.166422180982536}
{"epoch": 2, "step": 90, "train_loss": 2.213959611002604, "clip_fraction": 0.9765111111111111, "epsilon": 4.5953206372907065, "accuracy": 0.6226, "validation_loss": 1.3927322326660156, "validation_examples": 5000}
{"step": 100, "epoch": 3, "train_loss": 1.7985059814453126, "clip_fraction": 0.923, "gradient_norm_mean": 109.509552734375, "gradient_norm_max": 608.5293579101562, "step_seconds": 2.1709637492895126, "innovation_std_sum": 24.075993838827024, "noise_marginal_std_sum": 28.166422180982536}
{"step": 110, "epoch": 3, "train_loss": 1.754357940673828, "clip_fraction": 0.905, "gradient_norm_mean": 109.95887890625, "gradient_norm_max": 674.457763671875, "step_seconds": 2.1735383309423923, "innovation_std_sum": 24.075993838827024, "noise_marginal_std_sum": 28.166422180982536}
{"step": 120, "epoch": 3, "train_loss": 1.7558417358398437, "clip_fraction": 0.891, "gradient_norm_mean": 113.840046875, "gradient_norm_max": 508.5199890136719, "step_seconds": 2.178718987852335, "innovation_std_sum": 24.075993838827024, "noise_marginal_std_sum": 28.166422180982536}
{"step": 130, "epoch": 3, "train_loss": 1.550346435546875, "clip_fraction": 0.869, "gradient_norm_mean": 109.191080078125, "gradient_norm_max": 804.0672607421875, "step_seconds": 2.229413580149412, "innovation_std_sum": 24.075993838827024, "noise_marginal_std_sum": 28.166422180982536}
{"epoch": 3, "step": 135, "train_loss": 1.711057854546441, "clip_fraction": 0.8992, "epsilon": 5.865340104265841, "accuracy": 0.6954, "validation_loss": 1.0677320068359375, "validation_examples": 5000}
{"step": 140, "epoch": 4, "train_loss": 1.484817108154297, "clip_fraction": 0.84, "gradient_norm_mean": 105.78212109375, "gradient_norm_max": 592.4071655273438, "step_seconds": 2.166704358533025, "innovation_std_sum": 24.075993838827024, "noise_marginal_std_sum": 28.166422180982536}
{"step": 150, "epoch": 4, "train_loss": 1.453177947998047, "clip_fraction": 0.832, "gradient_norm_mean": 109.099962890625, "gradient_norm_max": 580.6790771484375, "step_seconds": 2.1622771583497524, "innovation_std_sum": 24.075993838827024, "noise_marginal_std_sum": 28.166422180982536}
{"step": 160, "epoch": 4, "train_loss": 1.4569774780273437, "clip_fraction": 0.815, "gradient_norm_mean": 108.654568359375, "gradient_norm_max": 822.2965087890625, "step_seconds": 2.168011225759983, "innovation_std_sum": 24.075993838827024, "noise_marginal_std_sum": 28.166422180982536}
{"step": 170, "epoch": 4, "train_loss": 1.3781604919433594, "clip_fraction": 0.792, "gradient_norm_mean": 105.334029296875, "gradient_norm_max": 712.206298828125, "step_seconds": 2.18474861420691, "innovation_std_sum": 24.075993838827024, "noise_marginal_std_sum": 28.166422180982536}
{"step": 180, "epoch": 4, "train_loss": 1.594562042236328, "clip_fraction": 0.817, "gradient_norm_mean": 118.94148828125, "gradient_norm_max": 717.105712890625, "step_seconds": 2.1931111942976713, "innovation_std_sum": 24.075993838827024, "noise_marginal_std_sum": 28.166422180982536}
{"epoch": 4, "step": 180, "train_loss": 1.4882984978569878, "clip_fraction": 0.8249111111111112, "epsilon": 6.9817050448149836, "accuracy": 0.7286, "validation_loss": 0.9100626708984375, "validation_examples": 5000}
{"step": 190, "epoch": 5, "train_loss": 1.4528610229492187, "clip_fraction": 0.764, "gradient_norm_mean": 106.325380859375, "gradient_norm_max": 656.0860595703125, "step_seconds": 2.177171926945448, "innovation_std_sum": 24.075993838827024, "noise_marginal_std_sum": 28.166422180982536}
{"step": 200, "epoch": 5, "train_loss": 1.3881448669433594, "clip_fraction": 0.776, "gradient_norm_mean": 112.191091796875, "gradient_norm_max": 1309.0546875, "step_seconds": 2.180835250765085, "innovation_std_sum": 24.075993838827024, "noise_marginal_std_sum": 28.166422180982536}
{"step": 210, "epoch": 5, "train_loss": 1.4610841064453124, "clip_fraction": 0.781, "gradient_norm_mean": 117.0395859375, "gradient_norm_max": 751.6011352539062, "step_seconds": 2.2190453745424747, "innovation_std_sum": 24.075993838827024, "noise_marginal_std_sum": 28.166422180982536}
{"step": 220, "epoch": 5, "train_loss": 1.3765079956054687, "clip_fraction": 0.757, "gradient_norm_mean": 111.0416015625, "gradient_norm_max": 598.4103393554688, "step_seconds": 2.1917917355895042, "innovation_std_sum": 24.075993838827024, "noise_marginal_std_sum": 28.166422180982536}
{"epoch": 5, "step": 225, "train_loss": 1.3889417568630642, "clip_fraction": 0.7661111111111111, "epsilon": 8.000000000000005, "accuracy": 0.7494, "validation_loss": 0.8339526245117187, "validation_examples": 5000}
