Loading weights:   0%|          | 0/39 [00:00<?, ?it/s]Loading weights: 100%|██████████| 39/39 [00:00<00:00, 18987.56it/s]
[transformers] [1mBertModel LOAD REPORT[0m from: /media/data/data/lt/dp-adam-correlated/cache/bert-tiny
Key                                        | Status     |  | 
-------------------------------------------+------------+--+-
cls.predictions.decoder.weight             | UNEXPECTED |  | 
cls.predictions.transform.dense.bias       | UNEXPECTED |  | 
cls.predictions.transform.LayerNorm.bias   | UNEXPECTED |  | 
cls.predictions.transform.dense.weight     | UNEXPECTED |  | 
cls.predictions.bias                       | UNEXPECTED |  | 
cls.seq_relationship.bias                  | UNEXPECTED |  | 
cls.predictions.transform.LayerNorm.weight | UNEXPECTED |  | 
cls.predictions.decoder.bias               | UNEXPECTED |  | 
cls.seq_relationship.weight                | UNEXPECTED |  | 

Notes:
- UNEXPECTED:	can be ignored when loading from different task/architecture; not ok if you expect identical arch.
sys:1: UserWarning: Full backward hook is firing when gradients are computed with respect to module outputs since no inputs require gradients. See https://docs.pytorch.org/docs/main/generated/torch.nn.Module.html#torch.nn.Module.register_full_backward_hook for more details.
{"step": 10, "epoch": 1, "train_loss": 0.6696026000976563, "clip_fraction": 0.034, "gradient_norm_mean": 7.77520263671875, "gradient_norm_max": 11.766182899475098, "step_seconds": 0.12792659737169743, "innovation_std_sum": 82.35391794205516, "noise_marginal_std_sum": 113.59178844145096}
{"step": 20, "epoch": 1, "train_loss": 0.6469555053710937, "clip_fraction": 0.482, "gradient_norm_mean": 9.8192890625, "gradient_norm_max": 17.385746002197266, "step_seconds": 0.2666738796979189, "innovation_std_sum": 82.35391794205516, "noise_marginal_std_sum": 113.59178844145096}
{"step": 30, "epoch": 1, "train_loss": 0.626287353515625, "clip_fraction": 0.567, "gradient_norm_mean": 12.5579345703125, "gradient_norm_max": 30.7675724029541, "step_seconds": 0.2683395929634571, "innovation_std_sum": 82.35391794205516, "noise_marginal_std_sum": 113.59178844145096}
{"step": 40, "epoch": 1, "train_loss": 0.608920654296875, "clip_fraction": 0.676, "gradient_norm_mean": 16.2969501953125, "gradient_norm_max": 43.22834396362305, "step_seconds": 0.2680749259889126, "innovation_std_sum": 82.35391794205516, "noise_marginal_std_sum": 113.59178844145096}
{"step": 50, "epoch": 1, "train_loss": 0.5865833740234375, "clip_fraction": 0.748, "gradient_norm_mean": 20.725125, "gradient_norm_max": 70.17335510253906, "step_seconds": 0.268250547349453, "innovation_std_sum": 82.35391794205516, "noise_marginal_std_sum": 113.59178844145096}
{"step": 60, "epoch": 1, "train_loss": 0.5580620727539063, "clip_fraction": 0.689, "gradient_norm_mean": 24.86013671875, "gradient_norm_max": 123.28742980957031, "step_seconds": 0.1605173461139202, "innovation_std_sum": 82.35391794205516, "noise_marginal_std_sum": 113.59178844145096}
{"epoch": 1, "step": 62, "train_loss": 0.6336837689799647, "clip_fraction": 0.5128709677419355, "epsilon": 1.5433263319653634, "accuracy": 0.7006880733944955, "validation_loss": 0.5973208541170173, "validation_examples": 872}
{"step": 70, "epoch": 2, "train_loss": 0.5981961059570312, "clip_fraction": 0.651, "gradient_norm_mean": 29.761251953125, "gradient_norm_max": 131.48228454589844, "step_seconds": 0.26895764097571373, "innovation_std_sum": 82.35391794205516, "noise_marginal_std_sum": 113.59178844145096}
{"step": 80, "epoch": 2, "train_loss": 0.5999957275390625, "clip_fraction": 0.583, "gradient_norm_mean": 33.4029921875, "gradient_norm_max": 167.8682403564453, "step_seconds": 0.2698456943035126, "innovation_std_sum": 82.35391794205516, "noise_marginal_std_sum": 113.59178844145096}
{"step": 90, "epoch": 2, "train_loss": 0.6127955322265625, "clip_fraction": 0.547, "gradient_norm_mean": 35.1236171875, "gradient_norm_max": 229.77200317382812, "step_seconds": 0.26900089904665947, "innovation_std_sum": 82.35391794205516, "noise_marginal_std_sum": 113.59178844145096}
{"step": 100, "epoch": 2, "train_loss": 0.6544006958007812, "clip_fraction": 0.558, "gradient_norm_mean": 38.4084296875, "gradient_norm_max": 206.4147186279297, "step_seconds": 0.27084402181208134, "innovation_std_sum": 82.35391794205516, "noise_marginal_std_sum": 113.59178844145096}
{"step": 110, "epoch": 2, "train_loss": 0.69075830078125, "clip_fraction": 0.535, "gradient_norm_mean": 40.57048046875, "gradient_norm_max": 285.71484375, "step_seconds": 0.27028751745820045, "innovation_std_sum": 82.35391794205516, "noise_marginal_std_sum": 113.59178844145096}
{"step": 120, "epoch": 2, "train_loss": 0.6117492065429687, "clip_fraction": 0.521, "gradient_norm_mean": 40.52914453125, "gradient_norm_max": 264.6804504394531, "step_seconds": 0.2727055326104164, "innovation_std_sum": 82.35391794205516, "noise_marginal_std_sum": 113.59178844145096}
{"epoch": 2, "step": 124, "train_loss": 0.6278921656454763, "clip_fraction": 0.5691935483870968, "epsilon": 2.334704889281947, "accuracy": 0.7385321100917431, "validation_loss": 0.7240204504870493, "validation_examples": 872}
{"step": 130, "epoch": 3, "train_loss": 0.6174364013671875, "clip_fraction": 0.477, "gradient_norm_mean": 38.25258203125, "gradient_norm_max": 285.9014587402344, "step_seconds": 0.27245874889194965, "innovation_std_sum": 82.35391794205516, "noise_marginal_std_sum": 113.59178844145096}
{"step": 140, "epoch": 3, "train_loss": 0.6121527709960938, "clip_fraction": 0.488, "gradient_norm_mean": 40.34530859375, "gradient_norm_max": 303.6067199707031, "step_seconds": 0.26911166682839394, "innovation_std_sum": 82.35391794205516, "noise_marginal_std_sum": 113.59178844145096}
{"step": 150, "epoch": 3, "train_loss": 0.6567369384765624, "clip_fraction": 0.502, "gradient_norm_mean": 45.8990859375, "gradient_norm_max": 318.91021728515625, "step_seconds": 0.2751051615923643, "innovation_std_sum": 82.35391794205516, "noise_marginal_std_sum": 113.59178844145096}
{"step": 160, "epoch": 3, "train_loss": 0.6804559326171875, "clip_fraction": 0.467, "gradient_norm_mean": 46.0640625, "gradient_norm_max": 320.2738342285156, "step_seconds": 0.2716611921787262, "innovation_std_sum": 82.35391794205516, "noise_marginal_std_sum": 113.59178844145096}
{"step": 170, "epoch": 3, "train_loss": 0.7027078857421875, "clip_fraction": 0.474, "gradient_norm_mean": 42.81428125, "gradient_norm_max": 332.6452941894531, "step_seconds": 0.2745639234781265, "innovation_std_sum": 82.35391794205516, "noise_marginal_std_sum": 113.59178844145096}
{"step": 180, "epoch": 3, "train_loss": 0.6068818359375, "clip_fraction": 0.451, "gradient_norm_mean": 43.89382421875, "gradient_norm_max": 291.00909423828125, "step_seconds": 0.2729764487594366, "innovation_std_sum": 82.35391794205516, "noise_marginal_std_sum": 113.59178844145096}
{"epoch": 3, "step": 186, "train_loss": 0.6359806508710307, "clip_fraction": 0.4672903225806452, "epsilon": 2.963950102283805, "accuracy": 0.7545871559633027, "validation_loss": 0.739701244809212, "validation_examples": 872}
{"step": 190, "epoch": 4, "train_loss": 0.6163356323242187, "clip_fraction": 0.436, "gradient_norm_mean": 40.32962890625, "gradient_norm_max": 345.10382080078125, "step_seconds": 0.269176485016942, "innovation_std_sum": 82.35391794205516, "noise_marginal_std_sum": 113.59178844145096}
{"step": 200, "epoch": 4, "train_loss": 0.6585908813476562, "clip_fraction": 0.449, "gradient_norm_mean": 43.478, "gradient_norm_max": 319.37237548828125, "step_seconds": 0.2648232951760292, "innovation_std_sum": 82.35391794205516, "noise_marginal_std_sum": 113.59178844145096}
{"step": 210, "epoch": 4, "train_loss": 0.6332012939453125, "clip_fraction": 0.414, "gradient_norm_mean": 43.8337109375, "gradient_norm_max": 338.9322204589844, "step_seconds": 0.26971644908189774, "innovation_std_sum": 82.35391794205516, "noise_marginal_std_sum": 113.59178844145096}
{"step": 220, "epoch": 4, "train_loss": 0.629656494140625, "clip_fraction": 0.421, "gradient_norm_mean": 43.3225390625, "gradient_norm_max": 427.6543884277344, "step_seconds": 0.26967460848391056, "innovation_std_sum": 82.35391794205516, "noise_marginal_std_sum": 113.59178844145096}
{"step": 230, "epoch": 4, "train_loss": 0.713797607421875, "clip_fraction": 0.439, "gradient_norm_mean": 44.24561328125, "gradient_norm_max": 387.7085876464844, "step_seconds": 0.27013667300343513, "innovation_std_sum": 82.35391794205516, "noise_marginal_std_sum": 113.59178844145096}
{"step": 240, "epoch": 4, "train_loss": 0.676912841796875, "clip_fraction": 0.438, "gradient_norm_mean": 44.2957734375, "gradient_norm_max": 407.1131591796875, "step_seconds": 0.2698070667684078, "innovation_std_sum": 82.35391794205516, "noise_marginal_std_sum": 113.59178844145096}
{"epoch": 4, "step": 248, "train_loss": 0.6343853454589844, "clip_fraction": 0.42901612903225805, "epsilon": 3.508825226192087, "accuracy": 0.7603211009174312, "validation_loss": 0.7270851747705303, "validation_examples": 872}
{"step": 250, "epoch": 5, "train_loss": 0.6073624267578125, "clip_fraction": 0.415, "gradient_norm_mean": 41.9398046875, "gradient_norm_max": 391.7469177246094, "step_seconds": 0.2702142521739006, "innovation_std_sum": 82.35391794205516, "noise_marginal_std_sum": 113.59178844145096}
{"step": 260, "epoch": 5, "train_loss": 0.5897590942382812, "clip_fraction": 0.41, "gradient_norm_mean": 40.6115234375, "gradient_norm_max": 458.1230773925781, "step_seconds": 0.2668015193194151, "innovation_std_sum": 82.35391794205516, "noise_marginal_std_sum": 113.59178844145096}
{"step": 270, "epoch": 5, "train_loss": 0.58249951171875, "clip_fraction": 0.411, "gradient_norm_mean": 41.835265625, "gradient_norm_max": 379.3908386230469, "step_seconds": 0.26844170689582825, "innovation_std_sum": 82.35391794205516, "noise_marginal_std_sum": 113.59178844145096}
{"step": 280, "epoch": 5, "train_loss": 0.609603759765625, "clip_fraction": 0.407, "gradient_norm_mean": 40.7649375, "gradient_norm_max": 426.79022216796875, "step_seconds": 0.2677828725427389, "innovation_std_sum": 82.35391794205516, "noise_marginal_std_sum": 113.59178844145096}
{"step": 290, "epoch": 5, "train_loss": 0.5984636840820312, "clip_fraction": 0.397, "gradient_norm_mean": 39.8939296875, "gradient_norm_max": 399.2300720214844, "step_seconds": 0.2677226960659027, "innovation_std_sum": 82.35391794205516, "noise_marginal_std_sum": 113.59178844145096}
{"step": 300, "epoch": 5, "train_loss": 0.6099588623046875, "clip_fraction": 0.392, "gradient_norm_mean": 40.180421875, "gradient_norm_max": 414.0671081542969, "step_seconds": 0.26888090558350086, "innovation_std_sum": 82.35391794205516, "noise_marginal_std_sum": 113.59178844145096}
{"step": 310, "epoch": 5, "train_loss": 0.64348388671875, "clip_fraction": 0.4, "gradient_norm_mean": 44.64693359375, "gradient_norm_max": 377.2321472167969, "step_seconds": 0.12356919422745705, "innovation_std_sum": 82.35391794205516, "noise_marginal_std_sum": 113.59178844145096}
{"epoch": 5, "step": 310, "train_loss": 0.6075942963630923, "clip_fraction": 0.4048548387096774, "epsilon": 3.9999999999999716, "accuracy": 0.7614678899082569, "validation_loss": 0.7119440157479102, "validation_examples": 872}
