Loading weights:   0%|          | 0/39 [00:00<?, ?it/s]Loading weights: 100%|██████████| 39/39 [00:00<00:00, 19946.09it/s]
[transformers] [1mBertModel LOAD REPORT[0m from: /media/data/data/lt/dp-adam-correlated/cache/bert-tiny
Key                                        | Status     |  | 
-------------------------------------------+------------+--+-
cls.predictions.decoder.bias               | UNEXPECTED |  | 
cls.predictions.transform.dense.bias       | UNEXPECTED |  | 
cls.predictions.bias                       | UNEXPECTED |  | 
cls.predictions.transform.LayerNorm.weight | UNEXPECTED |  | 
cls.predictions.transform.dense.weight     | UNEXPECTED |  | 
cls.predictions.decoder.weight             | UNEXPECTED |  | 
cls.predictions.transform.LayerNorm.bias   | UNEXPECTED |  | 
cls.seq_relationship.weight                | UNEXPECTED |  | 
cls.seq_relationship.bias                  | UNEXPECTED |  | 

Notes:
- UNEXPECTED:	can be ignored when loading from different task/architecture; not ok if you expect identical arch.
sys:1: UserWarning: Full backward hook is firing when gradients are computed with respect to module outputs since no inputs require gradients. See https://docs.pytorch.org/docs/main/generated/torch.nn.Module.html#torch.nn.Module.register_full_backward_hook for more details.
{"step": 62, "epoch": 1.0, "train_loss": 0.6151310577392578, "clip_fraction": 0.2359838709677419, "validation_loss": 0.585552036215406, "accuracy": 0.7236238532110092, "validation_examples": 872, "epsilon": 3.054089440266451}
{"step": 124, "epoch": 2.0, "train_loss": 0.551142596337103, "clip_fraction": 0.4157096774193549, "validation_loss": 0.6420155052745015, "accuracy": 0.7626146788990825, "validation_examples": 872, "epsilon": 4.610238743691153}
{"step": 186, "epoch": 3.0, "train_loss": 0.49843687832740036, "clip_fraction": 0.34711290322580646, "validation_loss": 0.6002829446705109, "accuracy": 0.7694954128440367, "validation_examples": 872, "epsilon": 5.873890881586911}
{"step": 248, "epoch": 4.0, "train_loss": 0.4643041406446887, "clip_fraction": 0.30970967741935485, "validation_loss": 0.5388281804705979, "accuracy": 0.7855504587155964, "validation_examples": 872, "epsilon": 6.985551657770655}
{"step": 310, "epoch": 5.0, "train_loss": 0.4400496324108493, "clip_fraction": 0.2812258064516129, "validation_loss": 0.537698723854275, "accuracy": 0.7844036697247706, "validation_examples": 872, "epsilon": 8.000000000000005}
