Loading weights:   0%|          | 0/39 [00:00<?, ?it/s]Loading weights: 100%|██████████| 39/39 [00:00<00:00, 20769.15it/s]
[transformers] [1mBertModel LOAD REPORT[0m from: /media/data/data/lt/dp-adam-correlated/cache/bert-tiny
Key                                        | Status     |  | 
-------------------------------------------+------------+--+-
cls.predictions.transform.LayerNorm.bias   | UNEXPECTED |  | 
cls.predictions.bias                       | UNEXPECTED |  | 
cls.predictions.transform.LayerNorm.weight | UNEXPECTED |  | 
cls.predictions.decoder.bias               | UNEXPECTED |  | 
cls.predictions.decoder.weight             | UNEXPECTED |  | 
cls.seq_relationship.weight                | UNEXPECTED |  | 
cls.predictions.transform.dense.bias       | UNEXPECTED |  | 
cls.predictions.transform.dense.weight     | UNEXPECTED |  | 
cls.seq_relationship.bias                  | UNEXPECTED |  | 

Notes:
- UNEXPECTED:	can be ignored when loading from different task/architecture; not ok if you expect identical arch.
sys:1: UserWarning: Full backward hook is firing when gradients are computed with respect to module outputs since no inputs require gradients. See https://docs.pytorch.org/docs/main/generated/torch.nn.Module.html#torch.nn.Module.register_full_backward_hook for more details.
{"step": 10, "epoch": 1, "train_loss": 0.666646484375, "clip_fraction": 0.0, "gradient_norm_mean": 8.32223828125, "gradient_norm_max": 13.580544471740723, "step_seconds": 0.27212411537766457, "innovation_std_sum": 61.58642824846878, "noise_marginal_std_sum": 69.39157028829314}
{"step": 20, "epoch": 1, "train_loss": 0.6479368286132813, "clip_fraction": 0.0, "gradient_norm_mean": 10.82095703125, "gradient_norm_max": 18.9558048248291, "step_seconds": 0.26717606373131275, "innovation_std_sum": 61.58642824846878, "noise_marginal_std_sum": 69.39157028829314}
{"step": 30, "epoch": 1, "train_loss": 0.6045286865234375, "clip_fraction": 0.112, "gradient_norm_mean": 14.067697265625, "gradient_norm_max": 27.630237579345703, "step_seconds": 0.271667180582881, "innovation_std_sum": 61.58642824846878, "noise_marginal_std_sum": 69.39157028829314}
{"step": 40, "epoch": 1, "train_loss": 0.5659232177734375, "clip_fraction": 0.384, "gradient_norm_mean": 17.599548828125, "gradient_norm_max": 44.425662994384766, "step_seconds": 0.2717788852751255, "innovation_std_sum": 61.58642824846878, "noise_marginal_std_sum": 69.39157028829314}
{"step": 50, "epoch": 1, "train_loss": 0.543096435546875, "clip_fraction": 0.479, "gradient_norm_mean": 21.927994140625, "gradient_norm_max": 79.16242218017578, "step_seconds": 0.2835545539855957, "innovation_std_sum": 61.58642824846878, "noise_marginal_std_sum": 69.39157028829314}
{"step": 60, "epoch": 1, "train_loss": 0.5059297485351563, "clip_fraction": 0.456, "gradient_norm_mean": 25.1854296875, "gradient_norm_max": 112.05237579345703, "step_seconds": 0.2839656285941601, "innovation_std_sum": 61.58642824846878, "noise_marginal_std_sum": 69.39157028829314}
{"epoch": 1, "step": 62, "train_loss": 0.6074918006158644, "clip_fraction": 0.2202741935483871, "epsilon": 1.613901667240659, "accuracy": 0.7305045871559633, "validation_loss": 0.5668917008496206, "validation_examples": 872}
{"step": 70, "epoch": 2, "train_loss": 0.55843115234375, "clip_fraction": 0.463, "gradient_norm_mean": 29.4050703125, "gradient_norm_max": 131.02967834472656, "step_seconds": 0.27816125750541687, "innovation_std_sum": 61.58642824846878, "noise_marginal_std_sum": 69.39157028829314}
{"step": 80, "epoch": 2, "train_loss": 0.572830322265625, "clip_fraction": 0.455, "gradient_norm_mean": 31.513650390625, "gradient_norm_max": 178.28488159179688, "step_seconds": 0.2845594547688961, "innovation_std_sum": 61.58642824846878, "noise_marginal_std_sum": 69.39157028829314}
{"step": 90, "epoch": 2, "train_loss": 0.566094482421875, "clip_fraction": 0.416, "gradient_norm_mean": 30.097306640625, "gradient_norm_max": 167.6956024169922, "step_seconds": 0.2904847003519535, "innovation_std_sum": 61.58642824846878, "noise_marginal_std_sum": 69.39157028829314}
{"step": 100, "epoch": 2, "train_loss": 0.55993017578125, "clip_fraction": 0.425, "gradient_norm_mean": 32.30003125, "gradient_norm_max": 160.29714965820312, "step_seconds": 0.28958452492952347, "innovation_std_sum": 61.58642824846878, "noise_marginal_std_sum": 69.39157028829314}
{"step": 110, "epoch": 2, "train_loss": 0.5238362426757812, "clip_fraction": 0.42, "gradient_norm_mean": 32.25665625, "gradient_norm_max": 202.2528839111328, "step_seconds": 0.27130602672696114, "innovation_std_sum": 61.58642824846878, "noise_marginal_std_sum": 69.39157028829314}
{"step": 120, "epoch": 2, "train_loss": 0.5349180908203125, "clip_fraction": 0.405, "gradient_norm_mean": 32.29673828125, "gradient_norm_max": 185.59613037109375, "step_seconds": 0.29342241771519184, "innovation_std_sum": 61.58642824846878, "noise_marginal_std_sum": 69.39157028829314}
{"epoch": 2, "step": 124, "train_loss": 0.5569861799670804, "clip_fraction": 0.4316451612903226, "epsilon": 2.3762054224712514, "accuracy": 0.75, "validation_loss": 0.6373113317227145, "validation_examples": 872}
{"step": 130, "epoch": 3, "train_loss": 0.5261212768554687, "clip_fraction": 0.403, "gradient_norm_mean": 30.0853046875, "gradient_norm_max": 154.8939971923828, "step_seconds": 0.2915553506463766, "innovation_std_sum": 61.58642824846878, "noise_marginal_std_sum": 69.39157028829314}
{"step": 140, "epoch": 3, "train_loss": 0.5674630737304688, "clip_fraction": 0.401, "gradient_norm_mean": 29.6437109375, "gradient_norm_max": 173.24412536621094, "step_seconds": 0.2880813404917717, "innovation_std_sum": 61.58642824846878, "noise_marginal_std_sum": 69.39157028829314}
{"step": 150, "epoch": 3, "train_loss": 0.5299967041015625, "clip_fraction": 0.385, "gradient_norm_mean": 30.643765625, "gradient_norm_max": 224.33949279785156, "step_seconds": 0.2922649346292019, "innovation_std_sum": 61.58642824846878, "noise_marginal_std_sum": 69.39157028829314}
{"step": 160, "epoch": 3, "train_loss": 0.5220156860351562, "clip_fraction": 0.404, "gradient_norm_mean": 29.90792578125, "gradient_norm_max": 189.35031127929688, "step_seconds": 0.272957693785429, "innovation_std_sum": 61.58642824846878, "noise_marginal_std_sum": 69.39157028829314}
{"step": 170, "epoch": 3, "train_loss": 0.5826185302734375, "clip_fraction": 0.42, "gradient_norm_mean": 33.1908828125, "gradient_norm_max": 183.45925903320312, "step_seconds": 0.2755953148007393, "innovation_std_sum": 61.58642824846878, "noise_marginal_std_sum": 69.39157028829314}
{"step": 180, "epoch": 3, "train_loss": 0.5019485473632812, "clip_fraction": 0.375, "gradient_norm_mean": 28.2911796875, "gradient_norm_max": 302.8282775878906, "step_seconds": 0.28605157881975174, "innovation_std_sum": 61.58642824846878, "noise_marginal_std_sum": 69.39157028829314}
{"epoch": 3, "step": 186, "train_loss": 0.5220082047985446, "clip_fraction": 0.38317741935483873, "epsilon": 2.987367917466798, "accuracy": 0.7660550458715596, "validation_loss": 0.5793558785674768, "validation_examples": 872}
{"step": 190, "epoch": 4, "train_loss": 0.531389404296875, "clip_fraction": 0.366, "gradient_norm_mean": 29.88476953125, "gradient_norm_max": 185.0129852294922, "step_seconds": 0.284134853631258, "innovation_std_sum": 61.58642824846878, "noise_marginal_std_sum": 69.39157028829314}
{"step": 200, "epoch": 4, "train_loss": 0.5073242492675781, "clip_fraction": 0.354, "gradient_norm_mean": 27.6008671875, "gradient_norm_max": 184.49790954589844, "step_seconds": 0.2883247099816799, "innovation_std_sum": 61.58642824846878, "noise_marginal_std_sum": 69.39157028829314}
{"step": 210, "epoch": 4, "train_loss": 0.4938170166015625, "clip_fraction": 0.362, "gradient_norm_mean": 28.77728125, "gradient_norm_max": 186.85772705078125, "step_seconds": 0.2857884559780359, "innovation_std_sum": 61.58642824846878, "noise_marginal_std_sum": 69.39157028829314}
{"step": 220, "epoch": 4, "train_loss": 0.5094620971679688, "clip_fraction": 0.365, "gradient_norm_mean": 28.51439453125, "gradient_norm_max": 186.51527404785156, "step_seconds": 0.2950779162347317, "innovation_std_sum": 61.58642824846878, "noise_marginal_std_sum": 69.39157028829314}
{"step": 230, "epoch": 4, "train_loss": 0.4616962890625, "clip_fraction": 0.333, "gradient_norm_mean": 26.96405859375, "gradient_norm_max": 195.4046630859375, "step_seconds": 0.2754841446876526, "innovation_std_sum": 61.58642824846878, "noise_marginal_std_sum": 69.39157028829314}
{"step": 240, "epoch": 4, "train_loss": 0.49113385009765625, "clip_fraction": 0.356, "gradient_norm_mean": 28.272068359375, "gradient_norm_max": 202.4507293701172, "step_seconds": 0.293203741312027, "innovation_std_sum": 61.58642824846878, "noise_marginal_std_sum": 69.39157028829314}
{"epoch": 4, "step": 248, "train_loss": 0.4891466748637538, "clip_fraction": 0.35016129032258064, "epsilon": 3.51923792106208, "accuracy": 0.7729357798165137, "validation_loss": 0.5696135923403118, "validation_examples": 872}
{"step": 250, "epoch": 5, "train_loss": 0.511888916015625, "clip_fraction": 0.356, "gradient_norm_mean": 29.151107421875, "gradient_norm_max": 203.49220275878906, "step_seconds": 0.2738026473671198, "innovation_std_sum": 61.58642824846878, "noise_marginal_std_sum": 69.39157028829314}
{"step": 260, "epoch": 5, "train_loss": 0.5106934204101562, "clip_fraction": 0.337, "gradient_norm_mean": 25.58014453125, "gradient_norm_max": 189.51988220214844, "step_seconds": 0.2969264928251505, "innovation_std_sum": 61.58642824846878, "noise_marginal_std_sum": 69.39157028829314}
{"step": 270, "epoch": 5, "train_loss": 0.5056710205078125, "clip_fraction": 0.331, "gradient_norm_mean": 28.40006640625, "gradient_norm_max": 227.5315399169922, "step_seconds": 0.28885660879313946, "innovation_std_sum": 61.58642824846878, "noise_marginal_std_sum": 69.39157028829314}
{"step": 280, "epoch": 5, "train_loss": 0.46758843994140625, "clip_fraction": 0.321, "gradient_norm_mean": 27.44775, "gradient_norm_max": 201.2671356201172, "step_seconds": 0.2877938002347946, "innovation_std_sum": 61.58642824846878, "noise_marginal_std_sum": 69.39157028829314}
{"step": 290, "epoch": 5, "train_loss": 0.4413323059082031, "clip_fraction": 0.318, "gradient_norm_mean": 25.081328125, "gradient_norm_max": 199.0867462158203, "step_seconds": 0.2942538168281317, "innovation_std_sum": 61.58642824846878, "noise_marginal_std_sum": 69.39157028829314}
{"step": 300, "epoch": 5, "train_loss": 0.44025018310546876, "clip_fraction": 0.29, "gradient_norm_mean": 24.26841015625, "gradient_norm_max": 210.31930541992188, "step_seconds": 0.13405130431056023, "innovation_std_sum": 61.58642824846878, "noise_marginal_std_sum": 69.39157028829314}
{"step": 310, "epoch": 5, "train_loss": 0.48763519287109375, "clip_fraction": 0.344, "gradient_norm_mean": 26.9944375, "gradient_norm_max": 208.68414306640625, "step_seconds": 0.13636183366179466, "innovation_std_sum": 61.58642824846878, "noise_marginal_std_sum": 69.39157028829314}
{"epoch": 5, "step": 310, "train_loss": 0.469718022500315, "clip_fraction": 0.3247741935483871, "epsilon": 3.9999999999999685, "accuracy": 0.7740825688073395, "validation_loss": 0.5513192141821625, "validation_examples": 872}
