/home/longt29/miniconda3/envs/curve/lib/python3.11/site-packages/torchvision/datasets/cifar.py:83: VisibleDeprecationWarning: dtype(): align should be passed as Python or NumPy boolean but got `align=0`. Did you mean to pass a tuple to create a subarray type? (Deprecated NumPy 2.4)
  entry = pickle.load(f, encoding="latin1")
sys:1: UserWarning: Full backward hook is firing when gradients are computed with respect to module outputs since no inputs require gradients. See https://docs.pytorch.org/docs/main/generated/torch.nn.Module.html#torch.nn.Module.register_full_backward_hook for more details.
{"step": 10, "epoch": 1, "train_loss": 4.530258666992188, "clip_fraction": 1.0, "gradient_norm_mean": 52.6205556640625, "gradient_norm_max": 101.31400299072266, "step_seconds": 2.291157716885209, "innovation_std_sum": 40.264590225254544, "noise_marginal_std_sum": 40.264590225254544}
{"step": 20, "epoch": 1, "train_loss": 4.234915649414062, "clip_fraction": 1.0, "gradient_norm_mean": 61.149896484375, "gradient_norm_max": 117.81465148925781, "step_seconds": 2.450700867921114, "innovation_std_sum": 40.264590225254544, "noise_marginal_std_sum": 40.264590225254544}
{"step": 30, "epoch": 1, "train_loss": 3.911392639160156, "clip_fraction": 1.0, "gradient_norm_mean": 82.12338671875, "gradient_norm_max": 201.1338348388672, "step_seconds": 2.469724018126726, "innovation_std_sum": 40.264590225254544, "noise_marginal_std_sum": 40.264590225254544}
{"step": 40, "epoch": 1, "train_loss": 3.5550042724609376, "clip_fraction": 1.0, "gradient_norm_mean": 104.825857421875, "gradient_norm_max": 258.9884033203125, "step_seconds": 2.4629281293600798, "innovation_std_sum": 40.264590225254544, "noise_marginal_std_sum": 40.264590225254544}
{"epoch": 1, "step": 45, "train_loss": 4.121358060709635, "clip_fraction": 0.9999777777777777, "epsilon": 3.1232925162148586, "accuracy": 0.2784, "validation_loss": 3.0635867919921873, "validation_examples": 5000}
{"step": 50, "epoch": 2, "train_loss": 3.1698983764648436, "clip_fraction": 0.999, "gradient_norm_mean": 111.789892578125, "gradient_norm_max": 376.0392150878906, "step_seconds": 2.257410518825054, "innovation_std_sum": 40.264590225254544, "noise_marginal_std_sum": 40.264590225254544}
{"step": 60, "epoch": 2, "train_loss": 2.966826904296875, "clip_fraction": 0.993, "gradient_norm_mean": 118.39826953125, "gradient_norm_max": 394.3550720214844, "step_seconds": 2.441003203392029, "innovation_std_sum": 40.264590225254544, "noise_marginal_std_sum": 40.264590225254544}
{"step": 70, "epoch": 2, "train_loss": 2.698691711425781, "clip_fraction": 0.979, "gradient_norm_mean": 120.229228515625, "gradient_norm_max": 398.7376708984375, "step_seconds": 2.4712389279156923, "innovation_std_sum": 40.264590225254544, "noise_marginal_std_sum": 40.264590225254544}
{"step": 80, "epoch": 2, "train_loss": 2.6933328247070314, "clip_fraction": 0.976, "gradient_norm_mean": 124.8212578125, "gradient_norm_max": 408.58233642578125, "step_seconds": 2.458677239716053, "innovation_std_sum": 40.264590225254544, "noise_marginal_std_sum": 40.264590225254544}
{"step": 90, "epoch": 2, "train_loss": 2.5249338989257812, "clip_fraction": 0.965, "gradient_norm_mean": 129.6460546875, "gradient_norm_max": 386.935302734375, "step_seconds": 2.426180601119995, "innovation_std_sum": 40.264590225254544, "noise_marginal_std_sum": 40.264590225254544}
{"epoch": 2, "step": 90, "train_loss": 2.83697724609375, "clip_fraction": 0.9852444444444445, "epsilon": 4.650921021133024, "accuracy": 0.4632, "validation_loss": 2.0850096618652345, "validation_examples": 5000}
{"step": 100, "epoch": 3, "train_loss": 2.3589622802734374, "clip_fraction": 0.96, "gradient_norm_mean": 128.42207421875, "gradient_norm_max": 602.7372436523438, "step_seconds": 2.442319119349122, "innovation_std_sum": 40.264590225254544, "noise_marginal_std_sum": 40.264590225254544}
{"step": 110, "epoch": 3, "train_loss": 2.3048345336914062, "clip_fraction": 0.945, "gradient_norm_mean": 133.273431640625, "gradient_norm_max": 834.0281982421875, "step_seconds": 2.394609224051237, "innovation_std_sum": 40.264590225254544, "noise_marginal_std_sum": 40.264590225254544}
{"step": 120, "epoch": 3, "train_loss": 2.2550123291015627, "clip_fraction": 0.928, "gradient_norm_mean": 132.8070078125, "gradient_norm_max": 727.96728515625, "step_seconds": 2.435040570795536, "innovation_std_sum": 40.264590225254544, "noise_marginal_std_sum": 40.264590225254544}
{"step": 130, "epoch": 3, "train_loss": 2.2077430419921873, "clip_fraction": 0.932, "gradient_norm_mean": 133.8538828125, "gradient_norm_max": 677.6771850585938, "step_seconds": 2.4510638378560543, "innovation_std_sum": 40.264590225254544, "noise_marginal_std_sum": 40.264590225254544}
{"epoch": 3, "step": 135, "train_loss": 2.3445176778157553, "clip_fraction": 0.9421333333333334, "epsilon": 5.897172094191148, "accuracy": 0.5322, "validation_loss": 1.7620514587402343, "validation_examples": 5000}
{"step": 140, "epoch": 4, "train_loss": 2.2053367309570313, "clip_fraction": 0.925, "gradient_norm_mean": 134.95168359375, "gradient_norm_max": 457.4371337890625, "step_seconds": 2.3273735139518976, "innovation_std_sum": 40.264590225254544, "noise_marginal_std_sum": 40.264590225254544}
{"step": 150, "epoch": 4, "train_loss": 2.237930114746094, "clip_fraction": 0.913, "gradient_norm_mean": 139.17990234375, "gradient_norm_max": 548.3692016601562, "step_seconds": 2.434677129611373, "innovation_std_sum": 40.264590225254544, "noise_marginal_std_sum": 40.264590225254544}
{"step": 160, "epoch": 4, "train_loss": 2.2084276428222656, "clip_fraction": 0.898, "gradient_norm_mean": 139.72587109375, "gradient_norm_max": 671.549560546875, "step_seconds": 2.425543887540698, "innovation_std_sum": 40.264590225254544, "noise_marginal_std_sum": 40.264590225254544}
{"step": 170, "epoch": 4, "train_loss": 2.1826741943359376, "clip_fraction": 0.91, "gradient_norm_mean": 140.9390703125, "gradient_norm_max": 666.1160278320312, "step_seconds": 2.4419963750988245, "innovation_std_sum": 40.264590225254544, "noise_marginal_std_sum": 40.264590225254544}
{"step": 180, "epoch": 4, "train_loss": 2.124433837890625, "clip_fraction": 0.894, "gradient_norm_mean": 143.32279296875, "gradient_norm_max": 583.3092651367188, "step_seconds": 2.4143251664936543, "innovation_std_sum": 40.264590225254544, "noise_marginal_std_sum": 40.264590225254544}
{"epoch": 4, "step": 180, "train_loss": 2.177202838812934, "clip_fraction": 0.9108888888888889, "epsilon": 6.99603315708177, "accuracy": 0.554, "validation_loss": 1.6283370544433593, "validation_examples": 5000}
{"step": 190, "epoch": 5, "train_loss": 2.0864286499023437, "clip_fraction": 0.9, "gradient_norm_mean": 144.2405703125, "gradient_norm_max": 607.43017578125, "step_seconds": 2.343485202640295, "innovation_std_sum": 40.264590225254544, "noise_marginal_std_sum": 40.264590225254544}
{"step": 200, "epoch": 5, "train_loss": 2.148737487792969, "clip_fraction": 0.893, "gradient_norm_mean": 147.32573046875, "gradient_norm_max": 556.5613403320312, "step_seconds": 2.4421827159821987, "innovation_std_sum": 40.264590225254544, "noise_marginal_std_sum": 40.264590225254544}
{"step": 210, "epoch": 5, "train_loss": 2.1137221069335936, "clip_fraction": 0.873, "gradient_norm_mean": 142.67928125, "gradient_norm_max": 445.620361328125, "step_seconds": 2.4390692859888077, "innovation_std_sum": 40.264590225254544, "noise_marginal_std_sum": 40.264590225254544}
{"step": 220, "epoch": 5, "train_loss": 2.1468909912109373, "clip_fraction": 0.911, "gradient_norm_mean": 159.2796796875, "gradient_norm_max": 772.745849609375, "step_seconds": 2.4294177275151014, "innovation_std_sum": 40.264590225254544, "noise_marginal_std_sum": 40.264590225254544}
{"epoch": 5, "step": 225, "train_loss": 2.1126458489312068, "clip_fraction": 0.8912444444444444, "epsilon": 8.000000000000007, "accuracy": 0.556, "validation_loss": 1.5926320068359374, "validation_examples": 5000}
