Loading weights:   0%|          | 0/39 [00:00<?, ?it/s]Loading weights: 100%|██████████| 39/39 [00:00<00:00, 14033.79it/s]
[transformers] [1mBertModel LOAD REPORT[0m from: /media/data/data/lt/dp-adam-correlated/cache/bert-tiny
Key                                        | Status     |  | 
-------------------------------------------+------------+--+-
cls.predictions.bias                       | UNEXPECTED |  | 
cls.predictions.transform.dense.bias       | UNEXPECTED |  | 
cls.predictions.decoder.weight             | UNEXPECTED |  | 
cls.seq_relationship.bias                  | UNEXPECTED |  | 
cls.predictions.decoder.bias               | UNEXPECTED |  | 
cls.predictions.transform.dense.weight     | UNEXPECTED |  | 
cls.predictions.transform.LayerNorm.weight | UNEXPECTED |  | 
cls.seq_relationship.weight                | UNEXPECTED |  | 
cls.predictions.transform.LayerNorm.bias   | UNEXPECTED |  | 

Notes:
- UNEXPECTED:	can be ignored when loading from different task/architecture; not ok if you expect identical arch.
sys:1: UserWarning: Full backward hook is firing when gradients are computed with respect to module outputs since no inputs require gradients. See https://docs.pytorch.org/docs/main/generated/torch.nn.Module.html#torch.nn.Module.register_full_backward_hook for more details.
{"step": 10, "epoch": 1, "step_seconds": 0.2698979992419481, "innovation_std_sum": 2.159206911797119, "noise_marginal_std_sum": 2.421041931382557, "pure_mf_cumulative_momentum_noise_variance": 1.6839722995088988e-05, "preconditioner_mean": 452.8668518066406, "preconditioner_change_relative": 0.0899578407406807, "denominator_lag_relative": 0.0, "block_age": 0}
{"step": 20, "epoch": 1, "step_seconds": 0.2672331016510725, "innovation_std_sum": 2.159206911797119, "noise_marginal_std_sum": 2.421041931382557, "pure_mf_cumulative_momentum_noise_variance": 1.7573940315948816e-05, "preconditioner_mean": 430.7892761230469, "preconditioner_change_relative": 0.037659235298633575, "denominator_lag_relative": 0.0, "block_age": 0}
{"step": 30, "epoch": 1, "step_seconds": 0.2670771833509207, "innovation_std_sum": 2.159206911797119, "noise_marginal_std_sum": 2.421041931382557, "pure_mf_cumulative_momentum_noise_variance": 1.8146155633252056e-05, "preconditioner_mean": 423.4386291503906, "preconditioner_change_relative": 0.02675502933561802, "denominator_lag_relative": 0.0, "block_age": 0}
{"step": 40, "epoch": 1, "step_seconds": 0.26691760681569576, "innovation_std_sum": 2.159206911797119, "noise_marginal_std_sum": 2.421041931382557, "pure_mf_cumulative_momentum_noise_variance": 1.879120284773368e-05, "preconditioner_mean": 419.3133850097656, "preconditioner_change_relative": 0.01955583319067955, "denominator_lag_relative": 0.0, "block_age": 0}
{"step": 50, "epoch": 1, "step_seconds": 0.2673227209597826, "innovation_std_sum": 2.159206911797119, "noise_marginal_std_sum": 2.421041931382557, "pure_mf_cumulative_momentum_noise_variance": 1.948613441162808e-05, "preconditioner_mean": 417.98272705078125, "preconditioner_change_relative": 0.015673283487558365, "denominator_lag_relative": 0.0, "block_age": 0}
{"step": 60, "epoch": 1, "step_seconds": 0.2679242677986622, "innovation_std_sum": 2.159206911797119, "noise_marginal_std_sum": 2.421041931382557, "pure_mf_cumulative_momentum_noise_variance": 2.0205943417343074e-05, "preconditioner_mean": 416.71856689453125, "preconditioner_change_relative": 0.012810069136321545, "denominator_lag_relative": 0.0, "block_age": 0}
{"epoch": 1, "step": 62, "epsilon": 3.0817479262244762, "accuracy": 0.7805197233127688, "validation_loss": 0.9805845651788831, "validation_examples": 5349}
{"step": 70, "epoch": 2, "step_seconds": 0.27215902134776115, "innovation_std_sum": 2.159206911797119, "noise_marginal_std_sum": 2.421041931382557, "pure_mf_cumulative_momentum_noise_variance": 2.0936972539459627e-05, "preconditioner_mean": 415.8401184082031, "preconditioner_change_relative": 0.010954929515719414, "denominator_lag_relative": 0.0, "block_age": 0}
{"step": 80, "epoch": 2, "step_seconds": 0.2679434474557638, "innovation_std_sum": 2.159206911797119, "noise_marginal_std_sum": 2.421041931382557, "pure_mf_cumulative_momentum_noise_variance": 2.1672799376078106e-05, "preconditioner_mean": 415.0059509277344, "preconditioner_change_relative": 0.009660886600613594, "denominator_lag_relative": 0.0, "block_age": 0}
{"step": 90, "epoch": 2, "step_seconds": 0.2706191632896662, "innovation_std_sum": 2.159206911797119, "noise_marginal_std_sum": 2.421041931382557, "pure_mf_cumulative_momentum_noise_variance": 2.2410608166093095e-05, "preconditioner_mean": 414.4065246582031, "preconditioner_change_relative": 0.009104040451347828, "denominator_lag_relative": 0.0, "block_age": 0}
{"step": 100, "epoch": 2, "step_seconds": 0.27283247746527195, "innovation_std_sum": 2.159206911797119, "noise_marginal_std_sum": 2.421041931382557, "pure_mf_cumulative_momentum_noise_variance": 2.314921590752318e-05, "preconditioner_mean": 413.8677673339844, "preconditioner_change_relative": 0.007814384065568447, "denominator_lag_relative": 0.0, "block_age": 0}
{"step": 110, "epoch": 2, "step_seconds": 0.2722930498421192, "innovation_std_sum": 2.159206911797119, "noise_marginal_std_sum": 2.421041931382557, "pure_mf_cumulative_momentum_noise_variance": 2.3888139866287483e-05, "preconditioner_mean": 413.5244445800781, "preconditioner_change_relative": 0.00722759123891592, "denominator_lag_relative": 0.0, "block_age": 0}
{"step": 120, "epoch": 2, "step_seconds": 0.2731050383299589, "innovation_std_sum": 2.159206911797119, "noise_marginal_std_sum": 2.421041931382557, "pure_mf_cumulative_momentum_noise_variance": 2.4627187211308643e-05, "preconditioner_mean": 413.1408996582031, "preconditioner_change_relative": 0.00661915447562933, "denominator_lag_relative": 0.0, "block_age": 0}
{"epoch": 2, "step": 124, "epsilon": 4.626744139901174, "accuracy": 0.8074406431108618, "validation_loss": 0.8825688150847687, "validation_examples": 5349}
{"step": 130, "epoch": 3, "step_seconds": 0.269596578553319, "innovation_std_sum": 2.159206911797119, "noise_marginal_std_sum": 2.421041931382557, "pure_mf_cumulative_momentum_noise_variance": 2.5366282156524288e-05, "preconditioner_mean": 412.86407470703125, "preconditioner_change_relative": 0.005755288526415825, "denominator_lag_relative": 0.0, "block_age": 0}
{"step": 140, "epoch": 3, "step_seconds": 0.26813250221312046, "innovation_std_sum": 2.159206911797119, "noise_marginal_std_sum": 2.421041931382557, "pure_mf_cumulative_momentum_noise_variance": 2.6105395295261376e-05, "preconditioner_mean": 412.52545166015625, "preconditioner_change_relative": 0.0057314373552799225, "denominator_lag_relative": 0.0, "block_age": 0}
{"step": 150, "epoch": 3, "step_seconds": 0.2713807411491871, "innovation_std_sum": 2.159206911797119, "noise_marginal_std_sum": 2.421041931382557, "pure_mf_cumulative_momentum_noise_variance": 2.68445153343158e-05, "preconditioner_mean": 412.6506652832031, "preconditioner_change_relative": 0.005040929187089205, "denominator_lag_relative": 0.0, "block_age": 0}
{"step": 160, "epoch": 3, "step_seconds": 0.2695625275373459, "innovation_std_sum": 2.159206911797119, "noise_marginal_std_sum": 2.421041931382557, "pure_mf_cumulative_momentum_noise_variance": 2.7583637973448274e-05, "preconditioner_mean": 412.5046691894531, "preconditioner_change_relative": 0.004922174848616123, "denominator_lag_relative": 0.0, "block_age": 0}
{"step": 170, "epoch": 3, "step_seconds": 0.2667208556085825, "innovation_std_sum": 2.159206911797119, "noise_marginal_std_sum": 2.421041931382557, "pure_mf_cumulative_momentum_noise_variance": 2.832276158684581e-05, "preconditioner_mean": 412.313720703125, "preconditioner_change_relative": 0.004567812196910381, "denominator_lag_relative": 0.0, "block_age": 0}
{"step": 180, "epoch": 3, "step_seconds": 0.26557304710149765, "innovation_std_sum": 2.159206911797119, "noise_marginal_std_sum": 2.421041931382557, "pure_mf_cumulative_momentum_noise_variance": 2.9061885563545016e-05, "preconditioner_mean": 412.3452453613281, "preconditioner_change_relative": 0.004168085288256407, "denominator_lag_relative": 0.0, "block_age": 0}
{"epoch": 3, "step": 186, "epsilon": 5.883337114624349, "accuracy": 0.8248270704804637, "validation_loss": 0.8345479189647561, "validation_examples": 5349}
{"step": 190, "epoch": 4, "step_seconds": 0.2620350122451782, "innovation_std_sum": 2.159206911797119, "noise_marginal_std_sum": 2.421041931382557, "pure_mf_cumulative_momentum_noise_variance": 2.9801009675147265e-05, "preconditioner_mean": 412.22705078125, "preconditioner_change_relative": 0.004205026663839817, "denominator_lag_relative": 0.0, "block_age": 0}
{"step": 200, "epoch": 4, "step_seconds": 0.2656641099601984, "innovation_std_sum": 2.159206911797119, "noise_marginal_std_sum": 2.421041931382557, "pure_mf_cumulative_momentum_noise_variance": 3.054013383665609e-05, "preconditioner_mean": 412.1929931640625, "preconditioner_change_relative": 0.003976687788963318, "denominator_lag_relative": 0.0, "block_age": 0}
{"step": 210, "epoch": 4, "step_seconds": 0.26800040528178215, "innovation_std_sum": 2.159206911797119, "noise_marginal_std_sum": 2.421041931382557, "pure_mf_cumulative_momentum_noise_variance": 3.127925801656653e-05, "preconditioner_mean": 412.0338439941406, "preconditioner_change_relative": 0.0037315923254936934, "denominator_lag_relative": 0.0, "block_age": 0}
{"step": 220, "epoch": 4, "step_seconds": 0.2678115628659725, "innovation_std_sum": 2.159206911797119, "noise_marginal_std_sum": 2.421041931382557, "pure_mf_cumulative_momentum_noise_variance": 3.201838220324201e-05, "preconditioner_mean": 411.9044494628906, "preconditioner_change_relative": 0.0035852566361427307, "denominator_lag_relative": 0.0, "block_age": 0}
{"step": 230, "epoch": 4, "step_seconds": 0.2717347387224436, "innovation_std_sum": 2.159206911797119, "noise_marginal_std_sum": 2.421041931382557, "pure_mf_cumulative_momentum_noise_variance": 3.2757506392397915e-05, "preconditioner_mean": 411.934326171875, "preconditioner_change_relative": 0.0034651767928153276, "denominator_lag_relative": 0.0, "block_age": 0}
{"step": 240, "epoch": 4, "step_seconds": 0.26813945546746254, "innovation_std_sum": 2.159206911797119, "noise_marginal_std_sum": 2.421041931382557, "pure_mf_cumulative_momentum_noise_variance": 3.3496630582461084e-05, "preconditioner_mean": 411.99505615234375, "preconditioner_change_relative": 0.0034300328698009253, "denominator_lag_relative": 0.0, "block_age": 0}
{"epoch": 4, "step": 248, "epsilon": 6.989802718757768, "accuracy": 0.8246401196485325, "validation_loss": 0.8459238689577363, "validation_examples": 5349}
{"step": 250, "epoch": 5, "step_seconds": 0.268747229129076, "innovation_std_sum": 2.159206911797119, "noise_marginal_std_sum": 2.421041931382557, "pure_mf_cumulative_momentum_noise_variance": 3.42357547728554e-05, "preconditioner_mean": 411.73223876953125, "preconditioner_change_relative": 0.0033513347152620554, "denominator_lag_relative": 0.0, "block_age": 0}
{"step": 260, "epoch": 5, "step_seconds": 0.26585627906024456, "innovation_std_sum": 2.159206911797119, "noise_marginal_std_sum": 2.421041931382557, "pure_mf_cumulative_momentum_noise_variance": 3.497487896337033e-05, "preconditioner_mean": 411.6642150878906, "preconditioner_change_relative": 0.0030269217677414417, "denominator_lag_relative": 0.0, "block_age": 0}
{"step": 270, "epoch": 5, "step_seconds": 0.2660669721662998, "innovation_std_sum": 2.159206911797119, "noise_marginal_std_sum": 2.421041931382557, "pure_mf_cumulative_momentum_noise_variance": 3.571400315392911e-05, "preconditioner_mean": 411.6922302246094, "preconditioner_change_relative": 0.0031475687865167856, "denominator_lag_relative": 0.0, "block_age": 0}
{"step": 280, "epoch": 5, "step_seconds": 0.2668249923735857, "innovation_std_sum": 2.159206911797119, "noise_marginal_std_sum": 2.421041931382557, "pure_mf_cumulative_momentum_noise_variance": 3.645312734450381e-05, "preconditioner_mean": 411.81103515625, "preconditioner_change_relative": 0.002808329649269581, "denominator_lag_relative": 0.0, "block_age": 0}
{"step": 290, "epoch": 5, "step_seconds": 0.267350310459733, "innovation_std_sum": 2.159206911797119, "noise_marginal_std_sum": 2.421041931382557, "pure_mf_cumulative_momentum_noise_variance": 3.719225153508428e-05, "preconditioner_mean": 411.8422546386719, "preconditioner_change_relative": 0.0028752845246344805, "denominator_lag_relative": 0.0, "block_age": 0}
{"step": 300, "epoch": 5, "step_seconds": 0.2671410124748945, "innovation_std_sum": 2.159206911797119, "noise_marginal_std_sum": 2.421041931382557, "pure_mf_cumulative_momentum_noise_variance": 3.7931375725666827e-05, "preconditioner_mean": 411.90728759765625, "preconditioner_change_relative": 0.0026678764261305332, "denominator_lag_relative": 0.0, "block_age": 0}
{"step": 310, "epoch": 5, "step_seconds": 0.2669108211994171, "innovation_std_sum": 2.159206911797119, "noise_marginal_std_sum": 2.421041931382557, "pure_mf_cumulative_momentum_noise_variance": 3.8670499916250134e-05, "preconditioner_mean": 411.7576904296875, "preconditioner_change_relative": 0.0027367451693862677, "denominator_lag_relative": 0.0, "block_age": 0}
{"epoch": 5, "step": 310, "epsilon": 8.000000000000005, "accuracy": 0.8308094971022622, "validation_loss": 0.8438176311807424, "validation_examples": 5349}
