/home/longt29/miniconda3/envs/curve/lib/python3.11/site-packages/torchvision/datasets/cifar.py:83: VisibleDeprecationWarning: dtype(): align should be passed as Python or NumPy boolean but got `align=0`. Did you mean to pass a tuple to create a subarray type? (Deprecated NumPy 2.4)
  entry = pickle.load(f, encoding="latin1")
{"method": "dp-adam-sgd-bandinvmf", "smoke": false, "calibration": {"target_mu": 1.6660305978457184, "sensitivity": 2.8481628876299, "innovation_std_sum": 17.095501675135814, "adjacency": "add_remove_zero_out", "k": 5, "b_participation": 50, "sampling_amplification": false}, "coefficients": [1.0, -0.5, -0.125, -0.0625]}
sys:1: UserWarning: Full backward hook is firing when gradients are computed with respect to module outputs since no inputs require gradients. See https://docs.pytorch.org/docs/main/generated/torch.nn.Module.html#torch.nn.Module.register_full_backward_hook for more details.
{"progress_step": 10, "epoch": 1, "train_loss_so_far": 4.717191577148437, "clip_fraction_so_far": 1.0}
{"progress_step": 20, "epoch": 1, "train_loss_so_far": 4.4768313201904295, "clip_fraction_so_far": 1.0}
{"progress_step": 30, "epoch": 1, "train_loss_so_far": 4.2193438354492185, "clip_fraction_so_far": 1.0}
{"progress_step": 40, "epoch": 1, "train_loss_so_far": 3.9660329193115236, "clip_fraction_so_far": 0.999975}
{"progress_step": 50, "epoch": 1, "train_loss_so_far": 3.737810021972656, "clip_fraction_so_far": 0.99986}
{"epoch": 1, "logical_steps": 50, "train_examples": 50000, "train_loss": 3.737810021972656, "test_loss": 2.2999804138183593, "test_top1": 0.413, "clip_fraction": 0.99986, "gdp_mu": 0.7450706133874356, "gdp_epsilon": 3.1232881288764167, "target_mu": 1.6660305978457184, "target_epsilon": 8.0, "delta": 1e-05, "noise_std": 0.019262096209213344, "noise_std_space": "gradient", "innovation_std_sum": 17.095501675135814, "augmentation_trace_sha256": "65e78e015a3e2a10670eebdd8b5c00ec00073b4a03670167de183a1bfc65d731", "seconds": 146.82555728591979}
{"progress_step": 60, "epoch": 2, "train_loss_so_far": 2.502721466064453, "clip_fraction_so_far": 0.995}
{"progress_step": 70, "epoch": 2, "train_loss_so_far": 2.401736056518555, "clip_fraction_so_far": 0.9925}
{"progress_step": 80, "epoch": 2, "train_loss_so_far": 2.332822463989258, "clip_fraction_so_far": 0.9869666666666667}
{"progress_step": 90, "epoch": 2, "train_loss_so_far": 2.2539209884643556, "clip_fraction_so_far": 0.9811}
{"progress_step": 100, "epoch": 2, "train_loss_so_far": 2.189666678466797, "clip_fraction_so_far": 0.97348}
{"epoch": 2, "logical_steps": 100, "train_examples": 50000, "train_loss": 2.189666678466797, "test_loss": 1.4346593292236327, "test_top1": 0.601, "clip_fraction": 0.97348, "gdp_mu": 1.0536897799813885, "gdp_epsilon": 4.650918517225291, "target_mu": 1.6660305978457184, "target_epsilon": 8.0, "delta": 1e-05, "noise_std": 0.019262096209213344, "noise_std_space": "gradient", "innovation_std_sum": 17.095501675135814, "augmentation_trace_sha256": "7947e548b204a7d0145bdcb9df3da1911d6c839b026ad00ca1b0ea91cee080b2", "seconds": 138.6805689688772}
{"progress_step": 110, "epoch": 3, "train_loss_so_far": 1.854192611694336, "clip_fraction_so_far": 0.9275}
{"progress_step": 120, "epoch": 3, "train_loss_so_far": 1.8111055435180663, "clip_fraction_so_far": 0.9211}
{"progress_step": 130, "epoch": 3, "train_loss_so_far": 1.7863406524658203, "clip_fraction_so_far": 0.9137}
{"progress_step": 140, "epoch": 3, "train_loss_so_far": 1.7628612182617187, "clip_fraction_so_far": 0.9074}
{"progress_step": 150, "epoch": 3, "train_loss_so_far": 1.7428623779296875, "clip_fraction_so_far": 0.9001}
{"epoch": 3, "logical_steps": 150, "train_examples": 50000, "train_loss": 1.7428623779296875, "test_loss": 1.1361275283813477, "test_top1": 0.6712, "clip_fraction": 0.9001, "gdp_mu": 1.2905014862231676, "gdp_epsilon": 5.897170660712959, "target_mu": 1.6660305978457184, "target_epsilon": 8.0, "delta": 1e-05, "noise_std": 0.019262096209213344, "noise_std_space": "gradient", "innovation_std_sum": 17.095501675135814, "augmentation_trace_sha256": "9cd077b55365d30171daaf6417ff6a0338c1ce695e9900c8ba48c02aa7e09c81", "seconds": 139.88769715465605}
{"progress_step": 160, "epoch": 4, "train_loss_so_far": 1.6460589233398437, "clip_fraction_so_far": 0.8508}
{"progress_step": 170, "epoch": 4, "train_loss_so_far": 1.6088419555664062, "clip_fraction_so_far": 0.8496}
{"progress_step": 180, "epoch": 4, "train_loss_so_far": 1.6027701497395834, "clip_fraction_so_far": 0.8446333333333333}
{"progress_step": 190, "epoch": 4, "train_loss_so_far": 1.5912750930786133, "clip_fraction_so_far": 0.8405}
{"progress_step": 200, "epoch": 4, "train_loss_so_far": 1.5801975964355468, "clip_fraction_so_far": 0.8366}
{"epoch": 4, "logical_steps": 200, "train_examples": 50000, "train_loss": 1.5801975964355468, "test_loss": 1.001531492614746, "test_top1": 0.7049, "clip_fraction": 0.8366, "gdp_mu": 1.4901429526898362, "gdp_epsilon": 6.996032511238058, "target_mu": 1.6660305978457184, "target_epsilon": 8.0, "delta": 1e-05, "noise_std": 0.019262096209213344, "noise_std_space": "gradient", "innovation_std_sum": 17.095501675135814, "augmentation_trace_sha256": "d0329dec63815624ef85d166f9fc0f971e6cbc08a7023fbf6ae008996f98b7ea", "seconds": 140.20309605263174}
{"progress_step": 210, "epoch": 5, "train_loss_so_far": 1.525950421142578, "clip_fraction_so_far": 0.8093}
{"progress_step": 220, "epoch": 5, "train_loss_so_far": 1.506818830871582, "clip_fraction_so_far": 0.80695}
{"progress_step": 230, "epoch": 5, "train_loss_so_far": 1.506795698038737, "clip_fraction_so_far": 0.8035666666666667}
{"progress_step": 240, "epoch": 5, "train_loss_so_far": 1.499829736328125, "clip_fraction_so_far": 0.799475}
{"progress_step": 250, "epoch": 5, "train_loss_so_far": 1.491531826171875, "clip_fraction_so_far": 0.79568}
{"epoch": 5, "logical_steps": 250, "train_examples": 50000, "train_loss": 1.491531826171875, "test_loss": 0.9303056671142578, "test_top1": 0.7226, "clip_fraction": 0.79568, "gdp_mu": 1.6660305978457184, "gdp_epsilon": 8.000000000000005, "target_mu": 1.6660305978457184, "target_epsilon": 8.0, "delta": 1e-05, "noise_std": 0.019262096209213344, "noise_std_space": "gradient", "innovation_std_sum": 17.095501675135814, "augmentation_trace_sha256": "e6f13b7c6458831652113302608e74106d5c18f6cf65c9b83e94f044cd767eb1", "seconds": 141.1643184516579}
{"status": "completed", "results": "/media/data/data/lt/dp-adam-correlated/exp7b/results/final/trials/7e03b49571ffac17"}
