/home/longt29/miniconda3/envs/curve/lib/python3.11/site-packages/torchvision/datasets/cifar.py:83: VisibleDeprecationWarning: dtype(): align should be passed as Python or NumPy boolean but got `align=0`. Did you mean to pass a tuple to create a subarray type? (Deprecated NumPy 2.4)
  entry = pickle.load(f, encoding="latin1")
sys:1: UserWarning: Full backward hook is firing when gradients are computed with respect to module outputs since no inputs require gradients. See https://docs.pytorch.org/docs/main/generated/torch.nn.Module.html#torch.nn.Module.register_full_backward_hook for more details.
{"step": 10, "epoch": 1, "train_loss": 4.26986328125, "clip_fraction": 1.0, "gradient_norm_mean": 53.881646484375, "gradient_norm_max": 105.31842803955078, "step_seconds": 2.1742289643734694, "innovation_std_sum": 72.22798151648107, "noise_marginal_std_sum": 84.4992665429476}
{"step": 20, "epoch": 1, "train_loss": 3.460676513671875, "clip_fraction": 1.0, "gradient_norm_mean": 103.454201171875, "gradient_norm_max": 244.88088989257812, "step_seconds": 2.18595296703279, "innovation_std_sum": 72.22798151648107, "noise_marginal_std_sum": 84.4992665429476}
{"step": 30, "epoch": 1, "train_loss": 2.8931590576171873, "clip_fraction": 0.984, "gradient_norm_mean": 112.206654296875, "gradient_norm_max": 333.09869384765625, "step_seconds": 2.188090769574046, "innovation_std_sum": 72.22798151648107, "noise_marginal_std_sum": 84.4992665429476}
{"step": 40, "epoch": 1, "train_loss": 2.541416442871094, "clip_fraction": 0.956, "gradient_norm_mean": 119.41367578125, "gradient_norm_max": 409.0590515136719, "step_seconds": 2.1935704573988914, "innovation_std_sum": 72.22798151648107, "noise_marginal_std_sum": 84.4992665429476}
{"epoch": 1, "step": 45, "train_loss": 3.436031452094184, "clip_fraction": 0.9873111111111111, "epsilon": 3.0297011451528837, "accuracy": 0.4892, "validation_loss": 1.9043978515625, "validation_examples": 5000}
{"step": 50, "epoch": 2, "train_loss": 2.23251953125, "clip_fraction": 0.918, "gradient_norm_mean": 114.309388671875, "gradient_norm_max": 595.0114135742188, "step_seconds": 2.1688504219055176, "innovation_std_sum": 72.22798151648107, "noise_marginal_std_sum": 84.4992665429476}
{"step": 60, "epoch": 2, "train_loss": 2.1401419677734377, "clip_fraction": 0.89, "gradient_norm_mean": 117.0258671875, "gradient_norm_max": 434.6504821777344, "step_seconds": 2.1782645750790834, "innovation_std_sum": 72.22798151648107, "noise_marginal_std_sum": 84.4992665429476}
{"step": 70, "epoch": 2, "train_loss": 1.8994806213378905, "clip_fraction": 0.84, "gradient_norm_mean": 110.4502421875, "gradient_norm_max": 759.9525146484375, "step_seconds": 2.1832528840750456, "innovation_std_sum": 72.22798151648107, "noise_marginal_std_sum": 84.4992665429476}
{"step": 80, "epoch": 2, "train_loss": 1.9168287963867188, "clip_fraction": 0.852, "gradient_norm_mean": 117.749677734375, "gradient_norm_max": 738.9322509765625, "step_seconds": 2.183124518021941, "innovation_std_sum": 72.22798151648107, "noise_marginal_std_sum": 84.4992665429476}
{"step": 90, "epoch": 2, "train_loss": 1.7639864807128907, "clip_fraction": 0.815, "gradient_norm_mean": 118.0744921875, "gradient_norm_max": 668.3681030273438, "step_seconds": 2.1914544608443975, "innovation_std_sum": 72.22798151648107, "noise_marginal_std_sum": 84.4992665429476}
{"epoch": 2, "step": 90, "train_loss": 2.0010718641493055, "clip_fraction": 0.8698444444444444, "epsilon": 4.5953206372907065, "accuracy": 0.6506, "validation_loss": 1.2399946899414063, "validation_examples": 5000}
{"step": 100, "epoch": 3, "train_loss": 1.6180804443359376, "clip_fraction": 0.795, "gradient_norm_mean": 111.90174609375, "gradient_norm_max": 525.3994140625, "step_seconds": 2.1804262455552816, "innovation_std_sum": 72.22798151648107, "noise_marginal_std_sum": 84.4992665429476}
{"step": 110, "epoch": 3, "train_loss": 1.5818028869628906, "clip_fraction": 0.782, "gradient_norm_mean": 112.85700390625, "gradient_norm_max": 718.994140625, "step_seconds": 2.1771353986114264, "innovation_std_sum": 72.22798151648107, "noise_marginal_std_sum": 84.4992665429476}
{"step": 120, "epoch": 3, "train_loss": 1.5202628479003906, "clip_fraction": 0.748, "gradient_norm_mean": 113.204916015625, "gradient_norm_max": 926.9423217773438, "step_seconds": 2.1898949779570103, "innovation_std_sum": 72.22798151648107, "noise_marginal_std_sum": 84.4992665429476}
{"step": 130, "epoch": 3, "train_loss": 1.5074056091308594, "clip_fraction": 0.736, "gradient_norm_mean": 114.005150390625, "gradient_norm_max": 661.072265625, "step_seconds": 2.1990380231291056, "innovation_std_sum": 72.22798151648107, "noise_marginal_std_sum": 84.4992665429476}
{"epoch": 3, "step": 135, "train_loss": 1.6251202609592015, "clip_fraction": 0.7627555555555555, "epsilon": 5.865340104265841, "accuracy": 0.7114, "validation_loss": 0.995778012084961, "validation_examples": 5000}
{"step": 140, "epoch": 4, "train_loss": 1.568982666015625, "clip_fraction": 0.706, "gradient_norm_mean": 113.068533203125, "gradient_norm_max": 534.2432861328125, "step_seconds": 2.177706513553858, "innovation_std_sum": 72.22798151648107, "noise_marginal_std_sum": 84.4992665429476}
{"step": 150, "epoch": 4, "train_loss": 1.5100049438476562, "clip_fraction": 0.697, "gradient_norm_mean": 112.11337109375, "gradient_norm_max": 769.1829223632812, "step_seconds": 2.1916484609246254, "innovation_std_sum": 72.22798151648107, "noise_marginal_std_sum": 84.4992665429476}
{"step": 160, "epoch": 4, "train_loss": 1.4926611328125, "clip_fraction": 0.702, "gradient_norm_mean": 113.340916015625, "gradient_norm_max": 549.5904541015625, "step_seconds": 2.1927643977105618, "innovation_std_sum": 72.22798151648107, "noise_marginal_std_sum": 84.4992665429476}
{"step": 170, "epoch": 4, "train_loss": 1.4885804443359374, "clip_fraction": 0.689, "gradient_norm_mean": 110.949849609375, "gradient_norm_max": 708.4586181640625, "step_seconds": 2.1999374981969595, "innovation_std_sum": 72.22798151648107, "noise_marginal_std_sum": 84.4992665429476}
{"step": 180, "epoch": 4, "train_loss": 1.4403623657226563, "clip_fraction": 0.68, "gradient_norm_mean": 112.117279296875, "gradient_norm_max": 628.4586791992188, "step_seconds": 2.2007059548050165, "innovation_std_sum": 72.22798151648107, "noise_marginal_std_sum": 84.4992665429476}
{"epoch": 4, "step": 180, "train_loss": 1.4894008511013455, "clip_fraction": 0.7038222222222222, "epsilon": 6.981705044814983, "accuracy": 0.7394, "validation_loss": 0.906694076538086, "validation_examples": 5000}
{"step": 190, "epoch": 5, "train_loss": 1.3719578552246094, "clip_fraction": 0.675, "gradient_norm_mean": 110.0344453125, "gradient_norm_max": 775.8638305664062, "step_seconds": 2.168341252952814, "innovation_std_sum": 72.22798151648107, "noise_marginal_std_sum": 84.4992665429476}
{"step": 200, "epoch": 5, "train_loss": 1.4568838195800782, "clip_fraction": 0.681, "gradient_norm_mean": 114.67406640625, "gradient_norm_max": 590.2955322265625, "step_seconds": 2.1790529415011406, "innovation_std_sum": 72.22798151648107, "noise_marginal_std_sum": 84.4992665429476}
{"step": 210, "epoch": 5, "train_loss": 1.4734678955078124, "clip_fraction": 0.66, "gradient_norm_mean": 111.92065625, "gradient_norm_max": 689.8276977539062, "step_seconds": 2.182940296828747, "innovation_std_sum": 72.22798151648107, "noise_marginal_std_sum": 84.4992665429476}
{"step": 220, "epoch": 5, "train_loss": 1.3927998962402344, "clip_fraction": 0.683, "gradient_norm_mean": 116.4106875, "gradient_norm_max": 567.549560546875, "step_seconds": 2.1959032118320465, "innovation_std_sum": 72.22798151648107, "noise_marginal_std_sum": 84.4992665429476}
{"epoch": 5, "step": 225, "train_loss": 1.4111103746202256, "clip_fraction": 0.6648, "epsilon": 8.000000000000005, "accuracy": 0.7522, "validation_loss": 0.8628849304199219, "validation_examples": 5000}
