Loading weights:   0%|          | 0/39 [00:00<?, ?it/s]Loading weights: 100%|██████████| 39/39 [00:00<00:00, 19388.15it/s]
[transformers] [1mBertModel LOAD REPORT[0m from: /media/data/data/lt/dp-adam-correlated/cache/bert-tiny
Key                                        | Status     |  | 
-------------------------------------------+------------+--+-
cls.predictions.transform.dense.bias       | UNEXPECTED |  | 
cls.predictions.bias                       | UNEXPECTED |  | 
cls.predictions.decoder.weight             | UNEXPECTED |  | 
cls.predictions.decoder.bias               | UNEXPECTED |  | 
cls.predictions.transform.LayerNorm.weight | UNEXPECTED |  | 
cls.seq_relationship.weight                | UNEXPECTED |  | 
cls.seq_relationship.bias                  | UNEXPECTED |  | 
cls.predictions.transform.dense.weight     | UNEXPECTED |  | 
cls.predictions.transform.LayerNorm.bias   | UNEXPECTED |  | 

Notes:
- UNEXPECTED:	can be ignored when loading from different task/architecture; not ok if you expect identical arch.
sys:1: UserWarning: Full backward hook is firing when gradients are computed with respect to module outputs since no inputs require gradients. See https://docs.pytorch.org/docs/main/generated/torch.nn.Module.html#torch.nn.Module.register_full_backward_hook for more details.
{"step": 10, "epoch": 1, "train_loss": 0.768468994140625, "clip_fraction": 0.572, "gradient_norm_mean": 489.6644375, "gradient_norm_max": 1335.7066650390625, "step_seconds": 0.2655526790767908, "innovation_std_sum": 753.4116773828302, "noise_marginal_std_sum": 879.9486554334685}
{"step": 20, "epoch": 1, "train_loss": 0.6833323974609375, "clip_fraction": 0.772, "gradient_norm_mean": 811.272375, "gradient_norm_max": 2445.348876953125, "step_seconds": 0.2694007884711027, "innovation_std_sum": 753.4116773828302, "noise_marginal_std_sum": 879.9486554334685}
{"step": 30, "epoch": 1, "train_loss": 0.619926513671875, "clip_fraction": 0.745, "gradient_norm_mean": 1288.9745, "gradient_norm_max": 4168.494140625, "step_seconds": 0.2701154425740242, "innovation_std_sum": 753.4116773828302, "noise_marginal_std_sum": 879.9486554334685}
{"step": 40, "epoch": 1, "train_loss": 0.70262890625, "clip_fraction": 0.628, "gradient_norm_mean": 1860.416375, "gradient_norm_max": 8550.3642578125, "step_seconds": 0.2686985917389393, "innovation_std_sum": 753.4116773828302, "noise_marginal_std_sum": 879.9486554334685}
{"step": 50, "epoch": 1, "train_loss": 0.7604248046875, "clip_fraction": 0.52, "gradient_norm_mean": 2087.575625, "gradient_norm_max": 12427.125, "step_seconds": 0.2678602524101734, "innovation_std_sum": 753.4116773828302, "noise_marginal_std_sum": 879.9486554334685}
{"step": 60, "epoch": 1, "train_loss": 0.7731934204101563, "clip_fraction": 0.467, "gradient_norm_mean": 2081.9925, "gradient_norm_max": 15518.6142578125, "step_seconds": 0.27119385078549385, "innovation_std_sum": 753.4116773828302, "noise_marginal_std_sum": 879.9486554334685}
{"epoch": 1, "step": 62, "train_loss": 0.7085800485918599, "clip_fraction": 0.6174032258064516, "epsilon": 3.0540894402664507, "accuracy": 0.7623854926154421, "validation_loss": 0.8059556932176557, "validation_examples": 5349}
{"step": 70, "epoch": 2, "train_loss": 0.7631690673828125, "clip_fraction": 0.454, "gradient_norm_mean": 1897.581875, "gradient_norm_max": 12731.4111328125, "step_seconds": 0.1307233702391386, "innovation_std_sum": 753.4116773828302, "noise_marginal_std_sum": 879.9486554334685}
{"step": 80, "epoch": 2, "train_loss": 0.69234765625, "clip_fraction": 0.442, "gradient_norm_mean": 1576.25525, "gradient_norm_max": 11758.8896484375, "step_seconds": 0.27094022557139397, "innovation_std_sum": 753.4116773828302, "noise_marginal_std_sum": 879.9486554334685}
{"step": 90, "epoch": 2, "train_loss": 0.6260902099609374, "clip_fraction": 0.399, "gradient_norm_mean": 1326.4125, "gradient_norm_max": 11432.11328125, "step_seconds": 0.2703963238745928, "innovation_std_sum": 753.4116773828302, "noise_marginal_std_sum": 879.9486554334685}
{"step": 100, "epoch": 2, "train_loss": 0.6491652221679688, "clip_fraction": 0.394, "gradient_norm_mean": 1411.6725, "gradient_norm_max": 12126.244140625, "step_seconds": 0.270653260871768, "innovation_std_sum": 753.4116773828302, "noise_marginal_std_sum": 879.9486554334685}
{"step": 110, "epoch": 2, "train_loss": 0.5753956298828125, "clip_fraction": 0.367, "gradient_norm_mean": 1298.04275, "gradient_norm_max": 13649.0263671875, "step_seconds": 0.27315688505768776, "innovation_std_sum": 753.4116773828302, "noise_marginal_std_sum": 879.9486554334685}
{"step": 120, "epoch": 2, "train_loss": 0.530727294921875, "clip_fraction": 0.372, "gradient_norm_mean": 1242.247, "gradient_norm_max": 12318.9697265625, "step_seconds": 0.2714231088757515, "innovation_std_sum": 753.4116773828302, "noise_marginal_std_sum": 879.9486554334685}
{"epoch": 2, "step": 124, "train_loss": 0.6453679405950731, "clip_fraction": 0.41874193548387095, "epsilon": 4.610238743691145, "accuracy": 0.7982800523462329, "validation_loss": 0.6061694654577757, "validation_examples": 5349}
{"step": 130, "epoch": 3, "train_loss": 0.562955322265625, "clip_fraction": 0.388, "gradient_norm_mean": 1312.8365, "gradient_norm_max": 12863.16015625, "step_seconds": 0.27065860480070114, "innovation_std_sum": 753.4116773828302, "noise_marginal_std_sum": 879.9486554334685}
{"step": 140, "epoch": 3, "train_loss": 0.58114990234375, "clip_fraction": 0.376, "gradient_norm_mean": 1334.009875, "gradient_norm_max": 15473.9169921875, "step_seconds": 0.270715719088912, "innovation_std_sum": 753.4116773828302, "noise_marginal_std_sum": 879.9486554334685}
{"step": 150, "epoch": 3, "train_loss": 0.5825556640625, "clip_fraction": 0.372, "gradient_norm_mean": 1251.85275, "gradient_norm_max": 12181.830078125, "step_seconds": 0.27151552215218544, "innovation_std_sum": 753.4116773828302, "noise_marginal_std_sum": 879.9486554334685}
{"step": 160, "epoch": 3, "train_loss": 0.5942640991210938, "clip_fraction": 0.366, "gradient_norm_mean": 1235.37525, "gradient_norm_max": 17160.150390625, "step_seconds": 0.27098093554377556, "innovation_std_sum": 753.4116773828302, "noise_marginal_std_sum": 879.9486554334685}
{"step": 170, "epoch": 3, "train_loss": 0.5980791625976563, "clip_fraction": 0.364, "gradient_norm_mean": 1263.99575, "gradient_norm_max": 12127.51953125, "step_seconds": 0.2712929118424654, "innovation_std_sum": 753.4116773828302, "noise_marginal_std_sum": 879.9486554334685}
{"step": 180, "epoch": 3, "train_loss": 0.5745675048828125, "clip_fraction": 0.348, "gradient_norm_mean": 1106.30725, "gradient_norm_max": 18917.65625, "step_seconds": 0.26089690811932087, "innovation_std_sum": 753.4116773828302, "noise_marginal_std_sum": 879.9486554334685}
{"epoch": 3, "step": 186, "train_loss": 0.5592906011766003, "clip_fraction": 0.35743548387096774, "epsilon": 5.873890881586911, "accuracy": 0.8158534305477659, "validation_loss": 0.5438097880519112, "validation_examples": 5349}
{"step": 190, "epoch": 4, "train_loss": 0.44616104125976563, "clip_fraction": 0.316, "gradient_norm_mean": 1043.7715, "gradient_norm_max": 13422.9189453125, "step_seconds": 0.2711330186575651, "innovation_std_sum": 753.4116773828302, "noise_marginal_std_sum": 879.9486554334685}
{"step": 200, "epoch": 4, "train_loss": 0.5425408325195312, "clip_fraction": 0.346, "gradient_norm_mean": 1135.21375, "gradient_norm_max": 14838.953125, "step_seconds": 0.27281610667705536, "innovation_std_sum": 753.4116773828302, "noise_marginal_std_sum": 879.9486554334685}
{"step": 210, "epoch": 4, "train_loss": 0.528939697265625, "clip_fraction": 0.335, "gradient_norm_mean": 1120.591, "gradient_norm_max": 16601.333984375, "step_seconds": 0.2756453510373831, "innovation_std_sum": 753.4116773828302, "noise_marginal_std_sum": 879.9486554334685}
{"step": 220, "epoch": 4, "train_loss": 0.49374957275390624, "clip_fraction": 0.312, "gradient_norm_mean": 1011.7171875, "gradient_norm_max": 14578.2509765625, "step_seconds": 0.27547671645879745, "innovation_std_sum": 753.4116773828302, "noise_marginal_std_sum": 879.9486554334685}
{"step": 230, "epoch": 4, "train_loss": 0.5165709228515625, "clip_fraction": 0.332, "gradient_norm_mean": 1047.636, "gradient_norm_max": 14553.51953125, "step_seconds": 0.27422126568853855, "innovation_std_sum": 753.4116773828302, "noise_marginal_std_sum": 879.9486554334685}
{"step": 240, "epoch": 4, "train_loss": 0.52018701171875, "clip_fraction": 0.308, "gradient_norm_mean": 1100.206625, "gradient_norm_max": 18851.060546875, "step_seconds": 0.2703526094555855, "innovation_std_sum": 753.4116773828302, "noise_marginal_std_sum": 879.9486554334685}
{"epoch": 4, "step": 248, "train_loss": 0.5132288104641822, "clip_fraction": 0.31359677419354837, "epsilon": 6.985551657770655, "accuracy": 0.8194054963544588, "validation_loss": 0.544803774853826, "validation_examples": 5349}
{"step": 250, "epoch": 5, "train_loss": 0.535626708984375, "clip_fraction": 0.297, "gradient_norm_mean": 983.788125, "gradient_norm_max": 14111.671875, "step_seconds": 0.2741034869104624, "innovation_std_sum": 753.4116773828302, "noise_marginal_std_sum": 879.9486554334685}
{"step": 260, "epoch": 5, "train_loss": 0.5268504638671875, "clip_fraction": 0.301, "gradient_norm_mean": 964.8566875, "gradient_norm_max": 14521.8671875, "step_seconds": 0.2714621927589178, "innovation_std_sum": 753.4116773828302, "noise_marginal_std_sum": 879.9486554334685}
{"step": 270, "epoch": 5, "train_loss": 0.47351080322265626, "clip_fraction": 0.293, "gradient_norm_mean": 839.015375, "gradient_norm_max": 13578.89453125, "step_seconds": 0.2739187777042389, "innovation_std_sum": 753.4116773828302, "noise_marginal_std_sum": 879.9486554334685}
{"step": 280, "epoch": 5, "train_loss": 0.49901007080078125, "clip_fraction": 0.293, "gradient_norm_mean": 1009.984875, "gradient_norm_max": 14913.3251953125, "step_seconds": 0.27257632464170456, "innovation_std_sum": 753.4116773828302, "noise_marginal_std_sum": 879.9486554334685}
{"step": 290, "epoch": 5, "train_loss": 0.4866493225097656, "clip_fraction": 0.29, "gradient_norm_mean": 990.6433125, "gradient_norm_max": 19262.7109375, "step_seconds": 0.2721809633076191, "innovation_std_sum": 753.4116773828302, "noise_marginal_std_sum": 879.9486554334685}
{"step": 300, "epoch": 5, "train_loss": 0.45404058837890626, "clip_fraction": 0.28, "gradient_norm_mean": 889.8605625, "gradient_norm_max": 17255.884765625, "step_seconds": 0.2737414538860321, "innovation_std_sum": 753.4116773828302, "noise_marginal_std_sum": 879.9486554334685}
{"step": 310, "epoch": 5, "train_loss": 0.5210493774414062, "clip_fraction": 0.284, "gradient_norm_mean": 991.191125, "gradient_norm_max": 18991.724609375, "step_seconds": 0.27206288278102875, "innovation_std_sum": 753.4116773828302, "noise_marginal_std_sum": 879.9486554334685}
{"epoch": 5, "step": 310, "train_loss": 0.49270289611816404, "clip_fraction": 0.2875483870967742, "epsilon": 8.000000000000005, "accuracy": 0.8296877921106749, "validation_loss": 0.5033822304780382, "validation_examples": 5349}
