Loading weights:   0%|          | 0/39 [00:00<?, ?it/s]Loading weights: 100%|██████████| 39/39 [00:00<00:00, 28844.62it/s]
[transformers] [1mBertModel LOAD REPORT[0m from: /media/data/data/lt/dp-adam-correlated/cache/bert-tiny
Key                                        | Status     |  | 
-------------------------------------------+------------+--+-
cls.predictions.decoder.weight             | UNEXPECTED |  | 
cls.predictions.decoder.bias               | UNEXPECTED |  | 
cls.predictions.transform.dense.bias       | UNEXPECTED |  | 
cls.predictions.transform.LayerNorm.weight | UNEXPECTED |  | 
cls.seq_relationship.bias                  | UNEXPECTED |  | 
cls.predictions.transform.dense.weight     | UNEXPECTED |  | 
cls.seq_relationship.weight                | UNEXPECTED |  | 
cls.predictions.transform.LayerNorm.bias   | UNEXPECTED |  | 
cls.predictions.bias                       | UNEXPECTED |  | 

Notes:
- UNEXPECTED:	can be ignored when loading from different task/architecture; not ok if you expect identical arch.
sys:1: UserWarning: Full backward hook is firing when gradients are computed with respect to module outputs since no inputs require gradients. See https://docs.pytorch.org/docs/main/generated/torch.nn.Module.html#torch.nn.Module.register_full_backward_hook for more details.
{"step": 10, "epoch": 1, "step_seconds": 0.2651151027530432, "innovation_std_sum": 20.09097806354214, "noise_marginal_std_sum": 23.465297478225825, "pure_mf_cumulative_momentum_noise_variance": 0.0011569563929319337, "preconditioner_mean": 48.16321563720703, "preconditioner_change_relative": 0.0, "denominator_lag_relative": 0.05397932231426239, "block_age": 1}
{"step": 20, "epoch": 1, "step_seconds": 0.2625727169215679, "innovation_std_sum": 20.09097806354214, "noise_marginal_std_sum": 23.465297478225825, "pure_mf_cumulative_momentum_noise_variance": 0.0011802098345886115, "preconditioner_mean": 45.04816818237305, "preconditioner_change_relative": 0.0, "denominator_lag_relative": 0.024836456403136253, "block_age": 1}
{"step": 30, "epoch": 1, "step_seconds": 0.2624126225709915, "innovation_std_sum": 20.09097806354214, "noise_marginal_std_sum": 23.465297478225825, "pure_mf_cumulative_momentum_noise_variance": 0.0012027853271806993, "preconditioner_mean": 44.19657516479492, "preconditioner_change_relative": 0.0, "denominator_lag_relative": 0.016982413828372955, "block_age": 1}
{"step": 40, "epoch": 1, "step_seconds": 0.2632389310747385, "innovation_std_sum": 20.09097806354214, "noise_marginal_std_sum": 23.465297478225825, "pure_mf_cumulative_momentum_noise_variance": 0.0012338736758346026, "preconditioner_mean": 43.74696350097656, "preconditioner_change_relative": 0.0, "denominator_lag_relative": 0.012861058115959167, "block_age": 1}
{"step": 50, "epoch": 1, "step_seconds": 0.2626753579825163, "innovation_std_sum": 20.09097806354214, "noise_marginal_std_sum": 23.465297478225825, "pure_mf_cumulative_momentum_noise_variance": 0.0012696968525104091, "preconditioner_mean": 43.556880950927734, "preconditioner_change_relative": 0.0, "denominator_lag_relative": 0.010053405538201332, "block_age": 1}
{"step": 60, "epoch": 1, "step_seconds": 0.26638827472925186, "innovation_std_sum": 20.09097806354214, "noise_marginal_std_sum": 23.465297478225825, "pure_mf_cumulative_momentum_noise_variance": 0.0013077284941500381, "preconditioner_mean": 43.38238525390625, "preconditioner_change_relative": 0.0, "denominator_lag_relative": 0.008375873789191246, "block_age": 1}
{"epoch": 1, "step": 62, "epsilon": 3.054089440266451, "accuracy": 0.5778650214993457, "validation_loss": 0.8421780801438955, "validation_examples": 5349}
{"step": 70, "epoch": 2, "step_seconds": 0.26641636341810226, "innovation_std_sum": 20.09097806354214, "noise_marginal_std_sum": 23.465297478225825, "pure_mf_cumulative_momentum_noise_variance": 0.0013467220355228675, "preconditioner_mean": 43.25642395019531, "preconditioner_change_relative": 0.0, "denominator_lag_relative": 0.007282829377800226, "block_age": 1}
{"step": 80, "epoch": 2, "step_seconds": 0.26193404756486416, "innovation_std_sum": 20.09097806354214, "noise_marginal_std_sum": 23.465297478225825, "pure_mf_cumulative_momentum_noise_variance": 0.001386117963804346, "preconditioner_mean": 43.14323043823242, "preconditioner_change_relative": 0.0, "denominator_lag_relative": 0.006463645491749048, "block_age": 1}
{"step": 90, "epoch": 2, "step_seconds": 0.2669493369758129, "innovation_std_sum": 20.09097806354214, "noise_marginal_std_sum": 23.465297478225825, "pure_mf_cumulative_momentum_noise_variance": 0.0014256776119996523, "preconditioner_mean": 43.07583236694336, "preconditioner_change_relative": 0.0, "denominator_lag_relative": 0.005920801777392626, "block_age": 1}
{"step": 100, "epoch": 2, "step_seconds": 0.26705214753746986, "innovation_std_sum": 20.09097806354214, "noise_marginal_std_sum": 23.465297478225825, "pure_mf_cumulative_momentum_noise_variance": 0.0014653025229013775, "preconditioner_mean": 42.98050308227539, "preconditioner_change_relative": 0.0, "denominator_lag_relative": 0.005053936503827572, "block_age": 1}
{"step": 110, "epoch": 2, "step_seconds": 0.2642628848552704, "innovation_std_sum": 20.09097806354214, "noise_marginal_std_sum": 23.465297478225825, "pure_mf_cumulative_momentum_noise_variance": 0.0015049530428364968, "preconditioner_mean": 42.94657897949219, "preconditioner_change_relative": 0.0, "denominator_lag_relative": 0.004721590783447027, "block_age": 1}
{"step": 120, "epoch": 2, "step_seconds": 0.2673924807459116, "innovation_std_sum": 20.09097806354214, "noise_marginal_std_sum": 23.465297478225825, "pure_mf_cumulative_momentum_noise_variance": 0.0015446134873272318, "preconditioner_mean": 42.90979766845703, "preconditioner_change_relative": 0.0, "denominator_lag_relative": 0.004416391719132662, "block_age": 1}
{"epoch": 2, "step": 124, "epsilon": 4.610238743691153, "accuracy": 0.6539540100953449, "validation_loss": 0.7748294651318898, "validation_examples": 5349}
{"step": 130, "epoch": 3, "step_seconds": 0.26749730482697487, "innovation_std_sum": 20.09097806354214, "noise_marginal_std_sum": 23.465297478225825, "pure_mf_cumulative_momentum_noise_variance": 0.0015842777393656783, "preconditioner_mean": 42.870086669921875, "preconditioner_change_relative": 0.0, "denominator_lag_relative": 0.003884692909196019, "block_age": 1}
{"step": 140, "epoch": 3, "step_seconds": 0.2691059559583664, "innovation_std_sum": 20.09097806354214, "noise_marginal_std_sum": 23.465297478225825, "pure_mf_cumulative_momentum_noise_variance": 0.001623943440036846, "preconditioner_mean": 42.81817626953125, "preconditioner_change_relative": 0.0, "denominator_lag_relative": 0.0038954238407313824, "block_age": 1}
{"step": 150, "epoch": 3, "step_seconds": 0.2636442855000496, "innovation_std_sum": 20.09097806354214, "noise_marginal_std_sum": 23.465297478225825, "pure_mf_cumulative_momentum_noise_variance": 0.0016636096880141376, "preconditioner_mean": 42.8209342956543, "preconditioner_change_relative": 0.0, "denominator_lag_relative": 0.0034822900779545307, "block_age": 1}
{"step": 160, "epoch": 3, "step_seconds": 0.26576979644596577, "innovation_std_sum": 20.09097806354214, "noise_marginal_std_sum": 23.465297478225825, "pure_mf_cumulative_momentum_noise_variance": 0.0017032761415393437, "preconditioner_mean": 42.81057357788086, "preconditioner_change_relative": 0.0, "denominator_lag_relative": 0.003338764188811183, "block_age": 1}
{"step": 170, "epoch": 3, "step_seconds": 0.26564788818359375, "innovation_std_sum": 20.09097806354214, "noise_marginal_std_sum": 23.465297478225825, "pure_mf_cumulative_momentum_noise_variance": 0.001742942671865175, "preconditioner_mean": 42.78535461425781, "preconditioner_change_relative": 0.0, "denominator_lag_relative": 0.003127635922282934, "block_age": 1}
{"step": 180, "epoch": 3, "step_seconds": 0.2678108178079128, "innovation_std_sum": 20.09097806354214, "noise_marginal_std_sum": 23.465297478225825, "pure_mf_cumulative_momentum_noise_variance": 0.0017826092307586252, "preconditioner_mean": 42.77601623535156, "preconditioner_change_relative": 0.0, "denominator_lag_relative": 0.0029045238625258207, "block_age": 1}
{"epoch": 3, "step": 186, "epsilon": 5.873890881586911, "accuracy": 0.6943353897924845, "validation_loss": 0.78348645880459, "validation_examples": 5349}
{"step": 190, "epoch": 4, "step_seconds": 0.2676916569471359, "innovation_std_sum": 20.09097806354214, "noise_marginal_std_sum": 23.465297478225825, "pure_mf_cumulative_momentum_noise_variance": 0.0018222758002367384, "preconditioner_mean": 42.755096435546875, "preconditioner_change_relative": 0.0, "denominator_lag_relative": 0.0027526661287993193, "block_age": 1}
{"step": 200, "epoch": 4, "step_seconds": 0.2556819971650839, "innovation_std_sum": 20.09097806354214, "noise_marginal_std_sum": 23.465297478225825, "pure_mf_cumulative_momentum_noise_variance": 0.0018619423736229834, "preconditioner_mean": 42.75151824951172, "preconditioner_change_relative": 0.0, "denominator_lag_relative": 0.0026481093373149633, "block_age": 1}
{"step": 210, "epoch": 4, "step_seconds": 0.26881625689566135, "innovation_std_sum": 20.09097806354214, "noise_marginal_std_sum": 23.465297478225825, "pure_mf_cumulative_momentum_noise_variance": 0.001901608948447744, "preconditioner_mean": 42.727394104003906, "preconditioner_change_relative": 0.0, "denominator_lag_relative": 0.002466932637616992, "block_age": 1}
{"step": 220, "epoch": 4, "step_seconds": 0.26886559277772903, "innovation_std_sum": 20.09097806354214, "noise_marginal_std_sum": 23.465297478225825, "pure_mf_cumulative_momentum_noise_variance": 0.0019412755238005246, "preconditioner_mean": 42.709190368652344, "preconditioner_change_relative": 0.0, "denominator_lag_relative": 0.0024248925037682056, "block_age": 1}
{"step": 230, "epoch": 4, "step_seconds": 0.26916066743433475, "innovation_std_sum": 20.09097806354214, "noise_marginal_std_sum": 23.465297478225825, "pure_mf_cumulative_momentum_noise_variance": 0.0019809420993466345, "preconditioner_mean": 42.71372985839844, "preconditioner_change_relative": 0.0, "denominator_lag_relative": 0.0023648382630199194, "block_age": 1}
{"step": 240, "epoch": 4, "step_seconds": 0.2710953503847122, "innovation_std_sum": 20.09097806354214, "noise_marginal_std_sum": 23.465297478225825, "pure_mf_cumulative_momentum_noise_variance": 0.002020608674963368, "preconditioner_mean": 42.71759796142578, "preconditioner_change_relative": 0.0, "denominator_lag_relative": 0.0022835733834654093, "block_age": 1}
{"epoch": 4, "step": 248, "epsilon": 6.985551657770655, "accuracy": 0.7137782763133296, "validation_loss": 0.7585493620143112, "validation_examples": 5349}
{"step": 250, "epoch": 5, "step_seconds": 0.18813767656683922, "innovation_std_sum": 20.09097806354214, "noise_marginal_std_sum": 23.465297478225825, "pure_mf_cumulative_momentum_noise_variance": 0.002060275250605849, "preconditioner_mean": 42.69154739379883, "preconditioner_change_relative": 0.0, "denominator_lag_relative": 0.002262239810079336, "block_age": 1}
{"step": 260, "epoch": 5, "step_seconds": 0.1342954132705927, "innovation_std_sum": 20.09097806354214, "noise_marginal_std_sum": 23.465297478225825, "pure_mf_cumulative_momentum_noise_variance": 0.0020999418262576965, "preconditioner_mean": 42.67984390258789, "preconditioner_change_relative": 0.0, "denominator_lag_relative": 0.002099426230415702, "block_age": 1}
{"step": 270, "epoch": 5, "step_seconds": 0.27293237298727036, "innovation_std_sum": 20.09097806354214, "noise_marginal_std_sum": 23.465297478225825, "pure_mf_cumulative_momentum_noise_variance": 0.0021396084019129472, "preconditioner_mean": 42.67806625366211, "preconditioner_change_relative": 0.0, "denominator_lag_relative": 0.002123222453519702, "block_age": 1}
{"step": 280, "epoch": 5, "step_seconds": 0.27197137102484703, "innovation_std_sum": 20.09097806354214, "noise_marginal_std_sum": 23.465297478225825, "pure_mf_cumulative_momentum_noise_variance": 0.002179274977569432, "preconditioner_mean": 42.6854362487793, "preconditioner_change_relative": 0.0, "denominator_lag_relative": 0.001929856720380485, "block_age": 1}
{"step": 290, "epoch": 5, "step_seconds": 0.27518995851278305, "innovation_std_sum": 20.09097806354214, "noise_marginal_std_sum": 23.465297478225825, "pure_mf_cumulative_momentum_noise_variance": 0.0022189415532263635, "preconditioner_mean": 42.69358825683594, "preconditioner_change_relative": 0.0, "denominator_lag_relative": 0.001967224758118391, "block_age": 1}
{"step": 300, "epoch": 5, "step_seconds": 0.26860332675278187, "innovation_std_sum": 20.09097806354214, "noise_marginal_std_sum": 23.465297478225825, "pure_mf_cumulative_momentum_noise_variance": 0.0022586081288834573, "preconditioner_mean": 42.69778060913086, "preconditioner_change_relative": 0.0, "denominator_lag_relative": 0.0018742479151114821, "block_age": 1}
{"step": 310, "epoch": 5, "step_seconds": 0.2709782347083092, "innovation_std_sum": 20.09097806354214, "noise_marginal_std_sum": 23.465297478225825, "pure_mf_cumulative_momentum_noise_variance": 0.002298274704540608, "preconditioner_mean": 42.685176849365234, "preconditioner_change_relative": 0.0, "denominator_lag_relative": 0.001871455111540854, "block_age": 1}
{"epoch": 5, "step": 310, "epsilon": 8.000000000000005, "accuracy": 0.7283604412039634, "validation_loss": 0.7229592463617616, "validation_examples": 5349}
