Loading weights:   0%|          | 0/39 [00:00<?, ?it/s]Loading weights: 100%|██████████| 39/39 [00:00<00:00, 19834.83it/s]
[transformers] [1mBertModel LOAD REPORT[0m from: /media/data/data/lt/dp-adam-correlated/cache/bert-tiny
Key                                        | Status     |  | 
-------------------------------------------+------------+--+-
cls.predictions.decoder.bias               | UNEXPECTED |  | 
cls.predictions.transform.dense.weight     | UNEXPECTED |  | 
cls.predictions.decoder.weight             | UNEXPECTED |  | 
cls.predictions.bias                       | UNEXPECTED |  | 
cls.predictions.transform.dense.bias       | UNEXPECTED |  | 
cls.seq_relationship.bias                  | UNEXPECTED |  | 
cls.predictions.transform.LayerNorm.weight | UNEXPECTED |  | 
cls.seq_relationship.weight                | UNEXPECTED |  | 
cls.predictions.transform.LayerNorm.bias   | UNEXPECTED |  | 

Notes:
- UNEXPECTED:	can be ignored when loading from different task/architecture; not ok if you expect identical arch.
sys:1: UserWarning: Full backward hook is firing when gradients are computed with respect to module outputs since no inputs require gradients. See https://docs.pytorch.org/docs/main/generated/torch.nn.Module.html#torch.nn.Module.register_full_backward_hook for more details.
{"step": 10, "epoch": 1, "step_seconds": 0.12498714402318001, "innovation_std_sum": 21.59206911797119, "noise_marginal_std_sum": 24.21041931382557, "pure_mf_cumulative_momentum_noise_variance": 0.001683972299508899, "preconditioner_mean": 45.75776672363281, "preconditioner_change_relative": 0.08993857353925705, "denominator_lag_relative": 0.0, "block_age": 0}
{"step": 20, "epoch": 1, "step_seconds": 0.2639397382736206, "innovation_std_sum": 21.59206911797119, "noise_marginal_std_sum": 24.21041931382557, "pure_mf_cumulative_momentum_noise_variance": 0.0017573940315948817, "preconditioner_mean": 43.45618438720703, "preconditioner_change_relative": 0.03743220120668411, "denominator_lag_relative": 0.0, "block_age": 0}
{"step": 30, "epoch": 1, "step_seconds": 0.26111108250916004, "innovation_std_sum": 21.59206911797119, "noise_marginal_std_sum": 24.21041931382557, "pure_mf_cumulative_momentum_noise_variance": 0.0018146155633252056, "preconditioner_mean": 42.66057205200195, "preconditioner_change_relative": 0.02662382274866104, "denominator_lag_relative": 0.0, "block_age": 0}
{"step": 40, "epoch": 1, "step_seconds": 0.2605637852102518, "innovation_std_sum": 21.59206911797119, "noise_marginal_std_sum": 24.21041931382557, "pure_mf_cumulative_momentum_noise_variance": 0.001879120284773368, "preconditioner_mean": 42.17268371582031, "preconditioner_change_relative": 0.019863026216626167, "denominator_lag_relative": 0.0, "block_age": 0}
{"step": 50, "epoch": 1, "step_seconds": 0.2615858931094408, "innovation_std_sum": 21.59206911797119, "noise_marginal_std_sum": 24.21041931382557, "pure_mf_cumulative_momentum_noise_variance": 0.001948613441162808, "preconditioner_mean": 41.99671936035156, "preconditioner_change_relative": 0.015706859529018402, "denominator_lag_relative": 0.0, "block_age": 0}
{"step": 60, "epoch": 1, "step_seconds": 0.26536053977906704, "innovation_std_sum": 21.59206911797119, "noise_marginal_std_sum": 24.21041931382557, "pure_mf_cumulative_momentum_noise_variance": 0.0020205943417343076, "preconditioner_mean": 41.83567428588867, "preconditioner_change_relative": 0.013024933636188507, "denominator_lag_relative": 0.0, "block_age": 0}
{"epoch": 1, "step": 62, "epsilon": 3.0817479262244762, "accuracy": 0.6913441764815853, "validation_loss": 0.5723658198172811, "validation_examples": 5349}
{"step": 70, "epoch": 2, "step_seconds": 0.2622560113668442, "innovation_std_sum": 21.59206911797119, "noise_marginal_std_sum": 24.21041931382557, "pure_mf_cumulative_momentum_noise_variance": 0.0020936972539459626, "preconditioner_mean": 41.691593170166016, "preconditioner_change_relative": 0.010955771431326866, "denominator_lag_relative": 0.0, "block_age": 0}
{"step": 80, "epoch": 2, "step_seconds": 0.2609840836375952, "innovation_std_sum": 21.59206911797119, "noise_marginal_std_sum": 24.21041931382557, "pure_mf_cumulative_momentum_noise_variance": 0.0021672799376078107, "preconditioner_mean": 41.57420349121094, "preconditioner_change_relative": 0.009728265926241875, "denominator_lag_relative": 0.0, "block_age": 0}
{"step": 90, "epoch": 2, "step_seconds": 0.2620432209223509, "innovation_std_sum": 21.59206911797119, "noise_marginal_std_sum": 24.21041931382557, "pure_mf_cumulative_momentum_noise_variance": 0.0022410608166093097, "preconditioner_mean": 41.517269134521484, "preconditioner_change_relative": 0.008997809141874313, "denominator_lag_relative": 0.0, "block_age": 0}
{"step": 100, "epoch": 2, "step_seconds": 0.2644851319491863, "innovation_std_sum": 21.59206911797119, "noise_marginal_std_sum": 24.21041931382557, "pure_mf_cumulative_momentum_noise_variance": 0.0023149215907523183, "preconditioner_mean": 41.46733474731445, "preconditioner_change_relative": 0.007825374603271484, "denominator_lag_relative": 0.0, "block_age": 0}
{"step": 110, "epoch": 2, "step_seconds": 0.261944392696023, "innovation_std_sum": 21.59206911797119, "noise_marginal_std_sum": 24.21041931382557, "pure_mf_cumulative_momentum_noise_variance": 0.0023888139866287484, "preconditioner_mean": 41.423709869384766, "preconditioner_change_relative": 0.007216311525553465, "denominator_lag_relative": 0.0, "block_age": 0}
{"step": 120, "epoch": 2, "step_seconds": 0.2621927335858345, "innovation_std_sum": 21.59206911797119, "noise_marginal_std_sum": 24.21041931382557, "pure_mf_cumulative_momentum_noise_variance": 0.0024627187211308642, "preconditioner_mean": 41.387386322021484, "preconditioner_change_relative": 0.006610466632992029, "denominator_lag_relative": 0.0, "block_age": 0}
{"epoch": 2, "step": 124, "epsilon": 4.626744139901174, "accuracy": 0.745559917741634, "validation_loss": 0.611457437460702, "validation_examples": 5349}
{"step": 130, "epoch": 3, "step_seconds": 0.2611209247261286, "innovation_std_sum": 21.59206911797119, "noise_marginal_std_sum": 24.21041931382557, "pure_mf_cumulative_momentum_noise_variance": 0.002536628215652429, "preconditioner_mean": 41.353668212890625, "preconditioner_change_relative": 0.005714163184165955, "denominator_lag_relative": 0.0, "block_age": 0}
{"step": 140, "epoch": 3, "step_seconds": 0.27191149443387985, "innovation_std_sum": 21.59206911797119, "noise_marginal_std_sum": 24.21041931382557, "pure_mf_cumulative_momentum_noise_variance": 0.0026105395295261376, "preconditioner_mean": 41.31630325317383, "preconditioner_change_relative": 0.00571348937228322, "denominator_lag_relative": 0.0, "block_age": 0}
{"step": 150, "epoch": 3, "step_seconds": 0.12901344895362854, "innovation_std_sum": 21.59206911797119, "noise_marginal_std_sum": 24.21041931382557, "pure_mf_cumulative_momentum_noise_variance": 0.00268445153343158, "preconditioner_mean": 41.32346725463867, "preconditioner_change_relative": 0.005029044579714537, "denominator_lag_relative": 0.0, "block_age": 0}
{"step": 160, "epoch": 3, "step_seconds": 0.2623185906559229, "innovation_std_sum": 21.59206911797119, "noise_marginal_std_sum": 24.21041931382557, "pure_mf_cumulative_momentum_noise_variance": 0.0027583637973448275, "preconditioner_mean": 41.31653594970703, "preconditioner_change_relative": 0.004903058521449566, "denominator_lag_relative": 0.0, "block_age": 0}
{"step": 170, "epoch": 3, "step_seconds": 0.25722538866102695, "innovation_std_sum": 21.59206911797119, "noise_marginal_std_sum": 24.21041931382557, "pure_mf_cumulative_momentum_noise_variance": 0.002832276158684581, "preconditioner_mean": 41.29237365722656, "preconditioner_change_relative": 0.0045814295299351215, "denominator_lag_relative": 0.0, "block_age": 0}
{"step": 180, "epoch": 3, "step_seconds": 0.24993422254920006, "innovation_std_sum": 21.59206911797119, "noise_marginal_std_sum": 24.21041931382557, "pure_mf_cumulative_momentum_noise_variance": 0.0029061885563545016, "preconditioner_mean": 41.29195785522461, "preconditioner_change_relative": 0.004214766900986433, "denominator_lag_relative": 0.0, "block_age": 0}
{"epoch": 3, "step": 186, "epsilon": 5.883337114624349, "accuracy": 0.7730416900355207, "validation_loss": 0.6278817488291839, "validation_examples": 5349}
{"step": 190, "epoch": 4, "step_seconds": 0.2621154095977545, "innovation_std_sum": 21.59206911797119, "noise_marginal_std_sum": 24.21041931382557, "pure_mf_cumulative_momentum_noise_variance": 0.0029801009675147266, "preconditioner_mean": 41.262451171875, "preconditioner_change_relative": 0.004226177465170622, "denominator_lag_relative": 0.0, "block_age": 0}
{"step": 200, "epoch": 4, "step_seconds": 0.1766377780586481, "innovation_std_sum": 21.59206911797119, "noise_marginal_std_sum": 24.21041931382557, "pure_mf_cumulative_momentum_noise_variance": 0.003054013383665609, "preconditioner_mean": 41.25205612182617, "preconditioner_change_relative": 0.003984970506280661, "denominator_lag_relative": 0.0, "block_age": 0}
{"step": 210, "epoch": 4, "step_seconds": 0.2624197155237198, "innovation_std_sum": 21.59206911797119, "noise_marginal_std_sum": 24.21041931382557, "pure_mf_cumulative_momentum_noise_variance": 0.003127925801656653, "preconditioner_mean": 41.23236083984375, "preconditioner_change_relative": 0.0037509561516344547, "denominator_lag_relative": 0.0, "block_age": 0}
{"step": 220, "epoch": 4, "step_seconds": 0.18968422897160053, "innovation_std_sum": 21.59206911797119, "noise_marginal_std_sum": 24.21041931382557, "pure_mf_cumulative_momentum_noise_variance": 0.0032018382203242005, "preconditioner_mean": 41.226280212402344, "preconditioner_change_relative": 0.0035820207558572292, "denominator_lag_relative": 0.0, "block_age": 0}
{"step": 230, "epoch": 4, "step_seconds": 0.262300256639719, "innovation_std_sum": 21.59206911797119, "noise_marginal_std_sum": 24.21041931382557, "pure_mf_cumulative_momentum_noise_variance": 0.0032757506392397918, "preconditioner_mean": 41.23067092895508, "preconditioner_change_relative": 0.0034633935429155827, "denominator_lag_relative": 0.0, "block_age": 0}
{"step": 240, "epoch": 4, "step_seconds": 0.26188252680003643, "innovation_std_sum": 21.59206911797119, "noise_marginal_std_sum": 24.21041931382557, "pure_mf_cumulative_momentum_noise_variance": 0.0033496630582461086, "preconditioner_mean": 41.23698425292969, "preconditioner_change_relative": 0.0034420944284647703, "denominator_lag_relative": 0.0, "block_age": 0}
{"epoch": 4, "step": 248, "epsilon": 6.989802718757768, "accuracy": 0.7887455599177416, "validation_loss": 0.6154356532329531, "validation_examples": 5349}
{"step": 250, "epoch": 5, "step_seconds": 0.26257551088929176, "innovation_std_sum": 21.59206911797119, "noise_marginal_std_sum": 24.21041931382557, "pure_mf_cumulative_momentum_noise_variance": 0.00342357547728554, "preconditioner_mean": 41.210689544677734, "preconditioner_change_relative": 0.0033515621908009052, "denominator_lag_relative": 0.0, "block_age": 0}
{"step": 260, "epoch": 5, "step_seconds": 0.26692946814000607, "innovation_std_sum": 21.59206911797119, "noise_marginal_std_sum": 24.21041931382557, "pure_mf_cumulative_momentum_noise_variance": 0.003497487896337033, "preconditioner_mean": 41.20258331298828, "preconditioner_change_relative": 0.0030652994755655527, "denominator_lag_relative": 0.0, "block_age": 0}
{"step": 270, "epoch": 5, "step_seconds": 0.2625570707023144, "innovation_std_sum": 21.59206911797119, "noise_marginal_std_sum": 24.21041931382557, "pure_mf_cumulative_momentum_noise_variance": 0.0035714003153929108, "preconditioner_mean": 41.19883728027344, "preconditioner_change_relative": 0.003209164598956704, "denominator_lag_relative": 0.0, "block_age": 0}
{"step": 280, "epoch": 5, "step_seconds": 0.2627621106803417, "innovation_std_sum": 21.59206911797119, "noise_marginal_std_sum": 24.21041931382557, "pure_mf_cumulative_momentum_noise_variance": 0.0036453127344503807, "preconditioner_mean": 41.212982177734375, "preconditioner_change_relative": 0.002790954429656267, "denominator_lag_relative": 0.0, "block_age": 0}
{"step": 290, "epoch": 5, "step_seconds": 0.2621835879981518, "innovation_std_sum": 21.59206911797119, "noise_marginal_std_sum": 24.21041931382557, "pure_mf_cumulative_momentum_noise_variance": 0.0037192251535084274, "preconditioner_mean": 41.22208023071289, "preconditioner_change_relative": 0.0028767925687134266, "denominator_lag_relative": 0.0, "block_age": 0}
{"step": 300, "epoch": 5, "step_seconds": 0.2646500803530216, "innovation_std_sum": 21.59206911797119, "noise_marginal_std_sum": 24.21041931382557, "pure_mf_cumulative_momentum_noise_variance": 0.0037931375725666827, "preconditioner_mean": 41.23365783691406, "preconditioner_change_relative": 0.0026742005720734596, "denominator_lag_relative": 0.0, "block_age": 0}
{"step": 310, "epoch": 5, "step_seconds": 0.2643945198506117, "innovation_std_sum": 21.59206911797119, "noise_marginal_std_sum": 24.21041931382557, "pure_mf_cumulative_momentum_noise_variance": 0.0038670499916250134, "preconditioner_mean": 41.219329833984375, "preconditioner_change_relative": 0.0028699063695967197, "denominator_lag_relative": 0.0, "block_age": 0}
{"epoch": 5, "step": 310, "epsilon": 8.000000000000005, "accuracy": 0.7939801832118153, "validation_loss": 0.5955246593555928, "validation_examples": 5349}
