/home/longt29/miniconda3/envs/curve/lib/python3.11/site-packages/torchvision/datasets/cifar.py:83: VisibleDeprecationWarning: dtype(): align should be passed as Python or NumPy boolean but got `align=0`. Did you mean to pass a tuple to create a subarray type? (Deprecated NumPy 2.4)
  entry = pickle.load(f, encoding="latin1")
{"method": "dp-adam-iid", "smoke": false, "calibration": {"target_mu": 1.6660305978457184, "sensitivity": 2.23606797749979, "innovation_std_sum": 40.264590225254544, "adjacency": "add_remove_zero_out", "k": 5, "b_participation": 50, "sampling_amplification": false}, "coefficients": [1.0]}
sys:1: UserWarning: Full backward hook is firing when gradients are computed with respect to module outputs since no inputs require gradients. See https://docs.pytorch.org/docs/main/generated/torch.nn.Module.html#torch.nn.Module.register_full_backward_hook for more details.
{"progress_step": 10, "epoch": 1, "train_loss_so_far": 4.897754895019531, "clip_fraction_so_far": 1.0}
{"progress_step": 20, "epoch": 1, "train_loss_so_far": 4.744233227539063, "clip_fraction_so_far": 0.99995}
{"progress_step": 30, "epoch": 1, "train_loss_so_far": 4.634366674804688, "clip_fraction_so_far": 0.9999666666666667}
{"progress_step": 40, "epoch": 1, "train_loss_so_far": 4.539176083374024, "clip_fraction_so_far": 0.99995}
{"progress_step": 50, "epoch": 1, "train_loss_so_far": 4.444025877685547, "clip_fraction_so_far": 0.99996}
{"epoch": 1, "logical_steps": 50, "train_examples": 50000, "train_loss": 4.444025877685547, "test_loss": 3.8285359619140626, "test_top1": 0.1394, "clip_fraction": 0.99996, "gdp_mu": 0.7450715338755282, "gdp_epsilon": 3.1232925162148586, "target_mu": 1.6660305978457184, "target_epsilon": 8.0, "delta": 1e-05, "noise_std": 0.04026459022525455, "noise_std_space": "gradient", "innovation_std_sum": 40.264590225254544, "augmentation_trace_sha256": "db128d4a1343574879305bd7fd9c871dc5c311f5ff649a0060d9cbec7269e61a", "seconds": 146.5457005891949}
{"progress_step": 60, "epoch": 2, "train_loss_so_far": 3.8114099609375, "clip_fraction_so_far": 1.0}
{"progress_step": 70, "epoch": 2, "train_loss_so_far": 3.7074900451660158, "clip_fraction_so_far": 0.99965}
{"progress_step": 80, "epoch": 2, "train_loss_so_far": 3.60314716796875, "clip_fraction_so_far": 0.9989}
{"progress_step": 90, "epoch": 2, "train_loss_so_far": 3.510389471435547, "clip_fraction_so_far": 0.998175}
{"progress_step": 100, "epoch": 2, "train_loss_so_far": 3.423329619140625, "clip_fraction_so_far": 0.99746}
{"epoch": 2, "logical_steps": 100, "train_examples": 50000, "train_loss": 3.423329619140625, "test_loss": 2.7300876892089843, "test_top1": 0.3395, "clip_fraction": 0.99746, "gdp_mu": 1.0536902681448967, "gdp_epsilon": 4.650921021133024, "target_mu": 1.6660305978457184, "target_epsilon": 8.0, "delta": 1e-05, "noise_std": 0.04026459022525455, "noise_std_space": "gradient", "innovation_std_sum": 40.264590225254544, "augmentation_trace_sha256": "03651116c9ec63a0c1efa3312b63111d95a813469ddfa8bd0cb6a0a13c9a6bfa", "seconds": 140.0726682730019}
{"progress_step": 110, "epoch": 3, "train_loss_so_far": 2.9135748779296873, "clip_fraction_so_far": 0.9917}
{"progress_step": 120, "epoch": 3, "train_loss_so_far": 2.8489030395507813, "clip_fraction_so_far": 0.99095}
{"progress_step": 130, "epoch": 3, "train_loss_so_far": 2.791857234700521, "clip_fraction_so_far": 0.9885}
{"progress_step": 140, "epoch": 3, "train_loss_so_far": 2.7451538055419924, "clip_fraction_so_far": 0.986025}
{"progress_step": 150, "epoch": 3, "train_loss_so_far": 2.7004559252929687, "clip_fraction_so_far": 0.98378}
{"epoch": 3, "logical_steps": 150, "train_examples": 50000, "train_loss": 2.7004559252929687, "test_loss": 2.109105059814453, "test_top1": 0.4784, "clip_fraction": 0.98378, "gdp_mu": 1.2905017519456905, "gdp_epsilon": 5.897172094191148, "target_mu": 1.6660305978457184, "target_epsilon": 8.0, "delta": 1e-05, "noise_std": 0.04026459022525455, "noise_std_space": "gradient", "innovation_std_sum": 40.264590225254544, "augmentation_trace_sha256": "10b7e3f22012f12bb1f8ccdc6a4834b26ac8b1f122b0057e5d43453424ed57bd", "seconds": 141.43155083060265}
{"progress_step": 160, "epoch": 4, "train_loss_so_far": 2.4271869079589843, "clip_fraction_so_far": 0.9661}
{"progress_step": 170, "epoch": 4, "train_loss_so_far": 2.3847745788574217, "clip_fraction_so_far": 0.9637}
{"progress_step": 180, "epoch": 4, "train_loss_so_far": 2.3464334818522135, "clip_fraction_so_far": 0.9598}
{"progress_step": 190, "epoch": 4, "train_loss_so_far": 2.3222333129882813, "clip_fraction_so_far": 0.955425}
{"progress_step": 200, "epoch": 4, "train_loss_so_far": 2.2986350915527343, "clip_fraction_so_far": 0.95158}
{"epoch": 4, "logical_steps": 200, "train_examples": 50000, "train_loss": 2.2986350915527343, "test_loss": 1.7362939666748047, "test_top1": 0.5554, "clip_fraction": 0.95158, "gdp_mu": 1.4901430677510563, "gdp_epsilon": 6.99603315708177, "target_mu": 1.6660305978457184, "target_epsilon": 8.0, "delta": 1e-05, "noise_std": 0.04026459022525455, "noise_std_space": "gradient", "innovation_std_sum": 40.264590225254544, "augmentation_trace_sha256": "199e2a862d99af89935337af169ac888112cbec8ce4bd69ccfaa9819477d6970", "seconds": 138.3395525328815}
{"progress_step": 210, "epoch": 5, "train_loss_so_far": 2.1242364837646486, "clip_fraction_so_far": 0.9187}
{"progress_step": 220, "epoch": 5, "train_loss_so_far": 2.1053571197509764, "clip_fraction_so_far": 0.919}
{"progress_step": 230, "epoch": 5, "train_loss_so_far": 2.09110703125, "clip_fraction_so_far": 0.9162333333333333}
{"progress_step": 240, "epoch": 5, "train_loss_so_far": 2.0758551094055178, "clip_fraction_so_far": 0.912675}
{"progress_step": 250, "epoch": 5, "train_loss_so_far": 2.0672893896484377, "clip_fraction_so_far": 0.91002}
{"epoch": 5, "logical_steps": 250, "train_examples": 50000, "train_loss": 2.0672893896484377, "test_loss": 1.5167996520996094, "test_top1": 0.6028, "clip_fraction": 0.91002, "gdp_mu": 1.6660305978457186, "gdp_epsilon": 8.000000000000007, "target_mu": 1.6660305978457184, "target_epsilon": 8.0, "delta": 1e-05, "noise_std": 0.04026459022525455, "noise_std_space": "gradient", "innovation_std_sum": 40.264590225254544, "augmentation_trace_sha256": "2d8f99d54707bcf3a169f1187e9c925ce2c93dedb2c026b991c387c233b89402", "seconds": 141.98876317217946}
{"status": "completed", "results": "/media/data/data/lt/dp-adam-correlated/exp7b/results/final/trials/1d2ef2bc5765cfa9"}
