Loading weights:   0%|          | 0/39 [00:00<?, ?it/s]Loading weights: 100%|██████████| 39/39 [00:00<00:00, 20239.77it/s]
[transformers] [1mBertModel LOAD REPORT[0m from: /media/data/data/lt/dp-adam-correlated/cache/bert-tiny
Key                                        | Status     |  | 
-------------------------------------------+------------+--+-
cls.seq_relationship.bias                  | UNEXPECTED |  | 
cls.predictions.bias                       | UNEXPECTED |  | 
cls.predictions.decoder.weight             | UNEXPECTED |  | 
cls.predictions.transform.LayerNorm.bias   | UNEXPECTED |  | 
cls.predictions.transform.dense.weight     | UNEXPECTED |  | 
cls.predictions.transform.LayerNorm.weight | UNEXPECTED |  | 
cls.seq_relationship.weight                | UNEXPECTED |  | 
cls.predictions.transform.dense.bias       | UNEXPECTED |  | 
cls.predictions.decoder.bias               | UNEXPECTED |  | 

Notes:
- UNEXPECTED:	can be ignored when loading from different task/architecture; not ok if you expect identical arch.
sys:1: UserWarning: Full backward hook is firing when gradients are computed with respect to module outputs since no inputs require gradients. See https://docs.pytorch.org/docs/main/generated/torch.nn.Module.html#torch.nn.Module.register_full_backward_hook for more details.
{"step": 10, "epoch": 1, "step_seconds": 0.2698518205434084, "innovation_std_sum": 50.227445158855346, "noise_marginal_std_sum": 58.66324369556456, "pure_mf_cumulative_momentum_noise_variance": 0.007230977455824586, "preconditioner_mean": 19.445194244384766, "preconditioner_change_relative": 0.0, "denominator_lag_relative": 0.05449323356151581, "block_age": 1}
{"step": 20, "epoch": 1, "step_seconds": 0.26675659231841564, "innovation_std_sum": 50.227445158855346, "noise_marginal_std_sum": 58.66324369556456, "pure_mf_cumulative_momentum_noise_variance": 0.007376311466178823, "preconditioner_mean": 18.14829444885254, "preconditioner_change_relative": 0.0, "denominator_lag_relative": 0.024938885122537613, "block_age": 1}
{"step": 30, "epoch": 1, "step_seconds": 0.26716863736510277, "innovation_std_sum": 50.227445158855346, "noise_marginal_std_sum": 58.66324369556456, "pure_mf_cumulative_momentum_noise_variance": 0.007517408294879371, "preconditioner_mean": 17.77959442138672, "preconditioner_change_relative": 0.0, "denominator_lag_relative": 0.017024880275130272, "block_age": 1}
{"step": 40, "epoch": 1, "step_seconds": 0.27061712369322777, "innovation_std_sum": 50.227445158855346, "noise_marginal_std_sum": 58.66324369556456, "pure_mf_cumulative_momentum_noise_variance": 0.0077117104739662665, "preconditioner_mean": 17.579723358154297, "preconditioner_change_relative": 0.0, "denominator_lag_relative": 0.012964562512934208, "block_age": 1}
{"step": 50, "epoch": 1, "step_seconds": 0.2695751916617155, "innovation_std_sum": 50.227445158855346, "noise_marginal_std_sum": 58.66324369556456, "pure_mf_cumulative_momentum_noise_variance": 0.007935605328190057, "preconditioner_mean": 17.492130279541016, "preconditioner_change_relative": 0.0, "denominator_lag_relative": 0.010094545781612396, "block_age": 1}
{"step": 60, "epoch": 1, "step_seconds": 0.26692504063248634, "innovation_std_sum": 50.227445158855346, "noise_marginal_std_sum": 58.66324369556456, "pure_mf_cumulative_momentum_noise_variance": 0.008173303088437738, "preconditioner_mean": 17.414091110229492, "preconditioner_change_relative": 0.0, "denominator_lag_relative": 0.008399699814617634, "block_age": 1}
{"epoch": 1, "step": 62, "epsilon": 3.054089440266451, "accuracy": 0.557861282482707, "validation_loss": 0.6872656025782236, "validation_examples": 5349}
{"step": 70, "epoch": 2, "step_seconds": 0.2681017629802227, "innovation_std_sum": 50.227445158855346, "noise_marginal_std_sum": 58.66324369556456, "pure_mf_cumulative_momentum_noise_variance": 0.008417012722017923, "preconditioner_mean": 17.35821533203125, "preconditioner_change_relative": 0.0, "denominator_lag_relative": 0.007309718988835812, "block_age": 1}
{"step": 80, "epoch": 2, "step_seconds": 0.2698746155947447, "innovation_std_sum": 50.227445158855346, "noise_marginal_std_sum": 58.66324369556456, "pure_mf_cumulative_momentum_noise_variance": 0.008663237273777165, "preconditioner_mean": 17.30699348449707, "preconditioner_change_relative": 0.0, "denominator_lag_relative": 0.00645894929766655, "block_age": 1}
{"step": 90, "epoch": 2, "step_seconds": 0.2679338939487934, "innovation_std_sum": 50.227445158855346, "noise_marginal_std_sum": 58.66324369556456, "pure_mf_cumulative_momentum_noise_variance": 0.008910485074997827, "preconditioner_mean": 17.278486251831055, "preconditioner_change_relative": 0.0, "denominator_lag_relative": 0.005894885864108801, "block_age": 1}
{"step": 100, "epoch": 2, "step_seconds": 0.26831301487982273, "innovation_std_sum": 50.227445158855346, "noise_marginal_std_sum": 58.66324369556456, "pure_mf_cumulative_momentum_noise_variance": 0.00915814076813361, "preconditioner_mean": 17.240509033203125, "preconditioner_change_relative": 0.0, "denominator_lag_relative": 0.005075972061604261, "block_age": 1}
{"step": 110, "epoch": 2, "step_seconds": 0.26789021119475365, "innovation_std_sum": 50.227445158855346, "noise_marginal_std_sum": 58.66324369556456, "pure_mf_cumulative_momentum_noise_variance": 0.009405956517728105, "preconditioner_mean": 17.22531509399414, "preconditioner_change_relative": 0.0, "denominator_lag_relative": 0.004699076525866985, "block_age": 1}
{"step": 120, "epoch": 2, "step_seconds": 0.26825156435370445, "innovation_std_sum": 50.227445158855346, "noise_marginal_std_sum": 58.66324369556456, "pure_mf_cumulative_momentum_noise_variance": 0.009653834295795199, "preconditioner_mean": 17.209257125854492, "preconditioner_change_relative": 0.0, "denominator_lag_relative": 0.004426955245435238, "block_age": 1}
{"epoch": 2, "step": 124, "epsilon": 4.610238743691153, "accuracy": 0.5679566274069919, "validation_loss": 0.6783446944702628, "validation_examples": 5349}
{"step": 130, "epoch": 3, "step_seconds": 0.26838834024965763, "innovation_std_sum": 50.227445158855346, "noise_marginal_std_sum": 58.66324369556456, "pure_mf_cumulative_momentum_noise_variance": 0.00990173587103549, "preconditioner_mean": 17.192201614379883, "preconditioner_change_relative": 0.0, "denominator_lag_relative": 0.003895434085279703, "block_age": 1}
{"step": 140, "epoch": 3, "step_seconds": 0.26805887930095196, "innovation_std_sum": 50.227445158855346, "noise_marginal_std_sum": 58.66324369556456, "pure_mf_cumulative_momentum_noise_variance": 0.01014964650023029, "preconditioner_mean": 17.1711368560791, "preconditioner_change_relative": 0.0, "denominator_lag_relative": 0.003906267695128918, "block_age": 1}
{"step": 150, "epoch": 3, "step_seconds": 0.2677521016448736, "innovation_std_sum": 50.227445158855346, "noise_marginal_std_sum": 58.66324369556456, "pure_mf_cumulative_momentum_noise_variance": 0.01039756055008836, "preconditioner_mean": 17.171171188354492, "preconditioner_change_relative": 0.0, "denominator_lag_relative": 0.00349230132997036, "block_age": 1}
{"step": 160, "epoch": 3, "step_seconds": 0.2684806492179632, "innovation_std_sum": 50.227445158855346, "noise_marginal_std_sum": 58.66324369556456, "pure_mf_cumulative_momentum_noise_variance": 0.010645475884620899, "preconditioner_mean": 17.165067672729492, "preconditioner_change_relative": 0.0, "denominator_lag_relative": 0.0033104082103818655, "block_age": 1}
{"step": 170, "epoch": 3, "step_seconds": 0.26800950802862644, "innovation_std_sum": 50.227445158855346, "noise_marginal_std_sum": 58.66324369556456, "pure_mf_cumulative_momentum_noise_variance": 0.010893391699157344, "preconditioner_mean": 17.155725479125977, "preconditioner_change_relative": 0.0, "denominator_lag_relative": 0.003127005649730563, "block_age": 1}
{"step": 180, "epoch": 3, "step_seconds": 0.26849217154085636, "innovation_std_sum": 50.227445158855346, "noise_marginal_std_sum": 58.66324369556456, "pure_mf_cumulative_momentum_noise_variance": 0.011141307692241408, "preconditioner_mean": 17.15054702758789, "preconditioner_change_relative": 0.0, "denominator_lag_relative": 0.002895793877542019, "block_age": 1}
{"epoch": 3, "step": 186, "epsilon": 5.873890881586911, "accuracy": 0.56608711908768, "validation_loss": 0.6769091331038347, "validation_examples": 5349}
{"step": 190, "epoch": 4, "step_seconds": 0.26725430600345135, "innovation_std_sum": 50.227445158855346, "noise_marginal_std_sum": 58.66324369556456, "pure_mf_cumulative_momentum_noise_variance": 0.011389223751479615, "preconditioner_mean": 17.143413543701172, "preconditioner_change_relative": 0.0, "denominator_lag_relative": 0.0027689554262906313, "block_age": 1}
{"step": 200, "epoch": 4, "step_seconds": 0.2675197646021843, "innovation_std_sum": 50.227445158855346, "noise_marginal_std_sum": 58.66324369556456, "pure_mf_cumulative_momentum_noise_variance": 0.011637139835143646, "preconditioner_mean": 17.14149284362793, "preconditioner_change_relative": 0.0, "denominator_lag_relative": 0.0026575769297778606, "block_age": 1}
{"step": 210, "epoch": 4, "step_seconds": 0.27107422426342964, "innovation_std_sum": 50.227445158855346, "noise_marginal_std_sum": 58.66324369556456, "pure_mf_cumulative_momentum_noise_variance": 0.011885055927798401, "preconditioner_mean": 17.13127326965332, "preconditioner_change_relative": 0.0, "denominator_lag_relative": 0.0024773513432592154, "block_age": 1}
{"step": 220, "epoch": 4, "step_seconds": 0.26771538332104683, "innovation_std_sum": 50.227445158855346, "noise_marginal_std_sum": 58.66324369556456, "pure_mf_cumulative_momentum_noise_variance": 0.01213297202375328, "preconditioner_mean": 17.123397827148438, "preconditioner_change_relative": 0.0, "denominator_lag_relative": 0.002423874568194151, "block_age": 1}
{"step": 230, "epoch": 4, "step_seconds": 0.2685668282210827, "innovation_std_sum": 50.227445158855346, "noise_marginal_std_sum": 58.66324369556456, "pure_mf_cumulative_momentum_noise_variance": 0.012380888120916466, "preconditioner_mean": 17.12504768371582, "preconditioner_change_relative": 0.0, "denominator_lag_relative": 0.0023712916299700737, "block_age": 1}
{"step": 240, "epoch": 4, "step_seconds": 0.26833590865135193, "innovation_std_sum": 50.227445158855346, "noise_marginal_std_sum": 58.66324369556456, "pure_mf_cumulative_momentum_noise_variance": 0.012628804218521049, "preconditioner_mean": 17.12612533569336, "preconditioner_change_relative": 0.0, "denominator_lag_relative": 0.0022860306780785322, "block_age": 1}
{"epoch": 4, "step": 248, "epsilon": 6.985551657770655, "accuracy": 0.5773041690035521, "validation_loss": 0.6712791298812607, "validation_examples": 5349}
{"step": 250, "epoch": 5, "step_seconds": 0.17329796962440014, "innovation_std_sum": 50.227445158855346, "noise_marginal_std_sum": 58.66324369556456, "pure_mf_cumulative_momentum_noise_variance": 0.012876720316286555, "preconditioner_mean": 17.115821838378906, "preconditioner_change_relative": 0.0, "denominator_lag_relative": 0.002257194370031357, "block_age": 1}
{"step": 260, "epoch": 5, "step_seconds": 0.12910879030823708, "innovation_std_sum": 50.227445158855346, "noise_marginal_std_sum": 58.66324369556456, "pure_mf_cumulative_momentum_noise_variance": 0.013124636414110605, "preconditioner_mean": 17.110679626464844, "preconditioner_change_relative": 0.0, "denominator_lag_relative": 0.002113050315529108, "block_age": 1}
{"step": 270, "epoch": 5, "step_seconds": 0.2677032556384802, "innovation_std_sum": 50.227445158855346, "noise_marginal_std_sum": 58.66324369556456, "pure_mf_cumulative_momentum_noise_variance": 0.013372552511955921, "preconditioner_mean": 17.1094970703125, "preconditioner_change_relative": 0.0, "denominator_lag_relative": 0.0021171800326555967, "block_age": 1}
{"step": 280, "epoch": 5, "step_seconds": 0.2659247759729624, "innovation_std_sum": 50.227445158855346, "noise_marginal_std_sum": 58.66324369556456, "pure_mf_cumulative_momentum_noise_variance": 0.01362046860980895, "preconditioner_mean": 17.11223793029785, "preconditioner_change_relative": 0.0, "denominator_lag_relative": 0.0019401550525799394, "block_age": 1}
{"step": 290, "epoch": 5, "step_seconds": 0.26708520762622356, "innovation_std_sum": 50.227445158855346, "noise_marginal_std_sum": 58.66324369556456, "pure_mf_cumulative_momentum_noise_variance": 0.013868384707664771, "preconditioner_mean": 17.115514755249023, "preconditioner_change_relative": 0.0, "denominator_lag_relative": 0.0019648883026093245, "block_age": 1}
{"step": 300, "epoch": 5, "step_seconds": 0.26763224601745605, "innovation_std_sum": 50.227445158855346, "noise_marginal_std_sum": 58.66324369556456, "pure_mf_cumulative_momentum_noise_variance": 0.01411630080552161, "preconditioner_mean": 17.11684799194336, "preconditioner_change_relative": 0.0, "denominator_lag_relative": 0.001877336297184229, "block_age": 1}
{"step": 310, "epoch": 5, "step_seconds": 0.26581053994596004, "innovation_std_sum": 50.227445158855346, "noise_marginal_std_sum": 58.66324369556456, "pure_mf_cumulative_momentum_noise_variance": 0.014364216903378801, "preconditioner_mean": 17.11137580871582, "preconditioner_change_relative": 0.0, "denominator_lag_relative": 0.0018566538346931338, "block_age": 1}
{"epoch": 5, "step": 310, "epsilon": 8.000000000000005, "accuracy": 0.5844083006169377, "validation_loss": 0.6712593931553631, "validation_examples": 5349}
