Loading weights:   0%|          | 0/39 [00:00<?, ?it/s]Loading weights: 100%|██████████| 39/39 [00:00<00:00, 25298.15it/s]
[transformers] [1mBertModel LOAD REPORT[0m from: /media/data/data/lt/dp-adam-correlated/cache/bert-tiny
Key                                        | Status     |  | 
-------------------------------------------+------------+--+-
cls.predictions.bias                       | UNEXPECTED |  | 
cls.predictions.transform.LayerNorm.bias   | UNEXPECTED |  | 
cls.seq_relationship.bias                  | UNEXPECTED |  | 
cls.predictions.decoder.bias               | UNEXPECTED |  | 
cls.predictions.decoder.weight             | UNEXPECTED |  | 
cls.seq_relationship.weight                | UNEXPECTED |  | 
cls.predictions.transform.LayerNorm.weight | UNEXPECTED |  | 
cls.predictions.transform.dense.bias       | UNEXPECTED |  | 
cls.predictions.transform.dense.weight     | UNEXPECTED |  | 

Notes:
- UNEXPECTED:	can be ignored when loading from different task/architecture; not ok if you expect identical arch.
sys:1: UserWarning: Full backward hook is firing when gradients are computed with respect to module outputs since no inputs require gradients. See https://docs.pytorch.org/docs/main/generated/torch.nn.Module.html#torch.nn.Module.register_full_backward_hook for more details.
{"step": 10, "epoch": 1, "step_seconds": 0.26973125897347927, "innovation_std_sum": 25.113722579427673, "noise_marginal_std_sum": 29.33162184778228, "pure_mf_cumulative_momentum_noise_variance": 0.0018077443639561465, "preconditioner_mean": 228.49560546875, "preconditioner_change_relative": 0.0, "denominator_lag_relative": 0.5054402351379395, "block_age": 9}
{"step": 20, "epoch": 1, "step_seconds": 0.26024784334003925, "innovation_std_sum": 25.113722579427673, "noise_marginal_std_sum": 29.33162184778228, "pure_mf_cumulative_momentum_noise_variance": 0.0018440778665447057, "preconditioner_mean": 37.65785598754883, "preconditioner_change_relative": 0.0, "denominator_lag_relative": 0.12600566446781158, "block_age": 9}
{"step": 30, "epoch": 1, "step_seconds": 0.26266825944185257, "innovation_std_sum": 25.113722579427673, "noise_marginal_std_sum": 29.33162184778228, "pure_mf_cumulative_momentum_noise_variance": 0.0018793520737198427, "preconditioner_mean": 35.86588668823242, "preconditioner_change_relative": 0.0, "denominator_lag_relative": 0.07566377520561218, "block_age": 9}
{"step": 40, "epoch": 1, "step_seconds": 0.2618159241974354, "innovation_std_sum": 25.113722579427673, "noise_marginal_std_sum": 29.33162184778228, "pure_mf_cumulative_momentum_noise_variance": 0.0019279276184915666, "preconditioner_mean": 35.30328369140625, "preconditioner_change_relative": 0.0, "denominator_lag_relative": 0.054625142365694046, "block_age": 9}
{"step": 50, "epoch": 1, "step_seconds": 0.25721939094364643, "innovation_std_sum": 25.113722579427673, "noise_marginal_std_sum": 29.33162184778228, "pure_mf_cumulative_momentum_noise_variance": 0.001983901332047514, "preconditioner_mean": 34.94458770751953, "preconditioner_change_relative": 0.0, "denominator_lag_relative": 0.041227396577596664, "block_age": 9}
{"step": 60, "epoch": 1, "step_seconds": 0.25683196634054184, "innovation_std_sum": 25.113722579427673, "noise_marginal_std_sum": 29.33162184778228, "pure_mf_cumulative_momentum_noise_variance": 0.0020433257721094345, "preconditioner_mean": 34.841304779052734, "preconditioner_change_relative": 0.0, "denominator_lag_relative": 0.03469226509332657, "block_age": 9}
{"epoch": 1, "step": 62, "epsilon": 3.054089440266451, "accuracy": 0.5573004299869134, "validation_loss": 0.6797745255894428, "validation_examples": 5349}
{"step": 70, "epoch": 2, "step_seconds": 0.2615206427872181, "innovation_std_sum": 25.113722579427673, "noise_marginal_std_sum": 29.33162184778228, "pure_mf_cumulative_momentum_noise_variance": 0.0021042531805044807, "preconditioner_mean": 34.69863510131836, "preconditioner_change_relative": 0.0, "denominator_lag_relative": 0.029110239818692207, "block_age": 9}
{"step": 80, "epoch": 2, "step_seconds": 0.2636445313692093, "innovation_std_sum": 25.113722579427673, "noise_marginal_std_sum": 29.33162184778228, "pure_mf_cumulative_momentum_noise_variance": 0.002165809318444291, "preconditioner_mean": 34.601715087890625, "preconditioner_change_relative": 0.0, "denominator_lag_relative": 0.02514255978167057, "block_age": 9}
{"step": 90, "epoch": 2, "step_seconds": 0.26023031771183014, "innovation_std_sum": 25.113722579427673, "noise_marginal_std_sum": 29.33162184778228, "pure_mf_cumulative_momentum_noise_variance": 0.0022276212687494567, "preconditioner_mean": 34.48533248901367, "preconditioner_change_relative": 0.0, "denominator_lag_relative": 0.02227913960814476, "block_age": 9}
{"step": 100, "epoch": 2, "step_seconds": 0.2654983941465616, "innovation_std_sum": 25.113722579427673, "noise_marginal_std_sum": 29.33162184778228, "pure_mf_cumulative_momentum_noise_variance": 0.0022895351920334023, "preconditioner_mean": 34.44865036010742, "preconditioner_change_relative": 0.0, "denominator_lag_relative": 0.020500024780631065, "block_age": 9}
{"step": 110, "epoch": 2, "step_seconds": 0.2688507027924061, "innovation_std_sum": 25.113722579427673, "noise_marginal_std_sum": 29.33162184778228, "pure_mf_cumulative_momentum_noise_variance": 0.0023514891294320263, "preconditioner_mean": 34.39957046508789, "preconditioner_change_relative": 0.0, "denominator_lag_relative": 0.018463293090462685, "block_age": 9}
{"step": 120, "epoch": 2, "step_seconds": 0.26117492839694023, "innovation_std_sum": 25.113722579427673, "noise_marginal_std_sum": 29.33162184778228, "pure_mf_cumulative_momentum_noise_variance": 0.0024134585739487998, "preconditioner_mean": 34.37460708618164, "preconditioner_change_relative": 0.0, "denominator_lag_relative": 0.01671477034687996, "block_age": 9}
{"epoch": 2, "step": 124, "epsilon": 4.610238743691153, "accuracy": 0.5692652832305104, "validation_loss": 0.6831425887710648, "validation_examples": 5349}
{"step": 130, "epoch": 3, "step_seconds": 0.2504589632153511, "innovation_std_sum": 25.113722579427673, "noise_marginal_std_sum": 29.33162184778228, "pure_mf_cumulative_momentum_noise_variance": 0.0024754339677588726, "preconditioner_mean": 34.31420135498047, "preconditioner_change_relative": 0.0, "denominator_lag_relative": 0.01551972795277834, "block_age": 9}
{"step": 140, "epoch": 3, "step_seconds": 0.26255522295832634, "innovation_std_sum": 25.113722579427673, "noise_marginal_std_sum": 29.33162184778228, "pure_mf_cumulative_momentum_noise_variance": 0.0025374116250575724, "preconditioner_mean": 34.29846954345703, "preconditioner_change_relative": 0.0, "denominator_lag_relative": 0.01512808445841074, "block_age": 9}
{"step": 150, "epoch": 3, "step_seconds": 0.26709994301199913, "innovation_std_sum": 25.113722579427673, "noise_marginal_std_sum": 29.33162184778228, "pure_mf_cumulative_momentum_noise_variance": 0.00259939013752209, "preconditioner_mean": 34.2628059387207, "preconditioner_change_relative": 0.0, "denominator_lag_relative": 0.013570593670010567, "block_age": 9}
{"step": 160, "epoch": 3, "step_seconds": 0.2620369251817465, "innovation_std_sum": 25.113722579427673, "noise_marginal_std_sum": 29.33162184778228, "pure_mf_cumulative_momentum_noise_variance": 0.0026613689711552247, "preconditioner_mean": 34.26298141479492, "preconditioner_change_relative": 0.0, "denominator_lag_relative": 0.01282851118594408, "block_age": 9}
{"step": 170, "epoch": 3, "step_seconds": 0.26641012355685234, "innovation_std_sum": 25.113722579427673, "noise_marginal_std_sum": 29.33162184778228, "pure_mf_cumulative_momentum_noise_variance": 0.002723347924789336, "preconditioner_mean": 34.25829315185547, "preconditioner_change_relative": 0.0, "denominator_lag_relative": 0.012190253473818302, "block_age": 9}
{"step": 180, "epoch": 3, "step_seconds": 0.2642518933862448, "innovation_std_sum": 25.113722579427673, "noise_marginal_std_sum": 29.33162184778228, "pure_mf_cumulative_momentum_noise_variance": 0.002785326923060352, "preconditioner_mean": 34.23788070678711, "preconditioner_change_relative": 0.0, "denominator_lag_relative": 0.011389254592359066, "block_age": 9}
{"epoch": 3, "step": 186, "epsilon": 5.873890881586911, "accuracy": 0.5778650214993457, "validation_loss": 0.6836593094485388, "validation_examples": 5349}
{"step": 190, "epoch": 4, "step_seconds": 0.2621921207755804, "innovation_std_sum": 25.113722579427673, "noise_marginal_std_sum": 29.33162184778228, "pure_mf_cumulative_momentum_noise_variance": 0.0028473059378699038, "preconditioner_mean": 34.229766845703125, "preconditioner_change_relative": 0.0, "denominator_lag_relative": 0.011067365296185017, "block_age": 9}
{"step": 200, "epoch": 4, "step_seconds": 0.2626372966915369, "innovation_std_sum": 25.113722579427673, "noise_marginal_std_sum": 29.33162184778228, "pure_mf_cumulative_momentum_noise_variance": 0.0029092849587859116, "preconditioner_mean": 34.22031784057617, "preconditioner_change_relative": 0.0, "denominator_lag_relative": 0.010476580820977688, "block_age": 9}
{"step": 210, "epoch": 4, "step_seconds": 0.26836846955120564, "innovation_std_sum": 25.113722579427673, "noise_marginal_std_sum": 29.33162184778228, "pure_mf_cumulative_momentum_noise_variance": 0.0029712639819496002, "preconditioner_mean": 34.2088508605957, "preconditioner_change_relative": 0.0, "denominator_lag_relative": 0.009817777201533318, "block_age": 9}
{"step": 220, "epoch": 4, "step_seconds": 0.2666185460984707, "innovation_std_sum": 25.113722579427673, "noise_marginal_std_sum": 29.33162184778228, "pure_mf_cumulative_momentum_noise_variance": 0.00303324300593832, "preconditioner_mean": 34.194908142089844, "preconditioner_change_relative": 0.0, "denominator_lag_relative": 0.009407746605575085, "block_age": 9}
{"step": 230, "epoch": 4, "step_seconds": 0.26253077760338783, "innovation_std_sum": 25.113722579427673, "noise_marginal_std_sum": 29.33162184778228, "pure_mf_cumulative_momentum_noise_variance": 0.0030952220302291164, "preconditioner_mean": 34.17837142944336, "preconditioner_change_relative": 0.0, "denominator_lag_relative": 0.008883653208613396, "block_age": 9}
{"step": 240, "epoch": 4, "step_seconds": 0.26306387037038803, "innovation_std_sum": 25.113722579427673, "noise_marginal_std_sum": 29.33162184778228, "pure_mf_cumulative_momentum_noise_variance": 0.0031572010546302622, "preconditioner_mean": 34.17531967163086, "preconditioner_change_relative": 0.0, "denominator_lag_relative": 0.008655627258121967, "block_age": 9}
{"epoch": 4, "step": 248, "epsilon": 6.985551657770655, "accuracy": 0.6072163021125444, "validation_loss": 0.6804939615189372, "validation_examples": 5349}
{"step": 250, "epoch": 5, "step_seconds": 0.2628790158778429, "innovation_std_sum": 25.113722579427673, "noise_marginal_std_sum": 29.33162184778228, "pure_mf_cumulative_momentum_noise_variance": 0.003219180079071639, "preconditioner_mean": 34.18602752685547, "preconditioner_change_relative": 0.0, "denominator_lag_relative": 0.008360329084098339, "block_age": 9}
{"step": 260, "epoch": 5, "step_seconds": 0.2675304990261793, "innovation_std_sum": 25.113722579427673, "noise_marginal_std_sum": 29.33162184778228, "pure_mf_cumulative_momentum_noise_variance": 0.0032811591035276514, "preconditioner_mean": 34.16300582885742, "preconditioner_change_relative": 0.0, "denominator_lag_relative": 0.008000736124813557, "block_age": 9}
{"step": 270, "epoch": 5, "step_seconds": 0.26755024679005146, "innovation_std_sum": 25.113722579427673, "noise_marginal_std_sum": 29.33162184778228, "pure_mf_cumulative_momentum_noise_variance": 0.0033431381279889804, "preconditioner_mean": 34.16044998168945, "preconditioner_change_relative": 0.0, "denominator_lag_relative": 0.008100328035652637, "block_age": 9}
{"step": 280, "epoch": 5, "step_seconds": 0.2674316093325615, "innovation_std_sum": 25.113722579427673, "noise_marginal_std_sum": 29.33162184778228, "pure_mf_cumulative_momentum_noise_variance": 0.0034051171524522375, "preconditioner_mean": 34.15938186645508, "preconditioner_change_relative": 0.0, "denominator_lag_relative": 0.007514582946896553, "block_age": 9}
{"step": 290, "epoch": 5, "step_seconds": 0.26792349107563496, "innovation_std_sum": 25.113722579427673, "noise_marginal_std_sum": 29.33162184778228, "pure_mf_cumulative_momentum_noise_variance": 0.003467096176916193, "preconditioner_mean": 34.16973876953125, "preconditioner_change_relative": 0.0, "denominator_lag_relative": 0.007454431150108576, "block_age": 9}
{"step": 300, "epoch": 5, "step_seconds": 0.26315597631037235, "innovation_std_sum": 25.113722579427673, "noise_marginal_std_sum": 29.33162184778228, "pure_mf_cumulative_momentum_noise_variance": 0.0035290752013804024, "preconditioner_mean": 34.17227554321289, "preconditioner_change_relative": 0.0, "denominator_lag_relative": 0.006983669940382242, "block_age": 9}
{"step": 310, "epoch": 5, "step_seconds": 0.2610727157443762, "innovation_std_sum": 25.113722579427673, "noise_marginal_std_sum": 29.33162184778228, "pure_mf_cumulative_momentum_noise_variance": 0.0035910542258447004, "preconditioner_mean": 34.17162322998047, "preconditioner_change_relative": 0.0, "denominator_lag_relative": 0.006910575553774834, "block_age": 9}
{"epoch": 5, "step": 310, "epsilon": 8.000000000000005, "accuracy": 0.6264722378014582, "validation_loss": 0.6637778211740896, "validation_examples": 5349}
