Loading weights:   0%|          | 0/39 [00:00<?, ?it/s]Loading weights: 100%|██████████| 39/39 [00:00<00:00, 3788.45it/s]
[transformers] [1mBertModel LOAD REPORT[0m from: /media/data/data/lt/dp-adam-correlated/cache/bert-tiny
Key                                        | Status     |  | 
-------------------------------------------+------------+--+-
cls.predictions.transform.dense.weight     | UNEXPECTED |  | 
cls.predictions.decoder.bias               | UNEXPECTED |  | 
cls.predictions.transform.LayerNorm.bias   | UNEXPECTED |  | 
cls.predictions.transform.LayerNorm.weight | UNEXPECTED |  | 
cls.predictions.transform.dense.bias       | UNEXPECTED |  | 
cls.seq_relationship.bias                  | UNEXPECTED |  | 
cls.seq_relationship.weight                | UNEXPECTED |  | 
cls.predictions.bias                       | UNEXPECTED |  | 
cls.predictions.decoder.weight             | UNEXPECTED |  | 

Notes:
- UNEXPECTED:	can be ignored when loading from different task/architecture; not ok if you expect identical arch.
sys:1: UserWarning: Full backward hook is firing when gradients are computed with respect to module outputs since no inputs require gradients. See https://docs.pytorch.org/docs/main/generated/torch.nn.Module.html#torch.nn.Module.register_full_backward_hook for more details.
{"step": 10, "epoch": 1, "train_loss": 1.5565693359375, "clip_fraction": 0.487, "gradient_norm_mean": 783.67575, "gradient_norm_max": 3018.296875, "step_seconds": 0.20971809513866901, "innovation_std_sum": 457.2045876410015, "noise_marginal_std_sum": 630.6280027905789}
{"step": 20, "epoch": 1, "train_loss": 1.1276285400390624, "clip_fraction": 0.85, "gradient_norm_mean": 904.790625, "gradient_norm_max": 4484.9482421875, "step_seconds": 0.27887852117419243, "innovation_std_sum": 457.2045876410015, "noise_marginal_std_sum": 630.6280027905789}
{"step": 30, "epoch": 1, "train_loss": 1.2852598876953125, "clip_fraction": 0.713, "gradient_norm_mean": 1397.941, "gradient_norm_max": 6966.32080078125, "step_seconds": 0.27843199111521244, "innovation_std_sum": 457.2045876410015, "noise_marginal_std_sum": 630.6280027905789}
{"step": 40, "epoch": 1, "train_loss": 1.07863720703125, "clip_fraction": 0.805, "gradient_norm_mean": 2043.7825, "gradient_norm_max": 8754.9921875, "step_seconds": 0.2772406619042158, "innovation_std_sum": 457.2045876410015, "noise_marginal_std_sum": 630.6280027905789}
{"step": 50, "epoch": 1, "train_loss": 0.9768916625976563, "clip_fraction": 0.775, "gradient_norm_mean": 2704.5555, "gradient_norm_max": 12012.0087890625, "step_seconds": 0.27362170442938805, "innovation_std_sum": 457.2045876410015, "noise_marginal_std_sum": 630.6280027905789}
{"step": 60, "epoch": 1, "train_loss": 0.6947449951171875, "clip_fraction": 0.856, "gradient_norm_mean": 3107.7475, "gradient_norm_max": 16625.19140625, "step_seconds": 0.1785461399704218, "innovation_std_sum": 457.2045876410015, "noise_marginal_std_sum": 630.6280027905789}
{"epoch": 1, "step": 62, "train_loss": 1.0858310320454259, "clip_fraction": 0.7702741935483871, "epsilon": 2.983473211150575, "accuracy": 0.7031220788932511, "validation_loss": 0.7122429451734735, "validation_examples": 5349}
{"step": 70, "epoch": 2, "train_loss": 0.8598461303710937, "clip_fraction": 0.711, "gradient_norm_mean": 4021.74425, "gradient_norm_max": 28428.357421875, "step_seconds": 0.2817986086010933, "innovation_std_sum": 457.2045876410015, "noise_marginal_std_sum": 630.6280027905789}
{"step": 80, "epoch": 2, "train_loss": 0.9621614990234375, "clip_fraction": 0.634, "gradient_norm_mean": 4760.002, "gradient_norm_max": 38965.41015625, "step_seconds": 0.28323781304061413, "innovation_std_sum": 457.2045876410015, "noise_marginal_std_sum": 630.6280027905789}
{"step": 90, "epoch": 2, "train_loss": 0.9872434692382812, "clip_fraction": 0.532, "gradient_norm_mean": 4626.6835, "gradient_norm_max": 37677.56640625, "step_seconds": 0.2840136718004942, "innovation_std_sum": 457.2045876410015, "noise_marginal_std_sum": 630.6280027905789}
{"step": 100, "epoch": 2, "train_loss": 0.9932181396484375, "clip_fraction": 0.528, "gradient_norm_mean": 5001.535, "gradient_norm_max": 39379.76171875, "step_seconds": 0.2824235372245312, "innovation_std_sum": 457.2045876410015, "noise_marginal_std_sum": 630.6280027905789}
{"step": 110, "epoch": 2, "train_loss": 0.9793935546875, "clip_fraction": 0.495, "gradient_norm_mean": 4984.589, "gradient_norm_max": 51321.26171875, "step_seconds": 0.19319153763353825, "innovation_std_sum": 457.2045876410015, "noise_marginal_std_sum": 630.6280027905789}
{"step": 120, "epoch": 2, "train_loss": 0.9243187866210938, "clip_fraction": 0.486, "gradient_norm_mean": 4861.368, "gradient_norm_max": 65102.0234375, "step_seconds": 0.18565041571855545, "innovation_std_sum": 457.2045876410015, "noise_marginal_std_sum": 630.6280027905789}
{"epoch": 2, "step": 124, "train_loss": 0.9427473705660913, "clip_fraction": 0.5861612903225807, "epsilon": 4.566965972959099, "accuracy": 0.7661245092540662, "validation_loss": 0.9959166322295566, "validation_examples": 5349}
{"step": 130, "epoch": 3, "train_loss": 0.9503958129882812, "clip_fraction": 0.497, "gradient_norm_mean": 5270.007, "gradient_norm_max": 51445.546875, "step_seconds": 0.2832579966634512, "innovation_std_sum": 457.2045876410015, "noise_marginal_std_sum": 630.6280027905789}
{"step": 140, "epoch": 3, "train_loss": 0.966248779296875, "clip_fraction": 0.49, "gradient_norm_mean": 5577.9505, "gradient_norm_max": 58558.91796875, "step_seconds": 0.28945367597043514, "innovation_std_sum": 457.2045876410015, "noise_marginal_std_sum": 630.6280027905789}
{"step": 150, "epoch": 3, "train_loss": 0.9940006713867188, "clip_fraction": 0.467, "gradient_norm_mean": 5200.613, "gradient_norm_max": 46262.484375, "step_seconds": 0.2853517569601536, "innovation_std_sum": 457.2045876410015, "noise_marginal_std_sum": 630.6280027905789}
{"step": 160, "epoch": 3, "train_loss": 0.9991881713867188, "clip_fraction": 0.479, "gradient_norm_mean": 5192.2665, "gradient_norm_max": 59866.9921875, "step_seconds": 0.2094171028584242, "innovation_std_sum": 457.2045876410015, "noise_marginal_std_sum": 630.6280027905789}
{"step": 170, "epoch": 3, "train_loss": 1.009224853515625, "clip_fraction": 0.459, "gradient_norm_mean": 5059.171, "gradient_norm_max": 56867.1953125, "step_seconds": 0.29248109087347984, "innovation_std_sum": 457.2045876410015, "noise_marginal_std_sum": 630.6280027905789}
{"step": 180, "epoch": 3, "train_loss": 1.0272293701171875, "clip_fraction": 0.476, "gradient_norm_mean": 4921.1065, "gradient_norm_max": 72127.53125, "step_seconds": 0.28336154483258724, "innovation_std_sum": 457.2045876410015, "noise_marginal_std_sum": 630.6280027905789}
{"epoch": 3, "step": 186, "train_loss": 0.9441392950242565, "clip_fraction": 0.47266129032258064, "epsilon": 5.849088165717443, "accuracy": 0.7810805758085624, "validation_loss": 0.9385283322707808, "validation_examples": 5349}
{"step": 190, "epoch": 4, "train_loss": 0.7798017578125, "clip_fraction": 0.454, "gradient_norm_mean": 4807.2505, "gradient_norm_max": 55336.15625, "step_seconds": 0.28383331187069416, "innovation_std_sum": 457.2045876410015, "noise_marginal_std_sum": 630.6280027905789}
{"step": 200, "epoch": 4, "train_loss": 0.92307666015625, "clip_fraction": 0.467, "gradient_norm_mean": 4831.223, "gradient_norm_max": 69220.15625, "step_seconds": 0.2836680132895708, "innovation_std_sum": 457.2045876410015, "noise_marginal_std_sum": 630.6280027905789}
{"step": 210, "epoch": 4, "train_loss": 0.9368450927734375, "clip_fraction": 0.446, "gradient_norm_mean": 4980.0655, "gradient_norm_max": 59012.20703125, "step_seconds": 0.20148220658302307, "innovation_std_sum": 457.2045876410015, "noise_marginal_std_sum": 630.6280027905789}
{"step": 220, "epoch": 4, "train_loss": 0.846895263671875, "clip_fraction": 0.432, "gradient_norm_mean": 4376.815, "gradient_norm_max": 64649.48828125, "step_seconds": 0.2953616287559271, "innovation_std_sum": 457.2045876410015, "noise_marginal_std_sum": 630.6280027905789}
{"step": 230, "epoch": 4, "train_loss": 0.9270645751953125, "clip_fraction": 0.435, "gradient_norm_mean": 4905.386, "gradient_norm_max": 54597.87109375, "step_seconds": 0.2915159519761801, "innovation_std_sum": 457.2045876410015, "noise_marginal_std_sum": 630.6280027905789}
{"step": 240, "epoch": 4, "train_loss": 0.8960997314453125, "clip_fraction": 0.417, "gradient_norm_mean": 4431.06, "gradient_norm_max": 66349.3203125, "step_seconds": 0.2870971467345953, "innovation_std_sum": 457.2045876410015, "noise_marginal_std_sum": 630.6280027905789}
{"epoch": 4, "step": 248, "train_loss": 0.8946300304782006, "clip_fraction": 0.4335806451612903, "epsilon": 6.974398475295221, "accuracy": 0.7943540848756777, "validation_loss": 0.9015188297393679, "validation_examples": 5349}
{"step": 250, "epoch": 5, "train_loss": 0.990115478515625, "clip_fraction": 0.403, "gradient_norm_mean": 4219.7825, "gradient_norm_max": 61637.62890625, "step_seconds": 0.28221667371690273, "innovation_std_sum": 457.2045876410015, "noise_marginal_std_sum": 630.6280027905789}
{"step": 260, "epoch": 5, "train_loss": 0.937022705078125, "clip_fraction": 0.41, "gradient_norm_mean": 4266.345, "gradient_norm_max": 54129.39453125, "step_seconds": 0.21439803205430508, "innovation_std_sum": 457.2045876410015, "noise_marginal_std_sum": 630.6280027905789}
{"step": 270, "epoch": 5, "train_loss": 0.806028564453125, "clip_fraction": 0.4, "gradient_norm_mean": 4163.6425, "gradient_norm_max": 59299.58203125, "step_seconds": 0.2913212329149246, "innovation_std_sum": 457.2045876410015, "noise_marginal_std_sum": 630.6280027905789}
{"step": 280, "epoch": 5, "train_loss": 0.8716913452148437, "clip_fraction": 0.4, "gradient_norm_mean": 4385.0335, "gradient_norm_max": 64203.453125, "step_seconds": 0.29514890909194946, "innovation_std_sum": 457.2045876410015, "noise_marginal_std_sum": 630.6280027905789}
{"step": 290, "epoch": 5, "train_loss": 0.8551466674804687, "clip_fraction": 0.396, "gradient_norm_mean": 4230.3445, "gradient_norm_max": 57985.4765625, "step_seconds": 0.2920535672456026, "innovation_std_sum": 457.2045876410015, "noise_marginal_std_sum": 630.6280027905789}
{"step": 300, "epoch": 5, "train_loss": 0.7852957763671875, "clip_fraction": 0.382, "gradient_norm_mean": 4188.374, "gradient_norm_max": 81663.2890625, "step_seconds": 0.2922796066850424, "innovation_std_sum": 457.2045876410015, "noise_marginal_std_sum": 630.6280027905789}
{"step": 310, "epoch": 5, "train_loss": 0.8685924072265625, "clip_fraction": 0.391, "gradient_norm_mean": 4125.98875, "gradient_norm_max": 61465.1328125, "step_seconds": 0.1920018121600151, "innovation_std_sum": 457.2045876410015, "noise_marginal_std_sum": 630.6280027905789}
{"epoch": 5, "step": 310, "train_loss": 0.8594398163826235, "clip_fraction": 0.40075806451612905, "epsilon": 8.000000000000005, "accuracy": 0.7994017573378202, "validation_loss": 0.8502604537510297, "validation_examples": 5349}
