/home/longt29/miniconda3/envs/curve/lib/python3.11/site-packages/torchvision/datasets/cifar.py:83: VisibleDeprecationWarning: dtype(): align should be passed as Python or NumPy boolean but got `align=0`. Did you mean to pass a tuple to create a subarray type? (Deprecated NumPy 2.4)
  entry = pickle.load(f, encoding="latin1")
sys:1: UserWarning: Full backward hook is firing when gradients are computed with respect to module outputs since no inputs require gradients. See https://docs.pytorch.org/docs/main/generated/torch.nn.Module.html#torch.nn.Module.register_full_backward_hook for more details.
{"step": 10, "epoch": 1, "train_loss": 4.618758666992187, "clip_fraction": 1.0, "gradient_norm_mean": 53.9926552734375, "gradient_norm_max": 102.3680648803711, "step_seconds": 2.096314249560237, "innovation_std_sum": 23.08812379317026, "noise_marginal_std_sum": 23.08812379317026}
{"step": 20, "epoch": 1, "train_loss": 4.291511474609375, "clip_fraction": 1.0, "gradient_norm_mean": 55.732046875, "gradient_norm_max": 114.80455017089844, "step_seconds": 2.1165797524154186, "innovation_std_sum": 23.08812379317026, "noise_marginal_std_sum": 23.08812379317026}
{"step": 30, "epoch": 1, "train_loss": 3.9776403198242187, "clip_fraction": 1.0, "gradient_norm_mean": 70.611443359375, "gradient_norm_max": 128.45083618164062, "step_seconds": 2.122961103916168, "innovation_std_sum": 23.08812379317026, "noise_marginal_std_sum": 23.08812379317026}
{"step": 40, "epoch": 1, "train_loss": 3.62948876953125, "clip_fraction": 1.0, "gradient_norm_mean": 93.0894453125, "gradient_norm_max": 249.1304931640625, "step_seconds": 2.149577150121331, "innovation_std_sum": 23.08812379317026, "noise_marginal_std_sum": 23.08812379317026}
{"step": 50, "epoch": 1, "train_loss": 3.26708154296875, "clip_fraction": 0.999, "gradient_norm_mean": 101.7088515625, "gradient_norm_max": 233.07350158691406, "step_seconds": 2.1661078464239836, "innovation_std_sum": 23.08812379317026, "noise_marginal_std_sum": 23.08812379317026}
{"epoch": 1, "step": 50, "train_loss": 4.116818204345703, "clip_fraction": 0.99986, "epsilon": 5.945052941010145, "accuracy": 0.2965, "validation_loss": 2.999329229736328, "validation_examples": 10000}
{"step": 60, "epoch": 2, "train_loss": 2.9602103271484377, "clip_fraction": 0.998, "gradient_norm_mean": 108.4716953125, "gradient_norm_max": 333.3387451171875, "step_seconds": 2.114921683445573, "innovation_std_sum": 23.08812379317026, "noise_marginal_std_sum": 23.08812379317026}
{"step": 70, "epoch": 2, "train_loss": 2.730882507324219, "clip_fraction": 0.991, "gradient_norm_mean": 109.110330078125, "gradient_norm_max": 321.4437255859375, "step_seconds": 2.128298196941614, "innovation_std_sum": 23.08812379317026, "noise_marginal_std_sum": 23.08812379317026}
{"step": 80, "epoch": 2, "train_loss": 2.54844970703125, "clip_fraction": 0.973, "gradient_norm_mean": 112.528283203125, "gradient_norm_max": 437.30731201171875, "step_seconds": 2.111354460939765, "innovation_std_sum": 23.08812379317026, "noise_marginal_std_sum": 23.08812379317026}
{"step": 90, "epoch": 2, "train_loss": 2.3851353759765623, "clip_fraction": 0.967, "gradient_norm_mean": 112.57793359375, "gradient_norm_max": 496.49462890625, "step_seconds": 2.1423057913780212, "innovation_std_sum": 23.08812379317026, "noise_marginal_std_sum": 23.08812379317026}
{"step": 100, "epoch": 2, "train_loss": 2.3397608642578125, "clip_fraction": 0.948, "gradient_norm_mean": 116.413701171875, "gradient_norm_max": 556.6013793945312, "step_seconds": 2.1590116266161203, "innovation_std_sum": 23.08812379317026, "noise_marginal_std_sum": 23.08812379317026}
{"epoch": 2, "step": 100, "train_loss": 2.656639453125, "clip_fraction": 0.97846, "epsilon": 9.01117355132764, "accuracy": 0.5384, "validation_loss": 1.8339945007324219, "validation_examples": 10000}
{"step": 110, "epoch": 3, "train_loss": 2.1128734436035157, "clip_fraction": 0.917, "gradient_norm_mean": 110.974755859375, "gradient_norm_max": 410.7892761230469, "step_seconds": 2.090416429564357, "innovation_std_sum": 23.08812379317026, "noise_marginal_std_sum": 23.08812379317026}
{"step": 120, "epoch": 3, "train_loss": 2.091691650390625, "clip_fraction": 0.925, "gradient_norm_mean": 113.469921875, "gradient_norm_max": 501.7930908203125, "step_seconds": 2.1179911252111197, "innovation_std_sum": 23.08812379317026, "noise_marginal_std_sum": 23.08812379317026}
{"step": 130, "epoch": 3, "train_loss": 1.9464844665527343, "clip_fraction": 0.904, "gradient_norm_mean": 110.14587109375, "gradient_norm_max": 403.9970703125, "step_seconds": 2.1364143155515194, "innovation_std_sum": 23.08812379317026, "noise_marginal_std_sum": 23.08812379317026}
{"step": 140, "epoch": 3, "train_loss": 1.8491488952636719, "clip_fraction": 0.88, "gradient_norm_mean": 110.874830078125, "gradient_norm_max": 512.9179077148438, "step_seconds": 2.17073555290699, "innovation_std_sum": 23.08812379317026, "noise_marginal_std_sum": 23.08812379317026}
{"step": 150, "epoch": 3, "train_loss": 1.9179935302734374, "clip_fraction": 0.877, "gradient_norm_mean": 115.0852265625, "gradient_norm_max": 491.38330078125, "step_seconds": 2.1655550971627235, "innovation_std_sum": 23.08812379317026, "noise_marginal_std_sum": 23.08812379317026}
{"epoch": 3, "step": 150, "train_loss": 2.013508184814453, "clip_fraction": 0.90372, "epsilon": 11.573037572156496, "accuracy": 0.6327, "validation_loss": 1.3703932189941406, "validation_examples": 10000}
{"step": 160, "epoch": 4, "train_loss": 1.7447694702148437, "clip_fraction": 0.866, "gradient_norm_mean": 111.564501953125, "gradient_norm_max": 776.2203979492188, "step_seconds": 2.1185142900794744, "innovation_std_sum": 23.08812379317026, "noise_marginal_std_sum": 23.08812379317026}
{"step": 170, "epoch": 4, "train_loss": 1.8094083251953126, "clip_fraction": 0.848, "gradient_norm_mean": 113.743919921875, "gradient_norm_max": 556.227783203125, "step_seconds": 2.1411031782627106, "innovation_std_sum": 23.08812379317026, "noise_marginal_std_sum": 23.08812379317026}
{"step": 180, "epoch": 4, "train_loss": 1.7135887451171874, "clip_fraction": 0.822, "gradient_norm_mean": 112.98081640625, "gradient_norm_max": 458.0359802246094, "step_seconds": 2.1517670154571533, "innovation_std_sum": 23.08812379317026, "noise_marginal_std_sum": 23.08812379317026}
{"step": 190, "epoch": 4, "train_loss": 1.6840890197753906, "clip_fraction": 0.812, "gradient_norm_mean": 114.217607421875, "gradient_norm_max": 522.0494995117188, "step_seconds": 2.177327139303088, "innovation_std_sum": 23.08812379317026, "noise_marginal_std_sum": 23.08812379317026}
{"step": 200, "epoch": 4, "train_loss": 1.7161235961914063, "clip_fraction": 0.814, "gradient_norm_mean": 117.8413515625, "gradient_norm_max": 481.75469970703125, "step_seconds": 2.1765019707381725, "innovation_std_sum": 23.08812379317026, "noise_marginal_std_sum": 23.08812379317026}
{"epoch": 4, "step": 200, "train_loss": 1.7331070642089843, "clip_fraction": 0.83122, "epsilon": 13.87126818349437, "accuracy": 0.6842, "validation_loss": 1.1448343673706054, "validation_examples": 10000}
{"step": 210, "epoch": 5, "train_loss": 1.6782156372070312, "clip_fraction": 0.79, "gradient_norm_mean": 116.19784765625, "gradient_norm_max": 725.0822143554688, "step_seconds": 2.111603867262602, "innovation_std_sum": 23.08812379317026, "noise_marginal_std_sum": 23.08812379317026}
{"step": 220, "epoch": 5, "train_loss": 1.6831610107421875, "clip_fraction": 0.798, "gradient_norm_mean": 115.449048828125, "gradient_norm_max": 750.9408569335938, "step_seconds": 2.1311721447855234, "innovation_std_sum": 23.08812379317026, "noise_marginal_std_sum": 23.08812379317026}
{"step": 230, "epoch": 5, "train_loss": 1.6245726013183595, "clip_fraction": 0.793, "gradient_norm_mean": 114.61966015625, "gradient_norm_max": 604.775390625, "step_seconds": 2.1469640769064426, "innovation_std_sum": 23.08812379317026, "noise_marginal_std_sum": 23.08812379317026}
{"step": 240, "epoch": 5, "train_loss": 1.5603095703125, "clip_fraction": 0.768, "gradient_norm_mean": 118.122203125, "gradient_norm_max": 671.2977905273438, "step_seconds": 2.1922569442540407, "innovation_std_sum": 23.08812379317026, "noise_marginal_std_sum": 23.08812379317026}
{"step": 250, "epoch": 5, "train_loss": 1.5785618896484375, "clip_fraction": 0.774, "gradient_norm_mean": 117.574919921875, "gradient_norm_max": 728.22607421875, "step_seconds": 2.175143415108323, "innovation_std_sum": 23.08812379317026, "noise_marginal_std_sum": 23.08812379317026}
{"epoch": 5, "step": 250, "train_loss": 1.6051923895263671, "clip_fraction": 0.78364, "epsilon": 16.000000000000018, "accuracy": 0.7039, "validation_loss": 1.0333224578857423, "validation_examples": 10000}
