Loading weights:   0%|          | 0/39 [00:00<?, ?it/s]Loading weights: 100%|██████████| 39/39 [00:00<00:00, 20771.79it/s]
[transformers] [1mBertModel LOAD REPORT[0m from: /media/data/data/lt/dp-adam-correlated/cache/bert-tiny
Key                                        | Status     |  | 
-------------------------------------------+------------+--+-
cls.seq_relationship.bias                  | UNEXPECTED |  | 
cls.predictions.bias                       | UNEXPECTED |  | 
cls.predictions.transform.LayerNorm.weight | UNEXPECTED |  | 
cls.predictions.transform.dense.bias       | UNEXPECTED |  | 
cls.predictions.decoder.weight             | UNEXPECTED |  | 
cls.predictions.transform.LayerNorm.bias   | UNEXPECTED |  | 
cls.seq_relationship.weight                | UNEXPECTED |  | 
cls.predictions.decoder.bias               | UNEXPECTED |  | 
cls.predictions.transform.dense.weight     | UNEXPECTED |  | 

Notes:
- UNEXPECTED:	can be ignored when loading from different task/architecture; not ok if you expect identical arch.
sys:1: UserWarning: Full backward hook is firing when gradients are computed with respect to module outputs since no inputs require gradients. See https://docs.pytorch.org/docs/main/generated/torch.nn.Module.html#torch.nn.Module.register_full_backward_hook for more details.
{"step": 10, "epoch": 1, "train_loss": 0.8165822143554687, "clip_fraction": 0.523, "gradient_norm_mean": 502.360125, "gradient_norm_max": 1457.9990234375, "step_seconds": 0.26901163533329964, "innovation_std_sum": 753.4116773828302, "noise_marginal_std_sum": 879.9486554334685}
{"step": 20, "epoch": 1, "train_loss": 0.6363724975585937, "clip_fraction": 0.75, "gradient_norm_mean": 1105.51475, "gradient_norm_max": 4224.90283203125, "step_seconds": 0.27248552441596985, "innovation_std_sum": 753.4116773828302, "noise_marginal_std_sum": 879.9486554334685}
{"step": 30, "epoch": 1, "train_loss": 0.6488751220703125, "clip_fraction": 0.541, "gradient_norm_mean": 1658.578875, "gradient_norm_max": 9794.9140625, "step_seconds": 0.2746309582144022, "innovation_std_sum": 753.4116773828302, "noise_marginal_std_sum": 879.9486554334685}
{"step": 40, "epoch": 1, "train_loss": 0.8160079345703125, "clip_fraction": 0.476, "gradient_norm_mean": 1883.1195, "gradient_norm_max": 16292.7255859375, "step_seconds": 0.2737924735993147, "innovation_std_sum": 753.4116773828302, "noise_marginal_std_sum": 879.9486554334685}
{"step": 50, "epoch": 1, "train_loss": 0.6764243774414063, "clip_fraction": 0.453, "gradient_norm_mean": 1611.77025, "gradient_norm_max": 12770.2890625, "step_seconds": 0.28205285780131817, "innovation_std_sum": 753.4116773828302, "noise_marginal_std_sum": 879.9486554334685}
{"step": 60, "epoch": 1, "train_loss": 0.655990966796875, "clip_fraction": 0.434, "gradient_norm_mean": 1418.06525, "gradient_norm_max": 13185.65625, "step_seconds": 0.28585842810571194, "innovation_std_sum": 753.4116773828302, "noise_marginal_std_sum": 879.9486554334685}
{"epoch": 1, "step": 62, "train_loss": 0.6994786623062627, "clip_fraction": 0.5529032258064516, "epsilon": 3.0540894402664507, "accuracy": 0.7767807066741447, "validation_loss": 0.6653978152015673, "validation_examples": 5349}
{"step": 70, "epoch": 2, "train_loss": 0.6301707153320313, "clip_fraction": 0.406, "gradient_norm_mean": 1305.75075, "gradient_norm_max": 12265.416015625, "step_seconds": 0.26938902772963047, "innovation_std_sum": 753.4116773828302, "noise_marginal_std_sum": 879.9486554334685}
{"step": 80, "epoch": 2, "train_loss": 0.5992987670898438, "clip_fraction": 0.39, "gradient_norm_mean": 1199.91375, "gradient_norm_max": 13804.4296875, "step_seconds": 0.2784775737673044, "innovation_std_sum": 753.4116773828302, "noise_marginal_std_sum": 879.9486554334685}
{"step": 90, "epoch": 2, "train_loss": 0.541594970703125, "clip_fraction": 0.321, "gradient_norm_mean": 1024.6054375, "gradient_norm_max": 16770.443359375, "step_seconds": 0.2865128703415394, "innovation_std_sum": 753.4116773828302, "noise_marginal_std_sum": 879.9486554334685}
{"step": 100, "epoch": 2, "train_loss": 0.5879066772460938, "clip_fraction": 0.328, "gradient_norm_mean": 1058.543875, "gradient_norm_max": 16480.94140625, "step_seconds": 0.28305155970156193, "innovation_std_sum": 753.4116773828302, "noise_marginal_std_sum": 879.9486554334685}
{"step": 110, "epoch": 2, "train_loss": 0.4911849365234375, "clip_fraction": 0.306, "gradient_norm_mean": 941.761, "gradient_norm_max": 14328.732421875, "step_seconds": 0.28836107067763805, "innovation_std_sum": 753.4116773828302, "noise_marginal_std_sum": 879.9486554334685}
{"step": 120, "epoch": 2, "train_loss": 0.45339892578125, "clip_fraction": 0.299, "gradient_norm_mean": 965.18175, "gradient_norm_max": 13608.4736328125, "step_seconds": 0.29062454774975777, "innovation_std_sum": 753.4116773828302, "noise_marginal_std_sum": 879.9486554334685}
{"epoch": 2, "step": 124, "train_loss": 0.5572256671536353, "clip_fraction": 0.35424193548387095, "epsilon": 4.610238743691145, "accuracy": 0.8160403813796971, "validation_loss": 0.5346367608321941, "validation_examples": 5349}
{"step": 130, "epoch": 3, "train_loss": 0.520260498046875, "clip_fraction": 0.321, "gradient_norm_mean": 1047.336875, "gradient_norm_max": 14371.3310546875, "step_seconds": 0.2867579385638237, "innovation_std_sum": 753.4116773828302, "noise_marginal_std_sum": 879.9486554334685}
{"step": 140, "epoch": 3, "train_loss": 0.49516314697265623, "clip_fraction": 0.288, "gradient_norm_mean": 939.477, "gradient_norm_max": 16846.125, "step_seconds": 0.2842093128710985, "innovation_std_sum": 753.4116773828302, "noise_marginal_std_sum": 879.9486554334685}
{"step": 150, "epoch": 3, "train_loss": 0.5156005859375, "clip_fraction": 0.296, "gradient_norm_mean": 936.5638125, "gradient_norm_max": 19024.23828125, "step_seconds": 0.2884593680500984, "innovation_std_sum": 753.4116773828302, "noise_marginal_std_sum": 879.9486554334685}
{"step": 160, "epoch": 3, "train_loss": 0.5610447387695312, "clip_fraction": 0.298, "gradient_norm_mean": 1039.05275, "gradient_norm_max": 21086.326171875, "step_seconds": 0.275932852178812, "innovation_std_sum": 753.4116773828302, "noise_marginal_std_sum": 879.9486554334685}
{"step": 170, "epoch": 3, "train_loss": 0.5241182250976563, "clip_fraction": 0.295, "gradient_norm_mean": 994.06275, "gradient_norm_max": 14071.953125, "step_seconds": 0.291019544005394, "innovation_std_sum": 753.4116773828302, "noise_marginal_std_sum": 879.9486554334685}
{"step": 180, "epoch": 3, "train_loss": 0.5039934387207031, "clip_fraction": 0.278, "gradient_norm_mean": 892.23375, "gradient_norm_max": 26931.35546875, "step_seconds": 0.2877056896686554, "innovation_std_sum": 753.4116773828302, "noise_marginal_std_sum": 879.9486554334685}
{"epoch": 3, "step": 186, "train_loss": 0.4981378173828125, "clip_fraction": 0.2905, "epsilon": 5.873890881586911, "accuracy": 0.8285660871190876, "validation_loss": 0.5066539288726025, "validation_examples": 5349}
{"step": 190, "epoch": 4, "train_loss": 0.41744073486328126, "clip_fraction": 0.247, "gradient_norm_mean": 826.5876875, "gradient_norm_max": 24023.630859375, "step_seconds": 0.2860794812440872, "innovation_std_sum": 753.4116773828302, "noise_marginal_std_sum": 879.9486554334685}
{"step": 200, "epoch": 4, "train_loss": 0.5046563415527344, "clip_fraction": 0.284, "gradient_norm_mean": 976.54125, "gradient_norm_max": 18560.341796875, "step_seconds": 0.27543882094323635, "innovation_std_sum": 753.4116773828302, "noise_marginal_std_sum": 879.9486554334685}
{"step": 210, "epoch": 4, "train_loss": 0.4550916748046875, "clip_fraction": 0.268, "gradient_norm_mean": 841.5365, "gradient_norm_max": 16250.5751953125, "step_seconds": 0.2855111937969923, "innovation_std_sum": 753.4116773828302, "noise_marginal_std_sum": 879.9486554334685}
{"step": 220, "epoch": 4, "train_loss": 0.4605982666015625, "clip_fraction": 0.247, "gradient_norm_mean": 922.09175, "gradient_norm_max": 22616.10546875, "step_seconds": 0.28815662674605846, "innovation_std_sum": 753.4116773828302, "noise_marginal_std_sum": 879.9486554334685}
{"step": 230, "epoch": 4, "train_loss": 0.462951416015625, "clip_fraction": 0.26, "gradient_norm_mean": 968.273375, "gradient_norm_max": 26758.583984375, "step_seconds": 0.2931147404015064, "innovation_std_sum": 753.4116773828302, "noise_marginal_std_sum": 879.9486554334685}
{"step": 240, "epoch": 4, "train_loss": 0.46375982666015625, "clip_fraction": 0.266, "gradient_norm_mean": 906.517625, "gradient_norm_max": 28567.30078125, "step_seconds": 0.28750449791550636, "innovation_std_sum": 753.4116773828302, "noise_marginal_std_sum": 879.9486554334685}
{"epoch": 4, "step": 248, "train_loss": 0.47168905098207536, "clip_fraction": 0.25956451612903225, "epsilon": 6.985551657770655, "accuracy": 0.835296317068611, "validation_loss": 0.4966696220193985, "validation_examples": 5349}
{"step": 250, "epoch": 5, "train_loss": 0.47686431884765623, "clip_fraction": 0.24, "gradient_norm_mean": 791.4675625, "gradient_norm_max": 18352.462890625, "step_seconds": 0.2851579450070858, "innovation_std_sum": 753.4116773828302, "noise_marginal_std_sum": 879.9486554334685}
{"step": 260, "epoch": 5, "train_loss": 0.4855264892578125, "clip_fraction": 0.253, "gradient_norm_mean": 787.452375, "gradient_norm_max": 19683.677734375, "step_seconds": 0.28631808422505856, "innovation_std_sum": 753.4116773828302, "noise_marginal_std_sum": 879.9486554334685}
{"step": 270, "epoch": 5, "train_loss": 0.43893438720703126, "clip_fraction": 0.238, "gradient_norm_mean": 743.4401875, "gradient_norm_max": 18517.77734375, "step_seconds": 0.28834270499646664, "innovation_std_sum": 753.4116773828302, "noise_marginal_std_sum": 879.9486554334685}
{"step": 280, "epoch": 5, "train_loss": 0.47121044921875, "clip_fraction": 0.258, "gradient_norm_mean": 893.4085, "gradient_norm_max": 22325.75390625, "step_seconds": 0.28694033436477184, "innovation_std_sum": 753.4116773828302, "noise_marginal_std_sum": 879.9486554334685}
{"step": 290, "epoch": 5, "train_loss": 0.4479400329589844, "clip_fraction": 0.244, "gradient_norm_mean": 909.82875, "gradient_norm_max": 18649.900390625, "step_seconds": 0.28824217803776264, "innovation_std_sum": 753.4116773828302, "noise_marginal_std_sum": 879.9486554334685}
{"step": 300, "epoch": 5, "train_loss": 0.41979776000976565, "clip_fraction": 0.248, "gradient_norm_mean": 837.1160625, "gradient_norm_max": 16331.6962890625, "step_seconds": 0.27658979780972004, "innovation_std_sum": 753.4116773828302, "noise_marginal_std_sum": 879.9486554334685}
{"step": 310, "epoch": 5, "train_loss": 0.5100821533203125, "clip_fraction": 0.236, "gradient_norm_mean": 882.878875, "gradient_norm_max": 22395.884765625, "step_seconds": 0.293532470241189, "innovation_std_sum": 753.4116773828302, "noise_marginal_std_sum": 879.9486554334685}
{"epoch": 5, "step": 310, "train_loss": 0.46044510429136215, "clip_fraction": 0.24311290322580645, "epsilon": 8.000000000000005, "accuracy": 0.8433352028416526, "validation_loss": 0.47754144802296755, "validation_examples": 5349}
