Loading weights:   0%|          | 0/39 [00:00<?, ?it/s]Loading weights: 100%|██████████| 39/39 [00:00<00:00, 20312.66it/s]
[transformers] [1mBertModel LOAD REPORT[0m from: /media/data/data/lt/dp-adam-correlated/cache/bert-tiny
Key                                        | Status     |  | 
-------------------------------------------+------------+--+-
cls.predictions.decoder.weight             | UNEXPECTED |  | 
cls.predictions.bias                       | UNEXPECTED |  | 
cls.predictions.decoder.bias               | UNEXPECTED |  | 
cls.seq_relationship.bias                  | UNEXPECTED |  | 
cls.predictions.transform.dense.weight     | UNEXPECTED |  | 
cls.predictions.transform.LayerNorm.bias   | UNEXPECTED |  | 
cls.seq_relationship.weight                | UNEXPECTED |  | 
cls.predictions.transform.dense.bias       | UNEXPECTED |  | 
cls.predictions.transform.LayerNorm.weight | UNEXPECTED |  | 

Notes:
- UNEXPECTED:	can be ignored when loading from different task/architecture; not ok if you expect identical arch.
sys:1: UserWarning: Full backward hook is firing when gradients are computed with respect to module outputs since no inputs require gradients. See https://docs.pytorch.org/docs/main/generated/torch.nn.Module.html#torch.nn.Module.register_full_backward_hook for more details.
{"step": 62, "epoch": 1.0, "train_loss": 0.6052272092757687, "clip_fraction": 0.37648387096774194, "validation_loss": 0.6973415296012109, "accuracy": 0.75, "validation_examples": 872, "epsilon": 3.123292330075357}
{"step": 124, "epoch": 2.0, "train_loss": 0.5397947333551223, "clip_fraction": 0.37967741935483873, "validation_loss": 0.6264663748784897, "accuracy": 0.7637614678899083, "validation_examples": 872, "epsilon": 4.65092091490115}
{"step": 186, "epoch": 3.0, "train_loss": 0.475362787554341, "clip_fraction": 0.3230322580645162, "validation_loss": 0.5973938364501393, "accuracy": 0.7706422018348624, "validation_examples": 872, "epsilon": 5.8971720333737725}
{"step": 248, "epoch": 4.0, "train_loss": 0.4457168677545363, "clip_fraction": 0.29308064516129034, "validation_loss": 0.5602877118171902, "accuracy": 0.7844036697247706, "validation_examples": 872, "epsilon": 6.996033129680917}
{"step": 310, "epoch": 5.0, "train_loss": 0.4309471268192414, "clip_fraction": 0.2747903225806451, "validation_loss": 0.5660673587694081, "accuracy": 0.7855504587155964, "validation_examples": 872, "epsilon": 8.000000000000005}
