/home/longt29/miniconda3/envs/curve/lib/python3.11/site-packages/torchvision/datasets/cifar.py:83: VisibleDeprecationWarning: dtype(): align should be passed as Python or NumPy boolean but got `align=0`. Did you mean to pass a tuple to create a subarray type? (Deprecated NumPy 2.4)
  entry = pickle.load(f, encoding="latin1")
{"method": "dp-adam-sgd-bandinvmf-scale", "smoke": false, "calibration": {"target_mu": 1.6660305978457184, "sensitivity": 2.8481628876299, "innovation_std_sum": 85.47750837567907, "adjacency": "add_remove_zero_out", "k": 5, "b_participation": 50, "sampling_amplification": false}, "coefficients": [1.0, -0.5, -0.125, -0.0625]}
sys:1: UserWarning: Full backward hook is firing when gradients are computed with respect to module outputs since no inputs require gradients. See https://docs.pytorch.org/docs/main/generated/torch.nn.Module.html#torch.nn.Module.register_full_backward_hook for more details.
{"progress_step": 10, "epoch": 1, "train_loss_so_far": 4.658753442382812, "clip_fraction_so_far": 1.0}
{"progress_step": 20, "epoch": 1, "train_loss_so_far": 4.37355344543457, "clip_fraction_so_far": 1.0}
{"progress_step": 30, "epoch": 1, "train_loss_so_far": 4.0768430704752605, "clip_fraction_so_far": 1.0}
{"progress_step": 40, "epoch": 1, "train_loss_so_far": 3.8074822082519533, "clip_fraction_so_far": 0.99995}
{"progress_step": 50, "epoch": 1, "train_loss_so_far": 3.5705654052734377, "clip_fraction_so_far": 0.99948}
{"epoch": 1, "logical_steps": 50, "train_examples": 50000, "train_loss": 3.5705654052734377, "test_loss": 2.113968255615234, "test_top1": 0.4556, "clip_fraction": 0.99948, "gdp_mu": 0.7450706133874357, "gdp_epsilon": 3.123288128876418, "target_mu": 1.6660305978457184, "target_epsilon": 8.0, "delta": 1e-05, "noise_std": 0.09631048104606671, "noise_std_space": "scaled", "innovation_std_sum": 85.47750837567907, "augmentation_trace_sha256": "d63da21bdb0b5208efde32fe6efd500a1dd8422cf2de8538c5d20df0af3afa1c", "seconds": 139.65854325704277}
{"progress_step": 60, "epoch": 2, "train_loss_so_far": 2.34628125, "clip_fraction_so_far": 0.9953}
{"progress_step": 70, "epoch": 2, "train_loss_so_far": 2.2688047470092774, "clip_fraction_so_far": 0.99235}
{"progress_step": 80, "epoch": 2, "train_loss_so_far": 2.1839804494222004, "clip_fraction_so_far": 0.9860666666666666}
{"progress_step": 90, "epoch": 2, "train_loss_so_far": 2.1212574890136717, "clip_fraction_so_far": 0.97935}
{"progress_step": 100, "epoch": 2, "train_loss_so_far": 2.060498519897461, "clip_fraction_so_far": 0.97196}
{"epoch": 2, "logical_steps": 100, "train_examples": 50000, "train_loss": 2.060498519897461, "test_loss": 1.3232334045410157, "test_top1": 0.6243, "clip_fraction": 0.97196, "gdp_mu": 1.0536897799813887, "gdp_epsilon": 4.650918517225292, "target_mu": 1.6660305978457184, "target_epsilon": 8.0, "delta": 1e-05, "noise_std": 0.09631048104606671, "noise_std_space": "scaled", "innovation_std_sum": 85.47750837567907, "augmentation_trace_sha256": "eba11842858511941e69682cb3174b7d5e6fd73ab7d8425892c6d4fc55cf418b", "seconds": 136.07256515696645}
{"progress_step": 110, "epoch": 3, "train_loss_so_far": 1.7486024444580077, "clip_fraction_so_far": 0.9331}
{"progress_step": 120, "epoch": 3, "train_loss_so_far": 1.7230322097778321, "clip_fraction_so_far": 0.9243}
{"progress_step": 130, "epoch": 3, "train_loss_so_far": 1.691732972208659, "clip_fraction_so_far": 0.9162}
{"progress_step": 140, "epoch": 3, "train_loss_so_far": 1.6756075065612792, "clip_fraction_so_far": 0.9096}
{"progress_step": 150, "epoch": 3, "train_loss_so_far": 1.657579555053711, "clip_fraction_so_far": 0.90406}
{"epoch": 3, "logical_steps": 150, "train_examples": 50000, "train_loss": 1.657579555053711, "test_loss": 1.0462306884765624, "test_top1": 0.6905, "clip_fraction": 0.90406, "gdp_mu": 1.2905014862231678, "gdp_epsilon": 5.897170660712958, "target_mu": 1.6660305978457184, "target_epsilon": 8.0, "delta": 1e-05, "noise_std": 0.09631048104606671, "noise_std_space": "scaled", "innovation_std_sum": 85.47750837567907, "augmentation_trace_sha256": "f4ab582ea37ff08d6c3ec209d5c76a6a59fcdd228971935ccfe60255636fc688", "seconds": 134.30578985065222}
{"progress_step": 160, "epoch": 4, "train_loss_so_far": 1.5506791351318359, "clip_fraction_so_far": 0.8643}
{"progress_step": 170, "epoch": 4, "train_loss_so_far": 1.5397820037841796, "clip_fraction_so_far": 0.861}
{"progress_step": 180, "epoch": 4, "train_loss_so_far": 1.5197390665690105, "clip_fraction_so_far": 0.8544666666666667}
{"progress_step": 190, "epoch": 4, "train_loss_so_far": 1.509949462890625, "clip_fraction_so_far": 0.849325}
{"progress_step": 200, "epoch": 4, "train_loss_so_far": 1.503540841064453, "clip_fraction_so_far": 0.8449}
{"epoch": 4, "logical_steps": 200, "train_examples": 50000, "train_loss": 1.503540841064453, "test_loss": 0.9259543151855468, "test_top1": 0.7256, "clip_fraction": 0.8449, "gdp_mu": 1.4901429526898362, "gdp_epsilon": 6.996032511238058, "target_mu": 1.6660305978457184, "target_epsilon": 8.0, "delta": 1e-05, "noise_std": 0.09631048104606671, "noise_std_space": "scaled", "innovation_std_sum": 85.47750837567907, "augmentation_trace_sha256": "eeab75a2450d737b335b1b301c8415d8e4847a2415b1acc4f6665e5915aa923a", "seconds": 135.6869481448084}
{"progress_step": 210, "epoch": 5, "train_loss_so_far": 1.4724014862060546, "clip_fraction_so_far": 0.8144}
{"progress_step": 220, "epoch": 5, "train_loss_so_far": 1.4642955459594726, "clip_fraction_so_far": 0.8103}
{"progress_step": 230, "epoch": 5, "train_loss_so_far": 1.4472910359700522, "clip_fraction_so_far": 0.806}
{"progress_step": 240, "epoch": 5, "train_loss_so_far": 1.449686622619629, "clip_fraction_so_far": 0.8044}
{"progress_step": 250, "epoch": 5, "train_loss_so_far": 1.443580731201172, "clip_fraction_so_far": 0.80212}
{"epoch": 5, "logical_steps": 250, "train_examples": 50000, "train_loss": 1.443580731201172, "test_loss": 0.8842920959472657, "test_top1": 0.7388, "clip_fraction": 0.80212, "gdp_mu": 1.6660305978457184, "gdp_epsilon": 8.000000000000005, "target_mu": 1.6660305978457184, "target_epsilon": 8.0, "delta": 1e-05, "noise_std": 0.09631048104606671, "noise_std_space": "scaled", "innovation_std_sum": 85.47750837567907, "augmentation_trace_sha256": "41f1cb58f0307df20ce87cfb313693105a3d89f587b34546eb06562652fb22c3", "seconds": 156.77778158523142}
{"status": "completed", "results": "/media/data/data/lt/dp-adam-correlated/exp7/results/trials/da4bb2b174e739f3"}
