Loading weights:   0%|          | 0/39 [00:00<?, ?it/s]Loading weights: 100%|██████████| 39/39 [00:00<00:00, 10767.37it/s]
[transformers] [1mBertModel LOAD REPORT[0m from: /media/data/data/lt/dp-adam-correlated/cache/bert-tiny
Key                                        | Status     |  | 
-------------------------------------------+------------+--+-
cls.predictions.transform.LayerNorm.weight | UNEXPECTED |  | 
cls.seq_relationship.bias                  | UNEXPECTED |  | 
cls.predictions.transform.dense.weight     | UNEXPECTED |  | 
cls.predictions.decoder.weight             | UNEXPECTED |  | 
cls.predictions.decoder.bias               | UNEXPECTED |  | 
cls.seq_relationship.weight                | UNEXPECTED |  | 
cls.predictions.bias                       | UNEXPECTED |  | 
cls.predictions.transform.LayerNorm.bias   | UNEXPECTED |  | 
cls.predictions.transform.dense.bias       | UNEXPECTED |  | 

Notes:
- UNEXPECTED:	can be ignored when loading from different task/architecture; not ok if you expect identical arch.
sys:1: UserWarning: Full backward hook is firing when gradients are computed with respect to module outputs since no inputs require gradients. See https://docs.pytorch.org/docs/main/generated/torch.nn.Module.html#torch.nn.Module.register_full_backward_hook for more details.
{"step": 10, "epoch": 1, "step_seconds": 0.26669926941394806, "innovation_std_sum": 25.113722579427673, "noise_marginal_std_sum": 29.33162184778228, "pure_mf_cumulative_momentum_noise_variance": 0.0018077443639561465, "preconditioner_mean": 41.4303092956543, "preconditioner_change_relative": 0.0, "denominator_lag_relative": 0.1569989025592804, "block_age": 4}
{"step": 20, "epoch": 1, "step_seconds": 0.26473603770136833, "innovation_std_sum": 25.113722579427673, "noise_marginal_std_sum": 29.33162184778228, "pure_mf_cumulative_momentum_noise_variance": 0.0018440778665447057, "preconditioner_mean": 36.30975341796875, "preconditioner_change_relative": 0.0, "denominator_lag_relative": 0.06585550308227539, "block_age": 4}
{"step": 30, "epoch": 1, "step_seconds": 0.26410993188619614, "innovation_std_sum": 25.113722579427673, "noise_marginal_std_sum": 29.33162184778228, "pure_mf_cumulative_momentum_noise_variance": 0.0018793520737198427, "preconditioner_mean": 35.391605377197266, "preconditioner_change_relative": 0.0, "denominator_lag_relative": 0.04260123521089554, "block_age": 4}
{"step": 40, "epoch": 1, "step_seconds": 0.2479342296719551, "innovation_std_sum": 25.113722579427673, "noise_marginal_std_sum": 29.33162184778228, "pure_mf_cumulative_momentum_noise_variance": 0.0019279276184915666, "preconditioner_mean": 34.95965576171875, "preconditioner_change_relative": 0.0, "denominator_lag_relative": 0.0318978950381279, "block_age": 4}
{"step": 50, "epoch": 1, "step_seconds": 0.2678080406039953, "innovation_std_sum": 25.113722579427673, "noise_marginal_std_sum": 29.33162184778228, "pure_mf_cumulative_momentum_noise_variance": 0.001983901332047514, "preconditioner_mean": 34.76094436645508, "preconditioner_change_relative": 0.0, "denominator_lag_relative": 0.024667516350746155, "block_age": 4}
{"step": 60, "epoch": 1, "step_seconds": 0.267478846013546, "innovation_std_sum": 25.113722579427673, "noise_marginal_std_sum": 29.33162184778228, "pure_mf_cumulative_momentum_noise_variance": 0.0020433257721094345, "preconditioner_mean": 34.62898254394531, "preconditioner_change_relative": 0.0, "denominator_lag_relative": 0.020639725029468536, "block_age": 4}
{"epoch": 1, "step": 62, "epsilon": 3.054089440266451, "accuracy": 0.557861282482707, "validation_loss": 0.6935005287830797, "validation_examples": 5349}
{"step": 70, "epoch": 2, "step_seconds": 0.26632451452314854, "innovation_std_sum": 25.113722579427673, "noise_marginal_std_sum": 29.33162184778228, "pure_mf_cumulative_momentum_noise_variance": 0.0021042531805044807, "preconditioner_mean": 34.54330825805664, "preconditioner_change_relative": 0.0, "denominator_lag_relative": 0.017978759482502937, "block_age": 4}
{"step": 80, "epoch": 2, "step_seconds": 0.2722325623035431, "innovation_std_sum": 25.113722579427673, "noise_marginal_std_sum": 29.33162184778228, "pure_mf_cumulative_momentum_noise_variance": 0.002165809318444291, "preconditioner_mean": 34.45088195800781, "preconditioner_change_relative": 0.0, "denominator_lag_relative": 0.015373725444078445, "block_age": 4}
{"step": 90, "epoch": 2, "step_seconds": 0.27117084339261055, "innovation_std_sum": 25.113722579427673, "noise_marginal_std_sum": 29.33162184778228, "pure_mf_cumulative_momentum_noise_variance": 0.0022276212687494567, "preconditioner_mean": 34.38454818725586, "preconditioner_change_relative": 0.0, "denominator_lag_relative": 0.013694318942725658, "block_age": 4}
{"step": 100, "epoch": 2, "step_seconds": 0.26659756898880005, "innovation_std_sum": 25.113722579427673, "noise_marginal_std_sum": 29.33162184778228, "pure_mf_cumulative_momentum_noise_variance": 0.0022895351920334023, "preconditioner_mean": 34.348541259765625, "preconditioner_change_relative": 0.0, "denominator_lag_relative": 0.012787560001015663, "block_age": 4}
{"step": 110, "epoch": 2, "step_seconds": 0.26923892460763454, "innovation_std_sum": 25.113722579427673, "noise_marginal_std_sum": 29.33162184778228, "pure_mf_cumulative_momentum_noise_variance": 0.0023514891294320263, "preconditioner_mean": 34.29545974731445, "preconditioner_change_relative": 0.0, "denominator_lag_relative": 0.011068674735724926, "block_age": 4}
{"step": 120, "epoch": 2, "step_seconds": 0.2676458563655615, "innovation_std_sum": 25.113722579427673, "noise_marginal_std_sum": 29.33162184778228, "pure_mf_cumulative_momentum_noise_variance": 0.0024134585739487998, "preconditioner_mean": 34.27775955200195, "preconditioner_change_relative": 0.0, "denominator_lag_relative": 0.010354842059314251, "block_age": 4}
{"epoch": 2, "step": 124, "epsilon": 4.610238743691153, "accuracy": 0.5819779398018321, "validation_loss": 0.676322151108487, "validation_examples": 5349}
{"step": 130, "epoch": 3, "step_seconds": 0.26823593862354755, "innovation_std_sum": 25.113722579427673, "noise_marginal_std_sum": 29.33162184778228, "pure_mf_cumulative_momentum_noise_variance": 0.0024754339677588726, "preconditioner_mean": 34.24168014526367, "preconditioner_change_relative": 0.0, "denominator_lag_relative": 0.009434886276721954, "block_age": 4}
{"step": 140, "epoch": 3, "step_seconds": 0.26915038004517555, "innovation_std_sum": 25.113722579427673, "noise_marginal_std_sum": 29.33162184778228, "pure_mf_cumulative_momentum_noise_variance": 0.0025374116250575724, "preconditioner_mean": 34.21183776855469, "preconditioner_change_relative": 0.0, "denominator_lag_relative": 0.009455502033233643, "block_age": 4}
{"step": 150, "epoch": 3, "step_seconds": 0.27640340477228165, "innovation_std_sum": 25.113722579427673, "noise_marginal_std_sum": 29.33162184778228, "pure_mf_cumulative_momentum_noise_variance": 0.00259939013752209, "preconditioner_mean": 34.21147918701172, "preconditioner_change_relative": 0.0, "denominator_lag_relative": 0.008238498121500015, "block_age": 4}
{"step": 160, "epoch": 3, "step_seconds": 0.27319739013910294, "innovation_std_sum": 25.113722579427673, "noise_marginal_std_sum": 29.33162184778228, "pure_mf_cumulative_momentum_noise_variance": 0.0026613689711552247, "preconditioner_mean": 34.19898986816406, "preconditioner_change_relative": 0.0, "denominator_lag_relative": 0.007955143228173256, "block_age": 4}
{"step": 170, "epoch": 3, "step_seconds": 0.265044579282403, "innovation_std_sum": 25.113722579427673, "noise_marginal_std_sum": 29.33162184778228, "pure_mf_cumulative_momentum_noise_variance": 0.002723347924789336, "preconditioner_mean": 34.17770004272461, "preconditioner_change_relative": 0.0, "denominator_lag_relative": 0.007322866003960371, "block_age": 4}
{"step": 180, "epoch": 3, "step_seconds": 0.2694757152348757, "innovation_std_sum": 25.113722579427673, "noise_marginal_std_sum": 29.33162184778228, "pure_mf_cumulative_momentum_noise_variance": 0.002785326923060352, "preconditioner_mean": 34.18193817138672, "preconditioner_change_relative": 0.0, "denominator_lag_relative": 0.007037855684757233, "block_age": 4}
{"epoch": 3, "step": 186, "epsilon": 5.873890881586911, "accuracy": 0.5909515797345298, "validation_loss": 0.67103944508511, "validation_examples": 5349}
{"step": 190, "epoch": 4, "step_seconds": 0.26852219738066196, "innovation_std_sum": 25.113722579427673, "noise_marginal_std_sum": 29.33162184778228, "pure_mf_cumulative_momentum_noise_variance": 0.0028473059378699038, "preconditioner_mean": 34.17190933227539, "preconditioner_change_relative": 0.0, "denominator_lag_relative": 0.006885776296257973, "block_age": 4}
{"step": 200, "epoch": 4, "step_seconds": 0.27017898112535477, "innovation_std_sum": 25.113722579427673, "noise_marginal_std_sum": 29.33162184778228, "pure_mf_cumulative_momentum_noise_variance": 0.0029092849587859116, "preconditioner_mean": 34.16511535644531, "preconditioner_change_relative": 0.0, "denominator_lag_relative": 0.006395040545612574, "block_age": 4}
{"step": 210, "epoch": 4, "step_seconds": 0.26303491555154324, "innovation_std_sum": 25.113722579427673, "noise_marginal_std_sum": 29.33162184778228, "pure_mf_cumulative_momentum_noise_variance": 0.0029712639819496002, "preconditioner_mean": 34.15052795410156, "preconditioner_change_relative": 0.0, "denominator_lag_relative": 0.005877047777175903, "block_age": 4}
{"step": 220, "epoch": 4, "step_seconds": 0.19614478759467602, "innovation_std_sum": 25.113722579427673, "noise_marginal_std_sum": 29.33162184778228, "pure_mf_cumulative_momentum_noise_variance": 0.00303324300593832, "preconditioner_mean": 34.13845443725586, "preconditioner_change_relative": 0.0, "denominator_lag_relative": 0.005857770796865225, "block_age": 4}
{"step": 230, "epoch": 4, "step_seconds": 0.2683504428714514, "innovation_std_sum": 25.113722579427673, "noise_marginal_std_sum": 29.33162184778228, "pure_mf_cumulative_momentum_noise_variance": 0.0030952220302291164, "preconditioner_mean": 34.13669204711914, "preconditioner_change_relative": 0.0, "denominator_lag_relative": 0.005496088415384293, "block_age": 4}
{"step": 240, "epoch": 4, "step_seconds": 0.26909431256353855, "innovation_std_sum": 25.113722579427673, "noise_marginal_std_sum": 29.33162184778228, "pure_mf_cumulative_momentum_noise_variance": 0.0031572010546302622, "preconditioner_mean": 34.14262390136719, "preconditioner_change_relative": 0.0, "denominator_lag_relative": 0.005473285913467407, "block_age": 4}
{"epoch": 4, "step": 248, "epsilon": 6.985551657770655, "accuracy": 0.6328285660871191, "validation_loss": 0.651989614301629, "validation_examples": 5349}
{"step": 250, "epoch": 5, "step_seconds": 0.26866537891328335, "innovation_std_sum": 25.113722579427673, "noise_marginal_std_sum": 29.33162184778228, "pure_mf_cumulative_momentum_noise_variance": 0.003219180079071639, "preconditioner_mean": 34.130706787109375, "preconditioner_change_relative": 0.0, "denominator_lag_relative": 0.005346547346562147, "block_age": 4}
{"step": 260, "epoch": 5, "step_seconds": 0.26840499974787235, "innovation_std_sum": 25.113722579427673, "noise_marginal_std_sum": 29.33162184778228, "pure_mf_cumulative_momentum_noise_variance": 0.0032811591035276514, "preconditioner_mean": 34.118202209472656, "preconditioner_change_relative": 0.0, "denominator_lag_relative": 0.00497082807123661, "block_age": 4}
{"step": 270, "epoch": 5, "step_seconds": 0.2678883634507656, "innovation_std_sum": 25.113722579427673, "noise_marginal_std_sum": 29.33162184778228, "pure_mf_cumulative_momentum_noise_variance": 0.0033431381279889804, "preconditioner_mean": 34.12120819091797, "preconditioner_change_relative": 0.0, "denominator_lag_relative": 0.005039677489548922, "block_age": 4}
{"step": 280, "epoch": 5, "step_seconds": 0.27038421109318733, "innovation_std_sum": 25.113722579427673, "noise_marginal_std_sum": 29.33162184778228, "pure_mf_cumulative_momentum_noise_variance": 0.0034051171524522375, "preconditioner_mean": 34.123260498046875, "preconditioner_change_relative": 0.0, "denominator_lag_relative": 0.004628451075404882, "block_age": 4}
{"step": 290, "epoch": 5, "step_seconds": 0.2681048382073641, "innovation_std_sum": 25.113722579427673, "noise_marginal_std_sum": 29.33162184778228, "pure_mf_cumulative_momentum_noise_variance": 0.003467096176916193, "preconditioner_mean": 34.13667678833008, "preconditioner_change_relative": 0.0, "denominator_lag_relative": 0.004713961388915777, "block_age": 4}
{"step": 300, "epoch": 5, "step_seconds": 0.26703203469514847, "innovation_std_sum": 25.113722579427673, "noise_marginal_std_sum": 29.33162184778228, "pure_mf_cumulative_momentum_noise_variance": 0.0035290752013804024, "preconditioner_mean": 34.13374328613281, "preconditioner_change_relative": 0.0, "denominator_lag_relative": 0.004431331995874643, "block_age": 4}
{"step": 310, "epoch": 5, "step_seconds": 0.1796177625656128, "innovation_std_sum": 25.113722579427673, "noise_marginal_std_sum": 29.33162184778228, "pure_mf_cumulative_momentum_noise_variance": 0.0035910542258447004, "preconditioner_mean": 34.126155853271484, "preconditioner_change_relative": 0.0, "denominator_lag_relative": 0.004223286174237728, "block_age": 4}
{"epoch": 5, "step": 310, "epsilon": 8.000000000000005, "accuracy": 0.6599364367171434, "validation_loss": 0.6662744139483943, "validation_examples": 5349}
