/home/longt29/miniconda3/envs/curve/lib/python3.11/site-packages/torchvision/datasets/cifar.py:83: VisibleDeprecationWarning: dtype(): align should be passed as Python or NumPy boolean but got `align=0`. Did you mean to pass a tuple to create a subarray type? (Deprecated NumPy 2.4)
  entry = pickle.load(f, encoding="latin1")
{"method": "dp-adam-momentum-bias-bandinvmf", "smoke": false, "calibration": {"target_mu": 1.6660305978457184, "sensitivity": 4.065608121489227, "innovation_std_sum": 244.02961906860006, "adjacency": "add_remove_zero_out", "k": 5, "b_participation": 50, "sampling_amplification": false}, "coefficients": [1.0, -0.53161943769869, -0.0779998119461293, -0.2795535556950146]}
sys:1: UserWarning: Full backward hook is firing when gradients are computed with respect to module outputs since no inputs require gradients. See https://docs.pytorch.org/docs/main/generated/torch.nn.Module.html#torch.nn.Module.register_full_backward_hook for more details.
{"progress_step": 10, "epoch": 1, "train_loss_so_far": 4.659134655761719, "clip_fraction_so_far": 0.0357}
{"progress_step": 20, "epoch": 1, "train_loss_so_far": 4.435647698974609, "clip_fraction_so_far": 0.02295}
{"progress_step": 30, "epoch": 1, "train_loss_so_far": 4.19543872273763, "clip_fraction_so_far": 0.0705}
{"progress_step": 40, "epoch": 1, "train_loss_so_far": 3.9414563873291018, "clip_fraction_so_far": 0.181675}
{"progress_step": 50, "epoch": 1, "train_loss_so_far": 3.701333035888672, "clip_fraction_so_far": 0.2698}
{"epoch": 1, "logical_steps": 50, "train_examples": 50000, "train_loss": 3.701333035888672, "test_loss": 2.2032764251708983, "test_top1": 0.4258, "clip_fraction": 0.2698, "gdp_mu": 0.7271304784322894, "gdp_epsilon": 3.037976902428691, "target_mu": 1.6660305978457184, "target_epsilon": 8.0, "delta": 1e-05, "noise_std": 0.2853011411343001, "noise_std_space": "gradient", "innovation_std_sum": 244.02961906860006, "augmentation_trace_sha256": "d63da21bdb0b5208efde32fe6efd500a1dd8422cf2de8538c5d20df0af3afa1c", "seconds": 147.61332554370165}
{"progress_step": 60, "epoch": 2, "train_loss_so_far": 2.4276613830566407, "clip_fraction_so_far": 0.6241}
{"progress_step": 70, "epoch": 2, "train_loss_so_far": 2.3385616027832032, "clip_fraction_so_far": 0.6148}
{"progress_step": 80, "epoch": 2, "train_loss_so_far": 2.241315447998047, "clip_fraction_so_far": 0.5986666666666667}
{"progress_step": 90, "epoch": 2, "train_loss_so_far": 2.1688183097839357, "clip_fraction_so_far": 0.586575}
{"progress_step": 100, "epoch": 2, "train_loss_so_far": 2.100108293457031, "clip_fraction_so_far": 0.5793}
{"epoch": 2, "logical_steps": 100, "train_examples": 50000, "train_loss": 2.100108293457031, "test_loss": 1.338958367919922, "test_top1": 0.6281, "clip_fraction": 0.5793, "gdp_mu": 1.0438331619280494, "gdp_epsilon": 4.600416946348178, "target_mu": 1.6660305978457184, "target_epsilon": 8.0, "delta": 1e-05, "noise_std": 0.2853011411343001, "noise_std_space": "gradient", "innovation_std_sum": 244.02961906860006, "augmentation_trace_sha256": "eba11842858511941e69682cb3174b7d5e6fd73ab7d8425892c6d4fc55cf418b", "seconds": 139.56583710759878}
{"progress_step": 110, "epoch": 3, "train_loss_so_far": 1.7626593292236328, "clip_fraction_so_far": 0.5379}
{"progress_step": 120, "epoch": 3, "train_loss_so_far": 1.7370476638793946, "clip_fraction_so_far": 0.53425}
{"progress_step": 130, "epoch": 3, "train_loss_so_far": 1.7018340464274089, "clip_fraction_so_far": 0.5275666666666666}
{"progress_step": 140, "epoch": 3, "train_loss_so_far": 1.6828866096496582, "clip_fraction_so_far": 0.5234}
{"progress_step": 150, "epoch": 3, "train_loss_so_far": 1.6619031884765625, "clip_fraction_so_far": 0.52032}
{"epoch": 3, "logical_steps": 150, "train_examples": 50000, "train_loss": 1.6619031884765625, "test_loss": 1.059276448059082, "test_top1": 0.6891, "clip_fraction": 0.52032, "gdp_mu": 1.2851399415460758, "gdp_epsilon": 5.868262919898993, "target_mu": 1.6660305978457184, "target_epsilon": 8.0, "delta": 1e-05, "noise_std": 0.2853011411343001, "noise_std_space": "gradient", "innovation_std_sum": 244.02961906860006, "augmentation_trace_sha256": "f4ab582ea37ff08d6c3ec209d5c76a6a59fcdd228971935ccfe60255636fc688", "seconds": 139.5764159820974}
{"progress_step": 160, "epoch": 4, "train_loss_so_far": 1.5456366119384766, "clip_fraction_so_far": 0.5025}
{"progress_step": 170, "epoch": 4, "train_loss_so_far": 1.5281023025512694, "clip_fraction_so_far": 0.4994}
{"progress_step": 180, "epoch": 4, "train_loss_so_far": 1.5050928395589194, "clip_fraction_so_far": 0.49646666666666667}
{"progress_step": 190, "epoch": 4, "train_loss_so_far": 1.4937773193359376, "clip_fraction_so_far": 0.493675}
{"progress_step": 200, "epoch": 4, "train_loss_so_far": 1.4838222033691406, "clip_fraction_so_far": 0.49064}
{"epoch": 4, "logical_steps": 200, "train_examples": 50000, "train_loss": 1.4838222033691406, "test_loss": 0.9320406875610352, "test_top1": 0.7232, "clip_fraction": 0.49064, "gdp_mu": 1.4878241288541523, "gdp_epsilon": 6.983019766523851, "target_mu": 1.6660305978457184, "target_epsilon": 8.0, "delta": 1e-05, "noise_std": 0.2853011411343001, "noise_std_space": "gradient", "innovation_std_sum": 244.02961906860006, "augmentation_trace_sha256": "eeab75a2450d737b335b1b301c8415d8e4847a2415b1acc4f6665e5915aa923a", "seconds": 138.44950922206044}
{"progress_step": 210, "epoch": 5, "train_loss_so_far": 1.4419984130859376, "clip_fraction_so_far": 0.479}
{"progress_step": 220, "epoch": 5, "train_loss_so_far": 1.4284072341918945, "clip_fraction_so_far": 0.4783}
{"progress_step": 230, "epoch": 5, "train_loss_so_far": 1.411624799601237, "clip_fraction_so_far": 0.4746}
{"progress_step": 240, "epoch": 5, "train_loss_so_far": 1.410444775390625, "clip_fraction_so_far": 0.474775}
{"progress_step": 250, "epoch": 5, "train_loss_so_far": 1.4017404510498046, "clip_fraction_so_far": 0.4734}
{"epoch": 5, "logical_steps": 250, "train_examples": 50000, "train_loss": 1.4017404510498046, "test_loss": 0.8694981338500977, "test_top1": 0.741, "clip_fraction": 0.4734, "gdp_mu": 1.6660305978457184, "gdp_epsilon": 8.000000000000005, "target_mu": 1.6660305978457184, "target_epsilon": 8.0, "delta": 1e-05, "noise_std": 0.2853011411343001, "noise_std_space": "gradient", "innovation_std_sum": 244.02961906860006, "augmentation_trace_sha256": "41f1cb58f0307df20ce87cfb313693105a3d89f587b34546eb06562652fb22c3", "seconds": 140.20768868550658}
{"status": "completed", "results": "/media/data/data/lt/dp-adam-correlated/exp7b/results/search/trials/4cab8a9fcf6e0e1d"}
