/home/longt29/miniconda3/envs/curve/lib/python3.11/site-packages/torchvision/datasets/cifar.py:83: VisibleDeprecationWarning: dtype(): align should be passed as Python or NumPy boolean but got `align=0`. Did you mean to pass a tuple to create a subarray type? (Deprecated NumPy 2.4)
  entry = pickle.load(f, encoding="latin1")
{"method": "dp-adam-momentum-bandinvmf", "smoke": false, "calibration": {"target_mu": 1.6660305978457184, "sensitivity": 7.852751308631718, "innovation_std_sum": 141.40348896567355, "adjacency": "add_remove_zero_out", "k": 5, "b_participation": 50, "sampling_amplification": false}, "coefficients": [1.0, -0.95, -0.0012500000000000844, -0.001187499999999897]}
sys:1: UserWarning: Full backward hook is firing when gradients are computed with respect to module outputs since no inputs require gradients. See https://docs.pytorch.org/docs/main/generated/torch.nn.Module.html#torch.nn.Module.register_full_backward_hook for more details.
{"progress_step": 10, "epoch": 1, "train_loss_so_far": 4.708834509277343, "clip_fraction_so_far": 1.0}
{"progress_step": 20, "epoch": 1, "train_loss_so_far": 4.528483148193359, "clip_fraction_so_far": 0.99985}
{"progress_step": 30, "epoch": 1, "train_loss_so_far": 4.340336073811849, "clip_fraction_so_far": 0.9999}
{"progress_step": 40, "epoch": 1, "train_loss_so_far": 4.152640213012695, "clip_fraction_so_far": 0.999775}
{"progress_step": 50, "epoch": 1, "train_loss_so_far": 3.9768770556640627, "clip_fraction_so_far": 0.99914}
{"epoch": 1, "logical_steps": 50, "train_examples": 50000, "train_loss": 3.9768770556640627, "test_loss": 2.851979119873047, "test_top1": 0.297, "clip_fraction": 0.99914, "gdp_mu": 0.6922887915534621, "gdp_epsilon": 2.8734263506543494, "target_mu": 1.6660305978457184, "target_epsilon": 8.0, "delta": 1e-05, "noise_std": 0.19503959987396557, "noise_std_space": "gradient", "innovation_std_sum": 141.40348896567355, "augmentation_trace_sha256": "b956146f05d624eaedb531429d7f2ecd6e84a42ff862a99950dc56e91b439839", "seconds": 146.81731130369008}
{"progress_step": 60, "epoch": 2, "train_loss_so_far": 2.9625310546875, "clip_fraction_so_far": 0.99}
{"progress_step": 70, "epoch": 2, "train_loss_so_far": 2.8475872100830077, "clip_fraction_so_far": 0.9852}
{"progress_step": 80, "epoch": 2, "train_loss_so_far": 2.7403797831217447, "clip_fraction_so_far": 0.9783666666666667}
{"progress_step": 90, "epoch": 2, "train_loss_so_far": 2.6512695068359373, "clip_fraction_so_far": 0.97185}
{"progress_step": 100, "epoch": 2, "train_loss_so_far": 2.5748444299316406, "clip_fraction_so_far": 0.96404}
{"epoch": 2, "logical_steps": 100, "train_examples": 50000, "train_loss": 2.5748444299316406, "test_loss": 1.798952896118164, "test_top1": 0.5233, "clip_fraction": 0.96404, "gdp_mu": 1.0231641324654879, "gdp_epsilon": 4.494876969944211, "target_mu": 1.6660305978457184, "target_epsilon": 8.0, "delta": 1e-05, "noise_std": 0.19503959987396557, "noise_std_space": "gradient", "innovation_std_sum": 141.40348896567355, "augmentation_trace_sha256": "2455761cb1d44d781ccd26c58ad39c2cd06c3954e85831c52b9ee20dff5ebf7d", "seconds": 137.36478657089174}
{"progress_step": 110, "epoch": 3, "train_loss_so_far": 2.133057568359375, "clip_fraction_so_far": 0.9132}
{"progress_step": 120, "epoch": 3, "train_loss_so_far": 2.077783348083496, "clip_fraction_so_far": 0.90555}
{"progress_step": 130, "epoch": 3, "train_loss_so_far": 2.0242377024332683, "clip_fraction_so_far": 0.8943666666666666}
{"progress_step": 140, "epoch": 3, "train_loss_so_far": 1.9974667945861817, "clip_fraction_so_far": 0.8853}
{"progress_step": 150, "epoch": 3, "train_loss_so_far": 1.9708081787109375, "clip_fraction_so_far": 0.8773}
{"epoch": 3, "logical_steps": 150, "train_examples": 50000, "train_loss": 1.9708081787109375, "test_loss": 1.3325724304199218, "test_top1": 0.6303, "clip_fraction": 0.8773, "gdp_mu": 1.273823246724324, "gdp_epsilon": 5.807351225535705, "target_mu": 1.6660305978457184, "target_epsilon": 8.0, "delta": 1e-05, "noise_std": 0.19503959987396557, "noise_std_space": "gradient", "innovation_std_sum": 141.40348896567355, "augmentation_trace_sha256": "451214a98530c42d051d21c7d0e88c777c2859122849e011866eff026240c858", "seconds": 143.07782577537}
{"progress_step": 160, "epoch": 4, "train_loss_so_far": 1.7616312683105468, "clip_fraction_so_far": 0.8272}
{"progress_step": 170, "epoch": 4, "train_loss_so_far": 1.7419441268920899, "clip_fraction_so_far": 0.82165}
{"progress_step": 180, "epoch": 4, "train_loss_so_far": 1.7135503875732423, "clip_fraction_so_far": 0.8124666666666667}
{"progress_step": 190, "epoch": 4, "train_loss_so_far": 1.6982584037780761, "clip_fraction_so_far": 0.806375}
{"progress_step": 200, "epoch": 4, "train_loss_so_far": 1.6847345568847656, "clip_fraction_so_far": 0.8003}
{"epoch": 4, "logical_steps": 200, "train_examples": 50000, "train_loss": 1.6847345568847656, "test_loss": 1.100494953918457, "test_top1": 0.6861, "clip_fraction": 0.8003, "gdp_mu": 1.482939600138006, "gdp_epsilon": 6.955627916806438, "target_mu": 1.6660305978457184, "target_epsilon": 8.0, "delta": 1e-05, "noise_std": 0.19503959987396557, "noise_std_space": "gradient", "innovation_std_sum": 141.40348896567355, "augmentation_trace_sha256": "443679eea72a1a371bb911a46123db12a111d05754f7c5dcba6e5ff3ed0aa283", "seconds": 139.39147004671395}
{"progress_step": 210, "epoch": 5, "train_loss_so_far": 1.5889585327148437, "clip_fraction_so_far": 0.7682}
{"progress_step": 220, "epoch": 5, "train_loss_so_far": 1.5704031875610351, "clip_fraction_so_far": 0.7635}
{"progress_step": 230, "epoch": 5, "train_loss_so_far": 1.5467662241617839, "clip_fraction_so_far": 0.754}
{"progress_step": 240, "epoch": 5, "train_loss_so_far": 1.5426482078552246, "clip_fraction_so_far": 0.748625}
{"progress_step": 250, "epoch": 5, "train_loss_so_far": 1.530738571166992, "clip_fraction_so_far": 0.74566}
{"epoch": 5, "logical_steps": 250, "train_examples": 50000, "train_loss": 1.530738571166992, "test_loss": 0.969583659362793, "test_top1": 0.7165, "clip_fraction": 0.74566, "gdp_mu": 1.6660305978457184, "gdp_epsilon": 8.000000000000005, "target_mu": 1.6660305978457184, "target_epsilon": 8.0, "delta": 1e-05, "noise_std": 0.19503959987396557, "noise_std_space": "gradient", "innovation_std_sum": 141.40348896567355, "augmentation_trace_sha256": "f66dc1e8dd9adced9d45b6ce8a2e776f27cd0357650b018ef913f281bc23cadb", "seconds": 140.0625665448606}
{"status": "completed", "results": "/media/data/data/lt/dp-adam-correlated/exp7b/results/final/trials/d6db07bdd098a2e8"}
