/home/longt29/miniconda3/envs/curve/lib/python3.11/site-packages/torchvision/datasets/cifar.py:83: VisibleDeprecationWarning: dtype(): align should be passed as Python or NumPy boolean but got `align=0`. Did you mean to pass a tuple to create a subarray type? (Deprecated NumPy 2.4)
  entry = pickle.load(f, encoding="latin1")
{"method": "dp-adam-momentum-bias-bandinvmf", "smoke": false, "calibration": {"target_mu": 1.6660305978457184, "sensitivity": 4.065608121489227, "innovation_std_sum": 24.402961906860007, "adjacency": "add_remove_zero_out", "k": 5, "b_participation": 50, "sampling_amplification": false}, "coefficients": [1.0, -0.53161943769869, -0.0779998119461293, -0.2795535556950146]}
sys:1: UserWarning: Full backward hook is firing when gradients are computed with respect to module outputs since no inputs require gradients. See https://docs.pytorch.org/docs/main/generated/torch.nn.Module.html#torch.nn.Module.register_full_backward_hook for more details.
{"progress_step": 10, "epoch": 1, "train_loss_so_far": 4.5830417846679685, "clip_fraction_so_far": 1.0}
{"progress_step": 20, "epoch": 1, "train_loss_so_far": 4.203003280639648, "clip_fraction_so_far": 1.0}
{"progress_step": 30, "epoch": 1, "train_loss_so_far": 3.8405957987467447, "clip_fraction_so_far": 0.9996666666666667}
{"progress_step": 40, "epoch": 1, "train_loss_so_far": 3.5487032516479493, "clip_fraction_so_far": 0.998125}
{"progress_step": 50, "epoch": 1, "train_loss_so_far": 3.3113026440429687, "clip_fraction_so_far": 0.99482}
{"epoch": 1, "logical_steps": 50, "train_examples": 50000, "train_loss": 3.3113026440429687, "test_loss": 1.8021703186035156, "test_top1": 0.5043, "clip_fraction": 0.99482, "gdp_mu": 0.7271304784322893, "gdp_epsilon": 3.0379769024286927, "target_mu": 1.6660305978457184, "target_epsilon": 8.0, "delta": 1e-05, "noise_std": 0.028530114113430014, "noise_std_space": "gradient", "innovation_std_sum": 24.402961906860007, "augmentation_trace_sha256": "d63da21bdb0b5208efde32fe6efd500a1dd8422cf2de8538c5d20df0af3afa1c", "seconds": 147.89587875455618}
{"progress_step": 60, "epoch": 2, "train_loss_so_far": 2.12698564453125, "clip_fraction_so_far": 0.9637}
{"progress_step": 70, "epoch": 2, "train_loss_so_far": 2.0647938720703123, "clip_fraction_so_far": 0.95185}
{"progress_step": 80, "epoch": 2, "train_loss_so_far": 1.9906700531005859, "clip_fraction_so_far": 0.9377666666666666}
{"progress_step": 90, "epoch": 2, "train_loss_so_far": 1.9410103424072265, "clip_fraction_so_far": 0.9257}
{"progress_step": 100, "epoch": 2, "train_loss_so_far": 1.8879382049560547, "clip_fraction_so_far": 0.91498}
{"epoch": 2, "logical_steps": 100, "train_examples": 50000, "train_loss": 1.8879382049560547, "test_loss": 1.1625403259277345, "test_top1": 0.6597, "clip_fraction": 0.91498, "gdp_mu": 1.0438331619280494, "gdp_epsilon": 4.600416946348178, "target_mu": 1.6660305978457184, "target_epsilon": 8.0, "delta": 1e-05, "noise_std": 0.028530114113430014, "noise_std_space": "gradient", "innovation_std_sum": 24.402961906860007, "augmentation_trace_sha256": "eba11842858511941e69682cb3174b7d5e6fd73ab7d8425892c6d4fc55cf418b", "seconds": 138.81356836110353}
{"progress_step": 110, "epoch": 3, "train_loss_so_far": 1.6332343963623046, "clip_fraction_so_far": 0.8541}
{"progress_step": 120, "epoch": 3, "train_loss_so_far": 1.6185054473876954, "clip_fraction_so_far": 0.843}
{"progress_step": 130, "epoch": 3, "train_loss_so_far": 1.5870442616780598, "clip_fraction_so_far": 0.8336666666666667}
{"progress_step": 140, "epoch": 3, "train_loss_so_far": 1.5764490272521972, "clip_fraction_so_far": 0.825125}
{"progress_step": 150, "epoch": 3, "train_loss_so_far": 1.5638890417480469, "clip_fraction_so_far": 0.81826}
{"epoch": 3, "logical_steps": 150, "train_examples": 50000, "train_loss": 1.5638890417480469, "test_loss": 0.9484171585083008, "test_top1": 0.7118, "clip_fraction": 0.81826, "gdp_mu": 1.2851399415460756, "gdp_epsilon": 5.868262919898992, "target_mu": 1.6660305978457184, "target_epsilon": 8.0, "delta": 1e-05, "noise_std": 0.028530114113430014, "noise_std_space": "gradient", "innovation_std_sum": 24.402961906860007, "augmentation_trace_sha256": "f4ab582ea37ff08d6c3ec209d5c76a6a59fcdd228971935ccfe60255636fc688", "seconds": 140.2898892350495}
{"progress_step": 160, "epoch": 4, "train_loss_so_far": 1.4785072937011718, "clip_fraction_so_far": 0.7764}
{"progress_step": 170, "epoch": 4, "train_loss_so_far": 1.4648479080200196, "clip_fraction_so_far": 0.7708}
{"progress_step": 180, "epoch": 4, "train_loss_so_far": 1.446670625813802, "clip_fraction_so_far": 0.7623666666666666}
{"progress_step": 190, "epoch": 4, "train_loss_so_far": 1.4373110694885254, "clip_fraction_so_far": 0.756925}
{"progress_step": 200, "epoch": 4, "train_loss_so_far": 1.4322105340576172, "clip_fraction_so_far": 0.75238}
{"epoch": 4, "logical_steps": 200, "train_examples": 50000, "train_loss": 1.4322105340576172, "test_loss": 0.8638787124633789, "test_top1": 0.7419, "clip_fraction": 0.75238, "gdp_mu": 1.4878241288541523, "gdp_epsilon": 6.983019766523851, "target_mu": 1.6660305978457184, "target_epsilon": 8.0, "delta": 1e-05, "noise_std": 0.028530114113430014, "noise_std_space": "gradient", "innovation_std_sum": 24.402961906860007, "augmentation_trace_sha256": "eeab75a2450d737b335b1b301c8415d8e4847a2415b1acc4f6665e5915aa923a", "seconds": 142.58609802275896}
{"progress_step": 210, "epoch": 5, "train_loss_so_far": 1.4103475708007813, "clip_fraction_so_far": 0.7274}
{"progress_step": 220, "epoch": 5, "train_loss_so_far": 1.4017124954223632, "clip_fraction_so_far": 0.72295}
{"progress_step": 230, "epoch": 5, "train_loss_so_far": 1.3840078542073568, "clip_fraction_so_far": 0.717}
{"progress_step": 240, "epoch": 5, "train_loss_so_far": 1.3852944221496581, "clip_fraction_so_far": 0.714875}
{"progress_step": 250, "epoch": 5, "train_loss_so_far": 1.37876294921875, "clip_fraction_so_far": 0.71196}
{"epoch": 5, "logical_steps": 250, "train_examples": 50000, "train_loss": 1.37876294921875, "test_loss": 0.8344797302246094, "test_top1": 0.7542, "clip_fraction": 0.71196, "gdp_mu": 1.6660305978457184, "gdp_epsilon": 8.000000000000005, "target_mu": 1.6660305978457184, "target_epsilon": 8.0, "delta": 1e-05, "noise_std": 0.028530114113430014, "noise_std_space": "gradient", "innovation_std_sum": 24.402961906860007, "augmentation_trace_sha256": "41f1cb58f0307df20ce87cfb313693105a3d89f587b34546eb06562652fb22c3", "seconds": 143.26908531412482}
{"status": "completed", "results": "/media/data/data/lt/dp-adam-correlated/exp7b/results/search/trials/68e212c0e29b0553"}
