/home/longt29/miniconda3/envs/curve/lib/python3.11/site-packages/torchvision/datasets/cifar.py:83: VisibleDeprecationWarning: dtype(): align should be passed as Python or NumPy boolean but got `align=0`. Did you mean to pass a tuple to create a subarray type? (Deprecated NumPy 2.4)
  entry = pickle.load(f, encoding="latin1")
sys:1: UserWarning: Full backward hook is firing when gradients are computed with respect to module outputs since no inputs require gradients. See https://docs.pytorch.org/docs/main/generated/torch.nn.Module.html#torch.nn.Module.register_full_backward_hook for more details.
{"step": 10, "epoch": 1, "train_loss": 4.476618408203125, "clip_fraction": 1.0, "gradient_norm_mean": 361.3983359375, "gradient_norm_max": 698.910400390625, "step_seconds": 2.076156560331583, "innovation_std_sum": 144.0803108758691, "noise_marginal_std_sum": 198.73177379497218}
{"step": 20, "epoch": 1, "train_loss": 4.072938720703125, "clip_fraction": 1.0, "gradient_norm_mean": 572.278890625, "gradient_norm_max": 1207.350830078125, "step_seconds": 2.15897611156106, "innovation_std_sum": 144.0803108758691, "noise_marginal_std_sum": 198.73177379497218}
{"step": 30, "epoch": 1, "train_loss": 3.6418128051757814, "clip_fraction": 1.0, "gradient_norm_mean": 792.571546875, "gradient_norm_max": 2519.061767578125, "step_seconds": 2.22491205483675, "innovation_std_sum": 144.0803108758691, "noise_marginal_std_sum": 198.73177379497218}
{"step": 40, "epoch": 1, "train_loss": 3.230997802734375, "clip_fraction": 1.0, "gradient_norm_mean": 904.426140625, "gradient_norm_max": 2916.534912109375, "step_seconds": 2.113889455795288, "innovation_std_sum": 144.0803108758691, "noise_marginal_std_sum": 198.73177379497218}
{"epoch": 1, "step": 45, "train_loss": 3.9363362820095484, "clip_fraction": 1.0, "epsilon": 2.805247463992718, "accuracy": 0.3278, "validation_loss": 2.67634853515625, "validation_examples": 5000}
{"step": 50, "epoch": 2, "train_loss": 2.828995361328125, "clip_fraction": 1.0, "gradient_norm_mean": 940.995625, "gradient_norm_max": 3293.525146484375, "step_seconds": 2.0778980664908886, "innovation_std_sum": 144.0803108758691, "noise_marginal_std_sum": 198.73177379497218}
{"step": 60, "epoch": 2, "train_loss": 2.6675125732421874, "clip_fraction": 1.0, "gradient_norm_mean": 965.94278125, "gradient_norm_max": 3348.669677734375, "step_seconds": 2.179968450218439, "innovation_std_sum": 144.0803108758691, "noise_marginal_std_sum": 198.73177379497218}
{"step": 70, "epoch": 2, "train_loss": 2.3601603393554687, "clip_fraction": 0.997, "gradient_norm_mean": 932.8656875, "gradient_norm_max": 4436.42919921875, "step_seconds": 2.174455748870969, "innovation_std_sum": 144.0803108758691, "noise_marginal_std_sum": 198.73177379497218}
{"step": 80, "epoch": 2, "train_loss": 2.3543138427734376, "clip_fraction": 0.992, "gradient_norm_mean": 993.555265625, "gradient_norm_max": 4222.82568359375, "step_seconds": 2.208344778046012, "innovation_std_sum": 144.0803108758691, "noise_marginal_std_sum": 198.73177379497218}
{"step": 90, "epoch": 2, "train_loss": 2.1593552856445313, "clip_fraction": 0.991, "gradient_norm_mean": 985.227046875, "gradient_norm_max": 3328.23291015625, "step_seconds": 2.2017782609909773, "innovation_std_sum": 144.0803108758691, "noise_marginal_std_sum": 198.73177379497218}
{"epoch": 2, "step": 90, "train_loss": 2.4918514383951824, "clip_fraction": 0.9957777777777778, "epsilon": 4.4474719255524375, "accuracy": 0.5426, "validation_loss": 1.6780052001953125, "validation_examples": 5000}
{"step": 100, "epoch": 3, "train_loss": 1.9824778747558593, "clip_fraction": 0.977, "gradient_norm_mean": 940.749515625, "gradient_norm_max": 3623.66064453125, "step_seconds": 2.160806993022561, "innovation_std_sum": 144.0803108758691, "noise_marginal_std_sum": 198.73177379497218}
{"step": 110, "epoch": 3, "train_loss": 1.925646942138672, "clip_fraction": 0.968, "gradient_norm_mean": 962.9698125, "gradient_norm_max": 5204.5810546875, "step_seconds": 2.2172219175845385, "innovation_std_sum": 144.0803108758691, "noise_marginal_std_sum": 198.73177379497218}
{"step": 120, "epoch": 3, "train_loss": 1.831990447998047, "clip_fraction": 0.954, "gradient_norm_mean": 952.87834375, "gradient_norm_max": 4159.37451171875, "step_seconds": 2.092244381085038, "innovation_std_sum": 144.0803108758691, "noise_marginal_std_sum": 198.73177379497218}
{"step": 130, "epoch": 3, "train_loss": 1.7982660522460938, "clip_fraction": 0.945, "gradient_norm_mean": 945.73265625, "gradient_norm_max": 7235.97607421875, "step_seconds": 2.1601564958691597, "innovation_std_sum": 144.0803108758691, "noise_marginal_std_sum": 198.73177379497218}
{"epoch": 3, "step": 135, "train_loss": 1.9376806206597221, "clip_fraction": 0.9606444444444444, "epsilon": 5.779485746307642, "accuracy": 0.6392, "validation_loss": 1.2837392150878906, "validation_examples": 5000}
{"step": 140, "epoch": 4, "train_loss": 1.7451294860839843, "clip_fraction": 0.921, "gradient_norm_mean": 914.254890625, "gradient_norm_max": 4778.298828125, "step_seconds": 2.142421068623662, "innovation_std_sum": 144.0803108758691, "noise_marginal_std_sum": 198.73177379497218}
{"step": 150, "epoch": 4, "train_loss": 1.7233961181640625, "clip_fraction": 0.915, "gradient_norm_mean": 945.972, "gradient_norm_max": 6116.38623046875, "step_seconds": 2.2144408002495766, "innovation_std_sum": 144.0803108758691, "noise_marginal_std_sum": 198.73177379497218}
{"step": 160, "epoch": 4, "train_loss": 1.6960641174316406, "clip_fraction": 0.903, "gradient_norm_mean": 951.071921875, "gradient_norm_max": 5436.15087890625, "step_seconds": 2.2325167134404182, "innovation_std_sum": 144.0803108758691, "noise_marginal_std_sum": 198.73177379497218}
{"step": 170, "epoch": 4, "train_loss": 1.6681771545410156, "clip_fraction": 0.901, "gradient_norm_mean": 917.5325, "gradient_norm_max": 5139.00634765625, "step_seconds": 2.2050018701702356, "innovation_std_sum": 144.0803108758691, "noise_marginal_std_sum": 198.73177379497218}
{"step": 180, "epoch": 4, "train_loss": 1.6059988403320313, "clip_fraction": 0.877, "gradient_norm_mean": 936.706609375, "gradient_norm_max": 4193.392578125, "step_seconds": 2.1193169336766005, "innovation_std_sum": 144.0803108758691, "noise_marginal_std_sum": 198.73177379497218}
{"epoch": 4, "step": 180, "train_loss": 1.6991297573513455, "clip_fraction": 0.9078888888888889, "epsilon": 6.943065470652311, "accuracy": 0.685, "validation_loss": 1.094735580444336, "validation_examples": 5000}
{"step": 190, "epoch": 5, "train_loss": 1.5343447570800781, "clip_fraction": 0.877, "gradient_norm_mean": 938.7211875, "gradient_norm_max": 4197.12548828125, "step_seconds": 2.1313879769295454, "innovation_std_sum": 144.0803108758691, "noise_marginal_std_sum": 198.73177379497218}
{"step": 200, "epoch": 5, "train_loss": 1.6008894653320314, "clip_fraction": 0.875, "gradient_norm_mean": 963.5094375, "gradient_norm_max": 4765.84912109375, "step_seconds": 2.1928644496947527, "innovation_std_sum": 144.0803108758691, "noise_marginal_std_sum": 198.73177379497218}
{"step": 210, "epoch": 5, "train_loss": 1.5953695068359375, "clip_fraction": 0.842, "gradient_norm_mean": 940.82728125, "gradient_norm_max": 5221.7802734375, "step_seconds": 2.183880589902401, "innovation_std_sum": 144.0803108758691, "noise_marginal_std_sum": 198.73177379497218}
{"step": 220, "epoch": 5, "train_loss": 1.5412923889160157, "clip_fraction": 0.864, "gradient_norm_mean": 972.7215625, "gradient_norm_max": 5304.75537109375, "step_seconds": 2.2404236253350973, "innovation_std_sum": 144.0803108758691, "noise_marginal_std_sum": 198.73177379497218}
{"epoch": 5, "step": 225, "train_loss": 1.557993192545573, "clip_fraction": 0.8619555555555556, "epsilon": 8.000000000000005, "accuracy": 0.7118, "validation_loss": 0.9871654449462891, "validation_examples": 5000}
