/home/longt29/miniconda3/envs/curve/lib/python3.11/site-packages/torchvision/datasets/cifar.py:83: VisibleDeprecationWarning: dtype(): align should be passed as Python or NumPy boolean but got `align=0`. Did you mean to pass a tuple to create a subarray type? (Deprecated NumPy 2.4)
  entry = pickle.load(f, encoding="latin1")
sys:1: UserWarning: Full backward hook is firing when gradients are computed with respect to module outputs since no inputs require gradients. See https://docs.pytorch.org/docs/main/generated/torch.nn.Module.html#torch.nn.Module.register_full_backward_hook for more details.
{"step": 10, "epoch": 1, "train_loss": 4.130137451171875, "clip_fraction": 1.0, "gradient_norm_mean": 64.019681640625, "gradient_norm_max": 142.80137634277344, "step_seconds": 2.258152911439538, "innovation_std_sum": 5.128667806092518, "noise_marginal_std_sum": 5.7786483592774935}
{"step": 20, "epoch": 1, "train_loss": 3.2870220947265625, "clip_fraction": 1.0, "gradient_norm_mean": 98.622478515625, "gradient_norm_max": 290.5977478027344, "step_seconds": 2.3697763457894325, "innovation_std_sum": 5.128667806092518, "noise_marginal_std_sum": 5.7786483592774935}
{"step": 30, "epoch": 1, "train_loss": 2.798015869140625, "clip_fraction": 1.0, "gradient_norm_mean": 114.401177734375, "gradient_norm_max": 399.889404296875, "step_seconds": 2.451997237280011, "innovation_std_sum": 5.128667806092518, "noise_marginal_std_sum": 5.7786483592774935}
{"step": 40, "epoch": 1, "train_loss": 2.4227396240234373, "clip_fraction": 0.996, "gradient_norm_mean": 117.4170859375, "gradient_norm_max": 469.8432922363281, "step_seconds": 2.442414691671729, "innovation_std_sum": 5.128667806092518, "noise_marginal_std_sum": 5.7786483592774935}
{"epoch": 1, "step": 45, "train_loss": 3.307818318684896, "clip_fraction": 0.9991555555555556, "epsilon": 3.1232761473275077, "accuracy": 0.5042, "validation_loss": 1.8301232055664063, "validation_examples": 5000}
{"step": 50, "epoch": 2, "train_loss": 2.189566650390625, "clip_fraction": 0.983, "gradient_norm_mean": 117.89386328125, "gradient_norm_max": 529.3543090820312, "step_seconds": 2.278030825778842, "innovation_std_sum": 5.128667806092518, "noise_marginal_std_sum": 5.7786483592774935}
{"step": 60, "epoch": 2, "train_loss": 2.0136846923828124, "clip_fraction": 0.978, "gradient_norm_mean": 118.58228515625, "gradient_norm_max": 526.6646728515625, "step_seconds": 2.3854259215295315, "innovation_std_sum": 5.128667806092518, "noise_marginal_std_sum": 5.7786483592774935}
{"step": 70, "epoch": 2, "train_loss": 1.834433868408203, "clip_fraction": 0.959, "gradient_norm_mean": 115.75534765625, "gradient_norm_max": 608.0213623046875, "step_seconds": 2.3750951290130615, "innovation_std_sum": 5.128667806092518, "noise_marginal_std_sum": 5.7786483592774935}
{"step": 80, "epoch": 2, "train_loss": 1.8445328369140626, "clip_fraction": 0.952, "gradient_norm_mean": 121.217037109375, "gradient_norm_max": 889.6284790039062, "step_seconds": 2.414974469691515, "innovation_std_sum": 5.128667806092518, "noise_marginal_std_sum": 5.7786483592774935}
{"step": 90, "epoch": 2, "train_loss": 1.7661683959960937, "clip_fraction": 0.928, "gradient_norm_mean": 119.8865078125, "gradient_norm_max": 618.6951293945312, "step_seconds": 2.4438460115343332, "innovation_std_sum": 5.128667806092518, "noise_marginal_std_sum": 5.7786483592774935}
{"epoch": 2, "step": 90, "train_loss": 1.9812331943088108, "clip_fraction": 0.9645555555555556, "epsilon": 4.650911679155916, "accuracy": 0.6374, "validation_loss": 1.2794960693359374, "validation_examples": 5000}
{"step": 100, "epoch": 3, "train_loss": 1.8020467529296875, "clip_fraction": 0.919, "gradient_norm_mean": 130.016845703125, "gradient_norm_max": 909.3968505859375, "step_seconds": 2.425923841074109, "innovation_std_sum": 5.128667806092518, "noise_marginal_std_sum": 5.7786483592774935}
{"step": 110, "epoch": 3, "train_loss": 1.6395108337402344, "clip_fraction": 0.913, "gradient_norm_mean": 121.169337890625, "gradient_norm_max": 524.7105102539062, "step_seconds": 2.443811109289527, "innovation_std_sum": 5.128667806092518, "noise_marginal_std_sum": 5.7786483592774935}
{"step": 120, "epoch": 3, "train_loss": 1.7602151489257813, "clip_fraction": 0.908, "gradient_norm_mean": 135.3480625, "gradient_norm_max": 708.3848876953125, "step_seconds": 2.4382421895861626, "innovation_std_sum": 5.128667806092518, "noise_marginal_std_sum": 5.7786483592774935}
{"step": 130, "epoch": 3, "train_loss": 1.597602783203125, "clip_fraction": 0.881, "gradient_norm_mean": 125.013212890625, "gradient_norm_max": 666.9736938476562, "step_seconds": 2.486532285809517, "innovation_std_sum": 5.128667806092518, "noise_marginal_std_sum": 5.7786483592774935}
{"epoch": 3, "step": 135, "train_loss": 1.7198549099392362, "clip_fraction": 0.9024888888888889, "epsilon": 5.897166745944287, "accuracy": 0.6734, "validation_loss": 1.1229041900634766, "validation_examples": 5000}
{"step": 140, "epoch": 4, "train_loss": 1.5137216796875, "clip_fraction": 0.87, "gradient_norm_mean": 125.34088671875, "gradient_norm_max": 551.383544921875, "step_seconds": 2.331600012257695, "innovation_std_sum": 5.128667806092518, "noise_marginal_std_sum": 5.7786483592774935}
{"step": 150, "epoch": 4, "train_loss": 1.6175673828125, "clip_fraction": 0.864, "gradient_norm_mean": 135.18905078125, "gradient_norm_max": 620.6187744140625, "step_seconds": 2.436515787616372, "innovation_std_sum": 5.128667806092518, "noise_marginal_std_sum": 5.7786483592774935}
{"step": 160, "epoch": 4, "train_loss": 1.505510772705078, "clip_fraction": 0.853, "gradient_norm_mean": 122.8983203125, "gradient_norm_max": 720.7242431640625, "step_seconds": 2.4184895288199186, "innovation_std_sum": 5.128667806092518, "noise_marginal_std_sum": 5.7786483592774935}
{"step": 170, "epoch": 4, "train_loss": 1.66410595703125, "clip_fraction": 0.85, "gradient_norm_mean": 135.301748046875, "gradient_norm_max": 706.5671997070312, "step_seconds": 2.4739276189357042, "innovation_std_sum": 5.128667806092518, "noise_marginal_std_sum": 5.7786483592774935}
{"step": 180, "epoch": 4, "train_loss": 1.5806006774902344, "clip_fraction": 0.838, "gradient_norm_mean": 133.2763125, "gradient_norm_max": 661.9533081054688, "step_seconds": 2.446901658549905, "innovation_std_sum": 5.128667806092518, "noise_marginal_std_sum": 5.7786483592774935}
{"epoch": 4, "step": 180, "train_loss": 1.6290246500651042, "clip_fraction": 0.8610888888888889, "epsilon": 6.9960307474663415, "accuracy": 0.6934, "validation_loss": 1.063353759765625, "validation_examples": 5000}
{"step": 190, "epoch": 5, "train_loss": 1.6430897521972656, "clip_fraction": 0.844, "gradient_norm_mean": 134.83305859375, "gradient_norm_max": 691.40869140625, "step_seconds": 2.3416016455739737, "innovation_std_sum": 5.128667806092518, "noise_marginal_std_sum": 5.7786483592774935}
{"step": 200, "epoch": 5, "train_loss": 1.5987689208984375, "clip_fraction": 0.834, "gradient_norm_mean": 130.51899609375, "gradient_norm_max": 767.3511962890625, "step_seconds": 2.434282749891281, "innovation_std_sum": 5.128667806092518, "noise_marginal_std_sum": 5.7786483592774935}
{"step": 210, "epoch": 5, "train_loss": 1.7298007202148438, "clip_fraction": 0.845, "gradient_norm_mean": 142.933640625, "gradient_norm_max": 715.3109741210938, "step_seconds": 2.4289254061877728, "innovation_std_sum": 5.128667806092518, "noise_marginal_std_sum": 5.7786483592774935}
{"step": 220, "epoch": 5, "train_loss": 1.5086936645507814, "clip_fraction": 0.83, "gradient_norm_mean": 132.6539609375, "gradient_norm_max": 814.276611328125, "step_seconds": 2.4640841390937567, "innovation_std_sum": 5.128667806092518, "noise_marginal_std_sum": 5.7786483592774935}
{"epoch": 5, "step": 225, "train_loss": 1.6164344116210938, "clip_fraction": 0.8348444444444444, "epsilon": 8.000000000000005, "accuracy": 0.7054, "validation_loss": 1.059729119873047, "validation_examples": 5000}
