Loading weights:   0%|          | 0/39 [00:00<?, ?it/s]Loading weights: 100%|██████████| 39/39 [00:00<00:00, 18767.54it/s]
[transformers] [1mBertModel LOAD REPORT[0m from: /media/data/data/lt/dp-adam-correlated/cache/bert-tiny
Key                                        | Status     |  | 
-------------------------------------------+------------+--+-
cls.predictions.transform.LayerNorm.weight | UNEXPECTED |  | 
cls.predictions.transform.dense.bias       | UNEXPECTED |  | 
cls.predictions.transform.dense.weight     | UNEXPECTED |  | 
cls.seq_relationship.weight                | UNEXPECTED |  | 
cls.seq_relationship.bias                  | UNEXPECTED |  | 
cls.predictions.decoder.bias               | UNEXPECTED |  | 
cls.predictions.transform.LayerNorm.bias   | UNEXPECTED |  | 
cls.predictions.bias                       | UNEXPECTED |  | 
cls.predictions.decoder.weight             | UNEXPECTED |  | 

Notes:
- UNEXPECTED:	can be ignored when loading from different task/architecture; not ok if you expect identical arch.
sys:1: UserWarning: Full backward hook is firing when gradients are computed with respect to module outputs since no inputs require gradients. See https://docs.pytorch.org/docs/main/generated/torch.nn.Module.html#torch.nn.Module.register_full_backward_hook for more details.
{"step": 10, "epoch": 1, "train_loss": 0.7460904541015625, "clip_fraction": 1.0, "gradient_norm_mean": 7.125880859375, "gradient_norm_max": 13.321470260620117, "step_seconds": 0.2604607343673706, "innovation_std_sum": 1.3421530075084847, "noise_marginal_std_sum": 1.3421530075084847}
{"step": 20, "epoch": 1, "train_loss": 0.9192455444335937, "clip_fraction": 1.0, "gradient_norm_mean": 7.3976962890625, "gradient_norm_max": 20.89665985107422, "step_seconds": 0.2606999799609184, "innovation_std_sum": 1.3421530075084847, "noise_marginal_std_sum": 1.3421530075084847}
{"step": 30, "epoch": 1, "train_loss": 1.2102244873046875, "clip_fraction": 0.782, "gradient_norm_mean": 7.75960009765625, "gradient_norm_max": 23.930248260498047, "step_seconds": 0.261776277795434, "innovation_std_sum": 1.3421530075084847, "noise_marginal_std_sum": 1.3421530075084847}
{"step": 40, "epoch": 1, "train_loss": 1.381416748046875, "clip_fraction": 0.478, "gradient_norm_mean": 8.2284501953125, "gradient_norm_max": 31.749292373657227, "step_seconds": 0.26624066196382046, "innovation_std_sum": 1.3421530075084847, "noise_marginal_std_sum": 1.3421530075084847}
{"step": 50, "epoch": 1, "train_loss": 1.304429443359375, "clip_fraction": 0.66, "gradient_norm_mean": 9.367943359375, "gradient_norm_max": 35.58600616455078, "step_seconds": 0.2600309420377016, "innovation_std_sum": 1.3421530075084847, "noise_marginal_std_sum": 1.3421530075084847}
{"step": 60, "epoch": 1, "train_loss": 1.3683402099609374, "clip_fraction": 0.673, "gradient_norm_mean": 11.392466796875, "gradient_norm_max": 46.35563659667969, "step_seconds": 0.2596322949975729, "innovation_std_sum": 1.3421530075084847, "noise_marginal_std_sum": 1.3421530075084847}
{"epoch": 1, "step": 62, "train_loss": 1.1186314106602822, "clip_fraction": 0.7844354838709677, "epsilon": 3.1232925162148555, "accuracy": 0.557861282482707, "validation_loss": 1.3385087072258688, "validation_examples": 5349}
{"step": 70, "epoch": 2, "train_loss": 1.312808349609375, "clip_fraction": 0.684, "gradient_norm_mean": 13.93666796875, "gradient_norm_max": 55.565486907958984, "step_seconds": 0.25425612553954124, "innovation_std_sum": 1.3421530075084847, "noise_marginal_std_sum": 1.3421530075084847}
{"step": 80, "epoch": 2, "train_loss": 1.2633209228515625, "clip_fraction": 0.778, "gradient_norm_mean": 19.752396484375, "gradient_norm_max": 87.6042251586914, "step_seconds": 0.25879512540996075, "innovation_std_sum": 1.3421530075084847, "noise_marginal_std_sum": 1.3421530075084847}
{"step": 90, "epoch": 2, "train_loss": 1.0310068359375, "clip_fraction": 0.806, "gradient_norm_mean": 24.564251953125, "gradient_norm_max": 113.84332275390625, "step_seconds": 0.2599980067461729, "innovation_std_sum": 1.3421530075084847, "noise_marginal_std_sum": 1.3421530075084847}
{"step": 100, "epoch": 2, "train_loss": 1.0918533935546875, "clip_fraction": 0.792, "gradient_norm_mean": 31.16986328125, "gradient_norm_max": 130.0059814453125, "step_seconds": 0.25890137255191803, "innovation_std_sum": 1.3421530075084847, "noise_marginal_std_sum": 1.3421530075084847}
{"step": 110, "epoch": 2, "train_loss": 0.87750146484375, "clip_fraction": 0.802, "gradient_norm_mean": 35.02786328125, "gradient_norm_max": 186.4964599609375, "step_seconds": 0.25942921824753284, "innovation_std_sum": 1.3421530075084847, "noise_marginal_std_sum": 1.3421530075084847}
{"step": 120, "epoch": 2, "train_loss": 0.7194795532226562, "clip_fraction": 0.833, "gradient_norm_mean": 37.9492890625, "gradient_norm_max": 257.6367492675781, "step_seconds": 0.26429540291428566, "innovation_std_sum": 1.3421530075084847, "noise_marginal_std_sum": 1.3421530075084847}
{"epoch": 2, "step": 124, "train_loss": 1.0698894348144532, "clip_fraction": 0.7820483870967742, "epsilon": 4.650921021133028, "accuracy": 0.6969527014395214, "validation_loss": 0.6983198007928432, "validation_examples": 5349}
{"step": 130, "epoch": 3, "train_loss": 0.69531884765625, "clip_fraction": 0.793, "gradient_norm_mean": 43.1615625, "gradient_norm_max": 311.0285339355469, "step_seconds": 0.26082910038530827, "innovation_std_sum": 1.3421530075084847, "noise_marginal_std_sum": 1.3421530075084847}
{"step": 140, "epoch": 3, "train_loss": 0.8234688720703125, "clip_fraction": 0.754, "gradient_norm_mean": 52.4159765625, "gradient_norm_max": 382.15728759765625, "step_seconds": 0.2599964663386345, "innovation_std_sum": 1.3421530075084847, "noise_marginal_std_sum": 1.3421530075084847}
{"step": 150, "epoch": 3, "train_loss": 0.8732135009765625, "clip_fraction": 0.653, "gradient_norm_mean": 56.60341796875, "gradient_norm_max": 392.9322204589844, "step_seconds": 0.2606859430670738, "innovation_std_sum": 1.3421530075084847, "noise_marginal_std_sum": 1.3421530075084847}
{"step": 160, "epoch": 3, "train_loss": 0.9833741455078125, "clip_fraction": 0.606, "gradient_norm_mean": 62.013296875, "gradient_norm_max": 557.7354125976562, "step_seconds": 0.25975247099995613, "innovation_std_sum": 1.3421530075084847, "noise_marginal_std_sum": 1.3421530075084847}
{"step": 170, "epoch": 3, "train_loss": 1.0209312744140624, "clip_fraction": 0.593, "gradient_norm_mean": 63.977765625, "gradient_norm_max": 554.6303100585938, "step_seconds": 0.25984809175133705, "innovation_std_sum": 1.3421530075084847, "noise_marginal_std_sum": 1.3421530075084847}
{"step": 180, "epoch": 3, "train_loss": 1.10201416015625, "clip_fraction": 0.553, "gradient_norm_mean": 66.6710234375, "gradient_norm_max": 630.3799438476562, "step_seconds": 0.2599821053445339, "innovation_std_sum": 1.3421530075084847, "noise_marginal_std_sum": 1.3421530075084847}
{"epoch": 3, "step": 186, "train_loss": 0.8953491555490801, "clip_fraction": 0.6553548387096774, "epsilon": 5.897172094191146, "accuracy": 0.7479902785567396, "validation_loss": 1.0784612738722885, "validation_examples": 5349}
{"step": 190, "epoch": 4, "train_loss": 0.9298621826171874, "clip_fraction": 0.562, "gradient_norm_mean": 70.192546875, "gradient_norm_max": 608.4267578125, "step_seconds": 0.2606724947690964, "innovation_std_sum": 1.3421530075084847, "noise_marginal_std_sum": 1.3421530075084847}
{"step": 200, "epoch": 4, "train_loss": 1.02938232421875, "clip_fraction": 0.533, "gradient_norm_mean": 67.627609375, "gradient_norm_max": 634.2733764648438, "step_seconds": 0.25886948965489864, "innovation_std_sum": 1.3421530075084847, "noise_marginal_std_sum": 1.3421530075084847}
{"step": 210, "epoch": 4, "train_loss": 0.9946438598632813, "clip_fraction": 0.531, "gradient_norm_mean": 68.99846875, "gradient_norm_max": 645.2310180664062, "step_seconds": 0.25983437709510326, "innovation_std_sum": 1.3421530075084847, "noise_marginal_std_sum": 1.3421530075084847}
{"step": 220, "epoch": 4, "train_loss": 0.98321142578125, "clip_fraction": 0.527, "gradient_norm_mean": 66.968890625, "gradient_norm_max": 761.5494995117188, "step_seconds": 0.25988286547362804, "innovation_std_sum": 1.3421530075084847, "noise_marginal_std_sum": 1.3421530075084847}
{"step": 230, "epoch": 4, "train_loss": 1.0475521240234376, "clip_fraction": 0.491, "gradient_norm_mean": 74.634515625, "gradient_norm_max": 713.5862426757812, "step_seconds": 0.26032841950654984, "innovation_std_sum": 1.3421530075084847, "noise_marginal_std_sum": 1.3421530075084847}
{"step": 240, "epoch": 4, "train_loss": 0.9713389892578125, "clip_fraction": 0.49, "gradient_norm_mean": 65.289125, "gradient_norm_max": 646.6988525390625, "step_seconds": 0.25930835492908955, "innovation_std_sum": 1.3421530075084847, "noise_marginal_std_sum": 1.3421530075084847}
{"epoch": 4, "step": 248, "train_loss": 0.9998700098837575, "clip_fraction": 0.5114516129032258, "epsilon": 6.996033157081771, "accuracy": 0.7642550009347542, "validation_loss": 1.0494870413885224, "validation_examples": 5349}
{"step": 250, "epoch": 5, "train_loss": 1.10265478515625, "clip_fraction": 0.479, "gradient_norm_mean": 66.814578125, "gradient_norm_max": 724.186767578125, "step_seconds": 0.25628663785755634, "innovation_std_sum": 1.3421530075084847, "noise_marginal_std_sum": 1.3421530075084847}
{"step": 260, "epoch": 5, "train_loss": 1.0643900146484375, "clip_fraction": 0.482, "gradient_norm_mean": 64.805, "gradient_norm_max": 745.2808837890625, "step_seconds": 0.2610146589577198, "innovation_std_sum": 1.3421530075084847, "noise_marginal_std_sum": 1.3421530075084847}
{"step": 270, "epoch": 5, "train_loss": 0.9184481811523437, "clip_fraction": 0.459, "gradient_norm_mean": 65.27273828125, "gradient_norm_max": 945.2374877929688, "step_seconds": 0.26117017306387424, "innovation_std_sum": 1.3421530075084847, "noise_marginal_std_sum": 1.3421530075084847}
{"step": 280, "epoch": 5, "train_loss": 0.9652408447265625, "clip_fraction": 0.479, "gradient_norm_mean": 67.610734375, "gradient_norm_max": 757.7667846679688, "step_seconds": 0.2669773958623409, "innovation_std_sum": 1.3421530075084847, "noise_marginal_std_sum": 1.3421530075084847}
{"step": 290, "epoch": 5, "train_loss": 0.9672265625, "clip_fraction": 0.46, "gradient_norm_mean": 64.98708203125, "gradient_norm_max": 685.968994140625, "step_seconds": 0.2605682201683521, "innovation_std_sum": 1.3421530075084847, "noise_marginal_std_sum": 1.3421530075084847}
{"step": 300, "epoch": 5, "train_loss": 0.8805302124023437, "clip_fraction": 0.435, "gradient_norm_mean": 62.68651171875, "gradient_norm_max": 913.8251953125, "step_seconds": 0.2617597319185734, "innovation_std_sum": 1.3421530075084847, "noise_marginal_std_sum": 1.3421530075084847}
{"step": 310, "epoch": 5, "train_loss": 1.0134044189453124, "clip_fraction": 0.455, "gradient_norm_mean": 66.18025, "gradient_norm_max": 744.578125, "step_seconds": 0.26249419525265694, "innovation_std_sum": 1.3421530075084847, "noise_marginal_std_sum": 1.3421530075084847}
{"epoch": 5, "step": 310, "train_loss": 0.9835703243132561, "clip_fraction": 0.4696451612903226, "epsilon": 8.000000000000007, "accuracy": 0.7775285100018695, "validation_loss": 1.0084828283880822, "validation_examples": 5349}
