Loading weights:   0%|          | 0/39 [00:00<?, ?it/s]Loading weights: 100%|██████████| 39/39 [00:00<00:00, 19571.41it/s]
[transformers] [1mBertModel LOAD REPORT[0m from: /media/data/data/lt/dp-adam-correlated/cache/bert-tiny
Key                                        | Status     |  | 
-------------------------------------------+------------+--+-
cls.predictions.transform.dense.bias       | UNEXPECTED |  | 
cls.predictions.transform.dense.weight     | UNEXPECTED |  | 
cls.predictions.transform.LayerNorm.weight | UNEXPECTED |  | 
cls.predictions.transform.LayerNorm.bias   | UNEXPECTED |  | 
cls.predictions.decoder.bias               | UNEXPECTED |  | 
cls.seq_relationship.bias                  | UNEXPECTED |  | 
cls.predictions.bias                       | UNEXPECTED |  | 
cls.seq_relationship.weight                | UNEXPECTED |  | 
cls.predictions.decoder.weight             | UNEXPECTED |  | 

Notes:
- UNEXPECTED:	can be ignored when loading from different task/architecture; not ok if you expect identical arch.
sys:1: UserWarning: Full backward hook is firing when gradients are computed with respect to module outputs since no inputs require gradients. See https://docs.pytorch.org/docs/main/generated/torch.nn.Module.html#torch.nn.Module.register_full_backward_hook for more details.
{"step": 62, "epoch": 1.0, "train_loss": 0.6313292571037047, "clip_fraction": 0.5241129032258064, "validation_loss": 0.6945612758671472, "accuracy": 0.7305045871559633, "validation_examples": 872, "epsilon": 3.054089440266451}
{"step": 124, "epoch": 2.0, "train_loss": 0.6401830473869078, "clip_fraction": 0.45474193548387093, "validation_loss": 0.7323681061420966, "accuracy": 0.7591743119266054, "validation_examples": 872, "epsilon": 4.610238743691153}
{"step": 186, "epoch": 3.0, "train_loss": 0.5918030489029421, "clip_fraction": 0.39803225806451614, "validation_loss": 0.7197136179022833, "accuracy": 0.7660550458715596, "validation_examples": 872, "epsilon": 5.873890881586911}
{"step": 248, "epoch": 4.0, "train_loss": 0.5535452964536606, "clip_fraction": 0.36467741935483866, "validation_loss": 0.6794418938663027, "accuracy": 0.7740825688073395, "validation_examples": 872, "epsilon": 6.985551657770655}
{"step": 310, "epoch": 5.0, "train_loss": 0.5301627812539378, "clip_fraction": 0.34003225806451615, "validation_loss": 0.6532372728400274, "accuracy": 0.7821100917431193, "validation_examples": 872, "epsilon": 8.000000000000005}
