Loading weights:   0%|          | 0/39 [00:00<?, ?it/s]Loading weights: 100%|██████████| 39/39 [00:00<00:00, 18789.09it/s]
[transformers] [1mBertModel LOAD REPORT[0m from: /media/data/data/lt/dp-adam-correlated/cache/bert-tiny
Key                                        | Status     |  | 
-------------------------------------------+------------+--+-
cls.seq_relationship.bias                  | UNEXPECTED |  | 
cls.seq_relationship.weight                | UNEXPECTED |  | 
cls.predictions.transform.dense.weight     | UNEXPECTED |  | 
cls.predictions.transform.LayerNorm.weight | UNEXPECTED |  | 
cls.predictions.transform.dense.bias       | UNEXPECTED |  | 
cls.predictions.decoder.weight             | UNEXPECTED |  | 
cls.predictions.decoder.bias               | UNEXPECTED |  | 
cls.predictions.transform.LayerNorm.bias   | UNEXPECTED |  | 
cls.predictions.bias                       | UNEXPECTED |  | 

Notes:
- UNEXPECTED:	can be ignored when loading from different task/architecture; not ok if you expect identical arch.
sys:1: UserWarning: Full backward hook is firing when gradients are computed with respect to module outputs since no inputs require gradients. See https://docs.pytorch.org/docs/main/generated/torch.nn.Module.html#torch.nn.Module.register_full_backward_hook for more details.
{"step": 10, "epoch": 1, "train_loss": 1.350591796875, "clip_fraction": 0.5, "gradient_norm_mean": 567.5226875, "gradient_norm_max": 2628.75634765625, "step_seconds": 0.12814652547240257, "innovation_std_sum": 251.13722579427673, "noise_marginal_std_sum": 293.3162184778228}
{"step": 20, "epoch": 1, "train_loss": 1.2967281494140626, "clip_fraction": 0.646, "gradient_norm_mean": 981.008625, "gradient_norm_max": 4458.19140625, "step_seconds": 0.17311839014291763, "innovation_std_sum": 251.13722579427673, "noise_marginal_std_sum": 293.3162184778228}
{"step": 30, "epoch": 1, "train_loss": 0.8217032470703125, "clip_fraction": 0.843, "gradient_norm_mean": 1815.03875, "gradient_norm_max": 7176.26611328125, "step_seconds": 0.2733374796807766, "innovation_std_sum": 251.13722579427673, "noise_marginal_std_sum": 293.3162184778228}
{"step": 40, "epoch": 1, "train_loss": 0.9192699584960937, "clip_fraction": 0.765, "gradient_norm_mean": 2432.4145, "gradient_norm_max": 13355.13671875, "step_seconds": 0.27247624285519123, "innovation_std_sum": 251.13722579427673, "noise_marginal_std_sum": 293.3162184778228}
{"step": 50, "epoch": 1, "train_loss": 1.042862548828125, "clip_fraction": 0.57, "gradient_norm_mean": 3168.9255, "gradient_norm_max": 22272.5625, "step_seconds": 0.27421268075704575, "innovation_std_sum": 251.13722579427673, "noise_marginal_std_sum": 293.3162184778228}
{"step": 60, "epoch": 1, "train_loss": 1.0218021240234374, "clip_fraction": 0.525, "gradient_norm_mean": 3933.80075, "gradient_norm_max": 37911.95703125, "step_seconds": 0.27351368591189384, "innovation_std_sum": 251.13722579427673, "noise_marginal_std_sum": 293.3162184778228}
{"epoch": 1, "step": 62, "train_loss": 0.9709913753386467, "clip_fraction": 0.7035483870967741, "epsilon": 3.054089440266451, "accuracy": 0.7517292951953636, "validation_loss": 1.0545842171963364, "validation_examples": 5349}
{"step": 70, "epoch": 2, "train_loss": 1.0208168334960936, "clip_fraction": 0.486, "gradient_norm_mean": 3957.384, "gradient_norm_max": 28973.080078125, "step_seconds": 0.2297278642654419, "innovation_std_sum": 251.13722579427673, "noise_marginal_std_sum": 293.3162184778228}
{"step": 80, "epoch": 2, "train_loss": 0.9526832275390625, "clip_fraction": 0.487, "gradient_norm_mean": 3548.46175, "gradient_norm_max": 35518.90625, "step_seconds": 0.18920758925378323, "innovation_std_sum": 251.13722579427673, "noise_marginal_std_sum": 293.3162184778228}
{"step": 90, "epoch": 2, "train_loss": 0.8879918212890625, "clip_fraction": 0.427, "gradient_norm_mean": 2868.0555, "gradient_norm_max": 33652.2421875, "step_seconds": 0.13247422128915787, "innovation_std_sum": 251.13722579427673, "noise_marginal_std_sum": 293.3162184778228}
{"step": 100, "epoch": 2, "train_loss": 0.8983421630859375, "clip_fraction": 0.416, "gradient_norm_mean": 3216.45975, "gradient_norm_max": 39139.08203125, "step_seconds": 0.2744741439819336, "innovation_std_sum": 251.13722579427673, "noise_marginal_std_sum": 293.3162184778228}
{"step": 110, "epoch": 2, "train_loss": 0.799511474609375, "clip_fraction": 0.405, "gradient_norm_mean": 3120.61825, "gradient_norm_max": 41616.2890625, "step_seconds": 0.2757671717554331, "innovation_std_sum": 251.13722579427673, "noise_marginal_std_sum": 293.3162184778228}
{"step": 120, "epoch": 2, "train_loss": 0.774181640625, "clip_fraction": 0.394, "gradient_norm_mean": 3131.968, "gradient_norm_max": 52931.62890625, "step_seconds": 0.27647111006081104, "innovation_std_sum": 251.13722579427673, "noise_marginal_std_sum": 293.3162184778228}
{"epoch": 2, "step": 124, "train_loss": 0.8970540712418095, "clip_fraction": 0.44803225806451613, "epsilon": 4.610238743691153, "accuracy": 0.7889325107496729, "validation_loss": 0.8606721889105751, "validation_examples": 5349}
{"step": 130, "epoch": 3, "train_loss": 0.8108824462890625, "clip_fraction": 0.409, "gradient_norm_mean": 3121.93825, "gradient_norm_max": 51415.26953125, "step_seconds": 0.27585209906101227, "innovation_std_sum": 251.13722579427673, "noise_marginal_std_sum": 293.3162184778228}
{"step": 140, "epoch": 3, "train_loss": 0.8137415771484375, "clip_fraction": 0.398, "gradient_norm_mean": 3819.3875, "gradient_norm_max": 56714.41796875, "step_seconds": 0.2765873335301876, "innovation_std_sum": 251.13722579427673, "noise_marginal_std_sum": 293.3162184778228}
{"step": 150, "epoch": 3, "train_loss": 0.8504591064453125, "clip_fraction": 0.393, "gradient_norm_mean": 3470.56625, "gradient_norm_max": 47316.0, "step_seconds": 0.27588485553860664, "innovation_std_sum": 251.13722579427673, "noise_marginal_std_sum": 293.3162184778228}
{"step": 160, "epoch": 3, "train_loss": 0.8556236572265625, "clip_fraction": 0.398, "gradient_norm_mean": 3382.795, "gradient_norm_max": 56668.48828125, "step_seconds": 0.27637437731027603, "innovation_std_sum": 251.13722579427673, "noise_marginal_std_sum": 293.3162184778228}
{"step": 170, "epoch": 3, "train_loss": 0.8543732299804687, "clip_fraction": 0.388, "gradient_norm_mean": 3362.1765, "gradient_norm_max": 55836.328125, "step_seconds": 0.27607753314077854, "innovation_std_sum": 251.13722579427673, "noise_marginal_std_sum": 293.3162184778228}
{"step": 180, "epoch": 3, "train_loss": 0.8489078369140625, "clip_fraction": 0.377, "gradient_norm_mean": 3153.524, "gradient_norm_max": 67133.7421875, "step_seconds": 0.27608885802328587, "innovation_std_sum": 251.13722579427673, "noise_marginal_std_sum": 293.3162184778228}
{"epoch": 3, "step": 186, "train_loss": 0.8059556540212324, "clip_fraction": 0.38511290322580644, "epsilon": 5.873890881586911, "accuracy": 0.8087492989343803, "validation_loss": 0.792053470123057, "validation_examples": 5349}
{"step": 190, "epoch": 4, "train_loss": 0.6415785522460937, "clip_fraction": 0.35, "gradient_norm_mean": 2737.3605, "gradient_norm_max": 65130.0390625, "step_seconds": 0.27623551338911057, "innovation_std_sum": 251.13722579427673, "noise_marginal_std_sum": 293.3162184778228}
{"step": 200, "epoch": 4, "train_loss": 0.808940185546875, "clip_fraction": 0.379, "gradient_norm_mean": 3297.0735, "gradient_norm_max": 72448.0078125, "step_seconds": 0.27562933787703514, "innovation_std_sum": 251.13722579427673, "noise_marginal_std_sum": 293.3162184778228}
{"step": 210, "epoch": 4, "train_loss": 0.78722998046875, "clip_fraction": 0.365, "gradient_norm_mean": 3152.0815, "gradient_norm_max": 52055.546875, "step_seconds": 0.2760559022426605, "innovation_std_sum": 251.13722579427673, "noise_marginal_std_sum": 293.3162184778228}
{"step": 220, "epoch": 4, "train_loss": 0.7324144287109375, "clip_fraction": 0.341, "gradient_norm_mean": 2749.34975, "gradient_norm_max": 60825.359375, "step_seconds": 0.27711552381515503, "innovation_std_sum": 251.13722579427673, "noise_marginal_std_sum": 293.3162184778228}
{"step": 230, "epoch": 4, "train_loss": 0.763761474609375, "clip_fraction": 0.352, "gradient_norm_mean": 3043.471, "gradient_norm_max": 119636.34375, "step_seconds": 0.2739397380501032, "innovation_std_sum": 251.13722579427673, "noise_marginal_std_sum": 293.3162184778228}
{"step": 240, "epoch": 4, "train_loss": 0.7884451293945313, "clip_fraction": 0.332, "gradient_norm_mean": 3155.6665, "gradient_norm_max": 57306.87890625, "step_seconds": 0.27689783461391926, "innovation_std_sum": 251.13722579427673, "noise_marginal_std_sum": 293.3162184778228}
{"epoch": 4, "step": 248, "train_loss": 0.7559193617297757, "clip_fraction": 0.34106451612903227, "epsilon": 6.985551657770655, "accuracy": 0.8162273322116284, "validation_loss": 0.7847045175292421, "validation_examples": 5349}
{"step": 250, "epoch": 5, "train_loss": 0.8248516845703125, "clip_fraction": 0.314, "gradient_norm_mean": 3162.4635, "gradient_norm_max": 73479.0390625, "step_seconds": 0.2686600908637047, "innovation_std_sum": 251.13722579427673, "noise_marginal_std_sum": 293.3162184778228}
{"step": 260, "epoch": 5, "train_loss": 0.8082221069335938, "clip_fraction": 0.32, "gradient_norm_mean": 3046.3715, "gradient_norm_max": 74548.9453125, "step_seconds": 0.2664565369486809, "innovation_std_sum": 251.13722579427673, "noise_marginal_std_sum": 293.3162184778228}
{"step": 270, "epoch": 5, "train_loss": 0.7080393676757812, "clip_fraction": 0.309, "gradient_norm_mean": 2440.934, "gradient_norm_max": 54617.62890625, "step_seconds": 0.26903701573610306, "innovation_std_sum": 251.13722579427673, "noise_marginal_std_sum": 293.3162184778228}
{"step": 280, "epoch": 5, "train_loss": 0.7282427978515625, "clip_fraction": 0.323, "gradient_norm_mean": 2622.32, "gradient_norm_max": 69290.078125, "step_seconds": 0.2708677425980568, "innovation_std_sum": 251.13722579427673, "noise_marginal_std_sum": 293.3162184778228}
{"step": 290, "epoch": 5, "train_loss": 0.7242054443359375, "clip_fraction": 0.305, "gradient_norm_mean": 3114.6285, "gradient_norm_max": 74077.1796875, "step_seconds": 0.2673006374388933, "innovation_std_sum": 251.13722579427673, "noise_marginal_std_sum": 293.3162184778228}
{"step": 300, "epoch": 5, "train_loss": 0.6524747314453125, "clip_fraction": 0.301, "gradient_norm_mean": 2909.749, "gradient_norm_max": 69199.8984375, "step_seconds": 0.2696102634072304, "innovation_std_sum": 251.13722579427673, "noise_marginal_std_sum": 293.3162184778228}
{"step": 310, "epoch": 5, "train_loss": 0.7842123413085937, "clip_fraction": 0.315, "gradient_norm_mean": 2916.31575, "gradient_norm_max": 71033.5078125, "step_seconds": 0.27673574909567833, "innovation_std_sum": 251.13722579427673, "noise_marginal_std_sum": 293.3162184778228}
{"epoch": 5, "step": 310, "train_loss": 0.7340548489478327, "clip_fraction": 0.31233870967741933, "epsilon": 8.000000000000005, "accuracy": 0.8212750046737708, "validation_loss": 0.7498051929883944, "validation_examples": 5349}
