Loading weights:   0%|          | 0/39 [00:00<?, ?it/s]Loading weights: 100%|██████████| 39/39 [00:00<00:00, 27626.73it/s]
[transformers] [1mBertModel LOAD REPORT[0m from: /media/data/data/lt/dp-adam-correlated/cache/bert-tiny
Key                                        | Status     |  | 
-------------------------------------------+------------+--+-
cls.seq_relationship.weight                | UNEXPECTED |  | 
cls.predictions.transform.LayerNorm.weight | UNEXPECTED |  | 
cls.predictions.decoder.weight             | UNEXPECTED |  | 
cls.predictions.transform.LayerNorm.bias   | UNEXPECTED |  | 
cls.predictions.decoder.bias               | UNEXPECTED |  | 
cls.seq_relationship.bias                  | UNEXPECTED |  | 
cls.predictions.transform.dense.bias       | UNEXPECTED |  | 
cls.predictions.bias                       | UNEXPECTED |  | 
cls.predictions.transform.dense.weight     | UNEXPECTED |  | 

Notes:
- UNEXPECTED:	can be ignored when loading from different task/architecture; not ok if you expect identical arch.
sys:1: UserWarning: Full backward hook is firing when gradients are computed with respect to module outputs since no inputs require gradients. See https://docs.pytorch.org/docs/main/generated/torch.nn.Module.html#torch.nn.Module.register_full_backward_hook for more details.
{"step": 10, "epoch": 1, "step_seconds": 0.2623887415975332, "innovation_std_sum": 19.857925962845872, "noise_marginal_std_sum": 22.163248594441427, "pure_mf_cumulative_momentum_noise_variance": 0.001565217621510551, "preconditioner_mean": 49.28185272216797, "preconditioner_change_relative": 0.09092050790786743, "denominator_lag_relative": 0.0, "block_age": 0}
{"step": 20, "epoch": 1, "step_seconds": 0.2667206544429064, "innovation_std_sum": 19.857925962845872, "noise_marginal_std_sum": 22.163248594441427, "pure_mf_cumulative_momentum_noise_variance": 0.0016890021930952655, "preconditioner_mean": 46.73978042602539, "preconditioner_change_relative": 0.03764764219522476, "denominator_lag_relative": 0.0, "block_age": 0}
{"step": 30, "epoch": 1, "step_seconds": 0.26820407435297966, "innovation_std_sum": 19.857925962845872, "noise_marginal_std_sum": 22.163248594441427, "pure_mf_cumulative_momentum_noise_variance": 0.0017781526312534688, "preconditioner_mean": 45.93028259277344, "preconditioner_change_relative": 0.026524024084210396, "denominator_lag_relative": 0.0, "block_age": 0}
{"step": 40, "epoch": 1, "step_seconds": 0.27116589806973934, "innovation_std_sum": 19.857925962845872, "noise_marginal_std_sum": 22.163248594441427, "pure_mf_cumulative_momentum_noise_variance": 0.0018662007933097301, "preconditioner_mean": 45.512786865234375, "preconditioner_change_relative": 0.019522061571478844, "denominator_lag_relative": 0.0, "block_age": 0}
{"step": 50, "epoch": 1, "step_seconds": 0.18140779808163643, "innovation_std_sum": 19.857925962845872, "noise_marginal_std_sum": 22.163248594441427, "pure_mf_cumulative_momentum_noise_variance": 0.001955687356111112, "preconditioner_mean": 45.40827178955078, "preconditioner_change_relative": 0.015751993283629417, "denominator_lag_relative": 0.0, "block_age": 0}
{"step": 60, "epoch": 1, "step_seconds": 0.2678231652826071, "innovation_std_sum": 19.857925962845872, "noise_marginal_std_sum": 22.163248594441427, "pure_mf_cumulative_momentum_noise_variance": 0.0020461931103519493, "preconditioner_mean": 45.28543472290039, "preconditioner_change_relative": 0.012903625145554543, "denominator_lag_relative": 0.0, "block_age": 0}
{"epoch": 1, "step": 62, "epsilon": 3.104703687900395, "accuracy": 0.771546083380071, "validation_loss": 0.7266590819445297, "validation_examples": 5349}
{"step": 70, "epoch": 2, "step_seconds": 0.2676435299217701, "innovation_std_sum": 19.857925962845872, "noise_marginal_std_sum": 22.163248594441427, "pure_mf_cumulative_momentum_noise_variance": 0.0021372255024337504, "preconditioner_mean": 45.18998336791992, "preconditioner_change_relative": 0.0109929284080863, "denominator_lag_relative": 0.0, "block_age": 0}
{"step": 80, "epoch": 2, "step_seconds": 0.26537872664630413, "innovation_std_sum": 19.857925962845872, "noise_marginal_std_sum": 22.163248594441427, "pure_mf_cumulative_momentum_noise_variance": 0.0022285005146389673, "preconditioner_mean": 45.10755157470703, "preconditioner_change_relative": 0.009683114476501942, "denominator_lag_relative": 0.0, "block_age": 0}
{"step": 90, "epoch": 2, "step_seconds": 0.2658369615674019, "innovation_std_sum": 19.857925962845872, "noise_marginal_std_sum": 22.163248594441427, "pure_mf_cumulative_momentum_noise_variance": 0.002319880646054102, "preconditioner_mean": 45.04380416870117, "preconditioner_change_relative": 0.00911551434546709, "denominator_lag_relative": 0.0, "block_age": 0}
{"step": 100, "epoch": 2, "step_seconds": 0.26763163693249226, "innovation_std_sum": 19.857925962845872, "noise_marginal_std_sum": 22.163248594441427, "pure_mf_cumulative_momentum_noise_variance": 0.002411304585240108, "preconditioner_mean": 44.9924201965332, "preconditioner_change_relative": 0.007895244285464287, "denominator_lag_relative": 0.0, "block_age": 0}
{"step": 110, "epoch": 2, "step_seconds": 0.2701863367110491, "innovation_std_sum": 19.857925962845872, "noise_marginal_std_sum": 22.163248594441427, "pure_mf_cumulative_momentum_noise_variance": 0.0025027462945008913, "preconditioner_mean": 44.962303161621094, "preconditioner_change_relative": 0.00716264545917511, "denominator_lag_relative": 0.0, "block_age": 0}
{"step": 120, "epoch": 2, "step_seconds": 0.26761641167104244, "innovation_std_sum": 19.857925962845872, "noise_marginal_std_sum": 22.163248594441427, "pure_mf_cumulative_momentum_noise_variance": 0.0025941950699696183, "preconditioner_mean": 44.92720413208008, "preconditioner_change_relative": 0.006609372328966856, "denominator_lag_relative": 0.0, "block_age": 0}
{"epoch": 2, "step": 124, "epsilon": 4.640212577140874, "accuracy": 0.8025799214806506, "validation_loss": 0.5988124099306401, "validation_examples": 5349}
{"step": 130, "epoch": 3, "step_seconds": 0.26323692686855793, "innovation_std_sum": 19.857925962845872, "noise_marginal_std_sum": 22.163248594441427, "pure_mf_cumulative_momentum_noise_variance": 0.0026856466127046247, "preconditioner_mean": 44.90141677856445, "preconditioner_change_relative": 0.005715371109545231, "denominator_lag_relative": 0.0, "block_age": 0}
{"step": 140, "epoch": 3, "step_seconds": 0.2667678687721491, "innovation_std_sum": 19.857925962845872, "noise_marginal_std_sum": 22.163248594441427, "pure_mf_cumulative_momentum_noise_variance": 0.0027770992261298144, "preconditioner_mean": 44.8665771484375, "preconditioner_change_relative": 0.005703814327716827, "denominator_lag_relative": 0.0, "block_age": 0}
{"step": 150, "epoch": 3, "step_seconds": 0.2640206590294838, "innovation_std_sum": 19.857925962845872, "noise_marginal_std_sum": 22.163248594441427, "pure_mf_cumulative_momentum_noise_variance": 0.002868552249773791, "preconditioner_mean": 44.879852294921875, "preconditioner_change_relative": 0.005038455128669739, "denominator_lag_relative": 0.0, "block_age": 0}
{"step": 160, "epoch": 3, "step_seconds": 0.2637788951396942, "innovation_std_sum": 19.857925962845872, "noise_marginal_std_sum": 22.163248594441427, "pure_mf_cumulative_momentum_noise_variance": 0.00296000542931582, "preconditioner_mean": 44.874847412109375, "preconditioner_change_relative": 0.004922385327517986, "denominator_lag_relative": 0.0, "block_age": 0}
{"step": 170, "epoch": 3, "step_seconds": 0.26372038945555687, "innovation_std_sum": 19.857925962845872, "noise_marginal_std_sum": 22.163248594441427, "pure_mf_cumulative_momentum_noise_variance": 0.0030514586677014136, "preconditioner_mean": 44.862247467041016, "preconditioner_change_relative": 0.0045528411865234375, "denominator_lag_relative": 0.0, "block_age": 0}
{"step": 180, "epoch": 3, "step_seconds": 0.26811891980469227, "innovation_std_sum": 19.857925962845872, "noise_marginal_std_sum": 22.163248594441427, "pure_mf_cumulative_momentum_noise_variance": 0.00314291192816841, "preconditioner_mean": 44.8642463684082, "preconditioner_change_relative": 0.004165414720773697, "denominator_lag_relative": 0.0, "block_age": 0}
{"epoch": 3, "step": 186, "epsilon": 5.891043470673902, "accuracy": 0.8151056272200411, "validation_loss": 0.5506913453802971, "validation_examples": 5349}
{"step": 190, "epoch": 4, "step_seconds": 0.2671737466007471, "innovation_std_sum": 19.857925962845872, "noise_marginal_std_sum": 22.163248594441427, "pure_mf_cumulative_momentum_noise_variance": 0.00323436519688002, "preconditioner_mean": 44.853843688964844, "preconditioner_change_relative": 0.0042135342955589294, "denominator_lag_relative": 0.0, "block_age": 0}
{"step": 200, "epoch": 4, "step_seconds": 0.2676042467355728, "innovation_std_sum": 19.857925962845872, "noise_marginal_std_sum": 22.163248594441427, "pure_mf_cumulative_momentum_noise_variance": 0.0033258184686564864, "preconditioner_mean": 44.85000228881836, "preconditioner_change_relative": 0.003973327577114105, "denominator_lag_relative": 0.0, "block_age": 0}
{"step": 210, "epoch": 4, "step_seconds": 0.2673310749232769, "innovation_std_sum": 19.857925962845872, "noise_marginal_std_sum": 22.163248594441427, "pure_mf_cumulative_momentum_noise_variance": 0.0034172717415678973, "preconditioner_mean": 44.83121109008789, "preconditioner_change_relative": 0.0037994475569576025, "denominator_lag_relative": 0.0, "block_age": 0}
{"step": 220, "epoch": 4, "step_seconds": 0.26694293320178986, "innovation_std_sum": 19.857925962845872, "noise_marginal_std_sum": 22.163248594441427, "pure_mf_cumulative_momentum_noise_variance": 0.0035087250148981572, "preconditioner_mean": 44.82746124267578, "preconditioner_change_relative": 0.003580097807571292, "denominator_lag_relative": 0.0, "block_age": 0}
{"step": 230, "epoch": 4, "step_seconds": 0.2684162054210901, "innovation_std_sum": 19.857925962845872, "noise_marginal_std_sum": 22.163248594441427, "pure_mf_cumulative_momentum_noise_variance": 0.003600178288382519, "preconditioner_mean": 44.8356819152832, "preconditioner_change_relative": 0.0034608321730047464, "denominator_lag_relative": 0.0, "block_age": 0}
{"step": 240, "epoch": 4, "step_seconds": 0.16601852141320705, "innovation_std_sum": 19.857925962845872, "noise_marginal_std_sum": 22.163248594441427, "pure_mf_cumulative_momentum_noise_variance": 0.0036916315619234235, "preconditioner_mean": 44.845123291015625, "preconditioner_change_relative": 0.003441857872530818, "denominator_lag_relative": 0.0, "block_age": 0}
{"epoch": 4, "step": 248, "epsilon": 6.99327251356882, "accuracy": 0.8235184146569452, "validation_loss": 0.5162117694734212, "validation_examples": 5349}
{"step": 250, "epoch": 5, "step_seconds": 0.26407016441226006, "innovation_std_sum": 19.857925962845872, "noise_marginal_std_sum": 22.163248594441427, "pure_mf_cumulative_momentum_noise_variance": 0.0037830848354850244, "preconditioner_mean": 44.825164794921875, "preconditioner_change_relative": 0.003355261404067278, "denominator_lag_relative": 0.0, "block_age": 0}
{"step": 260, "epoch": 5, "step_seconds": 0.12751139141619205, "innovation_std_sum": 19.857925962845872, "noise_marginal_std_sum": 22.163248594441427, "pure_mf_cumulative_momentum_noise_variance": 0.0038745381090541818, "preconditioner_mean": 44.826629638671875, "preconditioner_change_relative": 0.0030342249665409327, "denominator_lag_relative": 0.0, "block_age": 0}
{"step": 270, "epoch": 5, "step_seconds": 0.26652440801262856, "innovation_std_sum": 19.857925962845872, "noise_marginal_std_sum": 22.163248594441427, "pure_mf_cumulative_momentum_noise_variance": 0.003965991382626094, "preconditioner_mean": 44.82865905761719, "preconditioner_change_relative": 0.0031325260642915964, "denominator_lag_relative": 0.0, "block_age": 0}
{"step": 280, "epoch": 5, "step_seconds": 0.27077086456120014, "innovation_std_sum": 19.857925962845872, "noise_marginal_std_sum": 22.163248594441427, "pure_mf_cumulative_momentum_noise_variance": 0.004057444656199009, "preconditioner_mean": 44.851036071777344, "preconditioner_change_relative": 0.0027828156016767025, "denominator_lag_relative": 0.0, "block_age": 0}
{"step": 290, "epoch": 5, "step_seconds": 0.2716064639389515, "innovation_std_sum": 19.857925962845872, "noise_marginal_std_sum": 22.163248594441427, "pure_mf_cumulative_momentum_noise_variance": 0.0041488979297722856, "preconditioner_mean": 44.86521530151367, "preconditioner_change_relative": 0.0028741168789565563, "denominator_lag_relative": 0.0, "block_age": 0}
{"step": 300, "epoch": 5, "step_seconds": 0.17998157255351543, "innovation_std_sum": 19.857925962845872, "noise_marginal_std_sum": 22.163248594441427, "pure_mf_cumulative_momentum_noise_variance": 0.004240351203345695, "preconditioner_mean": 44.87834167480469, "preconditioner_change_relative": 0.002677745884284377, "denominator_lag_relative": 0.0, "block_age": 0}
{"step": 310, "epoch": 5, "step_seconds": 0.1266546119004488, "innovation_std_sum": 19.857925962845872, "noise_marginal_std_sum": 22.163248594441427, "pure_mf_cumulative_momentum_noise_variance": 0.0043318044769191525, "preconditioner_mean": 44.87217712402344, "preconditioner_change_relative": 0.002716601127758622, "denominator_lag_relative": 0.0, "block_age": 0}
{"epoch": 5, "step": 310, "epsilon": 8.000000000000005, "accuracy": 0.8304355954383997, "validation_loss": 0.5179398758296856, "validation_examples": 5349}
