Loading weights:   0%|          | 0/39 [00:00<?, ?it/s]Loading weights: 100%|██████████| 39/39 [00:00<00:00, 29970.29it/s]
[transformers] [1mBertModel LOAD REPORT[0m from: /media/data/data/lt/dp-adam-correlated/cache/bert-tiny
Key                                        | Status     |  | 
-------------------------------------------+------------+--+-
cls.predictions.bias                       | UNEXPECTED |  | 
cls.seq_relationship.bias                  | UNEXPECTED |  | 
cls.predictions.transform.dense.weight     | UNEXPECTED |  | 
cls.predictions.transform.LayerNorm.bias   | UNEXPECTED |  | 
cls.predictions.decoder.weight             | UNEXPECTED |  | 
cls.seq_relationship.weight                | UNEXPECTED |  | 
cls.predictions.transform.LayerNorm.weight | UNEXPECTED |  | 
cls.predictions.transform.dense.bias       | UNEXPECTED |  | 
cls.predictions.decoder.bias               | UNEXPECTED |  | 

Notes:
- UNEXPECTED:	can be ignored when loading from different task/architecture; not ok if you expect identical arch.
sys:1: UserWarning: Full backward hook is firing when gradients are computed with respect to module outputs since no inputs require gradients. See https://docs.pytorch.org/docs/main/generated/torch.nn.Module.html#torch.nn.Module.register_full_backward_hook for more details.
{"step": 10, "epoch": 1, "train_loss": 0.6640860595703125, "clip_fraction": 0.0, "gradient_norm_mean": 8.1504970703125, "gradient_norm_max": 18.072744369506836, "step_seconds": 0.18857613764703274, "innovation_std_sum": 34.19096290164991, "noise_marginal_std_sum": 38.52414684355806}
{"step": 20, "epoch": 1, "train_loss": 0.6269755859375, "clip_fraction": 0.105, "gradient_norm_mean": 13.622634765625, "gradient_norm_max": 27.99286460876465, "step_seconds": 0.27034647949039936, "innovation_std_sum": 34.19096290164991, "noise_marginal_std_sum": 38.52414684355806}
{"step": 30, "epoch": 1, "train_loss": 0.5556618041992187, "clip_fraction": 0.479, "gradient_norm_mean": 20.40033984375, "gradient_norm_max": 57.544395446777344, "step_seconds": 0.27272615768015385, "innovation_std_sum": 34.19096290164991, "noise_marginal_std_sum": 38.52414684355806}
{"step": 40, "epoch": 1, "train_loss": 0.5610702514648438, "clip_fraction": 0.501, "gradient_norm_mean": 29.44578125, "gradient_norm_max": 128.6023406982422, "step_seconds": 0.272484727203846, "innovation_std_sum": 34.19096290164991, "noise_marginal_std_sum": 38.52414684355806}
{"step": 50, "epoch": 1, "train_loss": 0.6117803344726562, "clip_fraction": 0.439, "gradient_norm_mean": 34.8596484375, "gradient_norm_max": 202.26231384277344, "step_seconds": 0.26993366703391075, "innovation_std_sum": 34.19096290164991, "noise_marginal_std_sum": 38.52414684355806}
{"step": 60, "epoch": 1, "train_loss": 0.6169642333984375, "clip_fraction": 0.407, "gradient_norm_mean": 33.80659375, "gradient_norm_max": 203.39956665039062, "step_seconds": 0.2716983053833246, "innovation_std_sum": 34.19096290164991, "noise_marginal_std_sum": 38.52414684355806}
{"epoch": 1, "step": 62, "train_loss": 0.6025343416275517, "clip_fraction": 0.2931774193548387, "epsilon": 3.123292330075361, "accuracy": 0.7545871559633027, "validation_loss": 0.639812797581384, "validation_examples": 872}
{"step": 70, "epoch": 2, "train_loss": 0.533757080078125, "clip_fraction": 0.381, "gradient_norm_mean": 30.34882421875, "gradient_norm_max": 185.49520874023438, "step_seconds": 0.2703458573669195, "innovation_std_sum": 34.19096290164991, "noise_marginal_std_sum": 38.52414684355806}
{"step": 80, "epoch": 2, "train_loss": 0.5261500244140624, "clip_fraction": 0.387, "gradient_norm_mean": 29.6319765625, "gradient_norm_max": 179.89675903320312, "step_seconds": 0.27339078672230244, "innovation_std_sum": 34.19096290164991, "noise_marginal_std_sum": 38.52414684355806}
{"step": 90, "epoch": 2, "train_loss": 0.5403177490234375, "clip_fraction": 0.389, "gradient_norm_mean": 32.337236328125, "gradient_norm_max": 193.8674774169922, "step_seconds": 0.2743845395743847, "innovation_std_sum": 34.19096290164991, "noise_marginal_std_sum": 38.52414684355806}
{"step": 100, "epoch": 2, "train_loss": 0.4752287292480469, "clip_fraction": 0.324, "gradient_norm_mean": 28.375546875, "gradient_norm_max": 185.4504852294922, "step_seconds": 0.27329847775399685, "innovation_std_sum": 34.19096290164991, "noise_marginal_std_sum": 38.52414684355806}
{"step": 110, "epoch": 2, "train_loss": 0.4689700927734375, "clip_fraction": 0.358, "gradient_norm_mean": 29.26231640625, "gradient_norm_max": 229.22320556640625, "step_seconds": 0.2732852231711149, "innovation_std_sum": 34.19096290164991, "noise_marginal_std_sum": 38.52414684355806}
{"step": 120, "epoch": 2, "train_loss": 0.49020095825195314, "clip_fraction": 0.357, "gradient_norm_mean": 30.67557421875, "gradient_norm_max": 216.30638122558594, "step_seconds": 0.2739957310259342, "innovation_std_sum": 34.19096290164991, "noise_marginal_std_sum": 38.52414684355806}
{"epoch": 2, "step": 124, "train_loss": 0.5284035875874181, "clip_fraction": 0.37559677419354837, "epsilon": 4.650920914901151, "accuracy": 0.7694954128440367, "validation_loss": 0.6206886221509461, "validation_examples": 872}
{"step": 130, "epoch": 3, "train_loss": 0.47578271484375, "clip_fraction": 0.335, "gradient_norm_mean": 28.768515625, "gradient_norm_max": 195.36273193359375, "step_seconds": 0.2740399297326803, "innovation_std_sum": 34.19096290164991, "noise_marginal_std_sum": 38.52414684355806}
{"step": 140, "epoch": 3, "train_loss": 0.46067352294921876, "clip_fraction": 0.34, "gradient_norm_mean": 28.18569140625, "gradient_norm_max": 184.61741638183594, "step_seconds": 0.2682961691170931, "innovation_std_sum": 34.19096290164991, "noise_marginal_std_sum": 38.52414684355806}
{"step": 150, "epoch": 3, "train_loss": 0.41382989501953127, "clip_fraction": 0.325, "gradient_norm_mean": 26.702240234375, "gradient_norm_max": 213.12246704101562, "step_seconds": 0.27211218886077404, "innovation_std_sum": 34.19096290164991, "noise_marginal_std_sum": 38.52414684355806}
{"step": 160, "epoch": 3, "train_loss": 0.47886328125, "clip_fraction": 0.336, "gradient_norm_mean": 29.111640625, "gradient_norm_max": 219.9600067138672, "step_seconds": 0.27202379517257214, "innovation_std_sum": 34.19096290164991, "noise_marginal_std_sum": 38.52414684355806}
{"step": 170, "epoch": 3, "train_loss": 0.4718199462890625, "clip_fraction": 0.322, "gradient_norm_mean": 28.176947265625, "gradient_norm_max": 218.52508544921875, "step_seconds": 0.2609845716506243, "innovation_std_sum": 34.19096290164991, "noise_marginal_std_sum": 38.52414684355806}
{"step": 180, "epoch": 3, "train_loss": 0.4741165771484375, "clip_fraction": 0.311, "gradient_norm_mean": 27.174048828125, "gradient_norm_max": 217.7737579345703, "step_seconds": 0.27194151654839516, "innovation_std_sum": 34.19096290164991, "noise_marginal_std_sum": 38.52414684355806}
{"epoch": 3, "step": 186, "train_loss": 0.4772079787715789, "clip_fraction": 0.3274032258064516, "epsilon": 5.8971720333737725, "accuracy": 0.7752293577981652, "validation_loss": 0.5924491313619351, "validation_examples": 872}
{"step": 190, "epoch": 4, "train_loss": 0.4709046020507813, "clip_fraction": 0.311, "gradient_norm_mean": 25.05662109375, "gradient_norm_max": 203.1119384765625, "step_seconds": 0.2723305933177471, "innovation_std_sum": 34.19096290164991, "noise_marginal_std_sum": 38.52414684355806}
{"step": 200, "epoch": 4, "train_loss": 0.40528375244140624, "clip_fraction": 0.283, "gradient_norm_mean": 23.52541015625, "gradient_norm_max": 181.3553466796875, "step_seconds": 0.2711703795939684, "innovation_std_sum": 34.19096290164991, "noise_marginal_std_sum": 38.52414684355806}
{"step": 210, "epoch": 4, "train_loss": 0.4644441528320313, "clip_fraction": 0.28, "gradient_norm_mean": 23.151779296875, "gradient_norm_max": 189.6054229736328, "step_seconds": 0.2726023271679878, "innovation_std_sum": 34.19096290164991, "noise_marginal_std_sum": 38.52414684355806}
{"step": 220, "epoch": 4, "train_loss": 0.44070556640625, "clip_fraction": 0.291, "gradient_norm_mean": 24.2059609375, "gradient_norm_max": 189.44529724121094, "step_seconds": 0.2729542423039675, "innovation_std_sum": 34.19096290164991, "noise_marginal_std_sum": 38.52414684355806}
{"step": 230, "epoch": 4, "train_loss": 0.42127008056640625, "clip_fraction": 0.295, "gradient_norm_mean": 24.2459765625, "gradient_norm_max": 246.5487823486328, "step_seconds": 0.2740123849362135, "innovation_std_sum": 34.19096290164991, "noise_marginal_std_sum": 38.52414684355806}
{"step": 240, "epoch": 4, "train_loss": 0.453915283203125, "clip_fraction": 0.309, "gradient_norm_mean": 24.84518359375, "gradient_norm_max": 220.65762329101562, "step_seconds": 0.27478828094899654, "innovation_std_sum": 34.19096290164991, "noise_marginal_std_sum": 38.52414684355806}
{"epoch": 4, "step": 248, "train_loss": 0.44672395915369834, "clip_fraction": 0.30048387096774193, "epsilon": 6.996033129680921, "accuracy": 0.7637614678899083, "validation_loss": 0.5891914017703554, "validation_examples": 872}
{"step": 250, "epoch": 5, "train_loss": 0.4238839416503906, "clip_fraction": 0.272, "gradient_norm_mean": 21.24833203125, "gradient_norm_max": 195.80508422851562, "step_seconds": 0.27229187078773975, "innovation_std_sum": 34.19096290164991, "noise_marginal_std_sum": 38.52414684355806}
{"step": 260, "epoch": 5, "train_loss": 0.4189566650390625, "clip_fraction": 0.267, "gradient_norm_mean": 22.6915078125, "gradient_norm_max": 209.892578125, "step_seconds": 0.27288889326155186, "innovation_std_sum": 34.19096290164991, "noise_marginal_std_sum": 38.52414684355806}
{"step": 270, "epoch": 5, "train_loss": 0.356459716796875, "clip_fraction": 0.251, "gradient_norm_mean": 20.68983203125, "gradient_norm_max": 230.9319305419922, "step_seconds": 0.2756774816662073, "innovation_std_sum": 34.19096290164991, "noise_marginal_std_sum": 38.52414684355806}
{"step": 280, "epoch": 5, "train_loss": 0.42864154052734377, "clip_fraction": 0.289, "gradient_norm_mean": 24.78976953125, "gradient_norm_max": 252.09388732910156, "step_seconds": 0.27500297501683235, "innovation_std_sum": 34.19096290164991, "noise_marginal_std_sum": 38.52414684355806}
{"step": 290, "epoch": 5, "train_loss": 0.40686419677734376, "clip_fraction": 0.269, "gradient_norm_mean": 21.384966796875, "gradient_norm_max": 241.83157348632812, "step_seconds": 0.2744149100035429, "innovation_std_sum": 34.19096290164991, "noise_marginal_std_sum": 38.52414684355806}
{"step": 300, "epoch": 5, "train_loss": 0.4379232177734375, "clip_fraction": 0.28, "gradient_norm_mean": 23.16523046875, "gradient_norm_max": 304.48724365234375, "step_seconds": 0.2743537351489067, "innovation_std_sum": 34.19096290164991, "noise_marginal_std_sum": 38.52414684355806}
{"step": 310, "epoch": 5, "train_loss": 0.40773699951171877, "clip_fraction": 0.276, "gradient_norm_mean": 22.0959140625, "gradient_norm_max": 247.62918090820312, "step_seconds": 0.27147263288497925, "innovation_std_sum": 34.19096290164991, "noise_marginal_std_sum": 38.52414684355806}
{"epoch": 5, "step": 310, "train_loss": 0.42327107681766635, "clip_fraction": 0.2754032258064516, "epsilon": 8.000000000000007, "accuracy": 0.7786697247706422, "validation_loss": 0.5445581357413476, "validation_examples": 872}
