/home/longt29/miniconda3/envs/curve/lib/python3.11/site-packages/torchvision/datasets/cifar.py:83: VisibleDeprecationWarning: dtype(): align should be passed as Python or NumPy boolean but got `align=0`. Did you mean to pass a tuple to create a subarray type? (Deprecated NumPy 2.4)
  entry = pickle.load(f, encoding="latin1")
{"method": "dp-adam-momentum-bias-bandinvmf-scale", "smoke": false, "calibration": {"target_mu": 1.6660305978457184, "sensitivity": 4.065608121489227, "innovation_std_sum": 244.02961906860006, "adjacency": "add_remove_zero_out", "k": 5, "b_participation": 50, "sampling_amplification": false}, "coefficients": [1.0, -0.53161943769869, -0.0779998119461293, -0.2795535556950146]}
sys:1: UserWarning: Full backward hook is firing when gradients are computed with respect to module outputs since no inputs require gradients. See https://docs.pytorch.org/docs/main/generated/torch.nn.Module.html#torch.nn.Module.register_full_backward_hook for more details.
{"progress_step": 10, "epoch": 1, "train_loss_so_far": 4.672822973632813, "clip_fraction_so_far": 1.0}
{"progress_step": 20, "epoch": 1, "train_loss_so_far": 4.427620324707031, "clip_fraction_so_far": 1.0}
{"progress_step": 30, "epoch": 1, "train_loss_so_far": 4.166328930664062, "clip_fraction_so_far": 0.9999666666666667}
{"progress_step": 40, "epoch": 1, "train_loss_so_far": 3.92288797454834, "clip_fraction_so_far": 0.999825}
{"progress_step": 50, "epoch": 1, "train_loss_so_far": 3.7087728503417967, "clip_fraction_so_far": 0.99852}
{"epoch": 1, "logical_steps": 50, "train_examples": 50000, "train_loss": 3.7087728503417967, "test_loss": 2.3659724548339844, "test_top1": 0.3877, "clip_fraction": 0.99852, "gdp_mu": 0.7271304784322894, "gdp_epsilon": 3.037976902428691, "target_mu": 1.6660305978457184, "target_epsilon": 8.0, "delta": 1e-05, "noise_std": 0.2853011411343001, "noise_std_space": "scaled", "innovation_std_sum": 244.02961906860006, "augmentation_trace_sha256": "86ced5053885b16905e6a5371ea7619db53293e3f5f7787220b6f1466ec41fdc", "seconds": 142.25621253065765}
{"progress_step": 60, "epoch": 2, "train_loss_so_far": 2.5563571472167967, "clip_fraction_so_far": 0.9842}
{"progress_step": 70, "epoch": 2, "train_loss_so_far": 2.4658071838378905, "clip_fraction_so_far": 0.98}
{"progress_step": 80, "epoch": 2, "train_loss_so_far": 2.359953020222982, "clip_fraction_so_far": 0.9743}
{"progress_step": 90, "epoch": 2, "train_loss_so_far": 2.2796655532836914, "clip_fraction_so_far": 0.965775}
{"progress_step": 100, "epoch": 2, "train_loss_so_far": 2.214285484008789, "clip_fraction_so_far": 0.95812}
{"epoch": 2, "logical_steps": 100, "train_examples": 50000, "train_loss": 2.214285484008789, "test_loss": 1.418486441040039, "test_top1": 0.6064, "clip_fraction": 0.95812, "gdp_mu": 1.0438331619280494, "gdp_epsilon": 4.600416946348178, "target_mu": 1.6660305978457184, "target_epsilon": 8.0, "delta": 1e-05, "noise_std": 0.2853011411343001, "noise_std_space": "scaled", "innovation_std_sum": 244.02961906860006, "augmentation_trace_sha256": "3756635e4b573098cc38d1040c41529688dfc708d7e21e46cb9c680abbc21c28", "seconds": 131.0963108316064}
{"progress_step": 110, "epoch": 3, "train_loss_so_far": 1.8674575378417968, "clip_fraction_so_far": 0.9109}
{"progress_step": 120, "epoch": 3, "train_loss_so_far": 1.8349717010498048, "clip_fraction_so_far": 0.90415}
{"progress_step": 130, "epoch": 3, "train_loss_so_far": 1.7789519053141276, "clip_fraction_so_far": 0.8918}
{"progress_step": 140, "epoch": 3, "train_loss_so_far": 1.7478550498962402, "clip_fraction_so_far": 0.883275}
{"progress_step": 150, "epoch": 3, "train_loss_so_far": 1.7242451916503907, "clip_fraction_so_far": 0.87454}
{"epoch": 3, "logical_steps": 150, "train_examples": 50000, "train_loss": 1.7242451916503907, "test_loss": 1.071242739868164, "test_top1": 0.6912, "clip_fraction": 0.87454, "gdp_mu": 1.2851399415460758, "gdp_epsilon": 5.868262919898993, "target_mu": 1.6660305978457184, "target_epsilon": 8.0, "delta": 1e-05, "noise_std": 0.2853011411343001, "noise_std_space": "scaled", "innovation_std_sum": 244.02961906860006, "augmentation_trace_sha256": "3c61ed024df3ac2a3cedcd87441c5675374c5f58f5d883ef0b14e4df79879c49", "seconds": 134.4216516111046}
{"progress_step": 160, "epoch": 4, "train_loss_so_far": 1.58296142578125, "clip_fraction_so_far": 0.8244}
{"progress_step": 170, "epoch": 4, "train_loss_so_far": 1.5735906631469727, "clip_fraction_so_far": 0.82025}
{"progress_step": 180, "epoch": 4, "train_loss_so_far": 1.5370443959554037, "clip_fraction_so_far": 0.8101333333333334}
{"progress_step": 190, "epoch": 4, "train_loss_so_far": 1.521660316467285, "clip_fraction_so_far": 0.804625}
{"progress_step": 200, "epoch": 4, "train_loss_so_far": 1.50558724609375, "clip_fraction_so_far": 0.797}
{"epoch": 4, "logical_steps": 200, "train_examples": 50000, "train_loss": 1.50558724609375, "test_loss": 0.9116133865356445, "test_top1": 0.7273, "clip_fraction": 0.797, "gdp_mu": 1.4878241288541523, "gdp_epsilon": 6.983019766523851, "target_mu": 1.6660305978457184, "target_epsilon": 8.0, "delta": 1e-05, "noise_std": 0.2853011411343001, "noise_std_space": "scaled", "innovation_std_sum": 244.02961906860006, "augmentation_trace_sha256": "3ed5b9af1f96224c13f2bd957f29b4a4b1bf94ec77410f6cf81573ffe06969c4", "seconds": 135.2503338176757}
{"progress_step": 210, "epoch": 5, "train_loss_so_far": 1.436719155883789, "clip_fraction_so_far": 0.7585}
{"progress_step": 220, "epoch": 5, "train_loss_so_far": 1.4378542190551757, "clip_fraction_so_far": 0.7559}
{"progress_step": 230, "epoch": 5, "train_loss_so_far": 1.4142949432373046, "clip_fraction_so_far": 0.7475333333333334}
{"progress_step": 240, "epoch": 5, "train_loss_so_far": 1.3975984230041505, "clip_fraction_so_far": 0.743075}
{"progress_step": 250, "epoch": 5, "train_loss_so_far": 1.3918080224609375, "clip_fraction_so_far": 0.7379}
{"epoch": 5, "logical_steps": 250, "train_examples": 50000, "train_loss": 1.3918080224609375, "test_loss": 0.8248322326660156, "test_top1": 0.7544, "clip_fraction": 0.7379, "gdp_mu": 1.6660305978457184, "gdp_epsilon": 8.000000000000005, "target_mu": 1.6660305978457184, "target_epsilon": 8.0, "delta": 1e-05, "noise_std": 0.2853011411343001, "noise_std_space": "scaled", "innovation_std_sum": 244.02961906860006, "augmentation_trace_sha256": "16257b90285200ed74704ecfb717ea2bdcf6ea7fa62555790f431a4722e5e155", "seconds": 133.61274602636695}
{"status": "completed", "results": "/media/data/data/lt/dp-adam-correlated/exp7b/results/final/trials/c0f90914dd218d18"}
