/home/longt29/miniconda3/envs/curve/lib/python3.11/site-packages/torchvision/datasets/cifar.py:83: VisibleDeprecationWarning: dtype(): align should be passed as Python or NumPy boolean but got `align=0`. Did you mean to pass a tuple to create a subarray type? (Deprecated NumPy 2.4)
  entry = pickle.load(f, encoding="latin1")
sys:1: UserWarning: Full backward hook is firing when gradients are computed with respect to module outputs since no inputs require gradients. See https://docs.pytorch.org/docs/main/generated/torch.nn.Module.html#torch.nn.Module.register_full_backward_hook for more details.
{"step": 10, "epoch": 1, "train_loss": 4.640637573242188, "clip_fraction": 0.996, "gradient_norm_mean": 307.2574375, "gradient_norm_max": 640.8485107421875, "step_seconds": 2.09088521450758, "innovation_std_sum": 1135.7405225148589, "noise_marginal_std_sum": 1279.6783404842458}
{"step": 20, "epoch": 1, "train_loss": 4.412677490234375, "clip_fraction": 0.452, "gradient_norm_mean": 204.0143046875, "gradient_norm_max": 403.25006103515625, "step_seconds": 2.2194484062492847, "innovation_std_sum": 1135.7405225148589, "noise_marginal_std_sum": 1279.6783404842458}
{"step": 30, "epoch": 1, "train_loss": 4.208763427734375, "clip_fraction": 0.359, "gradient_norm_mean": 192.4312890625, "gradient_norm_max": 391.27972412109375, "step_seconds": 2.2329107020050287, "innovation_std_sum": 1135.7405225148589, "noise_marginal_std_sum": 1279.6783404842458}
{"step": 40, "epoch": 1, "train_loss": 4.021109008789063, "clip_fraction": 0.558, "gradient_norm_mean": 213.10487109375, "gradient_norm_max": 481.3353271484375, "step_seconds": 2.2411331068724394, "innovation_std_sum": 1135.7405225148589, "noise_marginal_std_sum": 1279.6783404842458}
{"step": 50, "epoch": 1, "train_loss": 3.7478547973632814, "clip_fraction": 0.692, "gradient_norm_mean": 226.33974609375, "gradient_norm_max": 551.8441162109375, "step_seconds": 2.231495577841997, "innovation_std_sum": 1135.7405225148589, "noise_marginal_std_sum": 1279.6783404842458}
{"epoch": 1, "step": 50, "train_loss": 4.3353307458496095, "clip_fraction": 0.64594, "epsilon": 0.8225132733223557, "accuracy": 0.1619, "validation_loss": 3.5884520080566404, "validation_examples": 10000}
{"step": 60, "epoch": 2, "train_loss": 3.568204895019531, "clip_fraction": 0.721, "gradient_norm_mean": 232.8043359375, "gradient_norm_max": 493.04315185546875, "step_seconds": 2.1949859131127596, "innovation_std_sum": 1135.7405225148589, "noise_marginal_std_sum": 1279.6783404842458}
{"step": 70, "epoch": 2, "train_loss": 3.36044580078125, "clip_fraction": 0.657, "gradient_norm_mean": 225.2836328125, "gradient_norm_max": 548.1322631835938, "step_seconds": 2.2372439056634903, "innovation_std_sum": 1135.7405225148589, "noise_marginal_std_sum": 1279.6783404842458}
{"step": 80, "epoch": 2, "train_loss": 3.2166221923828124, "clip_fraction": 0.627, "gradient_norm_mean": 223.17750390625, "gradient_norm_max": 503.25543212890625, "step_seconds": 2.234812345355749, "innovation_std_sum": 1135.7405225148589, "noise_marginal_std_sum": 1279.6783404842458}
{"step": 90, "epoch": 2, "train_loss": 3.130392761230469, "clip_fraction": 0.627, "gradient_norm_mean": 223.99609765625, "gradient_norm_max": 849.2620849609375, "step_seconds": 2.2198114655911922, "innovation_std_sum": 1135.7405225148589, "noise_marginal_std_sum": 1279.6783404842458}
{"step": 100, "epoch": 2, "train_loss": 3.0766349487304687, "clip_fraction": 0.627, "gradient_norm_mean": 225.5310859375, "gradient_norm_max": 631.9730834960938, "step_seconds": 2.2185254469513893, "innovation_std_sum": 1135.7405225148589, "noise_marginal_std_sum": 1279.6783404842458}
{"epoch": 2, "step": 100, "train_loss": 3.3205739416503905, "clip_fraction": 0.65032, "epsilon": 1.203470692230899, "accuracy": 0.3208, "validation_loss": 2.697592218017578, "validation_examples": 10000}
{"step": 110, "epoch": 3, "train_loss": 2.9095821533203123, "clip_fraction": 0.565, "gradient_norm_mean": 217.21115234375, "gradient_norm_max": 653.0464477539062, "step_seconds": 2.20620428211987, "innovation_std_sum": 1135.7405225148589, "noise_marginal_std_sum": 1279.6783404842458}
{"step": 120, "epoch": 3, "train_loss": 2.930599853515625, "clip_fraction": 0.522, "gradient_norm_mean": 210.59385546875, "gradient_norm_max": 711.505615234375, "step_seconds": 2.486099749803543, "innovation_std_sum": 1135.7405225148589, "noise_marginal_std_sum": 1279.6783404842458}
{"step": 130, "epoch": 3, "train_loss": 2.7854237060546874, "clip_fraction": 0.439, "gradient_norm_mean": 199.92085546875, "gradient_norm_max": 523.820068359375, "step_seconds": 2.205944972112775, "innovation_std_sum": 1135.7405225148589, "noise_marginal_std_sum": 1279.6783404842458}
{"step": 140, "epoch": 3, "train_loss": 2.7822635498046875, "clip_fraction": 0.433, "gradient_norm_mean": 199.94723046875, "gradient_norm_max": 602.8977661132812, "step_seconds": 2.1807181648910046, "innovation_std_sum": 1135.7405225148589, "noise_marginal_std_sum": 1279.6783404842458}
{"step": 150, "epoch": 3, "train_loss": 2.8117888793945314, "clip_fraction": 0.445, "gradient_norm_mean": 200.4418359375, "gradient_norm_max": 595.6961669921875, "step_seconds": 2.2308030370622873, "innovation_std_sum": 1135.7405225148589, "noise_marginal_std_sum": 1279.6783404842458}
{"epoch": 3, "step": 150, "train_loss": 2.8662890161132815, "clip_fraction": 0.50646, "epsilon": 1.505526949556022, "accuracy": 0.3828, "validation_loss": 2.3929709899902343, "validation_examples": 10000}
{"step": 160, "epoch": 4, "train_loss": 2.7212418212890626, "clip_fraction": 0.443, "gradient_norm_mean": 198.24578515625, "gradient_norm_max": 778.1986694335938, "step_seconds": 2.1769686713814735, "innovation_std_sum": 1135.7405225148589, "noise_marginal_std_sum": 1279.6783404842458}
{"step": 170, "epoch": 4, "train_loss": 2.778097595214844, "clip_fraction": 0.405, "gradient_norm_mean": 191.45375, "gradient_norm_max": 661.8638305664062, "step_seconds": 2.1986293476074934, "innovation_std_sum": 1135.7405225148589, "noise_marginal_std_sum": 1279.6783404842458}
{"step": 180, "epoch": 4, "train_loss": 2.6667938232421875, "clip_fraction": 0.354, "gradient_norm_mean": 184.5222734375, "gradient_norm_max": 607.78466796875, "step_seconds": 2.240394700318575, "innovation_std_sum": 1135.7405225148589, "noise_marginal_std_sum": 1279.6783404842458}
{"step": 190, "epoch": 4, "train_loss": 2.6686458740234373, "clip_fraction": 0.366, "gradient_norm_mean": 184.81041796875, "gradient_norm_max": 714.1281127929688, "step_seconds": 2.213041292503476, "innovation_std_sum": 1135.7405225148589, "noise_marginal_std_sum": 1279.6783404842458}
{"step": 200, "epoch": 4, "train_loss": 2.7617479858398437, "clip_fraction": 0.338, "gradient_norm_mean": 180.020171875, "gradient_norm_max": 645.1570434570312, "step_seconds": 2.237146722152829, "innovation_std_sum": 1135.7405225148589, "noise_marginal_std_sum": 1279.6783404842458}
{"epoch": 4, "step": 200, "train_loss": 2.71704724609375, "clip_fraction": 0.39038, "epsilon": 1.7661339350600902, "accuracy": 0.3981, "validation_loss": 2.291458312988281, "validation_examples": 10000}
{"step": 210, "epoch": 5, "train_loss": 2.655681213378906, "clip_fraction": 0.321, "gradient_norm_mean": 176.9488984375, "gradient_norm_max": 476.0289306640625, "step_seconds": 2.1598537992686033, "innovation_std_sum": 1135.7405225148589, "noise_marginal_std_sum": 1279.6783404842458}
{"step": 220, "epoch": 5, "train_loss": 2.7359505615234374, "clip_fraction": 0.333, "gradient_norm_mean": 180.4184140625, "gradient_norm_max": 540.4696044921875, "step_seconds": 2.181652097031474, "innovation_std_sum": 1135.7405225148589, "noise_marginal_std_sum": 1279.6783404842458}
{"step": 230, "epoch": 5, "train_loss": 2.7175711669921876, "clip_fraction": 0.282, "gradient_norm_mean": 172.26784375, "gradient_norm_max": 472.0228271484375, "step_seconds": 2.232760202139616, "innovation_std_sum": 1135.7405225148589, "noise_marginal_std_sum": 1279.6783404842458}
{"step": 240, "epoch": 5, "train_loss": 2.6912894897460937, "clip_fraction": 0.307, "gradient_norm_mean": 174.33415625, "gradient_norm_max": 653.5526733398438, "step_seconds": 2.234538022428751, "innovation_std_sum": 1135.7405225148589, "noise_marginal_std_sum": 1279.6783404842458}
{"step": 250, "epoch": 5, "train_loss": 2.6798740234375, "clip_fraction": 0.289, "gradient_norm_mean": 172.8379140625, "gradient_norm_max": 564.568359375, "step_seconds": 2.2195838056504726, "innovation_std_sum": 1135.7405225148589, "noise_marginal_std_sum": 1279.6783404842458}
{"epoch": 5, "step": 250, "train_loss": 2.691504703369141, "clip_fraction": 0.30882, "epsilon": 2.0000000000008775, "accuracy": 0.3929, "validation_loss": 2.2909164306640624, "validation_examples": 10000}
