Loading weights:   0%|          | 0/39 [00:00<?, ?it/s]Loading weights: 100%|██████████| 39/39 [00:00<00:00, 28798.92it/s]
[transformers] [1mBertModel LOAD REPORT[0m from: /media/data/data/lt/dp-adam-correlated/cache/bert-tiny
Key                                        | Status     |  | 
-------------------------------------------+------------+--+-
cls.predictions.transform.dense.weight     | UNEXPECTED |  | 
cls.predictions.bias                       | UNEXPECTED |  | 
cls.seq_relationship.weight                | UNEXPECTED |  | 
cls.seq_relationship.bias                  | UNEXPECTED |  | 
cls.predictions.decoder.bias               | UNEXPECTED |  | 
cls.predictions.decoder.weight             | UNEXPECTED |  | 
cls.predictions.transform.LayerNorm.weight | UNEXPECTED |  | 
cls.predictions.transform.dense.bias       | UNEXPECTED |  | 
cls.predictions.transform.LayerNorm.bias   | UNEXPECTED |  | 

Notes:
- UNEXPECTED:	can be ignored when loading from different task/architecture; not ok if you expect identical arch.
sys:1: UserWarning: Full backward hook is firing when gradients are computed with respect to module outputs since no inputs require gradients. See https://docs.pytorch.org/docs/main/generated/torch.nn.Module.html#torch.nn.Module.register_full_backward_hook for more details.
{"step": 10, "epoch": 1, "train_loss": 1.366418212890625, "clip_fraction": 1.0, "gradient_norm_mean": 7.457482421875, "gradient_norm_max": 27.064674377441406, "step_seconds": 0.12331769615411758, "innovation_std_sum": 0.7252654170619961, "noise_marginal_std_sum": 0.7252654170619961}
{"step": 20, "epoch": 1, "train_loss": 1.8577818603515626, "clip_fraction": 0.617, "gradient_norm_mean": 9.4681416015625, "gradient_norm_max": 51.77336120605469, "step_seconds": 0.27727819606661797, "innovation_std_sum": 0.7252654170619961, "noise_marginal_std_sum": 0.7252654170619961}
{"step": 30, "epoch": 1, "train_loss": 2.0332020263671877, "clip_fraction": 0.562, "gradient_norm_mean": 11.528318359375, "gradient_norm_max": 59.75608444213867, "step_seconds": 0.12443623319268227, "innovation_std_sum": 0.7252654170619961, "noise_marginal_std_sum": 0.7252654170619961}
{"step": 40, "epoch": 1, "train_loss": 1.8256920166015624, "clip_fraction": 0.788, "gradient_norm_mean": 20.388541015625, "gradient_norm_max": 87.11296081542969, "step_seconds": 0.2740978132933378, "innovation_std_sum": 0.7252654170619961, "noise_marginal_std_sum": 0.7252654170619961}
{"step": 50, "epoch": 1, "train_loss": 1.3950130615234375, "clip_fraction": 0.864, "gradient_norm_mean": 33.60659765625, "gradient_norm_max": 143.9520721435547, "step_seconds": 0.280038682743907, "innovation_std_sum": 0.7252654170619961, "noise_marginal_std_sum": 0.7252654170619961}
{"step": 60, "epoch": 1, "train_loss": 1.136147705078125, "clip_fraction": 0.773, "gradient_norm_mean": 42.783984375, "gradient_norm_max": 227.0226287841797, "step_seconds": 0.27777443267405033, "innovation_std_sum": 0.7252654170619961, "noise_marginal_std_sum": 0.7252654170619961}
{"epoch": 1, "step": 62, "train_loss": 1.5525213357248613, "clip_fraction": 0.7841612903225806, "epsilon": 1.6139017611016584, "accuracy": 0.6926605504587156, "validation_loss": 0.7297580264030247, "validation_examples": 872}
{"step": 70, "epoch": 2, "train_loss": 0.881679443359375, "clip_fraction": 0.834, "gradient_norm_mean": 49.153578125, "gradient_norm_max": 393.1628112792969, "step_seconds": 0.26632461324334145, "innovation_std_sum": 0.7252654170619961, "noise_marginal_std_sum": 0.7252654170619961}
{"step": 80, "epoch": 2, "train_loss": 1.174982177734375, "clip_fraction": 0.726, "gradient_norm_mean": 67.64128125, "gradient_norm_max": 450.2935791015625, "step_seconds": 0.2726549431681633, "innovation_std_sum": 0.7252654170619961, "noise_marginal_std_sum": 0.7252654170619961}
{"step": 90, "epoch": 2, "train_loss": 1.27791845703125, "clip_fraction": 0.591, "gradient_norm_mean": 71.107265625, "gradient_norm_max": 550.4229736328125, "step_seconds": 0.2889767475426197, "innovation_std_sum": 0.7252654170619961, "noise_marginal_std_sum": 0.7252654170619961}
{"step": 100, "epoch": 2, "train_loss": 1.30210986328125, "clip_fraction": 0.573, "gradient_norm_mean": 79.3146875, "gradient_norm_max": 651.5457763671875, "step_seconds": 0.2825272101908922, "innovation_std_sum": 0.7252654170619961, "noise_marginal_std_sum": 0.7252654170619961}
{"step": 110, "epoch": 2, "train_loss": 1.242366455078125, "clip_fraction": 0.547, "gradient_norm_mean": 80.8225625, "gradient_norm_max": 1008.1669921875, "step_seconds": 0.2781669534742832, "innovation_std_sum": 0.7252654170619961, "noise_marginal_std_sum": 0.7252654170619961}
{"step": 120, "epoch": 2, "train_loss": 1.25882373046875, "clip_fraction": 0.545, "gradient_norm_mean": 74.917515625, "gradient_norm_max": 664.6863403320312, "step_seconds": 0.28767572715878487, "innovation_std_sum": 0.7252654170619961, "noise_marginal_std_sum": 0.7252654170619961}
{"epoch": 2, "step": 124, "train_loss": 1.1915414113690777, "clip_fraction": 0.6433064516129032, "epsilon": 2.376205474956288, "accuracy": 0.7327981651376146, "validation_loss": 1.3627531769078807, "validation_examples": 872}
{"step": 130, "epoch": 3, "train_loss": 1.223455810546875, "clip_fraction": 0.553, "gradient_norm_mean": 76.3389921875, "gradient_norm_max": 731.6785278320312, "step_seconds": 0.29311920143663883, "innovation_std_sum": 0.7252654170619961, "noise_marginal_std_sum": 0.7252654170619961}
{"step": 140, "epoch": 3, "train_loss": 1.2965517578125, "clip_fraction": 0.558, "gradient_norm_mean": 69.6214609375, "gradient_norm_max": 883.3621826171875, "step_seconds": 0.29060290940105915, "innovation_std_sum": 0.7252654170619961, "noise_marginal_std_sum": 0.7252654170619961}
{"step": 150, "epoch": 3, "train_loss": 1.245748046875, "clip_fraction": 0.547, "gradient_norm_mean": 75.7695859375, "gradient_norm_max": 650.5331420898438, "step_seconds": 0.2938655484467745, "innovation_std_sum": 0.7252654170619961, "noise_marginal_std_sum": 0.7252654170619961}
{"step": 160, "epoch": 3, "train_loss": 1.1910797119140626, "clip_fraction": 0.523, "gradient_norm_mean": 75.34134375, "gradient_norm_max": 758.292724609375, "step_seconds": 0.2769839372485876, "innovation_std_sum": 0.7252654170619961, "noise_marginal_std_sum": 0.7252654170619961}
{"step": 170, "epoch": 3, "train_loss": 1.254934326171875, "clip_fraction": 0.532, "gradient_norm_mean": 79.22075, "gradient_norm_max": 802.8604736328125, "step_seconds": 0.2884719278663397, "innovation_std_sum": 0.7252654170619961, "noise_marginal_std_sum": 0.7252654170619961}
{"step": 180, "epoch": 3, "train_loss": 1.23385205078125, "clip_fraction": 0.512, "gradient_norm_mean": 67.7116796875, "gradient_norm_max": 914.834228515625, "step_seconds": 0.2919774707406759, "innovation_std_sum": 0.7252654170619961, "noise_marginal_std_sum": 0.7252654170619961}
{"epoch": 3, "step": 186, "train_loss": 1.20613525390625, "clip_fraction": 0.527016129032258, "epsilon": 2.9873679470781713, "accuracy": 0.7465596330275229, "validation_loss": 1.352590228439471, "validation_examples": 872}
{"step": 190, "epoch": 4, "train_loss": 1.3249461669921876, "clip_fraction": 0.478, "gradient_norm_mean": 74.726203125, "gradient_norm_max": 818.586669921875, "step_seconds": 0.29034036584198475, "innovation_std_sum": 0.7252654170619961, "noise_marginal_std_sum": 0.7252654170619961}
{"step": 200, "epoch": 4, "train_loss": 1.260300048828125, "clip_fraction": 0.483, "gradient_norm_mean": 73.962234375, "gradient_norm_max": 960.9266967773438, "step_seconds": 0.2944300100207329, "innovation_std_sum": 0.7252654170619961, "noise_marginal_std_sum": 0.7252654170619961}
{"step": 210, "epoch": 4, "train_loss": 1.2762562255859375, "clip_fraction": 0.487, "gradient_norm_mean": 74.199640625, "gradient_norm_max": 818.0836181640625, "step_seconds": 0.28943534940481186, "innovation_std_sum": 0.7252654170619961, "noise_marginal_std_sum": 0.7252654170619961}
{"step": 220, "epoch": 4, "train_loss": 1.20313671875, "clip_fraction": 0.481, "gradient_norm_mean": 72.063265625, "gradient_norm_max": 1021.8006591796875, "step_seconds": 0.28971417993307114, "innovation_std_sum": 0.7252654170619961, "noise_marginal_std_sum": 0.7252654170619961}
{"step": 230, "epoch": 4, "train_loss": 1.1328941650390625, "clip_fraction": 0.454, "gradient_norm_mean": 69.78415625, "gradient_norm_max": 1115.45751953125, "step_seconds": 0.2798032220453024, "innovation_std_sum": 0.7252654170619961, "noise_marginal_std_sum": 0.7252654170619961}
{"step": 240, "epoch": 4, "train_loss": 1.2427164306640626, "clip_fraction": 0.484, "gradient_norm_mean": 77.05915625, "gradient_norm_max": 787.1844482421875, "step_seconds": 0.2929725479334593, "innovation_std_sum": 0.7252654170619961, "noise_marginal_std_sum": 0.7252654170619961}
{"epoch": 4, "step": 248, "train_loss": 1.1890586587229082, "clip_fraction": 0.47774193548387095, "epsilon": 3.519237934248579, "accuracy": 0.75, "validation_loss": 1.3130791515385338, "validation_examples": 872}
{"step": 250, "epoch": 5, "train_loss": 1.13499169921875, "clip_fraction": 0.484, "gradient_norm_mean": 76.0476875, "gradient_norm_max": 880.1705322265625, "step_seconds": 0.28634186647832394, "innovation_std_sum": 0.7252654170619961, "noise_marginal_std_sum": 0.7252654170619961}
{"step": 260, "epoch": 5, "train_loss": 1.2882449951171875, "clip_fraction": 0.475, "gradient_norm_mean": 69.327171875, "gradient_norm_max": 816.0756225585938, "step_seconds": 0.28958672657608986, "innovation_std_sum": 0.7252654170619961, "noise_marginal_std_sum": 0.7252654170619961}
{"step": 270, "epoch": 5, "train_loss": 1.26834130859375, "clip_fraction": 0.46, "gradient_norm_mean": 70.854890625, "gradient_norm_max": 906.4940795898438, "step_seconds": 0.27309536561369896, "innovation_std_sum": 0.7252654170619961, "noise_marginal_std_sum": 0.7252654170619961}
{"step": 280, "epoch": 5, "train_loss": 1.05464306640625, "clip_fraction": 0.459, "gradient_norm_mean": 66.22578125, "gradient_norm_max": 889.6951293945312, "step_seconds": 0.2910212427377701, "innovation_std_sum": 0.7252654170619961, "noise_marginal_std_sum": 0.7252654170619961}
{"step": 290, "epoch": 5, "train_loss": 1.07630126953125, "clip_fraction": 0.444, "gradient_norm_mean": 64.05775, "gradient_norm_max": 1127.453125, "step_seconds": 0.2911780718713999, "innovation_std_sum": 0.7252654170619961, "noise_marginal_std_sum": 0.7252654170619961}
{"step": 300, "epoch": 5, "train_loss": 1.0496572265625, "clip_fraction": 0.41, "gradient_norm_mean": 59.694359375, "gradient_norm_max": 1245.6357421875, "step_seconds": 0.27877612225711346, "innovation_std_sum": 0.7252654170619961, "noise_marginal_std_sum": 0.7252654170619961}
{"step": 310, "epoch": 5, "train_loss": 1.237952392578125, "clip_fraction": 0.456, "gradient_norm_mean": 68.46496875, "gradient_norm_max": 883.6211547851562, "step_seconds": 0.29315739683806896, "innovation_std_sum": 0.7252654170619961, "noise_marginal_std_sum": 0.7252654170619961}
{"epoch": 5, "step": 310, "train_loss": 1.140531482327369, "clip_fraction": 0.4549677419354839, "epsilon": 3.9999999999999685, "accuracy": 0.7557339449541285, "validation_loss": 1.362710121574752, "validation_examples": 872}
