/home/longt29/miniconda3/envs/curve/lib/python3.11/site-packages/torchvision/datasets/cifar.py:83: VisibleDeprecationWarning: dtype(): align should be passed as Python or NumPy boolean but got `align=0`. Did you mean to pass a tuple to create a subarray type? (Deprecated NumPy 2.4)
  entry = pickle.load(f, encoding="latin1")
sys:1: UserWarning: Full backward hook is firing when gradients are computed with respect to module outputs since no inputs require gradients. See https://docs.pytorch.org/docs/main/generated/torch.nn.Module.html#torch.nn.Module.register_full_backward_hook for more details.
{"step": 10, "epoch": 1, "train_loss": 4.2698690185546875, "clip_fraction": 1.0, "gradient_norm_mean": 53.8820888671875, "gradient_norm_max": 105.29022216796875, "step_seconds": 2.113948753103614, "innovation_std_sum": 7.222798151648107, "noise_marginal_std_sum": 8.44992665429476}
{"step": 20, "epoch": 1, "train_loss": 3.4606802368164065, "clip_fraction": 1.0, "gradient_norm_mean": 103.4583359375, "gradient_norm_max": 244.8378143310547, "step_seconds": 2.1116422787308693, "innovation_std_sum": 7.222798151648107, "noise_marginal_std_sum": 8.44992665429476}
{"step": 30, "epoch": 1, "train_loss": 2.8941814575195313, "clip_fraction": 1.0, "gradient_norm_mean": 112.23041796875, "gradient_norm_max": 333.02532958984375, "step_seconds": 2.125801894813776, "innovation_std_sum": 7.222798151648107, "noise_marginal_std_sum": 8.44992665429476}
{"step": 40, "epoch": 1, "train_loss": 2.543529602050781, "clip_fraction": 0.998, "gradient_norm_mean": 119.588080078125, "gradient_norm_max": 411.9971618652344, "step_seconds": 2.124760501086712, "innovation_std_sum": 7.222798151648107, "noise_marginal_std_sum": 8.44992665429476}
{"epoch": 1, "step": 45, "train_loss": 3.4368313381618925, "clip_fraction": 0.9993777777777778, "epsilon": 3.0297011451528917, "accuracy": 0.4856, "validation_loss": 1.907972674560547, "validation_examples": 5000}
{"step": 50, "epoch": 2, "train_loss": 2.2339113159179687, "clip_fraction": 0.991, "gradient_norm_mean": 114.99042578125, "gradient_norm_max": 661.882080078125, "step_seconds": 2.109430940821767, "innovation_std_sum": 7.222798151648107, "noise_marginal_std_sum": 8.44992665429476}
{"step": 60, "epoch": 2, "train_loss": 2.14630810546875, "clip_fraction": 0.979, "gradient_norm_mean": 117.81843359375, "gradient_norm_max": 507.9070739746094, "step_seconds": 2.1167709808796644, "innovation_std_sum": 7.222798151648107, "noise_marginal_std_sum": 8.44992665429476}
{"step": 70, "epoch": 2, "train_loss": 1.9107929077148438, "clip_fraction": 0.95, "gradient_norm_mean": 111.945712890625, "gradient_norm_max": 735.7821655273438, "step_seconds": 2.127897474914789, "innovation_std_sum": 7.222798151648107, "noise_marginal_std_sum": 8.44992665429476}
{"step": 80, "epoch": 2, "train_loss": 1.9391177368164063, "clip_fraction": 0.956, "gradient_norm_mean": 120.062740234375, "gradient_norm_max": 856.1198120117188, "step_seconds": 2.1406286656856537, "innovation_std_sum": 7.222798151648107, "noise_marginal_std_sum": 8.44992665429476}
{"step": 90, "epoch": 2, "train_loss": 1.7787876281738282, "clip_fraction": 0.937, "gradient_norm_mean": 120.614197265625, "gradient_norm_max": 731.2446899414062, "step_seconds": 2.126845706254244, "innovation_std_sum": 7.222798151648107, "noise_marginal_std_sum": 8.44992665429476}
{"epoch": 2, "step": 90, "train_loss": 2.012795166015625, "clip_fraction": 0.9664666666666667, "epsilon": 4.5953206372907065, "accuracy": 0.6414, "validation_loss": 1.2558847534179687, "validation_examples": 5000}
{"step": 100, "epoch": 3, "train_loss": 1.6462838134765625, "clip_fraction": 0.908, "gradient_norm_mean": 115.7044296875, "gradient_norm_max": 602.0184936523438, "step_seconds": 2.1310324743390083, "innovation_std_sum": 7.222798151648107, "noise_marginal_std_sum": 8.44992665429476}
{"step": 110, "epoch": 3, "train_loss": 1.6149655456542968, "clip_fraction": 0.896, "gradient_norm_mean": 116.496435546875, "gradient_norm_max": 809.12158203125, "step_seconds": 2.156363297253847, "innovation_std_sum": 7.222798151648107, "noise_marginal_std_sum": 8.44992665429476}
{"step": 120, "epoch": 3, "train_loss": 1.5407723999023437, "clip_fraction": 0.872, "gradient_norm_mean": 117.872767578125, "gradient_norm_max": 1056.6407470703125, "step_seconds": 2.132494915276766, "innovation_std_sum": 7.222798151648107, "noise_marginal_std_sum": 8.44992665429476}
{"step": 130, "epoch": 3, "train_loss": 1.5459837646484376, "clip_fraction": 0.859, "gradient_norm_mean": 121.7528125, "gradient_norm_max": 788.5234985351562, "step_seconds": 2.1329512130469084, "innovation_std_sum": 7.222798151648107, "noise_marginal_std_sum": 8.44992665429476}
{"epoch": 3, "step": 135, "train_loss": 1.651068383110894, "clip_fraction": 0.8906, "epsilon": 5.865340104265841, "accuracy": 0.705, "validation_loss": 1.0225162780761718, "validation_examples": 5000}
{"step": 140, "epoch": 4, "train_loss": 1.6003815612792969, "clip_fraction": 0.834, "gradient_norm_mean": 120.154087890625, "gradient_norm_max": 632.7532348632812, "step_seconds": 2.126107892021537, "innovation_std_sum": 7.222798151648107, "noise_marginal_std_sum": 8.44992665429476}
{"step": 150, "epoch": 4, "train_loss": 1.5557179565429688, "clip_fraction": 0.819, "gradient_norm_mean": 119.074919921875, "gradient_norm_max": 818.0261840820312, "step_seconds": 2.1132444459944963, "innovation_std_sum": 7.222798151648107, "noise_marginal_std_sum": 8.44992665429476}
{"step": 160, "epoch": 4, "train_loss": 1.5298158874511718, "clip_fraction": 0.827, "gradient_norm_mean": 121.2717734375, "gradient_norm_max": 675.4089965820312, "step_seconds": 2.124435879290104, "innovation_std_sum": 7.222798151648107, "noise_marginal_std_sum": 8.44992665429476}
{"step": 170, "epoch": 4, "train_loss": 1.5352442626953124, "clip_fraction": 0.832, "gradient_norm_mean": 119.642908203125, "gradient_norm_max": 840.5637817382812, "step_seconds": 2.115633001551032, "innovation_std_sum": 7.222798151648107, "noise_marginal_std_sum": 8.44992665429476}
{"step": 180, "epoch": 4, "train_loss": 1.4789030151367188, "clip_fraction": 0.802, "gradient_norm_mean": 121.029861328125, "gradient_norm_max": 687.4747314453125, "step_seconds": 2.1102952118963003, "innovation_std_sum": 7.222798151648107, "noise_marginal_std_sum": 8.44992665429476}
{"epoch": 4, "step": 180, "train_loss": 1.5280773817274305, "clip_fraction": 0.8313777777777778, "epsilon": 6.981705044814983, "accuracy": 0.7286, "validation_loss": 0.9412145233154297, "validation_examples": 5000}
{"step": 190, "epoch": 5, "train_loss": 1.4070959167480468, "clip_fraction": 0.824, "gradient_norm_mean": 117.6318515625, "gradient_norm_max": 897.424560546875, "step_seconds": 2.1156423669308424, "innovation_std_sum": 7.222798151648107, "noise_marginal_std_sum": 8.44992665429476}
{"step": 200, "epoch": 5, "train_loss": 1.5187009887695313, "clip_fraction": 0.803, "gradient_norm_mean": 124.0453515625, "gradient_norm_max": 734.4173583984375, "step_seconds": 2.1171638909727335, "innovation_std_sum": 7.222798151648107, "noise_marginal_std_sum": 8.44992665429476}
{"step": 210, "epoch": 5, "train_loss": 1.534074920654297, "clip_fraction": 0.771, "gradient_norm_mean": 120.908072265625, "gradient_norm_max": 822.340087890625, "step_seconds": 2.122161963954568, "innovation_std_sum": 7.222798151648107, "noise_marginal_std_sum": 8.44992665429476}
{"step": 220, "epoch": 5, "train_loss": 1.4668526306152343, "clip_fraction": 0.803, "gradient_norm_mean": 127.686458984375, "gradient_norm_max": 874.59228515625, "step_seconds": 2.1277416795492172, "innovation_std_sum": 7.222798151648107, "noise_marginal_std_sum": 8.44992665429476}
{"epoch": 5, "step": 225, "train_loss": 1.4622396436903211, "clip_fraction": 0.7925111111111112, "epsilon": 8.000000000000005, "accuracy": 0.7444, "validation_loss": 0.8973615692138672, "validation_examples": 5000}
