Loading weights:   0%|          | 0/39 [00:00<?, ?it/s]Loading weights: 100%|██████████| 39/39 [00:00<00:00, 18869.29it/s]
[transformers] [1mBertModel LOAD REPORT[0m from: /media/data/data/lt/dp-adam-correlated/cache/bert-tiny
Key                                        | Status     |  | 
-------------------------------------------+------------+--+-
cls.predictions.decoder.weight             | UNEXPECTED |  | 
cls.predictions.transform.LayerNorm.weight | UNEXPECTED |  | 
cls.predictions.decoder.bias               | UNEXPECTED |  | 
cls.seq_relationship.weight                | UNEXPECTED |  | 
cls.predictions.transform.LayerNorm.bias   | UNEXPECTED |  | 
cls.predictions.transform.dense.bias       | UNEXPECTED |  | 
cls.seq_relationship.bias                  | UNEXPECTED |  | 
cls.predictions.bias                       | UNEXPECTED |  | 
cls.predictions.transform.dense.weight     | UNEXPECTED |  | 

Notes:
- UNEXPECTED:	can be ignored when loading from different task/architecture; not ok if you expect identical arch.
sys:1: UserWarning: Full backward hook is firing when gradients are computed with respect to module outputs since no inputs require gradients. See https://docs.pytorch.org/docs/main/generated/torch.nn.Module.html#torch.nn.Module.register_full_backward_hook for more details.
{"step": 10, "epoch": 1, "step_seconds": 0.2643391750752926, "innovation_std_sum": 21.59206911797119, "noise_marginal_std_sum": 24.21041931382557, "pure_mf_cumulative_momentum_noise_variance": 0.001683972299508899, "preconditioner_mean": 45.24786376953125, "preconditioner_change_relative": 0.09042821079492569, "denominator_lag_relative": 0.0, "block_age": 0}
{"step": 20, "epoch": 1, "step_seconds": 0.26200902462005615, "innovation_std_sum": 21.59206911797119, "noise_marginal_std_sum": 24.21041931382557, "pure_mf_cumulative_momentum_noise_variance": 0.0017573940315948817, "preconditioner_mean": 42.962764739990234, "preconditioner_change_relative": 0.03783588483929634, "denominator_lag_relative": 0.0, "block_age": 0}
{"step": 30, "epoch": 1, "step_seconds": 0.27018451504409313, "innovation_std_sum": 21.59206911797119, "noise_marginal_std_sum": 24.21041931382557, "pure_mf_cumulative_momentum_noise_variance": 0.0018146155633252056, "preconditioner_mean": 42.23983383178711, "preconditioner_change_relative": 0.026588397100567818, "denominator_lag_relative": 0.0, "block_age": 0}
{"step": 40, "epoch": 1, "step_seconds": 0.2611802201718092, "innovation_std_sum": 21.59206911797119, "noise_marginal_std_sum": 24.21041931382557, "pure_mf_cumulative_momentum_noise_variance": 0.001879120284773368, "preconditioner_mean": 41.82997131347656, "preconditioner_change_relative": 0.019912904128432274, "denominator_lag_relative": 0.0, "block_age": 0}
{"step": 50, "epoch": 1, "step_seconds": 0.1769546251744032, "innovation_std_sum": 21.59206911797119, "noise_marginal_std_sum": 24.21041931382557, "pure_mf_cumulative_momentum_noise_variance": 0.001948613441162808, "preconditioner_mean": 41.71120071411133, "preconditioner_change_relative": 0.015658685937523842, "denominator_lag_relative": 0.0, "block_age": 0}
{"step": 60, "epoch": 1, "step_seconds": 0.2651554998010397, "innovation_std_sum": 21.59206911797119, "noise_marginal_std_sum": 24.21041931382557, "pure_mf_cumulative_momentum_noise_variance": 0.0020205943417343076, "preconditioner_mean": 41.58348083496094, "preconditioner_change_relative": 0.012845272198319435, "denominator_lag_relative": 0.0, "block_age": 0}
{"epoch": 1, "step": 62, "epsilon": 3.0817479262244762, "accuracy": 0.7588334268087493, "validation_loss": 0.6622116351310372, "validation_examples": 5349}
{"step": 70, "epoch": 2, "step_seconds": 0.26213126070797443, "innovation_std_sum": 21.59206911797119, "noise_marginal_std_sum": 24.21041931382557, "pure_mf_cumulative_momentum_noise_variance": 0.0020936972539459626, "preconditioner_mean": 41.49969482421875, "preconditioner_change_relative": 0.010909788310527802, "denominator_lag_relative": 0.0, "block_age": 0}
{"step": 80, "epoch": 2, "step_seconds": 0.2672886922955513, "innovation_std_sum": 21.59206911797119, "noise_marginal_std_sum": 24.21041931382557, "pure_mf_cumulative_momentum_noise_variance": 0.0021672799376078107, "preconditioner_mean": 41.404640197753906, "preconditioner_change_relative": 0.009687524288892746, "denominator_lag_relative": 0.0, "block_age": 0}
{"step": 90, "epoch": 2, "step_seconds": 0.2627376653254032, "innovation_std_sum": 21.59206911797119, "noise_marginal_std_sum": 24.21041931382557, "pure_mf_cumulative_momentum_noise_variance": 0.0022410608166093097, "preconditioner_mean": 41.35859298706055, "preconditioner_change_relative": 0.00906186830252409, "denominator_lag_relative": 0.0, "block_age": 0}
{"step": 100, "epoch": 2, "step_seconds": 0.25768005289137363, "innovation_std_sum": 21.59206911797119, "noise_marginal_std_sum": 24.21041931382557, "pure_mf_cumulative_momentum_noise_variance": 0.0023149215907523183, "preconditioner_mean": 41.31334686279297, "preconditioner_change_relative": 0.007822739891707897, "denominator_lag_relative": 0.0, "block_age": 0}
{"step": 110, "epoch": 2, "step_seconds": 0.17273314483463764, "innovation_std_sum": 21.59206911797119, "noise_marginal_std_sum": 24.21041931382557, "pure_mf_cumulative_momentum_noise_variance": 0.0023888139866287484, "preconditioner_mean": 41.28367614746094, "preconditioner_change_relative": 0.007198341656476259, "denominator_lag_relative": 0.0, "block_age": 0}
{"step": 120, "epoch": 2, "step_seconds": 0.2630906328558922, "innovation_std_sum": 21.59206911797119, "noise_marginal_std_sum": 24.21041931382557, "pure_mf_cumulative_momentum_noise_variance": 0.0024627187211308642, "preconditioner_mean": 41.255279541015625, "preconditioner_change_relative": 0.006602165289223194, "denominator_lag_relative": 0.0, "block_age": 0}
{"epoch": 2, "step": 124, "epsilon": 4.626744139901174, "accuracy": 0.7915498223967097, "validation_loss": 0.6223280103123284, "validation_examples": 5349}
{"step": 130, "epoch": 3, "step_seconds": 0.2520227022469044, "innovation_std_sum": 21.59206911797119, "noise_marginal_std_sum": 24.21041931382557, "pure_mf_cumulative_momentum_noise_variance": 0.002536628215652429, "preconditioner_mean": 41.234527587890625, "preconditioner_change_relative": 0.005685320124030113, "denominator_lag_relative": 0.0, "block_age": 0}
{"step": 140, "epoch": 3, "step_seconds": 0.25582461804151535, "innovation_std_sum": 21.59206911797119, "noise_marginal_std_sum": 24.21041931382557, "pure_mf_cumulative_momentum_noise_variance": 0.0026105395295261376, "preconditioner_mean": 41.18989181518555, "preconditioner_change_relative": 0.005733344703912735, "denominator_lag_relative": 0.0, "block_age": 0}
{"step": 150, "epoch": 3, "step_seconds": 0.26637062430381775, "innovation_std_sum": 21.59206911797119, "noise_marginal_std_sum": 24.21041931382557, "pure_mf_cumulative_momentum_noise_variance": 0.00268445153343158, "preconditioner_mean": 41.1980094909668, "preconditioner_change_relative": 0.005026430822908878, "denominator_lag_relative": 0.0, "block_age": 0}
{"step": 160, "epoch": 3, "step_seconds": 0.25998653657734394, "innovation_std_sum": 21.59206911797119, "noise_marginal_std_sum": 24.21041931382557, "pure_mf_cumulative_momentum_noise_variance": 0.0027583637973448275, "preconditioner_mean": 41.1866340637207, "preconditioner_change_relative": 0.004897906444966793, "denominator_lag_relative": 0.0, "block_age": 0}
{"step": 170, "epoch": 3, "step_seconds": 0.2620994318276644, "innovation_std_sum": 21.59206911797119, "noise_marginal_std_sum": 24.21041931382557, "pure_mf_cumulative_momentum_noise_variance": 0.002832276158684581, "preconditioner_mean": 41.17233657836914, "preconditioner_change_relative": 0.004561474081128836, "denominator_lag_relative": 0.0, "block_age": 0}
{"step": 180, "epoch": 3, "step_seconds": 0.262882923707366, "innovation_std_sum": 21.59206911797119, "noise_marginal_std_sum": 24.21041931382557, "pure_mf_cumulative_momentum_noise_variance": 0.0029061885563545016, "preconditioner_mean": 41.177940368652344, "preconditioner_change_relative": 0.004139352589845657, "denominator_lag_relative": 0.0, "block_age": 0}
{"epoch": 3, "step": 186, "epsilon": 5.883337114624349, "accuracy": 0.8091232005982426, "validation_loss": 0.5548816794300775, "validation_examples": 5349}
{"step": 190, "epoch": 4, "step_seconds": 0.2631502505391836, "innovation_std_sum": 21.59206911797119, "noise_marginal_std_sum": 24.21041931382557, "pure_mf_cumulative_momentum_noise_variance": 0.0029801009675147266, "preconditioner_mean": 41.170806884765625, "preconditioner_change_relative": 0.004200666677206755, "denominator_lag_relative": 0.0, "block_age": 0}
{"step": 200, "epoch": 4, "step_seconds": 0.26273538172245026, "innovation_std_sum": 21.59206911797119, "noise_marginal_std_sum": 24.21041931382557, "pure_mf_cumulative_momentum_noise_variance": 0.003054013383665609, "preconditioner_mean": 41.165164947509766, "preconditioner_change_relative": 0.0039763860404491425, "denominator_lag_relative": 0.0, "block_age": 0}
{"step": 210, "epoch": 4, "step_seconds": 0.2628097850829363, "innovation_std_sum": 21.59206911797119, "noise_marginal_std_sum": 24.21041931382557, "pure_mf_cumulative_momentum_noise_variance": 0.003127925801656653, "preconditioner_mean": 41.15175247192383, "preconditioner_change_relative": 0.003695126622915268, "denominator_lag_relative": 0.0, "block_age": 0}
{"step": 220, "epoch": 4, "step_seconds": 0.24137325026094913, "innovation_std_sum": 21.59206911797119, "noise_marginal_std_sum": 24.21041931382557, "pure_mf_cumulative_momentum_noise_variance": 0.0032018382203242005, "preconditioner_mean": 41.14619827270508, "preconditioner_change_relative": 0.003579699667170644, "denominator_lag_relative": 0.0, "block_age": 0}
{"step": 230, "epoch": 4, "step_seconds": 0.2616527955979109, "innovation_std_sum": 21.59206911797119, "noise_marginal_std_sum": 24.21041931382557, "pure_mf_cumulative_momentum_noise_variance": 0.0032757506392397918, "preconditioner_mean": 41.15195083618164, "preconditioner_change_relative": 0.0034677828662097454, "denominator_lag_relative": 0.0, "block_age": 0}
{"step": 240, "epoch": 4, "step_seconds": 0.26300572603940964, "innovation_std_sum": 21.59206911797119, "noise_marginal_std_sum": 24.21041931382557, "pure_mf_cumulative_momentum_noise_variance": 0.0033496630582461086, "preconditioner_mean": 41.16095733642578, "preconditioner_change_relative": 0.0034389018546789885, "denominator_lag_relative": 0.0, "block_age": 0}
{"epoch": 4, "step": 248, "epsilon": 6.989802718757768, "accuracy": 0.8147317255561787, "validation_loss": 0.5439702303393085, "validation_examples": 5349}
{"step": 250, "epoch": 5, "step_seconds": 0.25897869653999805, "innovation_std_sum": 21.59206911797119, "noise_marginal_std_sum": 24.21041931382557, "pure_mf_cumulative_momentum_noise_variance": 0.00342357547728554, "preconditioner_mean": 41.14406967163086, "preconditioner_change_relative": 0.003351259045302868, "denominator_lag_relative": 0.0, "block_age": 0}
{"step": 260, "epoch": 5, "step_seconds": 0.2591412775218487, "innovation_std_sum": 21.59206911797119, "noise_marginal_std_sum": 24.21041931382557, "pure_mf_cumulative_momentum_noise_variance": 0.003497487896337033, "preconditioner_mean": 41.14320373535156, "preconditioner_change_relative": 0.0030360473319888115, "denominator_lag_relative": 0.0, "block_age": 0}
{"step": 270, "epoch": 5, "step_seconds": 0.26293514482676983, "innovation_std_sum": 21.59206911797119, "noise_marginal_std_sum": 24.21041931382557, "pure_mf_cumulative_momentum_noise_variance": 0.0035714003153929108, "preconditioner_mean": 41.14390182495117, "preconditioner_change_relative": 0.0031369500793516636, "denominator_lag_relative": 0.0, "block_age": 0}
{"step": 280, "epoch": 5, "step_seconds": 0.2631678208708763, "innovation_std_sum": 21.59206911797119, "noise_marginal_std_sum": 24.21041931382557, "pure_mf_cumulative_momentum_noise_variance": 0.0036453127344503807, "preconditioner_mean": 41.15915298461914, "preconditioner_change_relative": 0.0027944890316575766, "denominator_lag_relative": 0.0, "block_age": 0}
{"step": 290, "epoch": 5, "step_seconds": 0.2663366626948118, "innovation_std_sum": 21.59206911797119, "noise_marginal_std_sum": 24.21041931382557, "pure_mf_cumulative_momentum_noise_variance": 0.0037192251535084274, "preconditioner_mean": 41.16686248779297, "preconditioner_change_relative": 0.002877612365409732, "denominator_lag_relative": 0.0, "block_age": 0}
{"step": 300, "epoch": 5, "step_seconds": 0.12946878001093864, "innovation_std_sum": 21.59206911797119, "noise_marginal_std_sum": 24.21041931382557, "pure_mf_cumulative_momentum_noise_variance": 0.0037931375725666827, "preconditioner_mean": 41.179527282714844, "preconditioner_change_relative": 0.0026684098411351442, "denominator_lag_relative": 0.0, "block_age": 0}
{"step": 310, "epoch": 5, "step_seconds": 0.12664150446653366, "innovation_std_sum": 21.59206911797119, "noise_marginal_std_sum": 24.21041931382557, "pure_mf_cumulative_momentum_noise_variance": 0.0038670499916250134, "preconditioner_mean": 41.17277526855469, "preconditioner_change_relative": 0.0027302377857267857, "denominator_lag_relative": 0.0, "block_age": 0}
{"epoch": 5, "step": 310, "epsilon": 8.000000000000005, "accuracy": 0.822396709665358, "validation_loss": 0.5244503538281834, "validation_examples": 5349}
