/home/longt29/miniconda3/envs/curve/lib/python3.11/site-packages/torchvision/datasets/cifar.py:83: VisibleDeprecationWarning: dtype(): align should be passed as Python or NumPy boolean but got `align=0`. Did you mean to pass a tuple to create a subarray type? (Deprecated NumPy 2.4)
  entry = pickle.load(f, encoding="latin1")
sys:1: UserWarning: Full backward hook is firing when gradients are computed with respect to module outputs since no inputs require gradients. See https://docs.pytorch.org/docs/main/generated/torch.nn.Module.html#torch.nn.Module.register_full_backward_hook for more details.
{"step": 10, "epoch": 1, "train_loss": 4.0880523071289065, "clip_fraction": 1.0, "gradient_norm_mean": 68.542771484375, "gradient_norm_max": 147.98211669921875, "step_seconds": 2.107201473787427, "innovation_std_sum": 51.286678060925176, "noise_marginal_std_sum": 57.78648359277493}
{"step": 20, "epoch": 1, "train_loss": 3.2223900146484374, "clip_fraction": 0.996, "gradient_norm_mean": 119.59203515625, "gradient_norm_max": 278.1209411621094, "step_seconds": 2.151299150660634, "innovation_std_sum": 51.286678060925176, "noise_marginal_std_sum": 57.78648359277493}
{"step": 30, "epoch": 1, "train_loss": 2.746129211425781, "clip_fraction": 0.974, "gradient_norm_mean": 125.80453125, "gradient_norm_max": 384.6333312988281, "step_seconds": 2.1621060222387314, "innovation_std_sum": 51.286678060925176, "noise_marginal_std_sum": 57.78648359277493}
{"step": 40, "epoch": 1, "train_loss": 2.5540949096679686, "clip_fraction": 0.954, "gradient_norm_mean": 136.9973984375, "gradient_norm_max": 464.52288818359375, "step_seconds": 2.1737462859600782, "innovation_std_sum": 51.286678060925176, "noise_marginal_std_sum": 57.78648359277493}
{"epoch": 1, "step": 45, "train_loss": 3.3270953857421874, "clip_fraction": 0.9830222222222222, "epsilon": 3.1232761473275064, "accuracy": 0.4592, "validation_loss": 1.9685665893554687, "validation_examples": 5000}
{"step": 50, "epoch": 2, "train_loss": 2.352650390625, "clip_fraction": 0.917, "gradient_norm_mean": 132.990546875, "gradient_norm_max": 686.2255859375, "step_seconds": 2.115427551791072, "innovation_std_sum": 51.286678060925176, "noise_marginal_std_sum": 57.78648359277493}
{"step": 60, "epoch": 2, "train_loss": 2.353237121582031, "clip_fraction": 0.906, "gradient_norm_mean": 137.1868359375, "gradient_norm_max": 518.87841796875, "step_seconds": 2.1365881729871035, "innovation_std_sum": 51.286678060925176, "noise_marginal_std_sum": 57.78648359277493}
{"step": 70, "epoch": 2, "train_loss": 2.1383261108398437, "clip_fraction": 0.882, "gradient_norm_mean": 129.86266796875, "gradient_norm_max": 459.6009826660156, "step_seconds": 2.167634317651391, "innovation_std_sum": 51.286678060925176, "noise_marginal_std_sum": 57.78648359277493}
{"step": 80, "epoch": 2, "train_loss": 2.2567122802734376, "clip_fraction": 0.887, "gradient_norm_mean": 144.47648828125, "gradient_norm_max": 774.5782470703125, "step_seconds": 2.190811103209853, "innovation_std_sum": 51.286678060925176, "noise_marginal_std_sum": 57.78648359277493}
{"step": 90, "epoch": 2, "train_loss": 2.126547149658203, "clip_fraction": 0.87, "gradient_norm_mean": 144.43318359375, "gradient_norm_max": 770.6817626953125, "step_seconds": 2.199454789981246, "innovation_std_sum": 51.286678060925176, "noise_marginal_std_sum": 57.78648359277493}
{"epoch": 2, "step": 90, "train_loss": 2.240602055528429, "clip_fraction": 0.8984222222222222, "epsilon": 4.650911679155922, "accuracy": 0.5528, "validation_loss": 1.600999395751953, "validation_examples": 5000}
{"step": 100, "epoch": 3, "train_loss": 2.0413025512695313, "clip_fraction": 0.873, "gradient_norm_mean": 140.2419609375, "gradient_norm_max": 543.4331665039062, "step_seconds": 2.1395626813173294, "innovation_std_sum": 51.286678060925176, "noise_marginal_std_sum": 57.78648359277493}
{"step": 110, "epoch": 3, "train_loss": 2.044926788330078, "clip_fraction": 0.85, "gradient_norm_mean": 147.26712109375, "gradient_norm_max": 561.3610229492188, "step_seconds": 2.15388579107821, "innovation_std_sum": 51.286678060925176, "noise_marginal_std_sum": 57.78648359277493}
{"step": 120, "epoch": 3, "train_loss": 1.993769317626953, "clip_fraction": 0.835, "gradient_norm_mean": 141.40996484375, "gradient_norm_max": 490.30322265625, "step_seconds": 2.184055445715785, "innovation_std_sum": 51.286678060925176, "noise_marginal_std_sum": 57.78648359277493}
{"step": 130, "epoch": 3, "train_loss": 2.0203069458007814, "clip_fraction": 0.849, "gradient_norm_mean": 150.42280859375, "gradient_norm_max": 599.6561889648438, "step_seconds": 2.2018312830477953, "innovation_std_sum": 51.286678060925176, "noise_marginal_std_sum": 57.78648359277493}
{"epoch": 3, "step": 135, "train_loss": 2.0631367831759984, "clip_fraction": 0.8507555555555556, "epsilon": 5.897166745944286, "accuracy": 0.5808, "validation_loss": 1.5105848388671874, "validation_examples": 5000}
{"step": 140, "epoch": 4, "train_loss": 2.033352081298828, "clip_fraction": 0.839, "gradient_norm_mean": 145.8254375, "gradient_norm_max": 596.1002807617188, "step_seconds": 2.1520662400871515, "innovation_std_sum": 51.286678060925176, "noise_marginal_std_sum": 57.78648359277493}
{"step": 150, "epoch": 4, "train_loss": 2.111983825683594, "clip_fraction": 0.85, "gradient_norm_mean": 149.3478046875, "gradient_norm_max": 511.7776794433594, "step_seconds": 2.1336079221218824, "innovation_std_sum": 51.286678060925176, "noise_marginal_std_sum": 57.78648359277493}
{"step": 160, "epoch": 4, "train_loss": 2.074475860595703, "clip_fraction": 0.836, "gradient_norm_mean": 150.65884375, "gradient_norm_max": 562.4696655273438, "step_seconds": 2.165498336777091, "innovation_std_sum": 51.286678060925176, "noise_marginal_std_sum": 57.78648359277493}
{"step": 170, "epoch": 4, "train_loss": 2.05652685546875, "clip_fraction": 0.839, "gradient_norm_mean": 145.97177734375, "gradient_norm_max": 544.0501708984375, "step_seconds": 2.1801136787980795, "innovation_std_sum": 51.286678060925176, "noise_marginal_std_sum": 57.78648359277493}
{"step": 180, "epoch": 4, "train_loss": 2.020283447265625, "clip_fraction": 0.827, "gradient_norm_mean": 154.296015625, "gradient_norm_max": 526.30078125, "step_seconds": 2.1961824409663677, "innovation_std_sum": 51.286678060925176, "noise_marginal_std_sum": 57.78648359277493}
{"epoch": 4, "step": 180, "train_loss": 2.042266108534071, "clip_fraction": 0.8357333333333333, "epsilon": 6.996030747466345, "accuracy": 0.5798, "validation_loss": 1.5087599853515625, "validation_examples": 5000}
{"step": 190, "epoch": 5, "train_loss": 2.042141357421875, "clip_fraction": 0.835, "gradient_norm_mean": 154.78201953125, "gradient_norm_max": 654.5758056640625, "step_seconds": 2.130340341478586, "innovation_std_sum": 51.286678060925176, "noise_marginal_std_sum": 57.78648359277493}
{"step": 200, "epoch": 5, "train_loss": 2.0979912719726563, "clip_fraction": 0.84, "gradient_norm_mean": 157.65961328125, "gradient_norm_max": 573.118896484375, "step_seconds": 2.131655180826783, "innovation_std_sum": 51.286678060925176, "noise_marginal_std_sum": 57.78648359277493}
{"step": 210, "epoch": 5, "train_loss": 2.0947794799804687, "clip_fraction": 0.821, "gradient_norm_mean": 151.8987578125, "gradient_norm_max": 486.36065673828125, "step_seconds": 2.1772226877510548, "innovation_std_sum": 51.286678060925176, "noise_marginal_std_sum": 57.78648359277493}
{"step": 220, "epoch": 5, "train_loss": 2.1186434631347657, "clip_fraction": 0.851, "gradient_norm_mean": 166.88123828125, "gradient_norm_max": 840.916015625, "step_seconds": 2.180764516815543, "innovation_std_sum": 51.286678060925176, "noise_marginal_std_sum": 57.78648359277493}
{"epoch": 5, "step": 225, "train_loss": 2.0573583353678386, "clip_fraction": 0.8313333333333334, "epsilon": 8.000000000000005, "accuracy": 0.5738, "validation_loss": 1.5760697265625, "validation_examples": 5000}
