/home/longt29/miniconda3/envs/curve/lib/python3.11/site-packages/torchvision/datasets/cifar.py:83: VisibleDeprecationWarning: dtype(): align should be passed as Python or NumPy boolean but got `align=0`. Did you mean to pass a tuple to create a subarray type? (Deprecated NumPy 2.4)
  entry = pickle.load(f, encoding="latin1")
{"method": "dp-adam-iid", "smoke": false, "calibration": {"target_mu": 1.6660305978457184, "sensitivity": 2.23606797749979, "innovation_std_sum": 40.264590225254544, "adjacency": "add_remove_zero_out", "k": 5, "b_participation": 50, "sampling_amplification": false}, "coefficients": [1.0]}
sys:1: UserWarning: Full backward hook is firing when gradients are computed with respect to module outputs since no inputs require gradients. See https://docs.pytorch.org/docs/main/generated/torch.nn.Module.html#torch.nn.Module.register_full_backward_hook for more details.
{"progress_step": 10, "epoch": 1, "train_loss_so_far": 4.943135803222656, "clip_fraction_so_far": 1.0}
{"progress_step": 20, "epoch": 1, "train_loss_so_far": 4.773091064453125, "clip_fraction_so_far": 1.0}
{"progress_step": 30, "epoch": 1, "train_loss_so_far": 4.654931013997396, "clip_fraction_so_far": 1.0}
{"progress_step": 40, "epoch": 1, "train_loss_so_far": 4.554503964233398, "clip_fraction_so_far": 1.0}
{"progress_step": 50, "epoch": 1, "train_loss_so_far": 4.455728204345703, "clip_fraction_so_far": 1.0}
{"epoch": 1, "logical_steps": 50, "train_examples": 50000, "train_loss": 4.455728204345703, "test_loss": 3.8292057678222657, "test_top1": 0.1376, "clip_fraction": 1.0, "gdp_mu": 0.7450715338755282, "gdp_epsilon": 3.1232925162148586, "target_mu": 1.6660305978457184, "target_epsilon": 8.0, "delta": 1e-05, "noise_std": 0.04026459022525455, "noise_std_space": "gradient", "innovation_std_sum": 40.264590225254544, "augmentation_trace_sha256": "53289bbf8c09b2bf7ccecc20b176a72c4ac2d432407c7d90dcdb95128404cce6", "seconds": 141.4012878499925}
{"progress_step": 60, "epoch": 2, "train_loss_so_far": 3.845675262451172, "clip_fraction_so_far": 1.0}
{"progress_step": 70, "epoch": 2, "train_loss_so_far": 3.743891778564453, "clip_fraction_so_far": 0.99995}
{"progress_step": 80, "epoch": 2, "train_loss_so_far": 3.6348129659016926, "clip_fraction_so_far": 0.9996333333333334}
{"progress_step": 90, "epoch": 2, "train_loss_so_far": 3.543558842468262, "clip_fraction_so_far": 0.998875}
{"progress_step": 100, "epoch": 2, "train_loss_so_far": 3.4577043225097657, "clip_fraction_so_far": 0.99768}
{"epoch": 2, "logical_steps": 100, "train_examples": 50000, "train_loss": 3.4577043225097657, "test_loss": 2.7883989624023435, "test_top1": 0.3201, "clip_fraction": 0.99768, "gdp_mu": 1.0536902681448967, "gdp_epsilon": 4.650921021133024, "target_mu": 1.6660305978457184, "target_epsilon": 8.0, "delta": 1e-05, "noise_std": 0.04026459022525455, "noise_std_space": "gradient", "innovation_std_sum": 40.264590225254544, "augmentation_trace_sha256": "c05c31e91768388ea5e6e704f5f7e9b99916875b88b7742e3cf33a3c245bbb77", "seconds": 136.5835201665759}
{"progress_step": 110, "epoch": 3, "train_loss_so_far": 2.9905848205566405, "clip_fraction_so_far": 0.9924}
{"progress_step": 120, "epoch": 3, "train_loss_so_far": 2.9244925720214843, "clip_fraction_so_far": 0.99095}
{"progress_step": 130, "epoch": 3, "train_loss_so_far": 2.852948992919922, "clip_fraction_so_far": 0.9886666666666667}
{"progress_step": 140, "epoch": 3, "train_loss_so_far": 2.80342410736084, "clip_fraction_so_far": 0.986675}
{"progress_step": 150, "epoch": 3, "train_loss_so_far": 2.7549099182128907, "clip_fraction_so_far": 0.98402}
{"epoch": 3, "logical_steps": 150, "train_examples": 50000, "train_loss": 2.7549099182128907, "test_loss": 2.1849230529785157, "test_top1": 0.4436, "clip_fraction": 0.98402, "gdp_mu": 1.2905017519456905, "gdp_epsilon": 5.897172094191148, "target_mu": 1.6660305978457184, "target_epsilon": 8.0, "delta": 1e-05, "noise_std": 0.04026459022525455, "noise_std_space": "gradient", "innovation_std_sum": 40.264590225254544, "augmentation_trace_sha256": "7f6e623f16edd6ae586477bcc36997e8e1cf67a3d34ca78f394b9166a552b9dc", "seconds": 138.89951266534626}
{"progress_step": 160, "epoch": 4, "train_loss_so_far": 2.511673388671875, "clip_fraction_so_far": 0.9752}
{"progress_step": 170, "epoch": 4, "train_loss_so_far": 2.473576565551758, "clip_fraction_so_far": 0.97065}
{"progress_step": 180, "epoch": 4, "train_loss_so_far": 2.4253400634765625, "clip_fraction_so_far": 0.9669333333333333}
{"progress_step": 190, "epoch": 4, "train_loss_so_far": 2.394530764770508, "clip_fraction_so_far": 0.9635}
{"progress_step": 200, "epoch": 4, "train_loss_so_far": 2.366170222167969, "clip_fraction_so_far": 0.9591}
{"epoch": 4, "logical_steps": 200, "train_examples": 50000, "train_loss": 2.366170222167969, "test_loss": 1.8175521789550781, "test_top1": 0.5252, "clip_fraction": 0.9591, "gdp_mu": 1.4901430677510563, "gdp_epsilon": 6.99603315708177, "target_mu": 1.6660305978457184, "target_epsilon": 8.0, "delta": 1e-05, "noise_std": 0.04026459022525455, "noise_std_space": "gradient", "innovation_std_sum": 40.264590225254544, "augmentation_trace_sha256": "abade32e9ee0447292b54b758538d2bf0f03f23e96021682c57d1e38b5075007", "seconds": 139.29091059975326}
{"progress_step": 210, "epoch": 5, "train_loss_so_far": 2.2175036071777345, "clip_fraction_so_far": 0.9396}
{"progress_step": 220, "epoch": 5, "train_loss_so_far": 2.1912665130615236, "clip_fraction_so_far": 0.9353}
{"progress_step": 230, "epoch": 5, "train_loss_so_far": 2.1612659606933593, "clip_fraction_so_far": 0.9308666666666666}
{"progress_step": 240, "epoch": 5, "train_loss_so_far": 2.1403117736816406, "clip_fraction_so_far": 0.926675}
{"progress_step": 250, "epoch": 5, "train_loss_so_far": 2.1247064373779296, "clip_fraction_so_far": 0.9224}
{"epoch": 5, "logical_steps": 250, "train_examples": 50000, "train_loss": 2.1247064373779296, "test_loss": 1.5899764190673829, "test_top1": 0.5721, "clip_fraction": 0.9224, "gdp_mu": 1.6660305978457186, "gdp_epsilon": 8.000000000000007, "target_mu": 1.6660305978457184, "target_epsilon": 8.0, "delta": 1e-05, "noise_std": 0.04026459022525455, "noise_std_space": "gradient", "innovation_std_sum": 40.264590225254544, "augmentation_trace_sha256": "31fdc33111e9e65d3180131955e28c04e682472efd9d2a38da1bea02ac12430c", "seconds": 139.5285738054663}
{"status": "completed", "results": "/media/data/data/lt/dp-adam-correlated/exp7b/results/final/trials/aab7067eadebdc93"}
