Loading weights:   0%|          | 0/39 [00:00<?, ?it/s]Loading weights: 100%|██████████| 39/39 [00:00<00:00, 18005.27it/s]
[transformers] [1mBertModel LOAD REPORT[0m from: /media/data/data/lt/dp-adam-correlated/cache/bert-tiny
Key                                        | Status     |  | 
-------------------------------------------+------------+--+-
cls.predictions.transform.LayerNorm.weight | UNEXPECTED |  | 
cls.predictions.decoder.bias               | UNEXPECTED |  | 
cls.seq_relationship.weight                | UNEXPECTED |  | 
cls.predictions.transform.dense.bias       | UNEXPECTED |  | 
cls.predictions.transform.LayerNorm.bias   | UNEXPECTED |  | 
cls.seq_relationship.bias                  | UNEXPECTED |  | 
cls.predictions.bias                       | UNEXPECTED |  | 
cls.predictions.transform.dense.weight     | UNEXPECTED |  | 
cls.predictions.decoder.weight             | UNEXPECTED |  | 

Notes:
- UNEXPECTED:	can be ignored when loading from different task/architecture; not ok if you expect identical arch.
sys:1: UserWarning: Full backward hook is firing when gradients are computed with respect to module outputs since no inputs require gradients. See https://docs.pytorch.org/docs/main/generated/torch.nn.Module.html#torch.nn.Module.register_full_backward_hook for more details.
{"step": 10, "epoch": 1, "train_loss": 0.7901240234375, "clip_fraction": 0.46, "gradient_norm_mean": 519.14409375, "gradient_norm_max": 2413.051513671875, "step_seconds": 0.2771115433424711, "innovation_std_sum": 512.8644435247487, "noise_marginal_std_sum": 577.8622026533709}
{"step": 20, "epoch": 1, "train_loss": 0.6123805541992188, "clip_fraction": 0.77, "gradient_norm_mean": 1809.666125, "gradient_norm_max": 10173.75390625, "step_seconds": 0.2716953121125698, "innovation_std_sum": 512.8644435247487, "noise_marginal_std_sum": 577.8622026533709}
{"step": 30, "epoch": 1, "train_loss": 1.020091064453125, "clip_fraction": 0.522, "gradient_norm_mean": 3311.89025, "gradient_norm_max": 23499.615234375, "step_seconds": 0.2690709847956896, "innovation_std_sum": 512.8644435247487, "noise_marginal_std_sum": 577.8622026533709}
{"step": 40, "epoch": 1, "train_loss": 0.7397877197265625, "clip_fraction": 0.439, "gradient_norm_mean": 2547.057, "gradient_norm_max": 29800.720703125, "step_seconds": 0.27229419723153114, "innovation_std_sum": 512.8644435247487, "noise_marginal_std_sum": 577.8622026533709}
{"step": 50, "epoch": 1, "train_loss": 0.6390379028320312, "clip_fraction": 0.462, "gradient_norm_mean": 2450.82825, "gradient_norm_max": 28226.935546875, "step_seconds": 0.16180129908025265, "innovation_std_sum": 512.8644435247487, "noise_marginal_std_sum": 577.8622026533709}
{"step": 60, "epoch": 1, "train_loss": 0.6329964599609375, "clip_fraction": 0.384, "gradient_norm_mean": 2530.341, "gradient_norm_max": 56344.94140625, "step_seconds": 0.2739370707422495, "innovation_std_sum": 512.8644435247487, "noise_marginal_std_sum": 577.8622026533709}
{"epoch": 1, "step": 62, "train_loss": 0.7594720015987273, "clip_fraction": 0.547725806451613, "epsilon": 3.1232923300753557, "accuracy": 0.7937932323798841, "validation_loss": 0.6718813178917697, "validation_examples": 5349}
{"step": 70, "epoch": 2, "train_loss": 0.63572021484375, "clip_fraction": 0.337, "gradient_norm_mean": 2024.98825, "gradient_norm_max": 33919.96875, "step_seconds": 0.2733662370592356, "innovation_std_sum": 512.8644435247487, "noise_marginal_std_sum": 577.8622026533709}
{"step": 80, "epoch": 2, "train_loss": 0.61910595703125, "clip_fraction": 0.344, "gradient_norm_mean": 2048.14275, "gradient_norm_max": 37539.91796875, "step_seconds": 0.2730882652103901, "innovation_std_sum": 512.8644435247487, "noise_marginal_std_sum": 577.8622026533709}
{"step": 90, "epoch": 2, "train_loss": 0.5972843017578126, "clip_fraction": 0.331, "gradient_norm_mean": 2045.127625, "gradient_norm_max": 37126.390625, "step_seconds": 0.27342360839247704, "innovation_std_sum": 512.8644435247487, "noise_marginal_std_sum": 577.8622026533709}
{"step": 100, "epoch": 2, "train_loss": 0.61938623046875, "clip_fraction": 0.321, "gradient_norm_mean": 2174.474, "gradient_norm_max": 40571.09375, "step_seconds": 0.2738237529993057, "innovation_std_sum": 512.8644435247487, "noise_marginal_std_sum": 577.8622026533709}
{"step": 110, "epoch": 2, "train_loss": 0.6041720581054687, "clip_fraction": 0.32, "gradient_norm_mean": 1948.75825, "gradient_norm_max": 28148.681640625, "step_seconds": 0.18037970550358295, "innovation_std_sum": 512.8644435247487, "noise_marginal_std_sum": 577.8622026533709}
{"step": 120, "epoch": 2, "train_loss": 0.654752685546875, "clip_fraction": 0.328, "gradient_norm_mean": 2251.193, "gradient_norm_max": 54265.02734375, "step_seconds": 0.2734490353614092, "innovation_std_sum": 512.8644435247487, "noise_marginal_std_sum": 577.8622026533709}
{"epoch": 2, "step": 124, "train_loss": 0.6036123489872102, "clip_fraction": 0.33020967741935486, "epsilon": 4.65092091490115, "accuracy": 0.8222097588334268, "validation_loss": 0.5786360332198757, "validation_examples": 5349}
{"step": 130, "epoch": 3, "train_loss": 0.5395095825195313, "clip_fraction": 0.3, "gradient_norm_mean": 2066.112625, "gradient_norm_max": 48877.75390625, "step_seconds": 0.274703711271286, "innovation_std_sum": 512.8644435247487, "noise_marginal_std_sum": 577.8622026533709}
{"step": 140, "epoch": 3, "train_loss": 0.6325604248046875, "clip_fraction": 0.309, "gradient_norm_mean": 2048.273375, "gradient_norm_max": 58635.99609375, "step_seconds": 0.2740414049476385, "innovation_std_sum": 512.8644435247487, "noise_marginal_std_sum": 577.8622026533709}
{"step": 150, "epoch": 3, "train_loss": 0.6155189208984375, "clip_fraction": 0.295, "gradient_norm_mean": 1946.64, "gradient_norm_max": 51496.0390625, "step_seconds": 0.27372060529887676, "innovation_std_sum": 512.8644435247487, "noise_marginal_std_sum": 577.8622026533709}
{"step": 160, "epoch": 3, "train_loss": 0.4440425720214844, "clip_fraction": 0.27, "gradient_norm_mean": 2225.273, "gradient_norm_max": 48199.15625, "step_seconds": 0.2646669950336218, "innovation_std_sum": 512.8644435247487, "noise_marginal_std_sum": 577.8622026533709}
{"step": 170, "epoch": 3, "train_loss": 0.556384765625, "clip_fraction": 0.274, "gradient_norm_mean": 2136.731, "gradient_norm_max": 43867.26171875, "step_seconds": 0.18123973533511162, "innovation_std_sum": 512.8644435247487, "noise_marginal_std_sum": 577.8622026533709}
{"step": 180, "epoch": 3, "train_loss": 0.5351286010742188, "clip_fraction": 0.259, "gradient_norm_mean": 1874.5835, "gradient_norm_max": 46199.953125, "step_seconds": 0.26816325820982456, "innovation_std_sum": 512.8644435247487, "noise_marginal_std_sum": 577.8622026533709}
{"epoch": 3, "step": 186, "train_loss": 0.5590611788841986, "clip_fraction": 0.2813225806451613, "epsilon": 5.8971720333737725, "accuracy": 0.8338007104131613, "validation_loss": 0.550852444132236, "validation_examples": 5349}
{"step": 190, "epoch": 4, "train_loss": 0.5393287963867187, "clip_fraction": 0.26, "gradient_norm_mean": 2020.380875, "gradient_norm_max": 61214.53125, "step_seconds": 0.26409787870943546, "innovation_std_sum": 512.8644435247487, "noise_marginal_std_sum": 577.8622026533709}
{"step": 200, "epoch": 4, "train_loss": 0.57627783203125, "clip_fraction": 0.28, "gradient_norm_mean": 2309.2615, "gradient_norm_max": 53325.89453125, "step_seconds": 0.26892079412937164, "innovation_std_sum": 512.8644435247487, "noise_marginal_std_sum": 577.8622026533709}
{"step": 210, "epoch": 4, "train_loss": 0.5393541259765625, "clip_fraction": 0.26, "gradient_norm_mean": 2005.474125, "gradient_norm_max": 48990.484375, "step_seconds": 0.2721231225878, "innovation_std_sum": 512.8644435247487, "noise_marginal_std_sum": 577.8622026533709}
{"step": 220, "epoch": 4, "train_loss": 0.4822574462890625, "clip_fraction": 0.23, "gradient_norm_mean": 1760.69725, "gradient_norm_max": 67734.125, "step_seconds": 0.274924760684371, "innovation_std_sum": 512.8644435247487, "noise_marginal_std_sum": 577.8622026533709}
{"step": 230, "epoch": 4, "train_loss": 0.5563349609375, "clip_fraction": 0.254, "gradient_norm_mean": 2121.273, "gradient_norm_max": 49163.11328125, "step_seconds": 0.27413590252399445, "innovation_std_sum": 512.8644435247487, "noise_marginal_std_sum": 577.8622026533709}
{"step": 240, "epoch": 4, "train_loss": 0.52980859375, "clip_fraction": 0.241, "gradient_norm_mean": 1937.460125, "gradient_norm_max": 51301.8671875, "step_seconds": 0.27022608555853367, "innovation_std_sum": 512.8644435247487, "noise_marginal_std_sum": 577.8622026533709}
{"epoch": 4, "step": 248, "train_loss": 0.5421462476176601, "clip_fraction": 0.2575, "epsilon": 6.99603312968092, "accuracy": 0.8313703495980557, "validation_loss": 0.5586747372567175, "validation_examples": 5349}
{"step": 250, "epoch": 5, "train_loss": 0.592508544921875, "clip_fraction": 0.251, "gradient_norm_mean": 2061.975, "gradient_norm_max": 47782.12109375, "step_seconds": 0.27558908611536026, "innovation_std_sum": 512.8644435247487, "noise_marginal_std_sum": 577.8622026533709}
{"step": 260, "epoch": 5, "train_loss": 0.517818359375, "clip_fraction": 0.25, "gradient_norm_mean": 2130.28275, "gradient_norm_max": 62052.73046875, "step_seconds": 0.2742553409188986, "innovation_std_sum": 512.8644435247487, "noise_marginal_std_sum": 577.8622026533709}
{"step": 270, "epoch": 5, "train_loss": 0.5258678588867187, "clip_fraction": 0.25, "gradient_norm_mean": 1873.124375, "gradient_norm_max": 39538.7734375, "step_seconds": 0.27407754957675934, "innovation_std_sum": 512.8644435247487, "noise_marginal_std_sum": 577.8622026533709}
{"step": 280, "epoch": 5, "train_loss": 0.49389300537109376, "clip_fraction": 0.258, "gradient_norm_mean": 1905.743875, "gradient_norm_max": 51620.87890625, "step_seconds": 0.27462184615433216, "innovation_std_sum": 512.8644435247487, "noise_marginal_std_sum": 577.8622026533709}
{"step": 290, "epoch": 5, "train_loss": 0.6038216552734375, "clip_fraction": 0.253, "gradient_norm_mean": 2487.274, "gradient_norm_max": 63767.64453125, "step_seconds": 0.27415155060589314, "innovation_std_sum": 512.8644435247487, "noise_marginal_std_sum": 577.8622026533709}
{"step": 300, "epoch": 5, "train_loss": 0.5293709106445312, "clip_fraction": 0.245, "gradient_norm_mean": 1833.020625, "gradient_norm_max": 58292.3515625, "step_seconds": 0.13144898042082787, "innovation_std_sum": 512.8644435247487, "noise_marginal_std_sum": 577.8622026533709}
{"step": 310, "epoch": 5, "train_loss": 0.57464697265625, "clip_fraction": 0.24, "gradient_norm_mean": 1663.48425, "gradient_norm_max": 73310.3359375, "step_seconds": 0.13170664198696613, "innovation_std_sum": 512.8644435247487, "noise_marginal_std_sum": 577.8622026533709}
{"epoch": 5, "step": 310, "train_loss": 0.5344876999393586, "clip_fraction": 0.2445967741935484, "epsilon": 8.000000000000007, "accuracy": 0.8416526453542719, "validation_loss": 0.5541095530391742, "validation_examples": 5349}
