/home/longt29/miniconda3/envs/curve/lib/python3.11/site-packages/torchvision/datasets/cifar.py:83: VisibleDeprecationWarning: dtype(): align should be passed as Python or NumPy boolean but got `align=0`. Did you mean to pass a tuple to create a subarray type? (Deprecated NumPy 2.4)
  entry = pickle.load(f, encoding="latin1")
sys:1: UserWarning: Full backward hook is firing when gradients are computed with respect to module outputs since no inputs require gradients. See https://docs.pytorch.org/docs/main/generated/torch.nn.Module.html#torch.nn.Module.register_full_backward_hook for more details.
{"step": 10, "epoch": 1, "train_loss": 4.120449645996094, "clip_fraction": 1.0, "gradient_norm_mean": 862.619953125, "gradient_norm_max": 1879.5289306640625, "step_seconds": 2.111331321299076, "innovation_std_sum": 341.91118707283454, "noise_marginal_std_sum": 385.2432239518329}
{"step": 20, "epoch": 1, "train_loss": 3.241379638671875, "clip_fraction": 1.0, "gradient_norm_mean": 1289.006625, "gradient_norm_max": 3684.485107421875, "step_seconds": 2.1830166559666395, "innovation_std_sum": 341.91118707283454, "noise_marginal_std_sum": 385.2432239518329}
{"step": 30, "epoch": 1, "train_loss": 2.7531046142578126, "clip_fraction": 0.997, "gradient_norm_mean": 1473.35075, "gradient_norm_max": 4675.00830078125, "step_seconds": 2.177176857367158, "innovation_std_sum": 341.91118707283454, "noise_marginal_std_sum": 385.2432239518329}
{"step": 40, "epoch": 1, "train_loss": 2.3678587036132814, "clip_fraction": 0.967, "gradient_norm_mean": 1481.46525, "gradient_norm_max": 6558.814453125, "step_seconds": 2.195796586573124, "innovation_std_sum": 341.91118707283454, "noise_marginal_std_sum": 385.2432239518329}
{"epoch": 1, "step": 45, "train_loss": 3.2734746541341146, "clip_fraction": 0.9914888888888889, "epsilon": 3.1232761473275077, "accuracy": 0.522, "validation_loss": 1.7719517761230468, "validation_examples": 5000}
{"step": 50, "epoch": 2, "train_loss": 2.1382594909667967, "clip_fraction": 0.95, "gradient_norm_mean": 1473.24046875, "gradient_norm_max": 6167.32958984375, "step_seconds": 2.1176925767213106, "innovation_std_sum": 341.91118707283454, "noise_marginal_std_sum": 385.2432239518329}
{"step": 60, "epoch": 2, "train_loss": 1.9671730651855468, "clip_fraction": 0.925, "gradient_norm_mean": 1479.07840625, "gradient_norm_max": 6009.05029296875, "step_seconds": 2.1789931301027536, "innovation_std_sum": 341.91118707283454, "noise_marginal_std_sum": 385.2432239518329}
{"step": 70, "epoch": 2, "train_loss": 1.7791375732421875, "clip_fraction": 0.873, "gradient_norm_mean": 1431.64690625, "gradient_norm_max": 6371.107421875, "step_seconds": 2.1670231595635414, "innovation_std_sum": 341.91118707283454, "noise_marginal_std_sum": 385.2432239518329}
{"step": 80, "epoch": 2, "train_loss": 1.7964696960449218, "clip_fraction": 0.883, "gradient_norm_mean": 1508.83734375, "gradient_norm_max": 12013.82421875, "step_seconds": 2.208077821880579, "innovation_std_sum": 341.91118707283454, "noise_marginal_std_sum": 385.2432239518329}
{"step": 90, "epoch": 2, "train_loss": 1.697703582763672, "clip_fraction": 0.844, "gradient_norm_mean": 1463.319, "gradient_norm_max": 8207.9697265625, "step_seconds": 2.233078967779875, "innovation_std_sum": 341.91118707283454, "noise_marginal_std_sum": 385.2432239518329}
{"epoch": 2, "step": 90, "train_loss": 1.9278521253797742, "clip_fraction": 0.9004444444444445, "epsilon": 4.650911679155922, "accuracy": 0.6506, "validation_loss": 1.2287986206054688, "validation_examples": 5000}
{"step": 100, "epoch": 3, "train_loss": 1.7425753784179687, "clip_fraction": 0.851, "gradient_norm_mean": 1601.72571875, "gradient_norm_max": 10893.828125, "step_seconds": 2.1428136005997658, "innovation_std_sum": 341.91118707283454, "noise_marginal_std_sum": 385.2432239518329}
{"step": 110, "epoch": 3, "train_loss": 1.595323974609375, "clip_fraction": 0.818, "gradient_norm_mean": 1479.94653125, "gradient_norm_max": 6355.85693359375, "step_seconds": 2.0838495697826147, "innovation_std_sum": 341.91118707283454, "noise_marginal_std_sum": 385.2432239518329}
{"step": 120, "epoch": 3, "train_loss": 1.7047887878417969, "clip_fraction": 0.82, "gradient_norm_mean": 1624.20071875, "gradient_norm_max": 8829.19140625, "step_seconds": 2.2020692247897387, "innovation_std_sum": 341.91118707283454, "noise_marginal_std_sum": 385.2432239518329}
{"step": 130, "epoch": 3, "train_loss": 1.5570776977539063, "clip_fraction": 0.784, "gradient_norm_mean": 1511.18690625, "gradient_norm_max": 7771.55224609375, "step_seconds": 2.1898562479764223, "innovation_std_sum": 341.91118707283454, "noise_marginal_std_sum": 385.2432239518329}
{"epoch": 3, "step": 135, "train_loss": 1.6731311096191406, "clip_fraction": 0.8219111111111111, "epsilon": 5.897166745944286, "accuracy": 0.6782, "validation_loss": 1.0856913970947266, "validation_examples": 5000}
{"step": 140, "epoch": 4, "train_loss": 1.4772225646972656, "clip_fraction": 0.785, "gradient_norm_mean": 1524.2801875, "gradient_norm_max": 7674.0625, "step_seconds": 2.151450479403138, "innovation_std_sum": 341.91118707283454, "noise_marginal_std_sum": 385.2432239518329}
{"step": 150, "epoch": 4, "train_loss": 1.566048126220703, "clip_fraction": 0.788, "gradient_norm_mean": 1619.7635, "gradient_norm_max": 8487.1884765625, "step_seconds": 2.138673886656761, "innovation_std_sum": 341.91118707283454, "noise_marginal_std_sum": 385.2432239518329}
{"step": 160, "epoch": 4, "train_loss": 1.4673697204589844, "clip_fraction": 0.761, "gradient_norm_mean": 1488.21984375, "gradient_norm_max": 7148.7060546875, "step_seconds": 2.2125012166798115, "innovation_std_sum": 341.91118707283454, "noise_marginal_std_sum": 385.2432239518329}
{"step": 170, "epoch": 4, "train_loss": 1.6216583862304688, "clip_fraction": 0.755, "gradient_norm_mean": 1615.29284375, "gradient_norm_max": 8600.12890625, "step_seconds": 2.2302103880792856, "innovation_std_sum": 341.91118707283454, "noise_marginal_std_sum": 385.2432239518329}
{"step": 180, "epoch": 4, "train_loss": 1.5361085205078124, "clip_fraction": 0.754, "gradient_norm_mean": 1586.67678125, "gradient_norm_max": 6962.83349609375, "step_seconds": 2.211330497637391, "innovation_std_sum": 341.91118707283454, "noise_marginal_std_sum": 385.2432239518329}
{"epoch": 4, "step": 180, "train_loss": 1.5847315619574653, "clip_fraction": 0.7816, "epsilon": 6.9960307474663415, "accuracy": 0.7004, "validation_loss": 1.0269245880126954, "validation_examples": 5000}
{"step": 190, "epoch": 5, "train_loss": 1.6030214233398437, "clip_fraction": 0.761, "gradient_norm_mean": 1603.92421875, "gradient_norm_max": 7635.52294921875, "step_seconds": 2.163949927315116, "innovation_std_sum": 341.91118707283454, "noise_marginal_std_sum": 385.2432239518329}
{"step": 200, "epoch": 5, "train_loss": 1.5438480224609374, "clip_fraction": 0.748, "gradient_norm_mean": 1551.1045625, "gradient_norm_max": 8598.5078125, "step_seconds": 2.22814017534256, "innovation_std_sum": 341.91118707283454, "noise_marginal_std_sum": 385.2432239518329}
{"step": 210, "epoch": 5, "train_loss": 1.6787300720214844, "clip_fraction": 0.762, "gradient_norm_mean": 1678.02709375, "gradient_norm_max": 8750.119140625, "step_seconds": 2.195161409676075, "innovation_std_sum": 341.91118707283454, "noise_marginal_std_sum": 385.2432239518329}
{"step": 220, "epoch": 5, "train_loss": 1.4801873779296875, "clip_fraction": 0.738, "gradient_norm_mean": 1586.69946875, "gradient_norm_max": 10295.7197265625, "step_seconds": 2.210709825158119, "innovation_std_sum": 341.91118707283454, "noise_marginal_std_sum": 385.2432239518329}
{"epoch": 5, "step": 225, "train_loss": 1.572889093017578, "clip_fraction": 0.7561777777777777, "epsilon": 8.000000000000005, "accuracy": 0.7116, "validation_loss": 1.0287376525878906, "validation_examples": 5000}
