/home/longt29/miniconda3/envs/curve/lib/python3.11/site-packages/torchvision/datasets/cifar.py:83: VisibleDeprecationWarning: dtype(): align should be passed as Python or NumPy boolean but got `align=0`. Did you mean to pass a tuple to create a subarray type? (Deprecated NumPy 2.4)
  entry = pickle.load(f, encoding="latin1")
sys:1: UserWarning: Full backward hook is firing when gradients are computed with respect to module outputs since no inputs require gradients. See https://docs.pytorch.org/docs/main/generated/torch.nn.Module.html#torch.nn.Module.register_full_backward_hook for more details.
{"step": 10, "epoch": 1, "train_loss": 4.77532861328125, "clip_fraction": 1.0, "gradient_norm_mean": 66.41987109375, "gradient_norm_max": 154.38243103027344, "step_seconds": 2.3250523060560226, "innovation_std_sum": 144.0803108758691, "noise_marginal_std_sum": 198.73177379497218}
{"step": 20, "epoch": 1, "train_loss": 4.651601196289063, "clip_fraction": 1.0, "gradient_norm_mean": 57.28079296875, "gradient_norm_max": 108.40802001953125, "step_seconds": 2.441801505163312, "innovation_std_sum": 144.0803108758691, "noise_marginal_std_sum": 198.73177379497218}
{"step": 30, "epoch": 1, "train_loss": 4.594082397460937, "clip_fraction": 1.0, "gradient_norm_mean": 54.3886025390625, "gradient_norm_max": 101.5736312866211, "step_seconds": 2.4725415874272585, "innovation_std_sum": 144.0803108758691, "noise_marginal_std_sum": 198.73177379497218}
{"step": 40, "epoch": 1, "train_loss": 4.509276489257813, "clip_fraction": 1.0, "gradient_norm_mean": 54.2747841796875, "gradient_norm_max": 113.17724609375, "step_seconds": 2.461089886724949, "innovation_std_sum": 144.0803108758691, "noise_marginal_std_sum": 198.73177379497218}
{"epoch": 1, "step": 45, "train_loss": 4.66081448296441, "clip_fraction": 1.0, "epsilon": 2.805247463992718, "accuracy": 0.0426, "validation_loss": 4.39340390625, "validation_examples": 5000}
{"step": 50, "epoch": 2, "train_loss": 4.3836038818359375, "clip_fraction": 1.0, "gradient_norm_mean": 56.18450390625, "gradient_norm_max": 111.70954895019531, "step_seconds": 2.3389732409268618, "innovation_std_sum": 144.0803108758691, "noise_marginal_std_sum": 198.73177379497218}
{"step": 60, "epoch": 2, "train_loss": 4.304758666992187, "clip_fraction": 1.0, "gradient_norm_mean": 59.190931640625, "gradient_norm_max": 117.31807708740234, "step_seconds": 2.4636173993349075, "innovation_std_sum": 144.0803108758691, "noise_marginal_std_sum": 198.73177379497218}
{"step": 70, "epoch": 2, "train_loss": 4.188346557617187, "clip_fraction": 1.0, "gradient_norm_mean": 63.613380859375, "gradient_norm_max": 141.33749389648438, "step_seconds": 2.490769637748599, "innovation_std_sum": 144.0803108758691, "noise_marginal_std_sum": 198.73177379497218}
{"step": 80, "epoch": 2, "train_loss": 4.1245302734375, "clip_fraction": 1.0, "gradient_norm_mean": 67.6792421875, "gradient_norm_max": 139.49038696289062, "step_seconds": 2.4447464663535357, "innovation_std_sum": 144.0803108758691, "noise_marginal_std_sum": 198.73177379497218}
{"step": 90, "epoch": 2, "train_loss": 4.046962524414062, "clip_fraction": 1.0, "gradient_norm_mean": 74.1920390625, "gradient_norm_max": 163.38064575195312, "step_seconds": 2.371500311419368, "innovation_std_sum": 144.0803108758691, "noise_marginal_std_sum": 198.73177379497218}
{"epoch": 2, "step": 90, "train_loss": 4.230055878363715, "clip_fraction": 1.0, "epsilon": 4.4474719255524375, "accuracy": 0.1204, "validation_loss": 3.9100951171875, "validation_examples": 5000}
{"step": 100, "epoch": 3, "train_loss": 3.9234647827148437, "clip_fraction": 1.0, "gradient_norm_mean": 79.762, "gradient_norm_max": 172.91542053222656, "step_seconds": 2.358448090031743, "innovation_std_sum": 144.0803108758691, "noise_marginal_std_sum": 198.73177379497218}
{"step": 110, "epoch": 3, "train_loss": 3.7706375122070312, "clip_fraction": 1.0, "gradient_norm_mean": 84.255900390625, "gradient_norm_max": 169.15255737304688, "step_seconds": 2.4570564348250628, "innovation_std_sum": 144.0803108758691, "noise_marginal_std_sum": 198.73177379497218}
{"step": 120, "epoch": 3, "train_loss": 3.7332296142578123, "clip_fraction": 1.0, "gradient_norm_mean": 89.42332421875, "gradient_norm_max": 206.76039123535156, "step_seconds": 2.4130208268761635, "innovation_std_sum": 144.0803108758691, "noise_marginal_std_sum": 198.73177379497218}
{"step": 130, "epoch": 3, "train_loss": 3.607389709472656, "clip_fraction": 1.0, "gradient_norm_mean": 92.241435546875, "gradient_norm_max": 220.8119659423828, "step_seconds": 2.436927868053317, "innovation_std_sum": 144.0803108758691, "noise_marginal_std_sum": 198.73177379497218}
{"epoch": 3, "step": 135, "train_loss": 3.7654162475585937, "clip_fraction": 1.0, "epsilon": 5.779485746307642, "accuracy": 0.2236, "validation_loss": 3.359091259765625, "validation_examples": 5000}
{"step": 140, "epoch": 4, "train_loss": 3.445082336425781, "clip_fraction": 1.0, "gradient_norm_mean": 95.380361328125, "gradient_norm_max": 284.99517822265625, "step_seconds": 2.2998041883111, "innovation_std_sum": 144.0803108758691, "noise_marginal_std_sum": 198.73177379497218}
{"step": 150, "epoch": 4, "train_loss": 3.409048095703125, "clip_fraction": 1.0, "gradient_norm_mean": 98.811619140625, "gradient_norm_max": 284.61932373046875, "step_seconds": 2.42915615811944, "innovation_std_sum": 144.0803108758691, "noise_marginal_std_sum": 198.73177379497218}
{"step": 160, "epoch": 4, "train_loss": 3.308426818847656, "clip_fraction": 1.0, "gradient_norm_mean": 100.374849609375, "gradient_norm_max": 233.49078369140625, "step_seconds": 2.4388350062072277, "innovation_std_sum": 144.0803108758691, "noise_marginal_std_sum": 198.73177379497218}
{"step": 170, "epoch": 4, "train_loss": 3.1970757446289064, "clip_fraction": 1.0, "gradient_norm_mean": 101.61954296875, "gradient_norm_max": 250.4334716796875, "step_seconds": 2.41446783952415, "innovation_std_sum": 144.0803108758691, "noise_marginal_std_sum": 198.73177379497218}
{"step": 180, "epoch": 4, "train_loss": 3.158892883300781, "clip_fraction": 1.0, "gradient_norm_mean": 103.53965234375, "gradient_norm_max": 276.8126525878906, "step_seconds": 2.433009086176753, "innovation_std_sum": 144.0803108758691, "noise_marginal_std_sum": 198.73177379497218}
{"epoch": 4, "step": 180, "train_loss": 3.315799045138889, "clip_fraction": 0.9995777777777778, "epsilon": 6.943065470652311, "accuracy": 0.3206, "validation_loss": 2.87889150390625, "validation_examples": 5000}
{"step": 190, "epoch": 5, "train_loss": 3.0613023071289063, "clip_fraction": 0.997, "gradient_norm_mean": 104.465755859375, "gradient_norm_max": 277.5914611816406, "step_seconds": 2.37061895057559, "innovation_std_sum": 144.0803108758691, "noise_marginal_std_sum": 198.73177379497218}
{"step": 200, "epoch": 5, "train_loss": 2.980018127441406, "clip_fraction": 0.996, "gradient_norm_mean": 106.656677734375, "gradient_norm_max": 287.0426330566406, "step_seconds": 2.4568140488117933, "innovation_std_sum": 144.0803108758691, "noise_marginal_std_sum": 198.73177379497218}
{"step": 210, "epoch": 5, "train_loss": 2.9533292236328124, "clip_fraction": 0.991, "gradient_norm_mean": 106.724359375, "gradient_norm_max": 279.69024658203125, "step_seconds": 2.3903986290097237, "innovation_std_sum": 144.0803108758691, "noise_marginal_std_sum": 198.73177379497218}
{"step": 220, "epoch": 5, "train_loss": 2.8422426147460937, "clip_fraction": 0.99, "gradient_norm_mean": 107.68453125, "gradient_norm_max": 317.1573791503906, "step_seconds": 2.445823933929205, "innovation_std_sum": 144.0803108758691, "noise_marginal_std_sum": 198.73177379497218}
{"epoch": 5, "step": 225, "train_loss": 2.943996053059896, "clip_fraction": 0.9941111111111111, "epsilon": 8.000000000000005, "accuracy": 0.4022, "validation_loss": 2.503054736328125, "validation_examples": 5000}
