Loading weights:   0%|          | 0/39 [00:00<?, ?it/s]Loading weights: 100%|██████████| 39/39 [00:00<00:00, 25061.72it/s]
[transformers] [1mBertModel LOAD REPORT[0m from: /media/data/data/lt/dp-adam-correlated/cache/bert-tiny
Key                                        | Status     |  | 
-------------------------------------------+------------+--+-
cls.seq_relationship.bias                  | UNEXPECTED |  | 
cls.predictions.transform.dense.weight     | UNEXPECTED |  | 
cls.predictions.decoder.weight             | UNEXPECTED |  | 
cls.predictions.transform.dense.bias       | UNEXPECTED |  | 
cls.predictions.transform.LayerNorm.weight | UNEXPECTED |  | 
cls.predictions.transform.LayerNorm.bias   | UNEXPECTED |  | 
cls.seq_relationship.weight                | UNEXPECTED |  | 
cls.predictions.bias                       | UNEXPECTED |  | 
cls.predictions.decoder.bias               | UNEXPECTED |  | 

Notes:
- UNEXPECTED:	can be ignored when loading from different task/architecture; not ok if you expect identical arch.
sys:1: UserWarning: Full backward hook is firing when gradients are computed with respect to module outputs since no inputs require gradients. See https://docs.pytorch.org/docs/main/generated/torch.nn.Module.html#torch.nn.Module.register_full_backward_hook for more details.
{"step": 10, "epoch": 1, "train_loss": 0.6808534545898437, "clip_fraction": 0.0, "gradient_norm_mean": 53.474640625, "gradient_norm_max": 102.22266387939453, "step_seconds": 0.26052443869411945, "innovation_std_sum": 914.409175282003, "noise_marginal_std_sum": 1261.2560055811578}
{"step": 20, "epoch": 1, "train_loss": 0.652953369140625, "clip_fraction": 0.0, "gradient_norm_mean": 45.27463671875, "gradient_norm_max": 87.96683502197266, "step_seconds": 0.26631804183125496, "innovation_std_sum": 914.409175282003, "noise_marginal_std_sum": 1261.2560055811578}
{"step": 30, "epoch": 1, "train_loss": 0.6379500732421876, "clip_fraction": 0.0, "gradient_norm_mean": 45.5013203125, "gradient_norm_max": 91.99188232421875, "step_seconds": 0.26594268158078194, "innovation_std_sum": 914.409175282003, "noise_marginal_std_sum": 1261.2560055811578}
{"step": 40, "epoch": 1, "train_loss": 0.6301060791015625, "clip_fraction": 0.0, "gradient_norm_mean": 45.48257421875, "gradient_norm_max": 93.65716552734375, "step_seconds": 0.26584758795797825, "innovation_std_sum": 914.409175282003, "noise_marginal_std_sum": 1261.2560055811578}
{"step": 50, "epoch": 1, "train_loss": 0.6157371215820312, "clip_fraction": 0.0, "gradient_norm_mean": 46.31525, "gradient_norm_max": 97.40921783447266, "step_seconds": 0.2663261201232672, "innovation_std_sum": 914.409175282003, "noise_marginal_std_sum": 1261.2560055811578}
{"step": 60, "epoch": 1, "train_loss": 0.606328369140625, "clip_fraction": 0.0, "gradient_norm_mean": 46.9340546875, "gradient_norm_max": 99.6910629272461, "step_seconds": 0.26547196693718433, "innovation_std_sum": 914.409175282003, "noise_marginal_std_sum": 1261.2560055811578}
{"epoch": 1, "step": 62, "train_loss": 0.6407039371613533, "clip_fraction": 0.01641935483870968, "epsilon": 2.983473211150575, "accuracy": 0.7064871938680127, "validation_loss": 0.5827283697008842, "validation_examples": 5349}
{"step": 70, "epoch": 2, "train_loss": 0.5827211303710937, "clip_fraction": 0.0, "gradient_norm_mean": 46.664046875, "gradient_norm_max": 101.70335388183594, "step_seconds": 0.25789861381053925, "innovation_std_sum": 914.409175282003, "noise_marginal_std_sum": 1261.2560055811578}
{"step": 80, "epoch": 2, "train_loss": 0.5825810546875, "clip_fraction": 0.0, "gradient_norm_mean": 48.0799609375, "gradient_norm_max": 115.0859146118164, "step_seconds": 0.2639357876032591, "innovation_std_sum": 914.409175282003, "noise_marginal_std_sum": 1261.2560055811578}
{"step": 90, "epoch": 2, "train_loss": 0.5607658081054687, "clip_fraction": 0.0, "gradient_norm_mean": 47.8522109375, "gradient_norm_max": 119.32796478271484, "step_seconds": 0.26692236587405205, "innovation_std_sum": 914.409175282003, "noise_marginal_std_sum": 1261.2560055811578}
{"step": 100, "epoch": 2, "train_loss": 0.5635820922851562, "clip_fraction": 0.0, "gradient_norm_mean": 48.9013125, "gradient_norm_max": 129.9461212158203, "step_seconds": 0.26780468225479126, "innovation_std_sum": 914.409175282003, "noise_marginal_std_sum": 1261.2560055811578}
{"step": 110, "epoch": 2, "train_loss": 0.548610595703125, "clip_fraction": 0.0, "gradient_norm_mean": 48.34732421875, "gradient_norm_max": 124.43063354492188, "step_seconds": 0.2640385963022709, "innovation_std_sum": 914.409175282003, "noise_marginal_std_sum": 1261.2560055811578}
{"step": 120, "epoch": 2, "train_loss": 0.519120361328125, "clip_fraction": 0.0, "gradient_norm_mean": 48.71603125, "gradient_norm_max": 158.4300994873047, "step_seconds": 0.2548403665423393, "innovation_std_sum": 914.409175282003, "noise_marginal_std_sum": 1261.2560055811578}
{"epoch": 2, "step": 124, "train_loss": 0.5643876204952117, "clip_fraction": 0.0, "epsilon": 4.566965972959099, "accuracy": 0.7476163768928772, "validation_loss": 0.5161260489682925, "validation_examples": 5349}
{"step": 130, "epoch": 3, "train_loss": 0.523248291015625, "clip_fraction": 0.0, "gradient_norm_mean": 48.22983984375, "gradient_norm_max": 141.0953826904297, "step_seconds": 0.2706988640129566, "innovation_std_sum": 914.409175282003, "noise_marginal_std_sum": 1261.2560055811578}
{"step": 140, "epoch": 3, "train_loss": 0.53052587890625, "clip_fraction": 0.0, "gradient_norm_mean": 49.07953125, "gradient_norm_max": 153.1092529296875, "step_seconds": 0.26791525445878506, "innovation_std_sum": 914.409175282003, "noise_marginal_std_sum": 1261.2560055811578}
{"step": 150, "epoch": 3, "train_loss": 0.5195400390625, "clip_fraction": 0.0, "gradient_norm_mean": 47.6263515625, "gradient_norm_max": 153.54257202148438, "step_seconds": 0.2673480622470379, "innovation_std_sum": 914.409175282003, "noise_marginal_std_sum": 1261.2560055811578}
{"step": 160, "epoch": 3, "train_loss": 0.5280677490234374, "clip_fraction": 0.0, "gradient_norm_mean": 47.47002734375, "gradient_norm_max": 167.56356811523438, "step_seconds": 0.2463623620569706, "innovation_std_sum": 914.409175282003, "noise_marginal_std_sum": 1261.2560055811578}
{"step": 170, "epoch": 3, "train_loss": 0.5178461303710937, "clip_fraction": 0.0, "gradient_norm_mean": 46.88975, "gradient_norm_max": 177.1829071044922, "step_seconds": 0.26803072914481163, "innovation_std_sum": 914.409175282003, "noise_marginal_std_sum": 1261.2560055811578}
{"step": 180, "epoch": 3, "train_loss": 0.52398046875, "clip_fraction": 0.0, "gradient_norm_mean": 45.7744609375, "gradient_norm_max": 147.21665954589844, "step_seconds": 0.2695268578827381, "innovation_std_sum": 914.409175282003, "noise_marginal_std_sum": 1261.2560055811578}
{"epoch": 3, "step": 186, "train_loss": 0.5197352068501134, "clip_fraction": 0.0, "epsilon": 5.849088165717443, "accuracy": 0.7713591325481398, "validation_loss": 0.48155823795121055, "validation_examples": 5349}
{"step": 190, "epoch": 4, "train_loss": 0.49438522338867186, "clip_fraction": 0.0, "gradient_norm_mean": 46.9603203125, "gradient_norm_max": 157.45289611816406, "step_seconds": 0.2698602546006441, "innovation_std_sum": 914.409175282003, "noise_marginal_std_sum": 1261.2560055811578}
{"step": 200, "epoch": 4, "train_loss": 0.5042121887207032, "clip_fraction": 0.0, "gradient_norm_mean": 45.52083203125, "gradient_norm_max": 138.93753051757812, "step_seconds": 0.26726111210882664, "innovation_std_sum": 914.409175282003, "noise_marginal_std_sum": 1261.2560055811578}
{"step": 210, "epoch": 4, "train_loss": 0.5126549682617187, "clip_fraction": 0.0, "gradient_norm_mean": 45.87716015625, "gradient_norm_max": 157.7142791748047, "step_seconds": 0.18271755054593086, "innovation_std_sum": 914.409175282003, "noise_marginal_std_sum": 1261.2560055811578}
{"step": 220, "epoch": 4, "train_loss": 0.4957609252929687, "clip_fraction": 0.0, "gradient_norm_mean": 43.24046484375, "gradient_norm_max": 143.18502807617188, "step_seconds": 0.26798627711832523, "innovation_std_sum": 914.409175282003, "noise_marginal_std_sum": 1261.2560055811578}
{"step": 230, "epoch": 4, "train_loss": 0.49447906494140625, "clip_fraction": 0.0, "gradient_norm_mean": 44.04907421875, "gradient_norm_max": 181.49124145507812, "step_seconds": 0.2689724061638117, "innovation_std_sum": 914.409175282003, "noise_marginal_std_sum": 1261.2560055811578}
{"step": 240, "epoch": 4, "train_loss": 0.48114608764648437, "clip_fraction": 0.0, "gradient_norm_mean": 43.9544921875, "gradient_norm_max": 147.3445281982422, "step_seconds": 0.2666076347231865, "innovation_std_sum": 914.409175282003, "noise_marginal_std_sum": 1261.2560055811578}
{"epoch": 4, "step": 248, "train_loss": 0.4930546052994267, "clip_fraction": 1.6129032258064517e-05, "epsilon": 6.974398475295221, "accuracy": 0.7790241166573191, "validation_loss": 0.4657174583059936, "validation_examples": 5349}
{"step": 250, "epoch": 5, "train_loss": 0.5033086547851563, "clip_fraction": 0.0, "gradient_norm_mean": 40.7955546875, "gradient_norm_max": 157.47506713867188, "step_seconds": 0.17149707674980164, "innovation_std_sum": 914.409175282003, "noise_marginal_std_sum": 1261.2560055811578}
{"step": 260, "epoch": 5, "train_loss": 0.4700989990234375, "clip_fraction": 0.0, "gradient_norm_mean": 40.99100390625, "gradient_norm_max": 150.88870239257812, "step_seconds": 0.18644346855580807, "innovation_std_sum": 914.409175282003, "noise_marginal_std_sum": 1261.2560055811578}
{"step": 270, "epoch": 5, "train_loss": 0.47206915283203127, "clip_fraction": 0.0, "gradient_norm_mean": 40.1243125, "gradient_norm_max": 162.13958740234375, "step_seconds": 0.2669611107558012, "innovation_std_sum": 914.409175282003, "noise_marginal_std_sum": 1261.2560055811578}
{"step": 280, "epoch": 5, "train_loss": 0.4624754638671875, "clip_fraction": 0.0, "gradient_norm_mean": 38.9510546875, "gradient_norm_max": 144.3212890625, "step_seconds": 0.26640622690320015, "innovation_std_sum": 914.409175282003, "noise_marginal_std_sum": 1261.2560055811578}
{"step": 290, "epoch": 5, "train_loss": 0.46615664672851564, "clip_fraction": 0.0, "gradient_norm_mean": 38.56303515625, "gradient_norm_max": 153.51113891601562, "step_seconds": 0.26744153909385204, "innovation_std_sum": 914.409175282003, "noise_marginal_std_sum": 1261.2560055811578}
{"step": 300, "epoch": 5, "train_loss": 0.46559609985351563, "clip_fraction": 0.0, "gradient_norm_mean": 37.71387890625, "gradient_norm_max": 172.99314880371094, "step_seconds": 0.26771480590105057, "innovation_std_sum": 914.409175282003, "noise_marginal_std_sum": 1261.2560055811578}
{"step": 310, "epoch": 5, "train_loss": 0.48448724365234375, "clip_fraction": 0.0, "gradient_norm_mean": 38.510171875, "gradient_norm_max": 180.18946838378906, "step_seconds": 0.2673111092299223, "innovation_std_sum": 914.409175282003, "noise_marginal_std_sum": 1261.2560055811578}
{"epoch": 5, "step": 310, "train_loss": 0.47734967434790826, "clip_fraction": 0.0, "epsilon": 8.000000000000005, "accuracy": 0.7906150682370536, "validation_loss": 0.44823153287723905, "validation_examples": 5349}
