/home/longt29/miniconda3/envs/curve/lib/python3.11/site-packages/torchvision/datasets/cifar.py:83: VisibleDeprecationWarning: dtype(): align should be passed as Python or NumPy boolean but got `align=0`. Did you mean to pass a tuple to create a subarray type? (Deprecated NumPy 2.4)
  entry = pickle.load(f, encoding="latin1")
sys:1: UserWarning: Full backward hook is firing when gradients are computed with respect to module outputs since no inputs require gradients. See https://docs.pytorch.org/docs/main/generated/torch.nn.Module.html#torch.nn.Module.register_full_backward_hook for more details.
{"step": 10, "epoch": 1, "train_loss": 4.1682060546875, "clip_fraction": 1.0, "gradient_norm_mean": 64.0626591796875, "gradient_norm_max": 115.9684829711914, "step_seconds": 2.1656629890203476, "innovation_std_sum": 51.28650502540745, "noise_marginal_std_sum": 57.78628862764004}
{"step": 20, "epoch": 1, "train_loss": 3.39613623046875, "clip_fraction": 0.999, "gradient_norm_mean": 101.29319921875, "gradient_norm_max": 280.2201843261719, "step_seconds": 2.1662544421851635, "innovation_std_sum": 51.28650502540745, "noise_marginal_std_sum": 57.78628862764004}
{"step": 30, "epoch": 1, "train_loss": 2.854888610839844, "clip_fraction": 0.989, "gradient_norm_mean": 116.043966796875, "gradient_norm_max": 472.6248474121094, "step_seconds": 2.178828302770853, "innovation_std_sum": 51.28650502540745, "noise_marginal_std_sum": 57.78628862764004}
{"step": 40, "epoch": 1, "train_loss": 2.443992919921875, "clip_fraction": 0.951, "gradient_norm_mean": 110.610744140625, "gradient_norm_max": 413.5536804199219, "step_seconds": 2.1938364021480083, "innovation_std_sum": 51.28650502540745, "noise_marginal_std_sum": 57.78628862764004}
{"step": 50, "epoch": 1, "train_loss": 2.195971008300781, "clip_fraction": 0.921, "gradient_norm_mean": 115.003978515625, "gradient_norm_max": 491.2474365234375, "step_seconds": 2.179490242153406, "innovation_std_sum": 51.28650502540745, "noise_marginal_std_sum": 57.78628862764004}
{"epoch": 1, "step": 50, "train_loss": 3.2627524291992187, "clip_fraction": 0.98278, "epsilon": 3.1232881288764163, "accuracy": 0.5152, "validation_loss": 1.7827273498535157, "validation_examples": 10000}
{"step": 60, "epoch": 2, "train_loss": 2.0159627075195314, "clip_fraction": 0.9, "gradient_norm_mean": 112.38566796875, "gradient_norm_max": 474.026611328125, "step_seconds": 2.1665312834084034, "innovation_std_sum": 51.28650502540745, "noise_marginal_std_sum": 57.78628862764004}
{"step": 70, "epoch": 2, "train_loss": 1.9568951110839843, "clip_fraction": 0.88, "gradient_norm_mean": 113.54306640625, "gradient_norm_max": 526.5281372070312, "step_seconds": 2.1766170747578144, "innovation_std_sum": 51.28650502540745, "noise_marginal_std_sum": 57.78628862764004}
{"step": 80, "epoch": 2, "train_loss": 1.981764923095703, "clip_fraction": 0.846, "gradient_norm_mean": 120.81326953125, "gradient_norm_max": 513.1622924804688, "step_seconds": 2.1823916155844927, "innovation_std_sum": 51.28650502540745, "noise_marginal_std_sum": 57.78628862764004}
{"step": 90, "epoch": 2, "train_loss": 1.7930786743164062, "clip_fraction": 0.813, "gradient_norm_mean": 115.744529296875, "gradient_norm_max": 515.6533203125, "step_seconds": 2.183918636292219, "innovation_std_sum": 51.28650502540745, "noise_marginal_std_sum": 57.78628862764004}
{"step": 100, "epoch": 2, "train_loss": 1.6868247680664064, "clip_fraction": 0.788, "gradient_norm_mean": 117.041578125, "gradient_norm_max": 522.9521484375, "step_seconds": 2.176025042310357, "innovation_std_sum": 51.28650502540745, "noise_marginal_std_sum": 57.78628862764004}
{"epoch": 2, "step": 100, "train_loss": 1.9300254919433595, "clip_fraction": 0.86028, "epsilon": 4.6509185172252945, "accuracy": 0.6433, "validation_loss": 1.2429699279785156, "validation_examples": 10000}
{"step": 110, "epoch": 3, "train_loss": 1.7103172302246095, "clip_fraction": 0.792, "gradient_norm_mean": 117.56425, "gradient_norm_max": 539.7725830078125, "step_seconds": 2.170632040128112, "innovation_std_sum": 51.28650502540745, "noise_marginal_std_sum": 57.78628862764004}
{"step": 120, "epoch": 3, "train_loss": 1.6686397094726562, "clip_fraction": 0.79, "gradient_norm_mean": 121.19603515625, "gradient_norm_max": 486.91241455078125, "step_seconds": 2.174462739378214, "innovation_std_sum": 51.28650502540745, "noise_marginal_std_sum": 57.78628862764004}
{"step": 130, "epoch": 3, "train_loss": 1.613419708251953, "clip_fraction": 0.786, "gradient_norm_mean": 120.780236328125, "gradient_norm_max": 760.420166015625, "step_seconds": 2.1762867644429207, "innovation_std_sum": 51.28650502540745, "noise_marginal_std_sum": 57.78628862764004}
{"step": 140, "epoch": 3, "train_loss": 1.6490410461425782, "clip_fraction": 0.754, "gradient_norm_mean": 120.8698359375, "gradient_norm_max": 569.7767333984375, "step_seconds": 2.407971853390336, "innovation_std_sum": 51.28650502540745, "noise_marginal_std_sum": 57.78628862764004}
{"step": 150, "epoch": 3, "train_loss": 1.5456749267578125, "clip_fraction": 0.734, "gradient_norm_mean": 122.3212578125, "gradient_norm_max": 726.7507934570312, "step_seconds": 2.180859239771962, "innovation_std_sum": 51.28650502540745, "noise_marginal_std_sum": 57.78628862764004}
{"epoch": 3, "step": 150, "train_loss": 1.6725269903564453, "clip_fraction": 0.77796, "epsilon": 5.89717066071296, "accuracy": 0.6781, "validation_loss": 1.1098489395141602, "validation_examples": 10000}
{"step": 160, "epoch": 4, "train_loss": 1.4989282531738282, "clip_fraction": 0.728, "gradient_norm_mean": 119.795580078125, "gradient_norm_max": 705.1019897460938, "step_seconds": 2.1677897423505783, "innovation_std_sum": 51.28650502540745, "noise_marginal_std_sum": 57.78628862764004}
{"step": 170, "epoch": 4, "train_loss": 1.6218496398925781, "clip_fraction": 0.756, "gradient_norm_mean": 127.699130859375, "gradient_norm_max": 700.0552368164062, "step_seconds": 2.1628981083631516, "innovation_std_sum": 51.28650502540745, "noise_marginal_std_sum": 57.78628862764004}
{"step": 180, "epoch": 4, "train_loss": 1.6334119873046875, "clip_fraction": 0.755, "gradient_norm_mean": 128.374302734375, "gradient_norm_max": 594.1444091796875, "step_seconds": 2.181265676394105, "innovation_std_sum": 51.28650502540745, "noise_marginal_std_sum": 57.78628862764004}
{"step": 190, "epoch": 4, "train_loss": 1.5197748413085939, "clip_fraction": 0.699, "gradient_norm_mean": 120.841908203125, "gradient_norm_max": 755.977294921875, "step_seconds": 2.1824322268366814, "innovation_std_sum": 51.28650502540745, "noise_marginal_std_sum": 57.78628862764004}
{"step": 200, "epoch": 4, "train_loss": 1.47943310546875, "clip_fraction": 0.719, "gradient_norm_mean": 122.016154296875, "gradient_norm_max": 602.6399536132812, "step_seconds": 2.186591763049364, "innovation_std_sum": 51.28650502540745, "noise_marginal_std_sum": 57.78628862764004}
{"epoch": 4, "step": 200, "train_loss": 1.5922110009765624, "clip_fraction": 0.73542, "epsilon": 6.996032511238057, "accuracy": 0.6947, "validation_loss": 1.0540793014526366, "validation_examples": 10000}
{"step": 210, "epoch": 5, "train_loss": 1.5226124572753905, "clip_fraction": 0.739, "gradient_norm_mean": 124.674716796875, "gradient_norm_max": 742.6131591796875, "step_seconds": 2.1646727435290813, "innovation_std_sum": 51.28650502540745, "noise_marginal_std_sum": 57.78628862764004}
{"step": 220, "epoch": 5, "train_loss": 1.5868606567382812, "clip_fraction": 0.721, "gradient_norm_mean": 132.118615234375, "gradient_norm_max": 794.3082885742188, "step_seconds": 2.17266877181828, "innovation_std_sum": 51.28650502540745, "noise_marginal_std_sum": 57.78628862764004}
{"step": 230, "epoch": 5, "train_loss": 1.6438638610839844, "clip_fraction": 0.725, "gradient_norm_mean": 129.992109375, "gradient_norm_max": 678.5435791015625, "step_seconds": 2.1805599946528673, "innovation_std_sum": 51.28650502540745, "noise_marginal_std_sum": 57.78628862764004}
{"step": 240, "epoch": 5, "train_loss": 1.4672080688476563, "clip_fraction": 0.698, "gradient_norm_mean": 124.27375390625, "gradient_norm_max": 677.2958374023438, "step_seconds": 2.1816340144723654, "innovation_std_sum": 51.28650502540745, "noise_marginal_std_sum": 57.78628862764004}
{"step": 250, "epoch": 5, "train_loss": 1.5956099243164064, "clip_fraction": 0.707, "gradient_norm_mean": 133.6594140625, "gradient_norm_max": 629.5519409179688, "step_seconds": 2.188030257821083, "innovation_std_sum": 51.28650502540745, "noise_marginal_std_sum": 57.78628862764004}
{"epoch": 5, "step": 250, "train_loss": 1.5588356030273438, "clip_fraction": 0.71832, "epsilon": 8.000000000000005, "accuracy": 0.7012, "validation_loss": 1.0343921768188478, "validation_examples": 10000}
