Loading weights:   0%|          | 0/39 [00:00<?, ?it/s]Loading weights: 100%|██████████| 39/39 [00:00<00:00, 26741.52it/s]
[transformers] [1mBertModel LOAD REPORT[0m from: /media/data/data/lt/dp-adam-correlated/cache/bert-tiny
Key                                        | Status     |  | 
-------------------------------------------+------------+--+-
cls.predictions.decoder.weight             | UNEXPECTED |  | 
cls.predictions.transform.LayerNorm.bias   | UNEXPECTED |  | 
cls.predictions.decoder.bias               | UNEXPECTED |  | 
cls.predictions.transform.LayerNorm.weight | UNEXPECTED |  | 
cls.seq_relationship.weight                | UNEXPECTED |  | 
cls.seq_relationship.bias                  | UNEXPECTED |  | 
cls.predictions.transform.dense.weight     | UNEXPECTED |  | 
cls.predictions.bias                       | UNEXPECTED |  | 
cls.predictions.transform.dense.bias       | UNEXPECTED |  | 

Notes:
- UNEXPECTED:	can be ignored when loading from different task/architecture; not ok if you expect identical arch.
sys:1: UserWarning: Full backward hook is firing when gradients are computed with respect to module outputs since no inputs require gradients. See https://docs.pytorch.org/docs/main/generated/torch.nn.Module.html#torch.nn.Module.register_full_backward_hook for more details.
{"step": 10, "epoch": 1, "train_loss": 0.793308349609375, "clip_fraction": 0.63, "gradient_norm_mean": 391.27234375, "gradient_norm_max": 1059.974853515625, "step_seconds": 0.2733690179884434, "innovation_std_sum": 914.409175282003, "noise_marginal_std_sum": 1261.2560055811578}
{"step": 20, "epoch": 1, "train_loss": 0.6646060791015626, "clip_fraction": 0.805, "gradient_norm_mean": 468.5191875, "gradient_norm_max": 1288.572265625, "step_seconds": 0.28136949613690376, "innovation_std_sum": 914.409175282003, "noise_marginal_std_sum": 1261.2560055811578}
{"step": 30, "epoch": 1, "train_loss": 0.6095164184570312, "clip_fraction": 0.777, "gradient_norm_mean": 612.18325, "gradient_norm_max": 1685.5712890625, "step_seconds": 0.2839193809777498, "innovation_std_sum": 914.409175282003, "noise_marginal_std_sum": 1261.2560055811578}
{"step": 40, "epoch": 1, "train_loss": 0.6753551025390625, "clip_fraction": 0.67, "gradient_norm_mean": 806.99825, "gradient_norm_max": 2899.099853515625, "step_seconds": 0.2767558768391609, "innovation_std_sum": 914.409175282003, "noise_marginal_std_sum": 1261.2560055811578}
{"step": 50, "epoch": 1, "train_loss": 0.70051708984375, "clip_fraction": 0.566, "gradient_norm_mean": 856.5129375, "gradient_norm_max": 4689.0908203125, "step_seconds": 0.28925360180437565, "innovation_std_sum": 914.409175282003, "noise_marginal_std_sum": 1261.2560055811578}
{"step": 60, "epoch": 1, "train_loss": 0.735927490234375, "clip_fraction": 0.499, "gradient_norm_mean": 832.4785, "gradient_norm_max": 4738.71923828125, "step_seconds": 0.2850918062031269, "innovation_std_sum": 914.409175282003, "noise_marginal_std_sum": 1261.2560055811578}
{"epoch": 1, "step": 62, "train_loss": 0.7040020594443044, "clip_fraction": 0.6432903225806451, "epsilon": 2.983473211150575, "accuracy": 0.7431295569265284, "validation_loss": 0.7661858931459608, "validation_examples": 5349}
{"step": 70, "epoch": 2, "train_loss": 0.76263134765625, "clip_fraction": 0.472, "gradient_norm_mean": 756.487125, "gradient_norm_max": 4745.1357421875, "step_seconds": 0.18810246512293816, "innovation_std_sum": 914.409175282003, "noise_marginal_std_sum": 1261.2560055811578}
{"step": 80, "epoch": 2, "train_loss": 0.682977783203125, "clip_fraction": 0.45, "gradient_norm_mean": 616.9258125, "gradient_norm_max": 3902.439453125, "step_seconds": 0.2882917821407318, "innovation_std_sum": 914.409175282003, "noise_marginal_std_sum": 1261.2560055811578}
{"step": 90, "epoch": 2, "train_loss": 0.5904105224609375, "clip_fraction": 0.397, "gradient_norm_mean": 515.427375, "gradient_norm_max": 3957.839111328125, "step_seconds": 0.2841633763164282, "innovation_std_sum": 914.409175282003, "noise_marginal_std_sum": 1261.2560055811578}
{"step": 100, "epoch": 2, "train_loss": 0.59766845703125, "clip_fraction": 0.4, "gradient_norm_mean": 507.423875, "gradient_norm_max": 3726.772216796875, "step_seconds": 0.29006779193878174, "innovation_std_sum": 914.409175282003, "noise_marginal_std_sum": 1261.2560055811578}
{"step": 110, "epoch": 2, "train_loss": 0.5632048950195313, "clip_fraction": 0.369, "gradient_norm_mean": 463.5621875, "gradient_norm_max": 3926.8359375, "step_seconds": 0.2743621710687876, "innovation_std_sum": 914.409175282003, "noise_marginal_std_sum": 1261.2560055811578}
{"step": 120, "epoch": 2, "train_loss": 0.5146620483398437, "clip_fraction": 0.385, "gradient_norm_mean": 437.380875, "gradient_norm_max": 4321.849609375, "step_seconds": 0.2929125726222992, "innovation_std_sum": 914.409175282003, "noise_marginal_std_sum": 1261.2560055811578}
{"epoch": 2, "step": 124, "train_loss": 0.6186613134568737, "clip_fraction": 0.4283387096774194, "epsilon": 4.566965972959099, "accuracy": 0.7915498223967097, "validation_loss": 0.5660341019986121, "validation_examples": 5349}
{"step": 130, "epoch": 3, "train_loss": 0.5363140869140625, "clip_fraction": 0.391, "gradient_norm_mean": 434.0408125, "gradient_norm_max": 3085.537109375, "step_seconds": 0.28183516673743725, "innovation_std_sum": 914.409175282003, "noise_marginal_std_sum": 1261.2560055811578}
{"step": 140, "epoch": 3, "train_loss": 0.5439444580078125, "clip_fraction": 0.375, "gradient_norm_mean": 426.27165625, "gradient_norm_max": 3427.322021484375, "step_seconds": 0.28273371793329716, "innovation_std_sum": 914.409175282003, "noise_marginal_std_sum": 1261.2560055811578}
{"step": 150, "epoch": 3, "train_loss": 0.5464869995117188, "clip_fraction": 0.367, "gradient_norm_mean": 397.60521875, "gradient_norm_max": 3044.233642578125, "step_seconds": 0.2911398820579052, "innovation_std_sum": 914.409175282003, "noise_marginal_std_sum": 1261.2560055811578}
{"step": 160, "epoch": 3, "train_loss": 0.5519571533203125, "clip_fraction": 0.376, "gradient_norm_mean": 387.22584375, "gradient_norm_max": 2806.943359375, "step_seconds": 0.15461543761193752, "innovation_std_sum": 914.409175282003, "noise_marginal_std_sum": 1261.2560055811578}
{"step": 170, "epoch": 3, "train_loss": 0.5353944702148438, "clip_fraction": 0.362, "gradient_norm_mean": 357.092125, "gradient_norm_max": 3334.020751953125, "step_seconds": 0.28598990105092525, "innovation_std_sum": 914.409175282003, "noise_marginal_std_sum": 1261.2560055811578}
{"step": 180, "epoch": 3, "train_loss": 0.5403016357421875, "clip_fraction": 0.361, "gradient_norm_mean": 331.12959375, "gradient_norm_max": 3427.044677734375, "step_seconds": 0.27554794773459435, "innovation_std_sum": 914.409175282003, "noise_marginal_std_sum": 1261.2560055811578}
{"epoch": 3, "step": 186, "train_loss": 0.5205855648902155, "clip_fraction": 0.3612258064516129, "epsilon": 5.849088165717443, "accuracy": 0.8093101514301738, "validation_loss": 0.4871420062441852, "validation_examples": 5349}
{"step": 190, "epoch": 4, "train_loss": 0.4223562927246094, "clip_fraction": 0.321, "gradient_norm_mean": 295.6761875, "gradient_norm_max": 2427.54150390625, "step_seconds": 0.2880022060126066, "innovation_std_sum": 914.409175282003, "noise_marginal_std_sum": 1261.2560055811578}
{"step": 200, "epoch": 4, "train_loss": 0.496991455078125, "clip_fraction": 0.335, "gradient_norm_mean": 318.37771875, "gradient_norm_max": 3306.0947265625, "step_seconds": 0.2888150252401829, "innovation_std_sum": 914.409175282003, "noise_marginal_std_sum": 1261.2560055811578}
{"step": 210, "epoch": 4, "train_loss": 0.48059051513671874, "clip_fraction": 0.334, "gradient_norm_mean": 301.72946875, "gradient_norm_max": 2852.58056640625, "step_seconds": 0.19259505532681942, "innovation_std_sum": 914.409175282003, "noise_marginal_std_sum": 1261.2560055811578}
{"step": 220, "epoch": 4, "train_loss": 0.4516918640136719, "clip_fraction": 0.305, "gradient_norm_mean": 263.7875625, "gradient_norm_max": 2451.3330078125, "step_seconds": 0.2819277085363865, "innovation_std_sum": 914.409175282003, "noise_marginal_std_sum": 1261.2560055811578}
{"step": 230, "epoch": 4, "train_loss": 0.47450445556640625, "clip_fraction": 0.331, "gradient_norm_mean": 283.113625, "gradient_norm_max": 3966.559326171875, "step_seconds": 0.28830686211586, "innovation_std_sum": 914.409175282003, "noise_marginal_std_sum": 1261.2560055811578}
{"step": 240, "epoch": 4, "train_loss": 0.46792117309570314, "clip_fraction": 0.309, "gradient_norm_mean": 264.0028125, "gradient_norm_max": 4346.41064453125, "step_seconds": 0.291201401501894, "innovation_std_sum": 914.409175282003, "noise_marginal_std_sum": 1261.2560055811578}
{"epoch": 4, "step": 248, "train_loss": 0.4695570713166268, "clip_fraction": 0.3135806451612903, "epsilon": 6.974398475295221, "accuracy": 0.8151056272200411, "validation_loss": 0.4676274834313912, "validation_examples": 5349}
{"step": 250, "epoch": 5, "train_loss": 0.48252001953125, "clip_fraction": 0.288, "gradient_norm_mean": 246.44315625, "gradient_norm_max": 2983.97998046875, "step_seconds": 0.2851312421262264, "innovation_std_sum": 914.409175282003, "noise_marginal_std_sum": 1261.2560055811578}
{"step": 260, "epoch": 5, "train_loss": 0.47558746337890623, "clip_fraction": 0.296, "gradient_norm_mean": 248.0514375, "gradient_norm_max": 2391.477783203125, "step_seconds": 0.2289036586880684, "innovation_std_sum": 914.409175282003, "noise_marginal_std_sum": 1261.2560055811578}
{"step": 270, "epoch": 5, "train_loss": 0.42704217529296873, "clip_fraction": 0.279, "gradient_norm_mean": 216.49021875, "gradient_norm_max": 2453.175537109375, "step_seconds": 0.2833432871848345, "innovation_std_sum": 914.409175282003, "noise_marginal_std_sum": 1261.2560055811578}
{"step": 280, "epoch": 5, "train_loss": 0.4545041198730469, "clip_fraction": 0.3, "gradient_norm_mean": 242.1033125, "gradient_norm_max": 3254.103271484375, "step_seconds": 0.29071617498993874, "innovation_std_sum": 914.409175282003, "noise_marginal_std_sum": 1261.2560055811578}
{"step": 290, "epoch": 5, "train_loss": 0.432909912109375, "clip_fraction": 0.272, "gradient_norm_mean": 228.04465625, "gradient_norm_max": 2406.616455078125, "step_seconds": 0.2879175618290901, "innovation_std_sum": 914.409175282003, "noise_marginal_std_sum": 1261.2560055811578}
{"step": 300, "epoch": 5, "train_loss": 0.413844482421875, "clip_fraction": 0.269, "gradient_norm_mean": 207.51928125, "gradient_norm_max": 2639.235107421875, "step_seconds": 0.2871268931776285, "innovation_std_sum": 914.409175282003, "noise_marginal_std_sum": 1261.2560055811578}
{"step": 310, "epoch": 5, "train_loss": 0.4520765075683594, "clip_fraction": 0.273, "gradient_norm_mean": 219.17159375, "gradient_norm_max": 2960.41552734375, "step_seconds": 0.29497007466852665, "innovation_std_sum": 914.409175282003, "noise_marginal_std_sum": 1261.2560055811578}
{"epoch": 5, "step": 310, "train_loss": 0.44346315396216607, "clip_fraction": 0.2794032258064516, "epsilon": 8.000000000000005, "accuracy": 0.8235184146569452, "validation_loss": 0.4391035866929028, "validation_examples": 5349}
