Loading weights:   0%|          | 0/39 [00:00<?, ?it/s]Loading weights: 100%|██████████| 39/39 [00:00<00:00, 19080.59it/s]
[transformers] [1mBertModel LOAD REPORT[0m from: /media/data/data/lt/dp-adam-correlated/cache/bert-tiny
Key                                        | Status     |  | 
-------------------------------------------+------------+--+-
cls.seq_relationship.weight                | UNEXPECTED |  | 
cls.predictions.decoder.bias               | UNEXPECTED |  | 
cls.predictions.bias                       | UNEXPECTED |  | 
cls.predictions.transform.dense.bias       | UNEXPECTED |  | 
cls.predictions.transform.LayerNorm.bias   | UNEXPECTED |  | 
cls.predictions.decoder.weight             | UNEXPECTED |  | 
cls.predictions.transform.LayerNorm.weight | UNEXPECTED |  | 
cls.seq_relationship.bias                  | UNEXPECTED |  | 
cls.predictions.transform.dense.weight     | UNEXPECTED |  | 

Notes:
- UNEXPECTED:	can be ignored when loading from different task/architecture; not ok if you expect identical arch.
sys:1: UserWarning: Full backward hook is firing when gradients are computed with respect to module outputs since no inputs require gradients. See https://docs.pytorch.org/docs/main/generated/torch.nn.Module.html#torch.nn.Module.register_full_backward_hook for more details.
{"step": 10, "epoch": 1, "train_loss": 0.6455196533203125, "clip_fraction": 0.616, "gradient_norm_mean": 361.1235625, "gradient_norm_max": 916.7213745117188, "step_seconds": 0.1308716218918562, "innovation_std_sum": 512.8644435247487, "noise_marginal_std_sum": 577.8622026533709}
{"step": 20, "epoch": 1, "train_loss": 0.69529736328125, "clip_fraction": 0.63, "gradient_norm_mean": 1000.605625, "gradient_norm_max": 4952.21484375, "step_seconds": 0.27170154452323914, "innovation_std_sum": 512.8644435247487, "noise_marginal_std_sum": 577.8622026533709}
{"step": 30, "epoch": 1, "train_loss": 0.793846923828125, "clip_fraction": 0.462, "gradient_norm_mean": 1622.702125, "gradient_norm_max": 14020.28125, "step_seconds": 0.273441506549716, "innovation_std_sum": 512.8644435247487, "noise_marginal_std_sum": 577.8622026533709}
{"step": 40, "epoch": 1, "train_loss": 0.6776552734375, "clip_fraction": 0.438, "gradient_norm_mean": 1514.19875, "gradient_norm_max": 10396.1796875, "step_seconds": 0.27090834081172943, "innovation_std_sum": 512.8644435247487, "noise_marginal_std_sum": 577.8622026533709}
{"step": 50, "epoch": 1, "train_loss": 0.6178853759765625, "clip_fraction": 0.435, "gradient_norm_mean": 1238.980375, "gradient_norm_max": 10025.89453125, "step_seconds": 0.272098109126091, "innovation_std_sum": 512.8644435247487, "noise_marginal_std_sum": 577.8622026533709}
{"step": 60, "epoch": 1, "train_loss": 0.657869140625, "clip_fraction": 0.392, "gradient_norm_mean": 1106.784125, "gradient_norm_max": 8714.814453125, "step_seconds": 0.27188860066235065, "innovation_std_sum": 512.8644435247487, "noise_marginal_std_sum": 577.8622026533709}
{"epoch": 1, "step": 62, "train_loss": 0.6764720370384955, "clip_fraction": 0.4895806451612903, "epsilon": 3.1232923300753557, "accuracy": 0.7327981651376146, "validation_loss": 0.7821298520499413, "validation_examples": 872}
{"step": 70, "epoch": 2, "train_loss": 0.5190181884765624, "clip_fraction": 0.369, "gradient_norm_mean": 1024.813375, "gradient_norm_max": 10111.341796875, "step_seconds": 0.27325111627578735, "innovation_std_sum": 512.8644435247487, "noise_marginal_std_sum": 577.8622026533709}
{"step": 80, "epoch": 2, "train_loss": 0.5146234741210938, "clip_fraction": 0.346, "gradient_norm_mean": 919.4374375, "gradient_norm_max": 11839.15234375, "step_seconds": 0.2710488997399807, "innovation_std_sum": 512.8644435247487, "noise_marginal_std_sum": 577.8622026533709}
{"step": 90, "epoch": 2, "train_loss": 0.543128173828125, "clip_fraction": 0.345, "gradient_norm_mean": 1026.099875, "gradient_norm_max": 9381.1923828125, "step_seconds": 0.20180500857532024, "innovation_std_sum": 512.8644435247487, "noise_marginal_std_sum": 577.8622026533709}
{"step": 100, "epoch": 2, "train_loss": 0.5632544555664063, "clip_fraction": 0.329, "gradient_norm_mean": 1110.280375, "gradient_norm_max": 15965.216796875, "step_seconds": 0.27254258282482624, "innovation_std_sum": 512.8644435247487, "noise_marginal_std_sum": 577.8622026533709}
{"step": 110, "epoch": 2, "train_loss": 0.4782505798339844, "clip_fraction": 0.318, "gradient_norm_mean": 893.4755, "gradient_norm_max": 15172.9765625, "step_seconds": 0.27256272546947, "innovation_std_sum": 512.8644435247487, "noise_marginal_std_sum": 577.8622026533709}
{"step": 120, "epoch": 2, "train_loss": 0.529263427734375, "clip_fraction": 0.298, "gradient_norm_mean": 914.660125, "gradient_norm_max": 11409.541015625, "step_seconds": 0.2735403850674629, "innovation_std_sum": 512.8644435247487, "noise_marginal_std_sum": 577.8622026533709}
{"epoch": 2, "step": 124, "train_loss": 0.5412237794937625, "clip_fraction": 0.33791935483870966, "epsilon": 4.65092091490115, "accuracy": 0.7729357798165137, "validation_loss": 0.6750483906597172, "validation_examples": 872}
{"step": 130, "epoch": 3, "train_loss": 0.517916015625, "clip_fraction": 0.282, "gradient_norm_mean": 875.3905, "gradient_norm_max": 14036.919921875, "step_seconds": 0.2743706628680229, "innovation_std_sum": 512.8644435247487, "noise_marginal_std_sum": 577.8622026533709}
{"step": 140, "epoch": 3, "train_loss": 0.47784268188476564, "clip_fraction": 0.3, "gradient_norm_mean": 909.258375, "gradient_norm_max": 12443.642578125, "step_seconds": 0.27226314693689346, "innovation_std_sum": 512.8644435247487, "noise_marginal_std_sum": 577.8622026533709}
{"step": 150, "epoch": 3, "train_loss": 0.48979098510742186, "clip_fraction": 0.285, "gradient_norm_mean": 847.522875, "gradient_norm_max": 14381.880859375, "step_seconds": 0.13363702781498432, "innovation_std_sum": 512.8644435247487, "noise_marginal_std_sum": 577.8622026533709}
{"step": 160, "epoch": 3, "train_loss": 0.5308545532226563, "clip_fraction": 0.31, "gradient_norm_mean": 975.392875, "gradient_norm_max": 15802.310546875, "step_seconds": 0.27659148164093494, "innovation_std_sum": 512.8644435247487, "noise_marginal_std_sum": 577.8622026533709}
{"step": 170, "epoch": 3, "train_loss": 0.5184498291015625, "clip_fraction": 0.29, "gradient_norm_mean": 927.7394375, "gradient_norm_max": 13223.029296875, "step_seconds": 0.27689455077052116, "innovation_std_sum": 512.8644435247487, "noise_marginal_std_sum": 577.8622026533709}
{"step": 180, "epoch": 3, "train_loss": 0.5021018981933594, "clip_fraction": 0.262, "gradient_norm_mean": 775.820375, "gradient_norm_max": 15781.2607421875, "step_seconds": 0.27571901120245457, "innovation_std_sum": 512.8644435247487, "noise_marginal_std_sum": 577.8622026533709}
{"epoch": 3, "step": 186, "train_loss": 0.4981993895499937, "clip_fraction": 0.28458064516129034, "epsilon": 5.8971720333737725, "accuracy": 0.7844036697247706, "validation_loss": 0.6323010505886253, "validation_examples": 872}
{"step": 190, "epoch": 4, "train_loss": 0.45408203125, "clip_fraction": 0.264, "gradient_norm_mean": 861.2450625, "gradient_norm_max": 13425.392578125, "step_seconds": 0.2737328428775072, "innovation_std_sum": 512.8644435247487, "noise_marginal_std_sum": 577.8622026533709}
{"step": 200, "epoch": 4, "train_loss": 0.533490478515625, "clip_fraction": 0.298, "gradient_norm_mean": 994.607625, "gradient_norm_max": 16580.87890625, "step_seconds": 0.24255342781543732, "innovation_std_sum": 512.8644435247487, "noise_marginal_std_sum": 577.8622026533709}
{"step": 210, "epoch": 4, "train_loss": 0.4673150939941406, "clip_fraction": 0.271, "gradient_norm_mean": 889.758375, "gradient_norm_max": 18098.12109375, "step_seconds": 0.27678814344108105, "innovation_std_sum": 512.8644435247487, "noise_marginal_std_sum": 577.8622026533709}
{"step": 220, "epoch": 4, "train_loss": 0.47162646484375, "clip_fraction": 0.247, "gradient_norm_mean": 876.524, "gradient_norm_max": 17960.09765625, "step_seconds": 0.27484130673110485, "innovation_std_sum": 512.8644435247487, "noise_marginal_std_sum": 577.8622026533709}
{"step": 230, "epoch": 4, "train_loss": 0.4911531982421875, "clip_fraction": 0.265, "gradient_norm_mean": 797.145375, "gradient_norm_max": 16478.052734375, "step_seconds": 0.27427840791642666, "innovation_std_sum": 512.8644435247487, "noise_marginal_std_sum": 577.8622026533709}
{"step": 240, "epoch": 4, "train_loss": 0.41517425537109376, "clip_fraction": 0.232, "gradient_norm_mean": 725.1745, "gradient_norm_max": 18857.33984375, "step_seconds": 0.27342846989631653, "innovation_std_sum": 512.8644435247487, "noise_marginal_std_sum": 577.8622026533709}
{"epoch": 4, "step": 248, "train_loss": 0.4724337586433657, "clip_fraction": 0.2571935483870968, "epsilon": 6.99603312968092, "accuracy": 0.783256880733945, "validation_loss": 0.641608461327509, "validation_examples": 872}
{"step": 250, "epoch": 5, "train_loss": 0.45990399169921875, "clip_fraction": 0.236, "gradient_norm_mean": 730.6450625, "gradient_norm_max": 12535.86328125, "step_seconds": 0.255501052364707, "innovation_std_sum": 512.8644435247487, "noise_marginal_std_sum": 577.8622026533709}
{"step": 260, "epoch": 5, "train_loss": 0.498716552734375, "clip_fraction": 0.262, "gradient_norm_mean": 948.088875, "gradient_norm_max": 21194.412109375, "step_seconds": 0.27439507469534874, "innovation_std_sum": 512.8644435247487, "noise_marginal_std_sum": 577.8622026533709}
{"step": 270, "epoch": 5, "train_loss": 0.432621826171875, "clip_fraction": 0.244, "gradient_norm_mean": 853.3715625, "gradient_norm_max": 15264.515625, "step_seconds": 0.2749648168683052, "innovation_std_sum": 512.8644435247487, "noise_marginal_std_sum": 577.8622026533709}
{"step": 280, "epoch": 5, "train_loss": 0.49846087646484377, "clip_fraction": 0.244, "gradient_norm_mean": 948.124, "gradient_norm_max": 20584.18359375, "step_seconds": 0.2740628644824028, "innovation_std_sum": 512.8644435247487, "noise_marginal_std_sum": 577.8622026533709}
{"step": 290, "epoch": 5, "train_loss": 0.458684326171875, "clip_fraction": 0.242, "gradient_norm_mean": 840.768375, "gradient_norm_max": 15771.3759765625, "step_seconds": 0.275371216237545, "innovation_std_sum": 512.8644435247487, "noise_marginal_std_sum": 577.8622026533709}
{"step": 300, "epoch": 5, "train_loss": 0.5052545166015625, "clip_fraction": 0.271, "gradient_norm_mean": 944.652625, "gradient_norm_max": 15679.4990234375, "step_seconds": 0.2733506094664335, "innovation_std_sum": 512.8644435247487, "noise_marginal_std_sum": 577.8622026533709}
{"step": 310, "epoch": 5, "train_loss": 0.4583020324707031, "clip_fraction": 0.232, "gradient_norm_mean": 865.5885, "gradient_norm_max": 19618.59375, "step_seconds": 0.2750944569706917, "innovation_std_sum": 512.8644435247487, "noise_marginal_std_sum": 577.8622026533709}
{"epoch": 5, "step": 310, "train_loss": 0.46308787930396295, "clip_fraction": 0.24501612903225806, "epsilon": 8.000000000000007, "accuracy": 0.7935779816513762, "validation_loss": 0.6322346258600917, "validation_examples": 872}
