Loading weights:   0%|          | 0/39 [00:00<?, ?it/s]Loading weights: 100%|██████████| 39/39 [00:00<00:00, 26589.38it/s]
[transformers] [1mBertModel LOAD REPORT[0m from: /media/data/data/lt/dp-adam-correlated/cache/bert-tiny
Key                                        | Status     |  | 
-------------------------------------------+------------+--+-
cls.predictions.transform.LayerNorm.weight | UNEXPECTED |  | 
cls.predictions.decoder.bias               | UNEXPECTED |  | 
cls.seq_relationship.weight                | UNEXPECTED |  | 
cls.seq_relationship.bias                  | UNEXPECTED |  | 
cls.predictions.decoder.weight             | UNEXPECTED |  | 
cls.predictions.bias                       | UNEXPECTED |  | 
cls.predictions.transform.LayerNorm.bias   | UNEXPECTED |  | 
cls.predictions.transform.dense.weight     | UNEXPECTED |  | 
cls.predictions.transform.dense.bias       | UNEXPECTED |  | 

Notes:
- UNEXPECTED:	can be ignored when loading from different task/architecture; not ok if you expect identical arch.
sys:1: UserWarning: Full backward hook is firing when gradients are computed with respect to module outputs since no inputs require gradients. See https://docs.pytorch.org/docs/main/generated/torch.nn.Module.html#torch.nn.Module.register_full_backward_hook for more details.
{"step": 10, "epoch": 1, "step_seconds": 0.12332424148917198, "innovation_std_sum": 1.7273655294376953, "noise_marginal_std_sum": 1.9368335451060459, "pure_mf_cumulative_momentum_noise_variance": 1.0777422716856956e-05, "preconditioner_mean": 561.521240234375, "preconditioner_change_relative": 0.0988161563873291, "denominator_lag_relative": 0.0, "block_age": 0}
{"step": 20, "epoch": 1, "step_seconds": 0.2653679922223091, "innovation_std_sum": 1.7273655294376953, "noise_marginal_std_sum": 1.9368335451060459, "pure_mf_cumulative_momentum_noise_variance": 1.1247321802207244e-05, "preconditioner_mean": 532.7489013671875, "preconditioner_change_relative": 0.041622623801231384, "denominator_lag_relative": 0.0, "block_age": 0}
{"step": 30, "epoch": 1, "step_seconds": 0.2667541094124317, "innovation_std_sum": 1.7273655294376953, "noise_marginal_std_sum": 1.9368335451060459, "pure_mf_cumulative_momentum_noise_variance": 1.1613539605281318e-05, "preconditioner_mean": 523.7515258789062, "preconditioner_change_relative": 0.02566564455628395, "denominator_lag_relative": 0.0, "block_age": 0}
{"step": 40, "epoch": 1, "step_seconds": 0.264985628426075, "innovation_std_sum": 1.7273655294376953, "noise_marginal_std_sum": 1.9368335451060459, "pure_mf_cumulative_momentum_noise_variance": 1.2026369822549559e-05, "preconditioner_mean": 519.8184814453125, "preconditioner_change_relative": 0.020059388130903244, "denominator_lag_relative": 0.0, "block_age": 0}
{"step": 50, "epoch": 1, "step_seconds": 0.2659181300550699, "innovation_std_sum": 1.7273655294376953, "noise_marginal_std_sum": 1.9368335451060459, "pure_mf_cumulative_momentum_noise_variance": 1.2471126023441973e-05, "preconditioner_mean": 516.1475830078125, "preconditioner_change_relative": 0.017186155542731285, "denominator_lag_relative": 0.0, "block_age": 0}
{"step": 60, "epoch": 1, "step_seconds": 0.266711313277483, "innovation_std_sum": 1.7273655294376953, "noise_marginal_std_sum": 1.9368335451060459, "pure_mf_cumulative_momentum_noise_variance": 1.293180378709957e-05, "preconditioner_mean": 514.5280151367188, "preconditioner_change_relative": 0.012536398135125637, "denominator_lag_relative": 0.0, "block_age": 0}
{"epoch": 1, "step": 62, "epsilon": 3.0817479262244762, "accuracy": 0.7396788990825688, "validation_loss": 1.1587868086788633, "validation_examples": 872}
{"step": 70, "epoch": 2, "step_seconds": 0.26748025603592396, "innovation_std_sum": 1.7273655294376953, "noise_marginal_std_sum": 1.9368335451060459, "pure_mf_cumulative_momentum_noise_variance": 1.3399662425254163e-05, "preconditioner_mean": 514.7788696289062, "preconditioner_change_relative": 0.010972009040415287, "denominator_lag_relative": 0.0, "block_age": 0}
{"step": 80, "epoch": 2, "step_seconds": 0.23958387412130833, "innovation_std_sum": 1.7273655294376953, "noise_marginal_std_sum": 1.9368335451060459, "pure_mf_cumulative_momentum_noise_variance": 1.387059160068999e-05, "preconditioner_mean": 514.3449096679688, "preconditioner_change_relative": 0.008947410620748997, "denominator_lag_relative": 0.0, "block_age": 0}
{"step": 90, "epoch": 2, "step_seconds": 0.26727452874183655, "innovation_std_sum": 1.7273655294376953, "noise_marginal_std_sum": 1.9368335451060459, "pure_mf_cumulative_momentum_noise_variance": 1.4342789226299584e-05, "preconditioner_mean": 513.8515014648438, "preconditioner_change_relative": 0.008144048973917961, "denominator_lag_relative": 0.0, "block_age": 0}
{"step": 100, "epoch": 2, "step_seconds": 0.2666678223758936, "innovation_std_sum": 1.7273655294376953, "noise_marginal_std_sum": 1.9368335451060459, "pure_mf_cumulative_momentum_noise_variance": 1.481549818081484e-05, "preconditioner_mean": 513.7313232421875, "preconditioner_change_relative": 0.006979336962103844, "denominator_lag_relative": 0.0, "block_age": 0}
{"step": 110, "epoch": 2, "step_seconds": 0.26660423539578915, "innovation_std_sum": 1.7273655294376953, "noise_marginal_std_sum": 1.9368335451060459, "pure_mf_cumulative_momentum_noise_variance": 1.5288409514423992e-05, "preconditioner_mean": 513.6919555664062, "preconditioner_change_relative": 0.006659627426415682, "denominator_lag_relative": 0.0, "block_age": 0}
{"step": 120, "epoch": 2, "step_seconds": 0.26648532412946224, "innovation_std_sum": 1.7273655294376953, "noise_marginal_std_sum": 1.9368335451060459, "pure_mf_cumulative_momentum_noise_variance": 1.5761399815237535e-05, "preconditioner_mean": 513.46435546875, "preconditioner_change_relative": 0.00646956218406558, "denominator_lag_relative": 0.0, "block_age": 0}
{"epoch": 2, "step": 124, "epsilon": 4.626744139901174, "accuracy": 0.7660550458715596, "validation_loss": 1.1058870980498987, "validation_examples": 872}
{"step": 130, "epoch": 3, "step_seconds": 0.2703801430761814, "innovation_std_sum": 1.7273655294376953, "noise_marginal_std_sum": 1.9368335451060459, "pure_mf_cumulative_momentum_noise_variance": 1.623442058017555e-05, "preconditioner_mean": 513.571044921875, "preconditioner_change_relative": 0.005780209321528673, "denominator_lag_relative": 0.0, "block_age": 0}
{"step": 140, "epoch": 3, "step_seconds": 0.2696997541934252, "innovation_std_sum": 1.7273655294376953, "noise_marginal_std_sum": 1.9368335451060459, "pure_mf_cumulative_momentum_noise_variance": 1.6707452988967284e-05, "preconditioner_mean": 513.3480834960938, "preconditioner_change_relative": 0.005476573947817087, "denominator_lag_relative": 0.0, "block_age": 0}
{"step": 150, "epoch": 3, "step_seconds": 0.2619697879999876, "innovation_std_sum": 1.7273655294376953, "noise_marginal_std_sum": 1.9368335451060459, "pure_mf_cumulative_momentum_noise_variance": 1.7180489813962117e-05, "preconditioner_mean": 513.1013793945312, "preconditioner_change_relative": 0.005120884161442518, "denominator_lag_relative": 0.0, "block_age": 0}
{"step": 160, "epoch": 3, "step_seconds": 0.2667814902961254, "innovation_std_sum": 1.7273655294376953, "noise_marginal_std_sum": 1.9368335451060459, "pure_mf_cumulative_momentum_noise_variance": 1.76535283030069e-05, "preconditioner_mean": 513.1012573242188, "preconditioner_change_relative": 0.004833325743675232, "denominator_lag_relative": 0.0, "block_age": 0}
{"step": 170, "epoch": 3, "step_seconds": 0.2643974553793669, "innovation_std_sum": 1.7273655294376953, "noise_marginal_std_sum": 1.9368335451060459, "pure_mf_cumulative_momentum_noise_variance": 1.8126567415581323e-05, "preconditioner_mean": 513.1529541015625, "preconditioner_change_relative": 0.004357519559562206, "denominator_lag_relative": 0.0, "block_age": 0}
{"step": 180, "epoch": 3, "step_seconds": 0.2657162230461836, "innovation_std_sum": 1.7273655294376953, "noise_marginal_std_sum": 1.9368335451060459, "pure_mf_cumulative_momentum_noise_variance": 1.8599606760668814e-05, "preconditioner_mean": 513.4054565429688, "preconditioner_change_relative": 0.004372754134237766, "denominator_lag_relative": 0.0, "block_age": 0}
{"epoch": 3, "step": 186, "epsilon": 5.883337114624349, "accuracy": 0.7717889908256881, "validation_loss": 1.0829219818115234, "validation_examples": 872}
{"step": 190, "epoch": 4, "step_seconds": 0.26713040843605995, "innovation_std_sum": 1.7273655294376953, "noise_marginal_std_sum": 1.9368335451060459, "pure_mf_cumulative_momentum_noise_variance": 1.9072646192094252e-05, "preconditioner_mean": 513.3429565429688, "preconditioner_change_relative": 0.004093024414032698, "denominator_lag_relative": 0.0, "block_age": 0}
{"step": 200, "epoch": 4, "step_seconds": 0.2674523200839758, "innovation_std_sum": 1.7273655294376953, "noise_marginal_std_sum": 1.9368335451060459, "pure_mf_cumulative_momentum_noise_variance": 1.95456856554599e-05, "preconditioner_mean": 513.1586303710938, "preconditioner_change_relative": 0.0040523395873606205, "denominator_lag_relative": 0.0, "block_age": 0}
{"step": 210, "epoch": 4, "step_seconds": 0.26862112432718277, "innovation_std_sum": 1.7273655294376953, "noise_marginal_std_sum": 1.9368335451060459, "pure_mf_cumulative_momentum_noise_variance": 2.0018725130602584e-05, "preconditioner_mean": 513.1516723632812, "preconditioner_change_relative": 0.0037937648594379425, "denominator_lag_relative": 0.0, "block_age": 0}
{"step": 220, "epoch": 4, "step_seconds": 0.27034277468919754, "innovation_std_sum": 1.7273655294376953, "noise_marginal_std_sum": 1.9368335451060459, "pure_mf_cumulative_momentum_noise_variance": 2.0491764610074888e-05, "preconditioner_mean": 513.1509399414062, "preconditioner_change_relative": 0.003979818895459175, "denominator_lag_relative": 0.0, "block_age": 0}
{"step": 230, "epoch": 4, "step_seconds": 0.27043427899479866, "innovation_std_sum": 1.7273655294376953, "noise_marginal_std_sum": 1.9368335451060459, "pure_mf_cumulative_momentum_noise_variance": 2.096480409113467e-05, "preconditioner_mean": 513.0606079101562, "preconditioner_change_relative": 0.003378030378371477, "denominator_lag_relative": 0.0, "block_age": 0}
{"step": 240, "epoch": 4, "step_seconds": 0.2659756075590849, "innovation_std_sum": 1.7273655294376953, "noise_marginal_std_sum": 1.9368335451060459, "pure_mf_cumulative_momentum_noise_variance": 2.1437843572775098e-05, "preconditioner_mean": 513.053955078125, "preconditioner_change_relative": 0.0032015463802963495, "denominator_lag_relative": 0.0, "block_age": 0}
{"epoch": 4, "step": 248, "epsilon": 6.989802718757768, "accuracy": 0.7752293577981652, "validation_loss": 1.0810692375953044, "validation_examples": 872}
{"step": 250, "epoch": 5, "step_seconds": 0.26231424137949944, "innovation_std_sum": 1.7273655294376953, "noise_marginal_std_sum": 1.9368335451060459, "pure_mf_cumulative_momentum_noise_variance": 2.191088305462746e-05, "preconditioner_mean": 513.2976684570312, "preconditioner_change_relative": 0.003225060412660241, "denominator_lag_relative": 0.0, "block_age": 0}
{"step": 260, "epoch": 5, "step_seconds": 0.26752958074212074, "innovation_std_sum": 1.7273655294376953, "noise_marginal_std_sum": 1.9368335451060459, "pure_mf_cumulative_momentum_noise_variance": 2.2383922536557016e-05, "preconditioner_mean": 513.2758178710938, "preconditioner_change_relative": 0.0029394743032753468, "denominator_lag_relative": 0.0, "block_age": 0}
{"step": 270, "epoch": 5, "step_seconds": 0.27094550989568233, "innovation_std_sum": 1.7273655294376953, "noise_marginal_std_sum": 1.9368335451060459, "pure_mf_cumulative_momentum_noise_variance": 2.2856962018514633e-05, "preconditioner_mean": 513.2904663085938, "preconditioner_change_relative": 0.0029438771307468414, "denominator_lag_relative": 0.0, "block_age": 0}
{"step": 280, "epoch": 5, "step_seconds": 0.2696220465004444, "innovation_std_sum": 1.7273655294376953, "noise_marginal_std_sum": 1.9368335451060459, "pure_mf_cumulative_momentum_noise_variance": 2.3330001500482442e-05, "preconditioner_mean": 513.2454833984375, "preconditioner_change_relative": 0.0028375338297337294, "denominator_lag_relative": 0.0, "block_age": 0}
{"step": 290, "epoch": 5, "step_seconds": 0.2669591195881367, "innovation_std_sum": 1.7273655294376953, "noise_marginal_std_sum": 1.9368335451060459, "pure_mf_cumulative_momentum_noise_variance": 2.380304098245394e-05, "preconditioner_mean": 513.3621826171875, "preconditioner_change_relative": 0.0028832927346229553, "denominator_lag_relative": 0.0, "block_age": 0}
{"step": 300, "epoch": 5, "step_seconds": 0.25702958181500435, "innovation_std_sum": 1.7273655294376953, "noise_marginal_std_sum": 1.9368335451060459, "pure_mf_cumulative_momentum_noise_variance": 2.4276080464426774e-05, "preconditioner_mean": 513.4332275390625, "preconditioner_change_relative": 0.0026909317821264267, "denominator_lag_relative": 0.0, "block_age": 0}
{"step": 310, "epoch": 5, "step_seconds": 0.26308240182697773, "innovation_std_sum": 1.7273655294376953, "noise_marginal_std_sum": 1.9368335451060459, "pure_mf_cumulative_momentum_noise_variance": 2.4749119946400092e-05, "preconditioner_mean": 513.6144409179688, "preconditioner_change_relative": 0.0025368183851242065, "denominator_lag_relative": 0.0, "block_age": 0}
{"epoch": 5, "step": 310, "epsilon": 8.000000000000005, "accuracy": 0.7821100917431193, "validation_loss": 1.071370868507875, "validation_examples": 872}
