/home/longt29/miniconda3/envs/curve/lib/python3.11/site-packages/torchvision/datasets/cifar.py:83: VisibleDeprecationWarning: dtype(): align should be passed as Python or NumPy boolean but got `align=0`. Did you mean to pass a tuple to create a subarray type? (Deprecated NumPy 2.4)
  entry = pickle.load(f, encoding="latin1")
{"status": "running", "method": "iid_dp_hybrid", "seed": 20261001, "calibration": {"target_mu": 1.6660305978457184, "sensitivity": 2.23606797749979, "innovation_std_sum": 40.264590225254544, "adjacency": "add_remove_zero_out", "k": 5, "b_participation": 50, "sampling_amplification": false}, "coefficients": [1.0]}
sys:1: UserWarning: Full backward hook is firing when gradients are computed with respect to module outputs since no inputs require gradients. See https://docs.pytorch.org/docs/main/generated/torch.nn.Module.html#torch.nn.Module.register_full_backward_hook for more details.
{"event": "logical_progress", "step": 1, "train_loss": 5.1808095703125, "clip_fraction": 1.0}
{"event": "logical_progress", "step": 25, "train_loss": 4.589749448242188, "clip_fraction": 1.0}
{"event": "logical_progress", "step": 50, "train_loss": 4.16449062133789, "clip_fraction": 1.0}
{"epoch": 1, "logical_steps": 50, "train_examples": 50000, "train_loss": 4.16449062133789, "test_loss": 3.091350213623047, "test_top1": 0.288, "clip_fraction": 1.0, "epsilon": 3.1232925162148586, "delta": 1e-05, "seconds": 133.42029485758394}
{"event": "logical_progress", "step": 75, "train_loss": 2.984512058105469, "clip_fraction": 0.99556}
{"event": "logical_progress", "step": 100, "train_loss": 2.7296756787109375, "clip_fraction": 0.98482}
{"epoch": 2, "logical_steps": 100, "train_examples": 50000, "train_loss": 2.7296756787109375, "test_loss": 1.8889328063964843, "test_top1": 0.5286, "clip_fraction": 0.98482, "epsilon": 4.650921021133024, "delta": 1e-05, "seconds": 261.1079003578052}
{"event": "logical_progress", "step": 125, "train_loss": 2.1520497448730467, "clip_fraction": 0.93412}
{"event": "logical_progress", "step": 150, "train_loss": 2.039976471557617, "clip_fraction": 0.91282}
{"epoch": 3, "logical_steps": 150, "train_examples": 50000, "train_loss": 2.039976471557617, "test_loss": 1.3842329528808595, "test_top1": 0.6227, "clip_fraction": 0.91282, "epsilon": 5.897172094191148, "delta": 1e-05, "seconds": 389.1308426707983}
{"event": "logical_progress", "step": 175, "train_loss": 1.8127859582519532, "clip_fraction": 0.8566}
{"event": "logical_progress", "step": 200, "train_loss": 1.7548911627197266, "clip_fraction": 0.8389}
{"epoch": 4, "logical_steps": 200, "train_examples": 50000, "train_loss": 1.7548911627197266, "test_loss": 1.1624456558227538, "test_top1": 0.6748, "clip_fraction": 0.8389, "epsilon": 6.99603315708177, "delta": 1e-05, "seconds": 519.5180143751204}
{"event": "logical_progress", "step": 225, "train_loss": 1.6589650610351563, "clip_fraction": 0.798}
{"event": "logical_progress", "step": 250, "train_loss": 1.6158245715332031, "clip_fraction": 0.78478}
{"epoch": 5, "logical_steps": 250, "train_examples": 50000, "train_loss": 1.6158245715332031, "test_loss": 1.04955458984375, "test_top1": 0.6982, "clip_fraction": 0.78478, "epsilon": 8.000000000000007, "delta": 1e-05, "seconds": 646.982079106383}
{"status": "completed", "result_dir": "/media/data/data/lt/dp-adam-correlated/exp3/results/search/B/b05_muon_0.001"}
