/home/longt29/miniconda3/envs/curve/lib/python3.11/site-packages/torchvision/datasets/cifar.py:83: VisibleDeprecationWarning: dtype(): align should be passed as Python or NumPy boolean but got `align=0`. Did you mean to pass a tuple to create a subarray type? (Deprecated NumPy 2.4)
  entry = pickle.load(f, encoding="latin1")
sys:1: UserWarning: Full backward hook is firing when gradients are computed with respect to module outputs since no inputs require gradients. See https://docs.pytorch.org/docs/main/generated/torch.nn.Module.html#torch.nn.Module.register_full_backward_hook for more details.
{"step": 10, "epoch": 1, "train_loss": 4.650020141601562, "clip_fraction": 1.0, "gradient_norm_mean": 57.1155888671875, "gradient_norm_max": 119.8702163696289, "step_seconds": 2.1487386487424374, "innovation_std_sum": 7.222798151648107, "noise_marginal_std_sum": 8.44992665429476}
{"step": 20, "epoch": 1, "train_loss": 4.454823852539063, "clip_fraction": 1.0, "gradient_norm_mean": 51.6447880859375, "gradient_norm_max": 93.42886352539062, "step_seconds": 2.1247969307005405, "innovation_std_sum": 7.222798151648107, "noise_marginal_std_sum": 8.44992665429476}
{"step": 30, "epoch": 1, "train_loss": 4.30905126953125, "clip_fraction": 1.0, "gradient_norm_mean": 57.5866591796875, "gradient_norm_max": 104.99413299560547, "step_seconds": 2.1248951237648726, "innovation_std_sum": 7.222798151648107, "noise_marginal_std_sum": 8.44992665429476}
{"step": 40, "epoch": 1, "train_loss": 4.098637756347657, "clip_fraction": 1.0, "gradient_norm_mean": 68.211931640625, "gradient_norm_max": 145.42808532714844, "step_seconds": 2.1629472468048334, "innovation_std_sum": 7.222798151648107, "noise_marginal_std_sum": 8.44992665429476}
{"epoch": 1, "step": 45, "train_loss": 4.415455305989584, "clip_fraction": 1.0, "epsilon": 3.0297011451528917, "accuracy": 0.1496, "validation_loss": 3.7743668090820313, "validation_examples": 5000}
{"step": 50, "epoch": 2, "train_loss": 3.777680419921875, "clip_fraction": 1.0, "gradient_norm_mean": 80.360267578125, "gradient_norm_max": 154.13893127441406, "step_seconds": 2.092783661559224, "innovation_std_sum": 7.222798151648107, "noise_marginal_std_sum": 8.44992665429476}
{"step": 60, "epoch": 2, "train_loss": 3.5715103149414062, "clip_fraction": 1.0, "gradient_norm_mean": 91.250400390625, "gradient_norm_max": 300.5052795410156, "step_seconds": 2.1126154251396656, "innovation_std_sum": 7.222798151648107, "noise_marginal_std_sum": 8.44992665429476}
{"step": 70, "epoch": 2, "train_loss": 3.2611292114257813, "clip_fraction": 1.0, "gradient_norm_mean": 96.3408046875, "gradient_norm_max": 250.22100830078125, "step_seconds": 2.1405591536313295, "innovation_std_sum": 7.222798151648107, "noise_marginal_std_sum": 8.44992665429476}
{"step": 80, "epoch": 2, "train_loss": 3.1374224853515624, "clip_fraction": 1.0, "gradient_norm_mean": 100.753373046875, "gradient_norm_max": 337.2019348144531, "step_seconds": 2.1635855678468943, "innovation_std_sum": 7.222798151648107, "noise_marginal_std_sum": 8.44992665429476}
{"step": 90, "epoch": 2, "train_loss": 2.970547607421875, "clip_fraction": 1.0, "gradient_norm_mean": 104.230185546875, "gradient_norm_max": 322.6434020996094, "step_seconds": 2.1735015641897917, "innovation_std_sum": 7.222798151648107, "noise_marginal_std_sum": 8.44992665429476}
{"epoch": 2, "step": 90, "train_loss": 3.38835159640842, "clip_fraction": 1.0, "epsilon": 4.5953206372907065, "accuracy": 0.3666, "validation_loss": 2.645914782714844, "validation_examples": 5000}
{"step": 100, "epoch": 3, "train_loss": 2.7593626708984376, "clip_fraction": 1.0, "gradient_norm_mean": 106.317279296875, "gradient_norm_max": 278.82696533203125, "step_seconds": 2.1213540118187666, "innovation_std_sum": 7.222798151648107, "noise_marginal_std_sum": 8.44992665429476}
{"step": 110, "epoch": 3, "train_loss": 2.5921110229492186, "clip_fraction": 1.0, "gradient_norm_mean": 106.047689453125, "gradient_norm_max": 442.440185546875, "step_seconds": 2.1389069966971874, "innovation_std_sum": 7.222798151648107, "noise_marginal_std_sum": 8.44992665429476}
{"step": 120, "epoch": 3, "train_loss": 2.5186395263671875, "clip_fraction": 1.0, "gradient_norm_mean": 107.807712890625, "gradient_norm_max": 365.46929931640625, "step_seconds": 2.16944570094347, "innovation_std_sum": 7.222798151648107, "noise_marginal_std_sum": 8.44992665429476}
{"step": 130, "epoch": 3, "train_loss": 2.358431884765625, "clip_fraction": 0.998, "gradient_norm_mean": 107.660705078125, "gradient_norm_max": 416.53131103515625, "step_seconds": 2.184883190318942, "innovation_std_sum": 7.222798151648107, "noise_marginal_std_sum": 8.44992665429476}
{"epoch": 3, "step": 135, "train_loss": 2.6057255696614585, "clip_fraction": 0.9997111111111111, "epsilon": 5.865340104265841, "accuracy": 0.5118, "validation_loss": 1.98248935546875, "validation_examples": 5000}
{"step": 140, "epoch": 4, "train_loss": 2.265139221191406, "clip_fraction": 0.996, "gradient_norm_mean": 106.18146484375, "gradient_norm_max": 515.625732421875, "step_seconds": 2.124308057129383, "innovation_std_sum": 7.222798151648107, "noise_marginal_std_sum": 8.44992665429476}
{"step": 150, "epoch": 4, "train_loss": 2.2551832275390624, "clip_fraction": 0.997, "gradient_norm_mean": 108.971732421875, "gradient_norm_max": 581.6104736328125, "step_seconds": 2.1146592162549496, "innovation_std_sum": 7.222798151648107, "noise_marginal_std_sum": 8.44992665429476}
{"step": 160, "epoch": 4, "train_loss": 2.1915978698730467, "clip_fraction": 0.994, "gradient_norm_mean": 110.494107421875, "gradient_norm_max": 462.4328308105469, "step_seconds": 2.1764779444783926, "innovation_std_sum": 7.222798151648107, "noise_marginal_std_sum": 8.44992665429476}
{"step": 170, "epoch": 4, "train_loss": 2.0678765258789062, "clip_fraction": 0.989, "gradient_norm_mean": 107.524888671875, "gradient_norm_max": 452.4365539550781, "step_seconds": 2.202888235449791, "innovation_std_sum": 7.222798151648107, "noise_marginal_std_sum": 8.44992665429476}
{"step": 180, "epoch": 4, "train_loss": 2.027534881591797, "clip_fraction": 0.992, "gradient_norm_mean": 106.6954765625, "gradient_norm_max": 413.4948425292969, "step_seconds": 2.1975516453385353, "innovation_std_sum": 7.222798151648107, "noise_marginal_std_sum": 8.44992665429476}
{"epoch": 4, "step": 180, "train_loss": 2.1684254557291665, "clip_fraction": 0.9947555555555555, "epsilon": 6.981705044814983, "accuracy": 0.5878, "validation_loss": 1.5981413146972656, "validation_examples": 5000}
{"step": 190, "epoch": 5, "train_loss": 1.965636474609375, "clip_fraction": 0.987, "gradient_norm_mean": 108.718216796875, "gradient_norm_max": 537.7289428710938, "step_seconds": 2.1252362970262766, "innovation_std_sum": 7.222798151648107, "noise_marginal_std_sum": 8.44992665429476}
{"step": 200, "epoch": 5, "train_loss": 1.9356414794921875, "clip_fraction": 0.984, "gradient_norm_mean": 109.542494140625, "gradient_norm_max": 567.5826416015625, "step_seconds": 2.163979012519121, "innovation_std_sum": 7.222798151648107, "noise_marginal_std_sum": 8.44992665429476}
{"step": 210, "epoch": 5, "train_loss": 1.9508557434082032, "clip_fraction": 0.984, "gradient_norm_mean": 108.457283203125, "gradient_norm_max": 475.1919250488281, "step_seconds": 2.1989204045385122, "innovation_std_sum": 7.222798151648107, "noise_marginal_std_sum": 8.44992665429476}
{"step": 220, "epoch": 5, "train_loss": 1.8476036376953124, "clip_fraction": 0.976, "gradient_norm_mean": 110.52125390625, "gradient_norm_max": 537.3479614257812, "step_seconds": 2.1967807337641716, "innovation_std_sum": 7.222798151648107, "noise_marginal_std_sum": 8.44992665429476}
{"epoch": 5, "step": 225, "train_loss": 1.9029795884874132, "clip_fraction": 0.9812222222222222, "epsilon": 8.000000000000005, "accuracy": 0.6348, "validation_loss": 1.3611715698242188, "validation_examples": 5000}
