/home/longt29/miniconda3/envs/curve/lib/python3.11/site-packages/torchvision/datasets/cifar.py:83: VisibleDeprecationWarning: dtype(): align should be passed as Python or NumPy boolean but got `align=0`. Did you mean to pass a tuple to create a subarray type? (Deprecated NumPy 2.4)
  entry = pickle.load(f, encoding="latin1")
sys:1: UserWarning: Full backward hook is firing when gradients are computed with respect to module outputs since no inputs require gradients. See https://docs.pytorch.org/docs/main/generated/torch.nn.Module.html#torch.nn.Module.register_full_backward_hook for more details.
{"step": 10, "epoch": 1, "train_loss": 4.577870361328125, "clip_fraction": 1.0, "gradient_norm_mean": 53.2099892578125, "gradient_norm_max": 103.23733520507812, "step_seconds": 2.1083125676959753, "innovation_std_sum": 5.128667806092518, "noise_marginal_std_sum": 5.7786483592774935}
{"step": 20, "epoch": 1, "train_loss": 4.33240771484375, "clip_fraction": 1.0, "gradient_norm_mean": 54.1363388671875, "gradient_norm_max": 106.11615753173828, "step_seconds": 2.1481387615203857, "innovation_std_sum": 5.128667806092518, "noise_marginal_std_sum": 5.7786483592774935}
{"step": 30, "epoch": 1, "train_loss": 4.070906677246094, "clip_fraction": 1.0, "gradient_norm_mean": 66.7022578125, "gradient_norm_max": 127.74199676513672, "step_seconds": 2.207246758043766, "innovation_std_sum": 5.128667806092518, "noise_marginal_std_sum": 5.7786483592774935}
{"step": 40, "epoch": 1, "train_loss": 3.7433176879882812, "clip_fraction": 1.0, "gradient_norm_mean": 84.48596484375, "gradient_norm_max": 181.80006408691406, "step_seconds": 2.2150675654411316, "innovation_std_sum": 5.128667806092518, "noise_marginal_std_sum": 5.7786483592774935}
{"epoch": 1, "step": 45, "train_loss": 4.233675004069011, "clip_fraction": 1.0, "epsilon": 3.1232761473275077, "accuracy": 0.235, "validation_loss": 3.3095423583984376, "validation_examples": 5000}
{"step": 50, "epoch": 2, "train_loss": 3.3443656005859377, "clip_fraction": 1.0, "gradient_norm_mean": 96.848646484375, "gradient_norm_max": 288.85552978515625, "step_seconds": 2.1349605973809958, "innovation_std_sum": 5.128667806092518, "noise_marginal_std_sum": 5.7786483592774935}
{"step": 60, "epoch": 2, "train_loss": 3.100651916503906, "clip_fraction": 1.0, "gradient_norm_mean": 103.958978515625, "gradient_norm_max": 388.9407653808594, "step_seconds": 2.1391279827803373, "innovation_std_sum": 5.128667806092518, "noise_marginal_std_sum": 5.7786483592774935}
{"step": 70, "epoch": 2, "train_loss": 2.76260498046875, "clip_fraction": 1.0, "gradient_norm_mean": 103.80251953125, "gradient_norm_max": 346.0647277832031, "step_seconds": 2.1394193526357412, "innovation_std_sum": 5.128667806092518, "noise_marginal_std_sum": 5.7786483592774935}
{"step": 80, "epoch": 2, "train_loss": 2.6743407592773436, "clip_fraction": 1.0, "gradient_norm_mean": 107.79078515625, "gradient_norm_max": 362.023193359375, "step_seconds": 2.179549580439925, "innovation_std_sum": 5.128667806092518, "noise_marginal_std_sum": 5.7786483592774935}
{"step": 90, "epoch": 2, "train_loss": 2.497216247558594, "clip_fraction": 1.0, "gradient_norm_mean": 110.224474609375, "gradient_norm_max": 526.7437744140625, "step_seconds": 2.169763933867216, "innovation_std_sum": 5.128667806092518, "noise_marginal_std_sum": 5.7786483592774935}
{"epoch": 2, "step": 90, "train_loss": 2.9190505777994793, "clip_fraction": 1.0, "epsilon": 4.650911679155916, "accuracy": 0.488, "validation_loss": 2.095274676513672, "validation_examples": 5000}
{"step": 100, "epoch": 3, "train_loss": 2.3065866088867186, "clip_fraction": 0.999, "gradient_norm_mean": 109.100736328125, "gradient_norm_max": 400.9830627441406, "step_seconds": 2.1278660744428635, "innovation_std_sum": 5.128667806092518, "noise_marginal_std_sum": 5.7786483592774935}
{"step": 110, "epoch": 3, "train_loss": 2.177968994140625, "clip_fraction": 0.997, "gradient_norm_mean": 108.9649375, "gradient_norm_max": 669.2318725585938, "step_seconds": 2.14761464856565, "innovation_std_sum": 5.128667806092518, "noise_marginal_std_sum": 5.7786483592774935}
{"step": 120, "epoch": 3, "train_loss": 2.1029223327636717, "clip_fraction": 0.993, "gradient_norm_mean": 110.011427734375, "gradient_norm_max": 495.73748779296875, "step_seconds": 2.1736924815922976, "innovation_std_sum": 5.128667806092518, "noise_marginal_std_sum": 5.7786483592774935}
{"step": 130, "epoch": 3, "train_loss": 1.980967498779297, "clip_fraction": 0.99, "gradient_norm_mean": 108.45498046875, "gradient_norm_max": 468.8479309082031, "step_seconds": 2.194180892780423, "innovation_std_sum": 5.128667806092518, "noise_marginal_std_sum": 5.7786483592774935}
{"epoch": 3, "step": 135, "train_loss": 2.1943415791829426, "clip_fraction": 0.9951111111111111, "epsilon": 5.897166745944287, "accuracy": 0.592, "validation_loss": 1.5607689819335937, "validation_examples": 5000}
{"step": 140, "epoch": 4, "train_loss": 1.9353739318847656, "clip_fraction": 0.981, "gradient_norm_mean": 107.007193359375, "gradient_norm_max": 736.4651489257812, "step_seconds": 2.109861509874463, "innovation_std_sum": 5.128667806092518, "noise_marginal_std_sum": 5.7786483592774935}
{"step": 150, "epoch": 4, "train_loss": 1.934031494140625, "clip_fraction": 0.982, "gradient_norm_mean": 110.28184765625, "gradient_norm_max": 650.170654296875, "step_seconds": 2.1223901975899935, "innovation_std_sum": 5.128667806092518, "noise_marginal_std_sum": 5.7786483592774935}
{"step": 160, "epoch": 4, "train_loss": 1.9008649291992188, "clip_fraction": 0.968, "gradient_norm_mean": 112.88858984375, "gradient_norm_max": 627.709228515625, "step_seconds": 2.15264561586082, "innovation_std_sum": 5.128667806092518, "noise_marginal_std_sum": 5.7786483592774935}
{"step": 170, "epoch": 4, "train_loss": 1.8063340759277344, "clip_fraction": 0.967, "gradient_norm_mean": 109.903498046875, "gradient_norm_max": 601.207275390625, "step_seconds": 2.1638642139732838, "innovation_std_sum": 5.128667806092518, "noise_marginal_std_sum": 5.7786483592774935}
{"step": 180, "epoch": 4, "train_loss": 1.7511573486328125, "clip_fraction": 0.96, "gradient_norm_mean": 108.726095703125, "gradient_norm_max": 467.135986328125, "step_seconds": 2.18048382550478, "innovation_std_sum": 5.128667806092518, "noise_marginal_std_sum": 5.7786483592774935}
{"epoch": 4, "step": 180, "train_loss": 1.86328302476671, "clip_fraction": 0.9729777777777778, "epsilon": 6.9960307474663415, "accuracy": 0.6412, "validation_loss": 1.2870518188476563, "validation_examples": 5000}
{"step": 190, "epoch": 5, "train_loss": 1.6941004333496095, "clip_fraction": 0.948, "gradient_norm_mean": 111.3444375, "gradient_norm_max": 745.2263793945312, "step_seconds": 2.1150675024837255, "innovation_std_sum": 5.128667806092518, "noise_marginal_std_sum": 5.7786483592774935}
{"step": 200, "epoch": 5, "train_loss": 1.697638671875, "clip_fraction": 0.949, "gradient_norm_mean": 111.87207421875, "gradient_norm_max": 700.7390747070312, "step_seconds": 2.1366635616868734, "innovation_std_sum": 5.128667806092518, "noise_marginal_std_sum": 5.7786483592774935}
{"step": 210, "epoch": 5, "train_loss": 1.7336398620605469, "clip_fraction": 0.935, "gradient_norm_mean": 112.34571875, "gradient_norm_max": 600.4688720703125, "step_seconds": 2.160073358565569, "innovation_std_sum": 5.128667806092518, "noise_marginal_std_sum": 5.7786483592774935}
{"step": 220, "epoch": 5, "train_loss": 1.6590462951660156, "clip_fraction": 0.934, "gradient_norm_mean": 115.190533203125, "gradient_norm_max": 598.927734375, "step_seconds": 2.1752202417701483, "innovation_std_sum": 5.128667806092518, "noise_marginal_std_sum": 5.7786483592774935}
{"epoch": 5, "step": 225, "train_loss": 1.6772059895833333, "clip_fraction": 0.9392666666666667, "epsilon": 8.000000000000005, "accuracy": 0.6772, "validation_loss": 1.1226591552734375, "validation_examples": 5000}
