/home/longt29/miniconda3/envs/curve/lib/python3.11/site-packages/torchvision/datasets/cifar.py:83: VisibleDeprecationWarning: dtype(): align should be passed as Python or NumPy boolean but got `align=0`. Did you mean to pass a tuple to create a subarray type? (Deprecated NumPy 2.4)
  entry = pickle.load(f, encoding="latin1")
sys:1: UserWarning: Full backward hook is firing when gradients are computed with respect to module outputs since no inputs require gradients. See https://docs.pytorch.org/docs/main/generated/torch.nn.Module.html#torch.nn.Module.register_full_backward_hook for more details.
{"step": 10, "epoch": 1, "train_loss": 4.189836059570313, "clip_fraction": 1.0, "gradient_norm_mean": 74.636548828125, "gradient_norm_max": 139.04507446289062, "step_seconds": 2.1067766789346933, "innovation_std_sum": 5.128667806092518, "noise_marginal_std_sum": 5.7786483592774935}
{"step": 20, "epoch": 1, "train_loss": 3.55777099609375, "clip_fraction": 1.0, "gradient_norm_mean": 109.593388671875, "gradient_norm_max": 258.1672668457031, "step_seconds": 2.1344026513397694, "innovation_std_sum": 5.128667806092518, "noise_marginal_std_sum": 5.7786483592774935}
{"step": 30, "epoch": 1, "train_loss": 3.148465759277344, "clip_fraction": 1.0, "gradient_norm_mean": 129.240603515625, "gradient_norm_max": 367.3402404785156, "step_seconds": 2.124042421579361, "innovation_std_sum": 5.128667806092518, "noise_marginal_std_sum": 5.7786483592774935}
{"step": 40, "epoch": 1, "train_loss": 3.062556884765625, "clip_fraction": 0.997, "gradient_norm_mean": 139.509671875, "gradient_norm_max": 432.9388732910156, "step_seconds": 2.131026206538081, "innovation_std_sum": 5.128667806092518, "noise_marginal_std_sum": 5.7786483592774935}
{"epoch": 1, "step": 45, "train_loss": 3.623683524576823, "clip_fraction": 0.9996, "epsilon": 3.1232761473275077, "accuracy": 0.328, "validation_loss": 2.548139074707031, "validation_examples": 5000}
{"step": 50, "epoch": 2, "train_loss": 2.8419129638671876, "clip_fraction": 0.997, "gradient_norm_mean": 138.07855859375, "gradient_norm_max": 404.6234130859375, "step_seconds": 2.1062335148453712, "innovation_std_sum": 5.128667806092518, "noise_marginal_std_sum": 5.7786483592774935}
{"step": 60, "epoch": 2, "train_loss": 2.8455404052734377, "clip_fraction": 0.997, "gradient_norm_mean": 142.243, "gradient_norm_max": 363.6991882324219, "step_seconds": 2.1220615413039923, "innovation_std_sum": 5.128667806092518, "noise_marginal_std_sum": 5.7786483592774935}
{"step": 70, "epoch": 2, "train_loss": 2.699227844238281, "clip_fraction": 0.987, "gradient_norm_mean": 140.66133203125, "gradient_norm_max": 605.1423950195312, "step_seconds": 2.127695443108678, "innovation_std_sum": 5.128667806092518, "noise_marginal_std_sum": 5.7786483592774935}
{"step": 80, "epoch": 2, "train_loss": 2.8408868408203123, "clip_fraction": 0.985, "gradient_norm_mean": 157.2618828125, "gradient_norm_max": 479.675537109375, "step_seconds": 2.1105782464146614, "innovation_std_sum": 5.128667806092518, "noise_marginal_std_sum": 5.7786483592774935}
{"step": 90, "epoch": 2, "train_loss": 2.72540869140625, "clip_fraction": 0.994, "gradient_norm_mean": 154.45232421875, "gradient_norm_max": 476.26153564453125, "step_seconds": 2.1250392850488424, "innovation_std_sum": 5.128667806092518, "noise_marginal_std_sum": 5.7786483592774935}
{"epoch": 2, "step": 90, "train_loss": 2.779520250108507, "clip_fraction": 0.9936666666666667, "epsilon": 4.650911679155916, "accuracy": 0.4, "validation_loss": 2.2368996704101565, "validation_examples": 5000}
{"step": 100, "epoch": 3, "train_loss": 2.6923392333984375, "clip_fraction": 0.987, "gradient_norm_mean": 160.81580078125, "gradient_norm_max": 430.33648681640625, "step_seconds": 2.117374984547496, "innovation_std_sum": 5.128667806092518, "noise_marginal_std_sum": 5.7786483592774935}
{"step": 110, "epoch": 3, "train_loss": 2.601930358886719, "clip_fraction": 0.982, "gradient_norm_mean": 155.4497421875, "gradient_norm_max": 413.7095642089844, "step_seconds": 2.121285816654563, "innovation_std_sum": 5.128667806092518, "noise_marginal_std_sum": 5.7786483592774935}
{"step": 120, "epoch": 3, "train_loss": 2.6609991455078124, "clip_fraction": 0.981, "gradient_norm_mean": 162.93955078125, "gradient_norm_max": 510.74176025390625, "step_seconds": 2.129323149099946, "innovation_std_sum": 5.128667806092518, "noise_marginal_std_sum": 5.7786483592774935}
{"step": 130, "epoch": 3, "train_loss": 2.6187431640625, "clip_fraction": 0.981, "gradient_norm_mean": 163.10267578125, "gradient_norm_max": 548.8717651367188, "step_seconds": 2.122461933642626, "innovation_std_sum": 5.128667806092518, "noise_marginal_std_sum": 5.7786483592774935}
{"epoch": 3, "step": 135, "train_loss": 2.6382174424913196, "clip_fraction": 0.9816888888888889, "epsilon": 5.897166745944287, "accuracy": 0.4122, "validation_loss": 2.216425274658203, "validation_examples": 5000}
{"step": 140, "epoch": 4, "train_loss": 2.6455965576171874, "clip_fraction": 0.985, "gradient_norm_mean": 157.19280859375, "gradient_norm_max": 419.5879211425781, "step_seconds": 2.114647600799799, "innovation_std_sum": 5.128667806092518, "noise_marginal_std_sum": 5.7786483592774935}
{"step": 150, "epoch": 4, "train_loss": 2.6798341064453126, "clip_fraction": 0.978, "gradient_norm_mean": 165.07687109375, "gradient_norm_max": 430.6876525878906, "step_seconds": 2.1071255207061768, "innovation_std_sum": 5.128667806092518, "noise_marginal_std_sum": 5.7786483592774935}
{"step": 160, "epoch": 4, "train_loss": 2.6102999877929687, "clip_fraction": 0.97, "gradient_norm_mean": 159.301546875, "gradient_norm_max": 501.1950378417969, "step_seconds": 2.1218326948583126, "innovation_std_sum": 5.128667806092518, "noise_marginal_std_sum": 5.7786483592774935}
{"step": 170, "epoch": 4, "train_loss": 2.68681103515625, "clip_fraction": 0.975, "gradient_norm_mean": 166.425328125, "gradient_norm_max": 507.310791015625, "step_seconds": 2.1098184008151293, "innovation_std_sum": 5.128667806092518, "noise_marginal_std_sum": 5.7786483592774935}
{"step": 180, "epoch": 4, "train_loss": 2.6439933471679686, "clip_fraction": 0.976, "gradient_norm_mean": 165.22456640625, "gradient_norm_max": 584.7032470703125, "step_seconds": 2.111764607951045, "innovation_std_sum": 5.128667806092518, "noise_marginal_std_sum": 5.7786483592774935}
{"epoch": 4, "step": 180, "train_loss": 2.642798088921441, "clip_fraction": 0.9768888888888889, "epsilon": 6.9960307474663415, "accuracy": 0.421, "validation_loss": 2.2363228454589845, "validation_examples": 5000}
{"step": 190, "epoch": 5, "train_loss": 2.6496256103515625, "clip_fraction": 0.981, "gradient_norm_mean": 166.43925, "gradient_norm_max": 485.574951171875, "step_seconds": 2.1151694040745497, "innovation_std_sum": 5.128667806092518, "noise_marginal_std_sum": 5.7786483592774935}
{"step": 200, "epoch": 5, "train_loss": 2.7413482666015625, "clip_fraction": 0.98, "gradient_norm_mean": 170.4839765625, "gradient_norm_max": 495.0865783691406, "step_seconds": 2.127559198066592, "innovation_std_sum": 5.128667806092518, "noise_marginal_std_sum": 5.7786483592774935}
{"step": 210, "epoch": 5, "train_loss": 2.6856392822265627, "clip_fraction": 0.967, "gradient_norm_mean": 167.89278125, "gradient_norm_max": 449.27947998046875, "step_seconds": 2.1297935005277395, "innovation_std_sum": 5.128667806092518, "noise_marginal_std_sum": 5.7786483592774935}
{"step": 220, "epoch": 5, "train_loss": 2.713939697265625, "clip_fraction": 0.985, "gradient_norm_mean": 166.30515234375, "gradient_norm_max": 505.209716796875, "step_seconds": 2.12775375880301, "innovation_std_sum": 5.128667806092518, "noise_marginal_std_sum": 5.7786483592774935}
{"epoch": 5, "step": 225, "train_loss": 2.655829402669271, "clip_fraction": 0.9749555555555556, "epsilon": 8.000000000000005, "accuracy": 0.4146, "validation_loss": 2.2813171997070314, "validation_examples": 5000}
