/home/longt29/miniconda3/envs/curve/lib/python3.11/site-packages/torchvision/datasets/cifar.py:83: VisibleDeprecationWarning: dtype(): align should be passed as Python or NumPy boolean but got `align=0`. Did you mean to pass a tuple to create a subarray type? (Deprecated NumPy 2.4)
  entry = pickle.load(f, encoding="latin1")
sys:1: UserWarning: Full backward hook is firing when gradients are computed with respect to module outputs since no inputs require gradients. See https://docs.pytorch.org/docs/main/generated/torch.nn.Module.html#torch.nn.Module.register_full_backward_hook for more details.
{"step": 10, "epoch": 1, "train_loss": 4.797672729492188, "clip_fraction": 0.254, "gradient_norm_mean": 175.22334765625, "gradient_norm_max": 406.8366394042969, "step_seconds": 2.064926577731967, "innovation_std_sum": 960.5354058391272, "noise_marginal_std_sum": 1324.878491966481}
{"step": 20, "epoch": 1, "train_loss": 4.68868310546875, "clip_fraction": 0.0, "gradient_norm_mean": 103.481056640625, "gradient_norm_max": 199.29550170898438, "step_seconds": 2.148035928606987, "innovation_std_sum": 960.5354058391272, "noise_marginal_std_sum": 1324.878491966481}
{"step": 30, "epoch": 1, "train_loss": 4.657887329101563, "clip_fraction": 0.0, "gradient_norm_mean": 79.125328125, "gradient_norm_max": 152.4381103515625, "step_seconds": 2.215242113918066, "innovation_std_sum": 960.5354058391272, "noise_marginal_std_sum": 1324.878491966481}
{"step": 40, "epoch": 1, "train_loss": 4.611399291992187, "clip_fraction": 0.0, "gradient_norm_mean": 65.9028623046875, "gradient_norm_max": 138.65577697753906, "step_seconds": 2.2082214783877134, "innovation_std_sum": 960.5354058391272, "noise_marginal_std_sum": 1324.878491966481}
{"epoch": 1, "step": 45, "train_loss": 4.715939089626736, "clip_fraction": 0.18502222222222223, "epsilon": 2.805247463992718, "accuracy": 0.0234, "validation_loss": 4.542485302734375, "validation_examples": 5000}
{"step": 50, "epoch": 2, "train_loss": 4.530773803710938, "clip_fraction": 0.0, "gradient_norm_mean": 58.442046875, "gradient_norm_max": 121.49749755859375, "step_seconds": 2.080197399482131, "innovation_std_sum": 960.5354058391272, "noise_marginal_std_sum": 1324.878491966481}
{"step": 60, "epoch": 2, "train_loss": 4.500275268554687, "clip_fraction": 0.0, "gradient_norm_mean": 53.1913544921875, "gradient_norm_max": 96.72469329833984, "step_seconds": 2.1545052863657475, "innovation_std_sum": 960.5354058391272, "noise_marginal_std_sum": 1324.878491966481}
{"step": 70, "epoch": 2, "train_loss": 4.44985595703125, "clip_fraction": 0.0, "gradient_norm_mean": 49.3363271484375, "gradient_norm_max": 107.64827728271484, "step_seconds": 2.2275497633963823, "innovation_std_sum": 960.5354058391272, "noise_marginal_std_sum": 1324.878491966481}
{"step": 80, "epoch": 2, "train_loss": 4.45533642578125, "clip_fraction": 0.0, "gradient_norm_mean": 45.8996181640625, "gradient_norm_max": 90.11361694335938, "step_seconds": 2.1808709017932415, "innovation_std_sum": 960.5354058391272, "noise_marginal_std_sum": 1324.878491966481}
{"step": 90, "epoch": 2, "train_loss": 4.443479248046875, "clip_fraction": 0.0, "gradient_norm_mean": 44.8307978515625, "gradient_norm_max": 95.46601104736328, "step_seconds": 2.2055145129561424, "innovation_std_sum": 960.5354058391272, "noise_marginal_std_sum": 1324.878491966481}
{"epoch": 2, "step": 90, "train_loss": 4.486388435872396, "clip_fraction": 0.0, "epsilon": 4.447471925552444, "accuracy": 0.0392, "validation_loss": 4.4067875, "validation_examples": 5000}
{"step": 100, "epoch": 3, "train_loss": 4.410124389648438, "clip_fraction": 0.0, "gradient_norm_mean": 42.7408798828125, "gradient_norm_max": 89.8997573852539, "step_seconds": 2.1537761501967907, "innovation_std_sum": 960.5354058391272, "noise_marginal_std_sum": 1324.878491966481}
{"step": 110, "epoch": 3, "train_loss": 4.376147094726562, "clip_fraction": 0.0, "gradient_norm_mean": 41.4504541015625, "gradient_norm_max": 76.2931137084961, "step_seconds": 2.148749705404043, "innovation_std_sum": 960.5354058391272, "noise_marginal_std_sum": 1324.878491966481}
{"step": 120, "epoch": 3, "train_loss": 4.407881591796875, "clip_fraction": 0.0, "gradient_norm_mean": 41.2411337890625, "gradient_norm_max": 84.21895599365234, "step_seconds": 2.1900846734642982, "innovation_std_sum": 960.5354058391272, "noise_marginal_std_sum": 1324.878491966481}
{"step": 130, "epoch": 3, "train_loss": 4.379552001953125, "clip_fraction": 0.0, "gradient_norm_mean": 39.843720703125, "gradient_norm_max": 95.0053939819336, "step_seconds": 2.2205063719302416, "innovation_std_sum": 960.5354058391272, "noise_marginal_std_sum": 1324.878491966481}
{"epoch": 3, "step": 135, "train_loss": 4.377694387478298, "clip_fraction": 0.0, "epsilon": 5.779485746307642, "accuracy": 0.0564, "validation_loss": 4.29140810546875, "validation_examples": 5000}
{"step": 140, "epoch": 4, "train_loss": 4.277587280273438, "clip_fraction": 0.0, "gradient_norm_mean": 38.9227001953125, "gradient_norm_max": 98.15958404541016, "step_seconds": 2.0936327148228884, "innovation_std_sum": 960.5354058391272, "noise_marginal_std_sum": 1324.878491966481}
{"step": 150, "epoch": 4, "train_loss": 4.289419311523438, "clip_fraction": 0.0, "gradient_norm_mean": 38.14244140625, "gradient_norm_max": 75.37078094482422, "step_seconds": 2.2138038724660873, "innovation_std_sum": 960.5354058391272, "noise_marginal_std_sum": 1324.878491966481}
{"step": 160, "epoch": 4, "train_loss": 4.265662353515625, "clip_fraction": 0.0, "gradient_norm_mean": 37.486908203125, "gradient_norm_max": 82.17395782470703, "step_seconds": 2.1881715394556522, "innovation_std_sum": 960.5354058391272, "noise_marginal_std_sum": 1324.878491966481}
{"step": 170, "epoch": 4, "train_loss": 4.260432006835938, "clip_fraction": 0.0, "gradient_norm_mean": 37.2354267578125, "gradient_norm_max": 69.93485260009766, "step_seconds": 2.2249558493494987, "innovation_std_sum": 960.5354058391272, "noise_marginal_std_sum": 1324.878491966481}
{"step": 180, "epoch": 4, "train_loss": 4.24860986328125, "clip_fraction": 0.0, "gradient_norm_mean": 37.1459794921875, "gradient_norm_max": 87.55455017089844, "step_seconds": 2.231828197836876, "innovation_std_sum": 960.5354058391272, "noise_marginal_std_sum": 1324.878491966481}
{"epoch": 4, "step": 180, "train_loss": 4.281322721354167, "clip_fraction": 0.0, "epsilon": 6.943065470652319, "accuracy": 0.0756, "validation_loss": 4.172825952148438, "validation_examples": 5000}
{"step": 190, "epoch": 5, "train_loss": 4.24467236328125, "clip_fraction": 0.0, "gradient_norm_mean": 36.3578916015625, "gradient_norm_max": 77.97747039794922, "step_seconds": 2.1594423167407513, "innovation_std_sum": 960.5354058391272, "noise_marginal_std_sum": 1324.878491966481}
{"step": 200, "epoch": 5, "train_loss": 4.211547729492188, "clip_fraction": 0.0, "gradient_norm_mean": 36.2500341796875, "gradient_norm_max": 76.2640380859375, "step_seconds": 2.1971748117357492, "innovation_std_sum": 960.5354058391272, "noise_marginal_std_sum": 1324.878491966481}
{"step": 210, "epoch": 5, "train_loss": 4.185469116210937, "clip_fraction": 0.0, "gradient_norm_mean": 36.131736328125, "gradient_norm_max": 86.5580062866211, "step_seconds": 2.2290840838104486, "innovation_std_sum": 960.5354058391272, "noise_marginal_std_sum": 1324.878491966481}
{"step": 220, "epoch": 5, "train_loss": 4.201362426757813, "clip_fraction": 0.0, "gradient_norm_mean": 35.058533203125, "gradient_norm_max": 82.21206665039062, "step_seconds": 2.215530565008521, "innovation_std_sum": 960.5354058391272, "noise_marginal_std_sum": 1324.878491966481}
{"epoch": 5, "step": 225, "train_loss": 4.1832685289171, "clip_fraction": 0.0, "epsilon": 8.000000000000005, "accuracy": 0.0966, "validation_loss": 4.057867456054687, "validation_examples": 5000}
