/home/longt29/miniconda3/envs/curve/lib/python3.11/site-packages/torchvision/datasets/cifar.py:83: VisibleDeprecationWarning: dtype(): align should be passed as Python or NumPy boolean but got `align=0`. Did you mean to pass a tuple to create a subarray type? (Deprecated NumPy 2.4)
  entry = pickle.load(f, encoding="latin1")
{"method": "dp-adam-momentum-bias-bandinvmf", "smoke": false, "calibration": {"target_mu": 1.6660305978457184, "sensitivity": 4.065608121489227, "innovation_std_sum": 73.20888572058001, "adjacency": "add_remove_zero_out", "k": 5, "b_participation": 50, "sampling_amplification": false}, "coefficients": [1.0, -0.53161943769869, -0.0779998119461293, -0.2795535556950146]}
sys:1: UserWarning: Full backward hook is firing when gradients are computed with respect to module outputs since no inputs require gradients. See https://docs.pytorch.org/docs/main/generated/torch.nn.Module.html#torch.nn.Module.register_full_backward_hook for more details.
{"progress_step": 10, "epoch": 1, "train_loss_so_far": 4.661278833007812, "clip_fraction_so_far": 1.0}
{"progress_step": 20, "epoch": 1, "train_loss_so_far": 4.412232653808593, "clip_fraction_so_far": 1.0}
{"progress_step": 30, "epoch": 1, "train_loss_so_far": 4.135984649658203, "clip_fraction_so_far": 0.9998666666666667}
{"progress_step": 40, "epoch": 1, "train_loss_so_far": 3.883003807067871, "clip_fraction_so_far": 0.9985}
{"progress_step": 50, "epoch": 1, "train_loss_so_far": 3.662712012939453, "clip_fraction_so_far": 0.99534}
{"epoch": 1, "logical_steps": 50, "train_examples": 50000, "train_loss": 3.662712012939453, "test_loss": 2.2669689270019533, "test_top1": 0.4184, "clip_fraction": 0.99534, "gdp_mu": 0.7271304784322895, "gdp_epsilon": 3.037976902428692, "target_mu": 1.6660305978457184, "target_epsilon": 8.0, "delta": 1e-05, "noise_std": 0.08559034234029003, "noise_std_space": "gradient", "innovation_std_sum": 73.20888572058001, "augmentation_trace_sha256": "b956146f05d624eaedb531429d7f2ecd6e84a42ff862a99950dc56e91b439839", "seconds": 147.48772717267275}
{"progress_step": 60, "epoch": 2, "train_loss_so_far": 2.4651340454101565, "clip_fraction_so_far": 0.9574}
{"progress_step": 70, "epoch": 2, "train_loss_so_far": 2.3621237884521484, "clip_fraction_so_far": 0.9465}
{"progress_step": 80, "epoch": 2, "train_loss_so_far": 2.2689724212646483, "clip_fraction_so_far": 0.9313}
{"progress_step": 90, "epoch": 2, "train_loss_so_far": 2.192572787475586, "clip_fraction_so_far": 0.91885}
{"progress_step": 100, "epoch": 2, "train_loss_so_far": 2.129319826660156, "clip_fraction_so_far": 0.9059}
{"epoch": 2, "logical_steps": 100, "train_examples": 50000, "train_loss": 2.129319826660156, "test_loss": 1.3516579498291015, "test_top1": 0.6248, "clip_fraction": 0.9059, "gdp_mu": 1.0438331619280494, "gdp_epsilon": 4.600416946348178, "target_mu": 1.6660305978457184, "target_epsilon": 8.0, "delta": 1e-05, "noise_std": 0.08559034234029003, "noise_std_space": "gradient", "innovation_std_sum": 73.20888572058001, "augmentation_trace_sha256": "2455761cb1d44d781ccd26c58ad39c2cd06c3954e85831c52b9ee20dff5ebf7d", "seconds": 139.45917228981853}
{"progress_step": 110, "epoch": 3, "train_loss_so_far": 1.7646003234863281, "clip_fraction_so_far": 0.8263}
{"progress_step": 120, "epoch": 3, "train_loss_so_far": 1.7257948120117188, "clip_fraction_so_far": 0.8167}
{"progress_step": 130, "epoch": 3, "train_loss_so_far": 1.6816098754882813, "clip_fraction_so_far": 0.8048}
{"progress_step": 140, "epoch": 3, "train_loss_so_far": 1.6675949104309082, "clip_fraction_so_far": 0.794025}
{"progress_step": 150, "epoch": 3, "train_loss_so_far": 1.6514432995605468, "clip_fraction_so_far": 0.78674}
{"epoch": 3, "logical_steps": 150, "train_examples": 50000, "train_loss": 1.6514432995605468, "test_loss": 1.0280120666503907, "test_top1": 0.7039, "clip_fraction": 0.78674, "gdp_mu": 1.2851399415460758, "gdp_epsilon": 5.868262919898993, "target_mu": 1.6660305978457184, "target_epsilon": 8.0, "delta": 1e-05, "noise_std": 0.08559034234029003, "noise_std_space": "gradient", "innovation_std_sum": 73.20888572058001, "augmentation_trace_sha256": "451214a98530c42d051d21c7d0e88c777c2859122849e011866eff026240c858", "seconds": 140.89955591782928}
{"progress_step": 160, "epoch": 4, "train_loss_so_far": 1.4990735137939453, "clip_fraction_so_far": 0.7367}
{"progress_step": 170, "epoch": 4, "train_loss_so_far": 1.4887449966430664, "clip_fraction_so_far": 0.7328}
{"progress_step": 180, "epoch": 4, "train_loss_so_far": 1.4683501505533854, "clip_fraction_so_far": 0.7229666666666666}
{"progress_step": 190, "epoch": 4, "train_loss_so_far": 1.461184839630127, "clip_fraction_so_far": 0.71665}
{"progress_step": 200, "epoch": 4, "train_loss_so_far": 1.4547076806640624, "clip_fraction_so_far": 0.71244}
{"epoch": 4, "logical_steps": 200, "train_examples": 50000, "train_loss": 1.4547076806640624, "test_loss": 0.8817329849243164, "test_top1": 0.74, "clip_fraction": 0.71244, "gdp_mu": 1.4878241288541525, "gdp_epsilon": 6.9830197665238485, "target_mu": 1.6660305978457184, "target_epsilon": 8.0, "delta": 1e-05, "noise_std": 0.08559034234029003, "noise_std_space": "gradient", "innovation_std_sum": 73.20888572058001, "augmentation_trace_sha256": "443679eea72a1a371bb911a46123db12a111d05754f7c5dcba6e5ff3ed0aa283", "seconds": 140.7688899319619}
{"progress_step": 210, "epoch": 5, "train_loss_so_far": 1.397006719970703, "clip_fraction_so_far": 0.6892}
{"progress_step": 220, "epoch": 5, "train_loss_so_far": 1.3839944625854492, "clip_fraction_so_far": 0.6839}
{"progress_step": 230, "epoch": 5, "train_loss_so_far": 1.3662865427652995, "clip_fraction_so_far": 0.6748}
{"progress_step": 240, "epoch": 5, "train_loss_so_far": 1.3653486923217772, "clip_fraction_so_far": 0.670725}
{"progress_step": 250, "epoch": 5, "train_loss_so_far": 1.3578896813964845, "clip_fraction_so_far": 0.6675}
{"epoch": 5, "logical_steps": 250, "train_examples": 50000, "train_loss": 1.3578896813964845, "test_loss": 0.8038279846191406, "test_top1": 0.7592, "clip_fraction": 0.6675, "gdp_mu": 1.6660305978457184, "gdp_epsilon": 8.000000000000005, "target_mu": 1.6660305978457184, "target_epsilon": 8.0, "delta": 1e-05, "noise_std": 0.08559034234029003, "noise_std_space": "gradient", "innovation_std_sum": 73.20888572058001, "augmentation_trace_sha256": "f66dc1e8dd9adced9d45b6ce8a2e776f27cd0357650b018ef913f281bc23cadb", "seconds": 139.6263619698584}
{"status": "completed", "results": "/media/data/data/lt/dp-adam-correlated/exp7b/results/final/trials/8ab25594c972caff"}
