Loading weights:   0%|          | 0/39 [00:00<?, ?it/s]Loading weights: 100%|██████████| 39/39 [00:00<00:00, 12041.95it/s]
[transformers] [1mBertModel LOAD REPORT[0m from: /media/data/data/lt/dp-adam-correlated/cache/bert-tiny
Key                                        | Status     |  | 
-------------------------------------------+------------+--+-
cls.predictions.transform.dense.weight     | UNEXPECTED |  | 
cls.predictions.decoder.bias               | UNEXPECTED |  | 
cls.predictions.transform.dense.bias       | UNEXPECTED |  | 
cls.seq_relationship.bias                  | UNEXPECTED |  | 
cls.seq_relationship.weight                | UNEXPECTED |  | 
cls.predictions.transform.LayerNorm.bias   | UNEXPECTED |  | 
cls.predictions.bias                       | UNEXPECTED |  | 
cls.predictions.transform.LayerNorm.weight | UNEXPECTED |  | 
cls.predictions.decoder.weight             | UNEXPECTED |  | 

Notes:
- UNEXPECTED:	can be ignored when loading from different task/architecture; not ok if you expect identical arch.
sys:1: UserWarning: Full backward hook is firing when gradients are computed with respect to module outputs since no inputs require gradients. See https://docs.pytorch.org/docs/main/generated/torch.nn.Module.html#torch.nn.Module.register_full_backward_hook for more details.
{"step": 62, "epoch": 1.0, "train_loss": 1.7811770797237274, "clip_fraction": 0.8514193548387097, "validation_loss": 2.57686756053446, "accuracy": 0.557861282482707, "validation_examples": 5349, "epsilon": 3.0540894402664507}
{"step": 124, "epoch": 2.0, "train_loss": 1.8027108449628275, "clip_fraction": 0.8132258064516128, "validation_loss": 1.3050322105648764, "accuracy": 0.641054402692092, "validation_examples": 5349, "epsilon": 4.610238743691145}
{"step": 186, "epoch": 3.0, "train_loss": 1.1977351891302295, "clip_fraction": 0.7460645161290321, "validation_loss": 1.4528642783857635, "accuracy": 0.7517292951953636, "validation_examples": 5349, "epsilon": 5.873890881586908}
{"step": 248, "epoch": 4.0, "train_loss": 1.4053059022964973, "clip_fraction": 0.5597741935483872, "validation_loss": 1.4510556454746761, "accuracy": 0.7707982800523462, "validation_examples": 5349, "epsilon": 6.985551657770655}
{"step": 310, "epoch": 5.0, "train_loss": 1.3692665523405996, "clip_fraction": 0.5110806451612903, "validation_loss": 1.4097548502809556, "accuracy": 0.7756590016825575, "validation_examples": 5349, "epsilon": 8.000000000000005}
