/home/longt29/miniconda3/envs/curve/lib/python3.11/site-packages/torchvision/datasets/cifar.py:83: VisibleDeprecationWarning: dtype(): align should be passed as Python or NumPy boolean but got `align=0`. Did you mean to pass a tuple to create a subarray type? (Deprecated NumPy 2.4)
  entry = pickle.load(f, encoding="latin1")
sys:1: UserWarning: Full backward hook is firing when gradients are computed with respect to module outputs since no inputs require gradients. See https://docs.pytorch.org/docs/main/generated/torch.nn.Module.html#torch.nn.Module.register_full_backward_hook for more details.
{"step": 10, "epoch": 1, "train_loss": 4.801724365234375, "clip_fraction": 0.044, "gradient_norm_mean": 68.683751953125, "gradient_norm_max": 168.0183563232422, "step_seconds": 2.0952873025089502, "innovation_std_sum": 480.2677029195636, "noise_marginal_std_sum": 662.4392459832405}
{"step": 20, "epoch": 1, "train_loss": 4.70169384765625, "clip_fraction": 0.009, "gradient_norm_mean": 59.171537109375, "gradient_norm_max": 110.83065795898438, "step_seconds": 2.119583224877715, "innovation_std_sum": 480.2677029195636, "noise_marginal_std_sum": 662.4392459832405}
{"step": 30, "epoch": 1, "train_loss": 4.662717895507813, "clip_fraction": 0.003, "gradient_norm_mean": 55.8349501953125, "gradient_norm_max": 106.83283996582031, "step_seconds": 2.113222498446703, "innovation_std_sum": 480.2677029195636, "noise_marginal_std_sum": 662.4392459832405}
{"step": 40, "epoch": 1, "train_loss": 4.603675659179688, "clip_fraction": 0.003, "gradient_norm_mean": 53.5161875, "gradient_norm_max": 111.75788879394531, "step_seconds": 2.1268045529723167, "innovation_std_sum": 480.2677029195636, "noise_marginal_std_sum": 662.4392459832405}
{"epoch": 1, "step": 45, "train_loss": 4.718329928927951, "clip_fraction": 0.03188888888888889, "epsilon": 2.805247463992718, "accuracy": 0.0226, "validation_loss": 4.524281958007813, "validation_examples": 5000}
{"step": 50, "epoch": 2, "train_loss": 4.512890869140625, "clip_fraction": 0.003, "gradient_norm_mean": 53.21357421875, "gradient_norm_max": 108.71719360351562, "step_seconds": 2.1065837126225233, "innovation_std_sum": 480.2677029195636, "noise_marginal_std_sum": 662.4392459832405}
{"step": 60, "epoch": 2, "train_loss": 4.469422607421875, "clip_fraction": 0.0, "gradient_norm_mean": 53.6485703125, "gradient_norm_max": 98.31378173828125, "step_seconds": 2.1209417823702097, "innovation_std_sum": 480.2677029195636, "noise_marginal_std_sum": 662.4392459832405}
{"step": 70, "epoch": 2, "train_loss": 4.39415478515625, "clip_fraction": 0.004, "gradient_norm_mean": 54.6441376953125, "gradient_norm_max": 110.91695404052734, "step_seconds": 2.1252757646143436, "innovation_std_sum": 480.2677029195636, "noise_marginal_std_sum": 662.4392459832405}
{"step": 80, "epoch": 2, "train_loss": 4.390190063476562, "clip_fraction": 0.001, "gradient_norm_mean": 55.550546875, "gradient_norm_max": 114.26451110839844, "step_seconds": 2.114909527823329, "innovation_std_sum": 480.2677029195636, "noise_marginal_std_sum": 662.4392459832405}
{"step": 90, "epoch": 2, "train_loss": 4.351336181640625, "clip_fraction": 0.007, "gradient_norm_mean": 58.5644736328125, "gradient_norm_max": 127.2109603881836, "step_seconds": 2.128419676795602, "innovation_std_sum": 480.2677029195636, "noise_marginal_std_sum": 662.4392459832405}
{"epoch": 2, "step": 90, "train_loss": 4.43691279296875, "clip_fraction": 0.0027555555555555554, "epsilon": 4.447471925552444, "accuracy": 0.056, "validation_loss": 4.288697998046875, "validation_examples": 5000}
{"step": 100, "epoch": 3, "train_loss": 4.291590087890625, "clip_fraction": 0.008, "gradient_norm_mean": 60.6268291015625, "gradient_norm_max": 136.60348510742188, "step_seconds": 2.1185144875198603, "innovation_std_sum": 480.2677029195636, "noise_marginal_std_sum": 662.4392459832405}
{"step": 110, "epoch": 3, "train_loss": 4.2134091796875, "clip_fraction": 0.011, "gradient_norm_mean": 63.8046298828125, "gradient_norm_max": 117.51702880859375, "step_seconds": 2.121669691056013, "innovation_std_sum": 480.2677029195636, "noise_marginal_std_sum": 662.4392459832405}
{"step": 120, "epoch": 3, "train_loss": 4.201173706054687, "clip_fraction": 0.031, "gradient_norm_mean": 68.343728515625, "gradient_norm_max": 129.85670471191406, "step_seconds": 2.1244251541793346, "innovation_std_sum": 480.2677029195636, "noise_marginal_std_sum": 662.4392459832405}
{"step": 130, "epoch": 3, "train_loss": 4.138500732421875, "clip_fraction": 0.05, "gradient_norm_mean": 70.63918359375, "gradient_norm_max": 160.89495849609375, "step_seconds": 2.1341260597109795, "innovation_std_sum": 480.2677029195636, "noise_marginal_std_sum": 662.4392459832405}
{"epoch": 3, "step": 135, "train_loss": 4.201216748046875, "clip_fraction": 0.02188888888888889, "epsilon": 5.779485746307642, "accuracy": 0.1092, "validation_loss": 3.9639927612304686, "validation_examples": 5000}
{"step": 140, "epoch": 4, "train_loss": 3.9786068115234374, "clip_fraction": 0.065, "gradient_norm_mean": 73.40268359375, "gradient_norm_max": 237.0029296875, "step_seconds": 2.0973479002714157, "innovation_std_sum": 480.2677029195636, "noise_marginal_std_sum": 662.4392459832405}
{"step": 150, "epoch": 4, "train_loss": 3.9469358520507813, "clip_fraction": 0.09, "gradient_norm_mean": 77.2077578125, "gradient_norm_max": 144.106201171875, "step_seconds": 2.1080420799553394, "innovation_std_sum": 480.2677029195636, "noise_marginal_std_sum": 662.4392459832405}
{"step": 160, "epoch": 4, "train_loss": 3.865884582519531, "clip_fraction": 0.142, "gradient_norm_mean": 81.089748046875, "gradient_norm_max": 208.27438354492188, "step_seconds": 2.1467600986361504, "innovation_std_sum": 480.2677029195636, "noise_marginal_std_sum": 662.4392459832405}
{"step": 170, "epoch": 4, "train_loss": 3.79708056640625, "clip_fraction": 0.182, "gradient_norm_mean": 83.456068359375, "gradient_norm_max": 162.36489868164062, "step_seconds": 2.1202448550611734, "innovation_std_sum": 480.2677029195636, "noise_marginal_std_sum": 662.4392459832405}
{"step": 180, "epoch": 4, "train_loss": 3.7375352172851564, "clip_fraction": 0.209, "gradient_norm_mean": 86.404556640625, "gradient_norm_max": 213.7183074951172, "step_seconds": 2.1204908080399036, "innovation_std_sum": 480.2677029195636, "noise_marginal_std_sum": 662.4392459832405}
{"epoch": 4, "step": 180, "train_loss": 3.8852955064561634, "clip_fraction": 0.12766666666666668, "epsilon": 6.943065470652319, "accuracy": 0.19, "validation_loss": 3.5497422119140625, "validation_examples": 5000}
{"step": 190, "epoch": 5, "train_loss": 3.663429626464844, "clip_fraction": 0.269, "gradient_norm_mean": 89.41139453125, "gradient_norm_max": 203.81349182128906, "step_seconds": 2.115909442305565, "innovation_std_sum": 480.2677029195636, "noise_marginal_std_sum": 662.4392459832405}
{"step": 200, "epoch": 5, "train_loss": 3.5766820068359375, "clip_fraction": 0.324, "gradient_norm_mean": 92.303373046875, "gradient_norm_max": 215.8731231689453, "step_seconds": 2.1302263867110014, "innovation_std_sum": 480.2677029195636, "noise_marginal_std_sum": 662.4392459832405}
{"step": 210, "epoch": 5, "train_loss": 3.486138977050781, "clip_fraction": 0.329, "gradient_norm_mean": 93.8176484375, "gradient_norm_max": 212.79336547851562, "step_seconds": 2.131441954523325, "innovation_std_sum": 480.2677029195636, "noise_marginal_std_sum": 662.4392459832405}
{"step": 220, "epoch": 5, "train_loss": 3.4231021728515625, "clip_fraction": 0.359, "gradient_norm_mean": 94.926919921875, "gradient_norm_max": 250.75662231445312, "step_seconds": 2.1416356284171343, "innovation_std_sum": 480.2677029195636, "noise_marginal_std_sum": 662.4392459832405}
{"epoch": 5, "step": 225, "train_loss": 3.517789796278212, "clip_fraction": 0.3078444444444444, "epsilon": 8.000000000000005, "accuracy": 0.275, "validation_loss": 3.126502746582031, "validation_examples": 5000}
