/home/longt29/miniconda3/envs/curve/lib/python3.11/site-packages/torchvision/datasets/cifar.py:83: VisibleDeprecationWarning: dtype(): align should be passed as Python or NumPy boolean but got `align=0`. Did you mean to pass a tuple to create a subarray type? (Deprecated NumPy 2.4)
  entry = pickle.load(f, encoding="latin1")
{"method": "dp-adam-momentum-bandinvmf", "smoke": false, "calibration": {"target_mu": 1.6660305978457184, "sensitivity": 7.852751308631718, "innovation_std_sum": 141.40348896567355, "adjacency": "add_remove_zero_out", "k": 5, "b_participation": 50, "sampling_amplification": false}, "coefficients": [1.0, -0.95, -0.0012500000000000844, -0.001187499999999897]}
sys:1: UserWarning: Full backward hook is firing when gradients are computed with respect to module outputs since no inputs require gradients. See https://docs.pytorch.org/docs/main/generated/torch.nn.Module.html#torch.nn.Module.register_full_backward_hook for more details.
{"progress_step": 10, "epoch": 1, "train_loss_so_far": 4.752122155761719, "clip_fraction_so_far": 1.0}
{"progress_step": 20, "epoch": 1, "train_loss_so_far": 4.566882025146485, "clip_fraction_so_far": 1.0}
{"progress_step": 30, "epoch": 1, "train_loss_so_far": 4.387122003173828, "clip_fraction_so_far": 1.0}
{"progress_step": 40, "epoch": 1, "train_loss_so_far": 4.201170239257812, "clip_fraction_so_far": 0.99995}
{"progress_step": 50, "epoch": 1, "train_loss_so_far": 4.021050395507812, "clip_fraction_so_far": 0.99956}
{"epoch": 1, "logical_steps": 50, "train_examples": 50000, "train_loss": 4.021050395507812, "test_loss": 2.8951802368164063, "test_top1": 0.2941, "clip_fraction": 0.99956, "gdp_mu": 0.6922887915534621, "gdp_epsilon": 2.8734263506543494, "target_mu": 1.6660305978457184, "target_epsilon": 8.0, "delta": 1e-05, "noise_std": 0.19503959987396557, "noise_std_space": "gradient", "innovation_std_sum": 141.40348896567355, "augmentation_trace_sha256": "65e78e015a3e2a10670eebdd8b5c00ec00073b4a03670167de183a1bfc65d731", "seconds": 146.18322346545756}
{"progress_step": 60, "epoch": 2, "train_loss_so_far": 2.9790377380371096, "clip_fraction_so_far": 0.9932}
{"progress_step": 70, "epoch": 2, "train_loss_so_far": 2.8678568267822264, "clip_fraction_so_far": 0.99085}
{"progress_step": 80, "epoch": 2, "train_loss_so_far": 2.776759920247396, "clip_fraction_so_far": 0.9857333333333334}
{"progress_step": 90, "epoch": 2, "train_loss_so_far": 2.6810545394897463, "clip_fraction_so_far": 0.980225}
{"progress_step": 100, "epoch": 2, "train_loss_so_far": 2.5968348413085938, "clip_fraction_so_far": 0.97314}
{"epoch": 2, "logical_steps": 100, "train_examples": 50000, "train_loss": 2.5968348413085938, "test_loss": 1.8163468658447266, "test_top1": 0.5213, "clip_fraction": 0.97314, "gdp_mu": 1.0231641324654879, "gdp_epsilon": 4.494876969944211, "target_mu": 1.6660305978457184, "target_epsilon": 8.0, "delta": 1e-05, "noise_std": 0.19503959987396557, "noise_std_space": "gradient", "innovation_std_sum": 141.40348896567355, "augmentation_trace_sha256": "7947e548b204a7d0145bdcb9df3da1911d6c839b026ad00ca1b0ea91cee080b2", "seconds": 138.27829810976982}
{"progress_step": 110, "epoch": 3, "train_loss_so_far": 2.143726174926758, "clip_fraction_so_far": 0.929}
{"progress_step": 120, "epoch": 3, "train_loss_so_far": 2.093891973876953, "clip_fraction_so_far": 0.91815}
{"progress_step": 130, "epoch": 3, "train_loss_so_far": 2.055482201131185, "clip_fraction_so_far": 0.9101333333333333}
{"progress_step": 140, "epoch": 3, "train_loss_so_far": 2.018699684906006, "clip_fraction_so_far": 0.90325}
{"progress_step": 150, "epoch": 3, "train_loss_so_far": 1.984723524169922, "clip_fraction_so_far": 0.89512}
{"epoch": 3, "logical_steps": 150, "train_examples": 50000, "train_loss": 1.984723524169922, "test_loss": 1.3570604064941407, "test_top1": 0.6263, "clip_fraction": 0.89512, "gdp_mu": 1.273823246724324, "gdp_epsilon": 5.807351225535705, "target_mu": 1.6660305978457184, "target_epsilon": 8.0, "delta": 1e-05, "noise_std": 0.19503959987396557, "noise_std_space": "gradient", "innovation_std_sum": 141.40348896567355, "augmentation_trace_sha256": "9cd077b55365d30171daaf6417ff6a0338c1ce695e9900c8ba48c02aa7e09c81", "seconds": 140.20207236334682}
{"progress_step": 160, "epoch": 4, "train_loss_so_far": 1.796384259033203, "clip_fraction_so_far": 0.8405}
{"progress_step": 170, "epoch": 4, "train_loss_so_far": 1.7575198196411133, "clip_fraction_so_far": 0.8345}
{"progress_step": 180, "epoch": 4, "train_loss_so_far": 1.7416979187011719, "clip_fraction_so_far": 0.8272}
{"progress_step": 190, "epoch": 4, "train_loss_so_far": 1.7219076148986816, "clip_fraction_so_far": 0.821875}
{"progress_step": 200, "epoch": 4, "train_loss_so_far": 1.7026168621826172, "clip_fraction_so_far": 0.81582}
{"epoch": 4, "logical_steps": 200, "train_examples": 50000, "train_loss": 1.7026168621826172, "test_loss": 1.122841468811035, "test_top1": 0.6807, "clip_fraction": 0.81582, "gdp_mu": 1.482939600138006, "gdp_epsilon": 6.955627916806438, "target_mu": 1.6660305978457184, "target_epsilon": 8.0, "delta": 1e-05, "noise_std": 0.19503959987396557, "noise_std_space": "gradient", "innovation_std_sum": 141.40348896567355, "augmentation_trace_sha256": "d0329dec63815624ef85d166f9fc0f971e6cbc08a7023fbf6ae008996f98b7ea", "seconds": 140.39852641522884}
{"progress_step": 210, "epoch": 5, "train_loss_so_far": 1.5923787719726563, "clip_fraction_so_far": 0.7741}
{"progress_step": 220, "epoch": 5, "train_loss_so_far": 1.5715305313110353, "clip_fraction_so_far": 0.7689}
{"progress_step": 230, "epoch": 5, "train_loss_so_far": 1.5647074228922526, "clip_fraction_so_far": 0.7648}
{"progress_step": 240, "epoch": 5, "train_loss_so_far": 1.5511422821044922, "clip_fraction_so_far": 0.7592}
{"progress_step": 250, "epoch": 5, "train_loss_so_far": 1.5350174755859376, "clip_fraction_so_far": 0.7539}
{"epoch": 5, "logical_steps": 250, "train_examples": 50000, "train_loss": 1.5350174755859376, "test_loss": 0.9813739517211914, "test_top1": 0.7208, "clip_fraction": 0.7539, "gdp_mu": 1.6660305978457184, "gdp_epsilon": 8.000000000000005, "target_mu": 1.6660305978457184, "target_epsilon": 8.0, "delta": 1e-05, "noise_std": 0.19503959987396557, "noise_std_space": "gradient", "innovation_std_sum": 141.40348896567355, "augmentation_trace_sha256": "e6f13b7c6458831652113302608e74106d5c18f6cf65c9b83e94f044cd767eb1", "seconds": 138.50031862594187}
{"status": "completed", "results": "/media/data/data/lt/dp-adam-correlated/exp7b/results/final/trials/1980345658703eb0"}
