Loading weights:   0%|          | 0/39 [00:00<?, ?it/s]Loading weights: 100%|██████████| 39/39 [00:00<00:00, 19020.68it/s]
[transformers] [1mBertModel LOAD REPORT[0m from: /media/data/data/lt/dp-adam-correlated/cache/bert-tiny
Key                                        | Status     |  | 
-------------------------------------------+------------+--+-
cls.seq_relationship.bias                  | UNEXPECTED |  | 
cls.predictions.transform.LayerNorm.weight | UNEXPECTED |  | 
cls.predictions.decoder.bias               | UNEXPECTED |  | 
cls.seq_relationship.weight                | UNEXPECTED |  | 
cls.predictions.bias                       | UNEXPECTED |  | 
cls.predictions.decoder.weight             | UNEXPECTED |  | 
cls.predictions.transform.LayerNorm.bias   | UNEXPECTED |  | 
cls.predictions.transform.dense.bias       | UNEXPECTED |  | 
cls.predictions.transform.dense.weight     | UNEXPECTED |  | 

Notes:
- UNEXPECTED:	can be ignored when loading from different task/architecture; not ok if you expect identical arch.
sys:1: UserWarning: Full backward hook is firing when gradients are computed with respect to module outputs since no inputs require gradients. See https://docs.pytorch.org/docs/main/generated/torch.nn.Module.html#torch.nn.Module.register_full_backward_hook for more details.
{"step": 10, "epoch": 1, "train_loss": 0.6512098388671875, "clip_fraction": 0.404, "gradient_norm_mean": 9.6415859375, "gradient_norm_max": 18.90921401977539, "step_seconds": 0.26548570953309536, "innovation_std_sum": 45.72045876410015, "noise_marginal_std_sum": 63.06280027905789}
{"step": 20, "epoch": 1, "train_loss": 0.6250064086914062, "clip_fraction": 0.738, "gradient_norm_mean": 15.77446484375, "gradient_norm_max": 44.26003646850586, "step_seconds": 0.2673807870596647, "innovation_std_sum": 45.72045876410015, "noise_marginal_std_sum": 63.06280027905789}
{"step": 30, "epoch": 1, "train_loss": 0.6047752685546876, "clip_fraction": 0.724, "gradient_norm_mean": 23.6804296875, "gradient_norm_max": 76.2490234375, "step_seconds": 0.2682862561196089, "innovation_std_sum": 45.72045876410015, "noise_marginal_std_sum": 63.06280027905789}
{"step": 40, "epoch": 1, "train_loss": 0.6416544189453125, "clip_fraction": 0.664, "gradient_norm_mean": 31.947939453125, "gradient_norm_max": 118.70578002929688, "step_seconds": 0.26902929320931435, "innovation_std_sum": 45.72045876410015, "noise_marginal_std_sum": 63.06280027905789}
{"step": 50, "epoch": 1, "train_loss": 0.6412139282226562, "clip_fraction": 0.599, "gradient_norm_mean": 36.7988046875, "gradient_norm_max": 159.6051483154297, "step_seconds": 0.27166303247213364, "innovation_std_sum": 45.72045876410015, "noise_marginal_std_sum": 63.06280027905789}
{"step": 60, "epoch": 1, "train_loss": 0.6490956420898437, "clip_fraction": 0.529, "gradient_norm_mean": 37.5874609375, "gradient_norm_max": 215.48626708984375, "step_seconds": 0.26809547282755375, "innovation_std_sum": 45.72045876410015, "noise_marginal_std_sum": 63.06280027905789}
{"epoch": 1, "step": 62, "train_loss": 0.641225119313886, "clip_fraction": 0.5683548387096774, "epsilon": 2.983473211150575, "accuracy": 0.7121559633027523, "validation_loss": 0.7594444642373182, "validation_examples": 872}
{"step": 70, "epoch": 2, "train_loss": 0.712494384765625, "clip_fraction": 0.525, "gradient_norm_mean": 44.0515, "gradient_norm_max": 228.3854522705078, "step_seconds": 0.27305845357477665, "innovation_std_sum": 45.72045876410015, "noise_marginal_std_sum": 63.06280027905789}
{"step": 80, "epoch": 2, "train_loss": 0.72725341796875, "clip_fraction": 0.513, "gradient_norm_mean": 44.605765625, "gradient_norm_max": 255.00469970703125, "step_seconds": 0.2680346444249153, "innovation_std_sum": 45.72045876410015, "noise_marginal_std_sum": 63.06280027905789}
{"step": 90, "epoch": 2, "train_loss": 0.69185009765625, "clip_fraction": 0.479, "gradient_norm_mean": 41.97730078125, "gradient_norm_max": 240.4814453125, "step_seconds": 0.2656710632145405, "innovation_std_sum": 45.72045876410015, "noise_marginal_std_sum": 63.06280027905789}
{"step": 100, "epoch": 2, "train_loss": 0.66807666015625, "clip_fraction": 0.468, "gradient_norm_mean": 43.5369765625, "gradient_norm_max": 261.197265625, "step_seconds": 0.26975105702877045, "innovation_std_sum": 45.72045876410015, "noise_marginal_std_sum": 63.06280027905789}
{"step": 110, "epoch": 2, "train_loss": 0.67282177734375, "clip_fraction": 0.467, "gradient_norm_mean": 43.9400859375, "gradient_norm_max": 277.21246337890625, "step_seconds": 0.1274609100073576, "innovation_std_sum": 45.72045876410015, "noise_marginal_std_sum": 63.06280027905789}
{"step": 120, "epoch": 2, "train_loss": 0.6557747192382812, "clip_fraction": 0.461, "gradient_norm_mean": 41.9994375, "gradient_norm_max": 284.56878662109375, "step_seconds": 0.26830730587244034, "innovation_std_sum": 45.72045876410015, "noise_marginal_std_sum": 63.06280027905789}
{"epoch": 2, "step": 124, "train_loss": 0.6611475190193422, "clip_fraction": 0.48170967741935483, "epsilon": 4.566965972959099, "accuracy": 0.7454128440366973, "validation_loss": 0.7455902143355904, "validation_examples": 872}
{"step": 130, "epoch": 3, "train_loss": 0.6590948486328125, "clip_fraction": 0.445, "gradient_norm_mean": 43.8467734375, "gradient_norm_max": 271.8997497558594, "step_seconds": 0.26963187381625175, "innovation_std_sum": 45.72045876410015, "noise_marginal_std_sum": 63.06280027905789}
{"step": 140, "epoch": 3, "train_loss": 0.6860787353515625, "clip_fraction": 0.449, "gradient_norm_mean": 43.00455859375, "gradient_norm_max": 287.6212158203125, "step_seconds": 0.269969180226326, "innovation_std_sum": 45.72045876410015, "noise_marginal_std_sum": 63.06280027905789}
{"step": 150, "epoch": 3, "train_loss": 0.6355076293945312, "clip_fraction": 0.437, "gradient_norm_mean": 44.72686328125, "gradient_norm_max": 306.87109375, "step_seconds": 0.2664177920669317, "innovation_std_sum": 45.72045876410015, "noise_marginal_std_sum": 63.06280027905789}
{"step": 160, "epoch": 3, "train_loss": 0.64574267578125, "clip_fraction": 0.446, "gradient_norm_mean": 43.25133203125, "gradient_norm_max": 315.10955810546875, "step_seconds": 0.27314938977360725, "innovation_std_sum": 45.72045876410015, "noise_marginal_std_sum": 63.06280027905789}
{"step": 170, "epoch": 3, "train_loss": 0.6369632568359375, "clip_fraction": 0.416, "gradient_norm_mean": 41.00769140625, "gradient_norm_max": 326.33331298828125, "step_seconds": 0.2694493755698204, "innovation_std_sum": 45.72045876410015, "noise_marginal_std_sum": 63.06280027905789}
{"step": 180, "epoch": 3, "train_loss": 0.5940966796875, "clip_fraction": 0.403, "gradient_norm_mean": 42.21021875, "gradient_norm_max": 299.0634765625, "step_seconds": 0.2704352866858244, "innovation_std_sum": 45.72045876410015, "noise_marginal_std_sum": 63.06280027905789}
{"epoch": 3, "step": 186, "train_loss": 0.6170064697265625, "clip_fraction": 0.4226935483870968, "epsilon": 5.849088165717443, "accuracy": 0.7603211009174312, "validation_loss": 0.7123531726522183, "validation_examples": 872}
{"step": 190, "epoch": 4, "train_loss": 0.571336669921875, "clip_fraction": 0.396, "gradient_norm_mean": 39.3796796875, "gradient_norm_max": 347.5131530761719, "step_seconds": 0.2713744807988405, "innovation_std_sum": 45.72045876410015, "noise_marginal_std_sum": 63.06280027905789}
{"step": 200, "epoch": 4, "train_loss": 0.5426044921875, "clip_fraction": 0.376, "gradient_norm_mean": 36.30785546875, "gradient_norm_max": 310.43927001953125, "step_seconds": 0.2716072332113981, "innovation_std_sum": 45.72045876410015, "noise_marginal_std_sum": 63.06280027905789}
{"step": 210, "epoch": 4, "train_loss": 0.6289466552734375, "clip_fraction": 0.398, "gradient_norm_mean": 39.93865625, "gradient_norm_max": 318.21112060546875, "step_seconds": 0.27423627488315105, "innovation_std_sum": 45.72045876410015, "noise_marginal_std_sum": 63.06280027905789}
{"step": 220, "epoch": 4, "train_loss": 0.5803961181640624, "clip_fraction": 0.364, "gradient_norm_mean": 34.71228515625, "gradient_norm_max": 308.83441162109375, "step_seconds": 0.27246016822755337, "innovation_std_sum": 45.72045876410015, "noise_marginal_std_sum": 63.06280027905789}
{"step": 230, "epoch": 4, "train_loss": 0.5501875, "clip_fraction": 0.37, "gradient_norm_mean": 36.6089765625, "gradient_norm_max": 356.83905029296875, "step_seconds": 0.27200536616146564, "innovation_std_sum": 45.72045876410015, "noise_marginal_std_sum": 63.06280027905789}
{"step": 240, "epoch": 4, "train_loss": 0.5569601440429688, "clip_fraction": 0.391, "gradient_norm_mean": 39.08358203125, "gradient_norm_max": 349.36163330078125, "step_seconds": 0.27493749000132084, "innovation_std_sum": 45.72045876410015, "noise_marginal_std_sum": 63.06280027905789}
{"epoch": 4, "step": 248, "train_loss": 0.5810198034471081, "clip_fraction": 0.38633870967741935, "epsilon": 6.974398475295221, "accuracy": 0.7626146788990825, "validation_loss": 0.6814520074686873, "validation_examples": 872}
{"step": 250, "epoch": 5, "train_loss": 0.5172420043945313, "clip_fraction": 0.355, "gradient_norm_mean": 35.39959375, "gradient_norm_max": 306.654296875, "step_seconds": 0.2704797964543104, "innovation_std_sum": 45.72045876410015, "noise_marginal_std_sum": 63.06280027905789}
{"step": 260, "epoch": 5, "train_loss": 0.552750732421875, "clip_fraction": 0.368, "gradient_norm_mean": 37.17509375, "gradient_norm_max": 327.4331970214844, "step_seconds": 0.2752023246139288, "innovation_std_sum": 45.72045876410015, "noise_marginal_std_sum": 63.06280027905789}
{"step": 270, "epoch": 5, "train_loss": 0.46609744262695313, "clip_fraction": 0.331, "gradient_norm_mean": 32.53554296875, "gradient_norm_max": 314.8370361328125, "step_seconds": 0.27497715689241886, "innovation_std_sum": 45.72045876410015, "noise_marginal_std_sum": 63.06280027905789}
{"step": 280, "epoch": 5, "train_loss": 0.5135888671875, "clip_fraction": 0.353, "gradient_norm_mean": 38.049046875, "gradient_norm_max": 384.9654541015625, "step_seconds": 0.13458773866295815, "innovation_std_sum": 45.72045876410015, "noise_marginal_std_sum": 63.06280027905789}
{"step": 290, "epoch": 5, "train_loss": 0.5890869140625, "clip_fraction": 0.363, "gradient_norm_mean": 35.364890625, "gradient_norm_max": 294.13201904296875, "step_seconds": 0.1319771334528923, "innovation_std_sum": 45.72045876410015, "noise_marginal_std_sum": 63.06280027905789}
{"step": 300, "epoch": 5, "train_loss": 0.523801025390625, "clip_fraction": 0.36, "gradient_norm_mean": 36.8828984375, "gradient_norm_max": 360.08966064453125, "step_seconds": 0.1303570494055748, "innovation_std_sum": 45.72045876410015, "noise_marginal_std_sum": 63.06280027905789}
{"step": 310, "epoch": 5, "train_loss": 0.5238489379882812, "clip_fraction": 0.341, "gradient_norm_mean": 32.42312109375, "gradient_norm_max": 324.7557373046875, "step_seconds": 0.13059905543923378, "innovation_std_sum": 45.72045876410015, "noise_marginal_std_sum": 63.06280027905789}
{"epoch": 5, "step": 310, "train_loss": 0.546227554813508, "clip_fraction": 0.3583709677419355, "epsilon": 8.000000000000005, "accuracy": 0.7694954128440367, "validation_loss": 0.6501423459534251, "validation_examples": 872}
