/home/longt29/miniconda3/envs/curve/lib/python3.11/site-packages/torchvision/datasets/cifar.py:83: VisibleDeprecationWarning: dtype(): align should be passed as Python or NumPy boolean but got `align=0`. Did you mean to pass a tuple to create a subarray type? (Deprecated NumPy 2.4)
  entry = pickle.load(f, encoding="latin1")
sys:1: UserWarning: Full backward hook is firing when gradients are computed with respect to module outputs since no inputs require gradients. See https://docs.pytorch.org/docs/main/generated/torch.nn.Module.html#torch.nn.Module.register_full_backward_hook for more details.
{"step": 10, "epoch": 1, "train_loss": 4.476617919921875, "clip_fraction": 1.0, "gradient_norm_mean": 120.464314453125, "gradient_norm_max": 232.94277954101562, "step_seconds": 1.9680473431944847, "innovation_std_sum": 144.0803108758691, "noise_marginal_std_sum": 198.73177379497218}
{"step": 20, "epoch": 1, "train_loss": 4.072959106445312, "clip_fraction": 1.0, "gradient_norm_mean": 190.7550078125, "gradient_norm_max": 402.4670104980469, "step_seconds": 1.9530529584735632, "innovation_std_sum": 144.0803108758691, "noise_marginal_std_sum": 198.73177379497218}
{"step": 30, "epoch": 1, "train_loss": 3.641806335449219, "clip_fraction": 1.0, "gradient_norm_mean": 264.1888203125, "gradient_norm_max": 839.7091674804688, "step_seconds": 1.9481490179896355, "innovation_std_sum": 144.0803108758691, "noise_marginal_std_sum": 198.73177379497218}
{"step": 40, "epoch": 1, "train_loss": 3.231007385253906, "clip_fraction": 1.0, "gradient_norm_mean": 301.4763359375, "gradient_norm_max": 972.1914672851562, "step_seconds": 1.9518887978047132, "innovation_std_sum": 144.0803108758691, "noise_marginal_std_sum": 198.73177379497218}
{"epoch": 1, "step": 45, "train_loss": 3.9363438015407985, "clip_fraction": 1.0, "epsilon": 2.805247463992718, "accuracy": 0.3278, "validation_loss": 2.676369140625, "validation_examples": 5000}
{"step": 50, "epoch": 2, "train_loss": 2.8289630126953127, "clip_fraction": 0.998, "gradient_norm_mean": 313.6731875, "gradient_norm_max": 1098.969970703125, "step_seconds": 1.940504977479577, "innovation_std_sum": 144.0803108758691, "noise_marginal_std_sum": 198.73177379497218}
{"step": 60, "epoch": 2, "train_loss": 2.6672158203125, "clip_fraction": 0.996, "gradient_norm_mean": 321.935375, "gradient_norm_max": 1118.9677734375, "step_seconds": 1.931015457957983, "innovation_std_sum": 144.0803108758691, "noise_marginal_std_sum": 198.73177379497218}
{"step": 70, "epoch": 2, "train_loss": 2.3586809692382813, "clip_fraction": 0.98, "gradient_norm_mean": 310.7915078125, "gradient_norm_max": 1473.7308349609375, "step_seconds": 1.9330417942255735, "innovation_std_sum": 144.0803108758691, "noise_marginal_std_sum": 198.73177379497218}
{"step": 80, "epoch": 2, "train_loss": 2.350689453125, "clip_fraction": 0.977, "gradient_norm_mean": 330.710171875, "gradient_norm_max": 1390.90478515625, "step_seconds": 1.971626728773117, "innovation_std_sum": 144.0803108758691, "noise_marginal_std_sum": 198.73177379497218}
{"step": 90, "epoch": 2, "train_loss": 2.1562451171875, "clip_fraction": 0.965, "gradient_norm_mean": 327.5091953125, "gradient_norm_max": 1106.928466796875, "step_seconds": 1.934463270008564, "innovation_std_sum": 144.0803108758691, "noise_marginal_std_sum": 198.73177379497218}
{"epoch": 2, "step": 90, "train_loss": 2.490450830078125, "clip_fraction": 0.9852888888888889, "epsilon": 4.4474719255524375, "accuracy": 0.5452, "validation_loss": 1.6740656616210938, "validation_examples": 5000}
{"step": 100, "epoch": 3, "train_loss": 1.9765412292480469, "clip_fraction": 0.939, "gradient_norm_mean": 312.7005703125, "gradient_norm_max": 1212.6890869140625, "step_seconds": 1.9472267962992191, "innovation_std_sum": 144.0803108758691, "noise_marginal_std_sum": 198.73177379497218}
{"step": 110, "epoch": 3, "train_loss": 1.916572265625, "clip_fraction": 0.93, "gradient_norm_mean": 319.2855234375, "gradient_norm_max": 1737.9127197265625, "step_seconds": 1.9425619896501303, "innovation_std_sum": 144.0803108758691, "noise_marginal_std_sum": 198.73177379497218}
{"step": 120, "epoch": 3, "train_loss": 1.8238375854492188, "clip_fraction": 0.916, "gradient_norm_mean": 315.3247109375, "gradient_norm_max": 1363.1180419921875, "step_seconds": 1.9406003821641207, "innovation_std_sum": 144.0803108758691, "noise_marginal_std_sum": 198.73177379497218}
{"step": 130, "epoch": 3, "train_loss": 1.7838514099121094, "clip_fraction": 0.901, "gradient_norm_mean": 311.6843671875, "gradient_norm_max": 2464.389892578125, "step_seconds": 1.9374382160604, "innovation_std_sum": 144.0803108758691, "noise_marginal_std_sum": 198.73177379497218}
{"epoch": 3, "step": 135, "train_loss": 1.9307962422688802, "clip_fraction": 0.9255111111111111, "epsilon": 5.779485746307642, "accuracy": 0.6432, "validation_loss": 1.2744844604492187, "validation_examples": 5000}
{"step": 140, "epoch": 4, "train_loss": 1.73685107421875, "clip_fraction": 0.868, "gradient_norm_mean": 301.842859375, "gradient_norm_max": 1558.7310791015625, "step_seconds": 1.957339758053422, "innovation_std_sum": 144.0803108758691, "noise_marginal_std_sum": 198.73177379497218}
{"step": 150, "epoch": 4, "train_loss": 1.7104176330566405, "clip_fraction": 0.858, "gradient_norm_mean": 311.4989140625, "gradient_norm_max": 2008.0189208984375, "step_seconds": 1.949309416115284, "innovation_std_sum": 144.0803108758691, "noise_marginal_std_sum": 198.73177379497218}
{"step": 160, "epoch": 4, "train_loss": 1.6844639892578126, "clip_fraction": 0.857, "gradient_norm_mean": 312.4009765625, "gradient_norm_max": 1788.19140625, "step_seconds": 1.952249301597476, "innovation_std_sum": 144.0803108758691, "noise_marginal_std_sum": 198.73177379497218}
{"step": 170, "epoch": 4, "train_loss": 1.644484130859375, "clip_fraction": 0.859, "gradient_norm_mean": 300.929875, "gradient_norm_max": 1678.7802734375, "step_seconds": 1.9358632005751133, "innovation_std_sum": 144.0803108758691, "noise_marginal_std_sum": 198.73177379497218}
{"step": 180, "epoch": 4, "train_loss": 1.5900755920410157, "clip_fraction": 0.831, "gradient_norm_mean": 305.5811796875, "gradient_norm_max": 1381.2149658203125, "step_seconds": 1.955683732405305, "innovation_std_sum": 144.0803108758691, "noise_marginal_std_sum": 198.73177379497218}
{"epoch": 4, "step": 180, "train_loss": 1.6849814358181423, "clip_fraction": 0.8611111111111112, "epsilon": 6.943065470652311, "accuracy": 0.6898, "validation_loss": 1.0776878295898438, "validation_examples": 5000}
{"step": 190, "epoch": 5, "train_loss": 1.5220407409667969, "clip_fraction": 0.838, "gradient_norm_mean": 306.699734375, "gradient_norm_max": 1344.6873779296875, "step_seconds": 1.9266560897231102, "innovation_std_sum": 144.0803108758691, "noise_marginal_std_sum": 198.73177379497218}
{"step": 200, "epoch": 5, "train_loss": 1.5817716064453125, "clip_fraction": 0.825, "gradient_norm_mean": 315.0023515625, "gradient_norm_max": 1465.424560546875, "step_seconds": 1.9347481839358807, "innovation_std_sum": 144.0803108758691, "noise_marginal_std_sum": 198.73177379497218}
{"step": 210, "epoch": 5, "train_loss": 1.5801991577148438, "clip_fraction": 0.795, "gradient_norm_mean": 307.4124765625, "gradient_norm_max": 1668.3265380859375, "step_seconds": 1.9353216905146837, "innovation_std_sum": 144.0803108758691, "noise_marginal_std_sum": 198.73177379497218}
{"step": 220, "epoch": 5, "train_loss": 1.5136612243652343, "clip_fraction": 0.808, "gradient_norm_mean": 315.9596328125, "gradient_norm_max": 1520.8321533203125, "step_seconds": 1.962104195728898, "innovation_std_sum": 144.0803108758691, "noise_marginal_std_sum": 198.73177379497218}
{"epoch": 5, "step": 225, "train_loss": 1.539580706108941, "clip_fraction": 0.8095555555555556, "epsilon": 8.000000000000005, "accuracy": 0.7134, "validation_loss": 0.9705129638671876, "validation_examples": 5000}
