/home/longt29/miniconda3/envs/curve/lib/python3.11/site-packages/torchvision/datasets/cifar.py:83: VisibleDeprecationWarning: dtype(): align should be passed as Python or NumPy boolean but got `align=0`. Did you mean to pass a tuple to create a subarray type? (Deprecated NumPy 2.4)
  entry = pickle.load(f, encoding="latin1")
sys:1: UserWarning: Full backward hook is firing when gradients are computed with respect to module outputs since no inputs require gradients. See https://docs.pytorch.org/docs/main/generated/torch.nn.Module.html#torch.nn.Module.register_full_backward_hook for more details.
{"step": 10, "epoch": 1, "train_loss": 4.649619262695312, "clip_fraction": 0.97, "gradient_norm_mean": 143.5115859375, "gradient_norm_max": 299.39013671875, "step_seconds": 2.058230621740222, "innovation_std_sum": 240.75993838827023, "noise_marginal_std_sum": 281.66422180982534}
{"step": 20, "epoch": 1, "train_loss": 4.45124560546875, "clip_fraction": 0.888, "gradient_norm_mean": 127.56159765625, "gradient_norm_max": 232.6831817626953, "step_seconds": 2.1692736726254225, "innovation_std_sum": 240.75993838827023, "noise_marginal_std_sum": 281.66422180982534}
{"step": 30, "epoch": 1, "train_loss": 4.302, "clip_fraction": 0.952, "gradient_norm_mean": 141.9362734375, "gradient_norm_max": 249.9588165283203, "step_seconds": 2.2192385122179985, "innovation_std_sum": 240.75993838827023, "noise_marginal_std_sum": 281.66422180982534}
{"step": 40, "epoch": 1, "train_loss": 4.092232482910156, "clip_fraction": 0.995, "gradient_norm_mean": 168.98762109375, "gradient_norm_max": 354.1689453125, "step_seconds": 2.175988906994462, "innovation_std_sum": 240.75993838827023, "noise_marginal_std_sum": 281.66422180982534}
{"epoch": 1, "step": 45, "train_loss": 4.4113782375759545, "clip_fraction": 0.9565777777777777, "epsilon": 3.0297011451528837, "accuracy": 0.1524, "validation_loss": 3.7601602783203125, "validation_examples": 5000}
{"step": 50, "epoch": 2, "train_loss": 3.7620427856445313, "clip_fraction": 1.0, "gradient_norm_mean": 196.67671875, "gradient_norm_max": 379.4534912109375, "step_seconds": 2.08009191788733, "innovation_std_sum": 240.75993838827023, "noise_marginal_std_sum": 281.66422180982534}
{"step": 60, "epoch": 2, "train_loss": 3.5525177001953123, "clip_fraction": 0.999, "gradient_norm_mean": 222.9559765625, "gradient_norm_max": 678.0789184570312, "step_seconds": 2.2012149151414633, "innovation_std_sum": 240.75993838827023, "noise_marginal_std_sum": 281.66422180982534}
{"step": 70, "epoch": 2, "train_loss": 3.24110107421875, "clip_fraction": 1.0, "gradient_norm_mean": 234.66086328125, "gradient_norm_max": 632.2651977539062, "step_seconds": 2.2002899646759033, "innovation_std_sum": 240.75993838827023, "noise_marginal_std_sum": 281.66422180982534}
{"step": 80, "epoch": 2, "train_loss": 3.1164150390625, "clip_fraction": 0.987, "gradient_norm_mean": 245.17773046875, "gradient_norm_max": 827.8945922851562, "step_seconds": 2.1776381619274616, "innovation_std_sum": 240.75993838827023, "noise_marginal_std_sum": 281.66422180982534}
{"step": 90, "epoch": 2, "train_loss": 2.951330322265625, "clip_fraction": 0.987, "gradient_norm_mean": 252.59989453125, "gradient_norm_max": 822.2490234375, "step_seconds": 2.210208410397172, "innovation_std_sum": 240.75993838827023, "noise_marginal_std_sum": 281.66422180982534}
{"epoch": 2, "step": 90, "train_loss": 3.3700715928819442, "clip_fraction": 0.9954666666666667, "epsilon": 4.5953206372907065, "accuracy": 0.3746, "validation_loss": 2.6236605224609373, "validation_examples": 5000}
{"step": 100, "epoch": 3, "train_loss": 2.739519592285156, "clip_fraction": 0.974, "gradient_norm_mean": 257.09939453125, "gradient_norm_max": 723.6807861328125, "step_seconds": 2.1678623892366886, "innovation_std_sum": 240.75993838827023, "noise_marginal_std_sum": 281.66422180982534}
{"step": 110, "epoch": 3, "train_loss": 2.573726623535156, "clip_fraction": 0.963, "gradient_norm_mean": 255.36523046875, "gradient_norm_max": 931.7833862304688, "step_seconds": 2.211643375456333, "innovation_std_sum": 240.75993838827023, "noise_marginal_std_sum": 281.66422180982534}
{"step": 120, "epoch": 3, "train_loss": 2.5000924072265627, "clip_fraction": 0.954, "gradient_norm_mean": 260.30276953125, "gradient_norm_max": 872.73974609375, "step_seconds": 2.2251693196594715, "innovation_std_sum": 240.75993838827023, "noise_marginal_std_sum": 281.66422180982534}
{"step": 130, "epoch": 3, "train_loss": 2.338913879394531, "clip_fraction": 0.94, "gradient_norm_mean": 259.2180546875, "gradient_norm_max": 1159.146728515625, "step_seconds": 2.4282030817121267, "innovation_std_sum": 240.75993838827023, "noise_marginal_std_sum": 281.66422180982534}
{"epoch": 3, "step": 135, "train_loss": 2.5875926378038194, "clip_fraction": 0.9584444444444444, "epsilon": 5.865340104265841, "accuracy": 0.5204, "validation_loss": 1.96554609375, "validation_examples": 5000}
{"step": 140, "epoch": 4, "train_loss": 2.2502889404296873, "clip_fraction": 0.906, "gradient_norm_mean": 255.07797265625, "gradient_norm_max": 1199.5919189453125, "step_seconds": 2.0661191772669554, "innovation_std_sum": 240.75993838827023, "noise_marginal_std_sum": 281.66422180982534}
{"step": 150, "epoch": 4, "train_loss": 2.2383446044921875, "clip_fraction": 0.895, "gradient_norm_mean": 261.62765625, "gradient_norm_max": 1385.195556640625, "step_seconds": 2.20214163698256, "innovation_std_sum": 240.75993838827023, "noise_marginal_std_sum": 281.66422180982534}
{"step": 160, "epoch": 4, "train_loss": 2.183813720703125, "clip_fraction": 0.894, "gradient_norm_mean": 266.2329765625, "gradient_norm_max": 1129.011474609375, "step_seconds": 2.0715682823210955, "innovation_std_sum": 240.75993838827023, "noise_marginal_std_sum": 281.66422180982534}
{"step": 170, "epoch": 4, "train_loss": 2.049410400390625, "clip_fraction": 0.888, "gradient_norm_mean": 257.36656640625, "gradient_norm_max": 1070.6966552734375, "step_seconds": 2.2255244608968496, "innovation_std_sum": 240.75993838827023, "noise_marginal_std_sum": 281.66422180982534}
{"step": 180, "epoch": 4, "train_loss": 2.02185546875, "clip_fraction": 0.875, "gradient_norm_mean": 255.42026953125, "gradient_norm_max": 1013.3868408203125, "step_seconds": 2.207653583958745, "innovation_std_sum": 240.75993838827023, "noise_marginal_std_sum": 281.66422180982534}
{"epoch": 4, "step": 180, "train_loss": 2.1547261528862847, "clip_fraction": 0.8969777777777778, "epsilon": 6.9817050448149836, "accuracy": 0.5954, "validation_loss": 1.5854587280273438, "validation_examples": 5000}
{"step": 190, "epoch": 5, "train_loss": 1.9540399780273439, "clip_fraction": 0.854, "gradient_norm_mean": 259.5655859375, "gradient_norm_max": 1099.5396728515625, "step_seconds": 2.1451556887477636, "innovation_std_sum": 240.75993838827023, "noise_marginal_std_sum": 281.66422180982534}
{"step": 200, "epoch": 5, "train_loss": 1.9244735412597656, "clip_fraction": 0.852, "gradient_norm_mean": 261.52287109375, "gradient_norm_max": 1344.197998046875, "step_seconds": 2.227397972717881, "innovation_std_sum": 240.75993838827023, "noise_marginal_std_sum": 281.66422180982534}
{"step": 210, "epoch": 5, "train_loss": 1.9404217834472657, "clip_fraction": 0.822, "gradient_norm_mean": 258.39346875, "gradient_norm_max": 1128.2362060546875, "step_seconds": 2.2155866399407387, "innovation_std_sum": 240.75993838827023, "noise_marginal_std_sum": 281.66422180982534}
{"step": 220, "epoch": 5, "train_loss": 1.8305812377929687, "clip_fraction": 0.82, "gradient_norm_mean": 261.695921875, "gradient_norm_max": 1274.2039794921875, "step_seconds": 2.1975959055125713, "innovation_std_sum": 240.75993838827023, "noise_marginal_std_sum": 281.66422180982534}
{"epoch": 5, "step": 225, "train_loss": 1.892308533393012, "clip_fraction": 0.8348444444444444, "epsilon": 8.000000000000005, "accuracy": 0.6444, "validation_loss": 1.3514361938476562, "validation_examples": 5000}
