/home/longt29/miniconda3/envs/curve/lib/python3.11/site-packages/torchvision/datasets/cifar.py:83: VisibleDeprecationWarning: dtype(): align should be passed as Python or NumPy boolean but got `align=0`. Did you mean to pass a tuple to create a subarray type? (Deprecated NumPy 2.4)
  entry = pickle.load(f, encoding="latin1")
{"method": "dp-adam-sgd-bandinvmf", "smoke": false, "calibration": {"target_mu": 1.6660305978457184, "sensitivity": 2.8481628876299, "innovation_std_sum": 17.095501675135814, "adjacency": "add_remove_zero_out", "k": 5, "b_participation": 50, "sampling_amplification": false}, "coefficients": [1.0, -0.5, -0.125, -0.0625]}
sys:1: UserWarning: Full backward hook is firing when gradients are computed with respect to module outputs since no inputs require gradients. See https://docs.pytorch.org/docs/main/generated/torch.nn.Module.html#torch.nn.Module.register_full_backward_hook for more details.
{"progress_step": 10, "epoch": 1, "train_loss_so_far": 4.6644536499023435, "clip_fraction_so_far": 1.0}
{"progress_step": 20, "epoch": 1, "train_loss_so_far": 4.417662719726563, "clip_fraction_so_far": 1.0}
{"progress_step": 30, "epoch": 1, "train_loss_so_far": 4.144083260091146, "clip_fraction_so_far": 1.0}
{"progress_step": 40, "epoch": 1, "train_loss_so_far": 3.8919346252441405, "clip_fraction_so_far": 0.9999}
{"progress_step": 50, "epoch": 1, "train_loss_so_far": 3.671668254394531, "clip_fraction_so_far": 0.9992}
{"epoch": 1, "logical_steps": 50, "train_examples": 50000, "train_loss": 3.671668254394531, "test_loss": 2.2822941833496095, "test_top1": 0.4142, "clip_fraction": 0.9992, "gdp_mu": 0.7450706133874356, "gdp_epsilon": 3.1232881288764167, "target_mu": 1.6660305978457184, "target_epsilon": 8.0, "delta": 1e-05, "noise_std": 0.019262096209213344, "noise_std_space": "gradient", "innovation_std_sum": 17.095501675135814, "augmentation_trace_sha256": "b956146f05d624eaedb531429d7f2ecd6e84a42ff862a99950dc56e91b439839", "seconds": 149.20236967504025}
{"progress_step": 60, "epoch": 2, "train_loss_so_far": 2.4760044067382814, "clip_fraction_so_far": 0.9887}
{"progress_step": 70, "epoch": 2, "train_loss_so_far": 2.3779460693359376, "clip_fraction_so_far": 0.985}
{"progress_step": 80, "epoch": 2, "train_loss_so_far": 2.2890773783365885, "clip_fraction_so_far": 0.9780333333333333}
{"progress_step": 90, "epoch": 2, "train_loss_so_far": 2.2153571182250977, "clip_fraction_so_far": 0.971375}
{"progress_step": 100, "epoch": 2, "train_loss_so_far": 2.156487961425781, "clip_fraction_so_far": 0.96376}
{"epoch": 2, "logical_steps": 100, "train_examples": 50000, "train_loss": 2.156487961425781, "test_loss": 1.4052561828613281, "test_top1": 0.6099, "clip_fraction": 0.96376, "gdp_mu": 1.0536897799813885, "gdp_epsilon": 4.650918517225291, "target_mu": 1.6660305978457184, "target_epsilon": 8.0, "delta": 1e-05, "noise_std": 0.019262096209213344, "noise_std_space": "gradient", "innovation_std_sum": 17.095501675135814, "augmentation_trace_sha256": "2455761cb1d44d781ccd26c58ad39c2cd06c3954e85831c52b9ee20dff5ebf7d", "seconds": 141.06435503065586}
{"progress_step": 110, "epoch": 3, "train_loss_so_far": 1.8118045501708984, "clip_fraction_so_far": 0.9151}
{"progress_step": 120, "epoch": 3, "train_loss_so_far": 1.778847087097168, "clip_fraction_so_far": 0.90765}
{"progress_step": 130, "epoch": 3, "train_loss_so_far": 1.7360987965901693, "clip_fraction_so_far": 0.8965666666666666}
{"progress_step": 140, "epoch": 3, "train_loss_so_far": 1.7266086883544922, "clip_fraction_so_far": 0.889275}
{"progress_step": 150, "epoch": 3, "train_loss_so_far": 1.7132639697265626, "clip_fraction_so_far": 0.88212}
{"epoch": 3, "logical_steps": 150, "train_examples": 50000, "train_loss": 1.7132639697265626, "test_loss": 1.1027004608154296, "test_top1": 0.6814, "clip_fraction": 0.88212, "gdp_mu": 1.2905014862231676, "gdp_epsilon": 5.897170660712959, "target_mu": 1.6660305978457184, "target_epsilon": 8.0, "delta": 1e-05, "noise_std": 0.019262096209213344, "noise_std_space": "gradient", "innovation_std_sum": 17.095501675135814, "augmentation_trace_sha256": "451214a98530c42d051d21c7d0e88c777c2859122849e011866eff026240c858", "seconds": 140.36715975031257}
{"progress_step": 160, "epoch": 4, "train_loss_so_far": 1.5781285186767577, "clip_fraction_so_far": 0.8432}
{"progress_step": 170, "epoch": 4, "train_loss_so_far": 1.5735666381835938, "clip_fraction_so_far": 0.8373}
{"progress_step": 180, "epoch": 4, "train_loss_so_far": 1.5548750600179035, "clip_fraction_so_far": 0.8298666666666666}
{"progress_step": 190, "epoch": 4, "train_loss_so_far": 1.5517768569946289, "clip_fraction_so_far": 0.826}
{"progress_step": 200, "epoch": 4, "train_loss_so_far": 1.5490024670410156, "clip_fraction_so_far": 0.82134}
{"epoch": 4, "logical_steps": 200, "train_examples": 50000, "train_loss": 1.5490024670410156, "test_loss": 0.9817044952392578, "test_top1": 0.7084, "clip_fraction": 0.82134, "gdp_mu": 1.4901429526898362, "gdp_epsilon": 6.996032511238058, "target_mu": 1.6660305978457184, "target_epsilon": 8.0, "delta": 1e-05, "noise_std": 0.019262096209213344, "noise_std_space": "gradient", "innovation_std_sum": 17.095501675135814, "augmentation_trace_sha256": "443679eea72a1a371bb911a46123db12a111d05754f7c5dcba6e5ff3ed0aa283", "seconds": 141.32100358605385}
{"progress_step": 210, "epoch": 5, "train_loss_so_far": 1.5020556854248046, "clip_fraction_so_far": 0.8041}
{"progress_step": 220, "epoch": 5, "train_loss_so_far": 1.4964474655151367, "clip_fraction_so_far": 0.7991}
{"progress_step": 230, "epoch": 5, "train_loss_so_far": 1.4803748728434245, "clip_fraction_so_far": 0.7912333333333333}
{"progress_step": 240, "epoch": 5, "train_loss_so_far": 1.4802662559509276, "clip_fraction_so_far": 0.787525}
{"progress_step": 250, "epoch": 5, "train_loss_so_far": 1.4749029998779297, "clip_fraction_so_far": 0.78462}
{"epoch": 5, "logical_steps": 250, "train_examples": 50000, "train_loss": 1.4749029998779297, "test_loss": 0.9184769927978516, "test_top1": 0.7301, "clip_fraction": 0.78462, "gdp_mu": 1.6660305978457184, "gdp_epsilon": 8.000000000000005, "target_mu": 1.6660305978457184, "target_epsilon": 8.0, "delta": 1e-05, "noise_std": 0.019262096209213344, "noise_std_space": "gradient", "innovation_std_sum": 17.095501675135814, "augmentation_trace_sha256": "f66dc1e8dd9adced9d45b6ce8a2e776f27cd0357650b018ef913f281bc23cadb", "seconds": 140.73787439242005}
{"status": "completed", "results": "/media/data/data/lt/dp-adam-correlated/exp7b/results/final/trials/206ccb2c1b28fb5c"}
