/home/longt29/miniconda3/envs/curve/lib/python3.11/site-packages/torchvision/datasets/cifar.py:83: VisibleDeprecationWarning: dtype(): align should be passed as Python or NumPy boolean but got `align=0`. Did you mean to pass a tuple to create a subarray type? (Deprecated NumPy 2.4)
  entry = pickle.load(f, encoding="latin1")
sys:1: UserWarning: Full backward hook is firing when gradients are computed with respect to module outputs since no inputs require gradients. See https://docs.pytorch.org/docs/main/generated/torch.nn.Module.html#torch.nn.Module.register_full_backward_hook for more details.
{"step": 10, "epoch": 1, "train_loss": 4.783151611328125, "clip_fraction": 1.0, "gradient_norm_mean": 682.783765625, "gradient_norm_max": 1557.5919189453125, "step_seconds": 2.0011361930519342, "innovation_std_sum": 480.2677029195636, "noise_marginal_std_sum": 662.4392459832405}
{"step": 20, "epoch": 1, "train_loss": 4.652833740234375, "clip_fraction": 1.0, "gradient_norm_mean": 527.16790625, "gradient_norm_max": 1004.328369140625, "step_seconds": 2.0139339063316584, "innovation_std_sum": 480.2677029195636, "noise_marginal_std_sum": 662.4392459832405}
{"step": 30, "epoch": 1, "train_loss": 4.592689208984375, "clip_fraction": 1.0, "gradient_norm_mean": 475.9513828125, "gradient_norm_max": 914.7150268554688, "step_seconds": 2.0360278226435184, "innovation_std_sum": 480.2677029195636, "noise_marginal_std_sum": 662.4392459832405}
{"step": 40, "epoch": 1, "train_loss": 4.506768310546875, "clip_fraction": 1.0, "gradient_norm_mean": 464.026484375, "gradient_norm_max": 975.1822509765625, "step_seconds": 2.0324311926960945, "innovation_std_sum": 480.2677029195636, "noise_marginal_std_sum": 662.4392459832405}
{"epoch": 1, "step": 45, "train_loss": 4.663092130533854, "clip_fraction": 1.0, "epsilon": 2.805247463992718, "accuracy": 0.045, "validation_loss": 4.3853099609375, "validation_examples": 5000}
{"step": 50, "epoch": 2, "train_loss": 4.37329541015625, "clip_fraction": 1.0, "gradient_norm_mean": 469.7193359375, "gradient_norm_max": 968.70458984375, "step_seconds": 1.9748289547860622, "innovation_std_sum": 480.2677029195636, "noise_marginal_std_sum": 662.4392459832405}
{"step": 60, "epoch": 2, "train_loss": 4.286379638671875, "clip_fraction": 1.0, "gradient_norm_mean": 489.6195390625, "gradient_norm_max": 984.577880859375, "step_seconds": 2.0385067649185658, "innovation_std_sum": 480.2677029195636, "noise_marginal_std_sum": 662.4392459832405}
{"step": 70, "epoch": 2, "train_loss": 4.165471069335937, "clip_fraction": 1.0, "gradient_norm_mean": 525.6685625, "gradient_norm_max": 1215.08203125, "step_seconds": 2.0018052011728287, "innovation_std_sum": 480.2677029195636, "noise_marginal_std_sum": 662.4392459832405}
{"step": 80, "epoch": 2, "train_loss": 4.088152770996094, "clip_fraction": 1.0, "gradient_norm_mean": 555.120484375, "gradient_norm_max": 1210.3026123046875, "step_seconds": 2.0422444324940443, "innovation_std_sum": 480.2677029195636, "noise_marginal_std_sum": 662.4392459832405}
{"step": 90, "epoch": 2, "train_loss": 4.003597229003907, "clip_fraction": 1.0, "gradient_norm_mean": 604.3878125, "gradient_norm_max": 1212.6669921875, "step_seconds": 2.006975645199418, "innovation_std_sum": 480.2677029195636, "noise_marginal_std_sum": 662.4392459832405}
{"epoch": 2, "step": 90, "train_loss": 4.20676721733941, "clip_fraction": 1.0, "epsilon": 4.447471925552444, "accuracy": 0.1278, "validation_loss": 3.8615182373046877, "validation_examples": 5000}
{"step": 100, "epoch": 3, "train_loss": 3.872946472167969, "clip_fraction": 1.0, "gradient_norm_mean": 646.990890625, "gradient_norm_max": 1397.7352294921875, "step_seconds": 1.9707528445869684, "innovation_std_sum": 480.2677029195636, "noise_marginal_std_sum": 662.4392459832405}
{"step": 110, "epoch": 3, "train_loss": 3.7140557250976562, "clip_fraction": 1.0, "gradient_norm_mean": 679.279125, "gradient_norm_max": 1286.263671875, "step_seconds": 1.9824657067656517, "innovation_std_sum": 480.2677029195636, "noise_marginal_std_sum": 662.4392459832405}
{"step": 120, "epoch": 3, "train_loss": 3.6693929443359377, "clip_fraction": 1.0, "gradient_norm_mean": 714.797609375, "gradient_norm_max": 1756.5745849609375, "step_seconds": 2.0443453695625067, "innovation_std_sum": 480.2677029195636, "noise_marginal_std_sum": 662.4392459832405}
{"step": 130, "epoch": 3, "train_loss": 3.5412127685546877, "clip_fraction": 1.0, "gradient_norm_mean": 732.98640625, "gradient_norm_max": 1687.820556640625, "step_seconds": 2.0529869608581066, "innovation_std_sum": 480.2677029195636, "noise_marginal_std_sum": 662.4392459832405}
{"epoch": 3, "step": 135, "train_loss": 3.708499498155382, "clip_fraction": 1.0, "epsilon": 5.779485746307642, "accuracy": 0.2388, "validation_loss": 3.2832646728515624, "validation_examples": 5000}
{"step": 140, "epoch": 4, "train_loss": 3.3745468139648436, "clip_fraction": 1.0, "gradient_norm_mean": 752.56871875, "gradient_norm_max": 2376.8359375, "step_seconds": 1.9671547543257475, "innovation_std_sum": 480.2677029195636, "noise_marginal_std_sum": 662.4392459832405}
{"step": 150, "epoch": 4, "train_loss": 3.341708923339844, "clip_fraction": 1.0, "gradient_norm_mean": 774.6553125, "gradient_norm_max": 2311.134765625, "step_seconds": 2.0495625361800194, "innovation_std_sum": 480.2677029195636, "noise_marginal_std_sum": 662.4392459832405}
{"step": 160, "epoch": 4, "train_loss": 3.2405745849609375, "clip_fraction": 1.0, "gradient_norm_mean": 783.76684375, "gradient_norm_max": 1870.6827392578125, "step_seconds": 1.9878681562840939, "innovation_std_sum": 480.2677029195636, "noise_marginal_std_sum": 662.4392459832405}
{"step": 170, "epoch": 4, "train_loss": 3.1245288696289064, "clip_fraction": 1.0, "gradient_norm_mean": 788.4513125, "gradient_norm_max": 1967.6783447265625, "step_seconds": 1.9987939894199371, "innovation_std_sum": 480.2677029195636, "noise_marginal_std_sum": 662.4392459832405}
{"step": 180, "epoch": 4, "train_loss": 3.08617626953125, "clip_fraction": 1.0, "gradient_norm_mean": 801.217453125, "gradient_norm_max": 2101.61279296875, "step_seconds": 2.010300064459443, "innovation_std_sum": 480.2677029195636, "noise_marginal_std_sum": 662.4392459832405}
{"epoch": 4, "step": 180, "train_loss": 3.245090353732639, "clip_fraction": 1.0, "epsilon": 6.943065470652319, "accuracy": 0.3368, "validation_loss": 2.7969596923828126, "validation_examples": 5000}
{"step": 190, "epoch": 5, "train_loss": 2.99111474609375, "clip_fraction": 1.0, "gradient_norm_mean": 802.982171875, "gradient_norm_max": 2018.2869873046875, "step_seconds": 1.9702813662588596, "innovation_std_sum": 480.2677029195636, "noise_marginal_std_sum": 662.4392459832405}
{"step": 200, "epoch": 5, "train_loss": 2.9067525024414063, "clip_fraction": 1.0, "gradient_norm_mean": 817.719796875, "gradient_norm_max": 2606.171630859375, "step_seconds": 1.9816578142344952, "innovation_std_sum": 480.2677029195636, "noise_marginal_std_sum": 662.4392459832405}
{"step": 210, "epoch": 5, "train_loss": 2.8862677001953125, "clip_fraction": 1.0, "gradient_norm_mean": 814.843171875, "gradient_norm_max": 2229.4501953125, "step_seconds": 1.9793702382594347, "innovation_std_sum": 480.2677029195636, "noise_marginal_std_sum": 662.4392459832405}
{"step": 220, "epoch": 5, "train_loss": 2.775865661621094, "clip_fraction": 0.999, "gradient_norm_mean": 820.8733125, "gradient_norm_max": 2489.27099609375, "step_seconds": 2.0239417534321547, "innovation_std_sum": 480.2677029195636, "noise_marginal_std_sum": 662.4392459832405}
{"epoch": 5, "step": 225, "train_loss": 2.8737959730360245, "clip_fraction": 0.9994888888888889, "epsilon": 8.000000000000005, "accuracy": 0.4174, "validation_loss": 2.4265221801757813, "validation_examples": 5000}
