Loading weights:   0%|          | 0/39 [00:00<?, ?it/s]Loading weights: 100%|██████████| 39/39 [00:00<00:00, 6460.42it/s]
[transformers] [1mBertModel LOAD REPORT[0m from: /media/data/data/lt/dp-adam-correlated/cache/bert-tiny
Key                                        | Status     |  | 
-------------------------------------------+------------+--+-
cls.seq_relationship.weight                | UNEXPECTED |  | 
cls.predictions.decoder.bias               | UNEXPECTED |  | 
cls.predictions.transform.LayerNorm.weight | UNEXPECTED |  | 
cls.predictions.transform.LayerNorm.bias   | UNEXPECTED |  | 
cls.predictions.decoder.weight             | UNEXPECTED |  | 
cls.predictions.transform.dense.bias       | UNEXPECTED |  | 
cls.predictions.bias                       | UNEXPECTED |  | 
cls.predictions.transform.dense.weight     | UNEXPECTED |  | 
cls.seq_relationship.bias                  | UNEXPECTED |  | 

Notes:
- UNEXPECTED:	can be ignored when loading from different task/architecture; not ok if you expect identical arch.
sys:1: UserWarning: Full backward hook is firing when gradients are computed with respect to module outputs since no inputs require gradients. See https://docs.pytorch.org/docs/main/generated/torch.nn.Module.html#torch.nn.Module.register_full_backward_hook for more details.
{"step": 10, "epoch": 1, "train_loss": 0.6875465698242188, "clip_fraction": 0.0, "gradient_norm_mean": 53.94115234375, "gradient_norm_max": 88.80021667480469, "step_seconds": 0.1272361483424902, "innovation_std_sum": 914.409175282003, "noise_marginal_std_sum": 1261.2560055811578}
{"step": 20, "epoch": 1, "train_loss": 0.6748363037109375, "clip_fraction": 0.0, "gradient_norm_mean": 39.3440078125, "gradient_norm_max": 65.63272857666016, "step_seconds": 0.177888635545969, "innovation_std_sum": 914.409175282003, "noise_marginal_std_sum": 1261.2560055811578}
{"step": 30, "epoch": 1, "train_loss": 0.6741304321289062, "clip_fraction": 0.0, "gradient_norm_mean": 33.292390625, "gradient_norm_max": 49.50067901611328, "step_seconds": 0.12763186171650887, "innovation_std_sum": 914.409175282003, "noise_marginal_std_sum": 1261.2560055811578}
{"step": 40, "epoch": 1, "train_loss": 0.6686976318359374, "clip_fraction": 0.0, "gradient_norm_mean": 29.74581640625, "gradient_norm_max": 48.4330940246582, "step_seconds": 0.26732754334807396, "innovation_std_sum": 914.409175282003, "noise_marginal_std_sum": 1261.2560055811578}
{"step": 50, "epoch": 1, "train_loss": 0.6700526123046875, "clip_fraction": 0.0, "gradient_norm_mean": 27.77869140625, "gradient_norm_max": 42.01163101196289, "step_seconds": 0.26738495007157326, "innovation_std_sum": 914.409175282003, "noise_marginal_std_sum": 1261.2560055811578}
{"step": 60, "epoch": 1, "train_loss": 0.6711588134765625, "clip_fraction": 0.0, "gradient_norm_mean": 26.4037421875, "gradient_norm_max": 45.31717300415039, "step_seconds": 0.14630010351538658, "innovation_std_sum": 914.409175282003, "noise_marginal_std_sum": 1261.2560055811578}
{"epoch": 1, "step": 62, "train_loss": 0.6752744672221522, "clip_fraction": 0.016048387096774194, "epsilon": 2.983473211150575, "accuracy": 0.56608711908768, "validation_loss": 0.6661423722212059, "validation_examples": 5349}
{"step": 70, "epoch": 2, "train_loss": 0.6616878662109374, "clip_fraction": 0.0, "gradient_norm_mean": 24.95288671875, "gradient_norm_max": 39.89757537841797, "step_seconds": 0.2684861645102501, "innovation_std_sum": 914.409175282003, "noise_marginal_std_sum": 1261.2560055811578}
{"step": 80, "epoch": 2, "train_loss": 0.6665225219726563, "clip_fraction": 0.0, "gradient_norm_mean": 24.14933203125, "gradient_norm_max": 38.969783782958984, "step_seconds": 0.26820693723857403, "innovation_std_sum": 914.409175282003, "noise_marginal_std_sum": 1261.2560055811578}
{"step": 90, "epoch": 2, "train_loss": 0.6602864990234375, "clip_fraction": 0.0, "gradient_norm_mean": 23.44945703125, "gradient_norm_max": 38.840877532958984, "step_seconds": 0.267909187823534, "innovation_std_sum": 914.409175282003, "noise_marginal_std_sum": 1261.2560055811578}
{"step": 100, "epoch": 2, "train_loss": 0.6662386474609375, "clip_fraction": 0.0, "gradient_norm_mean": 22.91540234375, "gradient_norm_max": 38.088260650634766, "step_seconds": 0.2677028365433216, "innovation_std_sum": 914.409175282003, "noise_marginal_std_sum": 1261.2560055811578}
{"step": 110, "epoch": 2, "train_loss": 0.6627108154296875, "clip_fraction": 0.0, "gradient_norm_mean": 22.404392578125, "gradient_norm_max": 37.69317626953125, "step_seconds": 0.19653592444956303, "innovation_std_sum": 914.409175282003, "noise_marginal_std_sum": 1261.2560055811578}
{"step": 120, "epoch": 2, "train_loss": 0.6636380004882813, "clip_fraction": 0.0, "gradient_norm_mean": 22.228671875, "gradient_norm_max": 37.2942008972168, "step_seconds": 0.26799920201301575, "innovation_std_sum": 914.409175282003, "noise_marginal_std_sum": 1261.2560055811578}
{"epoch": 2, "step": 124, "train_loss": 0.6634741545646421, "clip_fraction": 0.0, "epsilon": 4.566965972959099, "accuracy": 0.5900168255748738, "validation_loss": 0.6561439208927322, "validation_examples": 5349}
{"step": 130, "epoch": 3, "train_loss": 0.6537633056640625, "clip_fraction": 0.0, "gradient_norm_mean": 21.41921484375, "gradient_norm_max": 42.228424072265625, "step_seconds": 0.12802709080278873, "innovation_std_sum": 914.409175282003, "noise_marginal_std_sum": 1261.2560055811578}
{"step": 140, "epoch": 3, "train_loss": 0.659565673828125, "clip_fraction": 0.0, "gradient_norm_mean": 21.236173828125, "gradient_norm_max": 37.4149284362793, "step_seconds": 0.26928770914673805, "innovation_std_sum": 914.409175282003, "noise_marginal_std_sum": 1261.2560055811578}
{"step": 150, "epoch": 3, "train_loss": 0.653067626953125, "clip_fraction": 0.0, "gradient_norm_mean": 21.118576171875, "gradient_norm_max": 34.496944427490234, "step_seconds": 0.2541372161358595, "innovation_std_sum": 914.409175282003, "noise_marginal_std_sum": 1261.2560055811578}
{"step": 160, "epoch": 3, "train_loss": 0.6582666625976562, "clip_fraction": 0.0, "gradient_norm_mean": 20.8396328125, "gradient_norm_max": 45.162811279296875, "step_seconds": 0.14899138361215591, "innovation_std_sum": 914.409175282003, "noise_marginal_std_sum": 1261.2560055811578}
{"step": 170, "epoch": 3, "train_loss": 0.650980224609375, "clip_fraction": 0.0, "gradient_norm_mean": 20.636625, "gradient_norm_max": 35.88872528076172, "step_seconds": 0.2675682418048382, "innovation_std_sum": 914.409175282003, "noise_marginal_std_sum": 1261.2560055811578}
{"step": 180, "epoch": 3, "train_loss": 0.6579306640625, "clip_fraction": 0.0, "gradient_norm_mean": 20.462630859375, "gradient_norm_max": 42.498226165771484, "step_seconds": 0.27242967672646046, "innovation_std_sum": 914.409175282003, "noise_marginal_std_sum": 1261.2560055811578}
{"epoch": 3, "step": 186, "train_loss": 0.6551158526020665, "clip_fraction": 0.0, "epsilon": 5.849088165717443, "accuracy": 0.6204898111796597, "validation_loss": 0.6468843412657813, "validation_examples": 5349}
{"step": 190, "epoch": 4, "train_loss": 0.65914990234375, "clip_fraction": 0.0, "gradient_norm_mean": 20.6530703125, "gradient_norm_max": 35.5554313659668, "step_seconds": 0.26768026500940323, "innovation_std_sum": 914.409175282003, "noise_marginal_std_sum": 1261.2560055811578}
{"step": 200, "epoch": 4, "train_loss": 0.651313232421875, "clip_fraction": 0.0, "gradient_norm_mean": 20.261724609375, "gradient_norm_max": 38.317928314208984, "step_seconds": 0.26750463247299194, "innovation_std_sum": 914.409175282003, "noise_marginal_std_sum": 1261.2560055811578}
{"step": 210, "epoch": 4, "train_loss": 0.6526752319335938, "clip_fraction": 0.0, "gradient_norm_mean": 20.19528125, "gradient_norm_max": 37.18690490722656, "step_seconds": 0.25255543179810047, "innovation_std_sum": 914.409175282003, "noise_marginal_std_sum": 1261.2560055811578}
{"step": 220, "epoch": 4, "train_loss": 0.6452320556640625, "clip_fraction": 0.0, "gradient_norm_mean": 19.950720703125, "gradient_norm_max": 36.78047180175781, "step_seconds": 0.2689792811870575, "innovation_std_sum": 914.409175282003, "noise_marginal_std_sum": 1261.2560055811578}
{"step": 230, "epoch": 4, "train_loss": 0.64158447265625, "clip_fraction": 0.0, "gradient_norm_mean": 20.0172578125, "gradient_norm_max": 39.9693717956543, "step_seconds": 0.267722861841321, "innovation_std_sum": 914.409175282003, "noise_marginal_std_sum": 1261.2560055811578}
{"step": 240, "epoch": 4, "train_loss": 0.64602685546875, "clip_fraction": 0.0, "gradient_norm_mean": 20.27296484375, "gradient_norm_max": 42.981224060058594, "step_seconds": 0.2672137673944235, "innovation_std_sum": 914.409175282003, "noise_marginal_std_sum": 1261.2560055811578}
{"epoch": 4, "step": 248, "train_loss": 0.6472512551584552, "clip_fraction": 0.0, "epsilon": 6.974398475295221, "accuracy": 0.6378762385492616, "validation_loss": 0.6375208327114571, "validation_examples": 5349}
{"step": 250, "epoch": 5, "train_loss": 0.6432919921875, "clip_fraction": 0.0, "gradient_norm_mean": 19.61131640625, "gradient_norm_max": 35.06013107299805, "step_seconds": 0.26774568296968937, "innovation_std_sum": 914.409175282003, "noise_marginal_std_sum": 1261.2560055811578}
{"step": 260, "epoch": 5, "train_loss": 0.6342890625, "clip_fraction": 0.0, "gradient_norm_mean": 19.7508203125, "gradient_norm_max": 39.314693450927734, "step_seconds": 0.1537258941680193, "innovation_std_sum": 914.409175282003, "noise_marginal_std_sum": 1261.2560055811578}
{"step": 270, "epoch": 5, "train_loss": 0.6388873291015625, "clip_fraction": 0.0, "gradient_norm_mean": 19.884322265625, "gradient_norm_max": 39.342411041259766, "step_seconds": 0.17791668884456158, "innovation_std_sum": 914.409175282003, "noise_marginal_std_sum": 1261.2560055811578}
{"step": 280, "epoch": 5, "train_loss": 0.637666259765625, "clip_fraction": 0.0, "gradient_norm_mean": 19.49890625, "gradient_norm_max": 34.379878997802734, "step_seconds": 0.26784334518015385, "innovation_std_sum": 914.409175282003, "noise_marginal_std_sum": 1261.2560055811578}
{"step": 290, "epoch": 5, "train_loss": 0.6314754028320313, "clip_fraction": 0.0, "gradient_norm_mean": 19.618595703125, "gradient_norm_max": 36.16984558105469, "step_seconds": 0.26799471117556095, "innovation_std_sum": 914.409175282003, "noise_marginal_std_sum": 1261.2560055811578}
{"step": 300, "epoch": 5, "train_loss": 0.6385595703125, "clip_fraction": 0.0, "gradient_norm_mean": 19.56331640625, "gradient_norm_max": 37.491127014160156, "step_seconds": 0.26824931614100933, "innovation_std_sum": 914.409175282003, "noise_marginal_std_sum": 1261.2560055811578}
{"step": 310, "epoch": 5, "train_loss": 0.637778076171875, "clip_fraction": 0.0, "gradient_norm_mean": 19.7836953125, "gradient_norm_max": 35.887733459472656, "step_seconds": 0.26745021902024746, "innovation_std_sum": 914.409175282003, "noise_marginal_std_sum": 1261.2560055811578}
{"epoch": 5, "step": 310, "train_loss": 0.6389874464465726, "clip_fraction": 0.0, "epsilon": 8.000000000000005, "accuracy": 0.6533931575995513, "validation_loss": 0.6281826206848407, "validation_examples": 5349}
