Loading weights:   0%|          | 0/39 [00:00<?, ?it/s]Loading weights: 100%|██████████| 39/39 [00:00<00:00, 18662.62it/s]
[transformers] [1mBertModel LOAD REPORT[0m from: /media/data/data/lt/dp-adam-correlated/cache/bert-tiny
Key                                        | Status     |  | 
-------------------------------------------+------------+--+-
cls.predictions.decoder.bias               | UNEXPECTED |  | 
cls.seq_relationship.weight                | UNEXPECTED |  | 
cls.predictions.decoder.weight             | UNEXPECTED |  | 
cls.predictions.transform.dense.bias       | UNEXPECTED |  | 
cls.predictions.bias                       | UNEXPECTED |  | 
cls.predictions.transform.dense.weight     | UNEXPECTED |  | 
cls.predictions.transform.LayerNorm.bias   | UNEXPECTED |  | 
cls.predictions.transform.LayerNorm.weight | UNEXPECTED |  | 
cls.seq_relationship.bias                  | UNEXPECTED |  | 

Notes:
- UNEXPECTED:	can be ignored when loading from different task/architecture; not ok if you expect identical arch.
sys:1: UserWarning: Full backward hook is firing when gradients are computed with respect to module outputs since no inputs require gradients. See https://docs.pytorch.org/docs/main/generated/torch.nn.Module.html#torch.nn.Module.register_full_backward_hook for more details.
{"step": 10, "epoch": 1, "step_seconds": 0.2563006207346916, "innovation_std_sum": 50.227445158855346, "noise_marginal_std_sum": 58.66324369556456, "pure_mf_cumulative_momentum_noise_variance": 0.007230977455824586, "preconditioner_mean": 197.7266082763672, "preconditioner_change_relative": 0.0, "denominator_lag_relative": 0.5032057166099548, "block_age": 9}
{"step": 20, "epoch": 1, "step_seconds": 0.26103418320417404, "innovation_std_sum": 50.227445158855346, "noise_marginal_std_sum": 58.66324369556456, "pure_mf_cumulative_momentum_noise_variance": 0.007376311466178823, "preconditioner_mean": 19.028766632080078, "preconditioner_change_relative": 0.0, "denominator_lag_relative": 0.12663103640079498, "block_age": 9}
{"step": 30, "epoch": 1, "step_seconds": 0.26884595677256584, "innovation_std_sum": 50.227445158855346, "noise_marginal_std_sum": 58.66324369556456, "pure_mf_cumulative_momentum_noise_variance": 0.007517408294879371, "preconditioner_mean": 18.05037498474121, "preconditioner_change_relative": 0.0, "denominator_lag_relative": 0.0754876360297203, "block_age": 9}
{"step": 40, "epoch": 1, "step_seconds": 0.26830363646149635, "innovation_std_sum": 50.227445158855346, "noise_marginal_std_sum": 58.66324369556456, "pure_mf_cumulative_momentum_noise_variance": 0.0077117104739662665, "preconditioner_mean": 17.74764633178711, "preconditioner_change_relative": 0.0, "denominator_lag_relative": 0.05481264367699623, "block_age": 9}
{"step": 50, "epoch": 1, "step_seconds": 0.2668571639806032, "innovation_std_sum": 50.227445158855346, "noise_marginal_std_sum": 58.66324369556456, "pure_mf_cumulative_momentum_noise_variance": 0.007935605328190057, "preconditioner_mean": 17.551664352416992, "preconditioner_change_relative": 0.0, "denominator_lag_relative": 0.041103024035692215, "block_age": 9}
{"step": 60, "epoch": 1, "step_seconds": 0.26717228814959526, "innovation_std_sum": 50.227445158855346, "noise_marginal_std_sum": 58.66324369556456, "pure_mf_cumulative_momentum_noise_variance": 0.008173303088437738, "preconditioner_mean": 17.487146377563477, "preconditioner_change_relative": 0.0, "denominator_lag_relative": 0.034813374280929565, "block_age": 9}
{"epoch": 1, "step": 62, "epsilon": 3.054089440266451, "accuracy": 0.557861282482707, "validation_loss": 0.6876151112891464, "validation_examples": 5349}
{"step": 70, "epoch": 2, "step_seconds": 0.2667073495686054, "innovation_std_sum": 50.227445158855346, "noise_marginal_std_sum": 58.66324369556456, "pure_mf_cumulative_momentum_noise_variance": 0.008417012722017923, "preconditioner_mean": 17.40863037109375, "preconditioner_change_relative": 0.0, "denominator_lag_relative": 0.029125787317752838, "block_age": 9}
{"step": 80, "epoch": 2, "step_seconds": 0.26809453405439854, "innovation_std_sum": 50.227445158855346, "noise_marginal_std_sum": 58.66324369556456, "pure_mf_cumulative_momentum_noise_variance": 0.008663237273777165, "preconditioner_mean": 17.35457420349121, "preconditioner_change_relative": 0.0, "denominator_lag_relative": 0.025253459811210632, "block_age": 9}
{"step": 90, "epoch": 2, "step_seconds": 0.2679856810718775, "innovation_std_sum": 50.227445158855346, "noise_marginal_std_sum": 58.66324369556456, "pure_mf_cumulative_momentum_noise_variance": 0.008910485074997827, "preconditioner_mean": 17.291732788085938, "preconditioner_change_relative": 0.0, "denominator_lag_relative": 0.02227548509836197, "block_age": 9}
{"step": 100, "epoch": 2, "step_seconds": 0.26749606616795063, "innovation_std_sum": 50.227445158855346, "noise_marginal_std_sum": 58.66324369556456, "pure_mf_cumulative_momentum_noise_variance": 0.00915814076813361, "preconditioner_mean": 17.270549774169922, "preconditioner_change_relative": 0.0, "denominator_lag_relative": 0.020496970042586327, "block_age": 9}
{"step": 110, "epoch": 2, "step_seconds": 0.26872457563877106, "innovation_std_sum": 50.227445158855346, "noise_marginal_std_sum": 58.66324369556456, "pure_mf_cumulative_momentum_noise_variance": 0.009405956517728105, "preconditioner_mean": 17.242687225341797, "preconditioner_change_relative": 0.0, "denominator_lag_relative": 0.018444612622261047, "block_age": 9}
{"step": 120, "epoch": 2, "step_seconds": 0.26798031106591225, "innovation_std_sum": 50.227445158855346, "noise_marginal_std_sum": 58.66324369556456, "pure_mf_cumulative_momentum_noise_variance": 0.009653834295795199, "preconditioner_mean": 17.228527069091797, "preconditioner_change_relative": 0.0, "denominator_lag_relative": 0.016743680462241173, "block_age": 9}
{"epoch": 2, "step": 124, "epsilon": 4.610238743691153, "accuracy": 0.5576743316507758, "validation_loss": 0.6864997505762795, "validation_examples": 5349}
{"step": 130, "epoch": 3, "step_seconds": 0.2694880273193121, "innovation_std_sum": 50.227445158855346, "noise_marginal_std_sum": 58.66324369556456, "pure_mf_cumulative_momentum_noise_variance": 0.00990173587103549, "preconditioner_mean": 17.198898315429688, "preconditioner_change_relative": 0.0, "denominator_lag_relative": 0.01556168682873249, "block_age": 9}
{"step": 140, "epoch": 3, "step_seconds": 0.2663122061640024, "innovation_std_sum": 50.227445158855346, "noise_marginal_std_sum": 58.66324369556456, "pure_mf_cumulative_momentum_noise_variance": 0.01014964650023029, "preconditioner_mean": 17.190671920776367, "preconditioner_change_relative": 0.0, "denominator_lag_relative": 0.015119827352464199, "block_age": 9}
{"step": 150, "epoch": 3, "step_seconds": 0.2670808006078005, "innovation_std_sum": 50.227445158855346, "noise_marginal_std_sum": 58.66324369556456, "pure_mf_cumulative_momentum_noise_variance": 0.01039756055008836, "preconditioner_mean": 17.170814514160156, "preconditioner_change_relative": 0.0, "denominator_lag_relative": 0.013574077747762203, "block_age": 9}
{"step": 160, "epoch": 3, "step_seconds": 0.2685576416552067, "innovation_std_sum": 50.227445158855346, "noise_marginal_std_sum": 58.66324369556456, "pure_mf_cumulative_momentum_noise_variance": 0.010645475884620899, "preconditioner_mean": 17.16898536682129, "preconditioner_change_relative": 0.0, "denominator_lag_relative": 0.012869135476648808, "block_age": 9}
{"step": 170, "epoch": 3, "step_seconds": 0.2677399814128876, "innovation_std_sum": 50.227445158855346, "noise_marginal_std_sum": 58.66324369556456, "pure_mf_cumulative_momentum_noise_variance": 0.010893391699157344, "preconditioner_mean": 17.166343688964844, "preconditioner_change_relative": 0.0, "denominator_lag_relative": 0.012140413746237755, "block_age": 9}
{"step": 180, "epoch": 3, "step_seconds": 0.2676353547722101, "innovation_std_sum": 50.227445158855346, "noise_marginal_std_sum": 58.66324369556456, "pure_mf_cumulative_momentum_noise_variance": 0.011141307692241408, "preconditioner_mean": 17.156211853027344, "preconditioner_change_relative": 0.0, "denominator_lag_relative": 0.011369000189006329, "block_age": 9}
{"epoch": 3, "step": 186, "epsilon": 5.873890881586911, "accuracy": 0.557861282482707, "validation_loss": 0.6876474923565135, "validation_examples": 5349}
{"step": 190, "epoch": 4, "step_seconds": 0.26825035735964775, "innovation_std_sum": 50.227445158855346, "noise_marginal_std_sum": 58.66324369556456, "pure_mf_cumulative_momentum_noise_variance": 0.011389223751479615, "preconditioner_mean": 17.150575637817383, "preconditioner_change_relative": 0.0, "denominator_lag_relative": 0.01106464583426714, "block_age": 9}
{"step": 200, "epoch": 4, "step_seconds": 0.2688959464430809, "innovation_std_sum": 50.227445158855346, "noise_marginal_std_sum": 58.66324369556456, "pure_mf_cumulative_momentum_noise_variance": 0.011637139835143646, "preconditioner_mean": 17.145952224731445, "preconditioner_change_relative": 0.0, "denominator_lag_relative": 0.010468091815710068, "block_age": 9}
{"step": 210, "epoch": 4, "step_seconds": 0.2670069318264723, "innovation_std_sum": 50.227445158855346, "noise_marginal_std_sum": 58.66324369556456, "pure_mf_cumulative_momentum_noise_variance": 0.011885055927798401, "preconditioner_mean": 17.14064598083496, "preconditioner_change_relative": 0.0, "denominator_lag_relative": 0.009837359189987183, "block_age": 9}
{"step": 220, "epoch": 4, "step_seconds": 0.26700309850275517, "innovation_std_sum": 50.227445158855346, "noise_marginal_std_sum": 58.66324369556456, "pure_mf_cumulative_momentum_noise_variance": 0.01213297202375328, "preconditioner_mean": 17.132766723632812, "preconditioner_change_relative": 0.0, "denominator_lag_relative": 0.009441927075386047, "block_age": 9}
{"step": 230, "epoch": 4, "step_seconds": 0.2671213001012802, "innovation_std_sum": 50.227445158855346, "noise_marginal_std_sum": 58.66324369556456, "pure_mf_cumulative_momentum_noise_variance": 0.012380888120916466, "preconditioner_mean": 17.123815536499023, "preconditioner_change_relative": 0.0, "denominator_lag_relative": 0.008839835412800312, "block_age": 9}
{"step": 240, "epoch": 4, "step_seconds": 0.2682770546525717, "innovation_std_sum": 50.227445158855346, "noise_marginal_std_sum": 58.66324369556456, "pure_mf_cumulative_momentum_noise_variance": 0.012628804218521049, "preconditioner_mean": 17.122297286987305, "preconditioner_change_relative": 0.0, "denominator_lag_relative": 0.008653956465423107, "block_age": 9}
{"epoch": 4, "step": 248, "epsilon": 6.985551657770655, "accuracy": 0.5576743316507758, "validation_loss": 0.686206145116293, "validation_examples": 5349}
{"step": 250, "epoch": 5, "step_seconds": 0.26663681864738464, "innovation_std_sum": 50.227445158855346, "noise_marginal_std_sum": 58.66324369556456, "pure_mf_cumulative_momentum_noise_variance": 0.012876720316286555, "preconditioner_mean": 17.12673568725586, "preconditioner_change_relative": 0.0, "denominator_lag_relative": 0.008388238027691841, "block_age": 9}
{"step": 260, "epoch": 5, "step_seconds": 0.27026693150401115, "innovation_std_sum": 50.227445158855346, "noise_marginal_std_sum": 58.66324369556456, "pure_mf_cumulative_momentum_noise_variance": 0.013124636414110605, "preconditioner_mean": 17.114234924316406, "preconditioner_change_relative": 0.0, "denominator_lag_relative": 0.008036776445806026, "block_age": 9}
{"step": 270, "epoch": 5, "step_seconds": 0.27736261673271656, "innovation_std_sum": 50.227445158855346, "noise_marginal_std_sum": 58.66324369556456, "pure_mf_cumulative_momentum_noise_variance": 0.013372552511955921, "preconditioner_mean": 17.11240577697754, "preconditioner_change_relative": 0.0, "denominator_lag_relative": 0.008101118728518486, "block_age": 9}
{"step": 280, "epoch": 5, "step_seconds": 0.27278689853847027, "innovation_std_sum": 50.227445158855346, "noise_marginal_std_sum": 58.66324369556456, "pure_mf_cumulative_momentum_noise_variance": 0.01362046860980895, "preconditioner_mean": 17.111595153808594, "preconditioner_change_relative": 0.0, "denominator_lag_relative": 0.007507825270295143, "block_age": 9}
{"step": 290, "epoch": 5, "step_seconds": 0.2686949595808983, "innovation_std_sum": 50.227445158855346, "noise_marginal_std_sum": 58.66324369556456, "pure_mf_cumulative_momentum_noise_variance": 0.013868384707664771, "preconditioner_mean": 17.116500854492188, "preconditioner_change_relative": 0.0, "denominator_lag_relative": 0.007410192862153053, "block_age": 9}
{"step": 300, "epoch": 5, "step_seconds": 0.26786680705845356, "innovation_std_sum": 50.227445158855346, "noise_marginal_std_sum": 58.66324369556456, "pure_mf_cumulative_momentum_noise_variance": 0.01411630080552161, "preconditioner_mean": 17.117773056030273, "preconditioner_change_relative": 0.0, "denominator_lag_relative": 0.006999204866588116, "block_age": 9}
{"step": 310, "epoch": 5, "step_seconds": 0.18062680959701538, "innovation_std_sum": 50.227445158855346, "noise_marginal_std_sum": 58.66324369556456, "pure_mf_cumulative_momentum_noise_variance": 0.014364216903378801, "preconditioner_mean": 17.11688232421875, "preconditioner_change_relative": 0.0, "denominator_lag_relative": 0.0069222585298120975, "block_age": 9}
{"epoch": 5, "step": 310, "epsilon": 8.000000000000005, "accuracy": 0.5571134791549822, "validation_loss": 0.6864957918205269, "validation_examples": 5349}
