Loading weights:   0%|          | 0/39 [00:00<?, ?it/s]Loading weights: 100%|██████████| 39/39 [00:00<00:00, 18256.46it/s]
[transformers] [1mBertModel LOAD REPORT[0m from: /media/data/data/lt/dp-adam-correlated/cache/bert-tiny
Key                                        | Status     |  | 
-------------------------------------------+------------+--+-
cls.predictions.transform.LayerNorm.bias   | UNEXPECTED |  | 
cls.predictions.transform.dense.bias       | UNEXPECTED |  | 
cls.predictions.transform.dense.weight     | UNEXPECTED |  | 
cls.predictions.bias                       | UNEXPECTED |  | 
cls.seq_relationship.weight                | UNEXPECTED |  | 
cls.predictions.decoder.bias               | UNEXPECTED |  | 
cls.predictions.transform.LayerNorm.weight | UNEXPECTED |  | 
cls.predictions.decoder.weight             | UNEXPECTED |  | 
cls.seq_relationship.bias                  | UNEXPECTED |  | 

Notes:
- UNEXPECTED:	can be ignored when loading from different task/architecture; not ok if you expect identical arch.
sys:1: UserWarning: Full backward hook is firing when gradients are computed with respect to module outputs since no inputs require gradients. See https://docs.pytorch.org/docs/main/generated/torch.nn.Module.html#torch.nn.Module.register_full_backward_hook for more details.
{"step": 10, "epoch": 1, "train_loss": 0.65522265625, "clip_fraction": 0.253, "gradient_norm_mean": 242.466125, "gradient_norm_max": 514.6883544921875, "step_seconds": 0.144381919875741, "innovation_std_sum": 753.4116773828302, "noise_marginal_std_sum": 879.9486554334685}
{"step": 20, "epoch": 1, "train_loss": 0.6060826416015626, "clip_fraction": 0.614, "gradient_norm_mean": 385.8306875, "gradient_norm_max": 1575.0963134765625, "step_seconds": 0.26469454914331436, "innovation_std_sum": 753.4116773828302, "noise_marginal_std_sum": 879.9486554334685}
{"step": 30, "epoch": 1, "train_loss": 0.5707156982421875, "clip_fraction": 0.541, "gradient_norm_mean": 643.04925, "gradient_norm_max": 3197.43701171875, "step_seconds": 0.26613236404955387, "innovation_std_sum": 753.4116773828302, "noise_marginal_std_sum": 879.9486554334685}
{"step": 40, "epoch": 1, "train_loss": 0.590306884765625, "clip_fraction": 0.437, "gradient_norm_mean": 744.4256875, "gradient_norm_max": 4997.912109375, "step_seconds": 0.26515201292932034, "innovation_std_sum": 753.4116773828302, "noise_marginal_std_sum": 879.9486554334685}
{"step": 50, "epoch": 1, "train_loss": 0.6255400390625, "clip_fraction": 0.415, "gradient_norm_mean": 742.5421875, "gradient_norm_max": 5002.08203125, "step_seconds": 0.265748105943203, "innovation_std_sum": 753.4116773828302, "noise_marginal_std_sum": 879.9486554334685}
{"step": 60, "epoch": 1, "train_loss": 0.615739990234375, "clip_fraction": 0.383, "gradient_norm_mean": 628.4631875, "gradient_norm_max": 4563.2021484375, "step_seconds": 0.2648955453187227, "innovation_std_sum": 753.4116773828302, "noise_marginal_std_sum": 879.9486554334685}
{"epoch": 1, "step": 62, "train_loss": 0.6219808723695817, "clip_fraction": 0.4358709677419355, "epsilon": 3.0540894402664507, "accuracy": 0.7247706422018348, "validation_loss": 0.704733551095385, "validation_examples": 872}
{"step": 70, "epoch": 2, "train_loss": 0.5025609130859375, "clip_fraction": 0.372, "gradient_norm_mean": 579.80575, "gradient_norm_max": 5995.49853515625, "step_seconds": 0.26626838371157646, "innovation_std_sum": 753.4116773828302, "noise_marginal_std_sum": 879.9486554334685}
{"step": 80, "epoch": 2, "train_loss": 0.5110894470214844, "clip_fraction": 0.345, "gradient_norm_mean": 521.7516875, "gradient_norm_max": 4798.4189453125, "step_seconds": 0.26616618782281876, "innovation_std_sum": 753.4116773828302, "noise_marginal_std_sum": 879.9486554334685}
{"step": 90, "epoch": 2, "train_loss": 0.540391845703125, "clip_fraction": 0.349, "gradient_norm_mean": 529.45475, "gradient_norm_max": 4638.771484375, "step_seconds": 0.26786790043115616, "innovation_std_sum": 753.4116773828302, "noise_marginal_std_sum": 879.9486554334685}
{"step": 100, "epoch": 2, "train_loss": 0.5005210571289063, "clip_fraction": 0.315, "gradient_norm_mean": 516.230375, "gradient_norm_max": 4903.0712890625, "step_seconds": 0.2677556462585926, "innovation_std_sum": 753.4116773828302, "noise_marginal_std_sum": 879.9486554334685}
{"step": 110, "epoch": 2, "train_loss": 0.4686640625, "clip_fraction": 0.326, "gradient_norm_mean": 478.9806875, "gradient_norm_max": 4150.9013671875, "step_seconds": 0.26808868907392025, "innovation_std_sum": 753.4116773828302, "noise_marginal_std_sum": 879.9486554334685}
{"step": 120, "epoch": 2, "train_loss": 0.46983563232421877, "clip_fraction": 0.293, "gradient_norm_mean": 461.595375, "gradient_norm_max": 8614.2041015625, "step_seconds": 0.2672501038759947, "innovation_std_sum": 753.4116773828302, "noise_marginal_std_sum": 879.9486554334685}
{"epoch": 2, "step": 124, "train_loss": 0.5094372189429498, "clip_fraction": 0.3385, "epsilon": 4.610238743691145, "accuracy": 0.7740825688073395, "validation_loss": 0.5801914066349695, "validation_examples": 872}
{"step": 130, "epoch": 3, "train_loss": 0.4789608459472656, "clip_fraction": 0.288, "gradient_norm_mean": 443.81509375, "gradient_norm_max": 5944.47607421875, "step_seconds": 0.2685685344040394, "innovation_std_sum": 753.4116773828302, "noise_marginal_std_sum": 879.9486554334685}
{"step": 140, "epoch": 3, "train_loss": 0.4564692687988281, "clip_fraction": 0.296, "gradient_norm_mean": 442.9309375, "gradient_norm_max": 4600.27099609375, "step_seconds": 0.2646774612367153, "innovation_std_sum": 753.4116773828302, "noise_marginal_std_sum": 879.9486554334685}
{"step": 150, "epoch": 3, "train_loss": 0.44488833618164064, "clip_fraction": 0.282, "gradient_norm_mean": 433.7416875, "gradient_norm_max": 7253.2216796875, "step_seconds": 0.2642378769814968, "innovation_std_sum": 753.4116773828302, "noise_marginal_std_sum": 879.9486554334685}
{"step": 160, "epoch": 3, "train_loss": 0.48316265869140623, "clip_fraction": 0.295, "gradient_norm_mean": 456.84865625, "gradient_norm_max": 7392.37158203125, "step_seconds": 0.26660015992820263, "innovation_std_sum": 753.4116773828302, "noise_marginal_std_sum": 879.9486554334685}
{"step": 170, "epoch": 3, "train_loss": 0.46297024536132814, "clip_fraction": 0.277, "gradient_norm_mean": 452.41134375, "gradient_norm_max": 8048.8232421875, "step_seconds": 0.2647246029227972, "innovation_std_sum": 753.4116773828302, "noise_marginal_std_sum": 879.9486554334685}
{"step": 180, "epoch": 3, "train_loss": 0.4469823608398438, "clip_fraction": 0.263, "gradient_norm_mean": 356.706625, "gradient_norm_max": 6109.73291015625, "step_seconds": 0.26575533859431744, "innovation_std_sum": 753.4116773828302, "noise_marginal_std_sum": 879.9486554334685}
{"epoch": 3, "step": 186, "train_loss": 0.45686961315524194, "clip_fraction": 0.2811451612903226, "epsilon": 5.873890881586911, "accuracy": 0.7844036697247706, "validation_loss": 0.5479943424189856, "validation_examples": 872}
{"step": 190, "epoch": 4, "train_loss": 0.40869146728515626, "clip_fraction": 0.246, "gradient_norm_mean": 409.24475, "gradient_norm_max": 5542.1083984375, "step_seconds": 0.26722985692322254, "innovation_std_sum": 753.4116773828302, "noise_marginal_std_sum": 879.9486554334685}
{"step": 200, "epoch": 4, "train_loss": 0.4853782043457031, "clip_fraction": 0.283, "gradient_norm_mean": 418.2509375, "gradient_norm_max": 6187.9619140625, "step_seconds": 0.26604303158819675, "innovation_std_sum": 753.4116773828302, "noise_marginal_std_sum": 879.9486554334685}
{"step": 210, "epoch": 4, "train_loss": 0.4216485595703125, "clip_fraction": 0.272, "gradient_norm_mean": 394.4775, "gradient_norm_max": 4742.40869140625, "step_seconds": 0.26577093079686165, "innovation_std_sum": 753.4116773828302, "noise_marginal_std_sum": 879.9486554334685}
{"step": 220, "epoch": 4, "train_loss": 0.4050037536621094, "clip_fraction": 0.236, "gradient_norm_mean": 407.468875, "gradient_norm_max": 8256.5244140625, "step_seconds": 0.26653853617608547, "innovation_std_sum": 753.4116773828302, "noise_marginal_std_sum": 879.9486554334685}
{"step": 230, "epoch": 4, "train_loss": 0.45990338134765624, "clip_fraction": 0.257, "gradient_norm_mean": 395.2576875, "gradient_norm_max": 6286.1611328125, "step_seconds": 0.26687049865722656, "innovation_std_sum": 753.4116773828302, "noise_marginal_std_sum": 879.9486554334685}
{"step": 240, "epoch": 4, "train_loss": 0.3690618896484375, "clip_fraction": 0.216, "gradient_norm_mean": 309.17284375, "gradient_norm_max": 4880.13037109375, "step_seconds": 0.2659084815531969, "innovation_std_sum": 753.4116773828302, "noise_marginal_std_sum": 879.9486554334685}
{"epoch": 4, "step": 248, "train_loss": 0.42397394094159524, "clip_fraction": 0.2507258064516129, "epsilon": 6.985551657770655, "accuracy": 0.7809633027522935, "validation_loss": 0.5580778034455186, "validation_examples": 872}
{"step": 250, "epoch": 5, "train_loss": 0.39101702880859374, "clip_fraction": 0.23, "gradient_norm_mean": 344.0139375, "gradient_norm_max": 5231.91796875, "step_seconds": 0.16056648269295692, "innovation_std_sum": 753.4116773828302, "noise_marginal_std_sum": 879.9486554334685}
{"step": 260, "epoch": 5, "train_loss": 0.4505875244140625, "clip_fraction": 0.26, "gradient_norm_mean": 433.38375, "gradient_norm_max": 7073.99853515625, "step_seconds": 0.267262302339077, "innovation_std_sum": 753.4116773828302, "noise_marginal_std_sum": 879.9486554334685}
{"step": 270, "epoch": 5, "train_loss": 0.4070838623046875, "clip_fraction": 0.236, "gradient_norm_mean": 368.37578125, "gradient_norm_max": 5323.46142578125, "step_seconds": 0.26634342409670353, "innovation_std_sum": 753.4116773828302, "noise_marginal_std_sum": 879.9486554334685}
{"step": 280, "epoch": 5, "train_loss": 0.40887896728515627, "clip_fraction": 0.222, "gradient_norm_mean": 426.64925, "gradient_norm_max": 9320.974609375, "step_seconds": 0.26585084199905396, "innovation_std_sum": 753.4116773828302, "noise_marginal_std_sum": 879.9486554334685}
{"step": 290, "epoch": 5, "train_loss": 0.4193353881835937, "clip_fraction": 0.228, "gradient_norm_mean": 345.14353125, "gradient_norm_max": 4953.06103515625, "step_seconds": 0.26572716422379017, "innovation_std_sum": 753.4116773828302, "noise_marginal_std_sum": 879.9486554334685}
{"step": 300, "epoch": 5, "train_loss": 0.44702398681640626, "clip_fraction": 0.254, "gradient_norm_mean": 421.080875, "gradient_norm_max": 7010.38427734375, "step_seconds": 0.2639771904796362, "innovation_std_sum": 753.4116773828302, "noise_marginal_std_sum": 879.9486554334685}
{"step": 310, "epoch": 5, "train_loss": 0.4043258056640625, "clip_fraction": 0.21, "gradient_norm_mean": 372.9201875, "gradient_norm_max": 5885.13427734375, "step_seconds": 0.2680228129029274, "innovation_std_sum": 753.4116773828302, "noise_marginal_std_sum": 879.9486554334685}
{"epoch": 5, "step": 310, "train_loss": 0.40944387866604715, "clip_fraction": 0.23241935483870968, "epsilon": 8.000000000000005, "accuracy": 0.7970183486238532, "validation_loss": 0.533470757510684, "validation_examples": 872}
