/home/longt29/miniconda3/envs/curve/lib/python3.11/site-packages/torchvision/datasets/cifar.py:83: VisibleDeprecationWarning: dtype(): align should be passed as Python or NumPy boolean but got `align=0`. Did you mean to pass a tuple to create a subarray type? (Deprecated NumPy 2.4)
  entry = pickle.load(f, encoding="latin1")
{"status": "running", "method": "mf_muon_spectralscale", "seed": 20261001, "calibration": {"target_mu": 1.6660305978457184, "sensitivity": 7.852751308631718, "innovation_std_sum": 141.40348896567355, "adjacency": "add_remove_zero_out", "k": 5, "b_participation": 50, "sampling_amplification": false}, "coefficients": [1.0, -0.95, -0.0012500000000000844, -0.001187499999999897]}
sys:1: UserWarning: Full backward hook is firing when gradients are computed with respect to module outputs since no inputs require gradients. See https://docs.pytorch.org/docs/main/generated/torch.nn.Module.html#torch.nn.Module.register_full_backward_hook for more details.
{"event": "logical_progress", "step": 1, "train_loss": 5.1808095703125, "clip_fraction": 1.0}
{"event": "logical_progress", "step": 25, "train_loss": 4.343207111816406, "clip_fraction": 1.0}
{"event": "logical_progress", "step": 50, "train_loss": 3.789114969482422, "clip_fraction": 0.9984}
{"epoch": 1, "logical_steps": 50, "train_examples": 50000, "train_loss": 3.789114969482422, "test_loss": 2.4607870361328126, "test_top1": 0.3726, "clip_fraction": 0.9984, "epsilon": 2.8734263506543494, "delta": 1e-05, "seconds": 350.8967580096796}
{"event": "logical_progress", "step": 75, "train_loss": 2.5269059204101563, "clip_fraction": 0.97188}
{"event": "logical_progress", "step": 100, "train_loss": 2.3215079541015626, "clip_fraction": 0.95122}
{"epoch": 2, "logical_steps": 100, "train_examples": 50000, "train_loss": 2.3215079541015626, "test_loss": 1.4945230834960936, "test_top1": 0.589, "clip_fraction": 0.95122, "epsilon": 4.494876969944211, "delta": 1e-05, "seconds": 695.7011560248211}
{"event": "logical_progress", "step": 125, "train_loss": 1.881261815185547, "clip_fraction": 0.88472}
{"event": "logical_progress", "step": 150, "train_loss": 1.7982653381347655, "clip_fraction": 0.86304}
{"epoch": 3, "logical_steps": 150, "train_examples": 50000, "train_loss": 1.7982653381347655, "test_loss": 1.1367807189941406, "test_top1": 0.6762, "clip_fraction": 0.86304, "epsilon": 5.807351225535705, "delta": 1e-05, "seconds": 1040.5596894472837}
{"event": "logical_progress", "step": 175, "train_loss": 1.639548416748047, "clip_fraction": 0.81508}
{"event": "logical_progress", "step": 200, "train_loss": 1.5931764825439454, "clip_fraction": 0.7981}
{"epoch": 4, "logical_steps": 200, "train_examples": 50000, "train_loss": 1.5931764825439454, "test_loss": 0.9826709060668946, "test_top1": 0.7134, "clip_fraction": 0.7981, "epsilon": 6.955627916806438, "delta": 1e-05, "seconds": 1386.366966785863}
{"event": "logical_progress", "step": 225, "train_loss": 1.530094112548828, "clip_fraction": 0.76696}
{"event": "logical_progress", "step": 250, "train_loss": 1.4877910943603516, "clip_fraction": 0.75336}
{"epoch": 5, "logical_steps": 250, "train_examples": 50000, "train_loss": 1.4877910943603516, "test_loss": 0.8986603485107422, "test_top1": 0.7338, "clip_fraction": 0.75336, "epsilon": 8.000000000000005, "delta": 1e-05, "seconds": 1731.4228145480156}
{"status": "completed", "result_dir": "/media/data/data/lt/dp-adam-correlated/exp3/results/search/E/e03_kappa_4"}
