Loading weights:   0%|          | 0/39 [00:00<?, ?it/s]Loading weights: 100%|██████████| 39/39 [00:00<00:00, 14849.12it/s]
[transformers] [1mBertModel LOAD REPORT[0m from: /media/data/data/lt/dp-adam-correlated/cache/bert-tiny
Key                                        | Status     |  | 
-------------------------------------------+------------+--+-
cls.seq_relationship.weight                | UNEXPECTED |  | 
cls.seq_relationship.bias                  | UNEXPECTED |  | 
cls.predictions.transform.dense.weight     | UNEXPECTED |  | 
cls.predictions.bias                       | UNEXPECTED |  | 
cls.predictions.transform.dense.bias       | UNEXPECTED |  | 
cls.predictions.decoder.bias               | UNEXPECTED |  | 
cls.predictions.decoder.weight             | UNEXPECTED |  | 
cls.predictions.transform.LayerNorm.weight | UNEXPECTED |  | 
cls.predictions.transform.LayerNorm.bias   | UNEXPECTED |  | 

Notes:
- UNEXPECTED:	can be ignored when loading from different task/architecture; not ok if you expect identical arch.
sys:1: UserWarning: Full backward hook is firing when gradients are computed with respect to module outputs since no inputs require gradients. See https://docs.pytorch.org/docs/main/generated/torch.nn.Module.html#torch.nn.Module.register_full_backward_hook for more details.
{"step": 10, "epoch": 1, "train_loss": 1.57481103515625, "clip_fraction": 1.0, "gradient_norm_mean": 7.112310546875, "gradient_norm_max": 32.53773880004883, "step_seconds": 0.27266329154372215, "innovation_std_sum": 0.40264590225254543, "noise_marginal_std_sum": 0.40264590225254543}
{"step": 20, "epoch": 1, "train_loss": 1.700984619140625, "clip_fraction": 0.906, "gradient_norm_mean": 12.385888671875, "gradient_norm_max": 45.966392517089844, "step_seconds": 0.27849228121340275, "innovation_std_sum": 0.40264590225254543, "noise_marginal_std_sum": 0.40264590225254543}
{"step": 30, "epoch": 1, "train_loss": 1.727908447265625, "clip_fraction": 0.722, "gradient_norm_mean": 16.081470703125, "gradient_norm_max": 84.66449737548828, "step_seconds": 0.28600572422146797, "innovation_std_sum": 0.40264590225254543, "noise_marginal_std_sum": 0.40264590225254543}
{"step": 40, "epoch": 1, "train_loss": 1.630169677734375, "clip_fraction": 0.693, "gradient_norm_mean": 28.20231640625, "gradient_norm_max": 136.75572204589844, "step_seconds": 0.28447909466922283, "innovation_std_sum": 0.40264590225254543, "noise_marginal_std_sum": 0.40264590225254543}
{"step": 50, "epoch": 1, "train_loss": 0.9411276245117187, "clip_fraction": 0.812, "gradient_norm_mean": 41.21473046875, "gradient_norm_max": 310.20281982421875, "step_seconds": 0.2829601112753153, "innovation_std_sum": 0.40264590225254543, "noise_marginal_std_sum": 0.40264590225254543}
{"step": 60, "epoch": 1, "train_loss": 1.2183004150390624, "clip_fraction": 0.717, "gradient_norm_mean": 60.24046875, "gradient_norm_max": 495.00341796875, "step_seconds": 0.28211839869618416, "innovation_std_sum": 0.40264590225254543, "noise_marginal_std_sum": 0.40264590225254543}
{"epoch": 1, "step": 62, "train_loss": 1.385387450187437, "clip_fraction": 0.7793225806451612, "epsilon": 3.1232925162148586, "accuracy": 0.7110091743119266, "validation_loss": 1.2698174660358954, "validation_examples": 872}
{"step": 70, "epoch": 2, "train_loss": 1.2501561279296876, "clip_fraction": 0.531, "gradient_norm_mean": 72.20146875, "gradient_norm_max": 684.536376953125, "step_seconds": 0.273638304322958, "innovation_std_sum": 0.40264590225254543, "noise_marginal_std_sum": 0.40264590225254543}
{"step": 80, "epoch": 2, "train_loss": 1.5204288330078124, "clip_fraction": 0.521, "gradient_norm_mean": 92.2010078125, "gradient_norm_max": 990.8309936523438, "step_seconds": 0.28919228352606297, "innovation_std_sum": 0.40264590225254543, "noise_marginal_std_sum": 0.40264590225254543}
{"step": 90, "epoch": 2, "train_loss": 1.3581552734375, "clip_fraction": 0.473, "gradient_norm_mean": 76.043171875, "gradient_norm_max": 831.8661499023438, "step_seconds": 0.28498511016368866, "innovation_std_sum": 0.40264590225254543, "noise_marginal_std_sum": 0.40264590225254543}
{"step": 100, "epoch": 2, "train_loss": 1.265837646484375, "clip_fraction": 0.521, "gradient_norm_mean": 81.189984375, "gradient_norm_max": 902.7183837890625, "step_seconds": 0.29278274439275265, "innovation_std_sum": 0.40264590225254543, "noise_marginal_std_sum": 0.40264590225254543}
{"step": 110, "epoch": 2, "train_loss": 1.105794921875, "clip_fraction": 0.513, "gradient_norm_mean": 73.984203125, "gradient_norm_max": 1240.717529296875, "step_seconds": 0.29663629829883575, "innovation_std_sum": 0.40264590225254543, "noise_marginal_std_sum": 0.40264590225254543}
{"step": 120, "epoch": 2, "train_loss": 1.222062744140625, "clip_fraction": 0.504, "gradient_norm_mean": 72.1388984375, "gradient_norm_max": 867.7448120117188, "step_seconds": 0.2840684615075588, "innovation_std_sum": 0.40264590225254543, "noise_marginal_std_sum": 0.40264590225254543}
{"epoch": 2, "step": 124, "train_loss": 1.2438927120085685, "clip_fraction": 0.5059354838709678, "epsilon": 4.650921021133024, "accuracy": 0.7396788990825688, "validation_loss": 1.4442377790398555, "validation_examples": 872}
{"step": 130, "epoch": 3, "train_loss": 1.2179375, "clip_fraction": 0.456, "gradient_norm_mean": 71.00984375, "gradient_norm_max": 957.6654663085938, "step_seconds": 0.28908741287887096, "innovation_std_sum": 0.40264590225254543, "noise_marginal_std_sum": 0.40264590225254543}
{"step": 140, "epoch": 3, "train_loss": 1.10854443359375, "clip_fraction": 0.445, "gradient_norm_mean": 71.6657421875, "gradient_norm_max": 1129.6470947265625, "step_seconds": 0.2901121526956558, "innovation_std_sum": 0.40264590225254543, "noise_marginal_std_sum": 0.40264590225254543}
{"step": 150, "epoch": 3, "train_loss": 1.1583585205078124, "clip_fraction": 0.449, "gradient_norm_mean": 70.830203125, "gradient_norm_max": 1173.1241455078125, "step_seconds": 0.2877316251397133, "innovation_std_sum": 0.40264590225254543, "noise_marginal_std_sum": 0.40264590225254543}
{"step": 160, "epoch": 3, "train_loss": 1.179744140625, "clip_fraction": 0.436, "gradient_norm_mean": 70.0601875, "gradient_norm_max": 1073.0380859375, "step_seconds": 0.2784831281751394, "innovation_std_sum": 0.40264590225254543, "noise_marginal_std_sum": 0.40264590225254543}
{"step": 170, "epoch": 3, "train_loss": 1.1746693115234375, "clip_fraction": 0.413, "gradient_norm_mean": 62.4773828125, "gradient_norm_max": 1156.6397705078125, "step_seconds": 0.2773217149078846, "innovation_std_sum": 0.40264590225254543, "noise_marginal_std_sum": 0.40264590225254543}
{"step": 180, "epoch": 3, "train_loss": 1.1953294677734374, "clip_fraction": 0.438, "gradient_norm_mean": 57.757140625, "gradient_norm_max": 1135.5809326171875, "step_seconds": 0.29666823148727417, "innovation_std_sum": 0.40264590225254543, "noise_marginal_std_sum": 0.40264590225254543}
{"epoch": 3, "step": 186, "train_loss": 1.1310940551757813, "clip_fraction": 0.4366774193548387, "epsilon": 5.897172094191148, "accuracy": 0.7488532110091743, "validation_loss": 1.3982584629583796, "validation_examples": 872}
{"step": 190, "epoch": 4, "train_loss": 1.120138671875, "clip_fraction": 0.432, "gradient_norm_mean": 72.865921875, "gradient_norm_max": 1323.1063232421875, "step_seconds": 0.2886876296252012, "innovation_std_sum": 0.40264590225254543, "noise_marginal_std_sum": 0.40264590225254543}
{"step": 200, "epoch": 4, "train_loss": 1.069002197265625, "clip_fraction": 0.423, "gradient_norm_mean": 66.796859375, "gradient_norm_max": 1238.9320068359375, "step_seconds": 0.27287860587239265, "innovation_std_sum": 0.40264590225254543, "noise_marginal_std_sum": 0.40264590225254543}
{"step": 210, "epoch": 4, "train_loss": 1.02436572265625, "clip_fraction": 0.39, "gradient_norm_mean": 71.297296875, "gradient_norm_max": 1613.368896484375, "step_seconds": 0.27186737209558487, "innovation_std_sum": 0.40264590225254543, "noise_marginal_std_sum": 0.40264590225254543}
{"step": 220, "epoch": 4, "train_loss": 1.05634228515625, "clip_fraction": 0.37, "gradient_norm_mean": 64.066171875, "gradient_norm_max": 1231.15478515625, "step_seconds": 0.2922854609787464, "innovation_std_sum": 0.40264590225254543, "noise_marginal_std_sum": 0.40264590225254543}
{"step": 230, "epoch": 4, "train_loss": 1.122783447265625, "clip_fraction": 0.401, "gradient_norm_mean": 70.099703125, "gradient_norm_max": 1248.3922119140625, "step_seconds": 0.28312380984425545, "innovation_std_sum": 0.40264590225254543, "noise_marginal_std_sum": 0.40264590225254543}
{"step": 240, "epoch": 4, "train_loss": 0.965486572265625, "clip_fraction": 0.358, "gradient_norm_mean": 47.7459921875, "gradient_norm_max": 1072.0799560546875, "step_seconds": 0.18741554766893387, "innovation_std_sum": 0.40264590225254543, "noise_marginal_std_sum": 0.40264590225254543}
{"epoch": 4, "step": 248, "train_loss": 1.0860694009104082, "clip_fraction": 0.3920483870967742, "epsilon": 6.99603315708177, "accuracy": 0.7614678899082569, "validation_loss": 1.3117078728632097, "validation_examples": 872}
{"step": 250, "epoch": 5, "train_loss": 1.092283203125, "clip_fraction": 0.385, "gradient_norm_mean": 66.6788359375, "gradient_norm_max": 1507.05224609375, "step_seconds": 0.28696993365883827, "innovation_std_sum": 0.40264590225254543, "noise_marginal_std_sum": 0.40264590225254543}
{"step": 260, "epoch": 5, "train_loss": 1.0204407958984374, "clip_fraction": 0.372, "gradient_norm_mean": 67.6520546875, "gradient_norm_max": 1492.15283203125, "step_seconds": 0.2892579063773155, "innovation_std_sum": 0.40264590225254543, "noise_marginal_std_sum": 0.40264590225254543}
{"step": 270, "epoch": 5, "train_loss": 1.10675048828125, "clip_fraction": 0.382, "gradient_norm_mean": 69.140796875, "gradient_norm_max": 1444.22802734375, "step_seconds": 0.14196682162582874, "innovation_std_sum": 0.40264590225254543, "noise_marginal_std_sum": 0.40264590225254543}
{"step": 280, "epoch": 5, "train_loss": 1.08115087890625, "clip_fraction": 0.371, "gradient_norm_mean": 58.7888828125, "gradient_norm_max": 1277.4857177734375, "step_seconds": 0.2890979889780283, "innovation_std_sum": 0.40264590225254543, "noise_marginal_std_sum": 0.40264590225254543}
{"step": 290, "epoch": 5, "train_loss": 1.13265380859375, "clip_fraction": 0.374, "gradient_norm_mean": 60.8138515625, "gradient_norm_max": 1830.7542724609375, "step_seconds": 0.29456691816449165, "innovation_std_sum": 0.40264590225254543, "noise_marginal_std_sum": 0.40264590225254543}
{"step": 300, "epoch": 5, "train_loss": 1.0100208740234375, "clip_fraction": 0.354, "gradient_norm_mean": 48.5416796875, "gradient_norm_max": 1261.728515625, "step_seconds": 0.2921256124973297, "innovation_std_sum": 0.40264590225254543, "noise_marginal_std_sum": 0.40264590225254543}
{"step": 310, "epoch": 5, "train_loss": 1.051177978515625, "clip_fraction": 0.358, "gradient_norm_mean": 54.86205859375, "gradient_norm_max": 1248.5751953125, "step_seconds": 0.1360751986503601, "innovation_std_sum": 0.40264590225254543, "noise_marginal_std_sum": 0.40264590225254543}
{"epoch": 5, "step": 310, "train_loss": 1.0683385334630167, "clip_fraction": 0.36898387096774193, "epsilon": 8.000000000000005, "accuracy": 0.7488532110091743, "validation_loss": 1.3927685186403607, "validation_examples": 872}
