Loading weights:   0%|          | 0/39 [00:00<?, ?it/s]Loading weights: 100%|██████████| 39/39 [00:00<00:00, 19914.52it/s]
[transformers] [1mBertModel LOAD REPORT[0m from: /media/data/data/lt/dp-adam-correlated/cache/bert-tiny
Key                                        | Status     |  | 
-------------------------------------------+------------+--+-
cls.predictions.transform.LayerNorm.weight | UNEXPECTED |  | 
cls.predictions.transform.dense.bias       | UNEXPECTED |  | 
cls.predictions.decoder.bias               | UNEXPECTED |  | 
cls.seq_relationship.bias                  | UNEXPECTED |  | 
cls.predictions.transform.LayerNorm.bias   | UNEXPECTED |  | 
cls.predictions.decoder.weight             | UNEXPECTED |  | 
cls.predictions.transform.dense.weight     | UNEXPECTED |  | 
cls.seq_relationship.weight                | UNEXPECTED |  | 
cls.predictions.bias                       | UNEXPECTED |  | 

Notes:
- UNEXPECTED:	can be ignored when loading from different task/architecture; not ok if you expect identical arch.
sys:1: UserWarning: Full backward hook is firing when gradients are computed with respect to module outputs since no inputs require gradients. See https://docs.pytorch.org/docs/main/generated/torch.nn.Module.html#torch.nn.Module.register_full_backward_hook for more details.
{"step": 10, "epoch": 1, "train_loss": 0.9315927124023438, "clip_fraction": 1.0, "gradient_norm_mean": 7.52254638671875, "gradient_norm_max": 19.51667022705078, "step_seconds": 0.12486759759485722, "innovation_std_sum": 1.3421530075084847, "noise_marginal_std_sum": 1.3421530075084847}
{"step": 20, "epoch": 1, "train_loss": 1.4791153564453126, "clip_fraction": 0.479, "gradient_norm_mean": 8.5096474609375, "gradient_norm_max": 31.111940383911133, "step_seconds": 0.2588491328060627, "innovation_std_sum": 1.3421530075084847, "noise_marginal_std_sum": 1.3421530075084847}
{"step": 30, "epoch": 1, "train_loss": 1.2560792236328124, "clip_fraction": 0.8, "gradient_norm_mean": 11.427453125, "gradient_norm_max": 48.565330505371094, "step_seconds": 0.2594473157078028, "innovation_std_sum": 1.3421530075084847, "noise_marginal_std_sum": 1.3421530075084847}
{"step": 40, "epoch": 1, "train_loss": 1.2847657470703124, "clip_fraction": 0.747, "gradient_norm_mean": 16.3255625, "gradient_norm_max": 62.83967590332031, "step_seconds": 0.2597980722784996, "innovation_std_sum": 1.3421530075084847, "noise_marginal_std_sum": 1.3421530075084847}
{"step": 50, "epoch": 1, "train_loss": 1.24629833984375, "clip_fraction": 0.737, "gradient_norm_mean": 25.573376953125, "gradient_norm_max": 101.02794647216797, "step_seconds": 0.2667012419551611, "innovation_std_sum": 1.3421530075084847, "noise_marginal_std_sum": 1.3421530075084847}
{"step": 60, "epoch": 1, "train_loss": 0.7375697021484375, "clip_fraction": 0.882, "gradient_norm_mean": 32.45978125, "gradient_norm_max": 172.2595977783203, "step_seconds": 0.26653514616191387, "innovation_std_sum": 1.3421530075084847, "noise_marginal_std_sum": 1.3421530075084847}
{"epoch": 1, "step": 62, "train_loss": 1.137151603452621, "clip_fraction": 0.7845161290322581, "epsilon": 3.1232925162148555, "accuracy": 0.7005047672462142, "validation_loss": 0.6455341188634394, "validation_examples": 5349}
{"step": 70, "epoch": 2, "train_loss": 0.8453255615234375, "clip_fraction": 0.745, "gradient_norm_mean": 43.9324921875, "gradient_norm_max": 273.9952392578125, "step_seconds": 0.26636667363345623, "innovation_std_sum": 1.3421530075084847, "noise_marginal_std_sum": 1.3421530075084847}
{"step": 80, "epoch": 2, "train_loss": 0.89605810546875, "clip_fraction": 0.703, "gradient_norm_mean": 51.3211875, "gradient_norm_max": 560.818603515625, "step_seconds": 0.26670336350798607, "innovation_std_sum": 1.3421530075084847, "noise_marginal_std_sum": 1.3421530075084847}
{"step": 90, "epoch": 2, "train_loss": 1.0545460205078125, "clip_fraction": 0.55, "gradient_norm_mean": 60.7872890625, "gradient_norm_max": 521.4373168945312, "step_seconds": 0.26677895337343216, "innovation_std_sum": 1.3421530075084847, "noise_marginal_std_sum": 1.3421530075084847}
{"step": 100, "epoch": 2, "train_loss": 1.0809599609375, "clip_fraction": 0.523, "gradient_norm_mean": 65.6573984375, "gradient_norm_max": 546.7839965820312, "step_seconds": 0.2671441324055195, "innovation_std_sum": 1.3421530075084847, "noise_marginal_std_sum": 1.3421530075084847}
{"step": 110, "epoch": 2, "train_loss": 1.026515625, "clip_fraction": 0.479, "gradient_norm_mean": 68.296640625, "gradient_norm_max": 679.2918701171875, "step_seconds": 0.26510459557175636, "innovation_std_sum": 1.3421530075084847, "noise_marginal_std_sum": 1.3421530075084847}
{"step": 120, "epoch": 2, "train_loss": 0.9866671142578125, "clip_fraction": 0.477, "gradient_norm_mean": 64.9286171875, "gradient_norm_max": 670.6598510742188, "step_seconds": 0.2629717383533716, "innovation_std_sum": 1.3421530075084847, "noise_marginal_std_sum": 1.3421530075084847}
{"epoch": 2, "step": 124, "train_loss": 0.9588173582015499, "clip_fraction": 0.608516129032258, "epsilon": 4.650921021133028, "accuracy": 0.7608898859599925, "validation_loss": 1.0534349342755547, "validation_examples": 5349}
{"step": 130, "epoch": 3, "train_loss": 0.9392034301757812, "clip_fraction": 0.494, "gradient_norm_mean": 68.52840625, "gradient_norm_max": 763.14404296875, "step_seconds": 0.2511068470776081, "innovation_std_sum": 1.3421530075084847, "noise_marginal_std_sum": 1.3421530075084847}
{"step": 140, "epoch": 3, "train_loss": 1.02841845703125, "clip_fraction": 0.494, "gradient_norm_mean": 73.8182578125, "gradient_norm_max": 672.36962890625, "step_seconds": 0.2669532708823681, "innovation_std_sum": 1.3421530075084847, "noise_marginal_std_sum": 1.3421530075084847}
{"step": 150, "epoch": 3, "train_loss": 1.057790771484375, "clip_fraction": 0.478, "gradient_norm_mean": 67.697671875, "gradient_norm_max": 674.0803833007812, "step_seconds": 0.26643288135528564, "innovation_std_sum": 1.3421530075084847, "noise_marginal_std_sum": 1.3421530075084847}
{"step": 160, "epoch": 3, "train_loss": 1.110386962890625, "clip_fraction": 0.483, "gradient_norm_mean": 71.600765625, "gradient_norm_max": 785.2393798828125, "step_seconds": 0.26711584255099297, "innovation_std_sum": 1.3421530075084847, "noise_marginal_std_sum": 1.3421530075084847}
{"step": 170, "epoch": 3, "train_loss": 1.0977493896484376, "clip_fraction": 0.463, "gradient_norm_mean": 67.8630546875, "gradient_norm_max": 759.8474731445312, "step_seconds": 0.266562407836318, "innovation_std_sum": 1.3421530075084847, "noise_marginal_std_sum": 1.3421530075084847}
{"step": 180, "epoch": 3, "train_loss": 1.1040975341796875, "clip_fraction": 0.463, "gradient_norm_mean": 64.87579296875, "gradient_norm_max": 1007.9840698242188, "step_seconds": 0.26723659969866276, "innovation_std_sum": 1.3421530075084847, "noise_marginal_std_sum": 1.3421530075084847}
{"epoch": 3, "step": 186, "train_loss": 0.9867484760899697, "clip_fraction": 0.47158064516129033, "epsilon": 5.897172094191146, "accuracy": 0.7818283791362871, "validation_loss": 0.9851449590951489, "validation_examples": 5349}
{"step": 190, "epoch": 4, "train_loss": 0.8695859375, "clip_fraction": 0.443, "gradient_norm_mean": 65.21272265625, "gradient_norm_max": 877.3161010742188, "step_seconds": 0.2657812647521496, "innovation_std_sum": 1.3421530075084847, "noise_marginal_std_sum": 1.3421530075084847}
{"step": 200, "epoch": 4, "train_loss": 0.9395075073242187, "clip_fraction": 0.453, "gradient_norm_mean": 67.53946875, "gradient_norm_max": 798.724609375, "step_seconds": 0.26721787825226784, "innovation_std_sum": 1.3421530075084847, "noise_marginal_std_sum": 1.3421530075084847}
{"step": 210, "epoch": 4, "train_loss": 0.9604334716796875, "clip_fraction": 0.459, "gradient_norm_mean": 64.67457421875, "gradient_norm_max": 811.3504028320312, "step_seconds": 0.2666722349822521, "innovation_std_sum": 1.3421530075084847, "noise_marginal_std_sum": 1.3421530075084847}
{"step": 220, "epoch": 4, "train_loss": 0.8926259155273437, "clip_fraction": 0.436, "gradient_norm_mean": 51.3743046875, "gradient_norm_max": 976.0696411132812, "step_seconds": 0.2674465514719486, "innovation_std_sum": 1.3421530075084847, "noise_marginal_std_sum": 1.3421530075084847}
{"step": 230, "epoch": 4, "train_loss": 0.9278575439453125, "clip_fraction": 0.443, "gradient_norm_mean": 62.5908984375, "gradient_norm_max": 843.952880859375, "step_seconds": 0.2668039035052061, "innovation_std_sum": 1.3421530075084847, "noise_marginal_std_sum": 1.3421530075084847}
{"step": 240, "epoch": 4, "train_loss": 0.9629036254882812, "clip_fraction": 0.417, "gradient_norm_mean": 62.0958984375, "gradient_norm_max": 909.0492553710938, "step_seconds": 0.2667249906808138, "innovation_std_sum": 1.3421530075084847, "noise_marginal_std_sum": 1.3421530075084847}
{"epoch": 4, "step": 248, "train_loss": 0.928999735186177, "clip_fraction": 0.4352258064516129, "epsilon": 6.996033157081771, "accuracy": 0.7851934941110488, "validation_loss": 0.9518900215347185, "validation_examples": 5349}
{"step": 250, "epoch": 5, "train_loss": 1.033656005859375, "clip_fraction": 0.402, "gradient_norm_mean": 50.82915625, "gradient_norm_max": 797.2529907226562, "step_seconds": 0.26738470420241356, "innovation_std_sum": 1.3421530075084847, "noise_marginal_std_sum": 1.3421530075084847}
{"step": 260, "epoch": 5, "train_loss": 0.9876270751953125, "clip_fraction": 0.401, "gradient_norm_mean": 56.6643359375, "gradient_norm_max": 882.5655517578125, "step_seconds": 0.26569718308746815, "innovation_std_sum": 1.3421530075084847, "noise_marginal_std_sum": 1.3421530075084847}
{"step": 270, "epoch": 5, "train_loss": 0.8552469482421875, "clip_fraction": 0.393, "gradient_norm_mean": 51.5370625, "gradient_norm_max": 967.8936767578125, "step_seconds": 0.2673186231404543, "innovation_std_sum": 1.3421530075084847, "noise_marginal_std_sum": 1.3421530075084847}
{"step": 280, "epoch": 5, "train_loss": 0.8611588134765625, "clip_fraction": 0.407, "gradient_norm_mean": 55.90678515625, "gradient_norm_max": 923.0195922851562, "step_seconds": 0.2668103352189064, "innovation_std_sum": 1.3421530075084847, "noise_marginal_std_sum": 1.3421530075084847}
{"step": 290, "epoch": 5, "train_loss": 0.8831456298828125, "clip_fraction": 0.389, "gradient_norm_mean": 58.7894921875, "gradient_norm_max": 840.5965576171875, "step_seconds": 0.2664874102920294, "innovation_std_sum": 1.3421530075084847, "noise_marginal_std_sum": 1.3421530075084847}
{"step": 300, "epoch": 5, "train_loss": 0.8276202392578125, "clip_fraction": 0.381, "gradient_norm_mean": 55.41703125, "gradient_norm_max": 857.3900146484375, "step_seconds": 0.26701878756284714, "innovation_std_sum": 1.3421530075084847, "noise_marginal_std_sum": 1.3421530075084847}
{"step": 310, "epoch": 5, "train_loss": 0.9932575073242188, "clip_fraction": 0.419, "gradient_norm_mean": 56.053609375, "gradient_norm_max": 1024.5545654296875, "step_seconds": 0.26682883873581886, "innovation_std_sum": 1.3421530075084847, "noise_marginal_std_sum": 1.3421530075084847}
{"epoch": 5, "step": 310, "train_loss": 0.8989097959456905, "clip_fraction": 0.40030645161290324, "epsilon": 8.000000000000007, "accuracy": 0.7941671340437465, "validation_loss": 0.9033272294468647, "validation_examples": 5349}
