Loading weights:   0%|          | 0/39 [00:00<?, ?it/s]Loading weights: 100%|██████████| 39/39 [00:00<00:00, 16339.81it/s]
[transformers] [1mBertModel LOAD REPORT[0m from: /media/data/data/lt/dp-adam-correlated/cache/bert-tiny
Key                                        | Status     |  | 
-------------------------------------------+------------+--+-
cls.predictions.decoder.weight             | UNEXPECTED |  | 
cls.predictions.transform.dense.bias       | UNEXPECTED |  | 
cls.predictions.transform.LayerNorm.bias   | UNEXPECTED |  | 
cls.predictions.transform.LayerNorm.weight | UNEXPECTED |  | 
cls.predictions.transform.dense.weight     | UNEXPECTED |  | 
cls.predictions.decoder.bias               | UNEXPECTED |  | 
cls.seq_relationship.bias                  | UNEXPECTED |  | 
cls.predictions.bias                       | UNEXPECTED |  | 
cls.seq_relationship.weight                | UNEXPECTED |  | 

Notes:
- UNEXPECTED:	can be ignored when loading from different task/architecture; not ok if you expect identical arch.
sys:1: UserWarning: Full backward hook is firing when gradients are computed with respect to module outputs since no inputs require gradients. See https://docs.pytorch.org/docs/main/generated/torch.nn.Module.html#torch.nn.Module.register_full_backward_hook for more details.
{"step": 10, "epoch": 1, "train_loss": 0.859646728515625, "clip_fraction": 0.505, "gradient_norm_mean": 359.4945625, "gradient_norm_max": 1148.0772705078125, "step_seconds": 0.26742364652454853, "innovation_std_sum": 502.27445158855346, "noise_marginal_std_sum": 586.6324369556456}
{"step": 20, "epoch": 1, "train_loss": 0.665541259765625, "clip_fraction": 0.77, "gradient_norm_mean": 904.51125, "gradient_norm_max": 3879.97021484375, "step_seconds": 0.272359611466527, "innovation_std_sum": 502.27445158855346, "noise_marginal_std_sum": 586.6324369556456}
{"step": 30, "epoch": 1, "train_loss": 0.6750310668945313, "clip_fraction": 0.571, "gradient_norm_mean": 1557.01325, "gradient_norm_max": 9624.740234375, "step_seconds": 0.2716220896691084, "innovation_std_sum": 502.27445158855346, "noise_marginal_std_sum": 586.6324369556456}
{"step": 40, "epoch": 1, "train_loss": 0.8593775634765625, "clip_fraction": 0.499, "gradient_norm_mean": 1854.25075, "gradient_norm_max": 15016.05859375, "step_seconds": 0.27311696112155914, "innovation_std_sum": 502.27445158855346, "noise_marginal_std_sum": 586.6324369556456}
{"step": 50, "epoch": 1, "train_loss": 0.7419652099609375, "clip_fraction": 0.463, "gradient_norm_mean": 1675.0575, "gradient_norm_max": 14337.2734375, "step_seconds": 0.17747552692890167, "innovation_std_sum": 502.27445158855346, "noise_marginal_std_sum": 586.6324369556456}
{"step": 60, "epoch": 1, "train_loss": 0.7228074951171874, "clip_fraction": 0.447, "gradient_norm_mean": 1510.690375, "gradient_norm_max": 12641.3134765625, "step_seconds": 0.2742652166634798, "innovation_std_sum": 502.27445158855346, "noise_marginal_std_sum": 586.6324369556456}
{"epoch": 1, "step": 62, "train_loss": 0.737074715891192, "clip_fraction": 0.5652741935483871, "epsilon": 3.054089440266451, "accuracy": 0.7743503458590391, "validation_loss": 0.7255533168105951, "validation_examples": 5349}
{"step": 70, "epoch": 2, "train_loss": 0.6857508544921875, "clip_fraction": 0.426, "gradient_norm_mean": 1404.8805, "gradient_norm_max": 13929.5185546875, "step_seconds": 0.14986678957939148, "innovation_std_sum": 502.27445158855346, "noise_marginal_std_sum": 586.6324369556456}
{"step": 80, "epoch": 2, "train_loss": 0.6583978881835938, "clip_fraction": 0.405, "gradient_norm_mean": 1330.31225, "gradient_norm_max": 14157.7939453125, "step_seconds": 0.27287218905985355, "innovation_std_sum": 502.27445158855346, "noise_marginal_std_sum": 586.6324369556456}
{"step": 90, "epoch": 2, "train_loss": 0.6089945068359375, "clip_fraction": 0.336, "gradient_norm_mean": 1141.82325, "gradient_norm_max": 16382.5576171875, "step_seconds": 0.27222136594355106, "innovation_std_sum": 502.27445158855346, "noise_marginal_std_sum": 586.6324369556456}
{"step": 100, "epoch": 2, "train_loss": 0.6612467041015625, "clip_fraction": 0.348, "gradient_norm_mean": 1175.53975, "gradient_norm_max": 17500.576171875, "step_seconds": 0.2744539398699999, "innovation_std_sum": 502.27445158855346, "noise_marginal_std_sum": 586.6324369556456}
{"step": 110, "epoch": 2, "train_loss": 0.5481937255859375, "clip_fraction": 0.321, "gradient_norm_mean": 1072.02175, "gradient_norm_max": 15031.13671875, "step_seconds": 0.2686434853821993, "innovation_std_sum": 502.27445158855346, "noise_marginal_std_sum": 586.6324369556456}
{"step": 120, "epoch": 2, "train_loss": 0.5074971923828125, "clip_fraction": 0.316, "gradient_norm_mean": 1142.28475, "gradient_norm_max": 20082.474609375, "step_seconds": 0.2745945733040571, "innovation_std_sum": 502.27445158855346, "noise_marginal_std_sum": 586.6324369556456}
{"epoch": 2, "step": 124, "train_loss": 0.617730933404738, "clip_fraction": 0.372, "epsilon": 4.610238743691153, "accuracy": 0.8117405122452795, "validation_loss": 0.6039137313423435, "validation_examples": 5349}
{"step": 130, "epoch": 3, "train_loss": 0.5765709228515625, "clip_fraction": 0.337, "gradient_norm_mean": 1211.618875, "gradient_norm_max": 18330.97265625, "step_seconds": 0.2736999597400427, "innovation_std_sum": 502.27445158855346, "noise_marginal_std_sum": 586.6324369556456}
{"step": 140, "epoch": 3, "train_loss": 0.5464647216796875, "clip_fraction": 0.31, "gradient_norm_mean": 1133.5545, "gradient_norm_max": 21858.55859375, "step_seconds": 0.27350667864084244, "innovation_std_sum": 502.27445158855346, "noise_marginal_std_sum": 586.6324369556456}
{"step": 150, "epoch": 3, "train_loss": 0.5753656005859376, "clip_fraction": 0.314, "gradient_norm_mean": 1155.50225, "gradient_norm_max": 25308.564453125, "step_seconds": 0.2728149648755789, "innovation_std_sum": 502.27445158855346, "noise_marginal_std_sum": 586.6324369556456}
{"step": 160, "epoch": 3, "train_loss": 0.6237054443359376, "clip_fraction": 0.312, "gradient_norm_mean": 1209.93275, "gradient_norm_max": 20539.408203125, "step_seconds": 0.27384401485323906, "innovation_std_sum": 502.27445158855346, "noise_marginal_std_sum": 586.6324369556456}
{"step": 170, "epoch": 3, "train_loss": 0.5959815673828125, "clip_fraction": 0.307, "gradient_norm_mean": 1257.43, "gradient_norm_max": 21223.111328125, "step_seconds": 0.2735366113483906, "innovation_std_sum": 502.27445158855346, "noise_marginal_std_sum": 586.6324369556456}
{"step": 180, "epoch": 3, "train_loss": 0.5694353637695313, "clip_fraction": 0.303, "gradient_norm_mean": 1097.62725, "gradient_norm_max": 29894.54296875, "step_seconds": 0.18049295991659164, "innovation_std_sum": 502.27445158855346, "noise_marginal_std_sum": 586.6324369556456}
{"epoch": 3, "step": 186, "train_loss": 0.5587432910550025, "clip_fraction": 0.3058064516129032, "epsilon": 5.873890881586911, "accuracy": 0.8231445129930828, "validation_loss": 0.5788693338002996, "validation_examples": 5349}
{"step": 190, "epoch": 4, "train_loss": 0.46064602661132814, "clip_fraction": 0.262, "gradient_norm_mean": 952.038125, "gradient_norm_max": 17309.6796875, "step_seconds": 0.2739277593791485, "innovation_std_sum": 502.27445158855346, "noise_marginal_std_sum": 586.6324369556456}
{"step": 200, "epoch": 4, "train_loss": 0.5726187744140625, "clip_fraction": 0.3, "gradient_norm_mean": 1219.513625, "gradient_norm_max": 30868.583984375, "step_seconds": 0.2727405708283186, "innovation_std_sum": 502.27445158855346, "noise_marginal_std_sum": 586.6324369556456}
{"step": 210, "epoch": 4, "train_loss": 0.5118287048339843, "clip_fraction": 0.279, "gradient_norm_mean": 1032.3940625, "gradient_norm_max": 21651.013671875, "step_seconds": 0.2731901705265045, "innovation_std_sum": 502.27445158855346, "noise_marginal_std_sum": 586.6324369556456}
{"step": 220, "epoch": 4, "train_loss": 0.5273953247070312, "clip_fraction": 0.259, "gradient_norm_mean": 1104.98975, "gradient_norm_max": 25474.16015625, "step_seconds": 0.2734439820051193, "innovation_std_sum": 502.27445158855346, "noise_marginal_std_sum": 586.6324369556456}
{"step": 230, "epoch": 4, "train_loss": 0.5191173095703125, "clip_fraction": 0.282, "gradient_norm_mean": 1228.457625, "gradient_norm_max": 28743.119140625, "step_seconds": 0.27314663119614124, "innovation_std_sum": 502.27445158855346, "noise_marginal_std_sum": 586.6324369556456}
{"step": 240, "epoch": 4, "train_loss": 0.528276123046875, "clip_fraction": 0.279, "gradient_norm_mean": 1169.40075, "gradient_norm_max": 27743.65625, "step_seconds": 0.27388548105955124, "innovation_std_sum": 502.27445158855346, "noise_marginal_std_sum": 586.6324369556456}
{"epoch": 4, "step": 248, "train_loss": 0.5315013663999496, "clip_fraction": 0.2723225806451613, "epsilon": 6.985551657770655, "accuracy": 0.8291269396148813, "validation_loss": 0.570464774099861, "validation_examples": 5349}
{"step": 250, "epoch": 5, "train_loss": 0.5375021362304687, "clip_fraction": 0.254, "gradient_norm_mean": 1031.3629375, "gradient_norm_max": 22555.828125, "step_seconds": 0.1285708975046873, "innovation_std_sum": 502.27445158855346, "noise_marginal_std_sum": 586.6324369556456}
{"step": 260, "epoch": 5, "train_loss": 0.5520771484375, "clip_fraction": 0.267, "gradient_norm_mean": 1105.306875, "gradient_norm_max": 26384.45703125, "step_seconds": 0.2739846911281347, "innovation_std_sum": 502.27445158855346, "noise_marginal_std_sum": 586.6324369556456}
{"step": 270, "epoch": 5, "train_loss": 0.49203402709960936, "clip_fraction": 0.248, "gradient_norm_mean": 984.9970625, "gradient_norm_max": 25479.1875, "step_seconds": 0.27333252876996994, "innovation_std_sum": 502.27445158855346, "noise_marginal_std_sum": 586.6324369556456}
{"step": 280, "epoch": 5, "train_loss": 0.5250923461914062, "clip_fraction": 0.258, "gradient_norm_mean": 1147.47575, "gradient_norm_max": 22977.509765625, "step_seconds": 0.2735901828855276, "innovation_std_sum": 502.27445158855346, "noise_marginal_std_sum": 586.6324369556456}
{"step": 290, "epoch": 5, "train_loss": 0.5115613098144531, "clip_fraction": 0.253, "gradient_norm_mean": 1144.1925, "gradient_norm_max": 23670.27734375, "step_seconds": 0.27338763885200024, "innovation_std_sum": 502.27445158855346, "noise_marginal_std_sum": 586.6324369556456}
{"step": 300, "epoch": 5, "train_loss": 0.48427880859375, "clip_fraction": 0.259, "gradient_norm_mean": 1171.104, "gradient_norm_max": 24127.853515625, "step_seconds": 0.2744577806442976, "innovation_std_sum": 502.27445158855346, "noise_marginal_std_sum": 586.6324369556456}
{"step": 310, "epoch": 5, "train_loss": 0.5707509155273438, "clip_fraction": 0.249, "gradient_norm_mean": 1163.8005, "gradient_norm_max": 29453.021484375, "step_seconds": 0.12999394163489342, "innovation_std_sum": 502.27445158855346, "noise_marginal_std_sum": 586.6324369556456}
{"epoch": 5, "step": 310, "train_loss": 0.5218066169984878, "clip_fraction": 0.2545, "epsilon": 8.000000000000005, "accuracy": 0.8412787436904094, "validation_loss": 0.5418355531348404, "validation_examples": 5349}
