/home/longt29/miniconda3/envs/curve/lib/python3.11/site-packages/torchvision/datasets/cifar.py:83: VisibleDeprecationWarning: dtype(): align should be passed as Python or NumPy boolean but got `align=0`. Did you mean to pass a tuple to create a subarray type? (Deprecated NumPy 2.4)
  entry = pickle.load(f, encoding="latin1")
sys:1: UserWarning: Full backward hook is firing when gradients are computed with respect to module outputs since no inputs require gradients. See https://docs.pytorch.org/docs/main/generated/torch.nn.Module.html#torch.nn.Module.register_full_backward_hook for more details.
{"step": 10, "epoch": 1, "train_loss": 4.694594116210937, "clip_fraction": 1.0, "gradient_norm_mean": 62.5160263671875, "gradient_norm_max": 151.17535400390625, "step_seconds": 2.165890885517001, "innovation_std_sum": 243.18180215194414, "noise_marginal_std_sum": 284.30993713735046}
{"step": 20, "epoch": 1, "train_loss": 4.485569702148437, "clip_fraction": 1.0, "gradient_norm_mean": 54.938763671875, "gradient_norm_max": 110.26785278320312, "step_seconds": 2.187633614987135, "innovation_std_sum": 243.18180215194414, "noise_marginal_std_sum": 284.30993713735046}
{"step": 30, "epoch": 1, "train_loss": 4.3552255859375, "clip_fraction": 1.0, "gradient_norm_mean": 56.14496875, "gradient_norm_max": 125.6668930053711, "step_seconds": 2.18695305660367, "innovation_std_sum": 243.18180215194414, "noise_marginal_std_sum": 284.30993713735046}
{"step": 40, "epoch": 1, "train_loss": 4.22298388671875, "clip_fraction": 1.0, "gradient_norm_mean": 66.075734375, "gradient_norm_max": 125.27047729492188, "step_seconds": 2.1959488838911057, "innovation_std_sum": 243.18180215194414, "noise_marginal_std_sum": 284.30993713735046}
{"step": 50, "epoch": 1, "train_loss": 3.997862060546875, "clip_fraction": 1.0, "gradient_norm_mean": 77.938404296875, "gradient_norm_max": 201.72116088867188, "step_seconds": 2.1772799398750067, "innovation_std_sum": 243.18180215194414, "noise_marginal_std_sum": 284.30993713735046}
{"epoch": 1, "step": 50, "train_loss": 4.450715999755859, "clip_fraction": 1.0, "epsilon": 0.8008547237216858, "accuracy": 0.1309, "validation_loss": 3.8671789184570313, "validation_examples": 10000}
{"step": 60, "epoch": 2, "train_loss": 3.8107430419921875, "clip_fraction": 1.0, "gradient_norm_mean": 89.41074609375, "gradient_norm_max": 184.05349731445312, "step_seconds": 2.1786763947457075, "innovation_std_sum": 243.18180215194414, "noise_marginal_std_sum": 284.30993713735046}
{"step": 70, "epoch": 2, "train_loss": 3.616326110839844, "clip_fraction": 1.0, "gradient_norm_mean": 97.345712890625, "gradient_norm_max": 192.4770050048828, "step_seconds": 2.1678111162036657, "innovation_std_sum": 243.18180215194414, "noise_marginal_std_sum": 284.30993713735046}
{"step": 80, "epoch": 2, "train_loss": 3.4663349609375, "clip_fraction": 1.0, "gradient_norm_mean": 104.62104296875, "gradient_norm_max": 271.8336181640625, "step_seconds": 2.1880578491836786, "innovation_std_sum": 243.18180215194414, "noise_marginal_std_sum": 284.30993713735046}
{"step": 90, "epoch": 2, "train_loss": 3.335112548828125, "clip_fraction": 1.0, "gradient_norm_mean": 109.096693359375, "gradient_norm_max": 236.91629028320312, "step_seconds": 2.201742170378566, "innovation_std_sum": 243.18180215194414, "noise_marginal_std_sum": 284.30993713735046}
{"step": 100, "epoch": 2, "train_loss": 3.220914794921875, "clip_fraction": 0.999, "gradient_norm_mean": 113.294267578125, "gradient_norm_max": 301.5081481933594, "step_seconds": 2.209012523293495, "innovation_std_sum": 243.18180215194414, "noise_marginal_std_sum": 284.30993713735046}
{"epoch": 2, "step": 100, "train_loss": 3.5436590686035156, "clip_fraction": 0.99966, "epsilon": 1.1910734793922866, "accuracy": 0.2984, "validation_loss": 2.900278759765625, "validation_examples": 10000}
{"step": 110, "epoch": 3, "train_loss": 2.9833404541015627, "clip_fraction": 0.997, "gradient_norm_mean": 114.25058203125, "gradient_norm_max": 401.5791015625, "step_seconds": 2.174670508131385, "innovation_std_sum": 243.18180215194414, "noise_marginal_std_sum": 284.30993713735046}
{"step": 120, "epoch": 3, "train_loss": 2.9489882202148436, "clip_fraction": 0.994, "gradient_norm_mean": 117.03477734375, "gradient_norm_max": 344.8506164550781, "step_seconds": 2.1739947833120823, "innovation_std_sum": 243.18180215194414, "noise_marginal_std_sum": 284.30993713735046}
{"step": 130, "epoch": 3, "train_loss": 2.777852355957031, "clip_fraction": 0.996, "gradient_norm_mean": 117.187154296875, "gradient_norm_max": 430.0484313964844, "step_seconds": 2.194374831393361, "innovation_std_sum": 243.18180215194414, "noise_marginal_std_sum": 284.30993713735046}
{"step": 140, "epoch": 3, "train_loss": 2.706745300292969, "clip_fraction": 0.992, "gradient_norm_mean": 119.78750390625, "gradient_norm_max": 434.3484802246094, "step_seconds": 2.1979305371642113, "innovation_std_sum": 243.18180215194414, "noise_marginal_std_sum": 284.30993713735046}
{"step": 150, "epoch": 3, "train_loss": 2.690447265625, "clip_fraction": 0.987, "gradient_norm_mean": 119.993708984375, "gradient_norm_max": 342.9967956542969, "step_seconds": 2.1990239676088095, "innovation_std_sum": 243.18180215194414, "noise_marginal_std_sum": 284.30993713735046}
{"epoch": 3, "step": 150, "train_loss": 2.8688362463378905, "clip_fraction": 0.99394, "epsilon": 1.4986014977607753, "accuracy": 0.4306, "validation_loss": 2.2833080627441404, "validation_examples": 10000}
{"step": 160, "epoch": 4, "train_loss": 2.4760948486328127, "clip_fraction": 0.979, "gradient_norm_mean": 118.07241796875, "gradient_norm_max": 455.9415588378906, "step_seconds": 2.1740763299167156, "innovation_std_sum": 243.18180215194414, "noise_marginal_std_sum": 284.30993713735046}
{"step": 170, "epoch": 4, "train_loss": 2.54273828125, "clip_fraction": 0.98, "gradient_norm_mean": 120.102978515625, "gradient_norm_max": 349.4963684082031, "step_seconds": 2.194228010252118, "innovation_std_sum": 243.18180215194414, "noise_marginal_std_sum": 284.30993713735046}
{"step": 180, "epoch": 4, "train_loss": 2.3804828491210936, "clip_fraction": 0.968, "gradient_norm_mean": 117.2310078125, "gradient_norm_max": 338.01092529296875, "step_seconds": 2.1924212221056223, "innovation_std_sum": 243.18180215194414, "noise_marginal_std_sum": 284.30993713735046}
{"step": 190, "epoch": 4, "train_loss": 2.3441880493164065, "clip_fraction": 0.965, "gradient_norm_mean": 120.3088671875, "gradient_norm_max": 411.06402587890625, "step_seconds": 2.193771295249462, "innovation_std_sum": 243.18180215194414, "noise_marginal_std_sum": 284.30993713735046}
{"step": 200, "epoch": 4, "train_loss": 2.3779080810546875, "clip_fraction": 0.956, "gradient_norm_mean": 121.88087890625, "gradient_norm_max": 498.19146728515625, "step_seconds": 2.198336023837328, "innovation_std_sum": 243.18180215194414, "noise_marginal_std_sum": 284.30993713735046}
{"epoch": 4, "step": 200, "train_loss": 2.4446700744628904, "clip_fraction": 0.97074, "epsilon": 1.7630770145036367, "accuracy": 0.5101, "validation_loss": 1.8904967163085937, "validation_examples": 10000}
{"step": 210, "epoch": 5, "train_loss": 2.249138671875, "clip_fraction": 0.946, "gradient_norm_mean": 120.16883203125, "gradient_norm_max": 560.1468505859375, "step_seconds": 2.1839951537549496, "innovation_std_sum": 243.18180215194414, "noise_marginal_std_sum": 284.30993713735046}
{"step": 220, "epoch": 5, "train_loss": 2.2770223388671873, "clip_fraction": 0.95, "gradient_norm_mean": 119.204517578125, "gradient_norm_max": 463.4502868652344, "step_seconds": 2.1782527714967728, "innovation_std_sum": 243.18180215194414, "noise_marginal_std_sum": 284.30993713735046}
{"step": 230, "epoch": 5, "train_loss": 2.1824702758789063, "clip_fraction": 0.94, "gradient_norm_mean": 119.532822265625, "gradient_norm_max": 548.6739501953125, "step_seconds": 2.1865804977715015, "innovation_std_sum": 243.18180215194414, "noise_marginal_std_sum": 284.30993713735046}
{"step": 240, "epoch": 5, "train_loss": 2.0921903076171877, "clip_fraction": 0.93, "gradient_norm_mean": 119.14539453125, "gradient_norm_max": 662.94482421875, "step_seconds": 2.1995171792805195, "innovation_std_sum": 243.18180215194414, "noise_marginal_std_sum": 284.30993713735046}
{"step": 250, "epoch": 5, "train_loss": 2.09507958984375, "clip_fraction": 0.92, "gradient_norm_mean": 121.85372265625, "gradient_norm_max": 518.341796875, "step_seconds": 2.1952972188591957, "innovation_std_sum": 243.18180215194414, "noise_marginal_std_sum": 284.30993713735046}
{"epoch": 5, "step": 250, "train_loss": 2.1792581616210938, "clip_fraction": 0.9367, "epsilon": 2.0000000000008775, "accuracy": 0.5697, "validation_loss": 1.6267444091796874, "validation_examples": 10000}
