/home/longt29/miniconda3/envs/curve/lib/python3.11/site-packages/torchvision/datasets/cifar.py:83: VisibleDeprecationWarning: dtype(): align should be passed as Python or NumPy boolean but got `align=0`. Did you mean to pass a tuple to create a subarray type? (Deprecated NumPy 2.4)
  entry = pickle.load(f, encoding="latin1")
sys:1: UserWarning: Full backward hook is firing when gradients are computed with respect to module outputs since no inputs require gradients. See https://docs.pytorch.org/docs/main/generated/torch.nn.Module.html#torch.nn.Module.register_full_backward_hook for more details.
{"step": 10, "epoch": 1, "train_loss": 4.257483642578125, "clip_fraction": 1.0, "gradient_norm_mean": 503.22053125, "gradient_norm_max": 995.2940063476562, "step_seconds": 1.989605801180005, "innovation_std_sum": 72.22798151648107, "noise_marginal_std_sum": 84.4992665429476}
{"step": 20, "epoch": 1, "train_loss": 3.4299898071289063, "clip_fraction": 1.0, "gradient_norm_mean": 951.238359375, "gradient_norm_max": 2435.274169921875, "step_seconds": 2.0266859214752913, "innovation_std_sum": 72.22798151648107, "noise_marginal_std_sum": 84.4992665429476}
{"step": 30, "epoch": 1, "train_loss": 2.8560181884765625, "clip_fraction": 1.0, "gradient_norm_mean": 1030.31740625, "gradient_norm_max": 2919.803466796875, "step_seconds": 2.0108349062502384, "innovation_std_sum": 72.22798151648107, "noise_marginal_std_sum": 84.4992665429476}
{"step": 40, "epoch": 1, "train_loss": 2.510708251953125, "clip_fraction": 0.998, "gradient_norm_mean": 1089.47115625, "gradient_norm_max": 3855.519775390625, "step_seconds": 2.0360433626919985, "innovation_std_sum": 72.22798151648107, "noise_marginal_std_sum": 84.4992665429476}
{"epoch": 1, "step": 45, "train_loss": 3.413336398654514, "clip_fraction": 0.9993333333333333, "epsilon": 3.0297011451528837, "accuracy": 0.4958, "validation_loss": 1.8721040893554688, "validation_examples": 5000}
{"step": 50, "epoch": 2, "train_loss": 2.206796203613281, "clip_fraction": 0.99, "gradient_norm_mean": 1050.983125, "gradient_norm_max": 5972.0703125, "step_seconds": 2.0073774717748165, "innovation_std_sum": 72.22798151648107, "noise_marginal_std_sum": 84.4992665429476}
{"step": 60, "epoch": 2, "train_loss": 2.1166171875, "clip_fraction": 0.976, "gradient_norm_mean": 1073.78278125, "gradient_norm_max": 4470.7646484375, "step_seconds": 2.028871824964881, "innovation_std_sum": 72.22798151648107, "noise_marginal_std_sum": 84.4992665429476}
{"step": 70, "epoch": 2, "train_loss": 1.8850851135253905, "clip_fraction": 0.946, "gradient_norm_mean": 1019.3099375, "gradient_norm_max": 7674.390625, "step_seconds": 2.007213607430458, "innovation_std_sum": 72.22798151648107, "noise_marginal_std_sum": 84.4992665429476}
{"step": 80, "epoch": 2, "train_loss": 1.9105613098144532, "clip_fraction": 0.953, "gradient_norm_mean": 1094.58, "gradient_norm_max": 7470.69482421875, "step_seconds": 2.0127068758010864, "innovation_std_sum": 72.22798151648107, "noise_marginal_std_sum": 84.4992665429476}
{"step": 90, "epoch": 2, "train_loss": 1.7589996337890625, "clip_fraction": 0.93, "gradient_norm_mean": 1098.067203125, "gradient_norm_max": 6977.23779296875, "step_seconds": 2.0037065111100674, "innovation_std_sum": 72.22798151648107, "noise_marginal_std_sum": 84.4992665429476}
{"epoch": 2, "step": 90, "train_loss": 1.9857718119303385, "clip_fraction": 0.9616222222222223, "epsilon": 4.5953206372907065, "accuracy": 0.6492, "validation_loss": 1.2328273681640625, "validation_examples": 5000}
{"step": 100, "epoch": 3, "train_loss": 1.6230261840820313, "clip_fraction": 0.896, "gradient_norm_mean": 1052.2624375, "gradient_norm_max": 5729.2099609375, "step_seconds": 2.015199091285467, "innovation_std_sum": 72.22798151648107, "noise_marginal_std_sum": 84.4992665429476}
{"step": 110, "epoch": 3, "train_loss": 1.5930687866210937, "clip_fraction": 0.887, "gradient_norm_mean": 1059.722203125, "gradient_norm_max": 7305.05126953125, "step_seconds": 2.0192158203572035, "innovation_std_sum": 72.22798151648107, "noise_marginal_std_sum": 84.4992665429476}
{"step": 120, "epoch": 3, "train_loss": 1.5214823608398438, "clip_fraction": 0.866, "gradient_norm_mean": 1070.142265625, "gradient_norm_max": 9116.322265625, "step_seconds": 2.0344419609755278, "innovation_std_sum": 72.22798151648107, "noise_marginal_std_sum": 84.4992665429476}
{"step": 130, "epoch": 3, "train_loss": 1.5256447448730468, "clip_fraction": 0.849, "gradient_norm_mean": 1106.99525, "gradient_norm_max": 9330.10546875, "step_seconds": 2.3206045646220446, "innovation_std_sum": 72.22798151648107, "noise_marginal_std_sum": 84.4992665429476}
{"epoch": 3, "step": 135, "train_loss": 1.6300923821343316, "clip_fraction": 0.8822888888888889, "epsilon": 5.865340104265841, "accuracy": 0.7088, "validation_loss": 1.0056581176757813, "validation_examples": 5000}
{"step": 140, "epoch": 4, "train_loss": 1.5834055480957032, "clip_fraction": 0.83, "gradient_norm_mean": 1091.42390625, "gradient_norm_max": 5810.03662109375, "step_seconds": 2.0040670558810234, "innovation_std_sum": 72.22798151648107, "noise_marginal_std_sum": 84.4992665429476}
{"step": 150, "epoch": 4, "train_loss": 1.5392036743164061, "clip_fraction": 0.812, "gradient_norm_mean": 1089.179828125, "gradient_norm_max": 8245.6123046875, "step_seconds": 2.0268577560782433, "innovation_std_sum": 72.22798151648107, "noise_marginal_std_sum": 84.4992665429476}
{"step": 160, "epoch": 4, "train_loss": 1.517018798828125, "clip_fraction": 0.81, "gradient_norm_mean": 1103.43925, "gradient_norm_max": 6519.2255859375, "step_seconds": 2.0351256281137466, "innovation_std_sum": 72.22798151648107, "noise_marginal_std_sum": 84.4992665429476}
{"step": 170, "epoch": 4, "train_loss": 1.5167748413085937, "clip_fraction": 0.827, "gradient_norm_mean": 1085.56871875, "gradient_norm_max": 7611.46142578125, "step_seconds": 2.0609860364347696, "innovation_std_sum": 72.22798151648107, "noise_marginal_std_sum": 84.4992665429476}
{"step": 180, "epoch": 4, "train_loss": 1.4638727416992188, "clip_fraction": 0.793, "gradient_norm_mean": 1102.5115, "gradient_norm_max": 6543.119140625, "step_seconds": 2.033339550718665, "innovation_std_sum": 72.22798151648107, "noise_marginal_std_sum": 84.4992665429476}
{"epoch": 4, "step": 180, "train_loss": 1.5104057779947917, "clip_fraction": 0.8236444444444444, "epsilon": 6.981705044814983, "accuracy": 0.7314, "validation_loss": 0.9261063598632813, "validation_examples": 5000}
{"step": 190, "epoch": 5, "train_loss": 1.3933582763671875, "clip_fraction": 0.816, "gradient_norm_mean": 1069.572375, "gradient_norm_max": 8155.39599609375, "step_seconds": 2.0204686280339956, "innovation_std_sum": 72.22798151648107, "noise_marginal_std_sum": 84.4992665429476}
{"step": 200, "epoch": 5, "train_loss": 1.502102783203125, "clip_fraction": 0.793, "gradient_norm_mean": 1129.41821875, "gradient_norm_max": 8048.328125, "step_seconds": 2.041005102917552, "innovation_std_sum": 72.22798151648107, "noise_marginal_std_sum": 84.4992665429476}
{"step": 210, "epoch": 5, "train_loss": 1.522076416015625, "clip_fraction": 0.76, "gradient_norm_mean": 1103.678140625, "gradient_norm_max": 7362.23486328125, "step_seconds": 1.9937241300940514, "innovation_std_sum": 72.22798151648107, "noise_marginal_std_sum": 84.4992665429476}
{"step": 220, "epoch": 5, "train_loss": 1.4517362670898437, "clip_fraction": 0.796, "gradient_norm_mean": 1168.6455625, "gradient_norm_max": 8182.17724609375, "step_seconds": 2.0205295477062464, "innovation_std_sum": 72.22798151648107, "noise_marginal_std_sum": 84.4992665429476}
{"epoch": 5, "step": 225, "train_loss": 1.4473251559787326, "clip_fraction": 0.7841777777777778, "epsilon": 8.000000000000005, "accuracy": 0.751, "validation_loss": 0.8840582702636719, "validation_examples": 5000}
