Loading weights:   0%|          | 0/39 [00:00<?, ?it/s]Loading weights: 100%|██████████| 39/39 [00:00<00:00, 19374.38it/s]
[transformers] [1mBertModel LOAD REPORT[0m from: /media/data/data/lt/dp-adam-correlated/cache/bert-tiny
Key                                        | Status     |  | 
-------------------------------------------+------------+--+-
cls.predictions.transform.dense.bias       | UNEXPECTED |  | 
cls.predictions.bias                       | UNEXPECTED |  | 
cls.predictions.decoder.weight             | UNEXPECTED |  | 
cls.predictions.transform.LayerNorm.bias   | UNEXPECTED |  | 
cls.predictions.transform.dense.weight     | UNEXPECTED |  | 
cls.seq_relationship.weight                | UNEXPECTED |  | 
cls.predictions.decoder.bias               | UNEXPECTED |  | 
cls.predictions.transform.LayerNorm.weight | UNEXPECTED |  | 
cls.seq_relationship.bias                  | UNEXPECTED |  | 

Notes:
- UNEXPECTED:	can be ignored when loading from different task/architecture; not ok if you expect identical arch.
sys:1: UserWarning: Full backward hook is firing when gradients are computed with respect to module outputs since no inputs require gradients. See https://docs.pytorch.org/docs/main/generated/torch.nn.Module.html#torch.nn.Module.register_full_backward_hook for more details.
{"step": 10, "epoch": 1, "train_loss": 0.6549844970703125, "clip_fraction": 0.059, "gradient_norm_mean": 230.420125, "gradient_norm_max": 421.1861572265625, "step_seconds": 0.19865146838128567, "innovation_std_sum": 753.4116773828302, "noise_marginal_std_sum": 879.9486554334685}
{"step": 20, "epoch": 1, "train_loss": 0.6043359375, "clip_fraction": 0.615, "gradient_norm_mean": 381.821625, "gradient_norm_max": 1001.5894775390625, "step_seconds": 0.2818441390991211, "innovation_std_sum": 753.4116773828302, "noise_marginal_std_sum": 879.9486554334685}
{"step": 30, "epoch": 1, "train_loss": 0.561904052734375, "clip_fraction": 0.548, "gradient_norm_mean": 574.6145, "gradient_norm_max": 2262.16796875, "step_seconds": 0.27412023581564426, "innovation_std_sum": 753.4116773828302, "noise_marginal_std_sum": 879.9486554334685}
{"step": 40, "epoch": 1, "train_loss": 0.6194420166015625, "clip_fraction": 0.447, "gradient_norm_mean": 769.275, "gradient_norm_max": 4975.1904296875, "step_seconds": 0.28285794146358967, "innovation_std_sum": 753.4116773828302, "noise_marginal_std_sum": 879.9486554334685}
{"step": 50, "epoch": 1, "train_loss": 0.67279150390625, "clip_fraction": 0.417, "gradient_norm_mean": 742.813625, "gradient_norm_max": 4863.2861328125, "step_seconds": 0.2751190774142742, "innovation_std_sum": 753.4116773828302, "noise_marginal_std_sum": 879.9486554334685}
{"step": 60, "epoch": 1, "train_loss": 0.6065385131835938, "clip_fraction": 0.398, "gradient_norm_mean": 655.05225, "gradient_norm_max": 4230.37353515625, "step_seconds": 0.28364572674036026, "innovation_std_sum": 753.4116773828302, "noise_marginal_std_sum": 879.9486554334685}
{"epoch": 1, "step": 62, "train_loss": 0.6163982593167213, "clip_fraction": 0.42756451612903223, "epsilon": 3.0540894402664507, "accuracy": 0.7201834862385321, "validation_loss": 0.7600804731386517, "validation_examples": 872}
{"step": 70, "epoch": 2, "train_loss": 0.5713762817382813, "clip_fraction": 0.405, "gradient_norm_mean": 580.008125, "gradient_norm_max": 3344.2138671875, "step_seconds": 0.27371063083410263, "innovation_std_sum": 753.4116773828302, "noise_marginal_std_sum": 879.9486554334685}
{"step": 80, "epoch": 2, "train_loss": 0.5276116333007812, "clip_fraction": 0.381, "gradient_norm_mean": 502.6603125, "gradient_norm_max": 4995.08935546875, "step_seconds": 0.2795754764229059, "innovation_std_sum": 753.4116773828302, "noise_marginal_std_sum": 879.9486554334685}
{"step": 90, "epoch": 2, "train_loss": 0.48510888671875, "clip_fraction": 0.356, "gradient_norm_mean": 450.58009375, "gradient_norm_max": 3945.77197265625, "step_seconds": 0.2924334667623043, "innovation_std_sum": 753.4116773828302, "noise_marginal_std_sum": 879.9486554334685}
{"step": 100, "epoch": 2, "train_loss": 0.5017767944335938, "clip_fraction": 0.358, "gradient_norm_mean": 485.4523125, "gradient_norm_max": 4424.89208984375, "step_seconds": 0.2767921108752489, "innovation_std_sum": 753.4116773828302, "noise_marginal_std_sum": 879.9486554334685}
{"step": 110, "epoch": 2, "train_loss": 0.43226046752929687, "clip_fraction": 0.315, "gradient_norm_mean": 426.2255625, "gradient_norm_max": 4300.314453125, "step_seconds": 0.2781972959637642, "innovation_std_sum": 753.4116773828302, "noise_marginal_std_sum": 879.9486554334685}
{"step": 120, "epoch": 2, "train_loss": 0.4677844848632812, "clip_fraction": 0.333, "gradient_norm_mean": 434.3450625, "gradient_norm_max": 3464.630615234375, "step_seconds": 0.27628897316753864, "innovation_std_sum": 753.4116773828302, "noise_marginal_std_sum": 879.9486554334685}
{"epoch": 2, "step": 124, "train_loss": 0.5057862366707094, "clip_fraction": 0.3554193548387097, "epsilon": 4.610238743691145, "accuracy": 0.7786697247706422, "validation_loss": 0.5748020049628861, "validation_examples": 872}
{"step": 130, "epoch": 3, "train_loss": 0.46690704345703127, "clip_fraction": 0.332, "gradient_norm_mean": 407.770125, "gradient_norm_max": 3346.945068359375, "step_seconds": 0.2912972364574671, "innovation_std_sum": 753.4116773828302, "noise_marginal_std_sum": 879.9486554334685}
{"step": 140, "epoch": 3, "train_loss": 0.4540608520507812, "clip_fraction": 0.305, "gradient_norm_mean": 384.472, "gradient_norm_max": 3957.580810546875, "step_seconds": 0.29101336374878883, "innovation_std_sum": 753.4116773828302, "noise_marginal_std_sum": 879.9486554334685}
{"step": 150, "epoch": 3, "train_loss": 0.46740179443359375, "clip_fraction": 0.296, "gradient_norm_mean": 393.10659375, "gradient_norm_max": 3569.91064453125, "step_seconds": 0.295404190197587, "innovation_std_sum": 753.4116773828302, "noise_marginal_std_sum": 879.9486554334685}
{"step": 160, "epoch": 3, "train_loss": 0.4487949523925781, "clip_fraction": 0.308, "gradient_norm_mean": 385.83609375, "gradient_norm_max": 3653.117431640625, "step_seconds": 0.2895117625594139, "innovation_std_sum": 753.4116773828302, "noise_marginal_std_sum": 879.9486554334685}
{"step": 170, "epoch": 3, "train_loss": 0.4640400085449219, "clip_fraction": 0.311, "gradient_norm_mean": 403.4708125, "gradient_norm_max": 4125.9990234375, "step_seconds": 0.28200449980795383, "innovation_std_sum": 753.4116773828302, "noise_marginal_std_sum": 879.9486554334685}
{"step": 180, "epoch": 3, "train_loss": 0.4210149230957031, "clip_fraction": 0.272, "gradient_norm_mean": 364.429125, "gradient_norm_max": 4681.40771484375, "step_seconds": 0.28926958329975605, "innovation_std_sum": 753.4116773828302, "noise_marginal_std_sum": 879.9486554334685}
{"epoch": 3, "step": 186, "train_loss": 0.44369027857626636, "clip_fraction": 0.29808064516129035, "epsilon": 5.873890881586911, "accuracy": 0.7775229357798165, "validation_loss": 0.5553748235790008, "validation_examples": 872}
{"step": 190, "epoch": 4, "train_loss": 0.4448314208984375, "clip_fraction": 0.284, "gradient_norm_mean": 366.0681875, "gradient_norm_max": 3348.140625, "step_seconds": 0.2820648718625307, "innovation_std_sum": 753.4116773828302, "noise_marginal_std_sum": 879.9486554334685}
{"step": 200, "epoch": 4, "train_loss": 0.43265252685546873, "clip_fraction": 0.275, "gradient_norm_mean": 358.599125, "gradient_norm_max": 4578.7607421875, "step_seconds": 0.1416512355208397, "innovation_std_sum": 753.4116773828302, "noise_marginal_std_sum": 879.9486554334685}
{"step": 210, "epoch": 4, "train_loss": 0.3891563720703125, "clip_fraction": 0.265, "gradient_norm_mean": 371.46284375, "gradient_norm_max": 3613.45849609375, "step_seconds": 0.2909459099173546, "innovation_std_sum": 753.4116773828302, "noise_marginal_std_sum": 879.9486554334685}
{"step": 220, "epoch": 4, "train_loss": 0.4592828369140625, "clip_fraction": 0.274, "gradient_norm_mean": 380.324375, "gradient_norm_max": 4095.422607421875, "step_seconds": 0.29091138765215874, "innovation_std_sum": 753.4116773828302, "noise_marginal_std_sum": 879.9486554334685}
{"step": 230, "epoch": 4, "train_loss": 0.38537188720703125, "clip_fraction": 0.259, "gradient_norm_mean": 341.6316875, "gradient_norm_max": 4590.4443359375, "step_seconds": 0.2921776417642832, "innovation_std_sum": 753.4116773828302, "noise_marginal_std_sum": 879.9486554334685}
{"step": 240, "epoch": 4, "train_loss": 0.43257534790039065, "clip_fraction": 0.276, "gradient_norm_mean": 389.7119375, "gradient_norm_max": 4971.0595703125, "step_seconds": 0.28933497332036495, "innovation_std_sum": 753.4116773828302, "noise_marginal_std_sum": 879.9486554334685}
{"epoch": 4, "step": 248, "train_loss": 0.41420868412140877, "clip_fraction": 0.2627741935483871, "epsilon": 6.985551657770655, "accuracy": 0.7935779816513762, "validation_loss": 0.540500912097616, "validation_examples": 872}
{"step": 250, "epoch": 5, "train_loss": 0.4415906982421875, "clip_fraction": 0.252, "gradient_norm_mean": 331.9536875, "gradient_norm_max": 3825.080322265625, "step_seconds": 0.2786601949483156, "innovation_std_sum": 753.4116773828302, "noise_marginal_std_sum": 879.9486554334685}
{"step": 260, "epoch": 5, "train_loss": 0.408672607421875, "clip_fraction": 0.25, "gradient_norm_mean": 325.228375, "gradient_norm_max": 5242.6044921875, "step_seconds": 0.29035290516912937, "innovation_std_sum": 753.4116773828302, "noise_marginal_std_sum": 879.9486554334685}
{"step": 270, "epoch": 5, "train_loss": 0.4521153564453125, "clip_fraction": 0.258, "gradient_norm_mean": 376.2361875, "gradient_norm_max": 5018.0400390625, "step_seconds": 0.2906394749879837, "innovation_std_sum": 753.4116773828302, "noise_marginal_std_sum": 879.9486554334685}
{"step": 280, "epoch": 5, "train_loss": 0.4305020446777344, "clip_fraction": 0.26, "gradient_norm_mean": 371.86096875, "gradient_norm_max": 5222.59912109375, "step_seconds": 0.27897537872195244, "innovation_std_sum": 753.4116773828302, "noise_marginal_std_sum": 879.9486554334685}
{"step": 290, "epoch": 5, "train_loss": 0.35938037109375, "clip_fraction": 0.222, "gradient_norm_mean": 310.99609375, "gradient_norm_max": 4319.9501953125, "step_seconds": 0.1381913274526596, "innovation_std_sum": 753.4116773828302, "noise_marginal_std_sum": 879.9486554334685}
{"step": 300, "epoch": 5, "train_loss": 0.3492691955566406, "clip_fraction": 0.206, "gradient_norm_mean": 296.58725, "gradient_norm_max": 4055.8291015625, "step_seconds": 0.1341286040842533, "innovation_std_sum": 753.4116773828302, "noise_marginal_std_sum": 879.9486554334685}
{"step": 310, "epoch": 5, "train_loss": 0.413654296875, "clip_fraction": 0.265, "gradient_norm_mean": 347.6875, "gradient_norm_max": 5562.22998046875, "step_seconds": 0.1373730394989252, "innovation_std_sum": 753.4116773828302, "noise_marginal_std_sum": 879.9486554334685}
{"epoch": 5, "step": 310, "train_loss": 0.3994649092151273, "clip_fraction": 0.2445967741935484, "epsilon": 8.000000000000005, "accuracy": 0.7924311926605505, "validation_loss": 0.5500236651219359, "validation_examples": 872}
