/home/longt29/miniconda3/envs/curve/lib/python3.11/site-packages/torchvision/datasets/cifar.py:83: VisibleDeprecationWarning: dtype(): align should be passed as Python or NumPy boolean but got `align=0`. Did you mean to pass a tuple to create a subarray type? (Deprecated NumPy 2.4)
  entry = pickle.load(f, encoding="latin1")
sys:1: UserWarning: Full backward hook is firing when gradients are computed with respect to module outputs since no inputs require gradients. See https://docs.pytorch.org/docs/main/generated/torch.nn.Module.html#torch.nn.Module.register_full_backward_hook for more details.
{"step": 10, "epoch": 1, "train_loss": 4.776865844726562, "clip_fraction": 1.0, "gradient_norm_mean": 182.89825, "gradient_norm_max": 422.9657897949219, "step_seconds": 2.0746916234493256, "innovation_std_sum": 144.0803108758691, "noise_marginal_std_sum": 198.73177379497218}
{"step": 20, "epoch": 1, "train_loss": 4.651224487304687, "clip_fraction": 1.0, "gradient_norm_mean": 155.53518359375, "gradient_norm_max": 294.8460693359375, "step_seconds": 2.150337329134345, "innovation_std_sum": 144.0803108758691, "noise_marginal_std_sum": 198.73177379497218}
{"step": 30, "epoch": 1, "train_loss": 4.593028198242187, "clip_fraction": 1.0, "gradient_norm_mean": 146.89758203125, "gradient_norm_max": 275.51947021484375, "step_seconds": 2.094105765223503, "innovation_std_sum": 144.0803108758691, "noise_marginal_std_sum": 198.73177379497218}
{"step": 40, "epoch": 1, "train_loss": 4.508078125, "clip_fraction": 1.0, "gradient_norm_mean": 146.5451796875, "gradient_norm_max": 309.3370666503906, "step_seconds": 2.1885990034788847, "innovation_std_sum": 144.0803108758691, "noise_marginal_std_sum": 198.73177379497218}
{"epoch": 1, "step": 45, "train_loss": 4.6610003743489585, "clip_fraction": 1.0, "epsilon": 2.805247463992718, "accuracy": 0.0434, "validation_loss": 4.390788012695313, "validation_examples": 5000}
{"step": 50, "epoch": 2, "train_loss": 4.380419311523437, "clip_fraction": 1.0, "gradient_norm_mean": 151.46323828125, "gradient_norm_max": 306.128662109375, "step_seconds": 2.087815510109067, "innovation_std_sum": 144.0803108758691, "noise_marginal_std_sum": 198.73177379497218}
{"step": 60, "epoch": 2, "train_loss": 4.30011669921875, "clip_fraction": 1.0, "gradient_norm_mean": 159.5634453125, "gradient_norm_max": 318.76300048828125, "step_seconds": 2.1497976817190647, "innovation_std_sum": 144.0803108758691, "noise_marginal_std_sum": 198.73177379497218}
{"step": 70, "epoch": 2, "train_loss": 4.183313720703125, "clip_fraction": 1.0, "gradient_norm_mean": 171.77594140625, "gradient_norm_max": 386.72552490234375, "step_seconds": 2.2237780429422855, "innovation_std_sum": 144.0803108758691, "noise_marginal_std_sum": 198.73177379497218}
{"step": 80, "epoch": 2, "train_loss": 4.116317138671875, "clip_fraction": 1.0, "gradient_norm_mean": 182.67948828125, "gradient_norm_max": 381.9685363769531, "step_seconds": 2.181833056733012, "innovation_std_sum": 144.0803108758691, "noise_marginal_std_sum": 198.73177379497218}
{"step": 90, "epoch": 2, "train_loss": 4.037478393554688, "clip_fraction": 1.0, "gradient_norm_mean": 200.06145703125, "gradient_norm_max": 423.8529968261719, "step_seconds": 2.206797940656543, "innovation_std_sum": 144.0803108758691, "noise_marginal_std_sum": 198.73177379497218}
{"epoch": 2, "step": 90, "train_loss": 4.224712683105468, "clip_fraction": 1.0, "epsilon": 4.4474719255524375, "accuracy": 0.1222, "validation_loss": 3.899996643066406, "validation_examples": 5000}
{"step": 100, "epoch": 3, "train_loss": 3.912604187011719, "clip_fraction": 1.0, "gradient_norm_mean": 215.23065234375, "gradient_norm_max": 468.68621826171875, "step_seconds": 2.148686295375228, "innovation_std_sum": 144.0803108758691, "noise_marginal_std_sum": 198.73177379497218}
{"step": 110, "epoch": 3, "train_loss": 3.7592936401367187, "clip_fraction": 1.0, "gradient_norm_mean": 227.34691796875, "gradient_norm_max": 445.76739501953125, "step_seconds": 2.191580753773451, "innovation_std_sum": 144.0803108758691, "noise_marginal_std_sum": 198.73177379497218}
{"step": 120, "epoch": 3, "train_loss": 3.720836669921875, "clip_fraction": 1.0, "gradient_norm_mean": 240.97606640625, "gradient_norm_max": 565.4605102539062, "step_seconds": 2.1954531222581863, "innovation_std_sum": 144.0803108758691, "noise_marginal_std_sum": 198.73177379497218}
{"step": 130, "epoch": 3, "train_loss": 3.5955140380859376, "clip_fraction": 1.0, "gradient_norm_mean": 248.463140625, "gradient_norm_max": 596.4539184570312, "step_seconds": 2.1160618364810944, "innovation_std_sum": 144.0803108758691, "noise_marginal_std_sum": 198.73177379497218}
{"epoch": 3, "step": 135, "train_loss": 3.7543403767903647, "clip_fraction": 1.0, "epsilon": 5.779485746307642, "accuracy": 0.2264, "validation_loss": 3.345372619628906, "validation_examples": 5000}
{"step": 140, "epoch": 4, "train_loss": 3.431770935058594, "clip_fraction": 1.0, "gradient_norm_mean": 256.7386484375, "gradient_norm_max": 764.833740234375, "step_seconds": 2.106106149032712, "innovation_std_sum": 144.0803108758691, "noise_marginal_std_sum": 198.73177379497218}
{"step": 150, "epoch": 4, "train_loss": 3.39770068359375, "clip_fraction": 1.0, "gradient_norm_mean": 265.71587109375, "gradient_norm_max": 763.09912109375, "step_seconds": 2.1503781769424677, "innovation_std_sum": 144.0803108758691, "noise_marginal_std_sum": 198.73177379497218}
{"step": 160, "epoch": 4, "train_loss": 3.2971881103515623, "clip_fraction": 1.0, "gradient_norm_mean": 269.9410859375, "gradient_norm_max": 601.677490234375, "step_seconds": 2.086486926302314, "innovation_std_sum": 144.0803108758691, "noise_marginal_std_sum": 198.73177379497218}
{"step": 170, "epoch": 4, "train_loss": 3.185467468261719, "clip_fraction": 1.0, "gradient_norm_mean": 273.0879453125, "gradient_norm_max": 672.5333251953125, "step_seconds": 2.237076995894313, "innovation_std_sum": 144.0803108758691, "noise_marginal_std_sum": 198.73177379497218}
{"step": 180, "epoch": 4, "train_loss": 3.1473606567382815, "clip_fraction": 1.0, "gradient_norm_mean": 278.20415625, "gradient_norm_max": 744.403564453125, "step_seconds": 2.191848460584879, "innovation_std_sum": 144.0803108758691, "noise_marginal_std_sum": 198.73177379497218}
{"epoch": 4, "step": 180, "train_loss": 3.303525929090712, "clip_fraction": 1.0, "epsilon": 6.943065470652311, "accuracy": 0.3232, "validation_loss": 2.8654668823242186, "validation_examples": 5000}
{"step": 190, "epoch": 5, "train_loss": 3.0502666625976564, "clip_fraction": 1.0, "gradient_norm_mean": 280.4388984375, "gradient_norm_max": 721.0145263671875, "step_seconds": 2.142032401636243, "innovation_std_sum": 144.0803108758691, "noise_marginal_std_sum": 198.73177379497218}
{"step": 200, "epoch": 5, "train_loss": 2.967793273925781, "clip_fraction": 1.0, "gradient_norm_mean": 286.2549453125, "gradient_norm_max": 808.730224609375, "step_seconds": 2.215884018689394, "innovation_std_sum": 144.0803108758691, "noise_marginal_std_sum": 198.73177379497218}
{"step": 210, "epoch": 5, "train_loss": 2.94292822265625, "clip_fraction": 1.0, "gradient_norm_mean": 286.4216875, "gradient_norm_max": 765.6255493164062, "step_seconds": 2.1846725288778543, "innovation_std_sum": 144.0803108758691, "noise_marginal_std_sum": 198.73177379497218}
{"step": 220, "epoch": 5, "train_loss": 2.832975891113281, "clip_fraction": 1.0, "gradient_norm_mean": 288.5622109375, "gradient_norm_max": 849.025146484375, "step_seconds": 2.155420023947954, "innovation_std_sum": 144.0803108758691, "noise_marginal_std_sum": 198.73177379497218}
{"epoch": 5, "step": 225, "train_loss": 2.9326950656467012, "clip_fraction": 0.9999111111111111, "epsilon": 8.000000000000005, "accuracy": 0.4044, "validation_loss": 2.4916469604492186, "validation_examples": 5000}
