Loading weights:   0%|          | 0/39 [00:00<?, ?it/s]Loading weights: 100%|██████████| 39/39 [00:00<00:00, 20330.33it/s]
[transformers] [1mBertModel LOAD REPORT[0m from: /media/data/data/lt/dp-adam-correlated/cache/bert-tiny
Key                                        | Status     |  | 
-------------------------------------------+------------+--+-
cls.predictions.transform.dense.weight     | UNEXPECTED |  | 
cls.predictions.transform.dense.bias       | UNEXPECTED |  | 
cls.seq_relationship.weight                | UNEXPECTED |  | 
cls.predictions.bias                       | UNEXPECTED |  | 
cls.predictions.decoder.bias               | UNEXPECTED |  | 
cls.predictions.decoder.weight             | UNEXPECTED |  | 
cls.predictions.transform.LayerNorm.bias   | UNEXPECTED |  | 
cls.predictions.transform.LayerNorm.weight | UNEXPECTED |  | 
cls.seq_relationship.bias                  | UNEXPECTED |  | 

Notes:
- UNEXPECTED:	can be ignored when loading from different task/architecture; not ok if you expect identical arch.
sys:1: UserWarning: Full backward hook is firing when gradients are computed with respect to module outputs since no inputs require gradients. See https://docs.pytorch.org/docs/main/generated/torch.nn.Module.html#torch.nn.Module.register_full_backward_hook for more details.
{"step": 10, "epoch": 1, "train_loss": 0.6745399169921875, "clip_fraction": 0.0, "gradient_norm_mean": 81.8162890625, "gradient_norm_max": 173.71527099609375, "step_seconds": 0.270642114803195, "innovation_std_sum": 1703.6087683676092, "noise_marginal_std_sum": 1919.5152398998341}
{"step": 20, "epoch": 1, "train_loss": 0.6572593383789063, "clip_fraction": 0.0, "gradient_norm_mean": 46.7065078125, "gradient_norm_max": 102.43152618408203, "step_seconds": 0.2705457042902708, "innovation_std_sum": 1703.6087683676092, "noise_marginal_std_sum": 1919.5152398998341}
{"step": 30, "epoch": 1, "train_loss": 0.661218505859375, "clip_fraction": 0.0, "gradient_norm_mean": 33.1560859375, "gradient_norm_max": 69.13801574707031, "step_seconds": 0.27139912359416485, "innovation_std_sum": 1703.6087683676092, "noise_marginal_std_sum": 1919.5152398998341}
{"step": 40, "epoch": 1, "train_loss": 0.656434814453125, "clip_fraction": 0.0, "gradient_norm_mean": 26.296203125, "gradient_norm_max": 51.24201965332031, "step_seconds": 0.27056335657835007, "innovation_std_sum": 1703.6087683676092, "noise_marginal_std_sum": 1919.5152398998341}
{"step": 50, "epoch": 1, "train_loss": 0.650479248046875, "clip_fraction": 0.0, "gradient_norm_mean": 20.77575390625, "gradient_norm_max": 44.54497146606445, "step_seconds": 0.27097804471850395, "innovation_std_sum": 1703.6087683676092, "noise_marginal_std_sum": 1919.5152398998341}
{"step": 60, "epoch": 1, "train_loss": 0.6445906982421875, "clip_fraction": 0.0, "gradient_norm_mean": 17.174236328125, "gradient_norm_max": 35.692691802978516, "step_seconds": 0.2707706056535244, "innovation_std_sum": 1703.6087683676092, "noise_marginal_std_sum": 1919.5152398998341}
{"epoch": 1, "step": 62, "train_loss": 0.6590201110839844, "clip_fraction": 0.030419354838709677, "epsilon": 0.8225143388537305, "accuracy": 0.6387614678899083, "validation_loss": 0.6508655023137364, "validation_examples": 872}
{"step": 70, "epoch": 2, "train_loss": 0.6450783081054687, "clip_fraction": 0.0, "gradient_norm_mean": 14.8130546875, "gradient_norm_max": 30.678577423095703, "step_seconds": 0.27324308827519417, "innovation_std_sum": 1703.6087683676092, "noise_marginal_std_sum": 1919.5152398998341}
{"step": 80, "epoch": 2, "train_loss": 0.6491093139648437, "clip_fraction": 0.0, "gradient_norm_mean": 13.03283984375, "gradient_norm_max": 25.008628845214844, "step_seconds": 0.2725961487740278, "innovation_std_sum": 1703.6087683676092, "noise_marginal_std_sum": 1919.5152398998341}
{"step": 90, "epoch": 2, "train_loss": 0.6373093872070312, "clip_fraction": 0.0, "gradient_norm_mean": 10.880029296875, "gradient_norm_max": 21.625614166259766, "step_seconds": 0.2570292390882969, "innovation_std_sum": 1703.6087683676092, "noise_marginal_std_sum": 1919.5152398998341}
{"step": 100, "epoch": 2, "train_loss": 0.650036865234375, "clip_fraction": 0.0, "gradient_norm_mean": 9.639876953125, "gradient_norm_max": 19.022886276245117, "step_seconds": 0.27232756465673447, "innovation_std_sum": 1703.6087683676092, "noise_marginal_std_sum": 1919.5152398998341}
{"step": 110, "epoch": 2, "train_loss": 0.6590599365234375, "clip_fraction": 0.0, "gradient_norm_mean": 8.630974609375, "gradient_norm_max": 18.232742309570312, "step_seconds": 0.2731265090405941, "innovation_std_sum": 1703.6087683676092, "noise_marginal_std_sum": 1919.5152398998341}
{"step": 120, "epoch": 2, "train_loss": 0.6505123291015625, "clip_fraction": 0.0, "gradient_norm_mean": 7.48771337890625, "gradient_norm_max": 15.010310173034668, "step_seconds": 0.2719459030777216, "innovation_std_sum": 1703.6087683676092, "noise_marginal_std_sum": 1919.5152398998341}
{"epoch": 2, "step": 124, "train_loss": 0.649270016577936, "clip_fraction": 0.0, "epsilon": 1.203471280513889, "accuracy": 0.6192660550458715, "validation_loss": 0.6688195762284305, "validation_examples": 872}
{"step": 130, "epoch": 3, "train_loss": 0.659303466796875, "clip_fraction": 0.0, "gradient_norm_mean": 6.3921259765625, "gradient_norm_max": 14.164284706115723, "step_seconds": 0.2549880389124155, "innovation_std_sum": 1703.6087683676092, "noise_marginal_std_sum": 1919.5152398998341}
{"step": 140, "epoch": 3, "train_loss": 0.6563634643554688, "clip_fraction": 0.0, "gradient_norm_mean": 5.39078857421875, "gradient_norm_max": 11.064276695251465, "step_seconds": 0.27376428432762623, "innovation_std_sum": 1703.6087683676092, "noise_marginal_std_sum": 1919.5152398998341}
{"step": 150, "epoch": 3, "train_loss": 0.6670811767578125, "clip_fraction": 0.0, "gradient_norm_mean": 4.9155263671875, "gradient_norm_max": 9.969624519348145, "step_seconds": 0.27279174141585827, "innovation_std_sum": 1703.6087683676092, "noise_marginal_std_sum": 1919.5152398998341}
{"step": 160, "epoch": 3, "train_loss": 0.663937255859375, "clip_fraction": 0.0, "gradient_norm_mean": 4.58834033203125, "gradient_norm_max": 10.878934860229492, "step_seconds": 0.26984296925365925, "innovation_std_sum": 1703.6087683676092, "noise_marginal_std_sum": 1919.5152398998341}
{"step": 170, "epoch": 3, "train_loss": 0.6669697875976562, "clip_fraction": 0.0, "gradient_norm_mean": 4.2723369140625, "gradient_norm_max": 9.328818321228027, "step_seconds": 0.27175761945545673, "innovation_std_sum": 1703.6087683676092, "noise_marginal_std_sum": 1919.5152398998341}
{"step": 180, "epoch": 3, "train_loss": 0.6626494750976563, "clip_fraction": 0.0, "gradient_norm_mean": 3.966150390625, "gradient_norm_max": 9.201286315917969, "step_seconds": 0.27423412911593914, "innovation_std_sum": 1703.6087683676092, "noise_marginal_std_sum": 1919.5152398998341}
{"epoch": 3, "step": 186, "train_loss": 0.661584957984186, "clip_fraction": 0.0, "epsilon": 1.5055272783178328, "accuracy": 0.5951834862385321, "validation_loss": 0.6727516585533772, "validation_examples": 872}
{"step": 190, "epoch": 4, "train_loss": 0.6600543212890625, "clip_fraction": 0.0, "gradient_norm_mean": 3.680859130859375, "gradient_norm_max": 6.256954193115234, "step_seconds": 0.2730307709425688, "innovation_std_sum": 1703.6087683676092, "noise_marginal_std_sum": 1919.5152398998341}
{"step": 200, "epoch": 4, "train_loss": 0.6679185791015625, "clip_fraction": 0.0, "gradient_norm_mean": 3.59284130859375, "gradient_norm_max": 6.332921504974365, "step_seconds": 0.2761331256479025, "innovation_std_sum": 1703.6087683676092, "noise_marginal_std_sum": 1919.5152398998341}
{"step": 210, "epoch": 4, "train_loss": 0.6668582763671875, "clip_fraction": 0.0, "gradient_norm_mean": 3.41025732421875, "gradient_norm_max": 6.419605255126953, "step_seconds": 0.2678744066506624, "innovation_std_sum": 1703.6087683676092, "noise_marginal_std_sum": 1919.5152398998341}
{"step": 220, "epoch": 4, "train_loss": 0.67181005859375, "clip_fraction": 0.0, "gradient_norm_mean": 3.1160107421875, "gradient_norm_max": 5.77539587020874, "step_seconds": 0.2774760313332081, "innovation_std_sum": 1703.6087683676092, "noise_marginal_std_sum": 1919.5152398998341}
{"step": 230, "epoch": 4, "train_loss": 0.6762753295898437, "clip_fraction": 0.0, "gradient_norm_mean": 2.89401806640625, "gradient_norm_max": 5.536184310913086, "step_seconds": 0.2756183594465256, "innovation_std_sum": 1703.6087683676092, "noise_marginal_std_sum": 1919.5152398998341}
{"step": 240, "epoch": 4, "train_loss": 0.6832488403320313, "clip_fraction": 0.0, "gradient_norm_mean": 2.726635498046875, "gradient_norm_max": 8.128933906555176, "step_seconds": 0.27585297636687756, "innovation_std_sum": 1703.6087683676092, "noise_marginal_std_sum": 1919.5152398998341}
{"epoch": 4, "step": 248, "train_loss": 0.6715962868967363, "clip_fraction": 0.0, "epsilon": 1.7661340803270051, "accuracy": 0.5103211009174312, "validation_loss": 0.7059261339520095, "validation_examples": 872}
{"step": 250, "epoch": 5, "train_loss": 0.69436572265625, "clip_fraction": 0.0, "gradient_norm_mean": 2.60917431640625, "gradient_norm_max": 4.571042060852051, "step_seconds": 0.2546108327805996, "innovation_std_sum": 1703.6087683676092, "noise_marginal_std_sum": 1919.5152398998341}
{"step": 260, "epoch": 5, "train_loss": 0.6795142822265625, "clip_fraction": 0.0, "gradient_norm_mean": 2.4819521484375, "gradient_norm_max": 5.290961742401123, "step_seconds": 0.27509527653455734, "innovation_std_sum": 1703.6087683676092, "noise_marginal_std_sum": 1919.5152398998341}
{"step": 270, "epoch": 5, "train_loss": 0.684616943359375, "clip_fraction": 0.0, "gradient_norm_mean": 2.340838134765625, "gradient_norm_max": 4.561694145202637, "step_seconds": 0.2755461763590574, "innovation_std_sum": 1703.6087683676092, "noise_marginal_std_sum": 1919.5152398998341}
{"step": 280, "epoch": 5, "train_loss": 0.6861392822265625, "clip_fraction": 0.0, "gradient_norm_mean": 2.2515986328125, "gradient_norm_max": 4.072938442230225, "step_seconds": 0.2755099069327116, "innovation_std_sum": 1703.6087683676092, "noise_marginal_std_sum": 1919.5152398998341}
{"step": 290, "epoch": 5, "train_loss": 0.6889254150390625, "clip_fraction": 0.0, "gradient_norm_mean": 2.16648828125, "gradient_norm_max": 5.772721290588379, "step_seconds": 0.2749842703342438, "innovation_std_sum": 1703.6087683676092, "noise_marginal_std_sum": 1919.5152398998341}
{"step": 300, "epoch": 5, "train_loss": 0.6855258178710938, "clip_fraction": 0.0, "gradient_norm_mean": 2.0399866943359375, "gradient_norm_max": 3.724560260772705, "step_seconds": 0.27510499954223633, "innovation_std_sum": 1703.6087683676092, "noise_marginal_std_sum": 1919.5152398998341}
{"step": 310, "epoch": 5, "train_loss": 0.6795228881835937, "clip_fraction": 0.0, "gradient_norm_mean": 2.0379959716796874, "gradient_norm_max": 5.2863359451293945, "step_seconds": 0.2750621810555458, "innovation_std_sum": 1703.6087683676092, "noise_marginal_std_sum": 1919.5152398998341}
{"epoch": 5, "step": 310, "train_loss": 0.6837703916488155, "clip_fraction": 0.0, "epsilon": 2.0000000000008775, "accuracy": 0.5321100917431193, "validation_loss": 0.6823784451965892, "validation_examples": 872}
