Loading weights:   0%|          | 0/39 [00:00<?, ?it/s]Loading weights: 100%|██████████| 39/39 [00:00<00:00, 7657.06it/s]
[transformers] [1mBertModel LOAD REPORT[0m from: /media/data/data/lt/dp-adam-correlated/cache/bert-tiny
Key                                        | Status     |  | 
-------------------------------------------+------------+--+-
cls.seq_relationship.bias                  | UNEXPECTED |  | 
cls.predictions.transform.dense.bias       | UNEXPECTED |  | 
cls.seq_relationship.weight                | UNEXPECTED |  | 
cls.predictions.transform.LayerNorm.weight | UNEXPECTED |  | 
cls.predictions.decoder.bias               | UNEXPECTED |  | 
cls.predictions.decoder.weight             | UNEXPECTED |  | 
cls.predictions.transform.LayerNorm.bias   | UNEXPECTED |  | 
cls.predictions.transform.dense.weight     | UNEXPECTED |  | 
cls.predictions.bias                       | UNEXPECTED |  | 

Notes:
- UNEXPECTED:	can be ignored when loading from different task/architecture; not ok if you expect identical arch.
sys:1: UserWarning: Full backward hook is firing when gradients are computed with respect to module outputs since no inputs require gradients. See https://docs.pytorch.org/docs/main/generated/torch.nn.Module.html#torch.nn.Module.register_full_backward_hook for more details.
{"step": 62, "epoch": 1.0, "train_loss": 1.1974630688082788, "clip_fraction": 0.7740645161290324, "validation_loss": 1.5779992654671688, "accuracy": 0.557861282482707, "validation_examples": 5349, "epsilon": 2.983473211150575}
{"step": 124, "epoch": 2.0, "train_loss": 1.3767900548135084, "clip_fraction": 0.7520000000000001, "validation_loss": 1.4704871998699742, "accuracy": 0.557861282482707, "validation_examples": 5349, "epsilon": 4.566965972959099}
{"step": 186, "epoch": 3.0, "train_loss": 1.0704965042606476, "clip_fraction": 0.8096129032258065, "validation_loss": 1.005628437834558, "accuracy": 0.6380631893811928, "validation_examples": 5349, "epsilon": 5.849088165717442}
{"step": 248, "epoch": 4.0, "train_loss": 0.8441038050497733, "clip_fraction": 0.7947096774193548, "validation_loss": 0.9382525472735485, "accuracy": 0.716021686296504, "validation_examples": 5349, "epsilon": 6.974398475295216}
{"step": 310, "epoch": 5.0, "train_loss": 0.9799866707094255, "clip_fraction": 0.6529193548387096, "validation_loss": 1.0406000790227838, "accuracy": 0.7451860160777716, "validation_examples": 5349, "epsilon": 8.000000000000005}
