/home/longt29/miniconda3/envs/curve/lib/python3.11/site-packages/torchvision/datasets/cifar.py:83: VisibleDeprecationWarning: dtype(): align should be passed as Python or NumPy boolean but got `align=0`. Did you mean to pass a tuple to create a subarray type? (Deprecated NumPy 2.4)
  entry = pickle.load(f, encoding="latin1")
sys:1: UserWarning: Full backward hook is firing when gradients are computed with respect to module outputs since no inputs require gradients. See https://docs.pytorch.org/docs/main/generated/torch.nn.Module.html#torch.nn.Module.register_full_backward_hook for more details.
{"step": 10, "epoch": 1, "train_loss": 4.581847412109375, "clip_fraction": 0.292, "gradient_norm_mean": 92.4210234375, "gradient_norm_max": 183.14401245117188, "step_seconds": 1.9515862986445427, "innovation_std_sum": 480.2677029195636, "noise_marginal_std_sum": 662.4392459832405}
{"step": 20, "epoch": 1, "train_loss": 4.378738037109375, "clip_fraction": 0.148, "gradient_norm_mean": 82.3856484375, "gradient_norm_max": 161.73074340820312, "step_seconds": 1.9709838405251503, "innovation_std_sum": 480.2677029195636, "noise_marginal_std_sum": 662.4392459832405}
{"step": 30, "epoch": 1, "train_loss": 4.187903930664063, "clip_fraction": 0.346, "gradient_norm_mean": 93.383748046875, "gradient_norm_max": 169.81173706054688, "step_seconds": 1.976285533979535, "innovation_std_sum": 480.2677029195636, "noise_marginal_std_sum": 662.4392459832405}
{"step": 40, "epoch": 1, "train_loss": 3.9488587036132814, "clip_fraction": 0.638, "gradient_norm_mean": 111.8906796875, "gradient_norm_max": 208.04881286621094, "step_seconds": 2.0005717296153307, "innovation_std_sum": 480.2677029195636, "noise_marginal_std_sum": 662.4392459832405}
{"epoch": 1, "step": 45, "train_loss": 4.318437692599827, "clip_fraction": 0.4467111111111111, "epsilon": 2.805247463992718, "accuracy": 0.193, "validation_loss": 3.563081701660156, "validation_examples": 5000}
{"step": 50, "epoch": 2, "train_loss": 3.5679682006835938, "clip_fraction": 0.823, "gradient_norm_mean": 124.89217578125, "gradient_norm_max": 275.0921936035156, "step_seconds": 1.9510895367711782, "innovation_std_sum": 480.2677029195636, "noise_marginal_std_sum": 662.4392459832405}
{"step": 60, "epoch": 2, "train_loss": 3.325744384765625, "clip_fraction": 0.891, "gradient_norm_mean": 136.90375390625, "gradient_norm_max": 444.2364807128906, "step_seconds": 1.968530897051096, "innovation_std_sum": 480.2677029195636, "noise_marginal_std_sum": 662.4392459832405}
{"step": 70, "epoch": 2, "train_loss": 2.9975342407226564, "clip_fraction": 0.878, "gradient_norm_mean": 139.1205390625, "gradient_norm_max": 391.78155517578125, "step_seconds": 1.9907304551452398, "innovation_std_sum": 480.2677029195636, "noise_marginal_std_sum": 662.4392459832405}
{"step": 80, "epoch": 2, "train_loss": 2.883434326171875, "clip_fraction": 0.89, "gradient_norm_mean": 144.45263671875, "gradient_norm_max": 506.2137145996094, "step_seconds": 2.027434267103672, "innovation_std_sum": 480.2677029195636, "noise_marginal_std_sum": 662.4392459832405}
{"step": 90, "epoch": 2, "train_loss": 2.709525390625, "clip_fraction": 0.877, "gradient_norm_mean": 145.380734375, "gradient_norm_max": 509.1358337402344, "step_seconds": 2.003001853823662, "innovation_std_sum": 480.2677029195636, "noise_marginal_std_sum": 662.4392459832405}
{"epoch": 2, "step": 90, "train_loss": 3.142514326985677, "clip_fraction": 0.8669111111111111, "epsilon": 4.447471925552444, "accuracy": 0.4438, "validation_loss": 2.328382763671875, "validation_examples": 5000}
{"step": 100, "epoch": 3, "train_loss": 2.4857587890625, "clip_fraction": 0.835, "gradient_norm_mean": 144.74871484375, "gradient_norm_max": 461.8113098144531, "step_seconds": 1.9700069520622492, "innovation_std_sum": 480.2677029195636, "noise_marginal_std_sum": 662.4392459832405}
{"step": 110, "epoch": 3, "train_loss": 2.3584439086914064, "clip_fraction": 0.813, "gradient_norm_mean": 142.75915234375, "gradient_norm_max": 886.7188110351562, "step_seconds": 1.9770494531840086, "innovation_std_sum": 480.2677029195636, "noise_marginal_std_sum": 662.4392459832405}
{"step": 120, "epoch": 3, "train_loss": 2.2671506958007814, "clip_fraction": 0.784, "gradient_norm_mean": 144.30156640625, "gradient_norm_max": 627.640380859375, "step_seconds": 1.9818012341856956, "innovation_std_sum": 480.2677029195636, "noise_marginal_std_sum": 662.4392459832405}
{"step": 130, "epoch": 3, "train_loss": 2.141869384765625, "clip_fraction": 0.744, "gradient_norm_mean": 140.21722265625, "gradient_norm_max": 474.9862365722656, "step_seconds": 1.9851019866764545, "innovation_std_sum": 480.2677029195636, "noise_marginal_std_sum": 662.4392459832405}
{"epoch": 3, "step": 135, "train_loss": 2.3615943739149308, "clip_fraction": 0.7892, "epsilon": 5.779485746307642, "accuracy": 0.572, "validation_loss": 1.7214450439453124, "validation_examples": 5000}
{"step": 140, "epoch": 4, "train_loss": 2.068426696777344, "clip_fraction": 0.693, "gradient_norm_mean": 138.3185234375, "gradient_norm_max": 726.8338012695312, "step_seconds": 1.9561854265630245, "innovation_std_sum": 480.2677029195636, "noise_marginal_std_sum": 662.4392459832405}
{"step": 150, "epoch": 4, "train_loss": 2.0553517150878906, "clip_fraction": 0.694, "gradient_norm_mean": 141.00256640625, "gradient_norm_max": 763.8013305664062, "step_seconds": 1.9726541880518198, "innovation_std_sum": 480.2677029195636, "noise_marginal_std_sum": 662.4392459832405}
{"step": 160, "epoch": 4, "train_loss": 2.02085107421875, "clip_fraction": 0.679, "gradient_norm_mean": 142.836755859375, "gradient_norm_max": 639.3822021484375, "step_seconds": 2.001486614346504, "innovation_std_sum": 480.2677029195636, "noise_marginal_std_sum": 662.4392459832405}
{"step": 170, "epoch": 4, "train_loss": 1.8813489379882813, "clip_fraction": 0.652, "gradient_norm_mean": 135.92666796875, "gradient_norm_max": 569.3907470703125, "step_seconds": 2.0299733448773623, "innovation_std_sum": 480.2677029195636, "noise_marginal_std_sum": 662.4392459832405}
{"step": 180, "epoch": 4, "train_loss": 1.86914013671875, "clip_fraction": 0.66, "gradient_norm_mean": 135.184072265625, "gradient_norm_max": 544.9143676757812, "step_seconds": 2.007540425285697, "innovation_std_sum": 480.2677029195636, "noise_marginal_std_sum": 662.4392459832405}
{"epoch": 4, "step": 180, "train_loss": 1.9824883612738715, "clip_fraction": 0.6906222222222222, "epsilon": 6.943065470652319, "accuracy": 0.6384, "validation_loss": 1.4062084411621094, "validation_examples": 5000}
{"step": 190, "epoch": 5, "train_loss": 1.800241943359375, "clip_fraction": 0.648, "gradient_norm_mean": 136.13321875, "gradient_norm_max": 565.899169921875, "step_seconds": 1.9598628468811512, "innovation_std_sum": 480.2677029195636, "noise_marginal_std_sum": 662.4392459832405}
{"step": 200, "epoch": 5, "train_loss": 1.7960618896484375, "clip_fraction": 0.657, "gradient_norm_mean": 137.9651796875, "gradient_norm_max": 766.9277954101562, "step_seconds": 1.9734849892556667, "innovation_std_sum": 480.2677029195636, "noise_marginal_std_sum": 662.4392459832405}
{"step": 210, "epoch": 5, "train_loss": 1.8090285034179687, "clip_fraction": 0.634, "gradient_norm_mean": 135.788279296875, "gradient_norm_max": 648.6556396484375, "step_seconds": 1.9910181798040867, "innovation_std_sum": 480.2677029195636, "noise_marginal_std_sum": 662.4392459832405}
{"step": 220, "epoch": 5, "train_loss": 1.7025878295898438, "clip_fraction": 0.625, "gradient_norm_mean": 136.7417734375, "gradient_norm_max": 620.5013427734375, "step_seconds": 2.002036603167653, "innovation_std_sum": 480.2677029195636, "noise_marginal_std_sum": 662.4392459832405}
{"epoch": 5, "step": 225, "train_loss": 1.7605773701985676, "clip_fraction": 0.631, "epsilon": 8.000000000000005, "accuracy": 0.6726, "validation_loss": 1.219492724609375, "validation_examples": 5000}
