/home/longt29/miniconda3/envs/curve/lib/python3.11/site-packages/torchvision/datasets/cifar.py:83: VisibleDeprecationWarning: dtype(): align should be passed as Python or NumPy boolean but got `align=0`. Did you mean to pass a tuple to create a subarray type? (Deprecated NumPy 2.4)
  entry = pickle.load(f, encoding="latin1")
sys:1: UserWarning: Full backward hook is firing when gradients are computed with respect to module outputs since no inputs require gradients. See https://docs.pytorch.org/docs/main/generated/torch.nn.Module.html#torch.nn.Module.register_full_backward_hook for more details.
{"step": 10, "epoch": 1, "train_loss": 4.237857299804688, "clip_fraction": 0.958, "gradient_norm_mean": 141.90433203125, "gradient_norm_max": 274.17327880859375, "step_seconds": 1.981865270063281, "innovation_std_sum": 240.75993838827023, "noise_marginal_std_sum": 281.66422180982534}
{"step": 20, "epoch": 1, "train_loss": 3.3883864135742185, "clip_fraction": 1.0, "gradient_norm_mean": 255.63798046875, "gradient_norm_max": 650.2536010742188, "step_seconds": 2.0203926973044872, "innovation_std_sum": 240.75993838827023, "noise_marginal_std_sum": 281.66422180982534}
{"step": 30, "epoch": 1, "train_loss": 2.798292236328125, "clip_fraction": 0.969, "gradient_norm_mean": 274.9061015625, "gradient_norm_max": 784.2879028320312, "step_seconds": 2.0367929451167583, "innovation_std_sum": 240.75993838827023, "noise_marginal_std_sum": 281.66422180982534}
{"step": 40, "epoch": 1, "train_loss": 2.459413513183594, "clip_fraction": 0.929, "gradient_norm_mean": 286.778125, "gradient_norm_max": 1019.3567504882812, "step_seconds": 2.046551024541259, "innovation_std_sum": 240.75993838827023, "noise_marginal_std_sum": 281.66422180982534}
{"epoch": 1, "step": 45, "train_loss": 3.3763334974500867, "clip_fraction": 0.9623555555555555, "epsilon": 3.0297011451528837, "accuracy": 0.5156, "validation_loss": 1.8168959045410156, "validation_examples": 5000}
{"step": 50, "epoch": 2, "train_loss": 2.165402587890625, "clip_fraction": 0.866, "gradient_norm_mean": 275.432234375, "gradient_norm_max": 1181.2010498046875, "step_seconds": 2.000720290467143, "innovation_std_sum": 240.75993838827023, "noise_marginal_std_sum": 281.66422180982534}
{"step": 60, "epoch": 2, "train_loss": 2.0701578674316408, "clip_fraction": 0.845, "gradient_norm_mean": 280.5836015625, "gradient_norm_max": 1214.1156005859375, "step_seconds": 2.0018441043794155, "innovation_std_sum": 240.75993838827023, "noise_marginal_std_sum": 281.66422180982534}
{"step": 70, "epoch": 2, "train_loss": 1.8292796325683593, "clip_fraction": 0.792, "gradient_norm_mean": 261.17638671875, "gradient_norm_max": 1445.727294921875, "step_seconds": 2.0108953714370728, "innovation_std_sum": 240.75993838827023, "noise_marginal_std_sum": 281.66422180982534}
{"step": 80, "epoch": 2, "train_loss": 1.8459677734375, "clip_fraction": 0.795, "gradient_norm_mean": 281.0848359375, "gradient_norm_max": 1518.815185546875, "step_seconds": 1.9974980168044567, "innovation_std_sum": 240.75993838827023, "noise_marginal_std_sum": 281.66422180982534}
{"step": 90, "epoch": 2, "train_loss": 1.7188504638671875, "clip_fraction": 0.77, "gradient_norm_mean": 278.59815625, "gradient_norm_max": 1436.6287841796875, "step_seconds": 1.988389367237687, "innovation_std_sum": 240.75993838827023, "noise_marginal_std_sum": 281.66422180982534}
{"epoch": 2, "step": 90, "train_loss": 1.9320907945421006, "clip_fraction": 0.8196444444444444, "epsilon": 4.5953206372907065, "accuracy": 0.6646, "validation_loss": 1.183642889404297, "validation_examples": 5000}
{"step": 100, "epoch": 3, "train_loss": 1.5631391906738281, "clip_fraction": 0.747, "gradient_norm_mean": 264.24046875, "gradient_norm_max": 1264.8272705078125, "step_seconds": 2.0462961085140705, "innovation_std_sum": 240.75993838827023, "noise_marginal_std_sum": 281.66422180982534}
{"step": 110, "epoch": 3, "train_loss": 1.5317089538574218, "clip_fraction": 0.719, "gradient_norm_mean": 266.3745546875, "gradient_norm_max": 1691.5452880859375, "step_seconds": 2.004566779360175, "innovation_std_sum": 240.75993838827023, "noise_marginal_std_sum": 281.66422180982534}
{"step": 120, "epoch": 3, "train_loss": 1.4816446228027345, "clip_fraction": 0.698, "gradient_norm_mean": 265.6048046875, "gradient_norm_max": 2260.211669921875, "step_seconds": 2.011642038822174, "innovation_std_sum": 240.75993838827023, "noise_marginal_std_sum": 281.66422180982534}
{"step": 130, "epoch": 3, "train_loss": 1.4623171997070312, "clip_fraction": 0.675, "gradient_norm_mean": 267.61812890625, "gradient_norm_max": 2385.06103515625, "step_seconds": 2.2179692462086678, "innovation_std_sum": 240.75993838827023, "noise_marginal_std_sum": 281.66422180982534}
{"epoch": 3, "step": 135, "train_loss": 1.5758874688042535, "clip_fraction": 0.7111555555555555, "epsilon": 5.865340104265841, "accuracy": 0.7192, "validation_loss": 0.9627697113037109, "validation_examples": 5000}
{"step": 140, "epoch": 4, "train_loss": 1.5231796875, "clip_fraction": 0.659, "gradient_norm_mean": 263.8066484375, "gradient_norm_max": 1412.4495849609375, "step_seconds": 2.033154010772705, "innovation_std_sum": 240.75993838827023, "noise_marginal_std_sum": 281.66422180982534}
{"step": 150, "epoch": 4, "train_loss": 1.4675550537109374, "clip_fraction": 0.653, "gradient_norm_mean": 267.8599765625, "gradient_norm_max": 1832.25048828125, "step_seconds": 2.0046738740056753, "innovation_std_sum": 240.75993838827023, "noise_marginal_std_sum": 281.66422180982534}
{"step": 160, "epoch": 4, "train_loss": 1.4692897338867188, "clip_fraction": 0.659, "gradient_norm_mean": 266.720703125, "gradient_norm_max": 1449.184326171875, "step_seconds": 2.0118405763059855, "innovation_std_sum": 240.75993838827023, "noise_marginal_std_sum": 281.66422180982534}
{"step": 170, "epoch": 4, "train_loss": 1.4519122924804688, "clip_fraction": 0.639, "gradient_norm_mean": 260.22892578125, "gradient_norm_max": 1631.730712890625, "step_seconds": 2.0145957935601473, "innovation_std_sum": 240.75993838827023, "noise_marginal_std_sum": 281.66422180982534}
{"step": 180, "epoch": 4, "train_loss": 1.4063406982421875, "clip_fraction": 0.635, "gradient_norm_mean": 264.147046875, "gradient_norm_max": 1732.7691650390625, "step_seconds": 2.0158508233726025, "innovation_std_sum": 240.75993838827023, "noise_marginal_std_sum": 281.66422180982534}
{"epoch": 4, "step": 180, "train_loss": 1.448953003607856, "clip_fraction": 0.6559777777777778, "epsilon": 6.9817050448149836, "accuracy": 0.744, "validation_loss": 0.8783895111083985, "validation_examples": 5000}
{"step": 190, "epoch": 5, "train_loss": 1.3376835632324218, "clip_fraction": 0.621, "gradient_norm_mean": 257.83750390625, "gradient_norm_max": 1802.89208984375, "step_seconds": 2.0415998101234436, "innovation_std_sum": 240.75993838827023, "noise_marginal_std_sum": 281.66422180982534}
{"step": 200, "epoch": 5, "train_loss": 1.4174264221191406, "clip_fraction": 0.643, "gradient_norm_mean": 269.32814453125, "gradient_norm_max": 1514.77734375, "step_seconds": 2.0341356936842203, "innovation_std_sum": 240.75993838827023, "noise_marginal_std_sum": 281.66422180982534}
{"step": 210, "epoch": 5, "train_loss": 1.446630126953125, "clip_fraction": 0.616, "gradient_norm_mean": 264.3878125, "gradient_norm_max": 1524.833984375, "step_seconds": 2.034980982542038, "innovation_std_sum": 240.75993838827023, "noise_marginal_std_sum": 281.66422180982534}
{"step": 220, "epoch": 5, "train_loss": 1.3662479248046875, "clip_fraction": 0.644, "gradient_norm_mean": 278.6859140625, "gradient_norm_max": 1746.2589111328125, "step_seconds": 2.0214030630886555, "innovation_std_sum": 240.75993838827023, "noise_marginal_std_sum": 281.66422180982534}
{"epoch": 5, "step": 225, "train_loss": 1.3780989230685763, "clip_fraction": 0.6211777777777778, "epsilon": 8.000000000000005, "accuracy": 0.7534, "validation_loss": 0.8403529876708984, "validation_examples": 5000}
