Loading weights:   0%|          | 0/39 [00:00<?, ?it/s]Loading weights: 100%|██████████| 39/39 [00:00<00:00, 16347.98it/s]
[transformers] [1mBertModel LOAD REPORT[0m from: /media/data/data/lt/dp-adam-correlated/cache/bert-tiny
Key                                        | Status     |  | 
-------------------------------------------+------------+--+-
cls.predictions.transform.LayerNorm.weight | UNEXPECTED |  | 
cls.predictions.bias                       | UNEXPECTED |  | 
cls.predictions.transform.dense.weight     | UNEXPECTED |  | 
cls.predictions.transform.dense.bias       | UNEXPECTED |  | 
cls.seq_relationship.bias                  | UNEXPECTED |  | 
cls.seq_relationship.weight                | UNEXPECTED |  | 
cls.predictions.transform.LayerNorm.bias   | UNEXPECTED |  | 
cls.predictions.decoder.bias               | UNEXPECTED |  | 
cls.predictions.decoder.weight             | UNEXPECTED |  | 

Notes:
- UNEXPECTED:	can be ignored when loading from different task/architecture; not ok if you expect identical arch.
sys:1: UserWarning: Full backward hook is firing when gradients are computed with respect to module outputs since no inputs require gradients. See https://docs.pytorch.org/docs/main/generated/torch.nn.Module.html#torch.nn.Module.register_full_backward_hook for more details.
{"step": 10, "epoch": 1, "train_loss": 0.6902982177734375, "clip_fraction": 0.0, "gradient_norm_mean": 27.27184765625, "gradient_norm_max": 42.197288513183594, "step_seconds": 0.2628598529845476, "innovation_std_sum": 753.4116773828302, "noise_marginal_std_sum": 879.9486554334685}
{"step": 20, "epoch": 1, "train_loss": 0.678516357421875, "clip_fraction": 0.0, "gradient_norm_mean": 22.9648828125, "gradient_norm_max": 37.00721740722656, "step_seconds": 0.2671636566519737, "innovation_std_sum": 753.4116773828302, "noise_marginal_std_sum": 879.9486554334685}
{"step": 30, "epoch": 1, "train_loss": 0.6775491943359375, "clip_fraction": 0.0, "gradient_norm_mean": 21.211814453125, "gradient_norm_max": 34.0062141418457, "step_seconds": 0.2658232692629099, "innovation_std_sum": 753.4116773828302, "noise_marginal_std_sum": 879.9486554334685}
{"step": 40, "epoch": 1, "train_loss": 0.672259033203125, "clip_fraction": 0.0, "gradient_norm_mean": 20.25072265625, "gradient_norm_max": 29.705991744995117, "step_seconds": 0.26625353284180164, "innovation_std_sum": 753.4116773828302, "noise_marginal_std_sum": 879.9486554334685}
{"step": 50, "epoch": 1, "train_loss": 0.674052001953125, "clip_fraction": 0.0, "gradient_norm_mean": 19.84132421875, "gradient_norm_max": 27.669111251831055, "step_seconds": 0.2664075344800949, "innovation_std_sum": 753.4116773828302, "noise_marginal_std_sum": 879.9486554334685}
{"step": 60, "epoch": 1, "train_loss": 0.6746347045898438, "clip_fraction": 0.0, "gradient_norm_mean": 19.57355859375, "gradient_norm_max": 32.83394241333008, "step_seconds": 0.2690872009843588, "innovation_std_sum": 753.4116773828302, "noise_marginal_std_sum": 879.9486554334685}
{"epoch": 1, "step": 62, "train_loss": 0.678485096593057, "clip_fraction": 0.0, "epsilon": 3.0540894402664507, "accuracy": 0.5591699383062254, "validation_loss": 0.6696585410776529, "validation_examples": 5349}
{"step": 70, "epoch": 2, "train_loss": 0.6652495727539063, "clip_fraction": 0.0, "gradient_norm_mean": 19.12095703125, "gradient_norm_max": 27.74083137512207, "step_seconds": 0.2665683180093765, "innovation_std_sum": 753.4116773828302, "noise_marginal_std_sum": 879.9486554334685}
{"step": 80, "epoch": 2, "train_loss": 0.670176513671875, "clip_fraction": 0.0, "gradient_norm_mean": 19.152826171875, "gradient_norm_max": 28.235116958618164, "step_seconds": 0.26819615811109543, "innovation_std_sum": 753.4116773828302, "noise_marginal_std_sum": 879.9486554334685}
{"step": 90, "epoch": 2, "train_loss": 0.663929443359375, "clip_fraction": 0.0, "gradient_norm_mean": 19.025431640625, "gradient_norm_max": 28.635887145996094, "step_seconds": 0.2685754168778658, "innovation_std_sum": 753.4116773828302, "noise_marginal_std_sum": 879.9486554334685}
{"step": 100, "epoch": 2, "train_loss": 0.669487548828125, "clip_fraction": 0.0, "gradient_norm_mean": 19.048357421875, "gradient_norm_max": 29.869491577148438, "step_seconds": 0.2698683962225914, "innovation_std_sum": 753.4116773828302, "noise_marginal_std_sum": 879.9486554334685}
{"step": 110, "epoch": 2, "train_loss": 0.6657001953125, "clip_fraction": 0.0, "gradient_norm_mean": 19.054912109375, "gradient_norm_max": 30.324533462524414, "step_seconds": 0.2691165115684271, "innovation_std_sum": 753.4116773828302, "noise_marginal_std_sum": 879.9486554334685}
{"step": 120, "epoch": 2, "train_loss": 0.6675303955078125, "clip_fraction": 0.0, "gradient_norm_mean": 19.3514765625, "gradient_norm_max": 30.37436866760254, "step_seconds": 0.2685964349657297, "innovation_std_sum": 753.4116773828302, "noise_marginal_std_sum": 879.9486554334685}
{"epoch": 2, "step": 124, "train_loss": 0.6668714255056074, "clip_fraction": 0.0, "epsilon": 4.610238743691145, "accuracy": 0.5830996447934194, "validation_loss": 0.6596510482962097, "validation_examples": 5349}
{"step": 130, "epoch": 3, "train_loss": 0.6567718505859375, "clip_fraction": 0.0, "gradient_norm_mean": 19.08940234375, "gradient_norm_max": 33.097076416015625, "step_seconds": 0.27134642750024796, "innovation_std_sum": 753.4116773828302, "noise_marginal_std_sum": 879.9486554334685}
{"step": 140, "epoch": 3, "train_loss": 0.662516845703125, "clip_fraction": 0.0, "gradient_norm_mean": 19.3078125, "gradient_norm_max": 30.657772064208984, "step_seconds": 0.26780123077332973, "innovation_std_sum": 753.4116773828302, "noise_marginal_std_sum": 879.9486554334685}
{"step": 150, "epoch": 3, "train_loss": 0.6560738525390625, "clip_fraction": 0.0, "gradient_norm_mean": 19.505927734375, "gradient_norm_max": 30.281429290771484, "step_seconds": 0.27199396304786205, "innovation_std_sum": 753.4116773828302, "noise_marginal_std_sum": 879.9486554334685}
{"step": 160, "epoch": 3, "train_loss": 0.660415771484375, "clip_fraction": 0.0, "gradient_norm_mean": 19.704818359375, "gradient_norm_max": 38.56937026977539, "step_seconds": 0.27092934399843216, "innovation_std_sum": 753.4116773828302, "noise_marginal_std_sum": 879.9486554334685}
{"step": 170, "epoch": 3, "train_loss": 0.6536671142578125, "clip_fraction": 0.0, "gradient_norm_mean": 19.82335546875, "gradient_norm_max": 32.2681884765625, "step_seconds": 0.27110899053514004, "innovation_std_sum": 753.4116773828302, "noise_marginal_std_sum": 879.9486554334685}
{"step": 180, "epoch": 3, "train_loss": 0.6603065185546875, "clip_fraction": 0.0, "gradient_norm_mean": 20.058080078125, "gradient_norm_max": 39.222991943359375, "step_seconds": 0.2668529096990824, "innovation_std_sum": 753.4116773828302, "noise_marginal_std_sum": 879.9486554334685}
{"epoch": 3, "step": 186, "train_loss": 0.6578593897665701, "clip_fraction": 0.0, "epsilon": 5.873890881586911, "accuracy": 0.6199289586838661, "validation_loss": 0.6493579659824795, "validation_examples": 5349}
{"step": 190, "epoch": 4, "train_loss": 0.6610265502929688, "clip_fraction": 0.0, "gradient_norm_mean": 20.51166015625, "gradient_norm_max": 33.82648849487305, "step_seconds": 0.26992847211658955, "innovation_std_sum": 753.4116773828302, "noise_marginal_std_sum": 879.9486554334685}
{"step": 200, "epoch": 4, "train_loss": 0.6526993408203124, "clip_fraction": 0.0, "gradient_norm_mean": 20.436197265625, "gradient_norm_max": 38.458404541015625, "step_seconds": 0.2700174357742071, "innovation_std_sum": 753.4116773828302, "noise_marginal_std_sum": 879.9486554334685}
{"step": 210, "epoch": 4, "train_loss": 0.6537332153320312, "clip_fraction": 0.0, "gradient_norm_mean": 20.7159375, "gradient_norm_max": 35.600372314453125, "step_seconds": 0.27084742300212383, "innovation_std_sum": 753.4116773828302, "noise_marginal_std_sum": 879.9486554334685}
{"step": 220, "epoch": 4, "train_loss": 0.6461657104492188, "clip_fraction": 0.0, "gradient_norm_mean": 20.8290703125, "gradient_norm_max": 37.740848541259766, "step_seconds": 0.2722296230494976, "innovation_std_sum": 753.4116773828302, "noise_marginal_std_sum": 879.9486554334685}
{"step": 230, "epoch": 4, "train_loss": 0.641968017578125, "clip_fraction": 0.0, "gradient_norm_mean": 21.2218984375, "gradient_norm_max": 38.371368408203125, "step_seconds": 0.26952942460775375, "innovation_std_sum": 753.4116773828302, "noise_marginal_std_sum": 879.9486554334685}
{"step": 240, "epoch": 4, "train_loss": 0.64662890625, "clip_fraction": 0.0, "gradient_norm_mean": 21.87505078125, "gradient_norm_max": 46.13323974609375, "step_seconds": 0.17669564485549927, "innovation_std_sum": 753.4116773828302, "noise_marginal_std_sum": 879.9486554334685}
{"epoch": 4, "step": 248, "train_loss": 0.6483980643979965, "clip_fraction": 0.0, "epsilon": 6.985551657770655, "accuracy": 0.6404935501962984, "validation_loss": 0.637595674661325, "validation_examples": 5349}
{"step": 250, "epoch": 5, "train_loss": 0.6438059692382813, "clip_fraction": 0.0, "gradient_norm_mean": 21.49818359375, "gradient_norm_max": 38.35295104980469, "step_seconds": 0.27092319913208485, "innovation_std_sum": 753.4116773828302, "noise_marginal_std_sum": 879.9486554334685}
{"step": 260, "epoch": 5, "train_loss": 0.6340910034179688, "clip_fraction": 0.0, "gradient_norm_mean": 21.940326171875, "gradient_norm_max": 43.78874588012695, "step_seconds": 0.26871162094175816, "innovation_std_sum": 753.4116773828302, "noise_marginal_std_sum": 879.9486554334685}
{"step": 270, "epoch": 5, "train_loss": 0.6380281372070312, "clip_fraction": 0.0, "gradient_norm_mean": 22.49235546875, "gradient_norm_max": 44.77652359008789, "step_seconds": 0.26779548823833466, "innovation_std_sum": 753.4116773828302, "noise_marginal_std_sum": 879.9486554334685}
{"step": 280, "epoch": 5, "train_loss": 0.6362843627929687, "clip_fraction": 0.0, "gradient_norm_mean": 22.40397265625, "gradient_norm_max": 38.70719909667969, "step_seconds": 0.2687209527939558, "innovation_std_sum": 753.4116773828302, "noise_marginal_std_sum": 879.9486554334685}
{"step": 290, "epoch": 5, "train_loss": 0.6295176391601562, "clip_fraction": 0.0, "gradient_norm_mean": 22.855005859375, "gradient_norm_max": 41.99814987182617, "step_seconds": 0.270023837685585, "innovation_std_sum": 753.4116773828302, "noise_marginal_std_sum": 879.9486554334685}
{"step": 300, "epoch": 5, "train_loss": 0.6358978271484375, "clip_fraction": 0.0, "gradient_norm_mean": 23.148630859375, "gradient_norm_max": 44.2222900390625, "step_seconds": 0.26800180971622467, "innovation_std_sum": 753.4116773828302, "noise_marginal_std_sum": 879.9486554334685}
{"step": 310, "epoch": 5, "train_loss": 0.635123779296875, "clip_fraction": 0.0, "gradient_norm_mean": 23.72305859375, "gradient_norm_max": 42.274688720703125, "step_seconds": 0.13307427428662777, "innovation_std_sum": 753.4116773828302, "noise_marginal_std_sum": 879.9486554334685}
{"epoch": 5, "step": 310, "train_loss": 0.6373994682065902, "clip_fraction": 0.0, "epsilon": 8.000000000000005, "accuracy": 0.6655449616750795, "validation_loss": 0.6245285514850085, "validation_examples": 5349}
