GPU 0: adam/lr_1e-4
GPU 1: adam/lr_3e-4
GPU 2: adam/lr_1e-3
GPU 3: dp_adam/lr_1e-4_clip_0.3
adam/lr_3e-4: exit 0
GPU 1: dp_adam/lr_1e-4_clip_1
adam/lr_1e-3: exit 0
GPU 2: dp_adam/lr_1e-4_clip_3
adam/lr_1e-4: exit 0
GPU 0: dp_adam/lr_1e-4_clip_10
dp_adam/lr_1e-4_clip_0.3: exit 0
GPU 3: dp_adam/lr_3e-4_clip_0.3
dp_adam/lr_1e-4_clip_1: exit 0
GPU 1: dp_adam/lr_3e-4_clip_1
dp_adam/lr_1e-4_clip_3: exit 0
GPU 2: dp_adam/lr_3e-4_clip_3
dp_adam/lr_1e-4_clip_10: exit 0
GPU 0: dp_adam/lr_3e-4_clip_10
dp_adam/lr_3e-4_clip_0.3: exit 0
GPU 3: dp_adam/lr_1e-3_clip_0.3
dp_adam/lr_3e-4_clip_1: exit 0
GPU 1: dp_adam/lr_1e-3_clip_1
dp_adam/lr_3e-4_clip_3: exit 0
GPU 2: dp_adam/lr_1e-3_clip_3
dp_adam/lr_3e-4_clip_10: exit 0
GPU 0: dp_adam/lr_1e-3_clip_10
dp_adam/lr_1e-3_clip_0.3: exit 0
GPU 3: clipped_adam_no_noise/lr_1e-4_clip_0.3
dp_adam/lr_1e-3_clip_1: exit 0
GPU 1: clipped_adam_no_noise/lr_1e-4_clip_1
dp_adam/lr_1e-3_clip_3: exit 0
GPU 2: clipped_adam_no_noise/lr_1e-4_clip_3
dp_adam/lr_1e-3_clip_10: exit 0
GPU 0: clipped_adam_no_noise/lr_1e-4_clip_10
clipped_adam_no_noise/lr_1e-4_clip_0.3: exit 0
GPU 3: clipped_adam_no_noise/lr_3e-4_clip_0.3
clipped_adam_no_noise/lr_1e-4_clip_1: exit 0
GPU 1: clipped_adam_no_noise/lr_3e-4_clip_1
clipped_adam_no_noise/lr_1e-4_clip_3: exit 0
GPU 2: clipped_adam_no_noise/lr_3e-4_clip_3
clipped_adam_no_noise/lr_1e-4_clip_10: exit 0
GPU 0: clipped_adam_no_noise/lr_3e-4_clip_10
clipped_adam_no_noise/lr_3e-4_clip_0.3: exit 0
GPU 3: clipped_adam_no_noise/lr_1e-3_clip_0.3
clipped_adam_no_noise/lr_3e-4_clip_1: exit 0
GPU 1: clipped_adam_no_noise/lr_1e-3_clip_1
clipped_adam_no_noise/lr_3e-4_clip_3: exit 0
GPU 2: clipped_adam_no_noise/lr_1e-3_clip_3
clipped_adam_no_noise/lr_3e-4_clip_10: exit 0
GPU 0: clipped_adam_no_noise/lr_1e-3_clip_10
clipped_adam_no_noise/lr_1e-3_clip_0.3: exit 0
clipped_adam_no_noise/lr_1e-3_clip_1: exit 0
clipped_adam_no_noise/lr_1e-3_clip_3: exit 0
clipped_adam_no_noise/lr_1e-3_clip_10: exit 0
