Loading weights:   0%|          | 0/39 [00:00<?, ?it/s]Loading weights: 100%|██████████| 39/39 [00:00<00:00, 18976.55it/s]
[transformers] [1mBertModel LOAD REPORT[0m from: /media/data/data/lt/dp-adam-correlated/cache/bert-tiny
Key                                        | Status     |  | 
-------------------------------------------+------------+--+-
cls.predictions.decoder.weight             | UNEXPECTED |  | 
cls.predictions.transform.LayerNorm.bias   | UNEXPECTED |  | 
cls.predictions.bias                       | UNEXPECTED |  | 
cls.seq_relationship.bias                  | UNEXPECTED |  | 
cls.predictions.transform.dense.bias       | UNEXPECTED |  | 
cls.predictions.decoder.bias               | UNEXPECTED |  | 
cls.seq_relationship.weight                | UNEXPECTED |  | 
cls.predictions.transform.LayerNorm.weight | UNEXPECTED |  | 
cls.predictions.transform.dense.weight     | UNEXPECTED |  | 

Notes:
- UNEXPECTED:	can be ignored when loading from different task/architecture; not ok if you expect identical arch.
sys:1: UserWarning: Full backward hook is firing when gradients are computed with respect to module outputs since no inputs require gradients. See https://docs.pytorch.org/docs/main/generated/torch.nn.Module.html#torch.nn.Module.register_full_backward_hook for more details.
{"step": 10, "epoch": 1, "step_seconds": 0.13759485632181168, "innovation_std_sum": 25.113722579427673, "noise_marginal_std_sum": 29.33162184778228, "pure_mf_cumulative_momentum_noise_variance": 0.0018077443639561465, "preconditioner_mean": 228.49560546875, "preconditioner_change_relative": 0.0, "denominator_lag_relative": 0.502456545829773, "block_age": 9}
{"step": 20, "epoch": 1, "step_seconds": 0.2599697932600975, "innovation_std_sum": 25.113722579427673, "noise_marginal_std_sum": 29.33162184778228, "pure_mf_cumulative_momentum_noise_variance": 0.0018440778665447057, "preconditioner_mean": 37.38724136352539, "preconditioner_change_relative": 0.0, "denominator_lag_relative": 0.1277589499950409, "block_age": 9}
{"step": 30, "epoch": 1, "step_seconds": 0.2606723550707102, "innovation_std_sum": 25.113722579427673, "noise_marginal_std_sum": 29.33162184778228, "pure_mf_cumulative_momentum_noise_variance": 0.0018793520737198427, "preconditioner_mean": 35.612003326416016, "preconditioner_change_relative": 0.0, "denominator_lag_relative": 0.07628273963928223, "block_age": 9}
{"step": 40, "epoch": 1, "step_seconds": 0.2615060918033123, "innovation_std_sum": 25.113722579427673, "noise_marginal_std_sum": 29.33162184778228, "pure_mf_cumulative_momentum_noise_variance": 0.0019279276184915666, "preconditioner_mean": 35.085533142089844, "preconditioner_change_relative": 0.0, "denominator_lag_relative": 0.054809872061014175, "block_age": 9}
{"step": 50, "epoch": 1, "step_seconds": 0.25613091699779034, "innovation_std_sum": 25.113722579427673, "noise_marginal_std_sum": 29.33162184778228, "pure_mf_cumulative_momentum_noise_variance": 0.001983901332047514, "preconditioner_mean": 34.76030731201172, "preconditioner_change_relative": 0.0, "denominator_lag_relative": 0.04128722846508026, "block_age": 9}
{"step": 60, "epoch": 1, "step_seconds": 0.24421544931828976, "innovation_std_sum": 25.113722579427673, "noise_marginal_std_sum": 29.33162184778228, "pure_mf_cumulative_momentum_noise_variance": 0.0020433257721094345, "preconditioner_mean": 34.65503692626953, "preconditioner_change_relative": 0.0, "denominator_lag_relative": 0.03490739315748215, "block_age": 9}
{"epoch": 1, "step": 62, "epsilon": 3.054089440266451, "accuracy": 0.557861282482707, "validation_loss": 0.6859786111543191, "validation_examples": 5349}
{"step": 70, "epoch": 2, "step_seconds": 0.2661673575639725, "innovation_std_sum": 25.113722579427673, "noise_marginal_std_sum": 29.33162184778228, "pure_mf_cumulative_momentum_noise_variance": 0.0021042531805044807, "preconditioner_mean": 34.53281021118164, "preconditioner_change_relative": 0.0, "denominator_lag_relative": 0.0291887354105711, "block_age": 9}
{"step": 80, "epoch": 2, "step_seconds": 0.26113483496010303, "innovation_std_sum": 25.113722579427673, "noise_marginal_std_sum": 29.33162184778228, "pure_mf_cumulative_momentum_noise_variance": 0.002165809318444291, "preconditioner_mean": 34.451942443847656, "preconditioner_change_relative": 0.0, "denominator_lag_relative": 0.02523025870323181, "block_age": 9}
{"step": 90, "epoch": 2, "step_seconds": 0.26356285624206066, "innovation_std_sum": 25.113722579427673, "noise_marginal_std_sum": 29.33162184778228, "pure_mf_cumulative_momentum_noise_variance": 0.0022276212687494567, "preconditioner_mean": 34.35225296020508, "preconditioner_change_relative": 0.0, "denominator_lag_relative": 0.02236139215528965, "block_age": 9}
{"step": 100, "epoch": 2, "step_seconds": 0.2665927540510893, "innovation_std_sum": 25.113722579427673, "noise_marginal_std_sum": 29.33162184778228, "pure_mf_cumulative_momentum_noise_variance": 0.0022895351920334023, "preconditioner_mean": 34.32443618774414, "preconditioner_change_relative": 0.0, "denominator_lag_relative": 0.020554734393954277, "block_age": 9}
{"step": 110, "epoch": 2, "step_seconds": 0.26365796104073524, "innovation_std_sum": 25.113722579427673, "noise_marginal_std_sum": 29.33162184778228, "pure_mf_cumulative_momentum_noise_variance": 0.0023514891294320263, "preconditioner_mean": 34.28446960449219, "preconditioner_change_relative": 0.0, "denominator_lag_relative": 0.01847090944647789, "block_age": 9}
{"step": 120, "epoch": 2, "step_seconds": 0.26249188371002674, "innovation_std_sum": 25.113722579427673, "noise_marginal_std_sum": 29.33162184778228, "pure_mf_cumulative_momentum_noise_variance": 0.0024134585739487998, "preconditioner_mean": 34.268348693847656, "preconditioner_change_relative": 0.0, "denominator_lag_relative": 0.01670253463089466, "block_age": 9}
{"epoch": 2, "step": 124, "epsilon": 4.610238743691153, "accuracy": 0.557861282482707, "validation_loss": 0.6855230753968689, "validation_examples": 5349}
{"step": 130, "epoch": 3, "step_seconds": 0.2614079788327217, "innovation_std_sum": 25.113722579427673, "noise_marginal_std_sum": 29.33162184778228, "pure_mf_cumulative_momentum_noise_variance": 0.0024754339677588726, "preconditioner_mean": 34.219478607177734, "preconditioner_change_relative": 0.0, "denominator_lag_relative": 0.015479639172554016, "block_age": 9}
{"step": 140, "epoch": 3, "step_seconds": 0.26288012973964214, "innovation_std_sum": 25.113722579427673, "noise_marginal_std_sum": 29.33162184778228, "pure_mf_cumulative_momentum_noise_variance": 0.0025374116250575724, "preconditioner_mean": 34.211978912353516, "preconditioner_change_relative": 0.0, "denominator_lag_relative": 0.015092449262738228, "block_age": 9}
{"step": 150, "epoch": 3, "step_seconds": 0.26632201485335827, "innovation_std_sum": 25.113722579427673, "noise_marginal_std_sum": 29.33162184778228, "pure_mf_cumulative_momentum_noise_variance": 0.00259939013752209, "preconditioner_mean": 34.180023193359375, "preconditioner_change_relative": 0.0, "denominator_lag_relative": 0.013579062186181545, "block_age": 9}
{"step": 160, "epoch": 3, "step_seconds": 0.26392451487481594, "innovation_std_sum": 25.113722579427673, "noise_marginal_std_sum": 29.33162184778228, "pure_mf_cumulative_momentum_noise_variance": 0.0026613689711552247, "preconditioner_mean": 34.185646057128906, "preconditioner_change_relative": 0.0, "denominator_lag_relative": 0.012815816327929497, "block_age": 9}
{"step": 170, "epoch": 3, "step_seconds": 0.2670885045081377, "innovation_std_sum": 25.113722579427673, "noise_marginal_std_sum": 29.33162184778228, "pure_mf_cumulative_momentum_noise_variance": 0.002723347924789336, "preconditioner_mean": 34.18440246582031, "preconditioner_change_relative": 0.0, "denominator_lag_relative": 0.012179799377918243, "block_age": 9}
{"step": 180, "epoch": 3, "step_seconds": 0.26667659543454647, "innovation_std_sum": 25.113722579427673, "noise_marginal_std_sum": 29.33162184778228, "pure_mf_cumulative_momentum_noise_variance": 0.002785326923060352, "preconditioner_mean": 34.16447067260742, "preconditioner_change_relative": 0.0, "denominator_lag_relative": 0.011378229595720768, "block_age": 9}
{"epoch": 3, "step": 186, "epsilon": 5.873890881586911, "accuracy": 0.557861282482707, "validation_loss": 0.6846469958311242, "validation_examples": 5349}
{"step": 190, "epoch": 4, "step_seconds": 0.2626493573188782, "innovation_std_sum": 25.113722579427673, "noise_marginal_std_sum": 29.33162184778228, "pure_mf_cumulative_momentum_noise_variance": 0.0028473059378699038, "preconditioner_mean": 34.156402587890625, "preconditioner_change_relative": 0.0, "denominator_lag_relative": 0.011058696545660496, "block_age": 9}
{"step": 200, "epoch": 4, "step_seconds": 0.26284427754580975, "innovation_std_sum": 25.113722579427673, "noise_marginal_std_sum": 29.33162184778228, "pure_mf_cumulative_momentum_noise_variance": 0.0029092849587859116, "preconditioner_mean": 34.15091323852539, "preconditioner_change_relative": 0.0, "denominator_lag_relative": 0.010412062518298626, "block_age": 9}
{"step": 210, "epoch": 4, "step_seconds": 0.268698088824749, "innovation_std_sum": 25.113722579427673, "noise_marginal_std_sum": 29.33162184778228, "pure_mf_cumulative_momentum_noise_variance": 0.0029712639819496002, "preconditioner_mean": 34.1456298828125, "preconditioner_change_relative": 0.0, "denominator_lag_relative": 0.009851569309830666, "block_age": 9}
{"step": 220, "epoch": 4, "step_seconds": 0.2670220211148262, "innovation_std_sum": 25.113722579427673, "noise_marginal_std_sum": 29.33162184778228, "pure_mf_cumulative_momentum_noise_variance": 0.00303324300593832, "preconditioner_mean": 34.13554000854492, "preconditioner_change_relative": 0.0, "denominator_lag_relative": 0.00937962718307972, "block_age": 9}
{"step": 230, "epoch": 4, "step_seconds": 0.2626672051846981, "innovation_std_sum": 25.113722579427673, "noise_marginal_std_sum": 29.33162184778228, "pure_mf_cumulative_momentum_noise_variance": 0.0030952220302291164, "preconditioner_mean": 34.12024688720703, "preconditioner_change_relative": 0.0, "denominator_lag_relative": 0.008828248828649521, "block_age": 9}
{"step": 240, "epoch": 4, "step_seconds": 0.26453424245119095, "innovation_std_sum": 25.113722579427673, "noise_marginal_std_sum": 29.33162184778228, "pure_mf_cumulative_momentum_noise_variance": 0.0031572010546302622, "preconditioner_mean": 34.11771774291992, "preconditioner_change_relative": 0.0, "denominator_lag_relative": 0.008631051518023014, "block_age": 9}
{"epoch": 4, "step": 248, "epsilon": 6.985551657770655, "accuracy": 0.557861282482707, "validation_loss": 0.6841237554373664, "validation_examples": 5349}
{"step": 250, "epoch": 5, "step_seconds": 0.26298293098807335, "innovation_std_sum": 25.113722579427673, "noise_marginal_std_sum": 29.33162184778228, "pure_mf_cumulative_momentum_noise_variance": 0.003219180079071639, "preconditioner_mean": 34.12661361694336, "preconditioner_change_relative": 0.0, "denominator_lag_relative": 0.008341907523572445, "block_age": 9}
{"step": 260, "epoch": 5, "step_seconds": 0.2679842375218868, "innovation_std_sum": 25.113722579427673, "noise_marginal_std_sum": 29.33162184778228, "pure_mf_cumulative_momentum_noise_variance": 0.0032811591035276514, "preconditioner_mean": 34.104305267333984, "preconditioner_change_relative": 0.0, "denominator_lag_relative": 0.00801651831716299, "block_age": 9}
{"step": 270, "epoch": 5, "step_seconds": 0.2668858449906111, "innovation_std_sum": 25.113722579427673, "noise_marginal_std_sum": 29.33162184778228, "pure_mf_cumulative_momentum_noise_variance": 0.0033431381279889804, "preconditioner_mean": 34.10410690307617, "preconditioner_change_relative": 0.0, "denominator_lag_relative": 0.008110955357551575, "block_age": 9}
{"step": 280, "epoch": 5, "step_seconds": 0.26777805760502815, "innovation_std_sum": 25.113722579427673, "noise_marginal_std_sum": 29.33162184778228, "pure_mf_cumulative_momentum_noise_variance": 0.0034051171524522375, "preconditioner_mean": 34.105506896972656, "preconditioner_change_relative": 0.0, "denominator_lag_relative": 0.007506077643483877, "block_age": 9}
{"step": 290, "epoch": 5, "step_seconds": 0.268246503546834, "innovation_std_sum": 25.113722579427673, "noise_marginal_std_sum": 29.33162184778228, "pure_mf_cumulative_momentum_noise_variance": 0.003467096176916193, "preconditioner_mean": 34.11806869506836, "preconditioner_change_relative": 0.0, "denominator_lag_relative": 0.007410224061459303, "block_age": 9}
{"step": 300, "epoch": 5, "step_seconds": 0.26291349343955517, "innovation_std_sum": 25.113722579427673, "noise_marginal_std_sum": 29.33162184778228, "pure_mf_cumulative_momentum_noise_variance": 0.0035290752013804024, "preconditioner_mean": 34.12177276611328, "preconditioner_change_relative": 0.0, "denominator_lag_relative": 0.0070027499459683895, "block_age": 9}
{"step": 310, "epoch": 5, "step_seconds": 0.26026367396116257, "innovation_std_sum": 25.113722579427673, "noise_marginal_std_sum": 29.33162184778228, "pure_mf_cumulative_momentum_noise_variance": 0.0035910542258447004, "preconditioner_mean": 34.12213897705078, "preconditioner_change_relative": 0.0, "denominator_lag_relative": 0.006884786766022444, "block_age": 9}
{"epoch": 5, "step": 310, "epsilon": 8.000000000000005, "accuracy": 0.557861282482707, "validation_loss": 0.6838878974622155, "validation_examples": 5349}
