/home/longt29/miniconda3/envs/curve/lib/python3.11/site-packages/torchvision/datasets/cifar.py:83: VisibleDeprecationWarning: dtype(): align should be passed as Python or NumPy boolean but got `align=0`. Did you mean to pass a tuple to create a subarray type? (Deprecated NumPy 2.4)
  entry = pickle.load(f, encoding="latin1")
sys:1: UserWarning: Full backward hook is firing when gradients are computed with respect to module outputs since no inputs require gradients. See https://docs.pytorch.org/docs/main/generated/torch.nn.Module.html#torch.nn.Module.register_full_backward_hook for more details.
{"step": 10, "epoch": 1, "train_loss": 4.145707885742188, "clip_fraction": 1.0, "gradient_norm_mean": 1024.47740625, "gradient_norm_max": 1878.4222412109375, "step_seconds": 1.9802576657384634, "innovation_std_sum": 341.91118707283454, "noise_marginal_std_sum": 385.2432239518329}
{"step": 20, "epoch": 1, "train_loss": 3.408836669921875, "clip_fraction": 0.998, "gradient_norm_mean": 1433.80834375, "gradient_norm_max": 3229.931884765625, "step_seconds": 2.002658288925886, "innovation_std_sum": 341.91118707283454, "noise_marginal_std_sum": 385.2432239518329}
{"step": 30, "epoch": 1, "train_loss": 2.96134326171875, "clip_fraction": 0.993, "gradient_norm_mean": 1627.85153125, "gradient_norm_max": 4015.29541015625, "step_seconds": 1.9378820303827524, "innovation_std_sum": 341.91118707283454, "noise_marginal_std_sum": 385.2432239518329}
{"step": 40, "epoch": 1, "train_loss": 2.93103564453125, "clip_fraction": 0.983, "gradient_norm_mean": 1832.8453125, "gradient_norm_max": 4818.97314453125, "step_seconds": 1.9637727346271276, "innovation_std_sum": 341.91118707283454, "noise_marginal_std_sum": 385.2432239518329}
{"epoch": 1, "step": 45, "train_loss": 3.5017775770399306, "clip_fraction": 0.9943111111111111, "epsilon": 3.1232761473275077, "accuracy": 0.3738, "validation_loss": 2.345699304199219, "validation_examples": 5000}
{"step": 50, "epoch": 2, "train_loss": 2.6749512939453126, "clip_fraction": 0.974, "gradient_norm_mean": 1768.4515, "gradient_norm_max": 5085.208984375, "step_seconds": 1.9632036089897156, "innovation_std_sum": 341.91118707283454, "noise_marginal_std_sum": 385.2432239518329}
{"step": 60, "epoch": 2, "train_loss": 2.705684020996094, "clip_fraction": 0.973, "gradient_norm_mean": 1847.62909375, "gradient_norm_max": 5303.67724609375, "step_seconds": 1.98152656853199, "innovation_std_sum": 341.91118707283454, "noise_marginal_std_sum": 385.2432239518329}
{"step": 70, "epoch": 2, "train_loss": 2.5415695190429686, "clip_fraction": 0.952, "gradient_norm_mean": 1794.8901875, "gradient_norm_max": 6866.8876953125, "step_seconds": 1.9580656439065933, "innovation_std_sum": 341.91118707283454, "noise_marginal_std_sum": 385.2432239518329}
{"step": 80, "epoch": 2, "train_loss": 2.662799560546875, "clip_fraction": 0.957, "gradient_norm_mean": 1960.76553125, "gradient_norm_max": 7271.97265625, "step_seconds": 1.9663696680217981, "innovation_std_sum": 341.91118707283454, "noise_marginal_std_sum": 385.2432239518329}
{"step": 90, "epoch": 2, "train_loss": 2.65268115234375, "clip_fraction": 0.961, "gradient_norm_mean": 1958.6028125, "gradient_norm_max": 6221.208984375, "step_seconds": 1.9642998687922955, "innovation_std_sum": 341.91118707283454, "noise_marginal_std_sum": 385.2432239518329}
{"epoch": 2, "step": 90, "train_loss": 2.6368519897460936, "clip_fraction": 0.963, "epsilon": 4.650911679155922, "accuracy": 0.4306, "validation_loss": 2.1004624694824217, "validation_examples": 5000}
{"step": 100, "epoch": 3, "train_loss": 2.5779475708007813, "clip_fraction": 0.948, "gradient_norm_mean": 2001.39178125, "gradient_norm_max": 5910.55224609375, "step_seconds": 1.949682166799903, "innovation_std_sum": 341.91118707283454, "noise_marginal_std_sum": 385.2432239518329}
{"step": 110, "epoch": 3, "train_loss": 2.4963818359375, "clip_fraction": 0.947, "gradient_norm_mean": 1957.01028125, "gradient_norm_max": 5212.94580078125, "step_seconds": 1.9563283417373896, "innovation_std_sum": 341.91118707283454, "noise_marginal_std_sum": 385.2432239518329}
{"step": 120, "epoch": 3, "train_loss": 2.5361776123046873, "clip_fraction": 0.929, "gradient_norm_mean": 2033.1225, "gradient_norm_max": 7156.69921875, "step_seconds": 1.9540393315255642, "innovation_std_sum": 341.91118707283454, "noise_marginal_std_sum": 385.2432239518329}
{"step": 130, "epoch": 3, "train_loss": 2.4982310180664062, "clip_fraction": 0.947, "gradient_norm_mean": 2008.2944375, "gradient_norm_max": 6462.6943359375, "step_seconds": 1.9638732001185417, "innovation_std_sum": 341.91118707283454, "noise_marginal_std_sum": 385.2432239518329}
{"epoch": 3, "step": 135, "train_loss": 2.537229054090712, "clip_fraction": 0.9440666666666667, "epsilon": 5.897166745944286, "accuracy": 0.4442, "validation_loss": 2.074870623779297, "validation_examples": 5000}
{"step": 140, "epoch": 4, "train_loss": 2.566646545410156, "clip_fraction": 0.938, "gradient_norm_mean": 1987.33084375, "gradient_norm_max": 6130.06884765625, "step_seconds": 1.9510083496570587, "innovation_std_sum": 341.91118707283454, "noise_marginal_std_sum": 385.2432239518329}
{"step": 150, "epoch": 4, "train_loss": 2.6029212646484376, "clip_fraction": 0.943, "gradient_norm_mean": 2078.503625, "gradient_norm_max": 5952.54541015625, "step_seconds": 1.9582587331533432, "innovation_std_sum": 341.91118707283454, "noise_marginal_std_sum": 385.2432239518329}
{"step": 160, "epoch": 4, "train_loss": 2.5516343994140627, "clip_fraction": 0.93, "gradient_norm_mean": 2030.79425, "gradient_norm_max": 6083.4462890625, "step_seconds": 1.961481163278222, "innovation_std_sum": 341.91118707283454, "noise_marginal_std_sum": 385.2432239518329}
{"step": 170, "epoch": 4, "train_loss": 2.6164526977539064, "clip_fraction": 0.948, "gradient_norm_mean": 2069.78996875, "gradient_norm_max": 6832.88427734375, "step_seconds": 1.9616356696933508, "innovation_std_sum": 341.91118707283454, "noise_marginal_std_sum": 385.2432239518329}
{"step": 180, "epoch": 4, "train_loss": 2.555837585449219, "clip_fraction": 0.939, "gradient_norm_mean": 2057.62528125, "gradient_norm_max": 5809.26318359375, "step_seconds": 1.9723995067179203, "innovation_std_sum": 341.91118707283454, "noise_marginal_std_sum": 385.2432239518329}
{"epoch": 4, "step": 180, "train_loss": 2.5542684719509547, "clip_fraction": 0.9408444444444445, "epsilon": 6.9960307474663415, "accuracy": 0.4312, "validation_loss": 2.146997149658203, "validation_examples": 5000}
{"step": 190, "epoch": 5, "train_loss": 2.576952880859375, "clip_fraction": 0.93, "gradient_norm_mean": 2085.43425, "gradient_norm_max": 6158.0478515625, "step_seconds": 1.9559267833828926, "innovation_std_sum": 341.91118707283454, "noise_marginal_std_sum": 385.2432239518329}
{"step": 200, "epoch": 5, "train_loss": 2.6651519165039064, "clip_fraction": 0.944, "gradient_norm_mean": 2067.69115625, "gradient_norm_max": 5426.2900390625, "step_seconds": 1.9803320840001106, "innovation_std_sum": 341.91118707283454, "noise_marginal_std_sum": 385.2432239518329}
{"step": 210, "epoch": 5, "train_loss": 2.6372241821289064, "clip_fraction": 0.924, "gradient_norm_mean": 2082.21878125, "gradient_norm_max": 5259.95947265625, "step_seconds": 1.984393909573555, "innovation_std_sum": 341.91118707283454, "noise_marginal_std_sum": 385.2432239518329}
{"step": 220, "epoch": 5, "train_loss": 2.65984765625, "clip_fraction": 0.948, "gradient_norm_mean": 2029.58025, "gradient_norm_max": 6144.53857421875, "step_seconds": 2.0009901840239763, "innovation_std_sum": 341.91118707283454, "noise_marginal_std_sum": 385.2432239518329}
{"epoch": 5, "step": 225, "train_loss": 2.5906715060763887, "clip_fraction": 0.9418222222222222, "epsilon": 8.000000000000005, "accuracy": 0.4264, "validation_loss": 2.2088285400390624, "validation_examples": 5000}
