Loading weights:   0%|          | 0/39 [00:00<?, ?it/s]Loading weights: 100%|██████████| 39/39 [00:00<00:00, 20177.36it/s]
[transformers] [1mBertModel LOAD REPORT[0m from: /media/data/data/lt/dp-adam-correlated/cache/bert-tiny
Key                                        | Status     |  | 
-------------------------------------------+------------+--+-
cls.predictions.bias                       | UNEXPECTED |  | 
cls.seq_relationship.weight                | UNEXPECTED |  | 
cls.predictions.transform.LayerNorm.bias   | UNEXPECTED |  | 
cls.predictions.transform.dense.bias       | UNEXPECTED |  | 
cls.predictions.decoder.weight             | UNEXPECTED |  | 
cls.predictions.transform.dense.weight     | UNEXPECTED |  | 
cls.predictions.decoder.bias               | UNEXPECTED |  | 
cls.predictions.transform.LayerNorm.weight | UNEXPECTED |  | 
cls.seq_relationship.bias                  | UNEXPECTED |  | 

Notes:
- UNEXPECTED:	can be ignored when loading from different task/architecture; not ok if you expect identical arch.
sys:1: UserWarning: Full backward hook is firing when gradients are computed with respect to module outputs since no inputs require gradients. See https://docs.pytorch.org/docs/main/generated/torch.nn.Module.html#torch.nn.Module.register_full_backward_hook for more details.
{"step": 10, "epoch": 1, "train_loss": 0.6860090942382813, "clip_fraction": 0.798, "gradient_norm_mean": 309.77125, "gradient_norm_max": 1455.956787109375, "step_seconds": 0.270562119781971, "innovation_std_sum": 914.409175282003, "noise_marginal_std_sum": 1261.2560055811578}
{"step": 20, "epoch": 1, "train_loss": 0.7108094482421875, "clip_fraction": 0.635, "gradient_norm_mean": 410.71453125, "gradient_norm_max": 1695.4793701171875, "step_seconds": 0.2762097828090191, "innovation_std_sum": 914.409175282003, "noise_marginal_std_sum": 1261.2560055811578}
{"step": 30, "epoch": 1, "train_loss": 0.6520987548828125, "clip_fraction": 0.689, "gradient_norm_mean": 688.1284375, "gradient_norm_max": 2301.399169921875, "step_seconds": 0.2803927827626467, "innovation_std_sum": 914.409175282003, "noise_marginal_std_sum": 1261.2560055811578}
{"step": 40, "epoch": 1, "train_loss": 0.635234619140625, "clip_fraction": 0.582, "gradient_norm_mean": 777.1504375, "gradient_norm_max": 3829.500244140625, "step_seconds": 0.27580847032368183, "innovation_std_sum": 914.409175282003, "noise_marginal_std_sum": 1261.2560055811578}
{"step": 50, "epoch": 1, "train_loss": 0.7339005126953125, "clip_fraction": 0.52, "gradient_norm_mean": 788.5340625, "gradient_norm_max": 4059.8837890625, "step_seconds": 0.280175119638443, "innovation_std_sum": 914.409175282003, "noise_marginal_std_sum": 1261.2560055811578}
{"step": 60, "epoch": 1, "train_loss": 0.66823876953125, "clip_fraction": 0.482, "gradient_norm_mean": 762.435, "gradient_norm_max": 3982.185546875, "step_seconds": 0.19221526384353638, "innovation_std_sum": 914.409175282003, "noise_marginal_std_sum": 1261.2560055811578}
{"epoch": 1, "step": 62, "train_loss": 0.707072271531628, "clip_fraction": 0.6250322580645161, "epsilon": 2.983473211150575, "accuracy": 0.732660310338381, "validation_loss": 0.7727906930823263, "validation_examples": 5349}
{"step": 70, "epoch": 2, "train_loss": 0.7225169677734375, "clip_fraction": 0.444, "gradient_norm_mean": 575.32775, "gradient_norm_max": 3975.95458984375, "step_seconds": 0.28693430684506893, "innovation_std_sum": 914.409175282003, "noise_marginal_std_sum": 1261.2560055811578}
{"step": 80, "epoch": 2, "train_loss": 0.682153564453125, "clip_fraction": 0.453, "gradient_norm_mean": 556.571125, "gradient_norm_max": 3289.06396484375, "step_seconds": 0.2718397807329893, "innovation_std_sum": 914.409175282003, "noise_marginal_std_sum": 1261.2560055811578}
{"step": 90, "epoch": 2, "train_loss": 0.5925968627929687, "clip_fraction": 0.438, "gradient_norm_mean": 482.5775, "gradient_norm_max": 3007.469970703125, "step_seconds": 0.2932839337736368, "innovation_std_sum": 914.409175282003, "noise_marginal_std_sum": 1261.2560055811578}
{"step": 100, "epoch": 2, "train_loss": 0.5753424682617188, "clip_fraction": 0.417, "gradient_norm_mean": 439.869, "gradient_norm_max": 3304.22021484375, "step_seconds": 0.27820573560893536, "innovation_std_sum": 914.409175282003, "noise_marginal_std_sum": 1261.2560055811578}
{"step": 110, "epoch": 2, "train_loss": 0.5253470458984375, "clip_fraction": 0.389, "gradient_norm_mean": 407.706375, "gradient_norm_max": 3058.54443359375, "step_seconds": 0.1984972320497036, "innovation_std_sum": 914.409175282003, "noise_marginal_std_sum": 1261.2560055811578}
{"step": 120, "epoch": 2, "train_loss": 0.624353759765625, "clip_fraction": 0.4, "gradient_norm_mean": 429.9560625, "gradient_norm_max": 3444.9638671875, "step_seconds": 0.19424677453935146, "innovation_std_sum": 914.409175282003, "noise_marginal_std_sum": 1261.2560055811578}
{"epoch": 2, "step": 124, "train_loss": 0.5998812221404045, "clip_fraction": 0.427, "epsilon": 4.566965972959099, "accuracy": 0.7747242475229015, "validation_loss": 0.5841379163866512, "validation_examples": 5349}
{"step": 130, "epoch": 3, "train_loss": 0.49558511352539064, "clip_fraction": 0.384, "gradient_norm_mean": 396.91190625, "gradient_norm_max": 3211.749267578125, "step_seconds": 0.28701786883175373, "innovation_std_sum": 914.409175282003, "noise_marginal_std_sum": 1261.2560055811578}
{"step": 140, "epoch": 3, "train_loss": 0.5500012817382812, "clip_fraction": 0.385, "gradient_norm_mean": 366.18703125, "gradient_norm_max": 2700.516357421875, "step_seconds": 0.2922067642211914, "innovation_std_sum": 914.409175282003, "noise_marginal_std_sum": 1261.2560055811578}
{"step": 150, "epoch": 3, "train_loss": 0.4838585205078125, "clip_fraction": 0.361, "gradient_norm_mean": 343.1325, "gradient_norm_max": 2486.951904296875, "step_seconds": 0.29232041724026203, "innovation_std_sum": 914.409175282003, "noise_marginal_std_sum": 1261.2560055811578}
{"step": 160, "epoch": 3, "train_loss": 0.4868446350097656, "clip_fraction": 0.358, "gradient_norm_mean": 309.8680625, "gradient_norm_max": 2674.16162109375, "step_seconds": 0.2274232618510723, "innovation_std_sum": 914.409175282003, "noise_marginal_std_sum": 1261.2560055811578}
{"step": 170, "epoch": 3, "train_loss": 0.5032608947753906, "clip_fraction": 0.335, "gradient_norm_mean": 289.54125, "gradient_norm_max": 2460.841552734375, "step_seconds": 0.2927393205463886, "innovation_std_sum": 914.409175282003, "noise_marginal_std_sum": 1261.2560055811578}
{"step": 180, "epoch": 3, "train_loss": 0.4681463623046875, "clip_fraction": 0.327, "gradient_norm_mean": 298.3716875, "gradient_norm_max": 2631.353271484375, "step_seconds": 0.28277308493852615, "innovation_std_sum": 914.409175282003, "noise_marginal_std_sum": 1261.2560055811578}
{"epoch": 3, "step": 186, "train_loss": 0.5114753038960118, "clip_fraction": 0.3549032258064516, "epsilon": 5.849088165717443, "accuracy": 0.7939801832118153, "validation_loss": 0.5004122504610328, "validation_examples": 5349}
{"step": 190, "epoch": 4, "train_loss": 0.554261962890625, "clip_fraction": 0.353, "gradient_norm_mean": 315.85075, "gradient_norm_max": 3044.322998046875, "step_seconds": 0.29491234943270683, "innovation_std_sum": 914.409175282003, "noise_marginal_std_sum": 1261.2560055811578}
{"step": 200, "epoch": 4, "train_loss": 0.46303173828125, "clip_fraction": 0.312, "gradient_norm_mean": 262.87946875, "gradient_norm_max": 2077.6494140625, "step_seconds": 0.2900854703038931, "innovation_std_sum": 914.409175282003, "noise_marginal_std_sum": 1261.2560055811578}
{"step": 210, "epoch": 4, "train_loss": 0.4256368408203125, "clip_fraction": 0.293, "gradient_norm_mean": 227.8605625, "gradient_norm_max": 2015.0499267578125, "step_seconds": 0.2373331617563963, "innovation_std_sum": 914.409175282003, "noise_marginal_std_sum": 1261.2560055811578}
{"step": 220, "epoch": 4, "train_loss": 0.478473388671875, "clip_fraction": 0.301, "gradient_norm_mean": 233.268828125, "gradient_norm_max": 2156.0087890625, "step_seconds": 0.28814513608813286, "innovation_std_sum": 914.409175282003, "noise_marginal_std_sum": 1261.2560055811578}
{"step": 230, "epoch": 4, "train_loss": 0.4369256286621094, "clip_fraction": 0.289, "gradient_norm_mean": 223.54753125, "gradient_norm_max": 2328.791259765625, "step_seconds": 0.2922009080648422, "innovation_std_sum": 914.409175282003, "noise_marginal_std_sum": 1261.2560055811578}
{"step": 240, "epoch": 4, "train_loss": 0.49344683837890624, "clip_fraction": 0.299, "gradient_norm_mean": 222.2288125, "gradient_norm_max": 2521.350341796875, "step_seconds": 0.2920179422944784, "innovation_std_sum": 914.409175282003, "noise_marginal_std_sum": 1261.2560055811578}
{"epoch": 4, "step": 248, "train_loss": 0.4671216228854272, "clip_fraction": 0.30790322580645163, "epsilon": 6.974398475295221, "accuracy": 0.8106188072536923, "validation_loss": 0.4477167587722433, "validation_examples": 5349}
{"step": 250, "epoch": 5, "train_loss": 0.45249102783203127, "clip_fraction": 0.289, "gradient_norm_mean": 207.59721875, "gradient_norm_max": 2332.217041015625, "step_seconds": 0.2822680324316025, "innovation_std_sum": 914.409175282003, "noise_marginal_std_sum": 1261.2560055811578}
{"step": 260, "epoch": 5, "train_loss": 0.4412613220214844, "clip_fraction": 0.263, "gradient_norm_mean": 203.80378125, "gradient_norm_max": 2740.044677734375, "step_seconds": 0.24262283369898796, "innovation_std_sum": 914.409175282003, "noise_marginal_std_sum": 1261.2560055811578}
{"step": 270, "epoch": 5, "train_loss": 0.4301146545410156, "clip_fraction": 0.281, "gradient_norm_mean": 216.885484375, "gradient_norm_max": 2656.276123046875, "step_seconds": 0.28988539054989815, "innovation_std_sum": 914.409175282003, "noise_marginal_std_sum": 1261.2560055811578}
{"step": 280, "epoch": 5, "train_loss": 0.41800628662109374, "clip_fraction": 0.259, "gradient_norm_mean": 203.42896875, "gradient_norm_max": 2339.6767578125, "step_seconds": 0.27964572980999947, "innovation_std_sum": 914.409175282003, "noise_marginal_std_sum": 1261.2560055811578}
{"step": 290, "epoch": 5, "train_loss": 0.4457483520507812, "clip_fraction": 0.246, "gradient_norm_mean": 188.094046875, "gradient_norm_max": 2160.76220703125, "step_seconds": 0.2910734713077545, "innovation_std_sum": 914.409175282003, "noise_marginal_std_sum": 1261.2560055811578}
{"step": 300, "epoch": 5, "train_loss": 0.38742803955078126, "clip_fraction": 0.234, "gradient_norm_mean": 178.683546875, "gradient_norm_max": 1918.8602294921875, "step_seconds": 0.29254910722374916, "innovation_std_sum": 914.409175282003, "noise_marginal_std_sum": 1261.2560055811578}
{"step": 310, "epoch": 5, "train_loss": 0.45284564208984374, "clip_fraction": 0.253, "gradient_norm_mean": 186.70153125, "gradient_norm_max": 2282.946533203125, "step_seconds": 0.20293600112199783, "innovation_std_sum": 914.409175282003, "noise_marginal_std_sum": 1261.2560055811578}
{"epoch": 5, "step": 310, "train_loss": 0.4387916870117187, "clip_fraction": 0.2691774193548387, "epsilon": 8.000000000000005, "accuracy": 0.8162273322116284, "validation_loss": 0.4356353971574391, "validation_examples": 5349}
