/home/longt29/miniconda3/envs/curve/lib/python3.11/site-packages/torchvision/datasets/cifar.py:83: VisibleDeprecationWarning: dtype(): align should be passed as Python or NumPy boolean but got `align=0`. Did you mean to pass a tuple to create a subarray type? (Deprecated NumPy 2.4)
  entry = pickle.load(f, encoding="latin1")
sys:1: UserWarning: Full backward hook is firing when gradients are computed with respect to module outputs since no inputs require gradients. See https://docs.pytorch.org/docs/main/generated/torch.nn.Module.html#torch.nn.Module.register_full_backward_hook for more details.
{"step": 10, "epoch": 1, "train_loss": 4.163698852539063, "clip_fraction": 1.0, "gradient_norm_mean": 1238.9911875, "gradient_norm_max": 2187.289306640625, "step_seconds": 2.064151331782341, "innovation_std_sum": 170.95559353641727, "noise_marginal_std_sum": 192.62161197591644}
{"step": 20, "epoch": 1, "train_loss": 3.4585624389648437, "clip_fraction": 1.0, "gradient_norm_mean": 1787.425375, "gradient_norm_max": 3982.0048828125, "step_seconds": 2.175325645133853, "innovation_std_sum": 170.95559353641727, "noise_marginal_std_sum": 192.62161197591644}
{"step": 30, "epoch": 1, "train_loss": 3.0284996948242187, "clip_fraction": 0.997, "gradient_norm_mean": 2081.334375, "gradient_norm_max": 5467.52734375, "step_seconds": 2.197890255600214, "innovation_std_sum": 170.95559353641727, "noise_marginal_std_sum": 192.62161197591644}
{"step": 40, "epoch": 1, "train_loss": 2.985995178222656, "clip_fraction": 0.995, "gradient_norm_mean": 2311.2078125, "gradient_norm_max": 5623.974609375, "step_seconds": 2.1902379021048546, "innovation_std_sum": 170.95559353641727, "noise_marginal_std_sum": 192.62161197591644}
{"epoch": 1, "step": 45, "train_loss": 3.549503272840712, "clip_fraction": 0.9984444444444445, "epsilon": 3.1232761473275077, "accuracy": 0.3528, "validation_loss": 2.433854931640625, "validation_examples": 5000}
{"step": 50, "epoch": 2, "train_loss": 2.738780578613281, "clip_fraction": 0.989, "gradient_norm_mean": 2251.9064375, "gradient_norm_max": 6001.84228515625, "step_seconds": 2.085566798225045, "innovation_std_sum": 170.95559353641727, "noise_marginal_std_sum": 192.62161197591644}
{"step": 60, "epoch": 2, "train_loss": 2.7592156372070313, "clip_fraction": 0.993, "gradient_norm_mean": 2362.051, "gradient_norm_max": 6722.96142578125, "step_seconds": 2.174382831901312, "innovation_std_sum": 170.95559353641727, "noise_marginal_std_sum": 192.62161197591644}
{"step": 70, "epoch": 2, "train_loss": 2.617316467285156, "clip_fraction": 0.974, "gradient_norm_mean": 2327.0324375, "gradient_norm_max": 8353.390625, "step_seconds": 2.1237689796835184, "innovation_std_sum": 170.95559353641727, "noise_marginal_std_sum": 192.62161197591644}
{"step": 80, "epoch": 2, "train_loss": 2.7563775024414063, "clip_fraction": 0.974, "gradient_norm_mean": 2585.4625625, "gradient_norm_max": 9843.81640625, "step_seconds": 2.20176444016397, "innovation_std_sum": 170.95559353641727, "noise_marginal_std_sum": 192.62161197591644}
{"step": 90, "epoch": 2, "train_loss": 2.6840888061523436, "clip_fraction": 0.98, "gradient_norm_mean": 2524.82125, "gradient_norm_max": 7631.72021484375, "step_seconds": 2.1829620003700256, "innovation_std_sum": 170.95559353641727, "noise_marginal_std_sum": 192.62161197591644}
{"epoch": 2, "step": 90, "train_loss": 2.693375531684028, "clip_fraction": 0.9837111111111111, "epsilon": 4.650911679155922, "accuracy": 0.423, "validation_loss": 2.1474684814453124, "validation_examples": 5000}
{"step": 100, "epoch": 3, "train_loss": 2.610148193359375, "clip_fraction": 0.969, "gradient_norm_mean": 2595.4805, "gradient_norm_max": 7985.6357421875, "step_seconds": 2.146500112488866, "innovation_std_sum": 170.95559353641727, "noise_marginal_std_sum": 192.62161197591644}
{"step": 110, "epoch": 3, "train_loss": 2.537180419921875, "clip_fraction": 0.968, "gradient_norm_mean": 2545.5650625, "gradient_norm_max": 7749.68701171875, "step_seconds": 2.1763520520180464, "innovation_std_sum": 170.95559353641727, "noise_marginal_std_sum": 192.62161197591644}
{"step": 120, "epoch": 3, "train_loss": 2.5999359130859374, "clip_fraction": 0.963, "gradient_norm_mean": 2671.107, "gradient_norm_max": 8274.12890625, "step_seconds": 2.2213912457227707, "innovation_std_sum": 170.95559353641727, "noise_marginal_std_sum": 192.62161197591644}
{"step": 130, "epoch": 3, "train_loss": 2.536033935546875, "clip_fraction": 0.969, "gradient_norm_mean": 2632.7579375, "gradient_norm_max": 8327.5546875, "step_seconds": 2.2074569817632437, "innovation_std_sum": 170.95559353641727, "noise_marginal_std_sum": 192.62161197591644}
{"epoch": 3, "step": 135, "train_loss": 2.5743236585828995, "clip_fraction": 0.9677555555555556, "epsilon": 5.897166745944286, "accuracy": 0.4348, "validation_loss": 2.129708319091797, "validation_examples": 5000}
{"step": 140, "epoch": 4, "train_loss": 2.5790460815429688, "clip_fraction": 0.967, "gradient_norm_mean": 2587.068, "gradient_norm_max": 7764.78662109375, "step_seconds": 2.097886400297284, "innovation_std_sum": 170.95559353641727, "noise_marginal_std_sum": 192.62161197591644}
{"step": 150, "epoch": 4, "train_loss": 2.6342274780273436, "clip_fraction": 0.964, "gradient_norm_mean": 2719.2191875, "gradient_norm_max": 7443.3076171875, "step_seconds": 2.1647063307464123, "innovation_std_sum": 170.95559353641727, "noise_marginal_std_sum": 192.62161197591644}
{"step": 160, "epoch": 4, "train_loss": 2.5453831787109373, "clip_fraction": 0.95, "gradient_norm_mean": 2576.705125, "gradient_norm_max": 8222.427734375, "step_seconds": 2.1885101329535246, "innovation_std_sum": 170.95559353641727, "noise_marginal_std_sum": 192.62161197591644}
{"step": 170, "epoch": 4, "train_loss": 2.656399658203125, "clip_fraction": 0.963, "gradient_norm_mean": 2695.07025, "gradient_norm_max": 8192.8173828125, "step_seconds": 2.2288087345659733, "innovation_std_sum": 170.95559353641727, "noise_marginal_std_sum": 192.62161197591644}
{"step": 180, "epoch": 4, "train_loss": 2.5897122192382813, "clip_fraction": 0.959, "gradient_norm_mean": 2711.6133125, "gradient_norm_max": 9214.625, "step_seconds": 2.202025217935443, "innovation_std_sum": 170.95559353641727, "noise_marginal_std_sum": 192.62161197591644}
{"epoch": 4, "step": 180, "train_loss": 2.5865892239040797, "clip_fraction": 0.9626888888888889, "epsilon": 6.9960307474663415, "accuracy": 0.4324, "validation_loss": 2.166396551513672, "validation_examples": 5000}
{"step": 190, "epoch": 5, "train_loss": 2.5957046508789063, "clip_fraction": 0.965, "gradient_norm_mean": 2759.1440625, "gradient_norm_max": 8216.3046875, "step_seconds": 2.137146085500717, "innovation_std_sum": 170.95559353641727, "noise_marginal_std_sum": 192.62161197591644}
{"step": 200, "epoch": 5, "train_loss": 2.6981329345703124, "clip_fraction": 0.966, "gradient_norm_mean": 2761.572875, "gradient_norm_max": 8022.912109375, "step_seconds": 2.2349184677004814, "innovation_std_sum": 170.95559353641727, "noise_marginal_std_sum": 192.62161197591644}
{"step": 210, "epoch": 5, "train_loss": 2.6485196533203124, "clip_fraction": 0.952, "gradient_norm_mean": 2754.2716875, "gradient_norm_max": 8472.642578125, "step_seconds": 2.1642817053943872, "innovation_std_sum": 170.95559353641727, "noise_marginal_std_sum": 192.62161197591644}
{"step": 220, "epoch": 5, "train_loss": 2.6792503662109377, "clip_fraction": 0.967, "gradient_norm_mean": 2684.91425, "gradient_norm_max": 7838.892578125, "step_seconds": 2.0799249224364758, "innovation_std_sum": 170.95559353641727, "noise_marginal_std_sum": 192.62161197591644}
{"epoch": 5, "step": 225, "train_loss": 2.6093211547851562, "clip_fraction": 0.9621777777777778, "epsilon": 8.000000000000005, "accuracy": 0.4234, "validation_loss": 2.2291576110839846, "validation_examples": 5000}
