Loading weights:   0%|          | 0/39 [00:00<?, ?it/s]Loading weights: 100%|██████████| 39/39 [00:00<00:00, 18947.97it/s]
[transformers] [1mBertModel LOAD REPORT[0m from: /media/data/data/lt/dp-adam-correlated/cache/bert-tiny
Key                                        | Status     |  | 
-------------------------------------------+------------+--+-
cls.seq_relationship.bias                  | UNEXPECTED |  | 
cls.predictions.decoder.bias               | UNEXPECTED |  | 
cls.predictions.transform.LayerNorm.weight | UNEXPECTED |  | 
cls.predictions.transform.dense.weight     | UNEXPECTED |  | 
cls.predictions.transform.LayerNorm.bias   | UNEXPECTED |  | 
cls.seq_relationship.weight                | UNEXPECTED |  | 
cls.predictions.bias                       | UNEXPECTED |  | 
cls.predictions.decoder.weight             | UNEXPECTED |  | 
cls.predictions.transform.dense.bias       | UNEXPECTED |  | 

Notes:
- UNEXPECTED:	can be ignored when loading from different task/architecture; not ok if you expect identical arch.
sys:1: UserWarning: Full backward hook is firing when gradients are computed with respect to module outputs since no inputs require gradients. See https://docs.pytorch.org/docs/main/generated/torch.nn.Module.html#torch.nn.Module.register_full_backward_hook for more details.
{"step": 10, "epoch": 1, "train_loss": 0.6472156982421875, "clip_fraction": 0.21, "gradient_norm_mean": 8.686205078125, "gradient_norm_max": 13.930353164672852, "step_seconds": 0.27177401073276997, "innovation_std_sum": 17.095481450824956, "noise_marginal_std_sum": 19.26207342177903}
{"step": 20, "epoch": 1, "train_loss": 0.6217919921875, "clip_fraction": 0.688, "gradient_norm_mean": 18.628169921875, "gradient_norm_max": 49.549381256103516, "step_seconds": 0.27184189669787884, "innovation_std_sum": 17.095481450824956, "noise_marginal_std_sum": 19.26207342177903}
{"step": 30, "epoch": 1, "train_loss": 0.70974951171875, "clip_fraction": 0.619, "gradient_norm_mean": 36.15448046875, "gradient_norm_max": 174.16091918945312, "step_seconds": 0.2723495867103338, "innovation_std_sum": 17.095481450824956, "noise_marginal_std_sum": 19.26207342177903}
{"step": 40, "epoch": 1, "train_loss": 0.678544921875, "clip_fraction": 0.48, "gradient_norm_mean": 41.9381328125, "gradient_norm_max": 234.10113525390625, "step_seconds": 0.26572831720113754, "innovation_std_sum": 17.095481450824956, "noise_marginal_std_sum": 19.26207342177903}
{"step": 50, "epoch": 1, "train_loss": 0.684500244140625, "clip_fraction": 0.453, "gradient_norm_mean": 43.763296875, "gradient_norm_max": 272.5741271972656, "step_seconds": 0.26519203558564186, "innovation_std_sum": 17.095481450824956, "noise_marginal_std_sum": 19.26207342177903}
{"step": 60, "epoch": 1, "train_loss": 0.609134033203125, "clip_fraction": 0.451, "gradient_norm_mean": 39.9773671875, "gradient_norm_max": 305.5182189941406, "step_seconds": 0.18363329209387302, "innovation_std_sum": 17.095481450824956, "noise_marginal_std_sum": 19.26207342177903}
{"epoch": 1, "step": 62, "train_loss": 0.669548105547505, "clip_fraction": 0.457241935483871, "epsilon": 3.123292330075361, "accuracy": 0.776219854178351, "validation_loss": 0.6537826133010588, "validation_examples": 5349}
{"step": 70, "epoch": 2, "train_loss": 0.622932861328125, "clip_fraction": 0.409, "gradient_norm_mean": 36.3683671875, "gradient_norm_max": 245.10366821289062, "step_seconds": 0.27599702775478363, "innovation_std_sum": 17.095481450824956, "noise_marginal_std_sum": 19.26207342177903}
{"step": 80, "epoch": 2, "train_loss": 0.628610595703125, "clip_fraction": 0.429, "gradient_norm_mean": 37.751875, "gradient_norm_max": 272.516845703125, "step_seconds": 0.2751386631280184, "innovation_std_sum": 17.095481450824956, "noise_marginal_std_sum": 19.26207342177903}
{"step": 90, "epoch": 2, "train_loss": 0.6195435180664063, "clip_fraction": 0.414, "gradient_norm_mean": 35.9303828125, "gradient_norm_max": 264.8486633300781, "step_seconds": 0.2706284485757351, "innovation_std_sum": 17.095481450824956, "noise_marginal_std_sum": 19.26207342177903}
{"step": 100, "epoch": 2, "train_loss": 0.5648011474609375, "clip_fraction": 0.381, "gradient_norm_mean": 32.2153203125, "gradient_norm_max": 253.30184936523438, "step_seconds": 0.2723250016570091, "innovation_std_sum": 17.095481450824956, "noise_marginal_std_sum": 19.26207342177903}
{"step": 110, "epoch": 2, "train_loss": 0.5646526489257813, "clip_fraction": 0.392, "gradient_norm_mean": 35.43341796875, "gradient_norm_max": 298.65264892578125, "step_seconds": 0.2715509384870529, "innovation_std_sum": 17.095481450824956, "noise_marginal_std_sum": 19.26207342177903}
{"step": 120, "epoch": 2, "train_loss": 0.6021390991210938, "clip_fraction": 0.399, "gradient_norm_mean": 32.116205078125, "gradient_norm_max": 259.804931640625, "step_seconds": 0.27262462116777897, "innovation_std_sum": 17.095481450824956, "noise_marginal_std_sum": 19.26207342177903}
{"epoch": 2, "step": 124, "train_loss": 0.5963434694351688, "clip_fraction": 0.40208064516129033, "epsilon": 4.650920914901151, "accuracy": 0.809497102262105, "validation_loss": 0.5188178502637486, "validation_examples": 5349}
{"step": 130, "epoch": 3, "train_loss": 0.4890494384765625, "clip_fraction": 0.354, "gradient_norm_mean": 29.53612109375, "gradient_norm_max": 306.4494323730469, "step_seconds": 0.2753123342990875, "innovation_std_sum": 17.095481450824956, "noise_marginal_std_sum": 19.26207342177903}
{"step": 140, "epoch": 3, "train_loss": 0.579976806640625, "clip_fraction": 0.356, "gradient_norm_mean": 32.224158203125, "gradient_norm_max": 343.3203125, "step_seconds": 0.26999668031930923, "innovation_std_sum": 17.095481450824956, "noise_marginal_std_sum": 19.26207342177903}
{"step": 150, "epoch": 3, "train_loss": 0.5450988159179687, "clip_fraction": 0.356, "gradient_norm_mean": 28.22051953125, "gradient_norm_max": 302.10174560546875, "step_seconds": 0.2732478827238083, "innovation_std_sum": 17.095481450824956, "noise_marginal_std_sum": 19.26207342177903}
{"step": 160, "epoch": 3, "train_loss": 0.4176448974609375, "clip_fraction": 0.33, "gradient_norm_mean": 28.21465234375, "gradient_norm_max": 305.1619567871094, "step_seconds": 0.27358756586909294, "innovation_std_sum": 17.095481450824956, "noise_marginal_std_sum": 19.26207342177903}
{"step": 170, "epoch": 3, "train_loss": 0.4914945068359375, "clip_fraction": 0.314, "gradient_norm_mean": 26.91698828125, "gradient_norm_max": 298.089599609375, "step_seconds": 0.2739585041999817, "innovation_std_sum": 17.095481450824956, "noise_marginal_std_sum": 19.26207342177903}
{"step": 180, "epoch": 3, "train_loss": 0.46783251953125, "clip_fraction": 0.313, "gradient_norm_mean": 25.07428125, "gradient_norm_max": 344.2341003417969, "step_seconds": 0.27292450517416, "innovation_std_sum": 17.095481450824956, "noise_marginal_std_sum": 19.26207342177903}
{"epoch": 3, "step": 186, "train_loss": 0.5070971182546308, "clip_fraction": 0.33583870967741936, "epsilon": 5.8971720333737725, "accuracy": 0.8244531688166012, "validation_loss": 0.48930068986842423, "validation_examples": 5349}
{"step": 190, "epoch": 4, "train_loss": 0.4713501281738281, "clip_fraction": 0.299, "gradient_norm_mean": 26.47151953125, "gradient_norm_max": 295.115478515625, "step_seconds": 0.27253041602671146, "innovation_std_sum": 17.095481450824956, "noise_marginal_std_sum": 19.26207342177903}
{"step": 200, "epoch": 4, "train_loss": 0.5192039794921876, "clip_fraction": 0.319, "gradient_norm_mean": 27.02830078125, "gradient_norm_max": 338.43310546875, "step_seconds": 0.2731223702430725, "innovation_std_sum": 17.095481450824956, "noise_marginal_std_sum": 19.26207342177903}
{"step": 210, "epoch": 4, "train_loss": 0.4636810607910156, "clip_fraction": 0.301, "gradient_norm_mean": 26.736078125, "gradient_norm_max": 297.1378173828125, "step_seconds": 0.2744756881147623, "innovation_std_sum": 17.095481450824956, "noise_marginal_std_sum": 19.26207342177903}
{"step": 220, "epoch": 4, "train_loss": 0.416879638671875, "clip_fraction": 0.273, "gradient_norm_mean": 23.111759765625, "gradient_norm_max": 383.6363525390625, "step_seconds": 0.2727483529597521, "innovation_std_sum": 17.095481450824956, "noise_marginal_std_sum": 19.26207342177903}
{"step": 230, "epoch": 4, "train_loss": 0.49282418823242186, "clip_fraction": 0.299, "gradient_norm_mean": 28.084828125, "gradient_norm_max": 353.4038391113281, "step_seconds": 0.2722755931317806, "innovation_std_sum": 17.095481450824956, "noise_marginal_std_sum": 19.26207342177903}
{"step": 240, "epoch": 4, "train_loss": 0.4488699951171875, "clip_fraction": 0.282, "gradient_norm_mean": 24.617302734375, "gradient_norm_max": 337.2859191894531, "step_seconds": 0.273482833057642, "innovation_std_sum": 17.095481450824956, "noise_marginal_std_sum": 19.26207342177903}
{"epoch": 4, "step": 248, "train_loss": 0.4812232685704385, "clip_fraction": 0.29693548387096774, "epsilon": 6.996033129680921, "accuracy": 0.8300616937745373, "validation_loss": 0.4791999648588576, "validation_examples": 5349}
{"step": 250, "epoch": 5, "train_loss": 0.4909993896484375, "clip_fraction": 0.278, "gradient_norm_mean": 26.72925390625, "gradient_norm_max": 431.5992736816406, "step_seconds": 0.2737017795443535, "innovation_std_sum": 17.095481450824956, "noise_marginal_std_sum": 19.26207342177903}
{"step": 260, "epoch": 5, "train_loss": 0.460610595703125, "clip_fraction": 0.265, "gradient_norm_mean": 28.8128359375, "gradient_norm_max": 395.72955322265625, "step_seconds": 0.2716914564371109, "innovation_std_sum": 17.095481450824956, "noise_marginal_std_sum": 19.26207342177903}
{"step": 270, "epoch": 5, "train_loss": 0.45666482543945314, "clip_fraction": 0.283, "gradient_norm_mean": 25.759947265625, "gradient_norm_max": 304.71685791015625, "step_seconds": 0.27421905659139156, "innovation_std_sum": 17.095481450824956, "noise_marginal_std_sum": 19.26207342177903}
{"step": 280, "epoch": 5, "train_loss": 0.440226318359375, "clip_fraction": 0.296, "gradient_norm_mean": 26.190056640625, "gradient_norm_max": 309.6103820800781, "step_seconds": 0.27478979155421257, "innovation_std_sum": 17.095481450824956, "noise_marginal_std_sum": 19.26207342177903}
{"step": 290, "epoch": 5, "train_loss": 0.537984130859375, "clip_fraction": 0.295, "gradient_norm_mean": 32.3815, "gradient_norm_max": 363.1748962402344, "step_seconds": 0.27392647229135036, "innovation_std_sum": 17.095481450824956, "noise_marginal_std_sum": 19.26207342177903}
{"step": 300, "epoch": 5, "train_loss": 0.450022705078125, "clip_fraction": 0.268, "gradient_norm_mean": 23.17596484375, "gradient_norm_max": 302.7347106933594, "step_seconds": 0.27378008142113686, "innovation_std_sum": 17.095481450824956, "noise_marginal_std_sum": 19.26207342177903}
{"step": 310, "epoch": 5, "train_loss": 0.5057852783203125, "clip_fraction": 0.27, "gradient_norm_mean": 25.502994140625, "gradient_norm_max": 362.30657958984375, "step_seconds": 0.1616425197571516, "innovation_std_sum": 17.095481450824956, "noise_marginal_std_sum": 19.26207342177903}
{"epoch": 5, "step": 310, "train_loss": 0.4717978279359879, "clip_fraction": 0.2797903225806452, "epsilon": 8.000000000000007, "accuracy": 0.8347354645728173, "validation_loss": 0.4789320531571596, "validation_examples": 5349}
