Loading weights:   0%|          | 0/39 [00:00<?, ?it/s]Loading weights: 100%|██████████| 39/39 [00:00<00:00, 19815.61it/s]
[transformers] [1mBertModel LOAD REPORT[0m from: /media/data/data/lt/dp-adam-correlated/cache/bert-tiny
Key                                        | Status     |  | 
-------------------------------------------+------------+--+-
cls.seq_relationship.bias                  | UNEXPECTED |  | 
cls.predictions.transform.LayerNorm.bias   | UNEXPECTED |  | 
cls.predictions.decoder.bias               | UNEXPECTED |  | 
cls.predictions.transform.dense.bias       | UNEXPECTED |  | 
cls.predictions.transform.LayerNorm.weight | UNEXPECTED |  | 
cls.predictions.bias                       | UNEXPECTED |  | 
cls.predictions.decoder.weight             | UNEXPECTED |  | 
cls.seq_relationship.weight                | UNEXPECTED |  | 
cls.predictions.transform.dense.weight     | UNEXPECTED |  | 

Notes:
- UNEXPECTED:	can be ignored when loading from different task/architecture; not ok if you expect identical arch.
sys:1: UserWarning: Full backward hook is firing when gradients are computed with respect to module outputs since no inputs require gradients. See https://docs.pytorch.org/docs/main/generated/torch.nn.Module.html#torch.nn.Module.register_full_backward_hook for more details.
{"step": 10, "epoch": 1, "train_loss": 0.6764811401367188, "clip_fraction": 0.188, "gradient_norm_mean": 7.86517431640625, "gradient_norm_max": 13.858552932739258, "step_seconds": 0.2653139606118202, "innovation_std_sum": 82.35391794205516, "noise_marginal_std_sum": 113.59178844145096}
{"step": 20, "epoch": 1, "train_loss": 0.6519907836914063, "clip_fraction": 0.533, "gradient_norm_mean": 10.183828125, "gradient_norm_max": 19.593338012695312, "step_seconds": 0.2789625320583582, "innovation_std_sum": 82.35391794205516, "noise_marginal_std_sum": 113.59178844145096}
{"step": 30, "epoch": 1, "train_loss": 0.6385492553710937, "clip_fraction": 0.685, "gradient_norm_mean": 12.76366796875, "gradient_norm_max": 27.89092445373535, "step_seconds": 0.2942002955824137, "innovation_std_sum": 82.35391794205516, "noise_marginal_std_sum": 113.59178844145096}
{"step": 40, "epoch": 1, "train_loss": 0.6667496337890625, "clip_fraction": 0.674, "gradient_norm_mean": 16.22069140625, "gradient_norm_max": 42.85386276245117, "step_seconds": 0.28757000528275967, "innovation_std_sum": 82.35391794205516, "noise_marginal_std_sum": 113.59178844145096}
{"step": 50, "epoch": 1, "train_loss": 0.6016246337890625, "clip_fraction": 0.733, "gradient_norm_mean": 19.89966015625, "gradient_norm_max": 58.11411666870117, "step_seconds": 0.17198126763105392, "innovation_std_sum": 82.35391794205516, "noise_marginal_std_sum": 113.59178844145096}
{"step": 60, "epoch": 1, "train_loss": 0.5783811645507813, "clip_fraction": 0.709, "gradient_norm_mean": 24.067056640625, "gradient_norm_max": 74.81993865966797, "step_seconds": 0.28346566297113895, "innovation_std_sum": 82.35391794205516, "noise_marginal_std_sum": 113.59178844145096}
{"epoch": 1, "step": 62, "train_loss": 0.6407390550182712, "clip_fraction": 0.5258387096774193, "epsilon": 1.5433263319653634, "accuracy": 0.6823394495412844, "validation_loss": 0.6072072545322803, "validation_examples": 872}
{"step": 70, "epoch": 2, "train_loss": 0.6267586669921875, "clip_fraction": 0.649, "gradient_norm_mean": 27.167625, "gradient_norm_max": 111.75421142578125, "step_seconds": 0.2874845042824745, "innovation_std_sum": 82.35391794205516, "noise_marginal_std_sum": 113.59178844145096}
{"step": 80, "epoch": 2, "train_loss": 0.6202133178710938, "clip_fraction": 0.626, "gradient_norm_mean": 32.255859375, "gradient_norm_max": 124.67582702636719, "step_seconds": 0.2877171318978071, "innovation_std_sum": 82.35391794205516, "noise_marginal_std_sum": 113.59178844145096}
{"step": 90, "epoch": 2, "train_loss": 0.6135411987304688, "clip_fraction": 0.6, "gradient_norm_mean": 33.42265625, "gradient_norm_max": 147.24574279785156, "step_seconds": 0.2717727813869715, "innovation_std_sum": 82.35391794205516, "noise_marginal_std_sum": 113.59178844145096}
{"step": 100, "epoch": 2, "train_loss": 0.6472440795898438, "clip_fraction": 0.587, "gradient_norm_mean": 37.665015625, "gradient_norm_max": 165.7965850830078, "step_seconds": 0.2701040282845497, "innovation_std_sum": 82.35391794205516, "noise_marginal_std_sum": 113.59178844145096}
{"step": 110, "epoch": 2, "train_loss": 0.6297666015625, "clip_fraction": 0.544, "gradient_norm_mean": 37.28755859375, "gradient_norm_max": 177.31805419921875, "step_seconds": 0.28763849288225174, "innovation_std_sum": 82.35391794205516, "noise_marginal_std_sum": 113.59178844145096}
{"step": 120, "epoch": 2, "train_loss": 0.6702985229492188, "clip_fraction": 0.539, "gradient_norm_mean": 39.318890625, "gradient_norm_max": 192.19192504882812, "step_seconds": 0.2759509067982435, "innovation_std_sum": 82.35391794205516, "noise_marginal_std_sum": 113.59178844145096}
{"epoch": 2, "step": 124, "train_loss": 0.6178985989478326, "clip_fraction": 0.5956612903225806, "epsilon": 2.334704889281947, "accuracy": 0.7385321100917431, "validation_loss": 0.6744065765940815, "validation_examples": 872}
{"step": 130, "epoch": 3, "train_loss": 0.6048113403320312, "clip_fraction": 0.519, "gradient_norm_mean": 38.720328125, "gradient_norm_max": 206.47105407714844, "step_seconds": 0.286588566377759, "innovation_std_sum": 82.35391794205516, "noise_marginal_std_sum": 113.59178844145096}
{"step": 140, "epoch": 3, "train_loss": 0.6618325805664063, "clip_fraction": 0.485, "gradient_norm_mean": 38.19825, "gradient_norm_max": 235.73495483398438, "step_seconds": 0.2722356952726841, "innovation_std_sum": 82.35391794205516, "noise_marginal_std_sum": 113.59178844145096}
{"step": 150, "epoch": 3, "train_loss": 0.686474365234375, "clip_fraction": 0.49, "gradient_norm_mean": 40.0253828125, "gradient_norm_max": 239.36981201171875, "step_seconds": 0.291146794334054, "innovation_std_sum": 82.35391794205516, "noise_marginal_std_sum": 113.59178844145096}
{"step": 160, "epoch": 3, "train_loss": 0.6546162109375, "clip_fraction": 0.493, "gradient_norm_mean": 42.3568828125, "gradient_norm_max": 235.1732940673828, "step_seconds": 0.28898242115974426, "innovation_std_sum": 82.35391794205516, "noise_marginal_std_sum": 113.59178844145096}
{"step": 170, "epoch": 3, "train_loss": 0.6374371337890625, "clip_fraction": 0.475, "gradient_norm_mean": 40.82833203125, "gradient_norm_max": 252.114501953125, "step_seconds": 0.29447755962610245, "innovation_std_sum": 82.35391794205516, "noise_marginal_std_sum": 113.59178844145096}
{"step": 180, "epoch": 3, "train_loss": 0.700001708984375, "clip_fraction": 0.45, "gradient_norm_mean": 39.9961953125, "gradient_norm_max": 229.1186065673828, "step_seconds": 0.27703859470784664, "innovation_std_sum": 82.35391794205516, "noise_marginal_std_sum": 113.59178844145096}
{"epoch": 3, "step": 186, "train_loss": 0.6518282224593624, "clip_fraction": 0.49006451612903223, "epsilon": 2.963950102283805, "accuracy": 0.7568807339449541, "validation_loss": 0.7005753298418238, "validation_examples": 872}
{"step": 190, "epoch": 4, "train_loss": 0.6670817260742188, "clip_fraction": 0.498, "gradient_norm_mean": 42.4038125, "gradient_norm_max": 260.76080322265625, "step_seconds": 0.26843496784567833, "innovation_std_sum": 82.35391794205516, "noise_marginal_std_sum": 113.59178844145096}
{"step": 200, "epoch": 4, "train_loss": 0.605082763671875, "clip_fraction": 0.464, "gradient_norm_mean": 40.74488671875, "gradient_norm_max": 259.39276123046875, "step_seconds": 0.2928213123232126, "innovation_std_sum": 82.35391794205516, "noise_marginal_std_sum": 113.59178844145096}
{"step": 210, "epoch": 4, "train_loss": 0.625966064453125, "clip_fraction": 0.437, "gradient_norm_mean": 39.08534765625, "gradient_norm_max": 279.529296875, "step_seconds": 0.2902714591473341, "innovation_std_sum": 82.35391794205516, "noise_marginal_std_sum": 113.59178844145096}
{"step": 220, "epoch": 4, "train_loss": 0.651325439453125, "clip_fraction": 0.462, "gradient_norm_mean": 41.746953125, "gradient_norm_max": 295.933837890625, "step_seconds": 0.2925340626388788, "innovation_std_sum": 82.35391794205516, "noise_marginal_std_sum": 113.59178844145096}
{"step": 230, "epoch": 4, "train_loss": 0.645125732421875, "clip_fraction": 0.446, "gradient_norm_mean": 41.33410546875, "gradient_norm_max": 273.51251220703125, "step_seconds": 0.27315184473991394, "innovation_std_sum": 82.35391794205516, "noise_marginal_std_sum": 113.59178844145096}
{"step": 240, "epoch": 4, "train_loss": 0.594307861328125, "clip_fraction": 0.414, "gradient_norm_mean": 37.9350234375, "gradient_norm_max": 285.6324462890625, "step_seconds": 0.2909412384033203, "innovation_std_sum": 82.35391794205516, "noise_marginal_std_sum": 113.59178844145096}
{"epoch": 4, "step": 248, "train_loss": 0.6289696015388735, "clip_fraction": 0.4470967741935484, "epsilon": 3.508825226192087, "accuracy": 0.7614678899082569, "validation_loss": 0.7086299537518702, "validation_examples": 872}
{"step": 250, "epoch": 5, "train_loss": 0.6422359619140625, "clip_fraction": 0.445, "gradient_norm_mean": 43.61995703125, "gradient_norm_max": 266.4351501464844, "step_seconds": 0.29083373583853245, "innovation_std_sum": 82.35391794205516, "noise_marginal_std_sum": 113.59178844145096}
{"step": 260, "epoch": 5, "train_loss": 0.6097442626953125, "clip_fraction": 0.425, "gradient_norm_mean": 40.41314453125, "gradient_norm_max": 320.6141052246094, "step_seconds": 0.29622088000178337, "innovation_std_sum": 82.35391794205516, "noise_marginal_std_sum": 113.59178844145096}
{"step": 270, "epoch": 5, "train_loss": 0.6424154052734375, "clip_fraction": 0.436, "gradient_norm_mean": 41.169078125, "gradient_norm_max": 254.69976806640625, "step_seconds": 0.30101930163800716, "innovation_std_sum": 82.35391794205516, "noise_marginal_std_sum": 113.59178844145096}
{"step": 280, "epoch": 5, "train_loss": 0.5369055786132813, "clip_fraction": 0.417, "gradient_norm_mean": 38.553015625, "gradient_norm_max": 299.2007141113281, "step_seconds": 0.29494420252740383, "innovation_std_sum": 82.35391794205516, "noise_marginal_std_sum": 113.59178844145096}
{"step": 290, "epoch": 5, "train_loss": 0.6510275268554687, "clip_fraction": 0.431, "gradient_norm_mean": 42.30179296875, "gradient_norm_max": 311.2161865234375, "step_seconds": 0.13929158076643944, "innovation_std_sum": 82.35391794205516, "noise_marginal_std_sum": 113.59178844145096}
{"step": 300, "epoch": 5, "train_loss": 0.5807874755859375, "clip_fraction": 0.394, "gradient_norm_mean": 35.59612890625, "gradient_norm_max": 302.3648376464844, "step_seconds": 0.13936074823141098, "innovation_std_sum": 82.35391794205516, "noise_marginal_std_sum": 113.59178844145096}
{"step": 310, "epoch": 5, "train_loss": 0.6379527587890625, "clip_fraction": 0.432, "gradient_norm_mean": 41.3862734375, "gradient_norm_max": 258.8350524902344, "step_seconds": 0.1374179981648922, "innovation_std_sum": 82.35391794205516, "noise_marginal_std_sum": 113.59178844145096}
{"epoch": 5, "step": 310, "train_loss": 0.6152789464150705, "clip_fraction": 0.423258064516129, "epsilon": 3.9999999999999716, "accuracy": 0.7637614678899083, "validation_loss": 0.7065982993589629, "validation_examples": 872}
