/home/longt29/miniconda3/envs/curve/lib/python3.11/site-packages/torchvision/datasets/cifar.py:83: VisibleDeprecationWarning: dtype(): align should be passed as Python or NumPy boolean but got `align=0`. Did you mean to pass a tuple to create a subarray type? (Deprecated NumPy 2.4)
  entry = pickle.load(f, encoding="latin1")
sys:1: UserWarning: Full backward hook is firing when gradients are computed with respect to module outputs since no inputs require gradients. See https://docs.pytorch.org/docs/main/generated/torch.nn.Module.html#torch.nn.Module.register_full_backward_hook for more details.
{"step": 10, "epoch": 1, "train_loss": 4.236827392578125, "clip_fraction": 1.0, "gradient_norm_mean": 853.8403125, "gradient_norm_max": 1656.629150390625, "step_seconds": 2.087626652792096, "innovation_std_sum": 240.75993838827023, "noise_marginal_std_sum": 281.66422180982534}
{"step": 20, "epoch": 1, "train_loss": 3.385985534667969, "clip_fraction": 1.0, "gradient_norm_mean": 1534.64715625, "gradient_norm_max": 3879.609375, "step_seconds": 2.125459648668766, "innovation_std_sum": 240.75993838827023, "noise_marginal_std_sum": 281.66422180982534}
{"step": 30, "epoch": 1, "train_loss": 2.7984178466796874, "clip_fraction": 0.998, "gradient_norm_mean": 1650.15265625, "gradient_norm_max": 4715.09521484375, "step_seconds": 2.0762321688234806, "innovation_std_sum": 240.75993838827023, "noise_marginal_std_sum": 281.66422180982534}
{"step": 40, "epoch": 1, "train_loss": 2.4622062377929685, "clip_fraction": 0.992, "gradient_norm_mean": 1725.38140625, "gradient_norm_max": 6173.072265625, "step_seconds": 2.235297603532672, "innovation_std_sum": 240.75993838827023, "noise_marginal_std_sum": 281.66422180982534}
{"epoch": 1, "step": 45, "train_loss": 3.37631591796875, "clip_fraction": 0.9976444444444444, "epsilon": 3.0297011451528837, "accuracy": 0.5132, "validation_loss": 1.8186242492675782, "validation_examples": 5000}
{"step": 50, "epoch": 2, "train_loss": 2.164525207519531, "clip_fraction": 0.973, "gradient_norm_mean": 1666.8536875, "gradient_norm_max": 9039.7392578125, "step_seconds": 2.0893758926540613, "innovation_std_sum": 240.75993838827023, "noise_marginal_std_sum": 281.66422180982534}
{"step": 60, "epoch": 2, "train_loss": 2.0685736694335937, "clip_fraction": 0.952, "gradient_norm_mean": 1693.253, "gradient_norm_max": 8045.060546875, "step_seconds": 2.172493929043412, "innovation_std_sum": 240.75993838827023, "noise_marginal_std_sum": 281.66422180982534}
{"step": 70, "epoch": 2, "train_loss": 1.837185272216797, "clip_fraction": 0.917, "gradient_norm_mean": 1587.0320625, "gradient_norm_max": 9025.0810546875, "step_seconds": 2.1712739896029234, "innovation_std_sum": 240.75993838827023, "noise_marginal_std_sum": 281.66422180982534}
{"step": 80, "epoch": 2, "train_loss": 1.855877197265625, "clip_fraction": 0.924, "gradient_norm_mean": 1717.98425, "gradient_norm_max": 10000.587890625, "step_seconds": 2.2178651969879866, "innovation_std_sum": 240.75993838827023, "noise_marginal_std_sum": 281.66422180982534}
{"step": 90, "epoch": 2, "train_loss": 1.7216537475585938, "clip_fraction": 0.905, "gradient_norm_mean": 1710.77584375, "gradient_norm_max": 11393.0693359375, "step_seconds": 2.1981454733759165, "innovation_std_sum": 240.75993838827023, "noise_marginal_std_sum": 281.66422180982534}
{"epoch": 2, "step": 90, "train_loss": 1.9397412048339844, "clip_fraction": 0.9356, "epsilon": 4.5953206372907065, "accuracy": 0.6632, "validation_loss": 1.1890695251464845, "validation_examples": 5000}
{"step": 100, "epoch": 3, "train_loss": 1.5782563171386719, "clip_fraction": 0.868, "gradient_norm_mean": 1637.6705625, "gradient_norm_max": 9111.6923828125, "step_seconds": 2.1352074425667524, "innovation_std_sum": 240.75993838827023, "noise_marginal_std_sum": 281.66422180982534}
{"step": 110, "epoch": 3, "train_loss": 1.5497424926757812, "clip_fraction": 0.854, "gradient_norm_mean": 1649.8808125, "gradient_norm_max": 11118.5087890625, "step_seconds": 2.188617752864957, "innovation_std_sum": 240.75993838827023, "noise_marginal_std_sum": 281.66422180982534}
{"step": 120, "epoch": 3, "train_loss": 1.4880183715820312, "clip_fraction": 0.821, "gradient_norm_mean": 1652.3451875, "gradient_norm_max": 14924.158203125, "step_seconds": 2.2071712594479322, "innovation_std_sum": 240.75993838827023, "noise_marginal_std_sum": 281.66422180982534}
{"step": 130, "epoch": 3, "train_loss": 1.4871358947753905, "clip_fraction": 0.809, "gradient_norm_mean": 1704.9833125, "gradient_norm_max": 18342.61328125, "step_seconds": 2.394767589867115, "innovation_std_sum": 240.75993838827023, "noise_marginal_std_sum": 281.66422180982534}
{"epoch": 3, "step": 135, "train_loss": 1.5881633151584202, "clip_fraction": 0.8440444444444445, "epsilon": 5.865340104265841, "accuracy": 0.7156, "validation_loss": 0.9707404968261719, "validation_examples": 5000}
{"step": 140, "epoch": 4, "train_loss": 1.5419502868652344, "clip_fraction": 0.796, "gradient_norm_mean": 1676.00740625, "gradient_norm_max": 9204.1611328125, "step_seconds": 2.0940260905772448, "innovation_std_sum": 240.75993838827023, "noise_marginal_std_sum": 281.66422180982534}
{"step": 150, "epoch": 4, "train_loss": 1.496230255126953, "clip_fraction": 0.767, "gradient_norm_mean": 1693.3015, "gradient_norm_max": 14660.1279296875, "step_seconds": 2.1420944686979055, "innovation_std_sum": 240.75993838827023, "noise_marginal_std_sum": 281.66422180982534}
{"step": 160, "epoch": 4, "train_loss": 1.491568328857422, "clip_fraction": 0.786, "gradient_norm_mean": 1701.50728125, "gradient_norm_max": 10296.1748046875, "step_seconds": 2.1265347879379988, "innovation_std_sum": 240.75993838827023, "noise_marginal_std_sum": 281.66422180982534}
{"step": 170, "epoch": 4, "train_loss": 1.4752809448242188, "clip_fraction": 0.778, "gradient_norm_mean": 1652.86425, "gradient_norm_max": 11461.09765625, "step_seconds": 2.097427586093545, "innovation_std_sum": 240.75993838827023, "noise_marginal_std_sum": 281.66422180982534}
{"step": 180, "epoch": 4, "train_loss": 1.4276160888671876, "clip_fraction": 0.754, "gradient_norm_mean": 1689.2319375, "gradient_norm_max": 11878.7294921875, "step_seconds": 2.197809875011444, "innovation_std_sum": 240.75993838827023, "noise_marginal_std_sum": 281.66422180982534}
{"epoch": 4, "step": 180, "train_loss": 1.4710129347059462, "clip_fraction": 0.7842666666666667, "epsilon": 6.9817050448149836, "accuracy": 0.7418, "validation_loss": 0.8919910034179688, "validation_examples": 5000}
{"step": 190, "epoch": 5, "train_loss": 1.3598876037597656, "clip_fraction": 0.773, "gradient_norm_mean": 1647.46153125, "gradient_norm_max": 12590.2568359375, "step_seconds": 2.114413721486926, "innovation_std_sum": 240.75993838827023, "noise_marginal_std_sum": 281.66422180982534}
{"step": 200, "epoch": 5, "train_loss": 1.458380340576172, "clip_fraction": 0.755, "gradient_norm_mean": 1732.9505, "gradient_norm_max": 12866.1318359375, "step_seconds": 2.146833809092641, "innovation_std_sum": 240.75993838827023, "noise_marginal_std_sum": 281.66422180982534}
{"step": 210, "epoch": 5, "train_loss": 1.4890284729003906, "clip_fraction": 0.728, "gradient_norm_mean": 1693.99053125, "gradient_norm_max": 10429.3271484375, "step_seconds": 2.1786989141255617, "innovation_std_sum": 240.75993838827023, "noise_marginal_std_sum": 281.66422180982534}
{"step": 220, "epoch": 5, "train_loss": 1.4126234130859374, "clip_fraction": 0.758, "gradient_norm_mean": 1807.1096875, "gradient_norm_max": 11392.296875, "step_seconds": 2.2230153754353523, "innovation_std_sum": 240.75993838827023, "noise_marginal_std_sum": 281.66422180982534}
{"epoch": 5, "step": 225, "train_loss": 1.410260696750217, "clip_fraction": 0.7439111111111111, "epsilon": 8.000000000000005, "accuracy": 0.7572, "validation_loss": 0.852932373046875, "validation_examples": 5000}
