Loading weights:   0%|          | 0/39 [00:00<?, ?it/s]Loading weights: 100%|██████████| 39/39 [00:00<00:00, 16224.74it/s]
[transformers] [1mBertModel LOAD REPORT[0m from: /media/data/data/lt/dp-adam-correlated/cache/bert-tiny
Key                                        | Status     |  | 
-------------------------------------------+------------+--+-
cls.predictions.transform.dense.bias       | UNEXPECTED |  | 
cls.predictions.transform.LayerNorm.bias   | UNEXPECTED |  | 
cls.predictions.transform.dense.weight     | UNEXPECTED |  | 
cls.predictions.bias                       | UNEXPECTED |  | 
cls.predictions.decoder.bias               | UNEXPECTED |  | 
cls.predictions.decoder.weight             | UNEXPECTED |  | 
cls.predictions.transform.LayerNorm.weight | UNEXPECTED |  | 
cls.seq_relationship.weight                | UNEXPECTED |  | 
cls.seq_relationship.bias                  | UNEXPECTED |  | 

Notes:
- UNEXPECTED:	can be ignored when loading from different task/architecture; not ok if you expect identical arch.
sys:1: UserWarning: Full backward hook is firing when gradients are computed with respect to module outputs since no inputs require gradients. See https://docs.pytorch.org/docs/main/generated/torch.nn.Module.html#torch.nn.Module.register_full_backward_hook for more details.
{"step": 10, "epoch": 1, "train_loss": 0.6620587768554688, "clip_fraction": 0.0, "gradient_norm_mean": 7.9881015625, "gradient_norm_max": 12.51060676574707, "step_seconds": 0.2653993759304285, "innovation_std_sum": 19.605444378417108, "noise_marginal_std_sum": 22.090135932700033}
{"step": 20, "epoch": 1, "train_loss": 0.605877685546875, "clip_fraction": 0.056, "gradient_norm_mean": 12.524001953125, "gradient_norm_max": 27.91344451904297, "step_seconds": 0.2715049274265766, "innovation_std_sum": 19.605444378417108, "noise_marginal_std_sum": 22.090135932700033}
{"step": 30, "epoch": 1, "train_loss": 0.539174560546875, "clip_fraction": 0.449, "gradient_norm_mean": 22.16715625, "gradient_norm_max": 76.8370132446289, "step_seconds": 0.2708199378103018, "innovation_std_sum": 19.605444378417108, "noise_marginal_std_sum": 22.090135932700033}
{"step": 40, "epoch": 1, "train_loss": 0.563192138671875, "clip_fraction": 0.417, "gradient_norm_mean": 32.26341796875, "gradient_norm_max": 179.79623413085938, "step_seconds": 0.2720715310424566, "innovation_std_sum": 19.605444378417108, "noise_marginal_std_sum": 22.090135932700033}
{"step": 50, "epoch": 1, "train_loss": 0.5806956176757813, "clip_fraction": 0.379, "gradient_norm_mean": 33.1511015625, "gradient_norm_max": 220.090087890625, "step_seconds": 0.27203544043004513, "innovation_std_sum": 19.605444378417108, "noise_marginal_std_sum": 22.090135932700033}
{"step": 60, "epoch": 1, "train_loss": 0.5090346069335937, "clip_fraction": 0.354, "gradient_norm_mean": 28.90458984375, "gradient_norm_max": 173.6466064453125, "step_seconds": 0.2719651982188225, "innovation_std_sum": 19.605444378417108, "noise_marginal_std_sum": 22.090135932700033}
{"epoch": 1, "step": 62, "train_loss": 0.5917810659100933, "clip_fraction": 0.2666290322580645, "epsilon": 5.945052572931757, "accuracy": 0.768348623853211, "validation_loss": 0.6071794229909915, "validation_examples": 872}
{"step": 70, "epoch": 2, "train_loss": 0.47614788818359377, "clip_fraction": 0.35, "gradient_norm_mean": 24.92859765625, "gradient_norm_max": 164.17611694335938, "step_seconds": 0.26865703240036964, "innovation_std_sum": 19.605444378417108, "noise_marginal_std_sum": 22.090135932700033}
{"step": 80, "epoch": 2, "train_loss": 0.5076305541992188, "clip_fraction": 0.353, "gradient_norm_mean": 27.81984765625, "gradient_norm_max": 264.916015625, "step_seconds": 0.27383958362042904, "innovation_std_sum": 19.605444378417108, "noise_marginal_std_sum": 22.090135932700033}
{"step": 90, "epoch": 2, "train_loss": 0.46839520263671874, "clip_fraction": 0.323, "gradient_norm_mean": 25.3743828125, "gradient_norm_max": 205.03892517089844, "step_seconds": 0.273029625415802, "innovation_std_sum": 19.605444378417108, "noise_marginal_std_sum": 22.090135932700033}
{"step": 100, "epoch": 2, "train_loss": 0.46937188720703127, "clip_fraction": 0.329, "gradient_norm_mean": 25.623763671875, "gradient_norm_max": 228.7126922607422, "step_seconds": 0.27225584350526333, "innovation_std_sum": 19.605444378417108, "noise_marginal_std_sum": 22.090135932700033}
{"step": 110, "epoch": 2, "train_loss": 0.4113459167480469, "clip_fraction": 0.265, "gradient_norm_mean": 21.7712265625, "gradient_norm_max": 205.4331817626953, "step_seconds": 0.27173726819455624, "innovation_std_sum": 19.605444378417108, "noise_marginal_std_sum": 22.090135932700033}
{"step": 120, "epoch": 2, "train_loss": 0.4383749084472656, "clip_fraction": 0.285, "gradient_norm_mean": 22.64032421875, "gradient_norm_max": 221.5970001220703, "step_seconds": 0.2731823194772005, "innovation_std_sum": 19.605444378417108, "noise_marginal_std_sum": 22.090135932700033}
{"epoch": 2, "step": 124, "train_loss": 0.46497854515814013, "clip_fraction": 0.32483870967741935, "epsilon": 9.011173335138647, "accuracy": 0.7775229357798165, "validation_loss": 0.5532631042900436, "validation_examples": 872}
{"step": 130, "epoch": 3, "train_loss": 0.435960693359375, "clip_fraction": 0.283, "gradient_norm_mean": 21.479201171875, "gradient_norm_max": 157.62295532226562, "step_seconds": 0.2721125930547714, "innovation_std_sum": 19.605444378417108, "noise_marginal_std_sum": 22.090135932700033}
{"step": 140, "epoch": 3, "train_loss": 0.44602032470703123, "clip_fraction": 0.26, "gradient_norm_mean": 21.856892578125, "gradient_norm_max": 240.9080810546875, "step_seconds": 0.27209203876554966, "innovation_std_sum": 19.605444378417108, "noise_marginal_std_sum": 22.090135932700033}
{"step": 150, "epoch": 3, "train_loss": 0.435966796875, "clip_fraction": 0.267, "gradient_norm_mean": 20.058654296875, "gradient_norm_max": 229.9556427001953, "step_seconds": 0.2699669487774372, "innovation_std_sum": 19.605444378417108, "noise_marginal_std_sum": 22.090135932700033}
{"step": 160, "epoch": 3, "train_loss": 0.442645751953125, "clip_fraction": 0.27, "gradient_norm_mean": 22.051275390625, "gradient_norm_max": 208.89727783203125, "step_seconds": 0.27384783513844013, "innovation_std_sum": 19.605444378417108, "noise_marginal_std_sum": 22.090135932700033}
{"step": 170, "epoch": 3, "train_loss": 0.4416048889160156, "clip_fraction": 0.283, "gradient_norm_mean": 22.404205078125, "gradient_norm_max": 229.7586212158203, "step_seconds": 0.2741326689720154, "innovation_std_sum": 19.605444378417108, "noise_marginal_std_sum": 22.090135932700033}
{"step": 180, "epoch": 3, "train_loss": 0.4271843872070312, "clip_fraction": 0.26, "gradient_norm_mean": 22.218921875, "gradient_norm_max": 210.67115783691406, "step_seconds": 0.27354408614337444, "innovation_std_sum": 19.605444378417108, "noise_marginal_std_sum": 22.090135932700033}
{"epoch": 3, "step": 186, "train_loss": 0.4277861613612021, "clip_fraction": 0.26788709677419353, "epsilon": 11.573037445937535, "accuracy": 0.7855504587155964, "validation_loss": 0.542405456577966, "validation_examples": 872}
{"step": 190, "epoch": 4, "train_loss": 0.41825802612304686, "clip_fraction": 0.258, "gradient_norm_mean": 20.470984375, "gradient_norm_max": 207.88864135742188, "step_seconds": 0.2742854729294777, "innovation_std_sum": 19.605444378417108, "noise_marginal_std_sum": 22.090135932700033}
{"step": 200, "epoch": 4, "train_loss": 0.41685516357421876, "clip_fraction": 0.243, "gradient_norm_mean": 21.485994140625, "gradient_norm_max": 258.2691955566406, "step_seconds": 0.27133493684232235, "innovation_std_sum": 19.605444378417108, "noise_marginal_std_sum": 22.090135932700033}
{"step": 210, "epoch": 4, "train_loss": 0.38996209716796876, "clip_fraction": 0.238, "gradient_norm_mean": 20.1260390625, "gradient_norm_max": 231.23497009277344, "step_seconds": 0.27422230690717697, "innovation_std_sum": 19.605444378417108, "noise_marginal_std_sum": 22.090135932700033}
{"step": 220, "epoch": 4, "train_loss": 0.44042413330078123, "clip_fraction": 0.266, "gradient_norm_mean": 21.6760234375, "gradient_norm_max": 243.1497039794922, "step_seconds": 0.2729832399636507, "innovation_std_sum": 19.605444378417108, "noise_marginal_std_sum": 22.090135932700033}
{"step": 230, "epoch": 4, "train_loss": 0.3630072631835938, "clip_fraction": 0.226, "gradient_norm_mean": 19.679607421875, "gradient_norm_max": 257.5288391113281, "step_seconds": 0.2731729205697775, "innovation_std_sum": 19.605444378417108, "noise_marginal_std_sum": 22.090135932700033}
{"step": 240, "epoch": 4, "train_loss": 0.4148155517578125, "clip_fraction": 0.254, "gradient_norm_mean": 21.81743359375, "gradient_norm_max": 248.0698699951172, "step_seconds": 0.2731779385358095, "innovation_std_sum": 19.605444378417108, "noise_marginal_std_sum": 22.090135932700033}
{"epoch": 4, "step": 248, "train_loss": 0.3993407479563067, "clip_fraction": 0.2425967741935484, "epsilon": 13.871268125760626, "accuracy": 0.7855504587155964, "validation_loss": 0.5360497553414161, "validation_examples": 872}
{"step": 250, "epoch": 5, "train_loss": 0.40451641845703123, "clip_fraction": 0.231, "gradient_norm_mean": 18.5978125, "gradient_norm_max": 204.35838317871094, "step_seconds": 0.27350814640522003, "innovation_std_sum": 19.605444378417108, "noise_marginal_std_sum": 22.090135932700033}
{"step": 260, "epoch": 5, "train_loss": 0.4066905517578125, "clip_fraction": 0.243, "gradient_norm_mean": 21.63984765625, "gradient_norm_max": 236.55117797851562, "step_seconds": 0.2738616168498993, "innovation_std_sum": 19.605444378417108, "noise_marginal_std_sum": 22.090135932700033}
{"step": 270, "epoch": 5, "train_loss": 0.4428670349121094, "clip_fraction": 0.241, "gradient_norm_mean": 22.74916015625, "gradient_norm_max": 317.2981872558594, "step_seconds": 0.27468205243349075, "innovation_std_sum": 19.605444378417108, "noise_marginal_std_sum": 22.090135932700033}
{"step": 280, "epoch": 5, "train_loss": 0.389974853515625, "clip_fraction": 0.233, "gradient_norm_mean": 19.796671875, "gradient_norm_max": 257.85797119140625, "step_seconds": 0.274386091157794, "innovation_std_sum": 19.605444378417108, "noise_marginal_std_sum": 22.090135932700033}
{"step": 290, "epoch": 5, "train_loss": 0.365466796875, "clip_fraction": 0.216, "gradient_norm_mean": 20.20648046875, "gradient_norm_max": 272.1449890136719, "step_seconds": 0.2742718067020178, "innovation_std_sum": 19.605444378417108, "noise_marginal_std_sum": 22.090135932700033}
{"step": 300, "epoch": 5, "train_loss": 0.335743408203125, "clip_fraction": 0.199, "gradient_norm_mean": 20.15823046875, "gradient_norm_max": 299.9172058105469, "step_seconds": 0.27398258820176125, "innovation_std_sum": 19.605444378417108, "noise_marginal_std_sum": 22.090135932700033}
{"step": 310, "epoch": 5, "train_loss": 0.3857839965820313, "clip_fraction": 0.247, "gradient_norm_mean": 19.97803515625, "gradient_norm_max": 301.0869445800781, "step_seconds": 0.26443994604051113, "innovation_std_sum": 19.605444378417108, "noise_marginal_std_sum": 22.090135932700033}
{"epoch": 5, "step": 310, "train_loss": 0.38735991594868324, "clip_fraction": 0.23040322580645162, "epsilon": 16.000000000000018, "accuracy": 0.7889908256880734, "validation_loss": 0.5340459106165335, "validation_examples": 872}
