Loading weights:   0%|          | 0/39 [00:00<?, ?it/s]Loading weights: 100%|██████████| 39/39 [00:00<00:00, 19269.39it/s]
[transformers] [1mBertModel LOAD REPORT[0m from: /media/data/data/lt/dp-adam-correlated/cache/bert-tiny
Key                                        | Status     |  | 
-------------------------------------------+------------+--+-
cls.predictions.transform.dense.bias       | UNEXPECTED |  | 
cls.predictions.decoder.bias               | UNEXPECTED |  | 
cls.predictions.transform.LayerNorm.bias   | UNEXPECTED |  | 
cls.predictions.bias                       | UNEXPECTED |  | 
cls.seq_relationship.bias                  | UNEXPECTED |  | 
cls.predictions.transform.dense.weight     | UNEXPECTED |  | 
cls.seq_relationship.weight                | UNEXPECTED |  | 
cls.predictions.transform.LayerNorm.weight | UNEXPECTED |  | 
cls.predictions.decoder.weight             | UNEXPECTED |  | 

Notes:
- UNEXPECTED:	can be ignored when loading from different task/architecture; not ok if you expect identical arch.
sys:1: UserWarning: Full backward hook is firing when gradients are computed with respect to module outputs since no inputs require gradients. See https://docs.pytorch.org/docs/main/generated/torch.nn.Module.html#torch.nn.Module.register_full_backward_hook for more details.
{"step": 10, "epoch": 1, "train_loss": 0.6266632690429688, "clip_fraction": 0.708, "gradient_norm_mean": 397.799625, "gradient_norm_max": 922.6060791015625, "step_seconds": 0.26613711565732956, "innovation_std_sum": 753.4116773828302, "noise_marginal_std_sum": 879.9486554334685}
{"step": 20, "epoch": 1, "train_loss": 0.5951305541992188, "clip_fraction": 0.588, "gradient_norm_mean": 676.6245625, "gradient_norm_max": 2735.078857421875, "step_seconds": 0.27022801898419857, "innovation_std_sum": 753.4116773828302, "noise_marginal_std_sum": 879.9486554334685}
{"step": 30, "epoch": 1, "train_loss": 0.6355264282226563, "clip_fraction": 0.457, "gradient_norm_mean": 724.061125, "gradient_norm_max": 4392.57177734375, "step_seconds": 0.2674414683133364, "innovation_std_sum": 753.4116773828302, "noise_marginal_std_sum": 879.9486554334685}
{"step": 40, "epoch": 1, "train_loss": 0.663927001953125, "clip_fraction": 0.469, "gradient_norm_mean": 775.014875, "gradient_norm_max": 5012.2392578125, "step_seconds": 0.2693090923130512, "innovation_std_sum": 753.4116773828302, "noise_marginal_std_sum": 879.9486554334685}
{"step": 50, "epoch": 1, "train_loss": 0.6268673095703124, "clip_fraction": 0.432, "gradient_norm_mean": 716.367, "gradient_norm_max": 4782.40185546875, "step_seconds": 0.26894053258001804, "innovation_std_sum": 753.4116773828302, "noise_marginal_std_sum": 879.9486554334685}
{"step": 60, "epoch": 1, "train_loss": 0.5483343505859375, "clip_fraction": 0.398, "gradient_norm_mean": 584.76475, "gradient_norm_max": 4214.67724609375, "step_seconds": 0.2683850470930338, "innovation_std_sum": 753.4116773828302, "noise_marginal_std_sum": 879.9486554334685}
{"epoch": 1, "step": 62, "train_loss": 0.6264332806987147, "clip_fraction": 0.505016129032258, "epsilon": 3.0540894402664507, "accuracy": 0.7534403669724771, "validation_loss": 0.6352683251057196, "validation_examples": 872}
{"step": 70, "epoch": 2, "train_loss": 0.584837158203125, "clip_fraction": 0.402, "gradient_norm_mean": 644.919625, "gradient_norm_max": 5686.5908203125, "step_seconds": 0.27634698152542114, "innovation_std_sum": 753.4116773828302, "noise_marginal_std_sum": 879.9486554334685}
{"step": 80, "epoch": 2, "train_loss": 0.5676716918945313, "clip_fraction": 0.379, "gradient_norm_mean": 540.78575, "gradient_norm_max": 4708.388671875, "step_seconds": 0.2743944488465786, "innovation_std_sum": 753.4116773828302, "noise_marginal_std_sum": 879.9486554334685}
{"step": 90, "epoch": 2, "train_loss": 0.5102320251464844, "clip_fraction": 0.352, "gradient_norm_mean": 501.2835, "gradient_norm_max": 3908.63916015625, "step_seconds": 0.2765603419393301, "innovation_std_sum": 753.4116773828302, "noise_marginal_std_sum": 879.9486554334685}
{"step": 100, "epoch": 2, "train_loss": 0.46916668701171876, "clip_fraction": 0.337, "gradient_norm_mean": 458.946, "gradient_norm_max": 3786.2353515625, "step_seconds": 0.27592314407229424, "innovation_std_sum": 753.4116773828302, "noise_marginal_std_sum": 879.9486554334685}
{"step": 110, "epoch": 2, "train_loss": 0.47159600830078124, "clip_fraction": 0.319, "gradient_norm_mean": 425.479125, "gradient_norm_max": 3965.066162109375, "step_seconds": 0.27576182037591934, "innovation_std_sum": 753.4116773828302, "noise_marginal_std_sum": 879.9486554334685}
{"step": 120, "epoch": 2, "train_loss": 0.47456869506835936, "clip_fraction": 0.309, "gradient_norm_mean": 412.84146875, "gradient_norm_max": 4305.65234375, "step_seconds": 0.273413447663188, "innovation_std_sum": 753.4116773828302, "noise_marginal_std_sum": 879.9486554334685}
{"epoch": 2, "step": 124, "train_loss": 0.503077615553333, "clip_fraction": 0.35088709677419355, "epsilon": 4.610238743691145, "accuracy": 0.7706422018348624, "validation_loss": 0.5618468643328466, "validation_examples": 872}
{"step": 130, "epoch": 3, "train_loss": 0.46759390258789063, "clip_fraction": 0.313, "gradient_norm_mean": 412.686125, "gradient_norm_max": 3944.9755859375, "step_seconds": 0.2759501300752163, "innovation_std_sum": 753.4116773828302, "noise_marginal_std_sum": 879.9486554334685}
{"step": 140, "epoch": 3, "train_loss": 0.5077236022949219, "clip_fraction": 0.308, "gradient_norm_mean": 429.41253125, "gradient_norm_max": 4333.08935546875, "step_seconds": 0.25888202525675297, "innovation_std_sum": 753.4116773828302, "noise_marginal_std_sum": 879.9486554334685}
{"step": 150, "epoch": 3, "train_loss": 0.4803939208984375, "clip_fraction": 0.3, "gradient_norm_mean": 433.40759375, "gradient_norm_max": 5824.2529296875, "step_seconds": 0.27496965788304806, "innovation_std_sum": 753.4116773828302, "noise_marginal_std_sum": 879.9486554334685}
{"step": 160, "epoch": 3, "train_loss": 0.45865692138671876, "clip_fraction": 0.316, "gradient_norm_mean": 406.05675, "gradient_norm_max": 3789.114501953125, "step_seconds": 0.2744463011622429, "innovation_std_sum": 753.4116773828302, "noise_marginal_std_sum": 879.9486554334685}
{"step": 170, "epoch": 3, "train_loss": 0.46253289794921876, "clip_fraction": 0.292, "gradient_norm_mean": 404.55375, "gradient_norm_max": 3646.198974609375, "step_seconds": 0.2716082390397787, "innovation_std_sum": 753.4116773828302, "noise_marginal_std_sum": 879.9486554334685}
{"step": 180, "epoch": 3, "train_loss": 0.422012451171875, "clip_fraction": 0.262, "gradient_norm_mean": 384.511125, "gradient_norm_max": 3743.36328125, "step_seconds": 0.2721949350088835, "innovation_std_sum": 753.4116773828302, "noise_marginal_std_sum": 879.9486554334685}
{"epoch": 3, "step": 186, "train_loss": 0.4439512968986265, "clip_fraction": 0.2894838709677419, "epsilon": 5.873890881586911, "accuracy": 0.7763761467889908, "validation_loss": 0.5215551350094857, "validation_examples": 872}
{"step": 190, "epoch": 4, "train_loss": 0.43390597534179687, "clip_fraction": 0.258, "gradient_norm_mean": 373.08390625, "gradient_norm_max": 4951.7041015625, "step_seconds": 0.2713490389287472, "innovation_std_sum": 753.4116773828302, "noise_marginal_std_sum": 879.9486554334685}
{"step": 200, "epoch": 4, "train_loss": 0.3863140869140625, "clip_fraction": 0.236, "gradient_norm_mean": 312.229625, "gradient_norm_max": 4196.30517578125, "step_seconds": 0.27411370165646076, "innovation_std_sum": 753.4116773828302, "noise_marginal_std_sum": 879.9486554334685}
{"step": 210, "epoch": 4, "train_loss": 0.4425666809082031, "clip_fraction": 0.255, "gradient_norm_mean": 352.191375, "gradient_norm_max": 4581.15185546875, "step_seconds": 0.27349370159208775, "innovation_std_sum": 753.4116773828302, "noise_marginal_std_sum": 879.9486554334685}
{"step": 220, "epoch": 4, "train_loss": 0.3967560119628906, "clip_fraction": 0.232, "gradient_norm_mean": 354.50125, "gradient_norm_max": 5098.31640625, "step_seconds": 0.2739434130489826, "innovation_std_sum": 753.4116773828302, "noise_marginal_std_sum": 879.9486554334685}
{"step": 230, "epoch": 4, "train_loss": 0.41525634765625, "clip_fraction": 0.237, "gradient_norm_mean": 372.568375, "gradient_norm_max": 4855.0615234375, "step_seconds": 0.2733289785683155, "innovation_std_sum": 753.4116773828302, "noise_marginal_std_sum": 879.9486554334685}
{"step": 240, "epoch": 4, "train_loss": 0.3981091613769531, "clip_fraction": 0.26, "gradient_norm_mean": 366.18784375, "gradient_norm_max": 3712.126708984375, "step_seconds": 0.2756634633988142, "innovation_std_sum": 753.4116773828302, "noise_marginal_std_sum": 879.9486554334685}
{"epoch": 4, "step": 248, "train_loss": 0.41966742632465975, "clip_fraction": 0.2579032258064516, "epsilon": 6.985551657770655, "accuracy": 0.7855504587155964, "validation_loss": 0.5195040659073296, "validation_examples": 872}
{"step": 250, "epoch": 5, "train_loss": 0.3865145263671875, "clip_fraction": 0.257, "gradient_norm_mean": 333.1946875, "gradient_norm_max": 4018.252197265625, "step_seconds": 0.21656190417706966, "innovation_std_sum": 753.4116773828302, "noise_marginal_std_sum": 879.9486554334685}
{"step": 260, "epoch": 5, "train_loss": 0.4023370971679687, "clip_fraction": 0.253, "gradient_norm_mean": 333.6344375, "gradient_norm_max": 4044.063232421875, "step_seconds": 0.2724267654120922, "innovation_std_sum": 753.4116773828302, "noise_marginal_std_sum": 879.9486554334685}
{"step": 270, "epoch": 5, "train_loss": 0.34095684814453125, "clip_fraction": 0.205, "gradient_norm_mean": 313.83859375, "gradient_norm_max": 4353.72802734375, "step_seconds": 0.2735251151025295, "innovation_std_sum": 753.4116773828302, "noise_marginal_std_sum": 879.9486554334685}
{"step": 280, "epoch": 5, "train_loss": 0.3776390380859375, "clip_fraction": 0.238, "gradient_norm_mean": 346.109625, "gradient_norm_max": 5426.42041015625, "step_seconds": 0.2598908729851246, "innovation_std_sum": 753.4116773828302, "noise_marginal_std_sum": 879.9486554334685}
{"step": 290, "epoch": 5, "train_loss": 0.42938592529296876, "clip_fraction": 0.25, "gradient_norm_mean": 365.15503125, "gradient_norm_max": 5370.50830078125, "step_seconds": 0.12931996397674084, "innovation_std_sum": 753.4116773828302, "noise_marginal_std_sum": 879.9486554334685}
{"step": 300, "epoch": 5, "train_loss": 0.384573486328125, "clip_fraction": 0.234, "gradient_norm_mean": 351.50390625, "gradient_norm_max": 5531.8330078125, "step_seconds": 0.12969045527279377, "innovation_std_sum": 753.4116773828302, "noise_marginal_std_sum": 879.9486554334685}
{"step": 310, "epoch": 5, "train_loss": 0.37647305297851563, "clip_fraction": 0.232, "gradient_norm_mean": 324.207875, "gradient_norm_max": 5743.0224609375, "step_seconds": 0.12961842119693756, "innovation_std_sum": 753.4116773828302, "noise_marginal_std_sum": 879.9486554334685}
{"epoch": 5, "step": 310, "train_loss": 0.4025927064957157, "clip_fraction": 0.24064516129032257, "epsilon": 8.000000000000005, "accuracy": 0.7912844036697247, "validation_loss": 0.5102615006473086, "validation_examples": 872}
