/home/longt29/miniconda3/envs/curve/lib/python3.11/site-packages/torchvision/datasets/cifar.py:83: VisibleDeprecationWarning: dtype(): align should be passed as Python or NumPy boolean but got `align=0`. Did you mean to pass a tuple to create a subarray type? (Deprecated NumPy 2.4)
  entry = pickle.load(f, encoding="latin1")
{"method": "dp-adam-momentum-bias-bandinvmf", "smoke": false, "calibration": {"target_mu": 1.6660305978457184, "sensitivity": 4.065608121489227, "innovation_std_sum": 73.20888572058001, "adjacency": "add_remove_zero_out", "k": 5, "b_participation": 50, "sampling_amplification": false}, "coefficients": [1.0, -0.53161943769869, -0.0779998119461293, -0.2795535556950146]}
sys:1: UserWarning: Full backward hook is firing when gradients are computed with respect to module outputs since no inputs require gradients. See https://docs.pytorch.org/docs/main/generated/torch.nn.Module.html#torch.nn.Module.register_full_backward_hook for more details.
{"progress_step": 10, "epoch": 1, "train_loss_so_far": 4.662290051269531, "clip_fraction_so_far": 1.0}
{"progress_step": 20, "epoch": 1, "train_loss_so_far": 4.37595661315918, "clip_fraction_so_far": 1.0}
{"progress_step": 30, "epoch": 1, "train_loss_so_far": 4.080167148844401, "clip_fraction_so_far": 0.9997333333333334}
{"progress_step": 40, "epoch": 1, "train_loss_so_far": 3.8117990798950196, "clip_fraction_so_far": 0.997225}
{"progress_step": 50, "epoch": 1, "train_loss_so_far": 3.5749129089355467, "clip_fraction_so_far": 0.99286}
{"epoch": 1, "logical_steps": 50, "train_examples": 50000, "train_loss": 3.5749129089355467, "test_loss": 2.1140599822998047, "test_top1": 0.4535, "clip_fraction": 0.99286, "gdp_mu": 0.7271304784322895, "gdp_epsilon": 3.037976902428692, "target_mu": 1.6660305978457184, "target_epsilon": 8.0, "delta": 1e-05, "noise_std": 0.08559034234029003, "noise_std_space": "gradient", "innovation_std_sum": 73.20888572058001, "augmentation_trace_sha256": "d63da21bdb0b5208efde32fe6efd500a1dd8422cf2de8538c5d20df0af3afa1c", "seconds": 150.6162013337016}
{"progress_step": 60, "epoch": 2, "train_loss_so_far": 2.342297961425781, "clip_fraction_so_far": 0.9533}
{"progress_step": 70, "epoch": 2, "train_loss_so_far": 2.2609289932250975, "clip_fraction_so_far": 0.9377}
{"progress_step": 80, "epoch": 2, "train_loss_so_far": 2.1708508646647133, "clip_fraction_so_far": 0.9212666666666667}
{"progress_step": 90, "epoch": 2, "train_loss_so_far": 2.103102326965332, "clip_fraction_so_far": 0.906525}
{"progress_step": 100, "epoch": 2, "train_loss_so_far": 2.0374702319335936, "clip_fraction_so_far": 0.8933}
{"epoch": 2, "logical_steps": 100, "train_examples": 50000, "train_loss": 2.0374702319335936, "test_loss": 1.2763801849365235, "test_top1": 0.6428, "clip_fraction": 0.8933, "gdp_mu": 1.0438331619280494, "gdp_epsilon": 4.600416946348178, "target_mu": 1.6660305978457184, "target_epsilon": 8.0, "delta": 1e-05, "noise_std": 0.08559034234029003, "noise_std_space": "gradient", "innovation_std_sum": 73.20888572058001, "augmentation_trace_sha256": "eba11842858511941e69682cb3174b7d5e6fd73ab7d8425892c6d4fc55cf418b", "seconds": 139.13907745853066}
{"progress_step": 110, "epoch": 3, "train_loss_so_far": 1.700986343383789, "clip_fraction_so_far": 0.8206}
{"progress_step": 120, "epoch": 3, "train_loss_so_far": 1.6726845657348632, "clip_fraction_so_far": 0.80785}
{"progress_step": 130, "epoch": 3, "train_loss_so_far": 1.6382291595458984, "clip_fraction_so_far": 0.7963333333333333}
{"progress_step": 140, "epoch": 3, "train_loss_so_far": 1.6199075958251954, "clip_fraction_so_far": 0.785625}
{"progress_step": 150, "epoch": 3, "train_loss_so_far": 1.5983115490722657, "clip_fraction_so_far": 0.77748}
{"epoch": 3, "logical_steps": 150, "train_examples": 50000, "train_loss": 1.5983115490722657, "test_loss": 0.9776193359375, "test_top1": 0.7141, "clip_fraction": 0.77748, "gdp_mu": 1.2851399415460758, "gdp_epsilon": 5.868262919898993, "target_mu": 1.6660305978457184, "target_epsilon": 8.0, "delta": 1e-05, "noise_std": 0.08559034234029003, "noise_std_space": "gradient", "innovation_std_sum": 73.20888572058001, "augmentation_trace_sha256": "f4ab582ea37ff08d6c3ec209d5c76a6a59fcdd228971935ccfe60255636fc688", "seconds": 140.01974808983505}
{"progress_step": 160, "epoch": 4, "train_loss_so_far": 1.472079931640625, "clip_fraction_so_far": 0.7265}
{"progress_step": 170, "epoch": 4, "train_loss_so_far": 1.4537980072021484, "clip_fraction_so_far": 0.71945}
{"progress_step": 180, "epoch": 4, "train_loss_so_far": 1.4341571248372396, "clip_fraction_so_far": 0.7105}
{"progress_step": 190, "epoch": 4, "train_loss_so_far": 1.4208457321166992, "clip_fraction_so_far": 0.70495}
{"progress_step": 200, "epoch": 4, "train_loss_so_far": 1.4107505029296874, "clip_fraction_so_far": 0.69982}
{"epoch": 4, "logical_steps": 200, "train_examples": 50000, "train_loss": 1.4107505029296874, "test_loss": 0.8394472000122071, "test_top1": 0.752, "clip_fraction": 0.69982, "gdp_mu": 1.4878241288541525, "gdp_epsilon": 6.9830197665238485, "target_mu": 1.6660305978457184, "target_epsilon": 8.0, "delta": 1e-05, "noise_std": 0.08559034234029003, "noise_std_space": "gradient", "innovation_std_sum": 73.20888572058001, "augmentation_trace_sha256": "eeab75a2450d737b335b1b301c8415d8e4847a2415b1acc4f6665e5915aa923a", "seconds": 139.5094378106296}
{"progress_step": 210, "epoch": 5, "train_loss_so_far": 1.3635321166992187, "clip_fraction_so_far": 0.6681}
{"progress_step": 220, "epoch": 5, "train_loss_so_far": 1.35044169921875, "clip_fraction_so_far": 0.66505}
{"progress_step": 230, "epoch": 5, "train_loss_so_far": 1.3343053599039714, "clip_fraction_so_far": 0.6601666666666667}
{"progress_step": 240, "epoch": 5, "train_loss_so_far": 1.3331850578308106, "clip_fraction_so_far": 0.657875}
{"progress_step": 250, "epoch": 5, "train_loss_so_far": 1.3243790545654297, "clip_fraction_so_far": 0.65478}
{"epoch": 5, "logical_steps": 250, "train_examples": 50000, "train_loss": 1.3243790545654297, "test_loss": 0.7718276718139648, "test_top1": 0.7664, "clip_fraction": 0.65478, "gdp_mu": 1.6660305978457184, "gdp_epsilon": 8.000000000000005, "target_mu": 1.6660305978457184, "target_epsilon": 8.0, "delta": 1e-05, "noise_std": 0.08559034234029003, "noise_std_space": "gradient", "innovation_std_sum": 73.20888572058001, "augmentation_trace_sha256": "41f1cb58f0307df20ce87cfb313693105a3d89f587b34546eb06562652fb22c3", "seconds": 139.76529590785503}
{"status": "completed", "results": "/media/data/data/lt/dp-adam-correlated/exp7b/results/search/trials/2f5e945edc6cb786"}
