/home/longt29/miniconda3/envs/curve/lib/python3.11/site-packages/torchvision/datasets/cifar.py:83: VisibleDeprecationWarning: dtype(): align should be passed as Python or NumPy boolean but got `align=0`. Did you mean to pass a tuple to create a subarray type? (Deprecated NumPy 2.4)
  entry = pickle.load(f, encoding="latin1")
sys:1: UserWarning: Full backward hook is firing when gradients are computed with respect to module outputs since no inputs require gradients. See https://docs.pytorch.org/docs/main/generated/torch.nn.Module.html#torch.nn.Module.register_full_backward_hook for more details.
{"step": 10, "epoch": 1, "train_loss": 4.616133544921875, "clip_fraction": 1.0, "gradient_norm_mean": 180.7505234375, "gradient_norm_max": 410.9256896972656, "step_seconds": 1.9419903196394444, "innovation_std_sum": 849.0095128662748, "noise_marginal_std_sum": 1171.0494337153636}
{"step": 20, "epoch": 1, "train_loss": 4.428673828125, "clip_fraction": 0.835, "gradient_norm_mean": 123.29822265625, "gradient_norm_max": 228.855712890625, "step_seconds": 1.964033605530858, "innovation_std_sum": 849.0095128662748, "noise_marginal_std_sum": 1171.0494337153636}
{"step": 30, "epoch": 1, "train_loss": 4.244883178710937, "clip_fraction": 0.753, "gradient_norm_mean": 116.9387109375, "gradient_norm_max": 240.19544982910156, "step_seconds": 1.9734286107122898, "innovation_std_sum": 849.0095128662748, "noise_marginal_std_sum": 1171.0494337153636}
{"step": 40, "epoch": 1, "train_loss": 4.025151428222657, "clip_fraction": 0.883, "gradient_norm_mean": 131.97008203125, "gradient_norm_max": 274.4260559082031, "step_seconds": 1.9845482092350721, "innovation_std_sum": 849.0095128662748, "noise_marginal_std_sum": 1171.0494337153636}
{"step": 50, "epoch": 1, "train_loss": 3.730475341796875, "clip_fraction": 0.935, "gradient_norm_mean": 143.84447265625, "gradient_norm_max": 336.0535888671875, "step_seconds": 2.003812501206994, "innovation_std_sum": 849.0095128662748, "noise_marginal_std_sum": 1171.0494337153636}
{"epoch": 1, "step": 50, "train_loss": 4.3294788464355465, "clip_fraction": 0.89198, "epsilon": 1.4876774306847862, "accuracy": 0.183, "validation_loss": 3.5458927185058595, "validation_examples": 10000}
{"step": 60, "epoch": 2, "train_loss": 3.4770692749023437, "clip_fraction": 0.959, "gradient_norm_mean": 152.1839453125, "gradient_norm_max": 370.1763610839844, "step_seconds": 1.964653441682458, "innovation_std_sum": 849.0095128662748, "noise_marginal_std_sum": 1171.0494337153636}
{"step": 70, "epoch": 2, "train_loss": 3.2591888427734377, "clip_fraction": 0.934, "gradient_norm_mean": 149.3397890625, "gradient_norm_max": 471.7668762207031, "step_seconds": 1.9663261473178864, "innovation_std_sum": 849.0095128662748, "noise_marginal_std_sum": 1171.0494337153636}
{"step": 80, "epoch": 2, "train_loss": 3.108984619140625, "clip_fraction": 0.896, "gradient_norm_mean": 148.40304296875, "gradient_norm_max": 392.806396484375, "step_seconds": 1.955230327323079, "innovation_std_sum": 849.0095128662748, "noise_marginal_std_sum": 1171.0494337153636}
{"step": 90, "epoch": 2, "train_loss": 2.92800537109375, "clip_fraction": 0.881, "gradient_norm_mean": 145.40821484375, "gradient_norm_max": 416.4012756347656, "step_seconds": 1.9913672059774399, "innovation_std_sum": 849.0095128662748, "noise_marginal_std_sum": 1171.0494337153636}
{"step": 100, "epoch": 2, "train_loss": 2.8492042236328126, "clip_fraction": 0.852, "gradient_norm_mean": 143.71419140625, "gradient_norm_max": 491.5617370605469, "step_seconds": 2.002002753317356, "innovation_std_sum": 849.0095128662748, "noise_marginal_std_sum": 1171.0494337153636}
{"epoch": 2, "step": 100, "train_loss": 3.1801832861328125, "clip_fraction": 0.91316, "epsilon": 2.299035157951723, "accuracy": 0.3974, "validation_loss": 2.426683856201172, "validation_examples": 10000}
{"step": 110, "epoch": 3, "train_loss": 2.581821044921875, "clip_fraction": 0.788, "gradient_norm_mean": 133.513310546875, "gradient_norm_max": 446.96331787109375, "step_seconds": 1.9365312363952398, "innovation_std_sum": 849.0095128662748, "noise_marginal_std_sum": 1171.0494337153636}
{"step": 120, "epoch": 3, "train_loss": 2.5797501831054688, "clip_fraction": 0.781, "gradient_norm_mean": 133.8854375, "gradient_norm_max": 458.05682373046875, "step_seconds": 1.9704080801457167, "innovation_std_sum": 849.0095128662748, "noise_marginal_std_sum": 1171.0494337153636}
{"step": 130, "epoch": 3, "train_loss": 2.4229138793945313, "clip_fraction": 0.733, "gradient_norm_mean": 126.54894921875, "gradient_norm_max": 375.886474609375, "step_seconds": 1.9973978362977505, "innovation_std_sum": 849.0095128662748, "noise_marginal_std_sum": 1171.0494337153636}
{"step": 140, "epoch": 3, "train_loss": 2.330002746582031, "clip_fraction": 0.693, "gradient_norm_mean": 124.10434375, "gradient_norm_max": 399.3381652832031, "step_seconds": 2.005154585465789, "innovation_std_sum": 849.0095128662748, "noise_marginal_std_sum": 1171.0494337153636}
{"step": 150, "epoch": 3, "train_loss": 2.347015930175781, "clip_fraction": 0.657, "gradient_norm_mean": 123.93826171875, "gradient_norm_max": 481.0002136230469, "step_seconds": 2.020690865814686, "innovation_std_sum": 849.0095128662748, "noise_marginal_std_sum": 1171.0494337153636}
{"epoch": 3, "step": 150, "train_loss": 2.4879933825683596, "clip_fraction": 0.7438, "epsilon": 2.943613189843086, "accuracy": 0.5193, "validation_loss": 1.8684249572753906, "validation_examples": 10000}
{"step": 160, "epoch": 4, "train_loss": 2.1453848876953123, "clip_fraction": 0.634, "gradient_norm_mean": 118.28130859375, "gradient_norm_max": 514.9931640625, "step_seconds": 1.966687748208642, "innovation_std_sum": 849.0095128662748, "noise_marginal_std_sum": 1171.0494337153636}
{"step": 170, "epoch": 4, "train_loss": 2.2326181030273435, "clip_fraction": 0.626, "gradient_norm_mean": 118.665587890625, "gradient_norm_max": 402.2820739746094, "step_seconds": 1.9698842484503984, "innovation_std_sum": 849.0095128662748, "noise_marginal_std_sum": 1171.0494337153636}
{"step": 180, "epoch": 4, "train_loss": 2.064460510253906, "clip_fraction": 0.581, "gradient_norm_mean": 110.500845703125, "gradient_norm_max": 358.0606384277344, "step_seconds": 2.0456559602171183, "innovation_std_sum": 849.0095128662748, "noise_marginal_std_sum": 1171.0494337153636}
{"step": 190, "epoch": 4, "train_loss": 2.0362257385253906, "clip_fraction": 0.56, "gradient_norm_mean": 111.669783203125, "gradient_norm_max": 371.4952087402344, "step_seconds": 2.004853056743741, "innovation_std_sum": 849.0095128662748, "noise_marginal_std_sum": 1171.0494337153636}
{"step": 200, "epoch": 4, "train_loss": 2.0945878295898437, "clip_fraction": 0.538, "gradient_norm_mean": 110.573189453125, "gradient_norm_max": 568.86181640625, "step_seconds": 2.018515408039093, "innovation_std_sum": 849.0095128662748, "noise_marginal_std_sum": 1171.0494337153636}
{"epoch": 4, "step": 200, "train_loss": 2.1193402893066406, "clip_fraction": 0.58636, "epsilon": 3.499789156439893, "accuracy": 0.5935, "validation_loss": 1.5607955780029297, "validation_examples": 10000}
{"step": 210, "epoch": 5, "train_loss": 1.9861905822753907, "clip_fraction": 0.502, "gradient_norm_mean": 105.47106640625, "gradient_norm_max": 374.0318603515625, "step_seconds": 1.9865424409508705, "innovation_std_sum": 849.0095128662748, "noise_marginal_std_sum": 1171.0494337153636}
{"step": 220, "epoch": 5, "train_loss": 1.9655350341796876, "clip_fraction": 0.504, "gradient_norm_mean": 102.417056640625, "gradient_norm_max": 385.21173095703125, "step_seconds": 1.9748421870172024, "innovation_std_sum": 849.0095128662748, "noise_marginal_std_sum": 1171.0494337153636}
{"step": 230, "epoch": 5, "train_loss": 1.9202421875, "clip_fraction": 0.489, "gradient_norm_mean": 101.025435546875, "gradient_norm_max": 396.01519775390625, "step_seconds": 2.0165515542030334, "innovation_std_sum": 849.0095128662748, "noise_marginal_std_sum": 1171.0494337153636}
{"step": 240, "epoch": 5, "train_loss": 1.8240165405273439, "clip_fraction": 0.447, "gradient_norm_mean": 100.009150390625, "gradient_norm_max": 412.1258239746094, "step_seconds": 1.984913446009159, "innovation_std_sum": 849.0095128662748, "noise_marginal_std_sum": 1171.0494337153636}
{"step": 250, "epoch": 5, "train_loss": 1.8837249145507813, "clip_fraction": 0.46, "gradient_norm_mean": 102.2574375, "gradient_norm_max": 451.34326171875, "step_seconds": 1.9875212460756302, "innovation_std_sum": 849.0095128662748, "noise_marginal_std_sum": 1171.0494337153636}
{"epoch": 5, "step": 250, "train_loss": 1.9155682525634765, "clip_fraction": 0.48814, "epsilon": 3.9999999999999685, "accuracy": 0.6398, "validation_loss": 1.363800375366211, "validation_examples": 10000}
