/home/longt29/miniconda3/envs/curve/lib/python3.11/site-packages/torchvision/datasets/cifar.py:83: VisibleDeprecationWarning: dtype(): align should be passed as Python or NumPy boolean but got `align=0`. Did you mean to pass a tuple to create a subarray type? (Deprecated NumPy 2.4)
  entry = pickle.load(f, encoding="latin1")
sys:1: UserWarning: Full backward hook is firing when gradients are computed with respect to module outputs since no inputs require gradients. See https://docs.pytorch.org/docs/main/generated/torch.nn.Module.html#torch.nn.Module.register_full_backward_hook for more details.
{"step": 10, "epoch": 1, "train_loss": 4.699279541015625, "clip_fraction": 0.0, "gradient_norm_mean": 52.35265234375, "gradient_norm_max": 119.90049743652344, "step_seconds": 1.9379145130515099, "innovation_std_sum": 960.5354058391272, "noise_marginal_std_sum": 1324.878491966481}
{"step": 20, "epoch": 1, "train_loss": 4.60760498046875, "clip_fraction": 0.0, "gradient_norm_mean": 32.734583984375, "gradient_norm_max": 66.51717376708984, "step_seconds": 1.94969623349607, "innovation_std_sum": 960.5354058391272, "noise_marginal_std_sum": 1324.878491966481}
{"step": 30, "epoch": 1, "train_loss": 4.58399853515625, "clip_fraction": 0.0, "gradient_norm_mean": 25.99642919921875, "gradient_norm_max": 56.771240234375, "step_seconds": 1.9723449479788542, "innovation_std_sum": 960.5354058391272, "noise_marginal_std_sum": 1324.878491966481}
{"step": 40, "epoch": 1, "train_loss": 4.550868774414062, "clip_fraction": 0.0, "gradient_norm_mean": 22.39660107421875, "gradient_norm_max": 48.983768463134766, "step_seconds": 2.0146384816616774, "innovation_std_sum": 960.5354058391272, "noise_marginal_std_sum": 1324.878491966481}
{"epoch": 1, "step": 45, "train_loss": 4.624575583224827, "clip_fraction": 0.029466666666666665, "epsilon": 2.805247463992718, "accuracy": 0.0294, "validation_loss": 4.4680470703125, "validation_examples": 5000}
{"step": 50, "epoch": 2, "train_loss": 4.474281860351563, "clip_fraction": 0.0, "gradient_norm_mean": 20.12095751953125, "gradient_norm_max": 44.68484878540039, "step_seconds": 1.9752880912274122, "innovation_std_sum": 960.5354058391272, "noise_marginal_std_sum": 1324.878491966481}
{"step": 60, "epoch": 2, "train_loss": 4.442812255859375, "clip_fraction": 0.0, "gradient_norm_mean": 18.636107421875, "gradient_norm_max": 35.68769073486328, "step_seconds": 1.9601794071495533, "innovation_std_sum": 960.5354058391272, "noise_marginal_std_sum": 1324.878491966481}
{"step": 70, "epoch": 2, "train_loss": 4.394430419921875, "clip_fraction": 0.0, "gradient_norm_mean": 17.43997900390625, "gradient_norm_max": 37.42805862426758, "step_seconds": 2.01923093944788, "innovation_std_sum": 960.5354058391272, "noise_marginal_std_sum": 1324.878491966481}
{"step": 80, "epoch": 2, "train_loss": 4.399149291992187, "clip_fraction": 0.0, "gradient_norm_mean": 16.270145751953127, "gradient_norm_max": 31.657005310058594, "step_seconds": 1.9801209028810263, "innovation_std_sum": 960.5354058391272, "noise_marginal_std_sum": 1324.878491966481}
{"step": 90, "epoch": 2, "train_loss": 4.39266455078125, "clip_fraction": 0.0, "gradient_norm_mean": 15.87902685546875, "gradient_norm_max": 33.57798385620117, "step_seconds": 1.9547760486602783, "innovation_std_sum": 960.5354058391272, "noise_marginal_std_sum": 1324.878491966481}
{"epoch": 2, "step": 90, "train_loss": 4.429124894205729, "clip_fraction": 0.0, "epsilon": 4.447471925552444, "accuracy": 0.048, "validation_loss": 4.3359533203125, "validation_examples": 5000}
{"step": 100, "epoch": 3, "train_loss": 4.35231689453125, "clip_fraction": 0.0, "gradient_norm_mean": 15.281791748046874, "gradient_norm_max": 30.07308006286621, "step_seconds": 1.9456516988575459, "innovation_std_sum": 960.5354058391272, "noise_marginal_std_sum": 1324.878491966481}
{"step": 110, "epoch": 3, "train_loss": 4.318206665039063, "clip_fraction": 0.0, "gradient_norm_mean": 14.8396142578125, "gradient_norm_max": 42.57007598876953, "step_seconds": 2.006156500428915, "innovation_std_sum": 960.5354058391272, "noise_marginal_std_sum": 1324.878491966481}
{"step": 120, "epoch": 3, "train_loss": 4.339120483398437, "clip_fraction": 0.0, "gradient_norm_mean": 14.784351806640625, "gradient_norm_max": 29.979028701782227, "step_seconds": 1.983678599819541, "innovation_std_sum": 960.5354058391272, "noise_marginal_std_sum": 1324.878491966481}
{"step": 130, "epoch": 3, "train_loss": 4.315144287109375, "clip_fraction": 0.0, "gradient_norm_mean": 14.433114501953124, "gradient_norm_max": 28.085636138916016, "step_seconds": 1.9957772232592106, "innovation_std_sum": 960.5354058391272, "noise_marginal_std_sum": 1324.878491966481}
{"epoch": 3, "step": 135, "train_loss": 4.3169177001953125, "clip_fraction": 0.0, "epsilon": 5.779485746307642, "accuracy": 0.0688, "validation_loss": 4.214712963867187, "validation_examples": 5000}
{"step": 140, "epoch": 4, "train_loss": 4.218738647460937, "clip_fraction": 0.0, "gradient_norm_mean": 14.0079052734375, "gradient_norm_max": 30.46868133544922, "step_seconds": 1.9502638597041368, "innovation_std_sum": 960.5354058391272, "noise_marginal_std_sum": 1324.878491966481}
{"step": 150, "epoch": 4, "train_loss": 4.223753173828125, "clip_fraction": 0.0, "gradient_norm_mean": 13.854968017578125, "gradient_norm_max": 25.889957427978516, "step_seconds": 1.951347617432475, "innovation_std_sum": 960.5354058391272, "noise_marginal_std_sum": 1324.878491966481}
{"step": 160, "epoch": 4, "train_loss": 4.200433715820313, "clip_fraction": 0.0, "gradient_norm_mean": 13.73476611328125, "gradient_norm_max": 24.5040283203125, "step_seconds": 1.9598333295434713, "innovation_std_sum": 960.5354058391272, "noise_marginal_std_sum": 1324.878491966481}
{"step": 170, "epoch": 4, "train_loss": 4.187440551757812, "clip_fraction": 0.0, "gradient_norm_mean": 13.676330810546874, "gradient_norm_max": 24.55231285095215, "step_seconds": 1.9573798943310976, "innovation_std_sum": 960.5354058391272, "noise_marginal_std_sum": 1324.878491966481}
{"step": 180, "epoch": 4, "train_loss": 4.184181396484375, "clip_fraction": 0.0, "gradient_norm_mean": 13.71976904296875, "gradient_norm_max": 29.245208740234375, "step_seconds": 1.9508834965527058, "innovation_std_sum": 960.5354058391272, "noise_marginal_std_sum": 1324.878491966481}
{"epoch": 4, "step": 180, "train_loss": 4.213389944118924, "clip_fraction": 0.0, "epsilon": 6.943065470652319, "accuracy": 0.0926, "validation_loss": 4.085551696777344, "validation_examples": 5000}
{"step": 190, "epoch": 5, "train_loss": 4.174648071289062, "clip_fraction": 0.0, "gradient_norm_mean": 13.481432373046875, "gradient_norm_max": 28.43360137939453, "step_seconds": 1.9440318141132593, "innovation_std_sum": 960.5354058391272, "noise_marginal_std_sum": 1324.878491966481}
{"step": 200, "epoch": 5, "train_loss": 4.14178271484375, "clip_fraction": 0.0, "gradient_norm_mean": 13.3352109375, "gradient_norm_max": 30.739028930664062, "step_seconds": 1.9540563151240349, "innovation_std_sum": 960.5354058391272, "noise_marginal_std_sum": 1324.878491966481}
{"step": 210, "epoch": 5, "train_loss": 4.113167541503906, "clip_fraction": 0.0, "gradient_norm_mean": 13.351518798828126, "gradient_norm_max": 36.65257263183594, "step_seconds": 1.9551681503653526, "innovation_std_sum": 960.5354058391272, "noise_marginal_std_sum": 1324.878491966481}
{"step": 220, "epoch": 5, "train_loss": 4.13558349609375, "clip_fraction": 0.0, "gradient_norm_mean": 13.0156826171875, "gradient_norm_max": 33.79838180541992, "step_seconds": 1.9537395406514406, "innovation_std_sum": 960.5354058391272, "noise_marginal_std_sum": 1324.878491966481}
{"epoch": 5, "step": 225, "train_loss": 4.108337175835503, "clip_fraction": 0.0, "epsilon": 8.000000000000005, "accuracy": 0.1148, "validation_loss": 3.9706221923828124, "validation_examples": 5000}
