Loading weights:   0%|          | 0/39 [00:00<?, ?it/s]Loading weights: 100%|██████████| 39/39 [00:00<00:00, 7104.05it/s]
[transformers] [1mBertModel LOAD REPORT[0m from: /media/data/data/lt/dp-adam-correlated/cache/bert-tiny
Key                                        | Status     |  | 
-------------------------------------------+------------+--+-
cls.seq_relationship.bias                  | UNEXPECTED |  | 
cls.predictions.transform.LayerNorm.bias   | UNEXPECTED |  | 
cls.predictions.transform.dense.weight     | UNEXPECTED |  | 
cls.predictions.transform.LayerNorm.weight | UNEXPECTED |  | 
cls.predictions.decoder.bias               | UNEXPECTED |  | 
cls.predictions.transform.dense.bias       | UNEXPECTED |  | 
cls.predictions.decoder.weight             | UNEXPECTED |  | 
cls.predictions.bias                       | UNEXPECTED |  | 
cls.seq_relationship.weight                | UNEXPECTED |  | 

Notes:
- UNEXPECTED:	can be ignored when loading from different task/architecture; not ok if you expect identical arch.
sys:1: UserWarning: Full backward hook is firing when gradients are computed with respect to module outputs since no inputs require gradients. See https://docs.pytorch.org/docs/main/generated/torch.nn.Module.html#torch.nn.Module.register_full_backward_hook for more details.
{"step": 10, "epoch": 1, "train_loss": 0.6273309326171875, "clip_fraction": 0.785, "gradient_norm_mean": 396.5536875, "gradient_norm_max": 890.3778686523438, "step_seconds": 0.2691169325262308, "innovation_std_sum": 432.013885583381, "noise_marginal_std_sum": 504.57147023289264}
{"step": 20, "epoch": 1, "train_loss": 0.6640480346679688, "clip_fraction": 0.6, "gradient_norm_mean": 1144.72475, "gradient_norm_max": 5234.83984375, "step_seconds": 0.26920612901449203, "innovation_std_sum": 432.013885583381, "noise_marginal_std_sum": 504.57147023289264}
{"step": 30, "epoch": 1, "train_loss": 0.7577938232421875, "clip_fraction": 0.424, "gradient_norm_mean": 1511.044375, "gradient_norm_max": 12722.703125, "step_seconds": 0.2715261783450842, "innovation_std_sum": 432.013885583381, "noise_marginal_std_sum": 504.57147023289264}
{"step": 40, "epoch": 1, "train_loss": 0.6608780517578124, "clip_fraction": 0.425, "gradient_norm_mean": 1429.52975, "gradient_norm_max": 12821.751953125, "step_seconds": 0.27146278135478497, "innovation_std_sum": 432.013885583381, "noise_marginal_std_sum": 504.57147023289264}
{"step": 50, "epoch": 1, "train_loss": 0.6301973876953125, "clip_fraction": 0.393, "gradient_norm_mean": 1311.262375, "gradient_norm_max": 10393.0908203125, "step_seconds": 0.2743280753493309, "innovation_std_sum": 432.013885583381, "noise_marginal_std_sum": 504.57147023289264}
{"step": 60, "epoch": 1, "train_loss": 0.57731396484375, "clip_fraction": 0.357, "gradient_norm_mean": 1145.79725, "gradient_norm_max": 11591.271484375, "step_seconds": 0.2682660445570946, "innovation_std_sum": 432.013885583381, "noise_marginal_std_sum": 504.57147023289264}
{"epoch": 1, "step": 62, "train_loss": 0.6500736526981477, "clip_fraction": 0.4780967741935484, "epsilon": 5.808307688816871, "accuracy": 0.7454128440366973, "validation_loss": 0.7836294174194336, "validation_examples": 872}
{"step": 70, "epoch": 2, "train_loss": 0.5555253295898438, "clip_fraction": 0.368, "gradient_norm_mean": 1117.78975, "gradient_norm_max": 13728.3271484375, "step_seconds": 0.27179683186113834, "innovation_std_sum": 432.013885583381, "noise_marginal_std_sum": 504.57147023289264}
{"step": 80, "epoch": 2, "train_loss": 0.5571050415039063, "clip_fraction": 0.327, "gradient_norm_mean": 1081.78875, "gradient_norm_max": 13107.5830078125, "step_seconds": 0.26869915798306465, "innovation_std_sum": 432.013885583381, "noise_marginal_std_sum": 504.57147023289264}
{"step": 90, "epoch": 2, "train_loss": 0.4780130615234375, "clip_fraction": 0.297, "gradient_norm_mean": 947.50875, "gradient_norm_max": 16980.29296875, "step_seconds": 0.27021247148513794, "innovation_std_sum": 432.013885583381, "noise_marginal_std_sum": 504.57147023289264}
{"step": 100, "epoch": 2, "train_loss": 0.515850830078125, "clip_fraction": 0.317, "gradient_norm_mean": 981.4470625, "gradient_norm_max": 12940.0537109375, "step_seconds": 0.269588440656662, "innovation_std_sum": 432.013885583381, "noise_marginal_std_sum": 504.57147023289264}
{"step": 110, "epoch": 2, "train_loss": 0.4410419006347656, "clip_fraction": 0.261, "gradient_norm_mean": 901.7479375, "gradient_norm_max": 13511.8681640625, "step_seconds": 0.27050481364130974, "innovation_std_sum": 432.013885583381, "noise_marginal_std_sum": 504.57147023289264}
{"step": 120, "epoch": 2, "train_loss": 0.494696044921875, "clip_fraction": 0.277, "gradient_norm_mean": 985.525875, "gradient_norm_max": 13663.318359375, "step_seconds": 0.27348558977246284, "innovation_std_sum": 432.013885583381, "noise_marginal_std_sum": 504.57147023289264}
{"epoch": 2, "step": 124, "train_loss": 0.5103770692886844, "clip_fraction": 0.3065806451612903, "epsilon": 8.92841099823688, "accuracy": 0.7889908256880734, "validation_loss": 0.6328492120865288, "validation_examples": 872}
{"step": 130, "epoch": 3, "train_loss": 0.4926677551269531, "clip_fraction": 0.292, "gradient_norm_mean": 887.77525, "gradient_norm_max": 13972.3662109375, "step_seconds": 0.27300120517611504, "innovation_std_sum": 432.013885583381, "noise_marginal_std_sum": 504.57147023289264}
{"step": 140, "epoch": 3, "train_loss": 0.515649169921875, "clip_fraction": 0.26, "gradient_norm_mean": 940.31325, "gradient_norm_max": 12906.509765625, "step_seconds": 0.2734531406313181, "innovation_std_sum": 432.013885583381, "noise_marginal_std_sum": 504.57147023289264}
{"step": 150, "epoch": 3, "train_loss": 0.5044486694335938, "clip_fraction": 0.27, "gradient_norm_mean": 1047.9943125, "gradient_norm_max": 21235.47265625, "step_seconds": 0.2740314044058323, "innovation_std_sum": 432.013885583381, "noise_marginal_std_sum": 504.57147023289264}
{"step": 160, "epoch": 3, "train_loss": 0.4938545227050781, "clip_fraction": 0.262, "gradient_norm_mean": 952.9945625, "gradient_norm_max": 18172.91796875, "step_seconds": 0.2720550615340471, "innovation_std_sum": 432.013885583381, "noise_marginal_std_sum": 504.57147023289264}
{"step": 170, "epoch": 3, "train_loss": 0.5171356811523438, "clip_fraction": 0.276, "gradient_norm_mean": 975.3615, "gradient_norm_max": 14670.3876953125, "step_seconds": 0.27521483041346073, "innovation_std_sum": 432.013885583381, "noise_marginal_std_sum": 504.57147023289264}
{"step": 180, "epoch": 3, "train_loss": 0.450610595703125, "clip_fraction": 0.238, "gradient_norm_mean": 865.317625, "gradient_norm_max": 19333.4296875, "step_seconds": 0.27270570024847984, "innovation_std_sum": 432.013885583381, "noise_marginal_std_sum": 504.57147023289264}
{"epoch": 3, "step": 186, "train_loss": 0.4735958773705267, "clip_fraction": 0.2586612903225807, "epsilon": 11.524728508666009, "accuracy": 0.8004587155963303, "validation_loss": 0.622598039994546, "validation_examples": 872}
{"step": 190, "epoch": 4, "train_loss": 0.4756019287109375, "clip_fraction": 0.246, "gradient_norm_mean": 916.68625, "gradient_norm_max": 14844.1171875, "step_seconds": 0.27622464671730995, "innovation_std_sum": 432.013885583381, "noise_marginal_std_sum": 504.57147023289264}
{"step": 200, "epoch": 4, "train_loss": 0.4683770446777344, "clip_fraction": 0.23, "gradient_norm_mean": 904.48875, "gradient_norm_max": 14914.28515625, "step_seconds": 0.27049482986330986, "innovation_std_sum": 432.013885583381, "noise_marginal_std_sum": 504.57147023289264}
{"step": 210, "epoch": 4, "train_loss": 0.41050006103515624, "clip_fraction": 0.232, "gradient_norm_mean": 1128.451625, "gradient_norm_max": 20783.2109375, "step_seconds": 0.27502528578042984, "innovation_std_sum": 432.013885583381, "noise_marginal_std_sum": 504.57147023289264}
{"step": 220, "epoch": 4, "train_loss": 0.5153787841796875, "clip_fraction": 0.244, "gradient_norm_mean": 973.038625, "gradient_norm_max": 18364.62890625, "step_seconds": 0.2784998435527086, "innovation_std_sum": 432.013885583381, "noise_marginal_std_sum": 504.57147023289264}
{"step": 230, "epoch": 4, "train_loss": 0.43076385498046876, "clip_fraction": 0.23, "gradient_norm_mean": 873.3294375, "gradient_norm_max": 17840.109375, "step_seconds": 0.17736620269715786, "innovation_std_sum": 432.013885583381, "noise_marginal_std_sum": 504.57147023289264}
{"step": 240, "epoch": 4, "train_loss": 0.4782808837890625, "clip_fraction": 0.253, "gradient_norm_mean": 1113.581, "gradient_norm_max": 17315.67578125, "step_seconds": 0.2732435055077076, "innovation_std_sum": 432.013885583381, "noise_marginal_std_sum": 504.57147023289264}
{"epoch": 4, "step": 248, "train_loss": 0.4534200975971837, "clip_fraction": 0.23306451612903226, "epsilon": 13.849185106256193, "accuracy": 0.7924311926605505, "validation_loss": 0.6462067682808692, "validation_examples": 872}
{"step": 250, "epoch": 5, "train_loss": 0.48195013427734373, "clip_fraction": 0.221, "gradient_norm_mean": 919.685875, "gradient_norm_max": 20080.333984375, "step_seconds": 0.13259027898311615, "innovation_std_sum": 432.013885583381, "noise_marginal_std_sum": 504.57147023289264}
{"step": 260, "epoch": 5, "train_loss": 0.4401978454589844, "clip_fraction": 0.213, "gradient_norm_mean": 848.6501875, "gradient_norm_max": 18976.7109375, "step_seconds": 0.27545946277678013, "innovation_std_sum": 432.013885583381, "noise_marginal_std_sum": 504.57147023289264}
{"step": 270, "epoch": 5, "train_loss": 0.5112643127441406, "clip_fraction": 0.224, "gradient_norm_mean": 1062.25825, "gradient_norm_max": 19700.3125, "step_seconds": 0.2765113916248083, "innovation_std_sum": 432.013885583381, "noise_marginal_std_sum": 504.57147023289264}
{"step": 280, "epoch": 5, "train_loss": 0.4559760437011719, "clip_fraction": 0.217, "gradient_norm_mean": 1003.42175, "gradient_norm_max": 20785.4296875, "step_seconds": 0.2737024109810591, "innovation_std_sum": 432.013885583381, "noise_marginal_std_sum": 504.57147023289264}
{"step": 290, "epoch": 5, "train_loss": 0.39920306396484373, "clip_fraction": 0.189, "gradient_norm_mean": 850.6020625, "gradient_norm_max": 24219.931640625, "step_seconds": 0.2719655577093363, "innovation_std_sum": 432.013885583381, "noise_marginal_std_sum": 504.57147023289264}
{"step": 300, "epoch": 5, "train_loss": 0.37294549560546875, "clip_fraction": 0.181, "gradient_norm_mean": 787.2855, "gradient_norm_max": 21088.3359375, "step_seconds": 0.12984038330614567, "innovation_std_sum": 432.013885583381, "noise_marginal_std_sum": 504.57147023289264}
{"step": 310, "epoch": 5, "train_loss": 0.46221356201171876, "clip_fraction": 0.227, "gradient_norm_mean": 1059.33875, "gradient_norm_max": 22129.212890625, "step_seconds": 0.12866883166134357, "innovation_std_sum": 432.013885583381, "noise_marginal_std_sum": 504.57147023289264}
{"epoch": 5, "step": 310, "train_loss": 0.4409698771815146, "clip_fraction": 0.21561290322580645, "epsilon": 16.000000000000018, "accuracy": 0.7947247706422018, "validation_loss": 0.6540319154021936, "validation_examples": 872}
