Loading weights:   0%|          | 0/39 [00:00<?, ?it/s]Loading weights: 100%|██████████| 39/39 [00:00<00:00, 18690.34it/s]
[transformers] [1mBertModel LOAD REPORT[0m from: /media/data/data/lt/dp-adam-correlated/cache/bert-tiny
Key                                        | Status     |  | 
-------------------------------------------+------------+--+-
cls.predictions.decoder.bias               | UNEXPECTED |  | 
cls.seq_relationship.bias                  | UNEXPECTED |  | 
cls.predictions.bias                       | UNEXPECTED |  | 
cls.predictions.transform.LayerNorm.bias   | UNEXPECTED |  | 
cls.predictions.transform.LayerNorm.weight | UNEXPECTED |  | 
cls.predictions.decoder.weight             | UNEXPECTED |  | 
cls.predictions.transform.dense.weight     | UNEXPECTED |  | 
cls.seq_relationship.weight                | UNEXPECTED |  | 
cls.predictions.transform.dense.bias       | UNEXPECTED |  | 

Notes:
- UNEXPECTED:	can be ignored when loading from different task/architecture; not ok if you expect identical arch.
sys:1: UserWarning: Full backward hook is firing when gradients are computed with respect to module outputs since no inputs require gradients. See https://docs.pytorch.org/docs/main/generated/torch.nn.Module.html#torch.nn.Module.register_full_backward_hook for more details.
{"step": 10, "epoch": 1, "step_seconds": 0.2616180907934904, "innovation_std_sum": 1.7273655294376953, "noise_marginal_std_sum": 1.9368335451060459, "pure_mf_cumulative_momentum_noise_variance": 1.0777422716856956e-05, "preconditioner_mean": 564.0433349609375, "preconditioner_change_relative": 0.09239038825035095, "denominator_lag_relative": 0.0, "block_age": 0}
{"step": 20, "epoch": 1, "step_seconds": 0.25976523011922836, "innovation_std_sum": 1.7273655294376953, "noise_marginal_std_sum": 1.9368335451060459, "pure_mf_cumulative_momentum_noise_variance": 1.1247321802207244e-05, "preconditioner_mean": 536.8099975585938, "preconditioner_change_relative": 0.04257583990693092, "denominator_lag_relative": 0.0, "block_age": 0}
{"step": 30, "epoch": 1, "step_seconds": 0.2685125879943371, "innovation_std_sum": 1.7273655294376953, "noise_marginal_std_sum": 1.9368335451060459, "pure_mf_cumulative_momentum_noise_variance": 1.1613539605281318e-05, "preconditioner_mean": 527.2285766601562, "preconditioner_change_relative": 0.02622034028172493, "denominator_lag_relative": 0.0, "block_age": 0}
{"step": 40, "epoch": 1, "step_seconds": 0.2647320590913296, "innovation_std_sum": 1.7273655294376953, "noise_marginal_std_sum": 1.9368335451060459, "pure_mf_cumulative_momentum_noise_variance": 1.2026369822549559e-05, "preconditioner_mean": 523.4954833984375, "preconditioner_change_relative": 0.01872830092906952, "denominator_lag_relative": 0.0, "block_age": 0}
{"step": 50, "epoch": 1, "step_seconds": 0.2688738666474819, "innovation_std_sum": 1.7273655294376953, "noise_marginal_std_sum": 1.9368335451060459, "pure_mf_cumulative_momentum_noise_variance": 1.2471126023441973e-05, "preconditioner_mean": 521.3355712890625, "preconditioner_change_relative": 0.015717191621661186, "denominator_lag_relative": 0.0, "block_age": 0}
{"step": 60, "epoch": 1, "step_seconds": 0.2681965474039316, "innovation_std_sum": 1.7273655294376953, "noise_marginal_std_sum": 1.9368335451060459, "pure_mf_cumulative_momentum_noise_variance": 1.293180378709957e-05, "preconditioner_mean": 519.782958984375, "preconditioner_change_relative": 0.012684100307524204, "denominator_lag_relative": 0.0, "block_age": 0}
{"epoch": 1, "step": 62, "epsilon": 3.0817479262244762, "accuracy": 0.7454128440366973, "validation_loss": 1.2580283103732888, "validation_examples": 872}
{"step": 70, "epoch": 2, "step_seconds": 0.26648168079555035, "innovation_std_sum": 1.7273655294376953, "noise_marginal_std_sum": 1.9368335451060459, "pure_mf_cumulative_momentum_noise_variance": 1.3399662425254163e-05, "preconditioner_mean": 518.4214477539062, "preconditioner_change_relative": 0.011473636142909527, "denominator_lag_relative": 0.0, "block_age": 0}
{"step": 80, "epoch": 2, "step_seconds": 0.26941261999309063, "innovation_std_sum": 1.7273655294376953, "noise_marginal_std_sum": 1.9368335451060459, "pure_mf_cumulative_momentum_noise_variance": 1.387059160068999e-05, "preconditioner_mean": 517.7048950195312, "preconditioner_change_relative": 0.009331814013421535, "denominator_lag_relative": 0.0, "block_age": 0}
{"step": 90, "epoch": 2, "step_seconds": 0.2657218500971794, "innovation_std_sum": 1.7273655294376953, "noise_marginal_std_sum": 1.9368335451060459, "pure_mf_cumulative_momentum_noise_variance": 1.4342789226299584e-05, "preconditioner_mean": 517.2180786132812, "preconditioner_change_relative": 0.008067041635513306, "denominator_lag_relative": 0.0, "block_age": 0}
{"step": 100, "epoch": 2, "step_seconds": 0.2655908316373825, "innovation_std_sum": 1.7273655294376953, "noise_marginal_std_sum": 1.9368335451060459, "pure_mf_cumulative_momentum_noise_variance": 1.481549818081484e-05, "preconditioner_mean": 516.587890625, "preconditioner_change_relative": 0.00814886949956417, "denominator_lag_relative": 0.0, "block_age": 0}
{"step": 110, "epoch": 2, "step_seconds": 0.2658175826072693, "innovation_std_sum": 1.7273655294376953, "noise_marginal_std_sum": 1.9368335451060459, "pure_mf_cumulative_momentum_noise_variance": 1.5288409514423992e-05, "preconditioner_mean": 516.4639892578125, "preconditioner_change_relative": 0.007318191695958376, "denominator_lag_relative": 0.0, "block_age": 0}
{"step": 120, "epoch": 2, "step_seconds": 0.2649835888296366, "innovation_std_sum": 1.7273655294376953, "noise_marginal_std_sum": 1.9368335451060459, "pure_mf_cumulative_momentum_noise_variance": 1.5761399815237535e-05, "preconditioner_mean": 516.0938720703125, "preconditioner_change_relative": 0.006322736386209726, "denominator_lag_relative": 0.0, "block_age": 0}
{"epoch": 2, "step": 124, "epsilon": 4.626744139901174, "accuracy": 0.7465596330275229, "validation_loss": 1.1931335816689588, "validation_examples": 872}
{"step": 130, "epoch": 3, "step_seconds": 0.2691471613943577, "innovation_std_sum": 1.7273655294376953, "noise_marginal_std_sum": 1.9368335451060459, "pure_mf_cumulative_momentum_noise_variance": 1.623442058017555e-05, "preconditioner_mean": 515.8782348632812, "preconditioner_change_relative": 0.006004640366882086, "denominator_lag_relative": 0.0, "block_age": 0}
{"step": 140, "epoch": 3, "step_seconds": 0.2635210622102022, "innovation_std_sum": 1.7273655294376953, "noise_marginal_std_sum": 1.9368335451060459, "pure_mf_cumulative_momentum_noise_variance": 1.6707452988967284e-05, "preconditioner_mean": 515.9945068359375, "preconditioner_change_relative": 0.005379832815378904, "denominator_lag_relative": 0.0, "block_age": 0}
{"step": 150, "epoch": 3, "step_seconds": 0.26267665438354015, "innovation_std_sum": 1.7273655294376953, "noise_marginal_std_sum": 1.9368335451060459, "pure_mf_cumulative_momentum_noise_variance": 1.7180489813962117e-05, "preconditioner_mean": 515.7313232421875, "preconditioner_change_relative": 0.005063440650701523, "denominator_lag_relative": 0.0, "block_age": 0}
{"step": 160, "epoch": 3, "step_seconds": 0.26774820126593113, "innovation_std_sum": 1.7273655294376953, "noise_marginal_std_sum": 1.9368335451060459, "pure_mf_cumulative_momentum_noise_variance": 1.76535283030069e-05, "preconditioner_mean": 515.5079956054688, "preconditioner_change_relative": 0.0049840547144412994, "denominator_lag_relative": 0.0, "block_age": 0}
{"step": 170, "epoch": 3, "step_seconds": 0.26951651461422443, "innovation_std_sum": 1.7273655294376953, "noise_marginal_std_sum": 1.9368335451060459, "pure_mf_cumulative_momentum_noise_variance": 1.8126567415581323e-05, "preconditioner_mean": 515.4547729492188, "preconditioner_change_relative": 0.004778104834258556, "denominator_lag_relative": 0.0, "block_age": 0}
{"step": 180, "epoch": 3, "step_seconds": 0.2704798337072134, "innovation_std_sum": 1.7273655294376953, "noise_marginal_std_sum": 1.9368335451060459, "pure_mf_cumulative_momentum_noise_variance": 1.8599606760668814e-05, "preconditioner_mean": 515.1482543945312, "preconditioner_change_relative": 0.0042995247058570385, "denominator_lag_relative": 0.0, "block_age": 0}
{"epoch": 3, "step": 186, "epsilon": 5.883337114624349, "accuracy": 0.7672018348623854, "validation_loss": 1.1364145278930664, "validation_examples": 872}
{"step": 190, "epoch": 4, "step_seconds": 0.26654671877622604, "innovation_std_sum": 1.7273655294376953, "noise_marginal_std_sum": 1.9368335451060459, "pure_mf_cumulative_momentum_noise_variance": 1.9072646192094252e-05, "preconditioner_mean": 514.893310546875, "preconditioner_change_relative": 0.004040427505970001, "denominator_lag_relative": 0.0, "block_age": 0}
{"step": 200, "epoch": 4, "step_seconds": 0.26721006259322166, "innovation_std_sum": 1.7273655294376953, "noise_marginal_std_sum": 1.9368335451060459, "pure_mf_cumulative_momentum_noise_variance": 1.95456856554599e-05, "preconditioner_mean": 514.8424682617188, "preconditioner_change_relative": 0.004035570193082094, "denominator_lag_relative": 0.0, "block_age": 0}
{"step": 210, "epoch": 4, "step_seconds": 0.2662299294024706, "innovation_std_sum": 1.7273655294376953, "noise_marginal_std_sum": 1.9368335451060459, "pure_mf_cumulative_momentum_noise_variance": 2.0018725130602584e-05, "preconditioner_mean": 514.7789916992188, "preconditioner_change_relative": 0.0036696605384349823, "denominator_lag_relative": 0.0, "block_age": 0}
{"step": 220, "epoch": 4, "step_seconds": 0.26735418289899826, "innovation_std_sum": 1.7273655294376953, "noise_marginal_std_sum": 1.9368335451060459, "pure_mf_cumulative_momentum_noise_variance": 2.0491764610074888e-05, "preconditioner_mean": 514.6455078125, "preconditioner_change_relative": 0.0035596732050180435, "denominator_lag_relative": 0.0, "block_age": 0}
{"step": 230, "epoch": 4, "step_seconds": 0.265814833343029, "innovation_std_sum": 1.7273655294376953, "noise_marginal_std_sum": 1.9368335451060459, "pure_mf_cumulative_momentum_noise_variance": 2.096480409113467e-05, "preconditioner_mean": 514.4928588867188, "preconditioner_change_relative": 0.0033653101418167353, "denominator_lag_relative": 0.0, "block_age": 0}
{"step": 240, "epoch": 4, "step_seconds": 0.2707349509000778, "innovation_std_sum": 1.7273655294376953, "noise_marginal_std_sum": 1.9368335451060459, "pure_mf_cumulative_momentum_noise_variance": 2.1437843572775098e-05, "preconditioner_mean": 514.63037109375, "preconditioner_change_relative": 0.0034029721282422543, "denominator_lag_relative": 0.0, "block_age": 0}
{"epoch": 4, "step": 248, "epsilon": 6.989802718757768, "accuracy": 0.7809633027522935, "validation_loss": 1.0789157097492743, "validation_examples": 872}
{"step": 250, "epoch": 5, "step_seconds": 0.26671548187732697, "innovation_std_sum": 1.7273655294376953, "noise_marginal_std_sum": 1.9368335451060459, "pure_mf_cumulative_momentum_noise_variance": 2.191088305462746e-05, "preconditioner_mean": 514.7492065429688, "preconditioner_change_relative": 0.003175893099978566, "denominator_lag_relative": 0.0, "block_age": 0}
{"step": 260, "epoch": 5, "step_seconds": 0.2671983577311039, "innovation_std_sum": 1.7273655294376953, "noise_marginal_std_sum": 1.9368335451060459, "pure_mf_cumulative_momentum_noise_variance": 2.2383922536557016e-05, "preconditioner_mean": 514.9848022460938, "preconditioner_change_relative": 0.0030172662809491158, "denominator_lag_relative": 0.0, "block_age": 0}
{"step": 270, "epoch": 5, "step_seconds": 0.2669553831219673, "innovation_std_sum": 1.7273655294376953, "noise_marginal_std_sum": 1.9368335451060459, "pure_mf_cumulative_momentum_noise_variance": 2.2856962018514633e-05, "preconditioner_mean": 514.9046630859375, "preconditioner_change_relative": 0.002856314182281494, "denominator_lag_relative": 0.0, "block_age": 0}
{"step": 280, "epoch": 5, "step_seconds": 0.26779212243855, "innovation_std_sum": 1.7273655294376953, "noise_marginal_std_sum": 1.9368335451060459, "pure_mf_cumulative_momentum_noise_variance": 2.3330001500482442e-05, "preconditioner_mean": 514.8854370117188, "preconditioner_change_relative": 0.0029875386971980333, "denominator_lag_relative": 0.0, "block_age": 0}
{"step": 290, "epoch": 5, "step_seconds": 0.2709268815815449, "innovation_std_sum": 1.7273655294376953, "noise_marginal_std_sum": 1.9368335451060459, "pure_mf_cumulative_momentum_noise_variance": 2.380304098245394e-05, "preconditioner_mean": 514.8390502929688, "preconditioner_change_relative": 0.0028790091164410114, "denominator_lag_relative": 0.0, "block_age": 0}
{"step": 300, "epoch": 5, "step_seconds": 0.26579325646162033, "innovation_std_sum": 1.7273655294376953, "noise_marginal_std_sum": 1.9368335451060459, "pure_mf_cumulative_momentum_noise_variance": 2.4276080464426774e-05, "preconditioner_mean": 514.739990234375, "preconditioner_change_relative": 0.0027669898699969053, "denominator_lag_relative": 0.0, "block_age": 0}
{"step": 310, "epoch": 5, "step_seconds": 0.27058120444417, "innovation_std_sum": 1.7273655294376953, "noise_marginal_std_sum": 1.9368335451060459, "pure_mf_cumulative_momentum_noise_variance": 2.4749119946400092e-05, "preconditioner_mean": 514.68701171875, "preconditioner_change_relative": 0.002644357969984412, "denominator_lag_relative": 0.0, "block_age": 0}
{"epoch": 5, "step": 310, "epsilon": 8.000000000000005, "accuracy": 0.7752293577981652, "validation_loss": 1.1264051734854321, "validation_examples": 872}
