/home/longt29/miniconda3/envs/curve/lib/python3.11/site-packages/torchvision/datasets/cifar.py:83: VisibleDeprecationWarning: dtype(): align should be passed as Python or NumPy boolean but got `align=0`. Did you mean to pass a tuple to create a subarray type? (Deprecated NumPy 2.4)
  entry = pickle.load(f, encoding="latin1")
sys:1: UserWarning: Full backward hook is firing when gradients are computed with respect to module outputs since no inputs require gradients. See https://docs.pytorch.org/docs/main/generated/torch.nn.Module.html#torch.nn.Module.register_full_backward_hook for more details.
{"step": 10, "epoch": 1, "train_loss": 4.383239013671875, "clip_fraction": 0.0, "gradient_norm_mean": 94.503416015625, "gradient_norm_max": 198.01480102539062, "step_seconds": 1.9392827656120062, "innovation_std_sum": 481.51987677654046, "noise_marginal_std_sum": 563.3284436196507}
{"step": 20, "epoch": 1, "train_loss": 3.8804952392578125, "clip_fraction": 0.047, "gradient_norm_mean": 140.887578125, "gradient_norm_max": 285.05078125, "step_seconds": 1.9797568414360285, "innovation_std_sum": 481.51987677654046, "noise_marginal_std_sum": 563.3284436196507}
{"step": 30, "epoch": 1, "train_loss": 3.339128356933594, "clip_fraction": 0.232, "gradient_norm_mean": 175.07386328125, "gradient_norm_max": 525.5191040039062, "step_seconds": 1.964003287255764, "innovation_std_sum": 481.51987677654046, "noise_marginal_std_sum": 563.3284436196507}
{"step": 40, "epoch": 1, "train_loss": 2.8677119140625, "clip_fraction": 0.306, "gradient_norm_mean": 184.39446875, "gradient_norm_max": 507.7269592285156, "step_seconds": 1.98945845477283, "innovation_std_sum": 481.51987677654046, "noise_marginal_std_sum": 563.3284436196507}
{"epoch": 1, "step": 45, "train_loss": 3.7233813598632812, "clip_fraction": 0.1663777777777778, "epsilon": 3.0297011451528837, "accuracy": 0.4344, "validation_loss": 2.229683544921875, "validation_examples": 5000}
{"step": 50, "epoch": 2, "train_loss": 2.441779846191406, "clip_fraction": 0.362, "gradient_norm_mean": 184.3520859375, "gradient_norm_max": 582.2559814453125, "step_seconds": 1.9477381445467472, "innovation_std_sum": 481.51987677654046, "noise_marginal_std_sum": 563.3284436196507}
{"step": 60, "epoch": 2, "train_loss": 2.297015869140625, "clip_fraction": 0.377, "gradient_norm_mean": 185.64987109375, "gradient_norm_max": 668.686767578125, "step_seconds": 1.9666944295167923, "innovation_std_sum": 481.51987677654046, "noise_marginal_std_sum": 563.3284436196507}
{"step": 70, "epoch": 2, "train_loss": 2.02365380859375, "clip_fraction": 0.324, "gradient_norm_mean": 173.24604296875, "gradient_norm_max": 834.1635131835938, "step_seconds": 1.9858177173882723, "innovation_std_sum": 481.51987677654046, "noise_marginal_std_sum": 563.3284436196507}
{"step": 80, "epoch": 2, "train_loss": 2.024002716064453, "clip_fraction": 0.376, "gradient_norm_mean": 183.70725390625, "gradient_norm_max": 951.9212646484375, "step_seconds": 2.004007689654827, "innovation_std_sum": 481.51987677654046, "noise_marginal_std_sum": 563.3284436196507}
{"step": 90, "epoch": 2, "train_loss": 1.8861593017578124, "clip_fraction": 0.394, "gradient_norm_mean": 179.3673984375, "gradient_norm_max": 644.7153930664062, "step_seconds": 2.013121148571372, "innovation_std_sum": 481.51987677654046, "noise_marginal_std_sum": 563.3284436196507}
{"epoch": 2, "step": 90, "train_loss": 2.1528713772243924, "clip_fraction": 0.36193333333333333, "epsilon": 4.5953206372907065, "accuracy": 0.6282, "validation_loss": 1.3678435607910155, "validation_examples": 5000}
{"step": 100, "epoch": 3, "train_loss": 1.6989790649414063, "clip_fraction": 0.339, "gradient_norm_mean": 169.3088984375, "gradient_norm_max": 684.9497680664062, "step_seconds": 1.9908644426614046, "innovation_std_sum": 481.51987677654046, "noise_marginal_std_sum": 563.3284436196507}
{"step": 110, "epoch": 3, "train_loss": 1.6640780944824218, "clip_fraction": 0.365, "gradient_norm_mean": 171.5076875, "gradient_norm_max": 1004.3865966796875, "step_seconds": 1.995199091732502, "innovation_std_sum": 481.51987677654046, "noise_marginal_std_sum": 563.3284436196507}
{"step": 120, "epoch": 3, "train_loss": 1.6123666381835937, "clip_fraction": 0.356, "gradient_norm_mean": 169.25267578125, "gradient_norm_max": 1215.842529296875, "step_seconds": 1.9922593794763088, "innovation_std_sum": 481.51987677654046, "noise_marginal_std_sum": 563.3284436196507}
{"step": 130, "epoch": 3, "train_loss": 1.5873338928222656, "clip_fraction": 0.359, "gradient_norm_mean": 166.747046875, "gradient_norm_max": 1117.6793212890625, "step_seconds": 2.157223291695118, "innovation_std_sum": 481.51987677654046, "noise_marginal_std_sum": 563.3284436196507}
{"epoch": 3, "step": 135, "train_loss": 1.7021812371148004, "clip_fraction": 0.36464444444444444, "epsilon": 5.865340104265841, "accuracy": 0.6958, "validation_loss": 1.0965361053466798, "validation_examples": 5000}
{"step": 140, "epoch": 4, "train_loss": 1.613753662109375, "clip_fraction": 0.346, "gradient_norm_mean": 162.9067890625, "gradient_norm_max": 746.682861328125, "step_seconds": 1.9774002209305763, "innovation_std_sum": 481.51987677654046, "noise_marginal_std_sum": 563.3284436196507}
{"step": 150, "epoch": 4, "train_loss": 1.5630426330566407, "clip_fraction": 0.366, "gradient_norm_mean": 167.18809375, "gradient_norm_max": 936.6267700195312, "step_seconds": 1.9654533863067627, "innovation_std_sum": 481.51987677654046, "noise_marginal_std_sum": 563.3284436196507}
{"step": 160, "epoch": 4, "train_loss": 1.562039764404297, "clip_fraction": 0.362, "gradient_norm_mean": 166.33958984375, "gradient_norm_max": 773.1785888671875, "step_seconds": 1.9796597827225924, "innovation_std_sum": 481.51987677654046, "noise_marginal_std_sum": 563.3284436196507}
{"step": 170, "epoch": 4, "train_loss": 1.5295013732910157, "clip_fraction": 0.354, "gradient_norm_mean": 160.5341796875, "gradient_norm_max": 900.411865234375, "step_seconds": 1.9975531995296478, "innovation_std_sum": 481.51987677654046, "noise_marginal_std_sum": 563.3284436196507}
{"step": 180, "epoch": 4, "train_loss": 1.4871409912109375, "clip_fraction": 0.357, "gradient_norm_mean": 162.4742421875, "gradient_norm_max": 1042.879150390625, "step_seconds": 2.00102935731411, "innovation_std_sum": 481.51987677654046, "noise_marginal_std_sum": 563.3284436196507}
{"epoch": 4, "step": 180, "train_loss": 1.5370817118326823, "clip_fraction": 0.36188888888888887, "epsilon": 6.9817050448149836, "accuracy": 0.724, "validation_loss": 0.980012435913086, "validation_examples": 5000}
{"step": 190, "epoch": 5, "train_loss": 1.4121914672851563, "clip_fraction": 0.339, "gradient_norm_mean": 158.2295234375, "gradient_norm_max": 770.2545776367188, "step_seconds": 1.9927760120481253, "innovation_std_sum": 481.51987677654046, "noise_marginal_std_sum": 563.3284436196507}
{"step": 200, "epoch": 5, "train_loss": 1.4846901245117188, "clip_fraction": 0.37, "gradient_norm_mean": 165.116390625, "gradient_norm_max": 748.3580322265625, "step_seconds": 1.9900261666625738, "innovation_std_sum": 481.51987677654046, "noise_marginal_std_sum": 563.3284436196507}
{"step": 210, "epoch": 5, "train_loss": 1.5010106201171876, "clip_fraction": 0.376, "gradient_norm_mean": 161.22656640625, "gradient_norm_max": 795.9304809570312, "step_seconds": 2.020658116787672, "innovation_std_sum": 481.51987677654046, "noise_marginal_std_sum": 563.3284436196507}
{"step": 220, "epoch": 5, "train_loss": 1.4276071166992188, "clip_fraction": 0.375, "gradient_norm_mean": 168.8789609375, "gradient_norm_max": 998.5150756835938, "step_seconds": 2.0136634781956673, "innovation_std_sum": 481.51987677654046, "noise_marginal_std_sum": 563.3284436196507}
{"epoch": 5, "step": 225, "train_loss": 1.4453986178927951, "clip_fraction": 0.3626666666666667, "epsilon": 8.000000000000005, "accuracy": 0.7326, "validation_loss": 0.9249027648925782, "validation_examples": 5000}
