/home/longt29/miniconda3/envs/curve/lib/python3.11/site-packages/torchvision/datasets/cifar.py:83: VisibleDeprecationWarning: dtype(): align should be passed as Python or NumPy boolean but got `align=0`. Did you mean to pass a tuple to create a subarray type? (Deprecated NumPy 2.4)
  entry = pickle.load(f, encoding="latin1")
sys:1: UserWarning: Full backward hook is firing when gradients are computed with respect to module outputs since no inputs require gradients. See https://docs.pytorch.org/docs/main/generated/torch.nn.Module.html#torch.nn.Module.register_full_backward_hook for more details.
{"step": 10, "epoch": 1, "train_loss": 4.428977661132812, "clip_fraction": 1.0, "gradient_norm_mean": 58.062880859375, "gradient_norm_max": 126.77070617675781, "step_seconds": 2.1005908641964197, "innovation_std_sum": 141.40348896567355, "noise_marginal_std_sum": 195.03959987396559}
{"step": 20, "epoch": 1, "train_loss": 4.099204528808594, "clip_fraction": 1.0, "gradient_norm_mean": 69.794056640625, "gradient_norm_max": 151.53106689453125, "step_seconds": 2.1571529526263475, "innovation_std_sum": 141.40348896567355, "noise_marginal_std_sum": 195.03959987396559}
{"step": 30, "epoch": 1, "train_loss": 3.67166015625, "clip_fraction": 1.0, "gradient_norm_mean": 94.895748046875, "gradient_norm_max": 204.7529296875, "step_seconds": 2.1175872404128313, "innovation_std_sum": 141.40348896567355, "noise_marginal_std_sum": 195.03959987396559}
{"step": 40, "epoch": 1, "train_loss": 3.2358609008789063, "clip_fraction": 0.998, "gradient_norm_mean": 100.189388671875, "gradient_norm_max": 292.4650573730469, "step_seconds": 2.1232140194624662, "innovation_std_sum": 141.40348896567355, "noise_marginal_std_sum": 195.03959987396559}
{"step": 50, "epoch": 1, "train_loss": 2.931402282714844, "clip_fraction": 0.989, "gradient_norm_mean": 110.314203125, "gradient_norm_max": 307.3048400878906, "step_seconds": 2.1075118016451597, "innovation_std_sum": 141.40348896567355, "noise_marginal_std_sum": 195.03959987396559}
{"epoch": 1, "step": 50, "train_loss": 3.8658237329101564, "clip_fraction": 0.99876, "epsilon": 2.8734263506543494, "accuracy": 0.3342, "validation_loss": 2.6335739501953124, "validation_examples": 10000}
{"step": 60, "epoch": 2, "train_loss": 2.626588623046875, "clip_fraction": 0.984, "gradient_norm_mean": 110.4358828125, "gradient_norm_max": 352.5212097167969, "step_seconds": 2.110850300639868, "innovation_std_sum": 141.40348896567355, "noise_marginal_std_sum": 195.03959987396559}
{"step": 70, "epoch": 2, "train_loss": 2.4937808227539064, "clip_fraction": 0.973, "gradient_norm_mean": 114.594625, "gradient_norm_max": 570.5927734375, "step_seconds": 2.114494139328599, "innovation_std_sum": 141.40348896567355, "noise_marginal_std_sum": 195.03959987396559}
{"step": 80, "epoch": 2, "train_loss": 2.419555908203125, "clip_fraction": 0.939, "gradient_norm_mean": 116.610439453125, "gradient_norm_max": 424.2249755859375, "step_seconds": 2.1211297791451216, "innovation_std_sum": 141.40348896567355, "noise_marginal_std_sum": 195.03959987396559}
{"step": 90, "epoch": 2, "train_loss": 2.1561296997070314, "clip_fraction": 0.912, "gradient_norm_mean": 111.783779296875, "gradient_norm_max": 419.1556701660156, "step_seconds": 2.1290254089981318, "innovation_std_sum": 141.40348896567355, "noise_marginal_std_sum": 195.03959987396559}
{"step": 100, "epoch": 2, "train_loss": 2.0327242126464844, "clip_fraction": 0.913, "gradient_norm_mean": 110.657703125, "gradient_norm_max": 436.42279052734375, "step_seconds": 2.128082860261202, "innovation_std_sum": 141.40348896567355, "noise_marginal_std_sum": 195.03959987396559}
{"epoch": 2, "step": 100, "train_loss": 2.432371795654297, "clip_fraction": 0.956, "epsilon": 4.494876969944211, "accuracy": 0.5519, "validation_loss": 1.6521015380859374, "validation_examples": 10000}
{"step": 110, "epoch": 3, "train_loss": 1.9854345397949218, "clip_fraction": 0.9, "gradient_norm_mean": 111.40190625, "gradient_norm_max": 429.0242614746094, "step_seconds": 2.1189921889454126, "innovation_std_sum": 141.40348896567355, "noise_marginal_std_sum": 195.03959987396559}
{"step": 120, "epoch": 3, "train_loss": 1.8999811401367188, "clip_fraction": 0.882, "gradient_norm_mean": 114.190751953125, "gradient_norm_max": 587.2391357421875, "step_seconds": 2.1680499967187643, "innovation_std_sum": 141.40348896567355, "noise_marginal_std_sum": 195.03959987396559}
{"step": 130, "epoch": 3, "train_loss": 1.8179669799804687, "clip_fraction": 0.857, "gradient_norm_mean": 113.4485703125, "gradient_norm_max": 539.41845703125, "step_seconds": 2.132311189547181, "innovation_std_sum": 141.40348896567355, "noise_marginal_std_sum": 195.03959987396559}
{"step": 140, "epoch": 3, "train_loss": 1.7811558837890624, "clip_fraction": 0.845, "gradient_norm_mean": 111.125556640625, "gradient_norm_max": 544.9942016601562, "step_seconds": 2.1200003921985626, "innovation_std_sum": 141.40348896567355, "noise_marginal_std_sum": 195.03959987396559}
{"step": 150, "epoch": 3, "train_loss": 1.642343475341797, "clip_fraction": 0.811, "gradient_norm_mean": 109.156794921875, "gradient_norm_max": 468.818603515625, "step_seconds": 2.1237158104777336, "innovation_std_sum": 141.40348896567355, "noise_marginal_std_sum": 195.03959987396559}
{"epoch": 3, "step": 150, "train_loss": 1.8830626623535156, "clip_fraction": 0.86764, "epsilon": 5.807351225535705, "accuracy": 0.6465, "validation_loss": 1.256305712890625, "validation_examples": 10000}
{"step": 160, "epoch": 4, "train_loss": 1.5957015686035156, "clip_fraction": 0.797, "gradient_norm_mean": 106.991943359375, "gradient_norm_max": 533.3255004882812, "step_seconds": 2.1113260127604008, "innovation_std_sum": 141.40348896567355, "noise_marginal_std_sum": 195.03959987396559}
{"step": 170, "epoch": 4, "train_loss": 1.6693864135742187, "clip_fraction": 0.798, "gradient_norm_mean": 112.223771484375, "gradient_norm_max": 456.49053955078125, "step_seconds": 2.1203762125223875, "innovation_std_sum": 141.40348896567355, "noise_marginal_std_sum": 195.03959987396559}
{"step": 180, "epoch": 4, "train_loss": 1.657643341064453, "clip_fraction": 0.795, "gradient_norm_mean": 112.030736328125, "gradient_norm_max": 572.5797729492188, "step_seconds": 2.102893877774477, "innovation_std_sum": 141.40348896567355, "noise_marginal_std_sum": 195.03959987396559}
{"step": 190, "epoch": 4, "train_loss": 1.5187232666015624, "clip_fraction": 0.751, "gradient_norm_mean": 107.55294921875, "gradient_norm_max": 686.7012939453125, "step_seconds": 2.1238909792155027, "innovation_std_sum": 141.40348896567355, "noise_marginal_std_sum": 195.03959987396559}
{"step": 200, "epoch": 4, "train_loss": 1.413150634765625, "clip_fraction": 0.748, "gradient_norm_mean": 102.741361328125, "gradient_norm_max": 518.9130249023438, "step_seconds": 2.113372975960374, "innovation_std_sum": 141.40348896567355, "noise_marginal_std_sum": 195.03959987396559}
{"epoch": 4, "step": 200, "train_loss": 1.617654930419922, "clip_fraction": 0.78886, "epsilon": 6.955627916806438, "accuracy": 0.6978, "validation_loss": 1.0443716873168944, "validation_examples": 10000}
{"step": 210, "epoch": 5, "train_loss": 1.5217903137207032, "clip_fraction": 0.76, "gradient_norm_mean": 110.017701171875, "gradient_norm_max": 667.8056640625, "step_seconds": 2.118984119966626, "innovation_std_sum": 141.40348896567355, "noise_marginal_std_sum": 195.03959987396559}
{"step": 220, "epoch": 5, "train_loss": 1.46920849609375, "clip_fraction": 0.758, "gradient_norm_mean": 112.074583984375, "gradient_norm_max": 1000.91552734375, "step_seconds": 2.1160203348845243, "innovation_std_sum": 141.40348896567355, "noise_marginal_std_sum": 195.03959987396559}
{"step": 230, "epoch": 5, "train_loss": 1.5435472717285157, "clip_fraction": 0.738, "gradient_norm_mean": 109.615375, "gradient_norm_max": 519.579833984375, "step_seconds": 2.1209679264575243, "innovation_std_sum": 141.40348896567355, "noise_marginal_std_sum": 195.03959987396559}
{"step": 240, "epoch": 5, "train_loss": 1.355688018798828, "clip_fraction": 0.701, "gradient_norm_mean": 105.34553515625, "gradient_norm_max": 629.9371337890625, "step_seconds": 2.1391742415726185, "innovation_std_sum": 141.40348896567355, "noise_marginal_std_sum": 195.03959987396559}
{"step": 250, "epoch": 5, "train_loss": 1.42268017578125, "clip_fraction": 0.7, "gradient_norm_mean": 106.58716796875, "gradient_norm_max": 625.7284545898438, "step_seconds": 2.1240117251873016, "innovation_std_sum": 141.40348896567355, "noise_marginal_std_sum": 195.03959987396559}
{"epoch": 5, "step": 250, "train_loss": 1.473288958129883, "clip_fraction": 0.7319, "epsilon": 8.000000000000005, "accuracy": 0.7301, "validation_loss": 0.9209093521118165, "validation_examples": 10000}
