/home/longt29/miniconda3/envs/curve/lib/python3.11/site-packages/torchvision/datasets/cifar.py:83: VisibleDeprecationWarning: dtype(): align should be passed as Python or NumPy boolean but got `align=0`. Did you mean to pass a tuple to create a subarray type? (Deprecated NumPy 2.4)
  entry = pickle.load(f, encoding="latin1")
sys:1: UserWarning: Full backward hook is firing when gradients are computed with respect to module outputs since no inputs require gradients. See https://docs.pytorch.org/docs/main/generated/torch.nn.Module.html#torch.nn.Module.register_full_backward_hook for more details.
{"step": 10, "epoch": 1, "train_loss": 4.703350830078125, "clip_fraction": 0.241, "gradient_norm_mean": 87.1476875, "gradient_norm_max": 178.4477081298828, "step_seconds": 2.0351160410791636, "innovation_std_sum": 1565.691329168733, "noise_marginal_std_sum": 2159.577621464048}
{"step": 20, "epoch": 1, "train_loss": 4.597111083984375, "clip_fraction": 0.0, "gradient_norm_mean": 34.2969453125, "gradient_norm_max": 71.23045349121094, "step_seconds": 2.166447365656495, "innovation_std_sum": 1565.691329168733, "noise_marginal_std_sum": 2159.577621464048}
{"step": 30, "epoch": 1, "train_loss": 4.553652465820313, "clip_fraction": 0.0, "gradient_norm_mean": 19.25948291015625, "gradient_norm_max": 37.46792984008789, "step_seconds": 2.160649174824357, "innovation_std_sum": 1565.691329168733, "noise_marginal_std_sum": 2159.577621464048}
{"step": 40, "epoch": 1, "train_loss": 4.547752319335937, "clip_fraction": 0.0, "gradient_norm_mean": 12.67238037109375, "gradient_norm_max": 23.95241355895996, "step_seconds": 2.169473774731159, "innovation_std_sum": 1565.691329168733, "noise_marginal_std_sum": 2159.577621464048}
{"step": 50, "epoch": 1, "train_loss": 4.544642211914063, "clip_fraction": 0.0, "gradient_norm_mean": 9.158730712890625, "gradient_norm_max": 20.13547134399414, "step_seconds": 2.2233937736600637, "innovation_std_sum": 1565.691329168733, "noise_marginal_std_sum": 2159.577621464048}
{"epoch": 1, "step": 50, "train_loss": 4.622536936035156, "clip_fraction": 0.17038, "epsilon": 0.7589568848812435, "accuracy": 0.0377, "validation_loss": 4.506690563964844, "validation_examples": 10000}
{"step": 60, "epoch": 2, "train_loss": 4.529000244140625, "clip_fraction": 0.0, "gradient_norm_mean": 7.101788940429688, "gradient_norm_max": 16.455965042114258, "step_seconds": 2.0961620397865772, "innovation_std_sum": 1565.691329168733, "noise_marginal_std_sum": 2159.577621464048}
{"step": 70, "epoch": 2, "train_loss": 4.51848974609375, "clip_fraction": 0.0, "gradient_norm_mean": 5.397519409179687, "gradient_norm_max": 14.918359756469727, "step_seconds": 2.1335913632065058, "innovation_std_sum": 1565.691329168733, "noise_marginal_std_sum": 2159.577621464048}
{"step": 80, "epoch": 2, "train_loss": 4.482813232421875, "clip_fraction": 0.0, "gradient_norm_mean": 4.375981689453125, "gradient_norm_max": 8.311882019042969, "step_seconds": 2.20770057849586, "innovation_std_sum": 1565.691329168733, "noise_marginal_std_sum": 2159.577621464048}
{"step": 90, "epoch": 2, "train_loss": 4.499751342773438, "clip_fraction": 0.0, "gradient_norm_mean": 3.6089229125976563, "gradient_norm_max": 12.00340461730957, "step_seconds": 2.204139418900013, "innovation_std_sum": 1565.691329168733, "noise_marginal_std_sum": 2159.577621464048}
{"step": 100, "epoch": 2, "train_loss": 4.513729736328125, "clip_fraction": 0.0, "gradient_norm_mean": 3.1195364379882813, "gradient_norm_max": 6.795109748840332, "step_seconds": 2.229161337018013, "innovation_std_sum": 1565.691329168733, "noise_marginal_std_sum": 2159.577621464048}
{"epoch": 2, "step": 100, "train_loss": 4.509761005859375, "clip_fraction": 0.0, "epsilon": 1.165123967245735, "accuracy": 0.0413, "validation_loss": 4.46735751953125, "validation_examples": 10000}
{"step": 110, "epoch": 3, "train_loss": 4.5080111083984375, "clip_fraction": 0.0, "gradient_norm_mean": 2.7616631469726562, "gradient_norm_max": 5.770930767059326, "step_seconds": 2.1137866880744696, "innovation_std_sum": 1565.691329168733, "noise_marginal_std_sum": 2159.577621464048}
{"step": 120, "epoch": 3, "train_loss": 4.521635620117188, "clip_fraction": 0.0, "gradient_norm_mean": 2.397783386230469, "gradient_norm_max": 5.309434413909912, "step_seconds": 2.1126633789390326, "innovation_std_sum": 1565.691329168733, "noise_marginal_std_sum": 2159.577621464048}
{"step": 130, "epoch": 3, "train_loss": 4.490111450195313, "clip_fraction": 0.0, "gradient_norm_mean": 1.9931371154785156, "gradient_norm_max": 4.438892364501953, "step_seconds": 2.17300196737051, "innovation_std_sum": 1565.691329168733, "noise_marginal_std_sum": 2159.577621464048}
{"step": 140, "epoch": 3, "train_loss": 4.538226318359375, "clip_fraction": 0.0, "gradient_norm_mean": 1.7257693786621093, "gradient_norm_max": 3.523747205734253, "step_seconds": 2.1884998567402363, "innovation_std_sum": 1565.691329168733, "noise_marginal_std_sum": 2159.577621464048}
{"step": 150, "epoch": 3, "train_loss": 4.519736694335937, "clip_fraction": 0.0, "gradient_norm_mean": 1.5142707214355469, "gradient_norm_max": 2.9649887084960938, "step_seconds": 2.1709599401801825, "innovation_std_sum": 1565.691329168733, "noise_marginal_std_sum": 2159.577621464048}
{"epoch": 3, "step": 150, "train_loss": 4.5109638671875, "clip_fraction": 0.0, "epsilon": 1.4839967071211682, "accuracy": 0.042, "validation_loss": 4.480231005859375, "validation_examples": 10000}
{"step": 160, "epoch": 4, "train_loss": 4.52657421875, "clip_fraction": 0.0, "gradient_norm_mean": 1.3419436645507812, "gradient_norm_max": 3.294034004211426, "step_seconds": 2.1143992487341166, "innovation_std_sum": 1565.691329168733, "noise_marginal_std_sum": 2159.577621464048}
{"step": 170, "epoch": 4, "train_loss": 4.522792846679687, "clip_fraction": 0.0, "gradient_norm_mean": 1.2252344360351564, "gradient_norm_max": 3.5446197986602783, "step_seconds": 2.1692641247063875, "innovation_std_sum": 1565.691329168733, "noise_marginal_std_sum": 2159.577621464048}
{"step": 180, "epoch": 4, "train_loss": 4.525488159179687, "clip_fraction": 0.0, "gradient_norm_mean": 1.1146571350097656, "gradient_norm_max": 2.45024037361145, "step_seconds": 2.2058261539787054, "innovation_std_sum": 1565.691329168733, "noise_marginal_std_sum": 2159.577621464048}
{"step": 190, "epoch": 4, "train_loss": 4.534201782226562, "clip_fraction": 0.0, "gradient_norm_mean": 0.9892095336914063, "gradient_norm_max": 2.1098427772521973, "step_seconds": 2.2091184258461, "innovation_std_sum": 1565.691329168733, "noise_marginal_std_sum": 2159.577621464048}
{"step": 200, "epoch": 4, "train_loss": 4.53026904296875, "clip_fraction": 0.0, "gradient_norm_mean": 0.9226652679443359, "gradient_norm_max": 1.8638558387756348, "step_seconds": 2.193417187780142, "innovation_std_sum": 1565.691329168733, "noise_marginal_std_sum": 2159.577621464048}
{"epoch": 4, "step": 200, "train_loss": 4.5153023608398435, "clip_fraction": 0.0, "epsilon": 1.756639976427633, "accuracy": 0.041, "validation_loss": 4.479257043457031, "validation_examples": 10000}
{"step": 210, "epoch": 5, "train_loss": 4.52589990234375, "clip_fraction": 0.0, "gradient_norm_mean": 0.8349606475830078, "gradient_norm_max": 2.047545909881592, "step_seconds": 2.152373915538192, "innovation_std_sum": 1565.691329168733, "noise_marginal_std_sum": 2159.577621464048}
{"step": 220, "epoch": 5, "train_loss": 4.515521362304687, "clip_fraction": 0.0, "gradient_norm_mean": 0.759346694946289, "gradient_norm_max": 1.6057460308074951, "step_seconds": 2.1575936302542686, "innovation_std_sum": 1565.691329168733, "noise_marginal_std_sum": 2159.577621464048}
{"step": 230, "epoch": 5, "train_loss": 4.548171630859375, "clip_fraction": 0.0, "gradient_norm_mean": 0.6905255432128906, "gradient_norm_max": 1.504411220550537, "step_seconds": 2.1927321329712868, "innovation_std_sum": 1565.691329168733, "noise_marginal_std_sum": 2159.577621464048}
{"step": 240, "epoch": 5, "train_loss": 4.564924438476562, "clip_fraction": 0.0, "gradient_norm_mean": 0.6485652465820313, "gradient_norm_max": 1.414397954940796, "step_seconds": 2.245923200622201, "innovation_std_sum": 1565.691329168733, "noise_marginal_std_sum": 2159.577621464048}
{"step": 250, "epoch": 5, "train_loss": 4.529240234375, "clip_fraction": 0.0, "gradient_norm_mean": 0.6103516387939453, "gradient_norm_max": 1.2694340944290161, "step_seconds": 2.182514827698469, "innovation_std_sum": 1565.691329168733, "noise_marginal_std_sum": 2159.577621464048}
{"epoch": 5, "step": 250, "train_loss": 4.529683752441406, "clip_fraction": 0.0, "epsilon": 2.0000000000008775, "accuracy": 0.0397, "validation_loss": 4.492773718261719, "validation_examples": 10000}
