Loading weights:   0%|          | 0/39 [00:00<?, ?it/s]Loading weights: 100%|██████████| 39/39 [00:00<00:00, 18560.97it/s]
[transformers] [1mBertModel LOAD REPORT[0m from: /media/data/data/lt/dp-adam-correlated/cache/bert-tiny
Key                                        | Status     |  | 
-------------------------------------------+------------+--+-
cls.predictions.transform.LayerNorm.weight | UNEXPECTED |  | 
cls.seq_relationship.weight                | UNEXPECTED |  | 
cls.predictions.transform.LayerNorm.bias   | UNEXPECTED |  | 
cls.predictions.decoder.weight             | UNEXPECTED |  | 
cls.predictions.transform.dense.bias       | UNEXPECTED |  | 
cls.seq_relationship.bias                  | UNEXPECTED |  | 
cls.predictions.decoder.bias               | UNEXPECTED |  | 
cls.predictions.transform.dense.weight     | UNEXPECTED |  | 
cls.predictions.bias                       | UNEXPECTED |  | 

Notes:
- UNEXPECTED:	can be ignored when loading from different task/architecture; not ok if you expect identical arch.
sys:1: UserWarning: Full backward hook is firing when gradients are computed with respect to module outputs since no inputs require gradients. See https://docs.pytorch.org/docs/main/generated/torch.nn.Module.html#torch.nn.Module.register_full_backward_hook for more details.
{"step": 10, "epoch": 1, "train_loss": 0.671862060546875, "clip_fraction": 0.0, "gradient_norm_mean": 72.059609375, "gradient_norm_max": 136.14454650878906, "step_seconds": 0.25865049846470356, "innovation_std_sum": 1703.6087683676092, "noise_marginal_std_sum": 1919.5152398998341}
{"step": 20, "epoch": 1, "train_loss": 0.6604580078125, "clip_fraction": 0.0, "gradient_norm_mean": 41.3153046875, "gradient_norm_max": 79.92134094238281, "step_seconds": 0.26436226069927216, "innovation_std_sum": 1703.6087683676092, "noise_marginal_std_sum": 1919.5152398998341}
{"step": 30, "epoch": 1, "train_loss": 0.640831787109375, "clip_fraction": 0.0, "gradient_norm_mean": 28.954548828125, "gradient_norm_max": 52.40210723876953, "step_seconds": 0.2610546201467514, "innovation_std_sum": 1703.6087683676092, "noise_marginal_std_sum": 1919.5152398998341}
{"step": 40, "epoch": 1, "train_loss": 0.6412348022460937, "clip_fraction": 0.0, "gradient_norm_mean": 21.13120703125, "gradient_norm_max": 39.290306091308594, "step_seconds": 0.26474738493561745, "innovation_std_sum": 1703.6087683676092, "noise_marginal_std_sum": 1919.5152398998341}
{"step": 50, "epoch": 1, "train_loss": 0.6561243286132813, "clip_fraction": 0.0, "gradient_norm_mean": 18.544189453125, "gradient_norm_max": 38.611148834228516, "step_seconds": 0.26727085188031197, "innovation_std_sum": 1703.6087683676092, "noise_marginal_std_sum": 1919.5152398998341}
{"step": 60, "epoch": 1, "train_loss": 0.6328878173828125, "clip_fraction": 0.0, "gradient_norm_mean": 15.382095703125, "gradient_norm_max": 35.07146072387695, "step_seconds": 0.2675791550427675, "innovation_std_sum": 1703.6087683676092, "noise_marginal_std_sum": 1919.5152398998341}
{"epoch": 1, "step": 62, "train_loss": 0.6583749448714717, "clip_fraction": 0.030016129032258063, "epsilon": 0.8225143388537305, "accuracy": 0.676605504587156, "validation_loss": 0.6436890374629869, "validation_examples": 872}
{"step": 70, "epoch": 2, "train_loss": 0.6271161499023438, "clip_fraction": 0.0, "gradient_norm_mean": 13.660052734375, "gradient_norm_max": 27.915319442749023, "step_seconds": 0.16012845002114773, "innovation_std_sum": 1703.6087683676092, "noise_marginal_std_sum": 1919.5152398998341}
{"step": 80, "epoch": 2, "train_loss": 0.6382532958984375, "clip_fraction": 0.0, "gradient_norm_mean": 12.095765625, "gradient_norm_max": 23.655323028564453, "step_seconds": 0.2663688585162163, "innovation_std_sum": 1703.6087683676092, "noise_marginal_std_sum": 1919.5152398998341}
{"step": 90, "epoch": 2, "train_loss": 0.6377005004882812, "clip_fraction": 0.0, "gradient_norm_mean": 10.7099345703125, "gradient_norm_max": 22.780500411987305, "step_seconds": 0.1450529731810093, "innovation_std_sum": 1703.6087683676092, "noise_marginal_std_sum": 1919.5152398998341}
{"step": 100, "epoch": 2, "train_loss": 0.6396746826171875, "clip_fraction": 0.0, "gradient_norm_mean": 9.2516142578125, "gradient_norm_max": 19.272388458251953, "step_seconds": 0.12766784243285656, "innovation_std_sum": 1703.6087683676092, "noise_marginal_std_sum": 1919.5152398998341}
{"step": 110, "epoch": 2, "train_loss": 0.6480096435546875, "clip_fraction": 0.0, "gradient_norm_mean": 8.1392216796875, "gradient_norm_max": 16.3985538482666, "step_seconds": 0.267364751547575, "innovation_std_sum": 1703.6087683676092, "noise_marginal_std_sum": 1919.5152398998341}
{"step": 120, "epoch": 2, "train_loss": 0.6435914306640625, "clip_fraction": 0.0, "gradient_norm_mean": 7.46149609375, "gradient_norm_max": 15.372645378112793, "step_seconds": 0.26402560994029045, "innovation_std_sum": 1703.6087683676092, "noise_marginal_std_sum": 1919.5152398998341}
{"epoch": 2, "step": 124, "train_loss": 0.6407487281060988, "clip_fraction": 0.0, "epsilon": 1.203471280513889, "accuracy": 0.6628440366972477, "validation_loss": 0.6438480735918798, "validation_examples": 872}
{"step": 130, "epoch": 3, "train_loss": 0.636529541015625, "clip_fraction": 0.0, "gradient_norm_mean": 6.409482421875, "gradient_norm_max": 12.199508666992188, "step_seconds": 0.2652140650898218, "innovation_std_sum": 1703.6087683676092, "noise_marginal_std_sum": 1919.5152398998341}
{"step": 140, "epoch": 3, "train_loss": 0.6461090698242188, "clip_fraction": 0.0, "gradient_norm_mean": 5.5778837890625, "gradient_norm_max": 9.551313400268555, "step_seconds": 0.2663953807204962, "innovation_std_sum": 1703.6087683676092, "noise_marginal_std_sum": 1919.5152398998341}
{"step": 150, "epoch": 3, "train_loss": 0.6578321533203125, "clip_fraction": 0.0, "gradient_norm_mean": 5.0935625, "gradient_norm_max": 9.796863555908203, "step_seconds": 0.2676120102405548, "innovation_std_sum": 1703.6087683676092, "noise_marginal_std_sum": 1919.5152398998341}
{"step": 160, "epoch": 3, "train_loss": 0.6529417114257813, "clip_fraction": 0.0, "gradient_norm_mean": 4.704462890625, "gradient_norm_max": 9.55833911895752, "step_seconds": 0.26785838417708874, "innovation_std_sum": 1703.6087683676092, "noise_marginal_std_sum": 1919.5152398998341}
{"step": 170, "epoch": 3, "train_loss": 0.6550953369140625, "clip_fraction": 0.0, "gradient_norm_mean": 4.19086328125, "gradient_norm_max": 8.329052925109863, "step_seconds": 0.26712691411376, "innovation_std_sum": 1703.6087683676092, "noise_marginal_std_sum": 1919.5152398998341}
{"step": 180, "epoch": 3, "train_loss": 0.652084228515625, "clip_fraction": 0.0, "gradient_norm_mean": 3.87765625, "gradient_norm_max": 8.121387481689453, "step_seconds": 0.26673734933137894, "innovation_std_sum": 1703.6087683676092, "noise_marginal_std_sum": 1919.5152398998341}
{"epoch": 3, "step": 186, "train_loss": 0.6489891554309476, "clip_fraction": 0.0, "epsilon": 1.5055272783178328, "accuracy": 0.588302752293578, "validation_loss": 0.6640018498131989, "validation_examples": 872}
{"step": 190, "epoch": 4, "train_loss": 0.6511534423828125, "clip_fraction": 0.0, "gradient_norm_mean": 3.54113818359375, "gradient_norm_max": 6.461319923400879, "step_seconds": 0.26723472960293293, "innovation_std_sum": 1703.6087683676092, "noise_marginal_std_sum": 1919.5152398998341}
{"step": 200, "epoch": 4, "train_loss": 0.6610682983398437, "clip_fraction": 0.0, "gradient_norm_mean": 3.27701025390625, "gradient_norm_max": 6.65975284576416, "step_seconds": 0.26559486240148544, "innovation_std_sum": 1703.6087683676092, "noise_marginal_std_sum": 1919.5152398998341}
{"step": 210, "epoch": 4, "train_loss": 0.6525487670898438, "clip_fraction": 0.0, "gradient_norm_mean": 3.0002998046875, "gradient_norm_max": 6.936301231384277, "step_seconds": 0.2614785172045231, "innovation_std_sum": 1703.6087683676092, "noise_marginal_std_sum": 1919.5152398998341}
{"step": 220, "epoch": 4, "train_loss": 0.6646073608398437, "clip_fraction": 0.0, "gradient_norm_mean": 2.75829443359375, "gradient_norm_max": 5.796833038330078, "step_seconds": 0.265862787142396, "innovation_std_sum": 1703.6087683676092, "noise_marginal_std_sum": 1919.5152398998341}
{"step": 230, "epoch": 4, "train_loss": 0.6511707763671875, "clip_fraction": 0.0, "gradient_norm_mean": 2.61496484375, "gradient_norm_max": 6.0829997062683105, "step_seconds": 0.2671450972557068, "innovation_std_sum": 1703.6087683676092, "noise_marginal_std_sum": 1919.5152398998341}
{"step": 240, "epoch": 4, "train_loss": 0.6609779052734375, "clip_fraction": 0.0, "gradient_norm_mean": 2.657341796875, "gradient_norm_max": 7.282618522644043, "step_seconds": 0.2680581696331501, "innovation_std_sum": 1703.6087683676092, "noise_marginal_std_sum": 1919.5152398998341}
{"epoch": 4, "step": 248, "train_loss": 0.6581950998613911, "clip_fraction": 0.0, "epsilon": 1.7661340803270051, "accuracy": 0.5928899082568807, "validation_loss": 0.6707894124022318, "validation_examples": 872}
{"step": 250, "epoch": 5, "train_loss": 0.6575328369140625, "clip_fraction": 0.0, "gradient_norm_mean": 2.71015771484375, "gradient_norm_max": 7.204204082489014, "step_seconds": 0.2674959059804678, "innovation_std_sum": 1703.6087683676092, "noise_marginal_std_sum": 1919.5152398998341}
{"step": 260, "epoch": 5, "train_loss": 0.6610088500976562, "clip_fraction": 0.0, "gradient_norm_mean": 2.4475, "gradient_norm_max": 5.468261241912842, "step_seconds": 0.2670741006731987, "innovation_std_sum": 1703.6087683676092, "noise_marginal_std_sum": 1919.5152398998341}
{"step": 270, "epoch": 5, "train_loss": 0.6694759521484375, "clip_fraction": 0.0, "gradient_norm_mean": 2.46071435546875, "gradient_norm_max": 7.788605213165283, "step_seconds": 0.267763189971447, "innovation_std_sum": 1703.6087683676092, "noise_marginal_std_sum": 1919.5152398998341}
{"step": 280, "epoch": 5, "train_loss": 0.6590152587890625, "clip_fraction": 0.0, "gradient_norm_mean": 2.18378076171875, "gradient_norm_max": 4.457431793212891, "step_seconds": 0.26708837412297726, "innovation_std_sum": 1703.6087683676092, "noise_marginal_std_sum": 1919.5152398998341}
{"step": 290, "epoch": 5, "train_loss": 0.6762471923828125, "clip_fraction": 0.0, "gradient_norm_mean": 2.08770166015625, "gradient_norm_max": 4.770307540893555, "step_seconds": 0.2676118463277817, "innovation_std_sum": 1703.6087683676092, "noise_marginal_std_sum": 1919.5152398998341}
{"step": 300, "epoch": 5, "train_loss": 0.6649388427734375, "clip_fraction": 0.0, "gradient_norm_mean": 2.0539150390625, "gradient_norm_max": 4.142012119293213, "step_seconds": 0.2668220177292824, "innovation_std_sum": 1703.6087683676092, "noise_marginal_std_sum": 1919.5152398998341}
{"step": 310, "epoch": 5, "train_loss": 0.6743875732421875, "clip_fraction": 0.0, "gradient_norm_mean": 2.0353160400390626, "gradient_norm_max": 4.142391681671143, "step_seconds": 0.2672370858490467, "innovation_std_sum": 1703.6087683676092, "noise_marginal_std_sum": 1919.5152398998341}
{"epoch": 5, "step": 310, "train_loss": 0.6657104059034779, "clip_fraction": 0.0, "epsilon": 2.0000000000008775, "accuracy": 0.5860091743119266, "validation_loss": 0.6691262787635174, "validation_examples": 872}
