/home/longt29/miniconda3/envs/curve/lib/python3.11/site-packages/torchvision/datasets/cifar.py:83: VisibleDeprecationWarning: dtype(): align should be passed as Python or NumPy boolean but got `align=0`. Did you mean to pass a tuple to create a subarray type? (Deprecated NumPy 2.4)
  entry = pickle.load(f, encoding="latin1")
sys:1: UserWarning: Full backward hook is firing when gradients are computed with respect to module outputs since no inputs require gradients. See https://docs.pytorch.org/docs/main/generated/torch.nn.Module.html#torch.nn.Module.register_full_backward_hook for more details.
{"step": 10, "epoch": 1, "train_loss": 4.3190853271484375, "clip_fraction": 1.0, "gradient_norm_mean": 660.082125, "gradient_norm_max": 1247.697021484375, "step_seconds": 1.9906443115323782, "innovation_std_sum": 488.0592381372001, "noise_marginal_std_sum": 570.6022822686002}
{"step": 20, "epoch": 1, "train_loss": 3.6998754272460936, "clip_fraction": 1.0, "gradient_norm_mean": 840.85384375, "gradient_norm_max": 2130.1923828125, "step_seconds": 1.9650813601911068, "innovation_std_sum": 488.0592381372001, "noise_marginal_std_sum": 570.6022822686002}
{"step": 30, "epoch": 1, "train_loss": 3.1389497680664062, "clip_fraction": 0.996, "gradient_norm_mean": 1029.912953125, "gradient_norm_max": 3707.86328125, "step_seconds": 1.971199406310916, "innovation_std_sum": 488.0592381372001, "noise_marginal_std_sum": 570.6022822686002}
{"step": 40, "epoch": 1, "train_loss": 2.6555867919921874, "clip_fraction": 0.982, "gradient_norm_mean": 1060.424578125, "gradient_norm_max": 4152.48095703125, "step_seconds": 1.9660998731851578, "innovation_std_sum": 488.0592381372001, "noise_marginal_std_sum": 570.6022822686002}
{"step": 50, "epoch": 1, "train_loss": 2.340779296875, "clip_fraction": 0.951, "gradient_norm_mean": 1011.694453125, "gradient_norm_max": 3921.12158203125, "step_seconds": 2.002909814938903, "innovation_std_sum": 488.0592381372001, "noise_marginal_std_sum": 570.6022822686002}
{"epoch": 1, "step": 50, "train_loss": 3.4409239575195314, "clip_fraction": 0.9933, "epsilon": 3.037976902428691, "accuracy": 0.5112, "validation_loss": 1.9022640350341797, "validation_examples": 10000}
{"step": 60, "epoch": 2, "train_loss": 2.0275610961914063, "clip_fraction": 0.935, "gradient_norm_mean": 997.95584375, "gradient_norm_max": 4391.4365234375, "step_seconds": 1.9457443375140429, "innovation_std_sum": 488.0592381372001, "noise_marginal_std_sum": 570.6022822686002}
{"step": 70, "epoch": 2, "train_loss": 1.8865299377441407, "clip_fraction": 0.915, "gradient_norm_mean": 1010.57746875, "gradient_norm_max": 5693.84423828125, "step_seconds": 2.0057178940624, "innovation_std_sum": 488.0592381372001, "noise_marginal_std_sum": 570.6022822686002}
{"step": 80, "epoch": 2, "train_loss": 1.8965675964355468, "clip_fraction": 0.896, "gradient_norm_mean": 1094.90571875, "gradient_norm_max": 4589.86279296875, "step_seconds": 2.0436901431530714, "innovation_std_sum": 488.0592381372001, "noise_marginal_std_sum": 570.6022822686002}
{"step": 90, "epoch": 2, "train_loss": 1.6133524169921876, "clip_fraction": 0.834, "gradient_norm_mean": 959.894859375, "gradient_norm_max": 4654.71484375, "step_seconds": 1.9874675031751394, "innovation_std_sum": 488.0592381372001, "noise_marginal_std_sum": 570.6022822686002}
{"step": 100, "epoch": 2, "train_loss": 1.6382003784179688, "clip_fraction": 0.828, "gradient_norm_mean": 978.444765625, "gradient_norm_max": 5833.9130859375, "step_seconds": 1.9998307973146439, "innovation_std_sum": 488.0592381372001, "noise_marginal_std_sum": 570.6022822686002}
{"epoch": 2, "step": 100, "train_loss": 1.884515283203125, "clip_fraction": 0.89396, "epsilon": 4.600416946348178, "accuracy": 0.6795, "validation_loss": 1.129013931274414, "validation_examples": 10000}
{"step": 110, "epoch": 3, "train_loss": 1.5396769409179687, "clip_fraction": 0.788, "gradient_norm_mean": 927.97025, "gradient_norm_max": 6564.57373046875, "step_seconds": 1.952377112582326, "innovation_std_sum": 488.0592381372001, "noise_marginal_std_sum": 570.6022822686002}
{"step": 120, "epoch": 3, "train_loss": 1.566270263671875, "clip_fraction": 0.795, "gradient_norm_mean": 970.189171875, "gradient_norm_max": 4942.68603515625, "step_seconds": 1.9712098594754934, "innovation_std_sum": 488.0592381372001, "noise_marginal_std_sum": 570.6022822686002}
{"step": 130, "epoch": 3, "train_loss": 1.4761533508300781, "clip_fraction": 0.784, "gradient_norm_mean": 974.96328125, "gradient_norm_max": 7537.12353515625, "step_seconds": 2.0190445743501186, "innovation_std_sum": 488.0592381372001, "noise_marginal_std_sum": 570.6022822686002}
{"step": 140, "epoch": 3, "train_loss": 1.3498812255859376, "clip_fraction": 0.735, "gradient_norm_mean": 931.911359375, "gradient_norm_max": 5919.1025390625, "step_seconds": 1.9917513728141785, "innovation_std_sum": 488.0592381372001, "noise_marginal_std_sum": 570.6022822686002}
{"step": 150, "epoch": 3, "train_loss": 1.4170174560546875, "clip_fraction": 0.723, "gradient_norm_mean": 950.3896875, "gradient_norm_max": 5910.56103515625, "step_seconds": 1.9971048682928085, "innovation_std_sum": 488.0592381372001, "noise_marginal_std_sum": 570.6022822686002}
{"epoch": 3, "step": 150, "train_loss": 1.5018728985595704, "clip_fraction": 0.77548, "epsilon": 5.868262919898993, "accuracy": 0.7356, "validation_loss": 0.8934658340454101, "validation_examples": 10000}
{"step": 160, "epoch": 4, "train_loss": 1.282912139892578, "clip_fraction": 0.707, "gradient_norm_mean": 933.721203125, "gradient_norm_max": 6277.2314453125, "step_seconds": 1.9793570917099714, "innovation_std_sum": 488.0592381372001, "noise_marginal_std_sum": 570.6022822686002}
{"step": 170, "epoch": 4, "train_loss": 1.4320097961425782, "clip_fraction": 0.721, "gradient_norm_mean": 976.39025, "gradient_norm_max": 6656.15625, "step_seconds": 1.9772722739726305, "innovation_std_sum": 488.0592381372001, "noise_marginal_std_sum": 570.6022822686002}
{"step": 180, "epoch": 4, "train_loss": 1.4079125671386719, "clip_fraction": 0.707, "gradient_norm_mean": 977.97790625, "gradient_norm_max": 7217.50732421875, "step_seconds": 2.013166720047593, "innovation_std_sum": 488.0592381372001, "noise_marginal_std_sum": 570.6022822686002}
{"step": 190, "epoch": 4, "train_loss": 1.2483378295898437, "clip_fraction": 0.669, "gradient_norm_mean": 936.33153125, "gradient_norm_max": 5333.587890625, "step_seconds": 2.0076458249241114, "innovation_std_sum": 488.0592381372001, "noise_marginal_std_sum": 570.6022822686002}
{"step": 200, "epoch": 4, "train_loss": 1.3855542602539062, "clip_fraction": 0.695, "gradient_norm_mean": 995.231703125, "gradient_norm_max": 6050.72412109375, "step_seconds": 1.997536251321435, "innovation_std_sum": 488.0592381372001, "noise_marginal_std_sum": 570.6022822686002}
{"epoch": 4, "step": 200, "train_loss": 1.3574788317871094, "clip_fraction": 0.70564, "epsilon": 6.983019766523851, "accuracy": 0.7606, "validation_loss": 0.7957130722045899, "validation_examples": 10000}
{"step": 210, "epoch": 5, "train_loss": 1.2447164001464843, "clip_fraction": 0.668, "gradient_norm_mean": 916.45621875, "gradient_norm_max": 5255.91552734375, "step_seconds": 1.9741988871246576, "innovation_std_sum": 488.0592381372001, "noise_marginal_std_sum": 570.6022822686002}
{"step": 220, "epoch": 5, "train_loss": 1.428433807373047, "clip_fraction": 0.687, "gradient_norm_mean": 1018.69821875, "gradient_norm_max": 6669.85986328125, "step_seconds": 1.9757949113845825, "innovation_std_sum": 488.0592381372001, "noise_marginal_std_sum": 570.6022822686002}
{"step": 230, "epoch": 5, "train_loss": 1.1881574096679688, "clip_fraction": 0.644, "gradient_norm_mean": 912.430625, "gradient_norm_max": 7746.00146484375, "step_seconds": 1.9709526132792234, "innovation_std_sum": 488.0592381372001, "noise_marginal_std_sum": 570.6022822686002}
{"step": 240, "epoch": 5, "train_loss": 1.19675537109375, "clip_fraction": 0.645, "gradient_norm_mean": 966.094609375, "gradient_norm_max": 6184.51953125, "step_seconds": 1.9970436990261078, "innovation_std_sum": 488.0592381372001, "noise_marginal_std_sum": 570.6022822686002}
{"step": 250, "epoch": 5, "train_loss": 1.3868182983398438, "clip_fraction": 0.646, "gradient_norm_mean": 988.261796875, "gradient_norm_max": 5219.8974609375, "step_seconds": 2.00289311632514, "innovation_std_sum": 488.0592381372001, "noise_marginal_std_sum": 570.6022822686002}
{"epoch": 5, "step": 250, "train_loss": 1.2957375759887695, "clip_fraction": 0.6612, "epsilon": 8.000000000000005, "accuracy": 0.7784, "validation_loss": 0.7423910461425781, "validation_examples": 10000}
