/home/longt29/miniconda3/envs/curve/lib/python3.11/site-packages/torchvision/datasets/cifar.py:83: VisibleDeprecationWarning: dtype(): align should be passed as Python or NumPy boolean but got `align=0`. Did you mean to pass a tuple to create a subarray type? (Deprecated NumPy 2.4)
  entry = pickle.load(f, encoding="latin1")
sys:1: UserWarning: Full backward hook is firing when gradients are computed with respect to module outputs since no inputs require gradients. See https://docs.pytorch.org/docs/main/generated/torch.nn.Module.html#torch.nn.Module.register_full_backward_hook for more details.
{"step": 10, "epoch": 1, "train_loss": 4.47903564453125, "clip_fraction": 0.066, "gradient_norm_mean": 75.993423828125, "gradient_norm_max": 156.2661895751953, "step_seconds": 2.0670840982347727, "innovation_std_sum": 480.2677029195636, "noise_marginal_std_sum": 662.4392459832405}
{"step": 20, "epoch": 1, "train_loss": 4.1389552612304685, "clip_fraction": 0.471, "gradient_norm_mean": 101.69735546875, "gradient_norm_max": 204.0742950439453, "step_seconds": 2.195832649245858, "innovation_std_sum": 480.2677029195636, "noise_marginal_std_sum": 662.4392459832405}
{"step": 30, "epoch": 1, "train_loss": 3.6964818115234377, "clip_fraction": 0.907, "gradient_norm_mean": 138.49942578125, "gradient_norm_max": 424.51898193359375, "step_seconds": 2.206669734790921, "innovation_std_sum": 480.2677029195636, "noise_marginal_std_sum": 662.4392459832405}
{"step": 40, "epoch": 1, "train_loss": 3.291774108886719, "clip_fraction": 0.936, "gradient_norm_mean": 158.2232421875, "gradient_norm_max": 433.7671813964844, "step_seconds": 2.1914295442402363, "innovation_std_sum": 480.2677029195636, "noise_marginal_std_sum": 662.4392459832405}
{"epoch": 1, "step": 45, "train_loss": 3.976934130859375, "clip_fraction": 0.6503777777777778, "epsilon": 2.805247463992718, "accuracy": 0.3246, "validation_loss": 2.7131574096679687, "validation_examples": 5000}
{"step": 50, "epoch": 2, "train_loss": 2.8547906494140625, "clip_fraction": 0.901, "gradient_norm_mean": 162.78791015625, "gradient_norm_max": 571.3818359375, "step_seconds": 2.094148011878133, "innovation_std_sum": 480.2677029195636, "noise_marginal_std_sum": 662.4392459832405}
{"step": 60, "epoch": 2, "train_loss": 2.652661865234375, "clip_fraction": 0.869, "gradient_norm_mean": 161.89141796875, "gradient_norm_max": 495.0714111328125, "step_seconds": 2.124531712383032, "innovation_std_sum": 480.2677029195636, "noise_marginal_std_sum": 662.4392459832405}
{"step": 70, "epoch": 2, "train_loss": 2.3694640502929687, "clip_fraction": 0.819, "gradient_norm_mean": 156.888828125, "gradient_norm_max": 713.165283203125, "step_seconds": 2.136730020865798, "innovation_std_sum": 480.2677029195636, "noise_marginal_std_sum": 662.4392459832405}
{"step": 80, "epoch": 2, "train_loss": 2.3338776245117185, "clip_fraction": 0.817, "gradient_norm_mean": 162.5186171875, "gradient_norm_max": 568.200439453125, "step_seconds": 2.196138147264719, "innovation_std_sum": 480.2677029195636, "noise_marginal_std_sum": 662.4392459832405}
{"step": 90, "epoch": 2, "train_loss": 2.1569356689453123, "clip_fraction": 0.782, "gradient_norm_mean": 157.50278125, "gradient_norm_max": 751.2102661132812, "step_seconds": 2.1785394940525293, "innovation_std_sum": 480.2677029195636, "noise_marginal_std_sum": 662.4392459832405}
{"epoch": 2, "step": 90, "train_loss": 2.4978305189344616, "clip_fraction": 0.8410222222222222, "epsilon": 4.447471925552444, "accuracy": 0.5574, "validation_loss": 1.6702692749023438, "validation_examples": 5000}
{"step": 100, "epoch": 3, "train_loss": 1.9657907104492187, "clip_fraction": 0.741, "gradient_norm_mean": 150.88367578125, "gradient_norm_max": 608.474853515625, "step_seconds": 2.1305344253778458, "innovation_std_sum": 480.2677029195636, "noise_marginal_std_sum": 662.4392459832405}
{"step": 110, "epoch": 3, "train_loss": 1.910140869140625, "clip_fraction": 0.714, "gradient_norm_mean": 151.7808515625, "gradient_norm_max": 838.9813232421875, "step_seconds": 2.196250854060054, "innovation_std_sum": 480.2677029195636, "noise_marginal_std_sum": 662.4392459832405}
{"step": 120, "epoch": 3, "train_loss": 1.8446426391601562, "clip_fraction": 0.695, "gradient_norm_mean": 151.41249609375, "gradient_norm_max": 704.73486328125, "step_seconds": 2.205057403072715, "innovation_std_sum": 480.2677029195636, "noise_marginal_std_sum": 662.4392459832405}
{"step": 130, "epoch": 3, "train_loss": 1.785745574951172, "clip_fraction": 0.658, "gradient_norm_mean": 146.13772265625, "gradient_norm_max": 1010.29296875, "step_seconds": 2.223597662523389, "innovation_std_sum": 480.2677029195636, "noise_marginal_std_sum": 662.4392459832405}
{"epoch": 3, "step": 135, "train_loss": 1.9265583970811633, "clip_fraction": 0.7031333333333334, "epsilon": 5.779485746307642, "accuracy": 0.648, "validation_loss": 1.282991668701172, "validation_examples": 5000}
{"step": 140, "epoch": 4, "train_loss": 1.7292280883789062, "clip_fraction": 0.634, "gradient_norm_mean": 140.02991015625, "gradient_norm_max": 735.1277465820312, "step_seconds": 2.1060588639229536, "innovation_std_sum": 480.2677029195636, "noise_marginal_std_sum": 662.4392459832405}
{"step": 150, "epoch": 4, "train_loss": 1.7116144104003905, "clip_fraction": 0.628, "gradient_norm_mean": 145.5623203125, "gradient_norm_max": 941.7398681640625, "step_seconds": 2.204860681667924, "innovation_std_sum": 480.2677029195636, "noise_marginal_std_sum": 662.4392459832405}
{"step": 160, "epoch": 4, "train_loss": 1.6994015197753907, "clip_fraction": 0.605, "gradient_norm_mean": 144.93344921875, "gradient_norm_max": 758.4970703125, "step_seconds": 2.195025099441409, "innovation_std_sum": 480.2677029195636, "noise_marginal_std_sum": 662.4392459832405}
{"step": 170, "epoch": 4, "train_loss": 1.630910400390625, "clip_fraction": 0.596, "gradient_norm_mean": 137.5311796875, "gradient_norm_max": 722.3013916015625, "step_seconds": 2.2081747110933065, "innovation_std_sum": 480.2677029195636, "noise_marginal_std_sum": 662.4392459832405}
{"step": 180, "epoch": 4, "train_loss": 1.592156005859375, "clip_fraction": 0.597, "gradient_norm_mean": 138.3278828125, "gradient_norm_max": 747.5617065429688, "step_seconds": 2.232366096228361, "innovation_std_sum": 480.2677029195636, "noise_marginal_std_sum": 662.4392459832405}
{"epoch": 4, "step": 180, "train_loss": 1.6828600728352865, "clip_fraction": 0.6226222222222222, "epsilon": 6.943065470652319, "accuracy": 0.6914, "validation_loss": 1.0936342620849608, "validation_examples": 5000}
{"step": 190, "epoch": 5, "train_loss": 1.5373748474121094, "clip_fraction": 0.581, "gradient_norm_mean": 138.89222265625, "gradient_norm_max": 622.494384765625, "step_seconds": 2.1448888909071684, "innovation_std_sum": 480.2677029195636, "noise_marginal_std_sum": 662.4392459832405}
{"step": 200, "epoch": 5, "train_loss": 1.5802221374511718, "clip_fraction": 0.597, "gradient_norm_mean": 141.7061796875, "gradient_norm_max": 618.628173828125, "step_seconds": 2.16356080211699, "innovation_std_sum": 480.2677029195636, "noise_marginal_std_sum": 662.4392459832405}
{"step": 210, "epoch": 5, "train_loss": 1.5714667663574218, "clip_fraction": 0.568, "gradient_norm_mean": 137.987375, "gradient_norm_max": 649.6495361328125, "step_seconds": 2.2351830173283815, "innovation_std_sum": 480.2677029195636, "noise_marginal_std_sum": 662.4392459832405}
{"step": 220, "epoch": 5, "train_loss": 1.5052146911621094, "clip_fraction": 0.567, "gradient_norm_mean": 140.70726171875, "gradient_norm_max": 768.9061279296875, "step_seconds": 2.226638173684478, "innovation_std_sum": 480.2677029195636, "noise_marginal_std_sum": 662.4392459832405}
{"epoch": 5, "step": 225, "train_loss": 1.5380254245334202, "clip_fraction": 0.58, "epsilon": 8.000000000000005, "accuracy": 0.7144, "validation_loss": 0.990868408203125, "validation_examples": 5000}
