/home/longt29/miniconda3/envs/curve/lib/python3.11/site-packages/torchvision/datasets/cifar.py:83: VisibleDeprecationWarning: dtype(): align should be passed as Python or NumPy boolean but got `align=0`. Did you mean to pass a tuple to create a subarray type? (Deprecated NumPy 2.4)
  entry = pickle.load(f, encoding="latin1")
{"method": "dp-adam-momentum-bias-bandinvmf-scale", "smoke": false, "calibration": {"target_mu": 1.6660305978457184, "sensitivity": 4.065608121489227, "innovation_std_sum": 244.02961906860006, "adjacency": "add_remove_zero_out", "k": 5, "b_participation": 50, "sampling_amplification": false}, "coefficients": [1.0, -0.53161943769869, -0.0779998119461293, -0.2795535556950146]}
sys:1: UserWarning: Full backward hook is firing when gradients are computed with respect to module outputs since no inputs require gradients. See https://docs.pytorch.org/docs/main/generated/torch.nn.Module.html#torch.nn.Module.register_full_backward_hook for more details.
{"progress_step": 10, "epoch": 1, "train_loss_so_far": 4.656047290039062, "clip_fraction_so_far": 1.0}
{"progress_step": 20, "epoch": 1, "train_loss_so_far": 4.367055621337891, "clip_fraction_so_far": 1.0}
{"progress_step": 30, "epoch": 1, "train_loss_so_far": 4.103504345703125, "clip_fraction_so_far": 0.9997666666666667}
{"progress_step": 40, "epoch": 1, "train_loss_so_far": 3.884603727722168, "clip_fraction_so_far": 0.9988}
{"progress_step": 50, "epoch": 1, "train_loss_so_far": 3.703125224609375, "clip_fraction_so_far": 0.9971}
{"epoch": 1, "logical_steps": 50, "train_examples": 50000, "train_loss": 3.703125224609375, "test_loss": 2.472746881103516, "test_top1": 0.3455, "clip_fraction": 0.9971, "gdp_mu": 0.7271304784322894, "gdp_epsilon": 3.037976902428691, "target_mu": 1.6660305978457184, "target_epsilon": 8.0, "delta": 1e-05, "noise_std": 0.2853011411343001, "noise_std_space": "scaled", "innovation_std_sum": 244.02961906860006, "augmentation_trace_sha256": "d63da21bdb0b5208efde32fe6efd500a1dd8422cf2de8538c5d20df0af3afa1c", "seconds": 148.63347529247403}
{"progress_step": 60, "epoch": 2, "train_loss_so_far": 2.7581876037597657, "clip_fraction_so_far": 0.981}
{"progress_step": 70, "epoch": 2, "train_loss_so_far": 2.692256832885742, "clip_fraction_so_far": 0.97435}
{"progress_step": 80, "epoch": 2, "train_loss_so_far": 2.612665555826823, "clip_fraction_so_far": 0.9669666666666666}
{"progress_step": 90, "epoch": 2, "train_loss_so_far": 2.5524394424438475, "clip_fraction_so_far": 0.9602}
{"progress_step": 100, "epoch": 2, "train_loss_so_far": 2.494722282714844, "clip_fraction_so_far": 0.95308}
{"epoch": 2, "logical_steps": 100, "train_examples": 50000, "train_loss": 2.494722282714844, "test_loss": 1.7916047332763672, "test_top1": 0.5029, "clip_fraction": 0.95308, "gdp_mu": 1.0438331619280494, "gdp_epsilon": 4.600416946348178, "target_mu": 1.6660305978457184, "target_epsilon": 8.0, "delta": 1e-05, "noise_std": 0.2853011411343001, "noise_std_space": "scaled", "innovation_std_sum": 244.02961906860006, "augmentation_trace_sha256": "eba11842858511941e69682cb3174b7d5e6fd73ab7d8425892c6d4fc55cf418b", "seconds": 132.50727378763258}
{"progress_step": 110, "epoch": 3, "train_loss_so_far": 2.1874459197998046, "clip_fraction_so_far": 0.9155}
{"progress_step": 120, "epoch": 3, "train_loss_so_far": 2.1720596786499025, "clip_fraction_so_far": 0.9098}
{"progress_step": 130, "epoch": 3, "train_loss_so_far": 2.1427986216227213, "clip_fraction_so_far": 0.9020666666666667}
{"progress_step": 140, "epoch": 3, "train_loss_so_far": 2.1198093002319336, "clip_fraction_so_far": 0.897375}
{"progress_step": 150, "epoch": 3, "train_loss_so_far": 2.098945142211914, "clip_fraction_so_far": 0.89214}
{"epoch": 3, "logical_steps": 150, "train_examples": 50000, "train_loss": 2.098945142211914, "test_loss": 1.5144595642089844, "test_top1": 0.5838, "clip_fraction": 0.89214, "gdp_mu": 1.2851399415460758, "gdp_epsilon": 5.868262919898993, "target_mu": 1.6660305978457184, "target_epsilon": 8.0, "delta": 1e-05, "noise_std": 0.2853011411343001, "noise_std_space": "scaled", "innovation_std_sum": 244.02961906860006, "augmentation_trace_sha256": "f4ab582ea37ff08d6c3ec209d5c76a6a59fcdd228971935ccfe60255636fc688", "seconds": 128.99696078151464}
{"progress_step": 160, "epoch": 4, "train_loss_so_far": 1.988239761352539, "clip_fraction_so_far": 0.857}
{"progress_step": 170, "epoch": 4, "train_loss_so_far": 1.9835034378051757, "clip_fraction_so_far": 0.8553}
{"progress_step": 180, "epoch": 4, "train_loss_so_far": 1.9605353444417317, "clip_fraction_so_far": 0.8488666666666667}
{"progress_step": 190, "epoch": 4, "train_loss_so_far": 1.9495540214538574, "clip_fraction_so_far": 0.84445}
{"progress_step": 200, "epoch": 4, "train_loss_so_far": 1.939618226928711, "clip_fraction_so_far": 0.84144}
{"epoch": 4, "logical_steps": 200, "train_examples": 50000, "train_loss": 1.939618226928711, "test_loss": 1.4087429748535156, "test_top1": 0.6096, "clip_fraction": 0.84144, "gdp_mu": 1.4878241288541523, "gdp_epsilon": 6.983019766523851, "target_mu": 1.6660305978457184, "target_epsilon": 8.0, "delta": 1e-05, "noise_std": 0.2853011411343001, "noise_std_space": "scaled", "innovation_std_sum": 244.02961906860006, "augmentation_trace_sha256": "eeab75a2450d737b335b1b301c8415d8e4847a2415b1acc4f6665e5915aa923a", "seconds": 132.75244704075158}
{"progress_step": 210, "epoch": 5, "train_loss_so_far": 1.906351431274414, "clip_fraction_so_far": 0.8233}
{"progress_step": 220, "epoch": 5, "train_loss_so_far": 1.8938766067504882, "clip_fraction_so_far": 0.8199}
{"progress_step": 230, "epoch": 5, "train_loss_so_far": 1.880336680094401, "clip_fraction_so_far": 0.8168666666666666}
{"progress_step": 240, "epoch": 5, "train_loss_so_far": 1.878243741607666, "clip_fraction_so_far": 0.813875}
{"progress_step": 250, "epoch": 5, "train_loss_so_far": 1.8733413879394532, "clip_fraction_so_far": 0.81202}
{"epoch": 5, "logical_steps": 250, "train_examples": 50000, "train_loss": 1.8733413879394532, "test_loss": 1.36815126953125, "test_top1": 0.6284, "clip_fraction": 0.81202, "gdp_mu": 1.6660305978457184, "gdp_epsilon": 8.000000000000005, "target_mu": 1.6660305978457184, "target_epsilon": 8.0, "delta": 1e-05, "noise_std": 0.2853011411343001, "noise_std_space": "scaled", "innovation_std_sum": 244.02961906860006, "augmentation_trace_sha256": "41f1cb58f0307df20ce87cfb313693105a3d89f587b34546eb06562652fb22c3", "seconds": 130.2379304524511}
{"status": "completed", "results": "/media/data/data/lt/dp-adam-correlated/exp7b/results/search/trials/1f785c230b8ddffd"}
