Loading weights:   0%|          | 0/39 [00:00<?, ?it/s]Loading weights: 100%|██████████| 39/39 [00:00<00:00, 7726.87it/s]
[transformers] [1mBertModel LOAD REPORT[0m from: /media/data/data/lt/dp-adam-correlated/cache/bert-tiny
Key                                        | Status     |  | 
-------------------------------------------+------------+--+-
cls.predictions.decoder.weight             | UNEXPECTED |  | 
cls.predictions.transform.dense.weight     | UNEXPECTED |  | 
cls.seq_relationship.weight                | UNEXPECTED |  | 
cls.predictions.transform.LayerNorm.bias   | UNEXPECTED |  | 
cls.predictions.decoder.bias               | UNEXPECTED |  | 
cls.predictions.bias                       | UNEXPECTED |  | 
cls.seq_relationship.bias                  | UNEXPECTED |  | 
cls.predictions.transform.dense.bias       | UNEXPECTED |  | 
cls.predictions.transform.LayerNorm.weight | UNEXPECTED |  | 

Notes:
- UNEXPECTED:	can be ignored when loading from different task/architecture; not ok if you expect identical arch.
sys:1: UserWarning: Full backward hook is firing when gradients are computed with respect to module outputs since no inputs require gradients. See https://docs.pytorch.org/docs/main/generated/torch.nn.Module.html#torch.nn.Module.register_full_backward_hook for more details.
{"step": 10, "epoch": 1, "train_loss": 0.7957254028320313, "clip_fraction": 0.521, "gradient_norm_mean": 357.44040625, "gradient_norm_max": 953.0479125976562, "step_seconds": 0.1302188765257597, "innovation_std_sum": 524.3314812944466, "noise_marginal_std_sum": 723.2169662929463}
{"step": 20, "epoch": 1, "train_loss": 0.7634804077148437, "clip_fraction": 0.717, "gradient_norm_mean": 733.5085625, "gradient_norm_max": 2599.665771484375, "step_seconds": 0.2708408311009407, "innovation_std_sum": 524.3314812944466, "noise_marginal_std_sum": 723.2169662929463}
{"step": 30, "epoch": 1, "train_loss": 0.702111328125, "clip_fraction": 0.647, "gradient_norm_mean": 1153.4005, "gradient_norm_max": 5385.205078125, "step_seconds": 0.26337848603725433, "innovation_std_sum": 524.3314812944466, "noise_marginal_std_sum": 723.2169662929463}
{"step": 40, "epoch": 1, "train_loss": 0.8675602416992187, "clip_fraction": 0.494, "gradient_norm_mean": 1562.125625, "gradient_norm_max": 11657.5703125, "step_seconds": 0.26997130550444126, "innovation_std_sum": 524.3314812944466, "noise_marginal_std_sum": 723.2169662929463}
{"step": 50, "epoch": 1, "train_loss": 0.7583080444335938, "clip_fraction": 0.457, "gradient_norm_mean": 1338.792, "gradient_norm_max": 13773.55078125, "step_seconds": 0.2711299918591976, "innovation_std_sum": 524.3314812944466, "noise_marginal_std_sum": 723.2169662929463}
{"step": 60, "epoch": 1, "train_loss": 0.65043798828125, "clip_fraction": 0.431, "gradient_norm_mean": 1108.859875, "gradient_norm_max": 11097.1171875, "step_seconds": 0.18700133077800274, "innovation_std_sum": 524.3314812944466, "noise_marginal_std_sum": 723.2169662929463}
{"epoch": 1, "step": 62, "train_loss": 0.7394394777359501, "clip_fraction": 0.5900645161290322, "epsilon": 5.668975774097166, "accuracy": 0.7660550458715596, "validation_loss": 0.7516935199772546, "validation_examples": 872}
{"step": 70, "epoch": 2, "train_loss": 0.6164801025390625, "clip_fraction": 0.437, "gradient_norm_mean": 1035.6005, "gradient_norm_max": 11062.4609375, "step_seconds": 0.27115888707339764, "innovation_std_sum": 524.3314812944466, "noise_marginal_std_sum": 723.2169662929463}
{"step": 80, "epoch": 2, "train_loss": 0.639570556640625, "clip_fraction": 0.41, "gradient_norm_mean": 1000.5315625, "gradient_norm_max": 11639.6806640625, "step_seconds": 0.1621063780039549, "innovation_std_sum": 524.3314812944466, "noise_marginal_std_sum": 723.2169662929463}
{"step": 90, "epoch": 2, "train_loss": 0.5846112060546875, "clip_fraction": 0.385, "gradient_norm_mean": 920.38625, "gradient_norm_max": 9337.720703125, "step_seconds": 0.13194463402032852, "innovation_std_sum": 524.3314812944466, "noise_marginal_std_sum": 723.2169662929463}
{"step": 100, "epoch": 2, "train_loss": 0.6054197387695313, "clip_fraction": 0.383, "gradient_norm_mean": 994.2158125, "gradient_norm_max": 12731.951171875, "step_seconds": 0.2681933119893074, "innovation_std_sum": 524.3314812944466, "noise_marginal_std_sum": 723.2169662929463}
{"step": 110, "epoch": 2, "train_loss": 0.5175811767578125, "clip_fraction": 0.354, "gradient_norm_mean": 865.6161875, "gradient_norm_max": 11802.79296875, "step_seconds": 0.2702660448849201, "innovation_std_sum": 524.3314812944466, "noise_marginal_std_sum": 723.2169662929463}
{"step": 120, "epoch": 2, "train_loss": 0.5722413330078125, "clip_fraction": 0.355, "gradient_norm_mean": 871.239, "gradient_norm_max": 11593.38671875, "step_seconds": 0.2699072230607271, "innovation_std_sum": 524.3314812944466, "noise_marginal_std_sum": 723.2169662929463}
{"epoch": 2, "step": 124, "train_loss": 0.6062680211221018, "clip_fraction": 0.38751612903225807, "epsilon": 8.840441430354401, "accuracy": 0.7729357798165137, "validation_loss": 0.7001270022960978, "validation_examples": 872}
{"step": 130, "epoch": 3, "train_loss": 0.5789844360351563, "clip_fraction": 0.37, "gradient_norm_mean": 856.1803125, "gradient_norm_max": 19283.859375, "step_seconds": 0.27101961709558964, "innovation_std_sum": 524.3314812944466, "noise_marginal_std_sum": 723.2169662929463}
{"step": 140, "epoch": 3, "train_loss": 0.561484375, "clip_fraction": 0.325, "gradient_norm_mean": 826.4950625, "gradient_norm_max": 13852.7109375, "step_seconds": 0.2713845744729042, "innovation_std_sum": 524.3314812944466, "noise_marginal_std_sum": 723.2169662929463}
{"step": 150, "epoch": 3, "train_loss": 0.5616611938476562, "clip_fraction": 0.327, "gradient_norm_mean": 896.882125, "gradient_norm_max": 12079.96484375, "step_seconds": 0.27401749044656754, "innovation_std_sum": 524.3314812944466, "noise_marginal_std_sum": 723.2169662929463}
{"step": 160, "epoch": 3, "train_loss": 0.5398912353515625, "clip_fraction": 0.323, "gradient_norm_mean": 851.0505, "gradient_norm_max": 15249.3046875, "step_seconds": 0.2732559144496918, "innovation_std_sum": 524.3314812944466, "noise_marginal_std_sum": 723.2169662929463}
{"step": 170, "epoch": 3, "train_loss": 0.5734212646484375, "clip_fraction": 0.329, "gradient_norm_mean": 864.8590625, "gradient_norm_max": 17876.431640625, "step_seconds": 0.2743172626942396, "innovation_std_sum": 524.3314812944466, "noise_marginal_std_sum": 723.2169662929463}
{"step": 180, "epoch": 3, "train_loss": 0.5090631713867187, "clip_fraction": 0.295, "gradient_norm_mean": 706.0393125, "gradient_norm_max": 16407.634765625, "step_seconds": 0.269263856112957, "innovation_std_sum": 524.3314812944466, "noise_marginal_std_sum": 723.2169662929463}
{"epoch": 3, "step": 186, "train_loss": 0.5447675097065587, "clip_fraction": 0.31975806451612904, "epsilon": 11.473280419145594, "accuracy": 0.7844036697247706, "validation_loss": 0.6814673887480289, "validation_examples": 872}
{"step": 190, "epoch": 4, "train_loss": 0.547931884765625, "clip_fraction": 0.308, "gradient_norm_mean": 792.67975, "gradient_norm_max": 14246.9638671875, "step_seconds": 0.27158545330166817, "innovation_std_sum": 524.3314812944466, "noise_marginal_std_sum": 723.2169662929463}
{"step": 200, "epoch": 4, "train_loss": 0.5309725952148437, "clip_fraction": 0.296, "gradient_norm_mean": 767.008, "gradient_norm_max": 15111.8447265625, "step_seconds": 0.27062042616307735, "innovation_std_sum": 524.3314812944466, "noise_marginal_std_sum": 723.2169662929463}
{"step": 210, "epoch": 4, "train_loss": 0.4765128173828125, "clip_fraction": 0.27, "gradient_norm_mean": 781.133625, "gradient_norm_max": 15268.4970703125, "step_seconds": 0.26977664045989513, "innovation_std_sum": 524.3314812944466, "noise_marginal_std_sum": 723.2169662929463}
{"step": 220, "epoch": 4, "train_loss": 0.5401036987304687, "clip_fraction": 0.283, "gradient_norm_mean": 807.7394375, "gradient_norm_max": 16384.73046875, "step_seconds": 0.2688481342047453, "innovation_std_sum": 524.3314812944466, "noise_marginal_std_sum": 723.2169662929463}
{"step": 230, "epoch": 4, "train_loss": 0.48494439697265623, "clip_fraction": 0.282, "gradient_norm_mean": 680.628625, "gradient_norm_max": 15888.9921875, "step_seconds": 0.2763009909540415, "innovation_std_sum": 524.3314812944466, "noise_marginal_std_sum": 723.2169662929463}
{"step": 240, "epoch": 4, "train_loss": 0.549732421875, "clip_fraction": 0.303, "gradient_norm_mean": 866.9423125, "gradient_norm_max": 16455.990234375, "step_seconds": 0.13725026324391365, "innovation_std_sum": 524.3314812944466, "noise_marginal_std_sum": 723.2169662929463}
{"epoch": 4, "step": 248, "train_loss": 0.5084129525461505, "clip_fraction": 0.2808709677419355, "epsilon": 13.825690185222754, "accuracy": 0.7809633027522935, "validation_loss": 0.6756831921568704, "validation_examples": 872}
{"step": 250, "epoch": 5, "train_loss": 0.5373084106445313, "clip_fraction": 0.265, "gradient_norm_mean": 709.152125, "gradient_norm_max": 20357.763671875, "step_seconds": 0.2764584217220545, "innovation_std_sum": 524.3314812944466, "noise_marginal_std_sum": 723.2169662929463}
{"step": 260, "epoch": 5, "train_loss": 0.5012491455078125, "clip_fraction": 0.273, "gradient_norm_mean": 636.98475, "gradient_norm_max": 15192.1982421875, "step_seconds": 0.27579079754650593, "innovation_std_sum": 524.3314812944466, "noise_marginal_std_sum": 723.2169662929463}
{"step": 270, "epoch": 5, "train_loss": 0.573719970703125, "clip_fraction": 0.276, "gradient_norm_mean": 815.87725, "gradient_norm_max": 18541.322265625, "step_seconds": 0.26931897550821304, "innovation_std_sum": 524.3314812944466, "noise_marginal_std_sum": 723.2169662929463}
{"step": 280, "epoch": 5, "train_loss": 0.5347982788085938, "clip_fraction": 0.266, "gradient_norm_mean": 797.7185, "gradient_norm_max": 17210.953125, "step_seconds": 0.27783253602683544, "innovation_std_sum": 524.3314812944466, "noise_marginal_std_sum": 723.2169662929463}
{"step": 290, "epoch": 5, "train_loss": 0.43921807861328127, "clip_fraction": 0.239, "gradient_norm_mean": 717.024625, "gradient_norm_max": 21366.53125, "step_seconds": 0.2725728563964367, "innovation_std_sum": 524.3314812944466, "noise_marginal_std_sum": 723.2169662929463}
{"step": 300, "epoch": 5, "train_loss": 0.43209194946289065, "clip_fraction": 0.226, "gradient_norm_mean": 660.303875, "gradient_norm_max": 16120.2626953125, "step_seconds": 0.2754100151360035, "innovation_std_sum": 524.3314812944466, "noise_marginal_std_sum": 723.2169662929463}
{"step": 310, "epoch": 5, "train_loss": 0.5125009155273438, "clip_fraction": 0.271, "gradient_norm_mean": 812.646375, "gradient_norm_max": 13866.05078125, "step_seconds": 0.27408182993531227, "innovation_std_sum": 524.3314812944466, "noise_marginal_std_sum": 723.2169662929463}
{"epoch": 5, "step": 310, "train_loss": 0.49514705928679437, "clip_fraction": 0.25964516129032256, "epsilon": 16.000000000000018, "accuracy": 0.7958715596330275, "validation_loss": 0.6466419674934597, "validation_examples": 872}
