Loading weights:   0%|          | 0/39 [00:00<?, ?it/s]Loading weights: 100%|██████████| 39/39 [00:00<00:00, 18802.05it/s]
[transformers] [1mBertModel LOAD REPORT[0m from: /media/data/data/lt/dp-adam-correlated/cache/bert-tiny
Key                                        | Status     |  | 
-------------------------------------------+------------+--+-
cls.predictions.decoder.weight             | UNEXPECTED |  | 
cls.predictions.transform.dense.weight     | UNEXPECTED |  | 
cls.predictions.bias                       | UNEXPECTED |  | 
cls.seq_relationship.bias                  | UNEXPECTED |  | 
cls.predictions.transform.dense.bias       | UNEXPECTED |  | 
cls.predictions.transform.LayerNorm.bias   | UNEXPECTED |  | 
cls.predictions.transform.LayerNorm.weight | UNEXPECTED |  | 
cls.predictions.decoder.bias               | UNEXPECTED |  | 
cls.seq_relationship.weight                | UNEXPECTED |  | 

Notes:
- UNEXPECTED:	can be ignored when loading from different task/architecture; not ok if you expect identical arch.
sys:1: UserWarning: Full backward hook is firing when gradients are computed with respect to module outputs since no inputs require gradients. See https://docs.pytorch.org/docs/main/generated/torch.nn.Module.html#torch.nn.Module.register_full_backward_hook for more details.
{"step": 10, "epoch": 1, "train_loss": 0.6928020629882813, "clip_fraction": 0.0, "gradient_norm_mean": 7.580251953125, "gradient_norm_max": 14.559704780578613, "step_seconds": 0.12767536379396915, "innovation_std_sum": 50.227445158855346, "noise_marginal_std_sum": 58.66324369556456}
{"step": 20, "epoch": 1, "train_loss": 0.6484559326171875, "clip_fraction": 0.0, "gradient_norm_mean": 9.550916015625, "gradient_norm_max": 16.7052059173584, "step_seconds": 0.1262111086398363, "innovation_std_sum": 50.227445158855346, "noise_marginal_std_sum": 58.66324369556456}
{"step": 30, "epoch": 1, "train_loss": 0.6223741455078124, "clip_fraction": 0.311, "gradient_norm_mean": 16.54423046875, "gradient_norm_max": 49.571556091308594, "step_seconds": 0.12693524174392223, "innovation_std_sum": 50.227445158855346, "noise_marginal_std_sum": 58.66324369556456}
{"step": 40, "epoch": 1, "train_loss": 0.557116455078125, "clip_fraction": 0.485, "gradient_norm_mean": 23.11363671875, "gradient_norm_max": 122.34664916992188, "step_seconds": 0.18441003561019897, "innovation_std_sum": 50.227445158855346, "noise_marginal_std_sum": 58.66324369556456}
{"step": 50, "epoch": 1, "train_loss": 0.587650146484375, "clip_fraction": 0.492, "gradient_norm_mean": 32.497740234375, "gradient_norm_max": 158.5503692626953, "step_seconds": 0.26523393392562866, "innovation_std_sum": 50.227445158855346, "noise_marginal_std_sum": 58.66324369556456}
{"step": 60, "epoch": 1, "train_loss": 0.5710933837890625, "clip_fraction": 0.428, "gradient_norm_mean": 35.6469609375, "gradient_norm_max": 235.69015502929688, "step_seconds": 0.26567478105425835, "innovation_std_sum": 50.227445158855346, "noise_marginal_std_sum": 58.66324369556456}
{"epoch": 1, "step": 62, "train_loss": 0.6200726229759954, "clip_fraction": 0.25348387096774194, "epsilon": 3.054089440266451, "accuracy": 0.7373853211009175, "validation_loss": 0.6438791598748723, "validation_examples": 872}
{"step": 70, "epoch": 2, "train_loss": 0.6095263061523437, "clip_fraction": 0.424, "gradient_norm_mean": 34.2692890625, "gradient_norm_max": 227.61199951171875, "step_seconds": 0.26866368390619755, "innovation_std_sum": 50.227445158855346, "noise_marginal_std_sum": 58.66324369556456}
{"step": 80, "epoch": 2, "train_loss": 0.5549852294921875, "clip_fraction": 0.406, "gradient_norm_mean": 34.84274609375, "gradient_norm_max": 267.95550537109375, "step_seconds": 0.26880943961441517, "innovation_std_sum": 50.227445158855346, "noise_marginal_std_sum": 58.66324369556456}
{"step": 90, "epoch": 2, "train_loss": 0.5451331787109375, "clip_fraction": 0.37, "gradient_norm_mean": 31.76283984375, "gradient_norm_max": 268.3580322265625, "step_seconds": 0.2731733210384846, "innovation_std_sum": 50.227445158855346, "noise_marginal_std_sum": 58.66324369556456}
{"step": 100, "epoch": 2, "train_loss": 0.5265303955078126, "clip_fraction": 0.363, "gradient_norm_mean": 32.481111328125, "gradient_norm_max": 272.682373046875, "step_seconds": 0.26685624942183495, "innovation_std_sum": 50.227445158855346, "noise_marginal_std_sum": 58.66324369556456}
{"step": 110, "epoch": 2, "train_loss": 0.5552022705078125, "clip_fraction": 0.355, "gradient_norm_mean": 32.591111328125, "gradient_norm_max": 284.31134033203125, "step_seconds": 0.2697673887014389, "innovation_std_sum": 50.227445158855346, "noise_marginal_std_sum": 58.66324369556456}
{"step": 120, "epoch": 2, "train_loss": 0.525319091796875, "clip_fraction": 0.338, "gradient_norm_mean": 29.789947265625, "gradient_norm_max": 293.0249938964844, "step_seconds": 0.2652546055614948, "innovation_std_sum": 50.227445158855346, "noise_marginal_std_sum": 58.66324369556456}
{"epoch": 2, "step": 124, "train_loss": 0.5355469429262223, "clip_fraction": 0.37406451612903224, "epsilon": 4.610238743691153, "accuracy": 0.7580275229357798, "validation_loss": 0.5742741856006307, "validation_examples": 872}
{"step": 130, "epoch": 3, "train_loss": 0.534890869140625, "clip_fraction": 0.352, "gradient_norm_mean": 32.9061640625, "gradient_norm_max": 313.4455261230469, "step_seconds": 0.13073965720832348, "innovation_std_sum": 50.227445158855346, "noise_marginal_std_sum": 58.66324369556456}
{"step": 140, "epoch": 3, "train_loss": 0.540145751953125, "clip_fraction": 0.339, "gradient_norm_mean": 31.218361328125, "gradient_norm_max": 362.5411682128906, "step_seconds": 0.26822194643318653, "innovation_std_sum": 50.227445158855346, "noise_marginal_std_sum": 58.66324369556456}
{"step": 150, "epoch": 3, "train_loss": 0.48438555908203124, "clip_fraction": 0.314, "gradient_norm_mean": 27.843779296875, "gradient_norm_max": 294.27886962890625, "step_seconds": 0.2610319312661886, "innovation_std_sum": 50.227445158855346, "noise_marginal_std_sum": 58.66324369556456}
{"step": 160, "epoch": 3, "train_loss": 0.479895751953125, "clip_fraction": 0.29, "gradient_norm_mean": 25.27650390625, "gradient_norm_max": 345.0084533691406, "step_seconds": 0.27300638146698475, "innovation_std_sum": 50.227445158855346, "noise_marginal_std_sum": 58.66324369556456}
{"step": 170, "epoch": 3, "train_loss": 0.4180343017578125, "clip_fraction": 0.298, "gradient_norm_mean": 27.70966796875, "gradient_norm_max": 367.4007873535156, "step_seconds": 0.26941441372036934, "innovation_std_sum": 50.227445158855346, "noise_marginal_std_sum": 58.66324369556456}
{"step": 180, "epoch": 3, "train_loss": 0.4837926025390625, "clip_fraction": 0.312, "gradient_norm_mean": 27.80317578125, "gradient_norm_max": 338.8759460449219, "step_seconds": 0.270612895488739, "innovation_std_sum": 50.227445158855346, "noise_marginal_std_sum": 58.66324369556456}
{"epoch": 3, "step": 186, "train_loss": 0.4836019498763546, "clip_fraction": 0.3106451612903226, "epsilon": 5.873890881586911, "accuracy": 0.7672018348623854, "validation_loss": 0.5639393307747097, "validation_examples": 872}
{"step": 190, "epoch": 4, "train_loss": 0.5026991577148437, "clip_fraction": 0.313, "gradient_norm_mean": 29.990740234375, "gradient_norm_max": 354.79888916015625, "step_seconds": 0.2719935420900583, "innovation_std_sum": 50.227445158855346, "noise_marginal_std_sum": 58.66324369556456}
{"step": 200, "epoch": 4, "train_loss": 0.42575836181640625, "clip_fraction": 0.264, "gradient_norm_mean": 24.40248828125, "gradient_norm_max": 378.5395812988281, "step_seconds": 0.27226224541664124, "innovation_std_sum": 50.227445158855346, "noise_marginal_std_sum": 58.66324369556456}
{"step": 210, "epoch": 4, "train_loss": 0.48608642578125, "clip_fraction": 0.296, "gradient_norm_mean": 27.30320703125, "gradient_norm_max": 397.5143127441406, "step_seconds": 0.2740044370293617, "innovation_std_sum": 50.227445158855346, "noise_marginal_std_sum": 58.66324369556456}
{"step": 220, "epoch": 4, "train_loss": 0.4492872009277344, "clip_fraction": 0.274, "gradient_norm_mean": 26.5328203125, "gradient_norm_max": 380.8072814941406, "step_seconds": 0.2749434616416693, "innovation_std_sum": 50.227445158855346, "noise_marginal_std_sum": 58.66324369556456}
{"step": 230, "epoch": 4, "train_loss": 0.39751992797851565, "clip_fraction": 0.258, "gradient_norm_mean": 24.084771484375, "gradient_norm_max": 373.3741455078125, "step_seconds": 0.2595662288367748, "innovation_std_sum": 50.227445158855346, "noise_marginal_std_sum": 58.66324369556456}
{"step": 240, "epoch": 4, "train_loss": 0.4737078857421875, "clip_fraction": 0.295, "gradient_norm_mean": 28.58140234375, "gradient_norm_max": 391.265869140625, "step_seconds": 0.2701182533055544, "innovation_std_sum": 50.227445158855346, "noise_marginal_std_sum": 58.66324369556456}
{"epoch": 4, "step": 248, "train_loss": 0.4560289109753024, "clip_fraction": 0.2773709677419355, "epsilon": 6.985551657770655, "accuracy": 0.7626146788990825, "validation_loss": 0.5686584262672915, "validation_examples": 872}
{"step": 250, "epoch": 5, "train_loss": 0.4683656616210938, "clip_fraction": 0.281, "gradient_norm_mean": 24.864060546875, "gradient_norm_max": 355.951171875, "step_seconds": 0.268465967848897, "innovation_std_sum": 50.227445158855346, "noise_marginal_std_sum": 58.66324369556456}
{"step": 260, "epoch": 5, "train_loss": 0.42296197509765626, "clip_fraction": 0.249, "gradient_norm_mean": 25.619693359375, "gradient_norm_max": 433.35015869140625, "step_seconds": 0.2690596841275692, "innovation_std_sum": 50.227445158855346, "noise_marginal_std_sum": 58.66324369556456}
{"step": 270, "epoch": 5, "train_loss": 0.45606060791015623, "clip_fraction": 0.243, "gradient_norm_mean": 24.5153359375, "gradient_norm_max": 353.2623596191406, "step_seconds": 0.27388783544301987, "innovation_std_sum": 50.227445158855346, "noise_marginal_std_sum": 58.66324369556456}
{"step": 280, "epoch": 5, "train_loss": 0.4402104187011719, "clip_fraction": 0.263, "gradient_norm_mean": 25.739484375, "gradient_norm_max": 413.0323181152344, "step_seconds": 0.2736990135163069, "innovation_std_sum": 50.227445158855346, "noise_marginal_std_sum": 58.66324369556456}
{"step": 290, "epoch": 5, "train_loss": 0.45350030517578127, "clip_fraction": 0.257, "gradient_norm_mean": 23.1341015625, "gradient_norm_max": 372.4518127441406, "step_seconds": 0.27317142114043236, "innovation_std_sum": 50.227445158855346, "noise_marginal_std_sum": 58.66324369556456}
{"step": 300, "epoch": 5, "train_loss": 0.44232113647460936, "clip_fraction": 0.264, "gradient_norm_mean": 26.347912109375, "gradient_norm_max": 410.78680419921875, "step_seconds": 0.2741063330322504, "innovation_std_sum": 50.227445158855346, "noise_marginal_std_sum": 58.66324369556456}
{"step": 310, "epoch": 5, "train_loss": 0.4745340270996094, "clip_fraction": 0.271, "gradient_norm_mean": 28.23223828125, "gradient_norm_max": 364.5896301269531, "step_seconds": 0.26933993585407734, "innovation_std_sum": 50.227445158855346, "noise_marginal_std_sum": 58.66324369556456}
{"epoch": 5, "step": 310, "train_loss": 0.43820963607295865, "clip_fraction": 0.2554516129032258, "epsilon": 8.000000000000005, "accuracy": 0.7637614678899083, "validation_loss": 0.5539109728751926, "validation_examples": 872}
