Loading weights:   0%|          | 0/39 [00:00<?, ?it/s]Loading weights: 100%|██████████| 39/39 [00:00<00:00, 9530.29it/s]
[transformers] [1mBertModel LOAD REPORT[0m from: /media/data/data/lt/dp-adam-correlated/cache/bert-tiny
Key                                        | Status     |  | 
-------------------------------------------+------------+--+-
cls.predictions.transform.LayerNorm.bias   | UNEXPECTED |  | 
cls.predictions.transform.LayerNorm.weight | UNEXPECTED |  | 
cls.seq_relationship.weight                | UNEXPECTED |  | 
cls.seq_relationship.bias                  | UNEXPECTED |  | 
cls.predictions.decoder.weight             | UNEXPECTED |  | 
cls.predictions.bias                       | UNEXPECTED |  | 
cls.predictions.transform.dense.bias       | UNEXPECTED |  | 
cls.predictions.transform.dense.weight     | UNEXPECTED |  | 
cls.predictions.decoder.bias               | UNEXPECTED |  | 

Notes:
- UNEXPECTED:	can be ignored when loading from different task/architecture; not ok if you expect identical arch.
sys:1: UserWarning: Full backward hook is firing when gradients are computed with respect to module outputs since no inputs require gradients. See https://docs.pytorch.org/docs/main/generated/torch.nn.Module.html#torch.nn.Module.register_full_backward_hook for more details.
{"step": 10, "epoch": 1, "train_loss": 0.6617052001953125, "clip_fraction": 0.0, "gradient_norm_mean": 8.905263671875, "gradient_norm_max": 14.047635078430176, "step_seconds": 0.2681503873318434, "innovation_std_sum": 50.227445158855346, "noise_marginal_std_sum": 58.66324369556456}
{"step": 20, "epoch": 1, "train_loss": 0.6330941772460937, "clip_fraction": 0.013, "gradient_norm_mean": 12.1205205078125, "gradient_norm_max": 22.444042205810547, "step_seconds": 0.12644416466355324, "innovation_std_sum": 50.227445158855346, "noise_marginal_std_sum": 58.66324369556456}
{"step": 30, "epoch": 1, "train_loss": 0.578243408203125, "clip_fraction": 0.347, "gradient_norm_mean": 16.9169609375, "gradient_norm_max": 38.31149673461914, "step_seconds": 0.26736300252377987, "innovation_std_sum": 50.227445158855346, "noise_marginal_std_sum": 58.66324369556456}
{"step": 40, "epoch": 1, "train_loss": 0.53977490234375, "clip_fraction": 0.492, "gradient_norm_mean": 23.230546875, "gradient_norm_max": 80.8983383178711, "step_seconds": 0.2665874306112528, "innovation_std_sum": 50.227445158855346, "noise_marginal_std_sum": 58.66324369556456}
{"step": 50, "epoch": 1, "train_loss": 0.5637620849609375, "clip_fraction": 0.485, "gradient_norm_mean": 29.516994140625, "gradient_norm_max": 124.62894439697266, "step_seconds": 0.268577778711915, "innovation_std_sum": 50.227445158855346, "noise_marginal_std_sum": 58.66324369556456}
{"step": 60, "epoch": 1, "train_loss": 0.568089111328125, "clip_fraction": 0.458, "gradient_norm_mean": 33.2373046875, "gradient_norm_max": 162.9941864013672, "step_seconds": 0.2678308505564928, "innovation_std_sum": 50.227445158855346, "noise_marginal_std_sum": 58.66324369556456}
{"epoch": 1, "step": 62, "train_loss": 0.6009155165149319, "clip_fraction": 0.27166129032258063, "epsilon": 3.054089440266451, "accuracy": 0.7247706422018348, "validation_loss": 0.6749591652406465, "validation_examples": 872}
{"step": 70, "epoch": 2, "train_loss": 0.5392825317382812, "clip_fraction": 0.435, "gradient_norm_mean": 34.4118828125, "gradient_norm_max": 231.95193481445312, "step_seconds": 0.2666860744357109, "innovation_std_sum": 50.227445158855346, "noise_marginal_std_sum": 58.66324369556456}
{"step": 80, "epoch": 2, "train_loss": 0.5773926391601563, "clip_fraction": 0.393, "gradient_norm_mean": 33.00171875, "gradient_norm_max": 226.93186950683594, "step_seconds": 0.1554110199213028, "innovation_std_sum": 50.227445158855346, "noise_marginal_std_sum": 58.66324369556456}
{"step": 90, "epoch": 2, "train_loss": 0.5791953125, "clip_fraction": 0.393, "gradient_norm_mean": 34.00596875, "gradient_norm_max": 209.47628784179688, "step_seconds": 0.2667951937764883, "innovation_std_sum": 50.227445158855346, "noise_marginal_std_sum": 58.66324369556456}
{"step": 100, "epoch": 2, "train_loss": 0.5370556030273438, "clip_fraction": 0.396, "gradient_norm_mean": 33.6979296875, "gradient_norm_max": 210.0922393798828, "step_seconds": 0.2723683286458254, "innovation_std_sum": 50.227445158855346, "noise_marginal_std_sum": 58.66324369556456}
{"step": 110, "epoch": 2, "train_loss": 0.523547607421875, "clip_fraction": 0.397, "gradient_norm_mean": 34.0084296875, "gradient_norm_max": 205.27212524414062, "step_seconds": 0.2740717213600874, "innovation_std_sum": 50.227445158855346, "noise_marginal_std_sum": 58.66324369556456}
{"step": 120, "epoch": 2, "train_loss": 0.4893160400390625, "clip_fraction": 0.356, "gradient_norm_mean": 31.02241796875, "gradient_norm_max": 238.0979461669922, "step_seconds": 0.26701249182224274, "innovation_std_sum": 50.227445158855346, "noise_marginal_std_sum": 58.66324369556456}
{"epoch": 2, "step": 124, "train_loss": 0.5492034838276525, "clip_fraction": 0.39669354838709675, "epsilon": 4.610238743691153, "accuracy": 0.7568807339449541, "validation_loss": 0.605169510622637, "validation_examples": 872}
{"step": 130, "epoch": 3, "train_loss": 0.5041968383789063, "clip_fraction": 0.347, "gradient_norm_mean": 29.595259765625, "gradient_norm_max": 185.392578125, "step_seconds": 0.26508515886962414, "innovation_std_sum": 50.227445158855346, "noise_marginal_std_sum": 58.66324369556456}
{"step": 140, "epoch": 3, "train_loss": 0.49998434448242185, "clip_fraction": 0.36, "gradient_norm_mean": 32.0076484375, "gradient_norm_max": 218.64340209960938, "step_seconds": 0.27223767153918743, "innovation_std_sum": 50.227445158855346, "noise_marginal_std_sum": 58.66324369556456}
{"step": 150, "epoch": 3, "train_loss": 0.4740926513671875, "clip_fraction": 0.336, "gradient_norm_mean": 26.8172109375, "gradient_norm_max": 203.8941650390625, "step_seconds": 0.2701668608933687, "innovation_std_sum": 50.227445158855346, "noise_marginal_std_sum": 58.66324369556456}
{"step": 160, "epoch": 3, "train_loss": 0.5136998291015625, "clip_fraction": 0.359, "gradient_norm_mean": 30.63626953125, "gradient_norm_max": 255.12728881835938, "step_seconds": 0.2690057698637247, "innovation_std_sum": 50.227445158855346, "noise_marginal_std_sum": 58.66324369556456}
{"step": 170, "epoch": 3, "train_loss": 0.4679957275390625, "clip_fraction": 0.327, "gradient_norm_mean": 29.696251953125, "gradient_norm_max": 220.96365356445312, "step_seconds": 0.2668549660593271, "innovation_std_sum": 50.227445158855346, "noise_marginal_std_sum": 58.66324369556456}
{"step": 180, "epoch": 3, "train_loss": 0.4895584411621094, "clip_fraction": 0.332, "gradient_norm_mean": 26.9105078125, "gradient_norm_max": 223.1154022216797, "step_seconds": 0.2724893130362034, "innovation_std_sum": 50.227445158855346, "noise_marginal_std_sum": 58.66324369556456}
{"epoch": 3, "step": 186, "train_loss": 0.48781639640561997, "clip_fraction": 0.3409516129032258, "epsilon": 5.873890881586911, "accuracy": 0.7740825688073395, "validation_loss": 0.5682989304218817, "validation_examples": 872}
{"step": 190, "epoch": 4, "train_loss": 0.4259306640625, "clip_fraction": 0.31, "gradient_norm_mean": 27.23600390625, "gradient_norm_max": 219.1285858154297, "step_seconds": 0.27229719050228596, "innovation_std_sum": 50.227445158855346, "noise_marginal_std_sum": 58.66324369556456}
{"step": 200, "epoch": 4, "train_loss": 0.49851171875, "clip_fraction": 0.345, "gradient_norm_mean": 29.9527890625, "gradient_norm_max": 241.44830322265625, "step_seconds": 0.2679893970489502, "innovation_std_sum": 50.227445158855346, "noise_marginal_std_sum": 58.66324369556456}
{"step": 210, "epoch": 4, "train_loss": 0.4459931640625, "clip_fraction": 0.316, "gradient_norm_mean": 27.426171875, "gradient_norm_max": 278.9244079589844, "step_seconds": 0.2692226693034172, "innovation_std_sum": 50.227445158855346, "noise_marginal_std_sum": 58.66324369556456}
{"step": 220, "epoch": 4, "train_loss": 0.435601318359375, "clip_fraction": 0.299, "gradient_norm_mean": 26.495169921875, "gradient_norm_max": 302.1715087890625, "step_seconds": 0.27067589573562145, "innovation_std_sum": 50.227445158855346, "noise_marginal_std_sum": 58.66324369556456}
{"step": 230, "epoch": 4, "train_loss": 0.47231173706054685, "clip_fraction": 0.306, "gradient_norm_mean": 27.5604140625, "gradient_norm_max": 262.9200134277344, "step_seconds": 0.2713681776076555, "innovation_std_sum": 50.227445158855346, "noise_marginal_std_sum": 58.66324369556456}
{"step": 240, "epoch": 4, "train_loss": 0.4000133666992188, "clip_fraction": 0.265, "gradient_norm_mean": 23.77894921875, "gradient_norm_max": 279.9525146484375, "step_seconds": 0.2729541268199682, "innovation_std_sum": 50.227445158855346, "noise_marginal_std_sum": 58.66324369556456}
{"epoch": 4, "step": 248, "train_loss": 0.44907840064264115, "clip_fraction": 0.30124193548387096, "epsilon": 6.985551657770655, "accuracy": 0.7786697247706422, "validation_loss": 0.5621086304340888, "validation_examples": 872}
{"step": 250, "epoch": 5, "train_loss": 0.4063150024414062, "clip_fraction": 0.27, "gradient_norm_mean": 24.347515625, "gradient_norm_max": 333.0814208984375, "step_seconds": 0.2722116354852915, "innovation_std_sum": 50.227445158855346, "noise_marginal_std_sum": 58.66324369556456}
{"step": 260, "epoch": 5, "train_loss": 0.4684930419921875, "clip_fraction": 0.31, "gradient_norm_mean": 29.89075, "gradient_norm_max": 258.8001403808594, "step_seconds": 0.2725107502192259, "innovation_std_sum": 50.227445158855346, "noise_marginal_std_sum": 58.66324369556456}
{"step": 270, "epoch": 5, "train_loss": 0.4443587036132812, "clip_fraction": 0.282, "gradient_norm_mean": 26.07929296875, "gradient_norm_max": 273.4826354980469, "step_seconds": 0.13238711468875408, "innovation_std_sum": 50.227445158855346, "noise_marginal_std_sum": 58.66324369556456}
{"step": 280, "epoch": 5, "train_loss": 0.4266578369140625, "clip_fraction": 0.278, "gradient_norm_mean": 27.6098671875, "gradient_norm_max": 367.09600830078125, "step_seconds": 0.13273012824356556, "innovation_std_sum": 50.227445158855346, "noise_marginal_std_sum": 58.66324369556456}
{"step": 290, "epoch": 5, "train_loss": 0.43742132568359376, "clip_fraction": 0.272, "gradient_norm_mean": 25.217759765625, "gradient_norm_max": 287.7680358886719, "step_seconds": 0.12915928289294243, "innovation_std_sum": 50.227445158855346, "noise_marginal_std_sum": 58.66324369556456}
{"step": 300, "epoch": 5, "train_loss": 0.48291534423828125, "clip_fraction": 0.29, "gradient_norm_mean": 26.689857421875, "gradient_norm_max": 283.38330078125, "step_seconds": 0.13078705221414566, "innovation_std_sum": 50.227445158855346, "noise_marginal_std_sum": 58.66324369556456}
{"step": 310, "epoch": 5, "train_loss": 0.41813949584960936, "clip_fraction": 0.25, "gradient_norm_mean": 24.231359375, "gradient_norm_max": 337.7093200683594, "step_seconds": 0.13040454499423504, "innovation_std_sum": 50.227445158855346, "noise_marginal_std_sum": 58.66324369556456}
{"epoch": 5, "step": 310, "train_loss": 0.431874510734312, "clip_fraction": 0.27753225806451615, "epsilon": 8.000000000000005, "accuracy": 0.7855504587155964, "validation_loss": 0.5419016890569565, "validation_examples": 872}
