Loading weights:   0%|          | 0/39 [00:00<?, ?it/s]Loading weights: 100%|██████████| 39/39 [00:00<00:00, 17539.98it/s]
[transformers] [1mBertModel LOAD REPORT[0m from: /media/data/data/lt/dp-adam-correlated/cache/bert-tiny
Key                                        | Status     |  | 
-------------------------------------------+------------+--+-
cls.predictions.transform.dense.weight     | UNEXPECTED |  | 
cls.seq_relationship.bias                  | UNEXPECTED |  | 
cls.predictions.transform.dense.bias       | UNEXPECTED |  | 
cls.predictions.bias                       | UNEXPECTED |  | 
cls.seq_relationship.weight                | UNEXPECTED |  | 
cls.predictions.transform.LayerNorm.bias   | UNEXPECTED |  | 
cls.predictions.decoder.weight             | UNEXPECTED |  | 
cls.predictions.transform.LayerNorm.weight | UNEXPECTED |  | 
cls.predictions.decoder.bias               | UNEXPECTED |  | 

Notes:
- UNEXPECTED:	can be ignored when loading from different task/architecture; not ok if you expect identical arch.
sys:1: UserWarning: Full backward hook is firing when gradients are computed with respect to module outputs since no inputs require gradients. See https://docs.pytorch.org/docs/main/generated/torch.nn.Module.html#torch.nn.Module.register_full_backward_hook for more details.
{"step": 10, "epoch": 1, "train_loss": 0.6753798217773438, "clip_fraction": 0.0, "gradient_norm_mean": 120.57196875, "gradient_norm_max": 282.5705261230469, "step_seconds": 0.2699630707502365, "innovation_std_sum": 1357.0818214206279, "noise_marginal_std_sum": 1585.006391486411}
{"step": 20, "epoch": 1, "train_loss": 0.6458917236328126, "clip_fraction": 0.0, "gradient_norm_mean": 87.910015625, "gradient_norm_max": 177.60049438476562, "step_seconds": 0.26885986328125, "innovation_std_sum": 1357.0818214206279, "noise_marginal_std_sum": 1585.006391486411}
{"step": 30, "epoch": 1, "train_loss": 0.6295816650390625, "clip_fraction": 0.0, "gradient_norm_mean": 80.02553125, "gradient_norm_max": 165.71209716796875, "step_seconds": 0.2703276462852955, "innovation_std_sum": 1357.0818214206279, "noise_marginal_std_sum": 1585.006391486411}
{"step": 40, "epoch": 1, "train_loss": 0.6112274169921875, "clip_fraction": 0.0, "gradient_norm_mean": 74.597328125, "gradient_norm_max": 161.59420776367188, "step_seconds": 0.27024281211197376, "innovation_std_sum": 1357.0818214206279, "noise_marginal_std_sum": 1585.006391486411}
{"step": 50, "epoch": 1, "train_loss": 0.5916982421875, "clip_fraction": 0.0, "gradient_norm_mean": 68.3198984375, "gradient_norm_max": 159.55096435546875, "step_seconds": 0.1614483967423439, "innovation_std_sum": 1357.0818214206279, "noise_marginal_std_sum": 1585.006391486411}
{"step": 60, "epoch": 1, "train_loss": 0.5712315063476563, "clip_fraction": 0.0, "gradient_norm_mean": 65.58015625, "gradient_norm_max": 156.29449462890625, "step_seconds": 0.270006513223052, "innovation_std_sum": 1357.0818214206279, "noise_marginal_std_sum": 1585.006391486411}
{"epoch": 1, "step": 62, "train_loss": 0.624840553529801, "clip_fraction": 0.03125806451612903, "epsilon": 1.5789886026561983, "accuracy": 0.7098623853211009, "validation_loss": 0.5732929334727996, "validation_examples": 872}
{"step": 70, "epoch": 2, "train_loss": 0.5708579711914062, "clip_fraction": 0.0, "gradient_norm_mean": 61.19221875, "gradient_norm_max": 164.16207885742188, "step_seconds": 0.2703774180263281, "innovation_std_sum": 1357.0818214206279, "noise_marginal_std_sum": 1585.006391486411}
{"step": 80, "epoch": 2, "train_loss": 0.5543773193359375, "clip_fraction": 0.0, "gradient_norm_mean": 59.29784375, "gradient_norm_max": 143.93960571289062, "step_seconds": 0.2677312530577183, "innovation_std_sum": 1357.0818214206279, "noise_marginal_std_sum": 1585.006391486411}
{"step": 90, "epoch": 2, "train_loss": 0.543144287109375, "clip_fraction": 0.0, "gradient_norm_mean": 55.39358203125, "gradient_norm_max": 165.59568786621094, "step_seconds": 0.2707318551838398, "innovation_std_sum": 1357.0818214206279, "noise_marginal_std_sum": 1585.006391486411}
{"step": 100, "epoch": 2, "train_loss": 0.5499797973632813, "clip_fraction": 0.0, "gradient_norm_mean": 52.4324296875, "gradient_norm_max": 155.05764770507812, "step_seconds": 0.2697144150733948, "innovation_std_sum": 1357.0818214206279, "noise_marginal_std_sum": 1585.006391486411}
{"step": 110, "epoch": 2, "train_loss": 0.5241507568359375, "clip_fraction": 0.0, "gradient_norm_mean": 48.81673046875, "gradient_norm_max": 144.5890655517578, "step_seconds": 0.2699405997991562, "innovation_std_sum": 1357.0818214206279, "noise_marginal_std_sum": 1585.006391486411}
{"step": 120, "epoch": 2, "train_loss": 0.5354716186523437, "clip_fraction": 0.0, "gradient_norm_mean": 46.552765625, "gradient_norm_max": 141.30747985839844, "step_seconds": 0.2703014612197876, "innovation_std_sum": 1357.0818214206279, "noise_marginal_std_sum": 1585.006391486411}
{"epoch": 2, "step": 124, "train_loss": 0.5449846447360132, "clip_fraction": 0.0, "epsilon": 2.356100864794592, "accuracy": 0.7293577981651376, "validation_loss": 0.5290742839148285, "validation_examples": 872}
{"step": 130, "epoch": 3, "train_loss": 0.5133442993164062, "clip_fraction": 0.0, "gradient_norm_mean": 42.87215625, "gradient_norm_max": 149.26451110839844, "step_seconds": 0.2702716141939163, "innovation_std_sum": 1357.0818214206279, "noise_marginal_std_sum": 1585.006391486411}
{"step": 140, "epoch": 3, "train_loss": 0.5115617980957031, "clip_fraction": 0.0, "gradient_norm_mean": 39.2765390625, "gradient_norm_max": 132.7954864501953, "step_seconds": 0.26814858242869377, "innovation_std_sum": 1357.0818214206279, "noise_marginal_std_sum": 1585.006391486411}
{"step": 150, "epoch": 3, "train_loss": 0.533475341796875, "clip_fraction": 0.0, "gradient_norm_mean": 40.017890625, "gradient_norm_max": 119.15631103515625, "step_seconds": 0.27132305689156055, "innovation_std_sum": 1357.0818214206279, "noise_marginal_std_sum": 1585.006391486411}
{"step": 160, "epoch": 3, "train_loss": 0.510906982421875, "clip_fraction": 0.0, "gradient_norm_mean": 37.69085546875, "gradient_norm_max": 128.8134002685547, "step_seconds": 0.26911051385104656, "innovation_std_sum": 1357.0818214206279, "noise_marginal_std_sum": 1585.006391486411}
{"step": 170, "epoch": 3, "train_loss": 0.5071702880859374, "clip_fraction": 0.0, "gradient_norm_mean": 36.32289453125, "gradient_norm_max": 125.06626892089844, "step_seconds": 0.26837720535695553, "innovation_std_sum": 1357.0818214206279, "noise_marginal_std_sum": 1585.006391486411}
{"step": 180, "epoch": 3, "train_loss": 0.5150980224609375, "clip_fraction": 0.0, "gradient_norm_mean": 34.674453125, "gradient_norm_max": 118.85926818847656, "step_seconds": 0.26863316260278225, "innovation_std_sum": 1357.0818214206279, "noise_marginal_std_sum": 1585.006391486411}
{"epoch": 3, "step": 186, "train_loss": 0.5165290236934539, "clip_fraction": 0.0, "epsilon": 2.9760310906613787, "accuracy": 0.7511467889908257, "validation_loss": 0.5072387992788893, "validation_examples": 872}
{"step": 190, "epoch": 4, "train_loss": 0.5211500854492187, "clip_fraction": 0.0, "gradient_norm_mean": 33.9048359375, "gradient_norm_max": 114.9687271118164, "step_seconds": 0.26788758859038353, "innovation_std_sum": 1357.0818214206279, "noise_marginal_std_sum": 1585.006391486411}
{"step": 200, "epoch": 4, "train_loss": 0.49665988159179686, "clip_fraction": 0.0, "gradient_norm_mean": 32.09175, "gradient_norm_max": 102.14055633544922, "step_seconds": 0.2684869337826967, "innovation_std_sum": 1357.0818214206279, "noise_marginal_std_sum": 1585.006391486411}
{"step": 210, "epoch": 4, "train_loss": 0.49377572631835936, "clip_fraction": 0.0, "gradient_norm_mean": 29.79304296875, "gradient_norm_max": 103.59149932861328, "step_seconds": 0.2684155274182558, "innovation_std_sum": 1357.0818214206279, "noise_marginal_std_sum": 1585.006391486411}
{"step": 220, "epoch": 4, "train_loss": 0.5136135864257813, "clip_fraction": 0.0, "gradient_norm_mean": 30.5487890625, "gradient_norm_max": 100.8167495727539, "step_seconds": 0.269116947427392, "innovation_std_sum": 1357.0818214206279, "noise_marginal_std_sum": 1585.006391486411}
{"step": 230, "epoch": 4, "train_loss": 0.5076246948242188, "clip_fraction": 0.0, "gradient_norm_mean": 29.07113671875, "gradient_norm_max": 94.11138916015625, "step_seconds": 0.2679287809878588, "innovation_std_sum": 1357.0818214206279, "noise_marginal_std_sum": 1585.006391486411}
{"step": 240, "epoch": 4, "train_loss": 0.483183349609375, "clip_fraction": 0.0, "gradient_norm_mean": 26.892724609375, "gradient_norm_max": 113.90499114990234, "step_seconds": 0.2691281773149967, "innovation_std_sum": 1357.0818214206279, "noise_marginal_std_sum": 1585.006391486411}
{"epoch": 4, "step": 248, "train_loss": 0.5006110219647808, "clip_fraction": 0.0, "epsilon": 3.514193505558318, "accuracy": 0.7477064220183486, "validation_loss": 0.513899221332795, "validation_examples": 872}
{"step": 250, "epoch": 5, "train_loss": 0.5077921752929687, "clip_fraction": 0.0, "gradient_norm_mean": 27.572109375, "gradient_norm_max": 89.72470092773438, "step_seconds": 0.26931560039520264, "innovation_std_sum": 1357.0818214206279, "noise_marginal_std_sum": 1585.006391486411}
{"step": 260, "epoch": 5, "train_loss": 0.4856442565917969, "clip_fraction": 0.0, "gradient_norm_mean": 25.296056640625, "gradient_norm_max": 83.4716796875, "step_seconds": 0.2694832030683756, "innovation_std_sum": 1357.0818214206279, "noise_marginal_std_sum": 1585.006391486411}
{"step": 270, "epoch": 5, "train_loss": 0.5131024780273438, "clip_fraction": 0.0, "gradient_norm_mean": 25.838578125, "gradient_norm_max": 82.80319213867188, "step_seconds": 0.2687480188906193, "innovation_std_sum": 1357.0818214206279, "noise_marginal_std_sum": 1585.006391486411}
{"step": 280, "epoch": 5, "train_loss": 0.47399163818359374, "clip_fraction": 0.0, "gradient_norm_mean": 23.55419140625, "gradient_norm_max": 72.96463775634766, "step_seconds": 0.2610065247863531, "innovation_std_sum": 1357.0818214206279, "noise_marginal_std_sum": 1585.006391486411}
{"step": 290, "epoch": 5, "train_loss": 0.513924560546875, "clip_fraction": 0.0, "gradient_norm_mean": 23.8276484375, "gradient_norm_max": 85.90789794921875, "step_seconds": 0.2689517792314291, "innovation_std_sum": 1357.0818214206279, "noise_marginal_std_sum": 1585.006391486411}
{"step": 300, "epoch": 5, "train_loss": 0.48726953125, "clip_fraction": 0.0, "gradient_norm_mean": 22.00965625, "gradient_norm_max": 81.47663116455078, "step_seconds": 0.12933915480971336, "innovation_std_sum": 1357.0818214206279, "noise_marginal_std_sum": 1585.006391486411}
{"step": 310, "epoch": 5, "train_loss": 0.5115209350585938, "clip_fraction": 0.0, "gradient_norm_mean": 22.8522734375, "gradient_norm_max": 81.03705596923828, "step_seconds": 0.13328135944902897, "innovation_std_sum": 1357.0818214206279, "noise_marginal_std_sum": 1585.006391486411}
{"epoch": 5, "step": 310, "train_loss": 0.49620529273248487, "clip_fraction": 0.0, "epsilon": 3.9999999999999707, "accuracy": 0.7305045871559633, "validation_loss": 0.5267642616131983, "validation_examples": 872}
