/home/longt29/miniconda3/envs/curve/lib/python3.11/site-packages/torchvision/datasets/cifar.py:83: VisibleDeprecationWarning: dtype(): align should be passed as Python or NumPy boolean but got `align=0`. Did you mean to pass a tuple to create a subarray type? (Deprecated NumPy 2.4)
  entry = pickle.load(f, encoding="latin1")
{"status": "running", "method": "mf_muon_standard", "seed": 20261001, "calibration": {"target_mu": 1.6660305978457184, "sensitivity": 7.852751308631718, "innovation_std_sum": 282.8069779313471, "adjacency": "add_remove_zero_out", "k": 5, "b_participation": 50, "sampling_amplification": false}, "coefficients": [1.0, -0.95, -0.0012500000000000844, -0.001187499999999897]}
sys:1: UserWarning: Full backward hook is firing when gradients are computed with respect to module outputs since no inputs require gradients. See https://docs.pytorch.org/docs/main/generated/torch.nn.Module.html#torch.nn.Module.register_full_backward_hook for more details.
{"event": "logical_progress", "step": 1, "train_loss": 5.1808095703125, "clip_fraction": 0.988}
{"event": "logical_progress", "step": 25, "train_loss": 4.417338969726562, "clip_fraction": 0.8458}
{"event": "logical_progress", "step": 50, "train_loss": 3.8776517663574217, "clip_fraction": 0.89338}
{"epoch": 1, "logical_steps": 50, "train_examples": 50000, "train_loss": 3.8776517663574217, "test_loss": 2.5327259704589844, "test_top1": 0.383, "clip_fraction": 0.89338, "epsilon": 2.8734263506543494, "delta": 1e-05, "seconds": 135.37408668641}
{"event": "logical_progress", "step": 75, "train_loss": 2.5178014990234376, "clip_fraction": 0.90292}
{"event": "logical_progress", "step": 100, "train_loss": 2.288186759643555, "clip_fraction": 0.85622}
{"epoch": 2, "logical_steps": 100, "train_examples": 50000, "train_loss": 2.288186759643555, "test_loss": 1.4540869110107422, "test_top1": 0.6169, "clip_fraction": 0.85622, "epsilon": 4.494876969944211, "delta": 1e-05, "seconds": 264.6755118025467}
{"event": "logical_progress", "step": 125, "train_loss": 1.8015371447753907, "clip_fraction": 0.74}
{"event": "logical_progress", "step": 150, "train_loss": 1.7148002020263673, "clip_fraction": 0.71458}
{"epoch": 3, "logical_steps": 150, "train_examples": 50000, "train_loss": 1.7148002020263673, "test_loss": 1.0715245864868164, "test_top1": 0.7061, "clip_fraction": 0.71458, "epsilon": 5.807351225535705, "delta": 1e-05, "seconds": 394.29118815250695}
{"event": "logical_progress", "step": 175, "train_loss": 1.5366107604980468, "clip_fraction": 0.65812}
{"event": "logical_progress", "step": 200, "train_loss": 1.4875244604492188, "clip_fraction": 0.64114}
{"epoch": 4, "logical_steps": 200, "train_examples": 50000, "train_loss": 1.4875244604492188, "test_loss": 0.9006750854492187, "test_top1": 0.745, "clip_fraction": 0.64114, "epsilon": 6.955627916806438, "delta": 1e-05, "seconds": 522.7065775012597}
{"event": "logical_progress", "step": 225, "train_loss": 1.4032227075195312, "clip_fraction": 0.60408}
{"event": "logical_progress", "step": 250, "train_loss": 1.36490634765625, "clip_fraction": 0.59204}
{"epoch": 5, "logical_steps": 250, "train_examples": 50000, "train_loss": 1.36490634765625, "test_loss": 0.8053439804077148, "test_top1": 0.7661, "clip_fraction": 0.59204, "epsilon": 8.000000000000005, "delta": 1e-05, "seconds": 650.8749886993319}
{"status": "completed", "result_dir": "/media/data/data/lt/dp-adam-correlated/exp3/results/search/C/c09_clip_60"}
