/home/longt29/miniconda3/envs/curve/lib/python3.11/site-packages/torchvision/datasets/cifar.py:83: VisibleDeprecationWarning: dtype(): align should be passed as Python or NumPy boolean but got `align=0`. Did you mean to pass a tuple to create a subarray type? (Deprecated NumPy 2.4)
  entry = pickle.load(f, encoding="latin1")
sys:1: UserWarning: Full backward hook is firing when gradients are computed with respect to module outputs since no inputs require gradients. See https://docs.pytorch.org/docs/main/generated/torch.nn.Module.html#torch.nn.Module.register_full_backward_hook for more details.
{"step": 10, "epoch": 1, "train_loss": 4.54598974609375, "clip_fraction": 0.997, "gradient_norm_mean": 346.827859375, "gradient_norm_max": 698.63330078125, "step_seconds": 1.9870462995022535, "innovation_std_sum": 1135.7405225148589, "noise_marginal_std_sum": 1279.6783404842458}
{"step": 20, "epoch": 1, "train_loss": 4.323596923828125, "clip_fraction": 0.784, "gradient_norm_mean": 247.2541796875, "gradient_norm_max": 512.817626953125, "step_seconds": 1.9824569504708052, "innovation_std_sum": 1135.7405225148589, "noise_marginal_std_sum": 1279.6783404842458}
{"step": 30, "epoch": 1, "train_loss": 4.088266662597656, "clip_fraction": 0.674, "gradient_norm_mean": 230.8424140625, "gradient_norm_max": 463.9425048828125, "step_seconds": 1.9808986503630877, "innovation_std_sum": 1135.7405225148589, "noise_marginal_std_sum": 1279.6783404842458}
{"step": 40, "epoch": 1, "train_loss": 3.8716729125976563, "clip_fraction": 0.717, "gradient_norm_mean": 234.7455234375, "gradient_norm_max": 532.1660766601562, "step_seconds": 2.004895981401205, "innovation_std_sum": 1135.7405225148589, "noise_marginal_std_sum": 1279.6783404842458}
{"step": 50, "epoch": 1, "train_loss": 3.6406541748046877, "clip_fraction": 0.759, "gradient_norm_mean": 238.82480078125, "gradient_norm_max": 519.6741333007812, "step_seconds": 2.0077022425830364, "innovation_std_sum": 1135.7405225148589, "noise_marginal_std_sum": 1279.6783404842458}
{"epoch": 1, "step": 50, "train_loss": 4.210926495361328, "clip_fraction": 0.80488, "epsilon": 0.8225132733223557, "accuracy": 0.1874, "validation_loss": 3.432217431640625, "validation_examples": 10000}
{"step": 60, "epoch": 2, "train_loss": 3.395347229003906, "clip_fraction": 0.759, "gradient_norm_mean": 242.09062109375, "gradient_norm_max": 725.0257568359375, "step_seconds": 1.9924794137477875, "innovation_std_sum": 1135.7405225148589, "noise_marginal_std_sum": 1279.6783404842458}
{"step": 70, "epoch": 2, "train_loss": 3.218192443847656, "clip_fraction": 0.757, "gradient_norm_mean": 243.6433125, "gradient_norm_max": 738.580078125, "step_seconds": 2.0003119502216578, "innovation_std_sum": 1135.7405225148589, "noise_marginal_std_sum": 1279.6783404842458}
{"step": 80, "epoch": 2, "train_loss": 3.102834289550781, "clip_fraction": 0.697, "gradient_norm_mean": 235.62954296875, "gradient_norm_max": 839.4115600585938, "step_seconds": 2.0045620817691088, "innovation_std_sum": 1135.7405225148589, "noise_marginal_std_sum": 1279.6783404842458}
{"step": 90, "epoch": 2, "train_loss": 3.0541201171875, "clip_fraction": 0.628, "gradient_norm_mean": 229.4666796875, "gradient_norm_max": 896.4087524414062, "step_seconds": 2.0052175391465425, "innovation_std_sum": 1135.7405225148589, "noise_marginal_std_sum": 1279.6783404842458}
{"step": 100, "epoch": 2, "train_loss": 2.9353312377929686, "clip_fraction": 0.594, "gradient_norm_mean": 222.186375, "gradient_norm_max": 740.564453125, "step_seconds": 2.0118606220930815, "innovation_std_sum": 1135.7405225148589, "noise_marginal_std_sum": 1279.6783404842458}
{"epoch": 2, "step": 100, "train_loss": 3.2093585131835938, "clip_fraction": 0.70558, "epsilon": 1.203470692230899, "accuracy": 0.3556, "validation_loss": 2.5900677124023437, "validation_examples": 10000}
{"step": 110, "epoch": 3, "train_loss": 2.8670694580078124, "clip_fraction": 0.55, "gradient_norm_mean": 216.20503515625, "gradient_norm_max": 889.3770751953125, "step_seconds": 2.003282004967332, "innovation_std_sum": 1135.7405225148589, "noise_marginal_std_sum": 1279.6783404842458}
{"step": 120, "epoch": 3, "train_loss": 2.7629426879882812, "clip_fraction": 0.493, "gradient_norm_mean": 207.61656640625, "gradient_norm_max": 689.603759765625, "step_seconds": 2.217075612396002, "innovation_std_sum": 1135.7405225148589, "noise_marginal_std_sum": 1279.6783404842458}
{"step": 130, "epoch": 3, "train_loss": 2.7048908081054686, "clip_fraction": 0.441, "gradient_norm_mean": 202.02983984375, "gradient_norm_max": 606.0614624023438, "step_seconds": 2.006272379308939, "innovation_std_sum": 1135.7405225148589, "noise_marginal_std_sum": 1279.6783404842458}
{"step": 140, "epoch": 3, "train_loss": 2.7399312133789064, "clip_fraction": 0.418, "gradient_norm_mean": 200.0067109375, "gradient_norm_max": 682.4127807617188, "step_seconds": 2.010003473609686, "innovation_std_sum": 1135.7405225148589, "noise_marginal_std_sum": 1279.6783404842458}
{"step": 150, "epoch": 3, "train_loss": 2.720003356933594, "clip_fraction": 0.4, "gradient_norm_mean": 193.83725, "gradient_norm_max": 659.6156616210938, "step_seconds": 2.0106142554432154, "innovation_std_sum": 1135.7405225148589, "noise_marginal_std_sum": 1279.6783404842458}
{"epoch": 3, "step": 150, "train_loss": 2.8032193005371093, "clip_fraction": 0.48138, "epsilon": 1.505526949556022, "accuracy": 0.4024, "validation_loss": 2.306493798828125, "validation_examples": 10000}
{"step": 160, "epoch": 4, "train_loss": 2.7494532470703126, "clip_fraction": 0.393, "gradient_norm_mean": 194.7972890625, "gradient_norm_max": 690.7036743164062, "step_seconds": 1.998178282752633, "innovation_std_sum": 1135.7405225148589, "noise_marginal_std_sum": 1279.6783404842458}
{"step": 170, "epoch": 4, "train_loss": 2.7007578125, "clip_fraction": 0.353, "gradient_norm_mean": 185.70265625, "gradient_norm_max": 770.0501098632812, "step_seconds": 2.008802717551589, "innovation_std_sum": 1135.7405225148589, "noise_marginal_std_sum": 1279.6783404842458}
{"step": 180, "epoch": 4, "train_loss": 2.679126647949219, "clip_fraction": 0.352, "gradient_norm_mean": 184.49686328125, "gradient_norm_max": 756.5250854492188, "step_seconds": 2.044440044090152, "innovation_std_sum": 1135.7405225148589, "noise_marginal_std_sum": 1279.6783404842458}
{"step": 190, "epoch": 4, "train_loss": 2.682890441894531, "clip_fraction": 0.353, "gradient_norm_mean": 186.375703125, "gradient_norm_max": 653.3565673828125, "step_seconds": 2.033729275688529, "innovation_std_sum": 1135.7405225148589, "noise_marginal_std_sum": 1279.6783404842458}
{"step": 200, "epoch": 4, "train_loss": 2.6530511474609373, "clip_fraction": 0.346, "gradient_norm_mean": 183.36928125, "gradient_norm_max": 754.6047973632812, "step_seconds": 2.0037003327161074, "innovation_std_sum": 1135.7405225148589, "noise_marginal_std_sum": 1279.6783404842458}
{"epoch": 4, "step": 200, "train_loss": 2.6681107421875, "clip_fraction": 0.36894, "epsilon": 1.7661339350600902, "accuracy": 0.4132, "validation_loss": 2.2408107666015624, "validation_examples": 10000}
{"step": 210, "epoch": 5, "train_loss": 2.7262147216796877, "clip_fraction": 0.351, "gradient_norm_mean": 181.64105859375, "gradient_norm_max": 592.291015625, "step_seconds": 1.9947807490825653, "innovation_std_sum": 1135.7405225148589, "noise_marginal_std_sum": 1279.6783404842458}
{"step": 220, "epoch": 5, "train_loss": 2.643569519042969, "clip_fraction": 0.349, "gradient_norm_mean": 181.51269921875, "gradient_norm_max": 653.257080078125, "step_seconds": 2.0147555470466614, "innovation_std_sum": 1135.7405225148589, "noise_marginal_std_sum": 1279.6783404842458}
{"step": 230, "epoch": 5, "train_loss": 2.6945181274414063, "clip_fraction": 0.334, "gradient_norm_mean": 181.20228515625, "gradient_norm_max": 532.6533203125, "step_seconds": 2.04573080688715, "innovation_std_sum": 1135.7405225148589, "noise_marginal_std_sum": 1279.6783404842458}
{"step": 240, "epoch": 5, "train_loss": 2.753278015136719, "clip_fraction": 0.321, "gradient_norm_mean": 176.9755078125, "gradient_norm_max": 513.6372680664062, "step_seconds": 2.008271537721157, "innovation_std_sum": 1135.7405225148589, "noise_marginal_std_sum": 1279.6783404842458}
{"step": 250, "epoch": 5, "train_loss": 2.6215867919921876, "clip_fraction": 0.272, "gradient_norm_mean": 170.3859140625, "gradient_norm_max": 769.603759765625, "step_seconds": 1.989786395803094, "innovation_std_sum": 1135.7405225148589, "noise_marginal_std_sum": 1279.6783404842458}
{"epoch": 5, "step": 250, "train_loss": 2.6603625427246094, "clip_fraction": 0.32342, "epsilon": 2.0000000000008775, "accuracy": 0.4108, "validation_loss": 2.221885003662109, "validation_examples": 10000}
