/home/longt29/miniconda3/envs/curve/lib/python3.11/site-packages/torchvision/datasets/cifar.py:83: VisibleDeprecationWarning: dtype(): align should be passed as Python or NumPy boolean but got `align=0`. Did you mean to pass a tuple to create a subarray type? (Deprecated NumPy 2.4)
  entry = pickle.load(f, encoding="latin1")
{"method": "dp-adam-momentum-bias-bandinvmf-scale", "smoke": false, "calibration": {"target_mu": 1.6660305978457184, "sensitivity": 4.065608121489227, "innovation_std_sum": 244.02961906860006, "adjacency": "add_remove_zero_out", "k": 5, "b_participation": 50, "sampling_amplification": false}, "coefficients": [1.0, -0.53161943769869, -0.0779998119461293, -0.2795535556950146]}
sys:1: UserWarning: Full backward hook is firing when gradients are computed with respect to module outputs since no inputs require gradients. See https://docs.pytorch.org/docs/main/generated/torch.nn.Module.html#torch.nn.Module.register_full_backward_hook for more details.
{"progress_step": 10, "epoch": 1, "train_loss_so_far": 4.715431909179688, "clip_fraction_so_far": 1.0}
{"progress_step": 20, "epoch": 1, "train_loss_so_far": 4.47483251953125, "clip_fraction_so_far": 1.0}
{"progress_step": 30, "epoch": 1, "train_loss_so_far": 4.211185776774088, "clip_fraction_so_far": 1.0}
{"progress_step": 40, "epoch": 1, "train_loss_so_far": 3.9480438537597657, "clip_fraction_so_far": 0.999925}
{"progress_step": 50, "epoch": 1, "train_loss_so_far": 3.711092857666016, "clip_fraction_so_far": 0.99952}
{"epoch": 1, "logical_steps": 50, "train_examples": 50000, "train_loss": 3.711092857666016, "test_loss": 2.232763739013672, "test_top1": 0.4297, "clip_fraction": 0.99952, "gdp_mu": 0.7271304784322894, "gdp_epsilon": 3.037976902428691, "target_mu": 1.6660305978457184, "target_epsilon": 8.0, "delta": 1e-05, "noise_std": 0.2853011411343001, "noise_std_space": "scaled", "innovation_std_sum": 244.02961906860006, "augmentation_trace_sha256": "65e78e015a3e2a10670eebdd8b5c00ec00073b4a03670167de183a1bfc65d731", "seconds": 140.52214439958334}
{"progress_step": 60, "epoch": 2, "train_loss_so_far": 2.4379746215820313, "clip_fraction_so_far": 0.9897}
{"progress_step": 70, "epoch": 2, "train_loss_so_far": 2.3331398040771485, "clip_fraction_so_far": 0.9841}
{"progress_step": 80, "epoch": 2, "train_loss_so_far": 2.259471017456055, "clip_fraction_so_far": 0.9749333333333333}
{"progress_step": 90, "epoch": 2, "train_loss_so_far": 2.177336331176758, "clip_fraction_so_far": 0.96515}
{"progress_step": 100, "epoch": 2, "train_loss_so_far": 2.109642201538086, "clip_fraction_so_far": 0.95502}
{"epoch": 2, "logical_steps": 100, "train_examples": 50000, "train_loss": 2.109642201538086, "test_loss": 1.3334011352539064, "test_top1": 0.63, "clip_fraction": 0.95502, "gdp_mu": 1.0438331619280494, "gdp_epsilon": 4.600416946348178, "target_mu": 1.6660305978457184, "target_epsilon": 8.0, "delta": 1e-05, "noise_std": 0.2853011411343001, "noise_std_space": "scaled", "innovation_std_sum": 244.02961906860006, "augmentation_trace_sha256": "7947e548b204a7d0145bdcb9df3da1911d6c839b026ad00ca1b0ea91cee080b2", "seconds": 133.23199000023305}
{"progress_step": 110, "epoch": 3, "train_loss_so_far": 1.7554719757080077, "clip_fraction_so_far": 0.8948}
{"progress_step": 120, "epoch": 3, "train_loss_so_far": 1.7125608917236328, "clip_fraction_so_far": 0.8828}
{"progress_step": 130, "epoch": 3, "train_loss_so_far": 1.6834627604166668, "clip_fraction_so_far": 0.8745}
{"progress_step": 140, "epoch": 3, "train_loss_so_far": 1.6596842864990233, "clip_fraction_so_far": 0.867325}
{"progress_step": 150, "epoch": 3, "train_loss_so_far": 1.637343843383789, "clip_fraction_so_far": 0.85828}
{"epoch": 3, "logical_steps": 150, "train_examples": 50000, "train_loss": 1.637343843383789, "test_loss": 1.0212806060791015, "test_top1": 0.7039, "clip_fraction": 0.85828, "gdp_mu": 1.2851399415460758, "gdp_epsilon": 5.868262919898993, "target_mu": 1.6660305978457184, "target_epsilon": 8.0, "delta": 1e-05, "noise_std": 0.2853011411343001, "noise_std_space": "scaled", "innovation_std_sum": 244.02961906860006, "augmentation_trace_sha256": "9cd077b55365d30171daaf6417ff6a0338c1ce695e9900c8ba48c02aa7e09c81", "seconds": 133.85360291413963}
{"progress_step": 160, "epoch": 4, "train_loss_so_far": 1.5263627716064454, "clip_fraction_so_far": 0.8005}
{"progress_step": 170, "epoch": 4, "train_loss_so_far": 1.4847600204467772, "clip_fraction_so_far": 0.79765}
{"progress_step": 180, "epoch": 4, "train_loss_so_far": 1.4750518625895181, "clip_fraction_so_far": 0.7928666666666667}
{"progress_step": 190, "epoch": 4, "train_loss_so_far": 1.4633214576721192, "clip_fraction_so_far": 0.7866}
{"progress_step": 200, "epoch": 4, "train_loss_so_far": 1.451693924560547, "clip_fraction_so_far": 0.78132}
{"epoch": 4, "logical_steps": 200, "train_examples": 50000, "train_loss": 1.451693924560547, "test_loss": 0.877815119934082, "test_top1": 0.7409, "clip_fraction": 0.78132, "gdp_mu": 1.4878241288541523, "gdp_epsilon": 6.983019766523851, "target_mu": 1.6660305978457184, "target_epsilon": 8.0, "delta": 1e-05, "noise_std": 0.2853011411343001, "noise_std_space": "scaled", "innovation_std_sum": 244.02961906860006, "augmentation_trace_sha256": "d0329dec63815624ef85d166f9fc0f971e6cbc08a7023fbf6ae008996f98b7ea", "seconds": 133.72901372797787}
{"progress_step": 210, "epoch": 5, "train_loss_so_far": 1.3845596618652343, "clip_fraction_so_far": 0.7443}
{"progress_step": 220, "epoch": 5, "train_loss_so_far": 1.3708743209838867, "clip_fraction_so_far": 0.74}
{"progress_step": 230, "epoch": 5, "train_loss_so_far": 1.3700597890218098, "clip_fraction_so_far": 0.7379}
{"progress_step": 240, "epoch": 5, "train_loss_so_far": 1.3601046112060546, "clip_fraction_so_far": 0.732825}
{"progress_step": 250, "epoch": 5, "train_loss_so_far": 1.3496421466064452, "clip_fraction_so_far": 0.72766}
{"epoch": 5, "logical_steps": 250, "train_examples": 50000, "train_loss": 1.3496421466064452, "test_loss": 0.7978771438598633, "test_top1": 0.7656, "clip_fraction": 0.72766, "gdp_mu": 1.6660305978457184, "gdp_epsilon": 8.000000000000005, "target_mu": 1.6660305978457184, "target_epsilon": 8.0, "delta": 1e-05, "noise_std": 0.2853011411343001, "noise_std_space": "scaled", "innovation_std_sum": 244.02961906860006, "augmentation_trace_sha256": "e6f13b7c6458831652113302608e74106d5c18f6cf65c9b83e94f044cd767eb1", "seconds": 134.77772301249206}
{"status": "completed", "results": "/media/data/data/lt/dp-adam-correlated/exp7b/results/final/trials/13db9656112c4c72"}
