Loading weights:   0%|          | 0/39 [00:00<?, ?it/s]Loading weights: 100%|██████████| 39/39 [00:00<00:00, 25286.42it/s]
[transformers] [1mBertModel LOAD REPORT[0m from: /media/data/data/lt/dp-adam-correlated/cache/bert-tiny
Key                                        | Status     |  | 
-------------------------------------------+------------+--+-
cls.predictions.transform.LayerNorm.weight | UNEXPECTED |  | 
cls.predictions.transform.dense.bias       | UNEXPECTED |  | 
cls.predictions.decoder.weight             | UNEXPECTED |  | 
cls.seq_relationship.bias                  | UNEXPECTED |  | 
cls.seq_relationship.weight                | UNEXPECTED |  | 
cls.predictions.decoder.bias               | UNEXPECTED |  | 
cls.predictions.bias                       | UNEXPECTED |  | 
cls.predictions.transform.LayerNorm.bias   | UNEXPECTED |  | 
cls.predictions.transform.dense.weight     | UNEXPECTED |  | 

Notes:
- UNEXPECTED:	can be ignored when loading from different task/architecture; not ok if you expect identical arch.
sys:1: UserWarning: Full backward hook is firing when gradients are computed with respect to module outputs since no inputs require gradients. See https://docs.pytorch.org/docs/main/generated/torch.nn.Module.html#torch.nn.Module.register_full_backward_hook for more details.
{"step": 10, "epoch": 1, "train_loss": 1.8129898681640626, "clip_fraction": 0.478, "gradient_norm_mean": 1085.36225, "gradient_norm_max": 4789.84130859375, "step_seconds": 0.2645046804100275, "innovation_std_sum": 251.13722579427673, "noise_marginal_std_sum": 293.3162184778228}
{"step": 20, "epoch": 1, "train_loss": 1.458197021484375, "clip_fraction": 0.667, "gradient_norm_mean": 1680.65875, "gradient_norm_max": 8118.126953125, "step_seconds": 0.26666310615837574, "innovation_std_sum": 251.13722579427673, "noise_marginal_std_sum": 293.3162184778228}
{"step": 30, "epoch": 1, "train_loss": 0.861294921875, "clip_fraction": 0.89, "gradient_norm_mean": 3490.7935, "gradient_norm_max": 15655.302734375, "step_seconds": 0.26677739061415195, "innovation_std_sum": 251.13722579427673, "noise_marginal_std_sum": 293.3162184778228}
{"step": 40, "epoch": 1, "train_loss": 0.8568829956054688, "clip_fraction": 0.881, "gradient_norm_mean": 4684.8645, "gradient_norm_max": 27889.28125, "step_seconds": 0.2669928092509508, "innovation_std_sum": 251.13722579427673, "noise_marginal_std_sum": 293.3162184778228}
{"step": 50, "epoch": 1, "train_loss": 1.0523887939453125, "clip_fraction": 0.631, "gradient_norm_mean": 6765.0575, "gradient_norm_max": 48333.50390625, "step_seconds": 0.26830127462744713, "innovation_std_sum": 251.13722579427673, "noise_marginal_std_sum": 293.3162184778228}
{"step": 60, "epoch": 1, "train_loss": 1.244355224609375, "clip_fraction": 0.529, "gradient_norm_mean": 8583.277, "gradient_norm_max": 88351.6640625, "step_seconds": 0.2676429580897093, "innovation_std_sum": 251.13722579427673, "noise_marginal_std_sum": 293.3162184778228}
{"epoch": 1, "step": 62, "train_loss": 1.1094144119754914, "clip_fraction": 0.7325967741935484, "epsilon": 3.054089440266451, "accuracy": 0.7487380818844643, "validation_loss": 1.1996505874231567, "validation_examples": 5349}
{"step": 70, "epoch": 2, "train_loss": 1.1570948486328125, "clip_fraction": 0.488, "gradient_norm_mean": 9153.262, "gradient_norm_max": 91054.28125, "step_seconds": 0.24805563502013683, "innovation_std_sum": 251.13722579427673, "noise_marginal_std_sum": 293.3162184778228}
{"step": 80, "epoch": 2, "train_loss": 1.107053466796875, "clip_fraction": 0.487, "gradient_norm_mean": 8065.613, "gradient_norm_max": 85486.6328125, "step_seconds": 0.2679403927177191, "innovation_std_sum": 251.13722579427673, "noise_marginal_std_sum": 293.3162184778228}
{"step": 90, "epoch": 2, "train_loss": 0.9914915161132812, "clip_fraction": 0.438, "gradient_norm_mean": 6465.08, "gradient_norm_max": 68024.484375, "step_seconds": 0.26900431513786316, "innovation_std_sum": 251.13722579427673, "noise_marginal_std_sum": 293.3162184778228}
{"step": 100, "epoch": 2, "train_loss": 1.0075307006835938, "clip_fraction": 0.422, "gradient_norm_mean": 7125.6625, "gradient_norm_max": 95988.4609375, "step_seconds": 0.2686333227902651, "innovation_std_sum": 251.13722579427673, "noise_marginal_std_sum": 293.3162184778228}
{"step": 110, "epoch": 2, "train_loss": 0.9017515869140625, "clip_fraction": 0.417, "gradient_norm_mean": 7141.395, "gradient_norm_max": 98491.921875, "step_seconds": 0.2688609715551138, "innovation_std_sum": 251.13722579427673, "noise_marginal_std_sum": 293.3162184778228}
{"step": 120, "epoch": 2, "train_loss": 0.8693682861328125, "clip_fraction": 0.406, "gradient_norm_mean": 6983.5185, "gradient_norm_max": 119507.8046875, "step_seconds": 0.27023126371204853, "innovation_std_sum": 251.13722579427673, "noise_marginal_std_sum": 293.3162184778228}
{"epoch": 2, "step": 124, "train_loss": 1.0204044386340725, "clip_fraction": 0.4546290322580645, "epsilon": 4.610238743691153, "accuracy": 0.7889325107496729, "validation_loss": 0.970229708161125, "validation_examples": 5349}
{"step": 130, "epoch": 3, "train_loss": 0.91176171875, "clip_fraction": 0.414, "gradient_norm_mean": 7031.751, "gradient_norm_max": 119362.6796875, "step_seconds": 0.18366048112511635, "innovation_std_sum": 251.13722579427673, "noise_marginal_std_sum": 293.3162184778228}
{"step": 140, "epoch": 3, "train_loss": 0.9173256225585937, "clip_fraction": 0.405, "gradient_norm_mean": 8453.143, "gradient_norm_max": 129114.5625, "step_seconds": 0.27280356734991074, "innovation_std_sum": 251.13722579427673, "noise_marginal_std_sum": 293.3162184778228}
{"step": 150, "epoch": 3, "train_loss": 0.956554931640625, "clip_fraction": 0.399, "gradient_norm_mean": 7591.4755, "gradient_norm_max": 106327.9296875, "step_seconds": 0.270657105371356, "innovation_std_sum": 251.13722579427673, "noise_marginal_std_sum": 293.3162184778228}
{"step": 160, "epoch": 3, "train_loss": 0.9702623901367188, "clip_fraction": 0.404, "gradient_norm_mean": 7749.276, "gradient_norm_max": 147946.328125, "step_seconds": 0.2703000120818615, "innovation_std_sum": 251.13722579427673, "noise_marginal_std_sum": 293.3162184778228}
{"step": 170, "epoch": 3, "train_loss": 0.9730169677734375, "clip_fraction": 0.392, "gradient_norm_mean": 7797.936, "gradient_norm_max": 150260.078125, "step_seconds": 0.2705974169075489, "innovation_std_sum": 251.13722579427673, "noise_marginal_std_sum": 293.3162184778228}
{"step": 180, "epoch": 3, "train_loss": 0.9536793823242188, "clip_fraction": 0.386, "gradient_norm_mean": 6938.155, "gradient_norm_max": 129334.75, "step_seconds": 0.2706924378871918, "innovation_std_sum": 251.13722579427673, "noise_marginal_std_sum": 293.3162184778228}
{"epoch": 3, "step": 186, "train_loss": 0.9112781440980973, "clip_fraction": 0.39045161290322583, "epsilon": 5.873890881586911, "accuracy": 0.8091232005982426, "validation_loss": 0.8995768072271285, "validation_examples": 5349}
{"step": 190, "epoch": 4, "train_loss": 0.728005126953125, "clip_fraction": 0.358, "gradient_norm_mean": 6256.7295, "gradient_norm_max": 145332.4375, "step_seconds": 0.18397883512079716, "innovation_std_sum": 251.13722579427673, "noise_marginal_std_sum": 293.3162184778228}
{"step": 200, "epoch": 4, "train_loss": 0.91930517578125, "clip_fraction": 0.384, "gradient_norm_mean": 7404.1545, "gradient_norm_max": 176067.640625, "step_seconds": 0.2708736304193735, "innovation_std_sum": 251.13722579427673, "noise_marginal_std_sum": 293.3162184778228}
{"step": 210, "epoch": 4, "train_loss": 0.89312890625, "clip_fraction": 0.364, "gradient_norm_mean": 7155.254, "gradient_norm_max": 144600.90625, "step_seconds": 0.2741234879940748, "innovation_std_sum": 251.13722579427673, "noise_marginal_std_sum": 293.3162184778228}
{"step": 220, "epoch": 4, "train_loss": 0.8285455322265625, "clip_fraction": 0.348, "gradient_norm_mean": 6303.581, "gradient_norm_max": 129207.8046875, "step_seconds": 0.2717385124415159, "innovation_std_sum": 251.13722579427673, "noise_marginal_std_sum": 293.3162184778228}
{"step": 230, "epoch": 4, "train_loss": 0.8594205322265625, "clip_fraction": 0.355, "gradient_norm_mean": 6675.507, "gradient_norm_max": 167058.15625, "step_seconds": 0.27180286310613155, "innovation_std_sum": 251.13722579427673, "noise_marginal_std_sum": 293.3162184778228}
{"step": 240, "epoch": 4, "train_loss": 0.8867667236328125, "clip_fraction": 0.338, "gradient_norm_mean": 6913.368, "gradient_norm_max": 133758.09375, "step_seconds": 0.26837674900889397, "innovation_std_sum": 251.13722579427673, "noise_marginal_std_sum": 293.3162184778228}
{"epoch": 4, "step": 248, "train_loss": 0.8554810279107863, "clip_fraction": 0.34496774193548385, "epsilon": 6.985551657770655, "accuracy": 0.8154795288839035, "validation_loss": 0.8916386989237639, "validation_examples": 5349}
{"step": 250, "epoch": 5, "train_loss": 0.933478271484375, "clip_fraction": 0.316, "gradient_norm_mean": 6909.1555, "gradient_norm_max": 178715.453125, "step_seconds": 0.2680138200521469, "innovation_std_sum": 251.13722579427673, "noise_marginal_std_sum": 293.3162184778228}
{"step": 260, "epoch": 5, "train_loss": 0.9210733032226562, "clip_fraction": 0.329, "gradient_norm_mean": 6878.1385, "gradient_norm_max": 161377.0, "step_seconds": 0.1299545057117939, "innovation_std_sum": 251.13722579427673, "noise_marginal_std_sum": 293.3162184778228}
{"step": 270, "epoch": 5, "train_loss": 0.8054376220703126, "clip_fraction": 0.308, "gradient_norm_mean": 5333.8525, "gradient_norm_max": 129571.7734375, "step_seconds": 0.26786163076758385, "innovation_std_sum": 251.13722579427673, "noise_marginal_std_sum": 293.3162184778228}
{"step": 280, "epoch": 5, "train_loss": 0.82505908203125, "clip_fraction": 0.319, "gradient_norm_mean": 5566.765, "gradient_norm_max": 142457.71875, "step_seconds": 0.26925278827548027, "innovation_std_sum": 251.13722579427673, "noise_marginal_std_sum": 293.3162184778228}
{"step": 290, "epoch": 5, "train_loss": 0.8252890625, "clip_fraction": 0.304, "gradient_norm_mean": 7088.194, "gradient_norm_max": 134734.984375, "step_seconds": 0.27044034004211426, "innovation_std_sum": 251.13722579427673, "noise_marginal_std_sum": 293.3162184778228}
{"step": 300, "epoch": 5, "train_loss": 0.737776123046875, "clip_fraction": 0.304, "gradient_norm_mean": 6616.656, "gradient_norm_max": 171493.921875, "step_seconds": 0.272944875061512, "innovation_std_sum": 251.13722579427673, "noise_marginal_std_sum": 293.3162184778228}
{"step": 310, "epoch": 5, "train_loss": 0.8940748291015626, "clip_fraction": 0.316, "gradient_norm_mean": 6852.78, "gradient_norm_max": 202703.5625, "step_seconds": 0.27527255937457085, "innovation_std_sum": 251.13722579427673, "noise_marginal_std_sum": 293.3162184778228}
{"epoch": 5, "step": 310, "train_loss": 0.8322802734375, "clip_fraction": 0.31561290322580643, "epsilon": 8.000000000000005, "accuracy": 0.8235184146569452, "validation_loss": 0.8515990723135494, "validation_examples": 5349}
