Loading weights:   0%|          | 0/39 [00:00<?, ?it/s]Loading weights: 100%|██████████| 39/39 [00:00<00:00, 27326.74it/s]
[transformers] [1mBertModel LOAD REPORT[0m from: /media/data/data/lt/dp-adam-correlated/cache/bert-tiny
Key                                        | Status     |  | 
-------------------------------------------+------------+--+-
cls.predictions.transform.LayerNorm.weight | UNEXPECTED |  | 
cls.predictions.transform.dense.bias       | UNEXPECTED |  | 
cls.predictions.transform.dense.weight     | UNEXPECTED |  | 
cls.seq_relationship.weight                | UNEXPECTED |  | 
cls.predictions.decoder.bias               | UNEXPECTED |  | 
cls.seq_relationship.bias                  | UNEXPECTED |  | 
cls.predictions.bias                       | UNEXPECTED |  | 
cls.predictions.transform.LayerNorm.bias   | UNEXPECTED |  | 
cls.predictions.decoder.weight             | UNEXPECTED |  | 

Notes:
- UNEXPECTED:	can be ignored when loading from different task/architecture; not ok if you expect identical arch.
sys:1: UserWarning: Full backward hook is firing when gradients are computed with respect to module outputs since no inputs require gradients. See https://docs.pytorch.org/docs/main/generated/torch.nn.Module.html#torch.nn.Module.register_full_backward_hook for more details.
{"step": 10, "epoch": 1, "step_seconds": 0.26104798167943954, "innovation_std_sum": 2.5113722579427673, "noise_marginal_std_sum": 2.933162184778228, "pure_mf_cumulative_momentum_noise_variance": 1.8077443639561465e-05, "preconditioner_mean": 2165.872802734375, "preconditioner_change_relative": 0.0, "denominator_lag_relative": 0.5090333819389343, "block_age": 9}
{"step": 20, "epoch": 1, "step_seconds": 0.2625375483185053, "innovation_std_sum": 2.5113722579427673, "noise_marginal_std_sum": 2.933162184778228, "pure_mf_cumulative_momentum_noise_variance": 1.8440778665447055e-05, "preconditioner_mean": 376.3504638671875, "preconditioner_change_relative": 0.0, "denominator_lag_relative": 0.12650898098945618, "block_age": 9}
{"step": 30, "epoch": 1, "step_seconds": 0.2626938074827194, "innovation_std_sum": 2.5113722579427673, "noise_marginal_std_sum": 2.933162184778228, "pure_mf_cumulative_momentum_noise_variance": 1.8793520737198426e-05, "preconditioner_mean": 358.2723083496094, "preconditioner_change_relative": 0.0, "denominator_lag_relative": 0.07560256123542786, "block_age": 9}
{"step": 40, "epoch": 1, "step_seconds": 0.2634469401091337, "innovation_std_sum": 2.5113722579427673, "noise_marginal_std_sum": 2.933162184778228, "pure_mf_cumulative_momentum_noise_variance": 1.9279276184915666e-05, "preconditioner_mean": 352.70208740234375, "preconditioner_change_relative": 0.0, "denominator_lag_relative": 0.054548610001802444, "block_age": 9}
{"step": 50, "epoch": 1, "step_seconds": 0.26324369944632053, "innovation_std_sum": 2.5113722579427673, "noise_marginal_std_sum": 2.933162184778228, "pure_mf_cumulative_momentum_noise_variance": 1.9839013320475142e-05, "preconditioner_mean": 349.22906494140625, "preconditioner_change_relative": 0.0, "denominator_lag_relative": 0.041087739169597626, "block_age": 9}
{"step": 60, "epoch": 1, "step_seconds": 0.263686066493392, "innovation_std_sum": 2.5113722579427673, "noise_marginal_std_sum": 2.933162184778228, "pure_mf_cumulative_momentum_noise_variance": 2.0433257721094346e-05, "preconditioner_mean": 348.0028991699219, "preconditioner_change_relative": 0.0, "denominator_lag_relative": 0.034699175506830215, "block_age": 9}
{"epoch": 1, "step": 62, "epsilon": 3.054089440266451, "accuracy": 0.557861282482707, "validation_loss": 1.3380470668117361, "validation_examples": 5349}
{"step": 70, "epoch": 2, "step_seconds": 0.2554460559040308, "innovation_std_sum": 2.5113722579427673, "noise_marginal_std_sum": 2.933162184778228, "pure_mf_cumulative_momentum_noise_variance": 2.1042531805044804e-05, "preconditioner_mean": 346.4960021972656, "preconditioner_change_relative": 0.0, "denominator_lag_relative": 0.030174564570188522, "block_age": 9}
{"step": 80, "epoch": 2, "step_seconds": 0.2603498511016369, "innovation_std_sum": 2.5113722579427673, "noise_marginal_std_sum": 2.933162184778228, "pure_mf_cumulative_momentum_noise_variance": 2.1658093184442908e-05, "preconditioner_mean": 345.0747375488281, "preconditioner_change_relative": 0.0, "denominator_lag_relative": 0.025051036849617958, "block_age": 9}
{"step": 90, "epoch": 2, "step_seconds": 0.2643209844827652, "innovation_std_sum": 2.5113722579427673, "noise_marginal_std_sum": 2.933162184778228, "pure_mf_cumulative_momentum_noise_variance": 2.2276212687494568e-05, "preconditioner_mean": 343.88104248046875, "preconditioner_change_relative": 0.0, "denominator_lag_relative": 0.02214416302740574, "block_age": 9}
{"step": 100, "epoch": 2, "step_seconds": 0.26805655285716057, "innovation_std_sum": 2.5113722579427673, "noise_marginal_std_sum": 2.933162184778228, "pure_mf_cumulative_momentum_noise_variance": 2.2895351920334023e-05, "preconditioner_mean": 343.49383544921875, "preconditioner_change_relative": 0.0, "denominator_lag_relative": 0.020485704764723778, "block_age": 9}
{"step": 110, "epoch": 2, "step_seconds": 0.26707684248685837, "innovation_std_sum": 2.5113722579427673, "noise_marginal_std_sum": 2.933162184778228, "pure_mf_cumulative_momentum_noise_variance": 2.3514891294320262e-05, "preconditioner_mean": 343.02435302734375, "preconditioner_change_relative": 0.0, "denominator_lag_relative": 0.0184234119951725, "block_age": 9}
{"step": 120, "epoch": 2, "step_seconds": 0.26578926108777523, "innovation_std_sum": 2.5113722579427673, "noise_marginal_std_sum": 2.933162184778228, "pure_mf_cumulative_momentum_noise_variance": 2.4134585739487996e-05, "preconditioner_mean": 342.8247375488281, "preconditioner_change_relative": 0.0, "denominator_lag_relative": 0.016675511375069618, "block_age": 9}
{"epoch": 2, "step": 124, "epsilon": 4.610238743691153, "accuracy": 0.557861282482707, "validation_loss": 1.2949387298429942, "validation_examples": 5349}
{"step": 130, "epoch": 3, "step_seconds": 0.18511278554797173, "innovation_std_sum": 2.5113722579427673, "noise_marginal_std_sum": 2.933162184778228, "pure_mf_cumulative_momentum_noise_variance": 2.4754339677588724e-05, "preconditioner_mean": 342.3137512207031, "preconditioner_change_relative": 0.0, "denominator_lag_relative": 0.015525204129517078, "block_age": 9}
{"step": 140, "epoch": 3, "step_seconds": 0.13329389318823814, "innovation_std_sum": 2.5113722579427673, "noise_marginal_std_sum": 2.933162184778228, "pure_mf_cumulative_momentum_noise_variance": 2.537411625057572e-05, "preconditioner_mean": 342.12152099609375, "preconditioner_change_relative": 0.0, "denominator_lag_relative": 0.015063486993312836, "block_age": 9}
{"step": 150, "epoch": 3, "step_seconds": 0.26954456605017185, "innovation_std_sum": 2.5113722579427673, "noise_marginal_std_sum": 2.933162184778228, "pure_mf_cumulative_momentum_noise_variance": 2.59939013752209e-05, "preconditioner_mean": 341.779541015625, "preconditioner_change_relative": 0.0, "denominator_lag_relative": 0.013562845066189766, "block_age": 9}
{"step": 160, "epoch": 3, "step_seconds": 0.26903096213936806, "innovation_std_sum": 2.5113722579427673, "noise_marginal_std_sum": 2.933162184778228, "pure_mf_cumulative_momentum_noise_variance": 2.6613689711552245e-05, "preconditioner_mean": 341.7999572753906, "preconditioner_change_relative": 0.0, "denominator_lag_relative": 0.012836792506277561, "block_age": 9}
{"step": 170, "epoch": 3, "step_seconds": 0.2669345270842314, "innovation_std_sum": 2.5113722579427673, "noise_marginal_std_sum": 2.933162184778228, "pure_mf_cumulative_momentum_noise_variance": 2.723347924789336e-05, "preconditioner_mean": 341.762939453125, "preconditioner_change_relative": 0.0, "denominator_lag_relative": 0.012168186716735363, "block_age": 9}
{"step": 180, "epoch": 3, "step_seconds": 0.2682816684246063, "innovation_std_sum": 2.5113722579427673, "noise_marginal_std_sum": 2.933162184778228, "pure_mf_cumulative_momentum_noise_variance": 2.785326923060352e-05, "preconditioner_mean": 341.56146240234375, "preconditioner_change_relative": 0.0, "denominator_lag_relative": 0.011384804733097553, "block_age": 9}
{"epoch": 3, "step": 186, "epsilon": 5.873890881586911, "accuracy": 0.557861282482707, "validation_loss": 1.3024090310305518, "validation_examples": 5349}
{"step": 190, "epoch": 4, "step_seconds": 0.26957148127257824, "innovation_std_sum": 2.5113722579427673, "noise_marginal_std_sum": 2.933162184778228, "pure_mf_cumulative_momentum_noise_variance": 2.8473059378699037e-05, "preconditioner_mean": 341.48150634765625, "preconditioner_change_relative": 0.0, "denominator_lag_relative": 0.011064127087593079, "block_age": 9}
{"step": 200, "epoch": 4, "step_seconds": 0.26822827383875847, "innovation_std_sum": 2.5113722579427673, "noise_marginal_std_sum": 2.933162184778228, "pure_mf_cumulative_momentum_noise_variance": 2.9092849587859115e-05, "preconditioner_mean": 341.3848876953125, "preconditioner_change_relative": 0.0, "denominator_lag_relative": 0.01043165847659111, "block_age": 9}
{"step": 210, "epoch": 4, "step_seconds": 0.2692438308149576, "innovation_std_sum": 2.5113722579427673, "noise_marginal_std_sum": 2.933162184778228, "pure_mf_cumulative_momentum_noise_variance": 2.9712639819496e-05, "preconditioner_mean": 341.2799072265625, "preconditioner_change_relative": 0.0, "denominator_lag_relative": 0.00981616135686636, "block_age": 9}
{"step": 220, "epoch": 4, "step_seconds": 0.2720383573323488, "innovation_std_sum": 2.5113722579427673, "noise_marginal_std_sum": 2.933162184778228, "pure_mf_cumulative_momentum_noise_variance": 3.0332430059383196e-05, "preconditioner_mean": 341.1745300292969, "preconditioner_change_relative": 0.0, "denominator_lag_relative": 0.009411651641130447, "block_age": 9}
{"step": 230, "epoch": 4, "step_seconds": 0.2691418994218111, "innovation_std_sum": 2.5113722579427673, "noise_marginal_std_sum": 2.933162184778228, "pure_mf_cumulative_momentum_noise_variance": 3.0952220302291164e-05, "preconditioner_mean": 341.0296936035156, "preconditioner_change_relative": 0.0, "denominator_lag_relative": 0.008842120878398418, "block_age": 9}
{"step": 240, "epoch": 4, "step_seconds": 0.2688969820737839, "innovation_std_sum": 2.5113722579427673, "noise_marginal_std_sum": 2.933162184778228, "pure_mf_cumulative_momentum_noise_variance": 3.157201054630262e-05, "preconditioner_mean": 341.0142517089844, "preconditioner_change_relative": 0.0, "denominator_lag_relative": 0.008656996302306652, "block_age": 9}
{"epoch": 4, "step": 248, "epsilon": 6.985551657770655, "accuracy": 0.557861282482707, "validation_loss": 1.2718062530078271, "validation_examples": 5349}
{"step": 250, "epoch": 5, "step_seconds": 0.2728162817656994, "innovation_std_sum": 2.5113722579427673, "noise_marginal_std_sum": 2.933162184778228, "pure_mf_cumulative_momentum_noise_variance": 3.219180079071639e-05, "preconditioner_mean": 341.13763427734375, "preconditioner_change_relative": 0.0, "denominator_lag_relative": 0.008391724899411201, "block_age": 9}
{"step": 260, "epoch": 5, "step_seconds": 0.26819391548633575, "innovation_std_sum": 2.5113722579427673, "noise_marginal_std_sum": 2.933162184778228, "pure_mf_cumulative_momentum_noise_variance": 3.281159103527651e-05, "preconditioner_mean": 340.856689453125, "preconditioner_change_relative": 0.0, "denominator_lag_relative": 0.00802807230502367, "block_age": 9}
{"step": 270, "epoch": 5, "step_seconds": 0.2662033513188362, "innovation_std_sum": 2.5113722579427673, "noise_marginal_std_sum": 2.933162184778228, "pure_mf_cumulative_momentum_noise_variance": 3.34313812798898e-05, "preconditioner_mean": 340.8102111816406, "preconditioner_change_relative": 0.0, "denominator_lag_relative": 0.008087066933512688, "block_age": 9}
{"step": 280, "epoch": 5, "step_seconds": 0.2689537964761257, "innovation_std_sum": 2.5113722579427673, "noise_marginal_std_sum": 2.933162184778228, "pure_mf_cumulative_momentum_noise_variance": 3.405117152452237e-05, "preconditioner_mean": 340.80865478515625, "preconditioner_change_relative": 0.0, "denominator_lag_relative": 0.0074794963002204895, "block_age": 9}
{"step": 290, "epoch": 5, "step_seconds": 0.26880931109189987, "innovation_std_sum": 2.5113722579427673, "noise_marginal_std_sum": 2.933162184778228, "pure_mf_cumulative_momentum_noise_variance": 3.467096176916193e-05, "preconditioner_mean": 340.9288635253906, "preconditioner_change_relative": 0.0, "denominator_lag_relative": 0.00743541494011879, "block_age": 9}
{"step": 300, "epoch": 5, "step_seconds": 0.2692246399819851, "innovation_std_sum": 2.5113722579427673, "noise_marginal_std_sum": 2.933162184778228, "pure_mf_cumulative_momentum_noise_variance": 3.529075201380402e-05, "preconditioner_mean": 340.9539489746094, "preconditioner_change_relative": 0.0, "denominator_lag_relative": 0.006976377684623003, "block_age": 9}
{"step": 310, "epoch": 5, "step_seconds": 0.2672082893550396, "innovation_std_sum": 2.5113722579427673, "noise_marginal_std_sum": 2.933162184778228, "pure_mf_cumulative_momentum_noise_variance": 3.5910542258447e-05, "preconditioner_mean": 340.9326171875, "preconditioner_change_relative": 0.0, "denominator_lag_relative": 0.006882442627102137, "block_age": 9}
{"epoch": 5, "step": 310, "epsilon": 8.000000000000005, "accuracy": 0.557861282482707, "validation_loss": 1.3283995198499245, "validation_examples": 5349}
