/home/longt29/miniconda3/envs/curve/lib/python3.11/site-packages/torchvision/datasets/cifar.py:83: VisibleDeprecationWarning: dtype(): align should be passed as Python or NumPy boolean but got `align=0`. Did you mean to pass a tuple to create a subarray type? (Deprecated NumPy 2.4)
  entry = pickle.load(f, encoding="latin1")
sys:1: UserWarning: Full backward hook is firing when gradients are computed with respect to module outputs since no inputs require gradients. See https://docs.pytorch.org/docs/main/generated/torch.nn.Module.html#torch.nn.Module.register_full_backward_hook for more details.
{"step": 10, "epoch": 1, "train_loss": 4.728047241210938, "clip_fraction": 0.289, "gradient_norm_mean": 183.73112890625, "gradient_norm_max": 421.39263916015625, "step_seconds": 1.9250101242214441, "innovation_std_sum": 1621.2120143462942, "noise_marginal_std_sum": 1895.3995809156697}
{"step": 20, "epoch": 1, "train_loss": 4.559757568359375, "clip_fraction": 0.0, "gradient_norm_mean": 81.4687421875, "gradient_norm_max": 177.6893768310547, "step_seconds": 1.9629213083535433, "innovation_std_sum": 1621.2120143462942, "noise_marginal_std_sum": 1895.3995809156697}
{"step": 30, "epoch": 1, "train_loss": 4.514786865234375, "clip_fraction": 0.0, "gradient_norm_mean": 51.8976826171875, "gradient_norm_max": 102.72339630126953, "step_seconds": 1.9658892080187798, "innovation_std_sum": 1621.2120143462942, "noise_marginal_std_sum": 1895.3995809156697}
{"step": 40, "epoch": 1, "train_loss": 4.506867065429687, "clip_fraction": 0.0, "gradient_norm_mean": 38.635826171875, "gradient_norm_max": 113.68408203125, "step_seconds": 1.986563552170992, "innovation_std_sum": 1621.2120143462942, "noise_marginal_std_sum": 1895.3995809156697}
{"step": 50, "epoch": 1, "train_loss": 4.44487939453125, "clip_fraction": 0.0, "gradient_norm_mean": 30.74471875, "gradient_norm_max": 66.28822326660156, "step_seconds": 2.004354452714324, "innovation_std_sum": 1621.2120143462942, "noise_marginal_std_sum": 1895.3995809156697}
{"epoch": 1, "step": 50, "train_loss": 4.606230942382813, "clip_fraction": 0.17436, "epsilon": 0.8008547237216841, "accuracy": 0.039, "validation_loss": 4.408533325195313, "validation_examples": 10000}
{"step": 60, "epoch": 2, "train_loss": 4.422054931640625, "clip_fraction": 0.0, "gradient_norm_mean": 24.91333056640625, "gradient_norm_max": 50.863216400146484, "step_seconds": 1.9579639323055744, "innovation_std_sum": 1621.2120143462942, "noise_marginal_std_sum": 1895.3995809156697}
{"step": 70, "epoch": 2, "train_loss": 4.404716918945312, "clip_fraction": 0.0, "gradient_norm_mean": 20.25510302734375, "gradient_norm_max": 45.103355407714844, "step_seconds": 1.9578926134854555, "innovation_std_sum": 1621.2120143462942, "noise_marginal_std_sum": 1895.3995809156697}
{"step": 80, "epoch": 2, "train_loss": 4.4032742919921875, "clip_fraction": 0.0, "gradient_norm_mean": 17.645482421875, "gradient_norm_max": 42.115150451660156, "step_seconds": 1.9691058658063412, "innovation_std_sum": 1621.2120143462942, "noise_marginal_std_sum": 1895.3995809156697}
{"step": 90, "epoch": 2, "train_loss": 4.408296020507812, "clip_fraction": 0.0, "gradient_norm_mean": 15.482795166015626, "gradient_norm_max": 43.53830337524414, "step_seconds": 1.9898053631186485, "innovation_std_sum": 1621.2120143462942, "noise_marginal_std_sum": 1895.3995809156697}
{"step": 100, "epoch": 2, "train_loss": 4.396593872070312, "clip_fraction": 0.0, "gradient_norm_mean": 13.75968505859375, "gradient_norm_max": 31.010099411010742, "step_seconds": 1.995286138728261, "innovation_std_sum": 1621.2120143462942, "noise_marginal_std_sum": 1895.3995809156697}
{"epoch": 2, "step": 100, "train_loss": 4.4012894921875, "clip_fraction": 0.0, "epsilon": 1.1910734793922866, "accuracy": 0.0474, "validation_loss": 4.315579748535156, "validation_examples": 10000}
{"step": 110, "epoch": 3, "train_loss": 4.333404541015625, "clip_fraction": 0.0, "gradient_norm_mean": 12.75156884765625, "gradient_norm_max": 27.993549346923828, "step_seconds": 1.9720145780593157, "innovation_std_sum": 1621.2120143462942, "noise_marginal_std_sum": 1895.3995809156697}
{"step": 120, "epoch": 3, "train_loss": 4.353488403320313, "clip_fraction": 0.0, "gradient_norm_mean": 11.732677490234375, "gradient_norm_max": 26.145414352416992, "step_seconds": 1.9760716017335653, "innovation_std_sum": 1621.2120143462942, "noise_marginal_std_sum": 1895.3995809156697}
{"step": 130, "epoch": 3, "train_loss": 4.3511068115234375, "clip_fraction": 0.0, "gradient_norm_mean": 10.74311083984375, "gradient_norm_max": 30.776430130004883, "step_seconds": 1.9764185510575771, "innovation_std_sum": 1621.2120143462942, "noise_marginal_std_sum": 1895.3995809156697}
{"step": 140, "epoch": 3, "train_loss": 4.389613525390625, "clip_fraction": 0.0, "gradient_norm_mean": 9.733152587890626, "gradient_norm_max": 20.403276443481445, "step_seconds": 1.9896860662847757, "innovation_std_sum": 1621.2120143462942, "noise_marginal_std_sum": 1895.3995809156697}
{"step": 150, "epoch": 3, "train_loss": 4.3553704833984375, "clip_fraction": 0.0, "gradient_norm_mean": 8.9703935546875, "gradient_norm_max": 19.535259246826172, "step_seconds": 2.001085989177227, "innovation_std_sum": 1621.2120143462942, "noise_marginal_std_sum": 1895.3995809156697}
{"epoch": 3, "step": 150, "train_loss": 4.353672590332032, "clip_fraction": 0.0, "epsilon": 1.4986014977607753, "accuracy": 0.0592, "validation_loss": 4.275251354980469, "validation_examples": 10000}
{"step": 160, "epoch": 4, "train_loss": 4.312226928710937, "clip_fraction": 0.0, "gradient_norm_mean": 8.225303833007812, "gradient_norm_max": 17.07302474975586, "step_seconds": 1.97476720623672, "innovation_std_sum": 1621.2120143462942, "noise_marginal_std_sum": 1895.3995809156697}
{"step": 170, "epoch": 4, "train_loss": 4.333111572265625, "clip_fraction": 0.0, "gradient_norm_mean": 7.61572900390625, "gradient_norm_max": 14.289103507995605, "step_seconds": 1.9700651615858078, "innovation_std_sum": 1621.2120143462942, "noise_marginal_std_sum": 1895.3995809156697}
{"step": 180, "epoch": 4, "train_loss": 4.331468017578125, "clip_fraction": 0.0, "gradient_norm_mean": 7.2873338623046875, "gradient_norm_max": 18.24405288696289, "step_seconds": 1.9859546590596437, "innovation_std_sum": 1621.2120143462942, "noise_marginal_std_sum": 1895.3995809156697}
{"step": 190, "epoch": 4, "train_loss": 4.347175170898438, "clip_fraction": 0.0, "gradient_norm_mean": 6.767581420898438, "gradient_norm_max": 14.948407173156738, "step_seconds": 2.034510336816311, "innovation_std_sum": 1621.2120143462942, "noise_marginal_std_sum": 1895.3995809156697}
{"step": 200, "epoch": 4, "train_loss": 4.340154418945312, "clip_fraction": 0.0, "gradient_norm_mean": 6.357282104492188, "gradient_norm_max": 14.169671058654785, "step_seconds": 2.00435496494174, "innovation_std_sum": 1621.2120143462942, "noise_marginal_std_sum": 1895.3995809156697}
{"epoch": 4, "step": 200, "train_loss": 4.330658273925781, "clip_fraction": 0.0, "epsilon": 1.7630770145036387, "accuracy": 0.0608, "validation_loss": 4.263955749511719, "validation_examples": 10000}
{"step": 210, "epoch": 5, "train_loss": 4.333653198242187, "clip_fraction": 0.0, "gradient_norm_mean": 5.966076171875, "gradient_norm_max": 12.193805694580078, "step_seconds": 1.9542740285396576, "innovation_std_sum": 1621.2120143462942, "noise_marginal_std_sum": 1895.3995809156697}
{"step": 220, "epoch": 5, "train_loss": 4.3284061279296875, "clip_fraction": 0.0, "gradient_norm_mean": 5.57147900390625, "gradient_norm_max": 12.279061317443848, "step_seconds": 1.9661398008465767, "innovation_std_sum": 1621.2120143462942, "noise_marginal_std_sum": 1895.3995809156697}
{"step": 230, "epoch": 5, "train_loss": 4.360363403320313, "clip_fraction": 0.0, "gradient_norm_mean": 5.200962890625, "gradient_norm_max": 10.867549896240234, "step_seconds": 1.9786349814385176, "innovation_std_sum": 1621.2120143462942, "noise_marginal_std_sum": 1895.3995809156697}
{"step": 240, "epoch": 5, "train_loss": 4.390656127929687, "clip_fraction": 0.0, "gradient_norm_mean": 4.966349609375, "gradient_norm_max": 10.244513511657715, "step_seconds": 2.02029874548316, "innovation_std_sum": 1621.2120143462942, "noise_marginal_std_sum": 1895.3995809156697}
{"step": 250, "epoch": 5, "train_loss": 4.355800903320312, "clip_fraction": 0.0, "gradient_norm_mean": 4.83616748046875, "gradient_norm_max": 8.922747611999512, "step_seconds": 2.0015285462141037, "innovation_std_sum": 1621.2120143462942, "noise_marginal_std_sum": 1895.3995809156697}
{"epoch": 5, "step": 250, "train_loss": 4.3435504052734375, "clip_fraction": 0.0, "epsilon": 2.0000000000008775, "accuracy": 0.0548, "validation_loss": 4.2956173828125, "validation_examples": 10000}
