/home/longt29/miniconda3/envs/curve/lib/python3.11/site-packages/torchvision/datasets/cifar.py:83: VisibleDeprecationWarning: dtype(): align should be passed as Python or NumPy boolean but got `align=0`. Did you mean to pass a tuple to create a subarray type? (Deprecated NumPy 2.4)
  entry = pickle.load(f, encoding="latin1")
sys:1: UserWarning: Full backward hook is firing when gradients are computed with respect to module outputs since no inputs require gradients. See https://docs.pytorch.org/docs/main/generated/torch.nn.Module.html#torch.nn.Module.register_full_backward_hook for more details.
{"step": 10, "epoch": 1, "train_loss": 4.30898828125, "clip_fraction": 1.0, "gradient_norm_mean": 825.765265625, "gradient_norm_max": 1675.5498046875, "step_seconds": 1.937472715973854, "innovation_std_sum": 341.91003350271626, "noise_marginal_std_sum": 385.24192418426685}
{"step": 20, "epoch": 1, "train_loss": 3.5157020263671876, "clip_fraction": 1.0, "gradient_norm_mean": 1359.33409375, "gradient_norm_max": 4175.4326171875, "step_seconds": 1.9480436127632856, "innovation_std_sum": 341.91003350271626, "noise_marginal_std_sum": 385.24192418426685}
{"step": 30, "epoch": 1, "train_loss": 3.009591796875, "clip_fraction": 0.997, "gradient_norm_mean": 1525.974125, "gradient_norm_max": 6322.7373046875, "step_seconds": 1.9523170907050371, "innovation_std_sum": 341.91003350271626, "noise_marginal_std_sum": 385.24192418426685}
{"step": 40, "epoch": 1, "train_loss": 2.391466796875, "clip_fraction": 0.986, "gradient_norm_mean": 1402.85946875, "gradient_norm_max": 4511.5380859375, "step_seconds": 1.9774790164083242, "innovation_std_sum": 341.91003350271626, "noise_marginal_std_sum": 385.24192418426685}
{"step": 50, "epoch": 1, "train_loss": 2.330632385253906, "clip_fraction": 0.976, "gradient_norm_mean": 1484.925625, "gradient_norm_max": 7894.095703125, "step_seconds": 1.9526482056826353, "innovation_std_sum": 341.91003350271626, "noise_marginal_std_sum": 385.24192418426685}
{"epoch": 1, "step": 50, "train_loss": 3.36097357421875, "clip_fraction": 0.99464, "epsilon": 3.123288128876418, "accuracy": 0.5054, "validation_loss": 1.8374619201660156, "validation_examples": 10000}
{"step": 60, "epoch": 2, "train_loss": 2.225414611816406, "clip_fraction": 0.938, "gradient_norm_mean": 1545.9686875, "gradient_norm_max": 7241.814453125, "step_seconds": 1.9528928697109222, "innovation_std_sum": 341.91003350271626, "noise_marginal_std_sum": 385.24192418426685}
{"step": 70, "epoch": 2, "train_loss": 1.9301716918945313, "clip_fraction": 0.921, "gradient_norm_mean": 1518.2811875, "gradient_norm_max": 8208.9833984375, "step_seconds": 1.9635268207639456, "innovation_std_sum": 341.91003350271626, "noise_marginal_std_sum": 385.24192418426685}
{"step": 80, "epoch": 2, "train_loss": 1.9184167175292968, "clip_fraction": 0.891, "gradient_norm_mean": 1512.443625, "gradient_norm_max": 10394.7490234375, "step_seconds": 1.9584758765995502, "innovation_std_sum": 341.91003350271626, "noise_marginal_std_sum": 385.24192418426685}
{"step": 90, "epoch": 2, "train_loss": 1.7047222900390624, "clip_fraction": 0.852, "gradient_norm_mean": 1410.32146875, "gradient_norm_max": 9143.3564453125, "step_seconds": 1.9615251924842596, "innovation_std_sum": 341.91003350271626, "noise_marginal_std_sum": 385.24192418426685}
{"step": 100, "epoch": 2, "train_loss": 1.7494849853515626, "clip_fraction": 0.857, "gradient_norm_mean": 1523.4979375, "gradient_norm_max": 7845.97412109375, "step_seconds": 1.9589641280472279, "innovation_std_sum": 341.91003350271626, "noise_marginal_std_sum": 385.24192418426685}
{"epoch": 2, "step": 100, "train_loss": 1.9574768536376954, "clip_fraction": 0.9079, "epsilon": 4.650918517225292, "accuracy": 0.6454, "validation_loss": 1.2420002471923828, "validation_examples": 10000}
{"step": 110, "epoch": 3, "train_loss": 1.8167817687988281, "clip_fraction": 0.856, "gradient_norm_mean": 1562.34234375, "gradient_norm_max": 6968.29052734375, "step_seconds": 1.9779419992119074, "innovation_std_sum": 341.91003350271626, "noise_marginal_std_sum": 385.24192418426685}
{"step": 120, "epoch": 3, "train_loss": 1.7153790893554688, "clip_fraction": 0.829, "gradient_norm_mean": 1572.52896875, "gradient_norm_max": 8229.85546875, "step_seconds": 2.130048716440797, "innovation_std_sum": 341.91003350271626, "noise_marginal_std_sum": 385.24192418426685}
{"step": 130, "epoch": 3, "train_loss": 1.723744873046875, "clip_fraction": 0.809, "gradient_norm_mean": 1527.03196875, "gradient_norm_max": 8136.05517578125, "step_seconds": 1.9613335095345974, "innovation_std_sum": 341.91003350271626, "noise_marginal_std_sum": 385.24192418426685}
{"step": 140, "epoch": 3, "train_loss": 1.5642521362304687, "clip_fraction": 0.78, "gradient_norm_mean": 1448.30171875, "gradient_norm_max": 7149.3076171875, "step_seconds": 1.971935234963894, "innovation_std_sum": 341.91003350271626, "noise_marginal_std_sum": 385.24192418426685}
{"step": 150, "epoch": 3, "train_loss": 1.6121795043945313, "clip_fraction": 0.816, "gradient_norm_mean": 1614.16125, "gradient_norm_max": 16612.24609375, "step_seconds": 1.9503226801753044, "innovation_std_sum": 341.91003350271626, "noise_marginal_std_sum": 385.24192418426685}
{"epoch": 3, "step": 150, "train_loss": 1.6874524694824218, "clip_fraction": 0.8255, "epsilon": 5.897170660712958, "accuracy": 0.6832, "validation_loss": 1.0775118316650392, "validation_examples": 10000}
{"step": 160, "epoch": 4, "train_loss": 1.6922140197753905, "clip_fraction": 0.794, "gradient_norm_mean": 1604.31190625, "gradient_norm_max": 7039.81640625, "step_seconds": 1.9513569381088018, "innovation_std_sum": 341.91003350271626, "noise_marginal_std_sum": 385.24192418426685}
{"step": 170, "epoch": 4, "train_loss": 1.6148828125, "clip_fraction": 0.786, "gradient_norm_mean": 1625.8221875, "gradient_norm_max": 9338.458984375, "step_seconds": 1.9579914305359125, "innovation_std_sum": 341.91003350271626, "noise_marginal_std_sum": 385.24192418426685}
{"step": 180, "epoch": 4, "train_loss": 1.6382637634277344, "clip_fraction": 0.766, "gradient_norm_mean": 1639.731875, "gradient_norm_max": 7809.6201171875, "step_seconds": 1.9598561935126781, "innovation_std_sum": 341.91003350271626, "noise_marginal_std_sum": 385.24192418426685}
{"step": 190, "epoch": 4, "train_loss": 1.4880126342773436, "clip_fraction": 0.759, "gradient_norm_mean": 1547.88671875, "gradient_norm_max": 8983.4658203125, "step_seconds": 1.9723327569663525, "innovation_std_sum": 341.91003350271626, "noise_marginal_std_sum": 385.24192418426685}
{"step": 200, "epoch": 4, "train_loss": 1.621499969482422, "clip_fraction": 0.778, "gradient_norm_mean": 1681.0300625, "gradient_norm_max": 9016.7568359375, "step_seconds": 1.9727819301187992, "innovation_std_sum": 341.91003350271626, "noise_marginal_std_sum": 385.24192418426685}
{"epoch": 4, "step": 200, "train_loss": 1.609632575073242, "clip_fraction": 0.78284, "epsilon": 6.996032511238058, "accuracy": 0.7002, "validation_loss": 1.0253352828979492, "validation_examples": 10000}
{"step": 210, "epoch": 5, "train_loss": 1.7369952697753905, "clip_fraction": 0.769, "gradient_norm_mean": 1725.5449375, "gradient_norm_max": 10333.4375, "step_seconds": 1.9575296957045794, "innovation_std_sum": 341.91003350271626, "noise_marginal_std_sum": 385.24192418426685}
{"step": 220, "epoch": 5, "train_loss": 1.486632080078125, "clip_fraction": 0.75, "gradient_norm_mean": 1562.40846875, "gradient_norm_max": 9995.1787109375, "step_seconds": 1.9878559801727533, "innovation_std_sum": 341.91003350271626, "noise_marginal_std_sum": 385.24192418426685}
{"step": 230, "epoch": 5, "train_loss": 1.6468017578125, "clip_fraction": 0.76, "gradient_norm_mean": 1670.81978125, "gradient_norm_max": 7163.9150390625, "step_seconds": 1.986080951988697, "innovation_std_sum": 341.91003350271626, "noise_marginal_std_sum": 385.24192418426685}
{"step": 240, "epoch": 5, "train_loss": 1.5725711364746093, "clip_fraction": 0.74, "gradient_norm_mean": 1621.70153125, "gradient_norm_max": 9951.2353515625, "step_seconds": 1.9397434126585722, "innovation_std_sum": 341.91003350271626, "noise_marginal_std_sum": 385.24192418426685}
{"step": 250, "epoch": 5, "train_loss": 1.600525177001953, "clip_fraction": 0.761, "gradient_norm_mean": 1696.761125, "gradient_norm_max": 8054.4384765625, "step_seconds": 1.9387932140380144, "innovation_std_sum": 341.91003350271626, "noise_marginal_std_sum": 385.24192418426685}
{"epoch": 5, "step": 250, "train_loss": 1.5887673181152344, "clip_fraction": 0.75938, "epsilon": 8.000000000000005, "accuracy": 0.6975, "validation_loss": 1.031139633178711, "validation_examples": 10000}
