Loading weights:   0%|          | 0/39 [00:00<?, ?it/s]Loading weights: 100%|██████████| 39/39 [00:00<00:00, 27598.76it/s]
[transformers] [1mBertModel LOAD REPORT[0m from: /media/data/data/lt/dp-adam-correlated/cache/bert-tiny
Key                                        | Status     |  | 
-------------------------------------------+------------+--+-
cls.predictions.decoder.weight             | UNEXPECTED |  | 
cls.predictions.decoder.bias               | UNEXPECTED |  | 
cls.seq_relationship.bias                  | UNEXPECTED |  | 
cls.predictions.transform.dense.weight     | UNEXPECTED |  | 
cls.seq_relationship.weight                | UNEXPECTED |  | 
cls.predictions.bias                       | UNEXPECTED |  | 
cls.predictions.transform.LayerNorm.weight | UNEXPECTED |  | 
cls.predictions.transform.dense.bias       | UNEXPECTED |  | 
cls.predictions.transform.LayerNorm.bias   | UNEXPECTED |  | 

Notes:
- UNEXPECTED:	can be ignored when loading from different task/architecture; not ok if you expect identical arch.
sys:1: UserWarning: Full backward hook is firing when gradients are computed with respect to module outputs since no inputs require gradients. See https://docs.pytorch.org/docs/main/generated/torch.nn.Module.html#torch.nn.Module.register_full_backward_hook for more details.
{"step": 10, "epoch": 1, "train_loss": 0.6679853515625, "clip_fraction": 0.037, "gradient_norm_mean": 141.013734375, "gradient_norm_max": 259.22442626953125, "step_seconds": 0.2746823653578758, "innovation_std_sum": 914.409175282003, "noise_marginal_std_sum": 1261.2560055811578}
{"step": 20, "epoch": 1, "train_loss": 0.62400927734375, "clip_fraction": 0.154, "gradient_norm_mean": 151.31578125, "gradient_norm_max": 349.8814392089844, "step_seconds": 0.27873600274324417, "innovation_std_sum": 914.409175282003, "noise_marginal_std_sum": 1261.2560055811578}
{"step": 30, "epoch": 1, "train_loss": 0.5832818603515625, "clip_fraction": 0.39, "gradient_norm_mean": 175.75609375, "gradient_norm_max": 400.48651123046875, "step_seconds": 0.27957760356366634, "innovation_std_sum": 914.409175282003, "noise_marginal_std_sum": 1261.2560055811578}
{"step": 40, "epoch": 1, "train_loss": 0.5652791748046875, "clip_fraction": 0.494, "gradient_norm_mean": 201.026953125, "gradient_norm_max": 558.3229370117188, "step_seconds": 0.2751589175313711, "innovation_std_sum": 914.409175282003, "noise_marginal_std_sum": 1261.2560055811578}
{"step": 50, "epoch": 1, "train_loss": 0.54008544921875, "clip_fraction": 0.492, "gradient_norm_mean": 225.268984375, "gradient_norm_max": 914.847412109375, "step_seconds": 0.2871543411165476, "innovation_std_sum": 914.409175282003, "noise_marginal_std_sum": 1261.2560055811578}
{"step": 60, "epoch": 1, "train_loss": 0.54986669921875, "clip_fraction": 0.456, "gradient_norm_mean": 244.0086875, "gradient_norm_max": 1050.206787109375, "step_seconds": 0.23328700847923756, "innovation_std_sum": 914.409175282003, "noise_marginal_std_sum": 1261.2560055811578}
{"epoch": 1, "step": 62, "train_loss": 0.5951887994581653, "clip_fraction": 0.35393548387096774, "epsilon": 2.983473211150575, "accuracy": 0.7511684426995701, "validation_loss": 0.5443179590008063, "validation_examples": 5349}
{"step": 70, "epoch": 2, "train_loss": 0.5592317504882812, "clip_fraction": 0.423, "gradient_norm_mean": 243.496796875, "gradient_norm_max": 1116.61181640625, "step_seconds": 0.2829925026744604, "innovation_std_sum": 914.409175282003, "noise_marginal_std_sum": 1261.2560055811578}
{"step": 80, "epoch": 2, "train_loss": 0.5374791259765626, "clip_fraction": 0.407, "gradient_norm_mean": 223.419, "gradient_norm_max": 1141.3446044921875, "step_seconds": 0.29014570266008377, "innovation_std_sum": 914.409175282003, "noise_marginal_std_sum": 1261.2560055811578}
{"step": 90, "epoch": 2, "train_loss": 0.5160765380859375, "clip_fraction": 0.355, "gradient_norm_mean": 197.469625, "gradient_norm_max": 900.2125854492188, "step_seconds": 0.2895764485001564, "innovation_std_sum": 914.409175282003, "noise_marginal_std_sum": 1261.2560055811578}
{"step": 100, "epoch": 2, "train_loss": 0.5266156005859375, "clip_fraction": 0.349, "gradient_norm_mean": 197.28240625, "gradient_norm_max": 925.3662719726562, "step_seconds": 0.27825798094272614, "innovation_std_sum": 914.409175282003, "noise_marginal_std_sum": 1261.2560055811578}
{"step": 110, "epoch": 2, "train_loss": 0.4885591125488281, "clip_fraction": 0.321, "gradient_norm_mean": 178.08571875, "gradient_norm_max": 1137.29833984375, "step_seconds": 0.22385469637811184, "innovation_std_sum": 914.409175282003, "noise_marginal_std_sum": 1261.2560055811578}
{"step": 120, "epoch": 2, "train_loss": 0.451515869140625, "clip_fraction": 0.318, "gradient_norm_mean": 171.94353125, "gradient_norm_max": 1163.924560546875, "step_seconds": 0.28335205279290676, "innovation_std_sum": 914.409175282003, "noise_marginal_std_sum": 1261.2560055811578}
{"epoch": 2, "step": 124, "train_loss": 0.5174927781628024, "clip_fraction": 0.37124193548387097, "epsilon": 4.566965972959099, "accuracy": 0.792858478220228, "validation_loss": 0.4839163512955382, "validation_examples": 5349}
{"step": 130, "epoch": 3, "train_loss": 0.47482760620117187, "clip_fraction": 0.33, "gradient_norm_mean": 170.36946875, "gradient_norm_max": 847.1715698242188, "step_seconds": 0.28939614072442055, "innovation_std_sum": 914.409175282003, "noise_marginal_std_sum": 1261.2560055811578}
{"step": 140, "epoch": 3, "train_loss": 0.4763960266113281, "clip_fraction": 0.318, "gradient_norm_mean": 166.7815625, "gradient_norm_max": 1009.2725830078125, "step_seconds": 0.2847661841660738, "innovation_std_sum": 914.409175282003, "noise_marginal_std_sum": 1261.2560055811578}
{"step": 150, "epoch": 3, "train_loss": 0.47875921630859375, "clip_fraction": 0.313, "gradient_norm_mean": 153.4733125, "gradient_norm_max": 845.4595947265625, "step_seconds": 0.2885221913456917, "innovation_std_sum": 914.409175282003, "noise_marginal_std_sum": 1261.2560055811578}
{"step": 160, "epoch": 3, "train_loss": 0.4942021484375, "clip_fraction": 0.317, "gradient_norm_mean": 153.591390625, "gradient_norm_max": 976.96923828125, "step_seconds": 0.19570114463567734, "innovation_std_sum": 914.409175282003, "noise_marginal_std_sum": 1261.2560055811578}
{"step": 170, "epoch": 3, "train_loss": 0.4787113037109375, "clip_fraction": 0.312, "gradient_norm_mean": 142.4741875, "gradient_norm_max": 743.1867065429688, "step_seconds": 0.2822040021419525, "innovation_std_sum": 914.409175282003, "noise_marginal_std_sum": 1261.2560055811578}
{"step": 180, "epoch": 3, "train_loss": 0.4858943786621094, "clip_fraction": 0.283, "gradient_norm_mean": 137.51653125, "gradient_norm_max": 996.8766479492188, "step_seconds": 0.18769612908363342, "innovation_std_sum": 914.409175282003, "noise_marginal_std_sum": 1261.2560055811578}
{"epoch": 3, "step": 186, "train_loss": 0.46401746786794357, "clip_fraction": 0.2996774193548387, "epsilon": 5.849088165717443, "accuracy": 0.8117405122452795, "validation_loss": 0.43796150099119086, "validation_examples": 5349}
{"step": 190, "epoch": 4, "train_loss": 0.3989220886230469, "clip_fraction": 0.26, "gradient_norm_mean": 127.923703125, "gradient_norm_max": 764.9112548828125, "step_seconds": 0.2884608246386051, "innovation_std_sum": 914.409175282003, "noise_marginal_std_sum": 1261.2560055811578}
{"step": 200, "epoch": 4, "train_loss": 0.45479638671875, "clip_fraction": 0.275, "gradient_norm_mean": 132.72959375, "gradient_norm_max": 757.68212890625, "step_seconds": 0.2886755894869566, "innovation_std_sum": 914.409175282003, "noise_marginal_std_sum": 1261.2560055811578}
{"step": 210, "epoch": 4, "train_loss": 0.4392331848144531, "clip_fraction": 0.271, "gradient_norm_mean": 124.145171875, "gradient_norm_max": 668.2432861328125, "step_seconds": 0.29008289612829685, "innovation_std_sum": 914.409175282003, "noise_marginal_std_sum": 1261.2560055811578}
{"step": 220, "epoch": 4, "train_loss": 0.4270732727050781, "clip_fraction": 0.23, "gradient_norm_mean": 111.65221875, "gradient_norm_max": 761.384765625, "step_seconds": 0.2891503442078829, "innovation_std_sum": 914.409175282003, "noise_marginal_std_sum": 1261.2560055811578}
{"step": 230, "epoch": 4, "train_loss": 0.4361072998046875, "clip_fraction": 0.243, "gradient_norm_mean": 119.9331328125, "gradient_norm_max": 904.4535522460938, "step_seconds": 0.2923411447554827, "innovation_std_sum": 914.409175282003, "noise_marginal_std_sum": 1261.2560055811578}
{"step": 240, "epoch": 4, "train_loss": 0.4323475952148437, "clip_fraction": 0.251, "gradient_norm_mean": 115.096984375, "gradient_norm_max": 959.1240234375, "step_seconds": 0.18715832196176052, "innovation_std_sum": 914.409175282003, "noise_marginal_std_sum": 1261.2560055811578}
{"epoch": 4, "step": 248, "train_loss": 0.4331118961457283, "clip_fraction": 0.24669354838709678, "epsilon": 6.974398475295221, "accuracy": 0.8182837913628715, "validation_loss": 0.4180757383873227, "validation_examples": 5349}
{"step": 250, "epoch": 5, "train_loss": 0.4395907287597656, "clip_fraction": 0.213, "gradient_norm_mean": 103.89003125, "gradient_norm_max": 691.1448974609375, "step_seconds": 0.2889760658144951, "innovation_std_sum": 914.409175282003, "noise_marginal_std_sum": 1261.2560055811578}
{"step": 260, "epoch": 5, "train_loss": 0.42881494140625, "clip_fraction": 0.229, "gradient_norm_mean": 106.519640625, "gradient_norm_max": 723.3651733398438, "step_seconds": 0.20534640364348888, "innovation_std_sum": 914.409175282003, "noise_marginal_std_sum": 1261.2560055811578}
{"step": 270, "epoch": 5, "train_loss": 0.39987078857421876, "clip_fraction": 0.201, "gradient_norm_mean": 97.3584921875, "gradient_norm_max": 557.0253295898438, "step_seconds": 0.28789264149963856, "innovation_std_sum": 914.409175282003, "noise_marginal_std_sum": 1261.2560055811578}
{"step": 280, "epoch": 5, "train_loss": 0.4124155578613281, "clip_fraction": 0.21, "gradient_norm_mean": 101.250828125, "gradient_norm_max": 568.3069458007812, "step_seconds": 0.29127248749136925, "innovation_std_sum": 914.409175282003, "noise_marginal_std_sum": 1261.2560055811578}
{"step": 290, "epoch": 5, "train_loss": 0.39946685791015624, "clip_fraction": 0.202, "gradient_norm_mean": 96.577953125, "gradient_norm_max": 707.4600219726562, "step_seconds": 0.29129254072904587, "innovation_std_sum": 914.409175282003, "noise_marginal_std_sum": 1261.2560055811578}
{"step": 300, "epoch": 5, "train_loss": 0.395342529296875, "clip_fraction": 0.196, "gradient_norm_mean": 91.99253125, "gradient_norm_max": 617.3836669921875, "step_seconds": 0.2904414888471365, "innovation_std_sum": 914.409175282003, "noise_marginal_std_sum": 1261.2560055811578}
{"step": 310, "epoch": 5, "train_loss": 0.4218765869140625, "clip_fraction": 0.198, "gradient_norm_mean": 94.82478125, "gradient_norm_max": 739.6426391601562, "step_seconds": 0.13610301725566387, "innovation_std_sum": 914.409175282003, "noise_marginal_std_sum": 1261.2560055811578}
{"epoch": 5, "step": 310, "train_loss": 0.41282361381284655, "clip_fraction": 0.20917741935483872, "epsilon": 8.000000000000005, "accuracy": 0.8252009721443261, "validation_loss": 0.4014750655554548, "validation_examples": 5349}
