/home/longt29/miniconda3/envs/curve/lib/python3.11/site-packages/torchvision/datasets/cifar.py:83: VisibleDeprecationWarning: dtype(): align should be passed as Python or NumPy boolean but got `align=0`. Did you mean to pass a tuple to create a subarray type? (Deprecated NumPy 2.4)
  entry = pickle.load(f, encoding="latin1")
{"method": "dp-adam-momentum-bias-bandinvmf", "smoke": false, "calibration": {"target_mu": 1.6660305978457184, "sensitivity": 4.065608121489227, "innovation_std_sum": 73.20888572058001, "adjacency": "add_remove_zero_out", "k": 5, "b_participation": 50, "sampling_amplification": false}, "coefficients": [1.0, -0.53161943769869, -0.0779998119461293, -0.2795535556950146]}
sys:1: UserWarning: Full backward hook is firing when gradients are computed with respect to module outputs since no inputs require gradients. See https://docs.pytorch.org/docs/main/generated/torch.nn.Module.html#torch.nn.Module.register_full_backward_hook for more details.
{"progress_step": 10, "epoch": 1, "train_loss_so_far": 4.583041772460938, "clip_fraction_so_far": 1.0}
{"progress_step": 20, "epoch": 1, "train_loss_so_far": 4.203005825805664, "clip_fraction_so_far": 1.0}
{"progress_step": 30, "epoch": 1, "train_loss_so_far": 3.8405453857421876, "clip_fraction_so_far": 0.9976666666666667}
{"progress_step": 40, "epoch": 1, "train_loss_so_far": 3.5479269470214843, "clip_fraction_so_far": 0.9909}
{"progress_step": 50, "epoch": 1, "train_loss_so_far": 3.310094130859375, "clip_fraction_so_far": 0.9812}
{"epoch": 1, "logical_steps": 50, "train_examples": 50000, "train_loss": 3.310094130859375, "test_loss": 1.7973380157470704, "test_top1": 0.5082, "clip_fraction": 0.9812, "gdp_mu": 0.7271304784322895, "gdp_epsilon": 3.037976902428692, "target_mu": 1.6660305978457184, "target_epsilon": 8.0, "delta": 1e-05, "noise_std": 0.08559034234029003, "noise_std_space": "gradient", "innovation_std_sum": 73.20888572058001, "augmentation_trace_sha256": "d63da21bdb0b5208efde32fe6efd500a1dd8422cf2de8538c5d20df0af3afa1c", "seconds": 148.12368493527174}
{"progress_step": 60, "epoch": 2, "train_loss_so_far": 2.1219990936279296, "clip_fraction_so_far": 0.9089}
{"progress_step": 70, "epoch": 2, "train_loss_so_far": 2.059694807434082, "clip_fraction_so_far": 0.8944}
{"progress_step": 80, "epoch": 2, "train_loss_so_far": 1.9858034301757812, "clip_fraction_so_far": 0.8750666666666667}
{"progress_step": 90, "epoch": 2, "train_loss_so_far": 1.9352712814331055, "clip_fraction_so_far": 0.858625}
{"progress_step": 100, "epoch": 2, "train_loss_so_far": 1.8820366479492188, "clip_fraction_so_far": 0.84564}
{"epoch": 2, "logical_steps": 100, "train_examples": 50000, "train_loss": 1.8820366479492188, "test_loss": 1.1594192855834962, "test_top1": 0.6613, "clip_fraction": 0.84564, "gdp_mu": 1.0438331619280494, "gdp_epsilon": 4.600416946348178, "target_mu": 1.6660305978457184, "target_epsilon": 8.0, "delta": 1e-05, "noise_std": 0.08559034234029003, "noise_std_space": "gradient", "innovation_std_sum": 73.20888572058001, "augmentation_trace_sha256": "eba11842858511941e69682cb3174b7d5e6fd73ab7d8425892c6d4fc55cf418b", "seconds": 140.48208589665592}
{"progress_step": 110, "epoch": 3, "train_loss_so_far": 1.6264151519775392, "clip_fraction_so_far": 0.7753}
{"progress_step": 120, "epoch": 3, "train_loss_so_far": 1.6101807861328126, "clip_fraction_so_far": 0.7622}
{"progress_step": 130, "epoch": 3, "train_loss_so_far": 1.5792668497721354, "clip_fraction_so_far": 0.7538666666666667}
{"progress_step": 140, "epoch": 3, "train_loss_so_far": 1.568026791381836, "clip_fraction_so_far": 0.745175}
{"progress_step": 150, "epoch": 3, "train_loss_so_far": 1.5540217211914062, "clip_fraction_so_far": 0.73816}
{"epoch": 3, "logical_steps": 150, "train_examples": 50000, "train_loss": 1.5540217211914062, "test_loss": 0.9474016372680664, "test_top1": 0.7121, "clip_fraction": 0.73816, "gdp_mu": 1.2851399415460758, "gdp_epsilon": 5.868262919898993, "target_mu": 1.6660305978457184, "target_epsilon": 8.0, "delta": 1e-05, "noise_std": 0.08559034234029003, "noise_std_space": "gradient", "innovation_std_sum": 73.20888572058001, "augmentation_trace_sha256": "f4ab582ea37ff08d6c3ec209d5c76a6a59fcdd228971935ccfe60255636fc688", "seconds": 137.85546874813735}
{"progress_step": 160, "epoch": 4, "train_loss_so_far": 1.4654221832275391, "clip_fraction_so_far": 0.694}
{"progress_step": 170, "epoch": 4, "train_loss_so_far": 1.4514991744995118, "clip_fraction_so_far": 0.68855}
{"progress_step": 180, "epoch": 4, "train_loss_so_far": 1.4323927998860677, "clip_fraction_so_far": 0.6829666666666667}
{"progress_step": 190, "epoch": 4, "train_loss_so_far": 1.4228958198547363, "clip_fraction_so_far": 0.679525}
{"progress_step": 200, "epoch": 4, "train_loss_so_far": 1.4166871606445313, "clip_fraction_so_far": 0.6753}
{"epoch": 4, "logical_steps": 200, "train_examples": 50000, "train_loss": 1.4166871606445313, "test_loss": 0.8580635025024415, "test_top1": 0.7407, "clip_fraction": 0.6753, "gdp_mu": 1.4878241288541525, "gdp_epsilon": 6.9830197665238485, "target_mu": 1.6660305978457184, "target_epsilon": 8.0, "delta": 1e-05, "noise_std": 0.08559034234029003, "noise_std_space": "gradient", "innovation_std_sum": 73.20888572058001, "augmentation_trace_sha256": "eeab75a2450d737b335b1b301c8415d8e4847a2415b1acc4f6665e5915aa923a", "seconds": 141.14072686061263}
{"progress_step": 210, "epoch": 5, "train_loss_so_far": 1.392577883911133, "clip_fraction_so_far": 0.6507}
{"progress_step": 220, "epoch": 5, "train_loss_so_far": 1.3812053024291993, "clip_fraction_so_far": 0.64955}
{"progress_step": 230, "epoch": 5, "train_loss_so_far": 1.3644364705403647, "clip_fraction_so_far": 0.6464333333333333}
{"progress_step": 240, "epoch": 5, "train_loss_so_far": 1.364946327972412, "clip_fraction_so_far": 0.6448}
{"progress_step": 250, "epoch": 5, "train_loss_so_far": 1.3581801843261718, "clip_fraction_so_far": 0.64218}
{"epoch": 5, "logical_steps": 250, "train_examples": 50000, "train_loss": 1.3581801843261718, "test_loss": 0.8208169921875, "test_top1": 0.7549, "clip_fraction": 0.64218, "gdp_mu": 1.6660305978457184, "gdp_epsilon": 8.000000000000005, "target_mu": 1.6660305978457184, "target_epsilon": 8.0, "delta": 1e-05, "noise_std": 0.08559034234029003, "noise_std_space": "gradient", "innovation_std_sum": 73.20888572058001, "augmentation_trace_sha256": "41f1cb58f0307df20ce87cfb313693105a3d89f587b34546eb06562652fb22c3", "seconds": 138.80753330513835}
{"status": "completed", "results": "/media/data/data/lt/dp-adam-correlated/exp7b/results/search/trials/af526296a8bb42f4"}
