Loading weights:   0%|          | 0/39 [00:00<?, ?it/s]Loading weights: 100%|██████████| 39/39 [00:00<00:00, 14088.18it/s]
[transformers] [1mBertModel LOAD REPORT[0m from: /media/data/data/lt/dp-adam-correlated/cache/bert-tiny
Key                                        | Status     |  | 
-------------------------------------------+------------+--+-
cls.seq_relationship.bias                  | UNEXPECTED |  | 
cls.predictions.transform.dense.bias       | UNEXPECTED |  | 
cls.predictions.transform.LayerNorm.weight | UNEXPECTED |  | 
cls.predictions.decoder.bias               | UNEXPECTED |  | 
cls.seq_relationship.weight                | UNEXPECTED |  | 
cls.predictions.transform.dense.weight     | UNEXPECTED |  | 
cls.predictions.decoder.weight             | UNEXPECTED |  | 
cls.predictions.bias                       | UNEXPECTED |  | 
cls.predictions.transform.LayerNorm.bias   | UNEXPECTED |  | 

Notes:
- UNEXPECTED:	can be ignored when loading from different task/architecture; not ok if you expect identical arch.
sys:1: UserWarning: Full backward hook is firing when gradients are computed with respect to module outputs since no inputs require gradients. See https://docs.pytorch.org/docs/main/generated/torch.nn.Module.html#torch.nn.Module.register_full_backward_hook for more details.
{"step": 10, "epoch": 1, "step_seconds": 0.12263947539031506, "innovation_std_sum": 25.113722579427673, "noise_marginal_std_sum": 29.33162184778228, "pure_mf_cumulative_momentum_noise_variance": 0.0018077443639561465, "preconditioner_mean": 38.704864501953125, "preconditioner_change_relative": 0.0, "denominator_lag_relative": 0.05409907549619675, "block_age": 1}
{"step": 20, "epoch": 1, "step_seconds": 0.2702338807284832, "innovation_std_sum": 25.113722579427673, "noise_marginal_std_sum": 29.33162184778228, "pure_mf_cumulative_momentum_noise_variance": 0.0018440778665447057, "preconditioner_mean": 36.05289840698242, "preconditioner_change_relative": 0.0, "denominator_lag_relative": 0.025586755946278572, "block_age": 1}
{"step": 30, "epoch": 1, "step_seconds": 0.26309996098279953, "innovation_std_sum": 25.113722579427673, "noise_marginal_std_sum": 29.33162184778228, "pure_mf_cumulative_momentum_noise_variance": 0.0018793520737198427, "preconditioner_mean": 35.36732864379883, "preconditioner_change_relative": 0.0, "denominator_lag_relative": 0.016628364101052284, "block_age": 1}
{"step": 40, "epoch": 1, "step_seconds": 0.26283551193773746, "innovation_std_sum": 25.113722579427673, "noise_marginal_std_sum": 29.33162184778228, "pure_mf_cumulative_momentum_noise_variance": 0.0019279276184915666, "preconditioner_mean": 35.08037567138672, "preconditioner_change_relative": 0.0, "denominator_lag_relative": 0.012372824363410473, "block_age": 1}
{"step": 50, "epoch": 1, "step_seconds": 0.26241845451295376, "innovation_std_sum": 25.113722579427673, "noise_marginal_std_sum": 29.33162184778228, "pure_mf_cumulative_momentum_noise_variance": 0.001983901332047514, "preconditioner_mean": 34.85353088378906, "preconditioner_change_relative": 0.0, "denominator_lag_relative": 0.009956416673958302, "block_age": 1}
{"step": 60, "epoch": 1, "step_seconds": 0.2634028699249029, "innovation_std_sum": 25.113722579427673, "noise_marginal_std_sum": 29.33162184778228, "pure_mf_cumulative_momentum_noise_variance": 0.0020433257721094345, "preconditioner_mean": 34.677825927734375, "preconditioner_change_relative": 0.0, "denominator_lag_relative": 0.008634284138679504, "block_age": 1}
{"epoch": 1, "step": 62, "epsilon": 3.054089440266451, "accuracy": 0.5091743119266054, "validation_loss": 0.6967200707951817, "validation_examples": 872}
{"step": 70, "epoch": 2, "step_seconds": 0.26271417178213596, "innovation_std_sum": 25.113722579427673, "noise_marginal_std_sum": 29.33162184778228, "pure_mf_cumulative_momentum_noise_variance": 0.0021042531805044807, "preconditioner_mean": 34.54228973388672, "preconditioner_change_relative": 0.0, "denominator_lag_relative": 0.007158549502491951, "block_age": 1}
{"step": 80, "epoch": 2, "step_seconds": 0.2697079386562109, "innovation_std_sum": 25.113722579427673, "noise_marginal_std_sum": 29.33162184778228, "pure_mf_cumulative_momentum_noise_variance": 0.002165809318444291, "preconditioner_mean": 34.465049743652344, "preconditioner_change_relative": 0.0, "denominator_lag_relative": 0.006412044633179903, "block_age": 1}
{"step": 90, "epoch": 2, "step_seconds": 0.2708412613719702, "innovation_std_sum": 25.113722579427673, "noise_marginal_std_sum": 29.33162184778228, "pure_mf_cumulative_momentum_noise_variance": 0.0022276212687494567, "preconditioner_mean": 34.43065643310547, "preconditioner_change_relative": 0.0, "denominator_lag_relative": 0.005777463782578707, "block_age": 1}
{"step": 100, "epoch": 2, "step_seconds": 0.2642665170133114, "innovation_std_sum": 25.113722579427673, "noise_marginal_std_sum": 29.33162184778228, "pure_mf_cumulative_momentum_noise_variance": 0.0022895351920334023, "preconditioner_mean": 34.39712142944336, "preconditioner_change_relative": 0.0, "denominator_lag_relative": 0.005097505636513233, "block_age": 1}
{"step": 110, "epoch": 2, "step_seconds": 0.26594669185578823, "innovation_std_sum": 25.113722579427673, "noise_marginal_std_sum": 29.33162184778228, "pure_mf_cumulative_momentum_noise_variance": 0.0023514891294320263, "preconditioner_mean": 34.38429260253906, "preconditioner_change_relative": 0.0, "denominator_lag_relative": 0.004645877052098513, "block_age": 1}
{"step": 120, "epoch": 2, "step_seconds": 0.26510447077453136, "innovation_std_sum": 25.113722579427673, "noise_marginal_std_sum": 29.33162184778228, "pure_mf_cumulative_momentum_noise_variance": 0.0024134585739487998, "preconditioner_mean": 34.357879638671875, "preconditioner_change_relative": 0.0, "denominator_lag_relative": 0.004351758863776922, "block_age": 1}
{"epoch": 2, "step": 124, "epsilon": 4.610238743691153, "accuracy": 0.5194954128440367, "validation_loss": 0.7043317917290084, "validation_examples": 872}
{"step": 130, "epoch": 3, "step_seconds": 0.26687505282461643, "innovation_std_sum": 25.113722579427673, "noise_marginal_std_sum": 29.33162184778228, "pure_mf_cumulative_momentum_noise_variance": 0.0024754339677588726, "preconditioner_mean": 34.3243293762207, "preconditioner_change_relative": 0.0, "denominator_lag_relative": 0.004005946684628725, "block_age": 1}
{"step": 140, "epoch": 3, "step_seconds": 0.26021765545010567, "innovation_std_sum": 25.113722579427673, "noise_marginal_std_sum": 29.33162184778228, "pure_mf_cumulative_momentum_noise_variance": 0.0025374116250575724, "preconditioner_mean": 34.296875, "preconditioner_change_relative": 0.0, "denominator_lag_relative": 0.0038658003322780132, "block_age": 1}
{"step": 150, "epoch": 3, "step_seconds": 0.260524220764637, "innovation_std_sum": 25.113722579427673, "noise_marginal_std_sum": 29.33162184778228, "pure_mf_cumulative_momentum_noise_variance": 0.00259939013752209, "preconditioner_mean": 34.24937057495117, "preconditioner_change_relative": 0.0, "denominator_lag_relative": 0.0036361017264425755, "block_age": 1}
{"step": 160, "epoch": 3, "step_seconds": 0.2637714743614197, "innovation_std_sum": 25.113722579427673, "noise_marginal_std_sum": 29.33162184778228, "pure_mf_cumulative_momentum_noise_variance": 0.0026613689711552247, "preconditioner_mean": 34.21134567260742, "preconditioner_change_relative": 0.0, "denominator_lag_relative": 0.0032180044800043106, "block_age": 1}
{"step": 170, "epoch": 3, "step_seconds": 0.26809885539114475, "innovation_std_sum": 25.113722579427673, "noise_marginal_std_sum": 29.33162184778228, "pure_mf_cumulative_momentum_noise_variance": 0.002723347924789336, "preconditioner_mean": 34.188751220703125, "preconditioner_change_relative": 0.0, "denominator_lag_relative": 0.0031130940187722445, "block_age": 1}
{"step": 180, "epoch": 3, "step_seconds": 0.27160594798624516, "innovation_std_sum": 25.113722579427673, "noise_marginal_std_sum": 29.33162184778228, "pure_mf_cumulative_momentum_noise_variance": 0.002785326923060352, "preconditioner_mean": 34.155120849609375, "preconditioner_change_relative": 0.0, "denominator_lag_relative": 0.002950747963041067, "block_age": 1}
{"epoch": 3, "step": 186, "epsilon": 5.873890881586911, "accuracy": 0.533256880733945, "validation_loss": 0.7214112675518071, "validation_examples": 872}
{"step": 190, "epoch": 4, "step_seconds": 0.27296434715390205, "innovation_std_sum": 25.113722579427673, "noise_marginal_std_sum": 29.33162184778228, "pure_mf_cumulative_momentum_noise_variance": 0.0028473059378699038, "preconditioner_mean": 34.1541633605957, "preconditioner_change_relative": 0.0, "denominator_lag_relative": 0.0028380118310451508, "block_age": 1}
{"step": 200, "epoch": 4, "step_seconds": 0.26586627773940563, "innovation_std_sum": 25.113722579427673, "noise_marginal_std_sum": 29.33162184778228, "pure_mf_cumulative_momentum_noise_variance": 0.0029092849587859116, "preconditioner_mean": 34.13706970214844, "preconditioner_change_relative": 0.0, "denominator_lag_relative": 0.002558320527896285, "block_age": 1}
{"step": 210, "epoch": 4, "step_seconds": 0.2646479085087776, "innovation_std_sum": 25.113722579427673, "noise_marginal_std_sum": 29.33162184778228, "pure_mf_cumulative_momentum_noise_variance": 0.0029712639819496002, "preconditioner_mean": 34.12962341308594, "preconditioner_change_relative": 0.0, "denominator_lag_relative": 0.0025562539231032133, "block_age": 1}
{"step": 220, "epoch": 4, "step_seconds": 0.2659395821392536, "innovation_std_sum": 25.113722579427673, "noise_marginal_std_sum": 29.33162184778228, "pure_mf_cumulative_momentum_noise_variance": 0.00303324300593832, "preconditioner_mean": 34.119510650634766, "preconditioner_change_relative": 0.0, "denominator_lag_relative": 0.00238395226188004, "block_age": 1}
{"step": 230, "epoch": 4, "step_seconds": 0.2638211362063885, "innovation_std_sum": 25.113722579427673, "noise_marginal_std_sum": 29.33162184778228, "pure_mf_cumulative_momentum_noise_variance": 0.0030952220302291164, "preconditioner_mean": 34.125370025634766, "preconditioner_change_relative": 0.0, "denominator_lag_relative": 0.002281371969729662, "block_age": 1}
{"step": 240, "epoch": 4, "step_seconds": 0.27200498059391975, "innovation_std_sum": 25.113722579427673, "noise_marginal_std_sum": 29.33162184778228, "pure_mf_cumulative_momentum_noise_variance": 0.0031572010546302622, "preconditioner_mean": 34.1171875, "preconditioner_change_relative": 0.0, "denominator_lag_relative": 0.0022804641630500555, "block_age": 1}
{"epoch": 4, "step": 248, "epsilon": 6.985551657770655, "accuracy": 0.5940366972477065, "validation_loss": 0.7135904338381706, "validation_examples": 872}
{"step": 250, "epoch": 5, "step_seconds": 0.2694893442094326, "innovation_std_sum": 25.113722579427673, "noise_marginal_std_sum": 29.33162184778228, "pure_mf_cumulative_momentum_noise_variance": 0.003219180079071639, "preconditioner_mean": 34.10231018066406, "preconditioner_change_relative": 0.0, "denominator_lag_relative": 0.002210077363997698, "block_age": 1}
{"step": 260, "epoch": 5, "step_seconds": 0.2694992870092392, "innovation_std_sum": 25.113722579427673, "noise_marginal_std_sum": 29.33162184778228, "pure_mf_cumulative_momentum_noise_variance": 0.0032811591035276514, "preconditioner_mean": 34.08908462524414, "preconditioner_change_relative": 0.0, "denominator_lag_relative": 0.0021046169567853212, "block_age": 1}
{"step": 270, "epoch": 5, "step_seconds": 0.26472730934619904, "innovation_std_sum": 25.113722579427673, "noise_marginal_std_sum": 29.33162184778228, "pure_mf_cumulative_momentum_noise_variance": 0.0033431381279889804, "preconditioner_mean": 34.07851028442383, "preconditioner_change_relative": 0.0, "denominator_lag_relative": 0.0019684566650539637, "block_age": 1}
{"step": 280, "epoch": 5, "step_seconds": 0.27660484053194523, "innovation_std_sum": 25.113722579427673, "noise_marginal_std_sum": 29.33162184778228, "pure_mf_cumulative_momentum_noise_variance": 0.0034051171524522375, "preconditioner_mean": 34.08302307128906, "preconditioner_change_relative": 0.0, "denominator_lag_relative": 0.001986059593036771, "block_age": 1}
{"step": 290, "epoch": 5, "step_seconds": 0.273571390658617, "innovation_std_sum": 25.113722579427673, "noise_marginal_std_sum": 29.33162184778228, "pure_mf_cumulative_momentum_noise_variance": 0.003467096176916193, "preconditioner_mean": 34.08195877075195, "preconditioner_change_relative": 0.0, "denominator_lag_relative": 0.0019317851401865482, "block_age": 1}
{"step": 300, "epoch": 5, "step_seconds": 0.2681853026151657, "innovation_std_sum": 25.113722579427673, "noise_marginal_std_sum": 29.33162184778228, "pure_mf_cumulative_momentum_noise_variance": 0.0035290752013804024, "preconditioner_mean": 34.08062744140625, "preconditioner_change_relative": 0.0, "denominator_lag_relative": 0.001914815278723836, "block_age": 1}
{"step": 310, "epoch": 5, "step_seconds": 0.13293897733092308, "innovation_std_sum": 25.113722579427673, "noise_marginal_std_sum": 29.33162184778228, "pure_mf_cumulative_momentum_noise_variance": 0.0035910542258447004, "preconditioner_mean": 34.076255798339844, "preconditioner_change_relative": 0.0, "denominator_lag_relative": 0.0019044706132262945, "block_age": 1}
{"epoch": 5, "step": 310, "epsilon": 8.000000000000005, "accuracy": 0.6410550458715596, "validation_loss": 0.7492216223970466, "validation_examples": 872}
