/home/longt29/miniconda3/envs/curve/lib/python3.11/site-packages/torchvision/datasets/cifar.py:83: VisibleDeprecationWarning: dtype(): align should be passed as Python or NumPy boolean but got `align=0`. Did you mean to pass a tuple to create a subarray type? (Deprecated NumPy 2.4)
  entry = pickle.load(f, encoding="latin1")
{"method": "dp-adam-iid", "smoke": false, "calibration": {"target_mu": 1.6660305978457184, "sensitivity": 2.23606797749979, "innovation_std_sum": 40.264590225254544, "adjacency": "add_remove_zero_out", "k": 5, "b_participation": 50, "sampling_amplification": false}, "coefficients": [1.0]}
sys:1: UserWarning: Full backward hook is firing when gradients are computed with respect to module outputs since no inputs require gradients. See https://docs.pytorch.org/docs/main/generated/torch.nn.Module.html#torch.nn.Module.register_full_backward_hook for more details.
{"progress_step": 10, "epoch": 1, "train_loss_so_far": 4.879149267578125, "clip_fraction_so_far": 1.0}
{"progress_step": 20, "epoch": 1, "train_loss_so_far": 4.736840258789062, "clip_fraction_so_far": 1.0}
{"progress_step": 30, "epoch": 1, "train_loss_so_far": 4.628806717936198, "clip_fraction_so_far": 1.0}
{"progress_step": 40, "epoch": 1, "train_loss_so_far": 4.533126382446289, "clip_fraction_so_far": 1.0}
{"progress_step": 50, "epoch": 1, "train_loss_so_far": 4.441420109863281, "clip_fraction_so_far": 1.0}
{"epoch": 1, "logical_steps": 50, "train_examples": 50000, "train_loss": 4.441420109863281, "test_loss": 3.853216796875, "test_top1": 0.1279, "clip_fraction": 1.0, "gdp_mu": 0.7450715338755282, "gdp_epsilon": 3.1232925162148586, "target_mu": 1.6660305978457184, "target_epsilon": 8.0, "delta": 1e-05, "noise_std": 0.04026459022525455, "noise_std_space": "gradient", "innovation_std_sum": 40.264590225254544, "augmentation_trace_sha256": "86ced5053885b16905e6a5371ea7619db53293e3f5f7787220b6f1466ec41fdc", "seconds": 145.18803760409355}
{"progress_step": 60, "epoch": 2, "train_loss_so_far": 3.864802069091797, "clip_fraction_so_far": 1.0}
{"progress_step": 70, "epoch": 2, "train_loss_so_far": 3.7730322387695314, "clip_fraction_so_far": 0.9999}
{"progress_step": 80, "epoch": 2, "train_loss_so_far": 3.6669971130371093, "clip_fraction_so_far": 0.9996}
{"progress_step": 90, "epoch": 2, "train_loss_so_far": 3.5748917999267578, "clip_fraction_so_far": 0.999225}
{"progress_step": 100, "epoch": 2, "train_loss_so_far": 3.4964001208496094, "clip_fraction_so_far": 0.99856}
{"epoch": 2, "logical_steps": 100, "train_examples": 50000, "train_loss": 3.4964001208496094, "test_loss": 2.863737237548828, "test_top1": 0.2951, "clip_fraction": 0.99856, "gdp_mu": 1.0536902681448967, "gdp_epsilon": 4.650921021133024, "target_mu": 1.6660305978457184, "target_epsilon": 8.0, "delta": 1e-05, "noise_std": 0.04026459022525455, "noise_std_space": "gradient", "innovation_std_sum": 40.264590225254544, "augmentation_trace_sha256": "3756635e4b573098cc38d1040c41529688dfc708d7e21e46cb9c680abbc21c28", "seconds": 139.34060700796545}
{"progress_step": 110, "epoch": 3, "train_loss_so_far": 3.0453372314453127, "clip_fraction_so_far": 0.992}
{"progress_step": 120, "epoch": 3, "train_loss_so_far": 2.9973419464111326, "clip_fraction_so_far": 0.99075}
{"progress_step": 130, "epoch": 3, "train_loss_so_far": 2.922024639892578, "clip_fraction_so_far": 0.9888333333333333}
{"progress_step": 140, "epoch": 3, "train_loss_so_far": 2.8687896896362304, "clip_fraction_so_far": 0.98715}
{"progress_step": 150, "epoch": 3, "train_loss_so_far": 2.827109014892578, "clip_fraction_so_far": 0.9853}
{"epoch": 3, "logical_steps": 150, "train_examples": 50000, "train_loss": 2.827109014892578, "test_loss": 2.267873858642578, "test_top1": 0.4155, "clip_fraction": 0.9853, "gdp_mu": 1.2905017519456905, "gdp_epsilon": 5.897172094191148, "target_mu": 1.6660305978457184, "target_epsilon": 8.0, "delta": 1e-05, "noise_std": 0.04026459022525455, "noise_std_space": "gradient", "innovation_std_sum": 40.264590225254544, "augmentation_trace_sha256": "3c61ed024df3ac2a3cedcd87441c5675374c5f58f5d883ef0b14e4df79879c49", "seconds": 140.6300100851804}
{"progress_step": 160, "epoch": 4, "train_loss_so_far": 2.572360211181641, "clip_fraction_so_far": 0.9722}
{"progress_step": 170, "epoch": 4, "train_loss_so_far": 2.54376618347168, "clip_fraction_so_far": 0.9706}
{"progress_step": 180, "epoch": 4, "train_loss_so_far": 2.488499607340495, "clip_fraction_so_far": 0.9673333333333334}
{"progress_step": 190, "epoch": 4, "train_loss_so_far": 2.4571888565063476, "clip_fraction_so_far": 0.963825}
{"progress_step": 200, "epoch": 4, "train_loss_so_far": 2.4278240698242186, "clip_fraction_so_far": 0.96174}
{"epoch": 4, "logical_steps": 200, "train_examples": 50000, "train_loss": 2.4278240698242186, "test_loss": 1.8945998352050781, "test_top1": 0.5036, "clip_fraction": 0.96174, "gdp_mu": 1.4901430677510563, "gdp_epsilon": 6.99603315708177, "target_mu": 1.6660305978457184, "target_epsilon": 8.0, "delta": 1e-05, "noise_std": 0.04026459022525455, "noise_std_space": "gradient", "innovation_std_sum": 40.264590225254544, "augmentation_trace_sha256": "3ed5b9af1f96224c13f2bd957f29b4a4b1bf94ec77410f6cf81573ffe06969c4", "seconds": 140.21491742134094}
{"progress_step": 210, "epoch": 5, "train_loss_so_far": 2.2726692993164064, "clip_fraction_so_far": 0.9451}
{"progress_step": 220, "epoch": 5, "train_loss_so_far": 2.254318276977539, "clip_fraction_so_far": 0.94}
{"progress_step": 230, "epoch": 5, "train_loss_so_far": 2.214667483520508, "clip_fraction_so_far": 0.9337666666666666}
{"progress_step": 240, "epoch": 5, "train_loss_so_far": 2.1885286094665526, "clip_fraction_so_far": 0.929225}
{"progress_step": 250, "epoch": 5, "train_loss_so_far": 2.1734718786621094, "clip_fraction_so_far": 0.92632}
{"epoch": 5, "logical_steps": 250, "train_examples": 50000, "train_loss": 2.1734718786621094, "test_loss": 1.6660604461669921, "test_top1": 0.5494, "clip_fraction": 0.92632, "gdp_mu": 1.6660305978457186, "gdp_epsilon": 8.000000000000007, "target_mu": 1.6660305978457184, "target_epsilon": 8.0, "delta": 1e-05, "noise_std": 0.04026459022525455, "noise_std_space": "gradient", "innovation_std_sum": 40.264590225254544, "augmentation_trace_sha256": "16257b90285200ed74704ecfb717ea2bdcf6ea7fa62555790f431a4722e5e155", "seconds": 142.52617975324392}
{"status": "completed", "results": "/media/data/data/lt/dp-adam-correlated/exp7b/results/final/trials/7d6acd5171e927dc"}
