Loading weights:   0%|          | 0/39 [00:00<?, ?it/s]Loading weights: 100%|██████████| 39/39 [00:00<00:00, 19536.35it/s]
[transformers] [1mBertModel LOAD REPORT[0m from: /media/data/data/lt/dp-adam-correlated/cache/bert-tiny
Key                                        | Status     |  | 
-------------------------------------------+------------+--+-
cls.predictions.transform.dense.weight     | UNEXPECTED |  | 
cls.predictions.bias                       | UNEXPECTED |  | 
cls.predictions.decoder.weight             | UNEXPECTED |  | 
cls.seq_relationship.weight                | UNEXPECTED |  | 
cls.predictions.transform.LayerNorm.bias   | UNEXPECTED |  | 
cls.seq_relationship.bias                  | UNEXPECTED |  | 
cls.predictions.transform.LayerNorm.weight | UNEXPECTED |  | 
cls.predictions.transform.dense.bias       | UNEXPECTED |  | 
cls.predictions.decoder.bias               | UNEXPECTED |  | 

Notes:
- UNEXPECTED:	can be ignored when loading from different task/architecture; not ok if you expect identical arch.
sys:1: UserWarning: Full backward hook is firing when gradients are computed with respect to module outputs since no inputs require gradients. See https://docs.pytorch.org/docs/main/generated/torch.nn.Module.html#torch.nn.Module.register_full_backward_hook for more details.
{"step": 10, "epoch": 1, "train_loss": 0.67936865234375, "clip_fraction": 0.002, "gradient_norm_mean": 8.30249609375, "gradient_norm_max": 20.95277976989746, "step_seconds": 0.2651811074465513, "innovation_std_sum": 34.19096290164991, "noise_marginal_std_sum": 38.52414684355806}
{"step": 20, "epoch": 1, "train_loss": 0.6099700927734375, "clip_fraction": 0.062, "gradient_norm_mean": 13.13193359375, "gradient_norm_max": 30.16334342956543, "step_seconds": 0.26780736818909645, "innovation_std_sum": 34.19096290164991, "noise_marginal_std_sum": 38.52414684355806}
{"step": 30, "epoch": 1, "train_loss": 0.57854541015625, "clip_fraction": 0.488, "gradient_norm_mean": 20.85790625, "gradient_norm_max": 65.22383880615234, "step_seconds": 0.26685040071606636, "innovation_std_sum": 34.19096290164991, "noise_marginal_std_sum": 38.52414684355806}
{"step": 40, "epoch": 1, "train_loss": 0.5661519775390625, "clip_fraction": 0.481, "gradient_norm_mean": 29.23281640625, "gradient_norm_max": 151.1689910888672, "step_seconds": 0.2671294454485178, "innovation_std_sum": 34.19096290164991, "noise_marginal_std_sum": 38.52414684355806}
{"step": 50, "epoch": 1, "train_loss": 0.5977689819335937, "clip_fraction": 0.43, "gradient_norm_mean": 33.22690625, "gradient_norm_max": 187.3081817626953, "step_seconds": 0.26765903271734715, "innovation_std_sum": 34.19096290164991, "noise_marginal_std_sum": 38.52414684355806}
{"step": 60, "epoch": 1, "train_loss": 0.536748046875, "clip_fraction": 0.395, "gradient_norm_mean": 32.537525390625, "gradient_norm_max": 202.09954833984375, "step_seconds": 0.2677122950553894, "innovation_std_sum": 34.19096290164991, "noise_marginal_std_sum": 38.52414684355806}
{"epoch": 1, "step": 62, "train_loss": 0.6113652033652028, "clip_fraction": 0.29419354838709677, "epsilon": 3.123292330075361, "accuracy": 0.7782763133295943, "validation_loss": 0.5562997626509482, "validation_examples": 5349}
{"step": 70, "epoch": 2, "train_loss": 0.5417265014648438, "clip_fraction": 0.399, "gradient_norm_mean": 31.64743359375, "gradient_norm_max": 183.44235229492188, "step_seconds": 0.26825592666864395, "innovation_std_sum": 34.19096290164991, "noise_marginal_std_sum": 38.52414684355806}
{"step": 80, "epoch": 2, "train_loss": 0.5671396484375, "clip_fraction": 0.389, "gradient_norm_mean": 32.2799140625, "gradient_norm_max": 183.42039489746094, "step_seconds": 0.26863517239689827, "innovation_std_sum": 34.19096290164991, "noise_marginal_std_sum": 38.52414684355806}
{"step": 90, "epoch": 2, "train_loss": 0.5147902221679688, "clip_fraction": 0.398, "gradient_norm_mean": 30.06542578125, "gradient_norm_max": 202.94480895996094, "step_seconds": 0.2675877884030342, "innovation_std_sum": 34.19096290164991, "noise_marginal_std_sum": 38.52414684355806}
{"step": 100, "epoch": 2, "train_loss": 0.5782890625, "clip_fraction": 0.383, "gradient_norm_mean": 30.23077734375, "gradient_norm_max": 217.3343505859375, "step_seconds": 0.2699819225817919, "innovation_std_sum": 34.19096290164991, "noise_marginal_std_sum": 38.52414684355806}
{"step": 110, "epoch": 2, "train_loss": 0.4653302612304687, "clip_fraction": 0.336, "gradient_norm_mean": 23.580517578125, "gradient_norm_max": 175.73423767089844, "step_seconds": 0.2673291936516762, "innovation_std_sum": 34.19096290164991, "noise_marginal_std_sum": 38.52414684355806}
{"step": 120, "epoch": 2, "train_loss": 0.6256407470703125, "clip_fraction": 0.374, "gradient_norm_mean": 29.15214453125, "gradient_norm_max": 179.81008911132812, "step_seconds": 0.26771713234484196, "innovation_std_sum": 34.19096290164991, "noise_marginal_std_sum": 38.52414684355806}
{"epoch": 2, "step": 124, "train_loss": 0.525535628780242, "clip_fraction": 0.37366129032258066, "epsilon": 4.650920914901151, "accuracy": 0.804823331463825, "validation_loss": 0.47220508449209986, "validation_examples": 5349}
{"step": 130, "epoch": 3, "train_loss": 0.4468584289550781, "clip_fraction": 0.332, "gradient_norm_mean": 23.995046875, "gradient_norm_max": 159.16372680664062, "step_seconds": 0.26661134883761406, "innovation_std_sum": 34.19096290164991, "noise_marginal_std_sum": 38.52414684355806}
{"step": 140, "epoch": 3, "train_loss": 0.4874578552246094, "clip_fraction": 0.331, "gradient_norm_mean": 25.501462890625, "gradient_norm_max": 196.09364318847656, "step_seconds": 0.2676523718982935, "innovation_std_sum": 34.19096290164991, "noise_marginal_std_sum": 38.52414684355806}
{"step": 150, "epoch": 3, "train_loss": 0.42875396728515625, "clip_fraction": 0.308, "gradient_norm_mean": 24.944798828125, "gradient_norm_max": 231.06056213378906, "step_seconds": 0.2673099935054779, "innovation_std_sum": 34.19096290164991, "noise_marginal_std_sum": 38.52414684355806}
{"step": 160, "epoch": 3, "train_loss": 0.4577974548339844, "clip_fraction": 0.302, "gradient_norm_mean": 22.26873046875, "gradient_norm_max": 211.07139587402344, "step_seconds": 0.27024974301457405, "innovation_std_sum": 34.19096290164991, "noise_marginal_std_sum": 38.52414684355806}
{"step": 170, "epoch": 3, "train_loss": 0.46288973999023436, "clip_fraction": 0.323, "gradient_norm_mean": 22.198255859375, "gradient_norm_max": 155.12399291992188, "step_seconds": 0.1412827931344509, "innovation_std_sum": 34.19096290164991, "noise_marginal_std_sum": 38.52414684355806}
{"step": 180, "epoch": 3, "train_loss": 0.44405474853515625, "clip_fraction": 0.305, "gradient_norm_mean": 24.39575, "gradient_norm_max": 213.58447265625, "step_seconds": 0.2682015188038349, "innovation_std_sum": 34.19096290164991, "noise_marginal_std_sum": 38.52414684355806}
{"epoch": 3, "step": 186, "train_loss": 0.4677789459228516, "clip_fraction": 0.3164677419354839, "epsilon": 5.8971720333737725, "accuracy": 0.8035146756403067, "validation_loss": 0.45823005516521503, "validation_examples": 5349}
{"step": 190, "epoch": 4, "train_loss": 0.55666796875, "clip_fraction": 0.31, "gradient_norm_mean": 23.509974609375, "gradient_norm_max": 249.5755615234375, "step_seconds": 0.2674024272710085, "innovation_std_sum": 34.19096290164991, "noise_marginal_std_sum": 38.52414684355806}
{"step": 200, "epoch": 4, "train_loss": 0.41876171875, "clip_fraction": 0.28, "gradient_norm_mean": 20.852796875, "gradient_norm_max": 240.19387817382812, "step_seconds": 0.2684262376278639, "innovation_std_sum": 34.19096290164991, "noise_marginal_std_sum": 38.52414684355806}
{"step": 210, "epoch": 4, "train_loss": 0.4019497985839844, "clip_fraction": 0.246, "gradient_norm_mean": 18.866169921875, "gradient_norm_max": 196.92469787597656, "step_seconds": 0.2670291047543287, "innovation_std_sum": 34.19096290164991, "noise_marginal_std_sum": 38.52414684355806}
{"step": 220, "epoch": 4, "train_loss": 0.4858497924804687, "clip_fraction": 0.281, "gradient_norm_mean": 21.10749609375, "gradient_norm_max": 216.09185791015625, "step_seconds": 0.2672765702009201, "innovation_std_sum": 34.19096290164991, "noise_marginal_std_sum": 38.52414684355806}
{"step": 230, "epoch": 4, "train_loss": 0.436821044921875, "clip_fraction": 0.258, "gradient_norm_mean": 19.374841796875, "gradient_norm_max": 200.39881896972656, "step_seconds": 0.26844004541635513, "innovation_std_sum": 34.19096290164991, "noise_marginal_std_sum": 38.52414684355806}
{"step": 240, "epoch": 4, "train_loss": 0.4612764892578125, "clip_fraction": 0.276, "gradient_norm_mean": 21.93876171875, "gradient_norm_max": 192.44723510742188, "step_seconds": 0.2686120308935642, "innovation_std_sum": 34.19096290164991, "noise_marginal_std_sum": 38.52414684355806}
{"epoch": 4, "step": 248, "train_loss": 0.4417957266530683, "clip_fraction": 0.27498387096774196, "epsilon": 6.996033129680921, "accuracy": 0.813983922228454, "validation_loss": 0.43810165634911225, "validation_examples": 5349}
{"step": 250, "epoch": 5, "train_loss": 0.438995849609375, "clip_fraction": 0.268, "gradient_norm_mean": 20.458298828125, "gradient_norm_max": 293.0791320800781, "step_seconds": 0.2684699762612581, "innovation_std_sum": 34.19096290164991, "noise_marginal_std_sum": 38.52414684355806}
{"step": 260, "epoch": 5, "train_loss": 0.44769500732421874, "clip_fraction": 0.251, "gradient_norm_mean": 19.563375, "gradient_norm_max": 262.46502685546875, "step_seconds": 0.2672642860561609, "innovation_std_sum": 34.19096290164991, "noise_marginal_std_sum": 38.52414684355806}
{"step": 270, "epoch": 5, "train_loss": 0.40472491455078125, "clip_fraction": 0.239, "gradient_norm_mean": 18.19055078125, "gradient_norm_max": 229.45083618164062, "step_seconds": 0.26759281381964684, "innovation_std_sum": 34.19096290164991, "noise_marginal_std_sum": 38.52414684355806}
{"step": 280, "epoch": 5, "train_loss": 0.4155228271484375, "clip_fraction": 0.244, "gradient_norm_mean": 19.2331171875, "gradient_norm_max": 232.12826538085938, "step_seconds": 0.2674203719943762, "innovation_std_sum": 34.19096290164991, "noise_marginal_std_sum": 38.52414684355806}
{"step": 290, "epoch": 5, "train_loss": 0.42203582763671876, "clip_fraction": 0.259, "gradient_norm_mean": 20.22134765625, "gradient_norm_max": 218.9519805908203, "step_seconds": 0.26777789182960987, "innovation_std_sum": 34.19096290164991, "noise_marginal_std_sum": 38.52414684355806}
{"step": 300, "epoch": 5, "train_loss": 0.388393798828125, "clip_fraction": 0.229, "gradient_norm_mean": 20.725921875, "gradient_norm_max": 260.1411437988281, "step_seconds": 0.26822125911712646, "innovation_std_sum": 34.19096290164991, "noise_marginal_std_sum": 38.52414684355806}
{"step": 310, "epoch": 5, "train_loss": 0.41073941040039064, "clip_fraction": 0.234, "gradient_norm_mean": 19.488322265625, "gradient_norm_max": 314.5549621582031, "step_seconds": 0.2678529564291239, "innovation_std_sum": 34.19096290164991, "noise_marginal_std_sum": 38.52414684355806}
{"epoch": 5, "step": 310, "train_loss": 0.42483323570989795, "clip_fraction": 0.2554193548387097, "epsilon": 8.000000000000007, "accuracy": 0.818657693026734, "validation_loss": 0.4238402180681498, "validation_examples": 5349}
