/home/longt29/miniconda3/envs/curve/lib/python3.11/site-packages/torchvision/datasets/cifar.py:83: VisibleDeprecationWarning: dtype(): align should be passed as Python or NumPy boolean but got `align=0`. Did you mean to pass a tuple to create a subarray type? (Deprecated NumPy 2.4)
  entry = pickle.load(f, encoding="latin1")
sys:1: UserWarning: Full backward hook is firing when gradients are computed with respect to module outputs since no inputs require gradients. See https://docs.pytorch.org/docs/main/generated/torch.nn.Module.html#torch.nn.Module.register_full_backward_hook for more details.
{"step": 10, "epoch": 1, "train_loss": 4.4779912109375, "clip_fraction": 1.0, "gradient_norm_mean": 524.244984375, "gradient_norm_max": 1126.796630859375, "step_seconds": 1.9514085445553064, "innovation_std_sum": 480.2677029195636, "noise_marginal_std_sum": 662.4392459832405}
{"step": 20, "epoch": 1, "train_loss": 4.115483459472657, "clip_fraction": 1.0, "gradient_norm_mean": 602.952703125, "gradient_norm_max": 1288.9417724609375, "step_seconds": 1.9553822856396437, "innovation_std_sum": 480.2677029195636, "noise_marginal_std_sum": 662.4392459832405}
{"step": 30, "epoch": 1, "train_loss": 3.715269592285156, "clip_fraction": 1.0, "gradient_norm_mean": 792.45471875, "gradient_norm_max": 1972.5087890625, "step_seconds": 1.9749571979045868, "innovation_std_sum": 480.2677029195636, "noise_marginal_std_sum": 662.4392459832405}
{"step": 40, "epoch": 1, "train_loss": 3.331751403808594, "clip_fraction": 1.0, "gradient_norm_mean": 913.009, "gradient_norm_max": 1988.589111328125, "step_seconds": 1.981196690350771, "innovation_std_sum": 480.2677029195636, "noise_marginal_std_sum": 662.4392459832405}
{"epoch": 1, "step": 45, "train_loss": 3.9863337917751736, "clip_fraction": 1.0, "epsilon": 2.805247463992718, "accuracy": 0.3234, "validation_loss": 2.793290979003906, "validation_examples": 5000}
{"step": 50, "epoch": 2, "train_loss": 2.8952388305664063, "clip_fraction": 1.0, "gradient_norm_mean": 916.67921875, "gradient_norm_max": 3300.543212890625, "step_seconds": 1.9560552071779966, "innovation_std_sum": 480.2677029195636, "noise_marginal_std_sum": 662.4392459832405}
{"step": 60, "epoch": 2, "train_loss": 2.7075925903320313, "clip_fraction": 0.998, "gradient_norm_mean": 920.101953125, "gradient_norm_max": 2874.03662109375, "step_seconds": 1.9541619326919317, "innovation_std_sum": 480.2677029195636, "noise_marginal_std_sum": 662.4392459832405}
{"step": 70, "epoch": 2, "train_loss": 2.402435546875, "clip_fraction": 0.987, "gradient_norm_mean": 904.1808125, "gradient_norm_max": 4086.487060546875, "step_seconds": 2.0323091875761747, "innovation_std_sum": 480.2677029195636, "noise_marginal_std_sum": 662.4392459832405}
{"step": 80, "epoch": 2, "train_loss": 2.3455059814453123, "clip_fraction": 0.978, "gradient_norm_mean": 930.188578125, "gradient_norm_max": 3401.198486328125, "step_seconds": 1.9638274740427732, "innovation_std_sum": 480.2677029195636, "noise_marginal_std_sum": 662.4392459832405}
{"step": 90, "epoch": 2, "train_loss": 2.1984207153320314, "clip_fraction": 0.969, "gradient_norm_mean": 929.632546875, "gradient_norm_max": 6559.67578125, "step_seconds": 1.9931320436298847, "innovation_std_sum": 480.2677029195636, "noise_marginal_std_sum": 662.4392459832405}
{"epoch": 2, "step": 90, "train_loss": 2.5411516710069444, "clip_fraction": 0.9885111111111111, "epsilon": 4.447471925552444, "accuracy": 0.5536, "validation_loss": 1.7221742126464843, "validation_examples": 5000}
{"step": 100, "epoch": 3, "train_loss": 2.013780303955078, "clip_fraction": 0.943, "gradient_norm_mean": 893.095296875, "gradient_norm_max": 3667.57080078125, "step_seconds": 1.9738871324807405, "innovation_std_sum": 480.2677029195636, "noise_marginal_std_sum": 662.4392459832405}
{"step": 110, "epoch": 3, "train_loss": 1.9328533325195312, "clip_fraction": 0.933, "gradient_norm_mean": 885.49175, "gradient_norm_max": 5717.560546875, "step_seconds": 1.9698030333966017, "innovation_std_sum": 480.2677029195636, "noise_marginal_std_sum": 662.4392459832405}
{"step": 120, "epoch": 3, "train_loss": 1.8418300476074219, "clip_fraction": 0.918, "gradient_norm_mean": 887.398875, "gradient_norm_max": 4680.39453125, "step_seconds": 1.9518848452717066, "innovation_std_sum": 480.2677029195636, "noise_marginal_std_sum": 662.4392459832405}
{"step": 130, "epoch": 3, "train_loss": 1.7773898315429688, "clip_fraction": 0.908, "gradient_norm_mean": 863.77090625, "gradient_norm_max": 3627.64794921875, "step_seconds": 1.9615179132670164, "innovation_std_sum": 480.2677029195636, "noise_marginal_std_sum": 662.4392459832405}
{"epoch": 3, "step": 135, "train_loss": 1.938792940266927, "clip_fraction": 0.9309555555555555, "epsilon": 5.779485746307642, "accuracy": 0.6512, "validation_loss": 1.2960437255859374, "validation_examples": 5000}
{"step": 140, "epoch": 4, "train_loss": 1.7263187866210938, "clip_fraction": 0.873, "gradient_norm_mean": 835.394453125, "gradient_norm_max": 5678.1162109375, "step_seconds": 1.9447763729840517, "innovation_std_sum": 480.2677029195636, "noise_marginal_std_sum": 662.4392459832405}
{"step": 150, "epoch": 4, "train_loss": 1.7180018920898437, "clip_fraction": 0.869, "gradient_norm_mean": 860.99125, "gradient_norm_max": 5488.7529296875, "step_seconds": 2.0231438633054495, "innovation_std_sum": 480.2677029195636, "noise_marginal_std_sum": 662.4392459832405}
{"step": 160, "epoch": 4, "train_loss": 1.7181208801269532, "clip_fraction": 0.862, "gradient_norm_mean": 876.531640625, "gradient_norm_max": 5027.54833984375, "step_seconds": 1.961025783792138, "innovation_std_sum": 480.2677029195636, "noise_marginal_std_sum": 662.4392459832405}
{"step": 170, "epoch": 4, "train_loss": 1.6166064758300782, "clip_fraction": 0.852, "gradient_norm_mean": 831.784015625, "gradient_norm_max": 5091.98486328125, "step_seconds": 1.9616467151790857, "innovation_std_sum": 480.2677029195636, "noise_marginal_std_sum": 662.4392459832405}
{"step": 180, "epoch": 4, "train_loss": 1.5736140747070313, "clip_fraction": 0.832, "gradient_norm_mean": 823.488421875, "gradient_norm_max": 3962.258056640625, "step_seconds": 1.966617776080966, "innovation_std_sum": 480.2677029195636, "noise_marginal_std_sum": 662.4392459832405}
{"epoch": 4, "step": 180, "train_loss": 1.674935525173611, "clip_fraction": 0.8638888888888889, "epsilon": 6.943065470652319, "accuracy": 0.6898, "validation_loss": 1.0788876495361328, "validation_examples": 5000}
{"step": 190, "epoch": 5, "train_loss": 1.514879364013672, "clip_fraction": 0.839, "gradient_norm_mean": 831.67703125, "gradient_norm_max": 3624.070068359375, "step_seconds": 1.95128757879138, "innovation_std_sum": 480.2677029195636, "noise_marginal_std_sum": 662.4392459832405}
{"step": 200, "epoch": 5, "train_loss": 1.5563083190917968, "clip_fraction": 0.83, "gradient_norm_mean": 853.689625, "gradient_norm_max": 4517.1484375, "step_seconds": 1.9631850104779005, "innovation_std_sum": 480.2677029195636, "noise_marginal_std_sum": 662.4392459832405}
{"step": 210, "epoch": 5, "train_loss": 1.5751329956054687, "clip_fraction": 0.796, "gradient_norm_mean": 856.362296875, "gradient_norm_max": 5339.6787109375, "step_seconds": 1.988236214965582, "innovation_std_sum": 480.2677029195636, "noise_marginal_std_sum": 662.4392459832405}
{"step": 220, "epoch": 5, "train_loss": 1.4903285217285156, "clip_fraction": 0.813, "gradient_norm_mean": 849.0516875, "gradient_norm_max": 4724.55517578125, "step_seconds": 1.9864598326385021, "innovation_std_sum": 480.2677029195636, "noise_marginal_std_sum": 662.4392459832405}
{"epoch": 5, "step": 225, "train_loss": 1.5191702358669705, "clip_fraction": 0.8102444444444444, "epsilon": 8.000000000000005, "accuracy": 0.72, "validation_loss": 0.956261245727539, "validation_examples": 5000}
