Loading weights:   0%|          | 0/39 [00:00<?, ?it/s]Loading weights: 100%|██████████| 39/39 [00:00<00:00, 15997.83it/s]
[transformers] [1mBertModel LOAD REPORT[0m from: /media/data/data/lt/dp-adam-correlated/cache/bert-tiny
Key                                        | Status     |  | 
-------------------------------------------+------------+--+-
cls.predictions.transform.dense.weight     | UNEXPECTED |  | 
cls.predictions.decoder.weight             | UNEXPECTED |  | 
cls.seq_relationship.weight                | UNEXPECTED |  | 
cls.predictions.transform.dense.bias       | UNEXPECTED |  | 
cls.predictions.decoder.bias               | UNEXPECTED |  | 
cls.predictions.bias                       | UNEXPECTED |  | 
cls.seq_relationship.bias                  | UNEXPECTED |  | 
cls.predictions.transform.LayerNorm.weight | UNEXPECTED |  | 
cls.predictions.transform.LayerNorm.bias   | UNEXPECTED |  | 

Notes:
- UNEXPECTED:	can be ignored when loading from different task/architecture; not ok if you expect identical arch.
sys:1: UserWarning: Full backward hook is firing when gradients are computed with respect to module outputs since no inputs require gradients. See https://docs.pytorch.org/docs/main/generated/torch.nn.Module.html#torch.nn.Module.register_full_backward_hook for more details.
{"step": 10, "epoch": 1, "train_loss": 1.1940321044921876, "clip_fraction": 1.0, "gradient_norm_mean": 8.09195654296875, "gradient_norm_max": 33.9936408996582, "step_seconds": 0.26446152850985527, "innovation_std_sum": 1.3374900488526895, "noise_marginal_std_sum": 1.3374900488526895}
{"step": 20, "epoch": 1, "train_loss": 2.20874267578125, "clip_fraction": 0.461, "gradient_norm_mean": 9.5066376953125, "gradient_norm_max": 45.054603576660156, "step_seconds": 0.25447077862918377, "innovation_std_sum": 1.3374900488526895, "noise_marginal_std_sum": 1.3374900488526895}
{"step": 30, "epoch": 1, "train_loss": 1.79919189453125, "clip_fraction": 0.857, "gradient_norm_mean": 11.456681640625, "gradient_norm_max": 49.482025146484375, "step_seconds": 0.26484959572553635, "innovation_std_sum": 1.3374900488526895, "noise_marginal_std_sum": 1.3374900488526895}
{"step": 40, "epoch": 1, "train_loss": 2.08749560546875, "clip_fraction": 0.611, "gradient_norm_mean": 13.486271484375, "gradient_norm_max": 49.4564208984375, "step_seconds": 0.2665395699441433, "innovation_std_sum": 1.3374900488526895, "noise_marginal_std_sum": 1.3374900488526895}
{"step": 50, "epoch": 1, "train_loss": 1.6862193603515625, "clip_fraction": 0.817, "gradient_norm_mean": 16.6755703125, "gradient_norm_max": 55.95930862426758, "step_seconds": 0.26582775823771954, "innovation_std_sum": 1.3374900488526895, "noise_marginal_std_sum": 1.3374900488526895}
{"step": 60, "epoch": 1, "train_loss": 1.7982459716796875, "clip_fraction": 0.735, "gradient_norm_mean": 21.6694453125, "gradient_norm_max": 79.62635040283203, "step_seconds": 0.2663704976439476, "innovation_std_sum": 1.3374900488526895, "noise_marginal_std_sum": 1.3374900488526895}
{"epoch": 1, "step": 62, "train_loss": 1.6890751057286417, "clip_fraction": 0.7631129032258065, "epsilon": 0.8225143860634583, "accuracy": 0.5091743119266054, "validation_loss": 1.5380822277944022, "validation_examples": 872}
{"step": 70, "epoch": 2, "train_loss": 1.61807568359375, "clip_fraction": 0.766, "gradient_norm_mean": 26.848892578125, "gradient_norm_max": 111.06059265136719, "step_seconds": 0.2700835447758436, "innovation_std_sum": 1.3374900488526895, "noise_marginal_std_sum": 1.3374900488526895}
{"step": 80, "epoch": 2, "train_loss": 1.286015380859375, "clip_fraction": 0.844, "gradient_norm_mean": 33.2536484375, "gradient_norm_max": 145.01710510253906, "step_seconds": 0.2679554019123316, "innovation_std_sum": 1.3374900488526895, "noise_marginal_std_sum": 1.3374900488526895}
{"step": 90, "epoch": 2, "train_loss": 1.2762742919921874, "clip_fraction": 0.768, "gradient_norm_mean": 41.89296875, "gradient_norm_max": 182.85691833496094, "step_seconds": 0.2690220270305872, "innovation_std_sum": 1.3374900488526895, "noise_marginal_std_sum": 1.3374900488526895}
{"step": 100, "epoch": 2, "train_loss": 1.071466064453125, "clip_fraction": 0.828, "gradient_norm_mean": 45.8333671875, "gradient_norm_max": 203.6212615966797, "step_seconds": 0.2688275407999754, "innovation_std_sum": 1.3374900488526895, "noise_marginal_std_sum": 1.3374900488526895}
{"step": 110, "epoch": 2, "train_loss": 1.0355916748046874, "clip_fraction": 0.821, "gradient_norm_mean": 52.8763671875, "gradient_norm_max": 228.9082794189453, "step_seconds": 0.2675276678055525, "innovation_std_sum": 1.3374900488526895, "noise_marginal_std_sum": 1.3374900488526895}
{"step": 120, "epoch": 2, "train_loss": 1.067524658203125, "clip_fraction": 0.78, "gradient_norm_mean": 58.6540703125, "gradient_norm_max": 299.2030944824219, "step_seconds": 0.26966891810297966, "innovation_std_sum": 1.3374900488526895, "noise_marginal_std_sum": 1.3374900488526895}
{"epoch": 2, "step": 124, "train_loss": 1.2660635671307963, "clip_fraction": 0.798016129032258, "epsilon": 1.2034713065784646, "accuracy": 0.6869266055045872, "validation_loss": 1.1181593466242519, "validation_examples": 872}
{"step": 130, "epoch": 3, "train_loss": 1.123835205078125, "clip_fraction": 0.758, "gradient_norm_mean": 66.5675, "gradient_norm_max": 358.3509826660156, "step_seconds": 0.267405416816473, "innovation_std_sum": 1.3374900488526895, "noise_marginal_std_sum": 1.3374900488526895}
{"step": 140, "epoch": 3, "train_loss": 1.274524658203125, "clip_fraction": 0.69, "gradient_norm_mean": 67.0356484375, "gradient_norm_max": 420.3782653808594, "step_seconds": 0.27020927146077156, "innovation_std_sum": 1.3374900488526895, "noise_marginal_std_sum": 1.3374900488526895}
{"step": 150, "epoch": 3, "train_loss": 1.2059375, "clip_fraction": 0.682, "gradient_norm_mean": 73.74909375, "gradient_norm_max": 468.4619140625, "step_seconds": 0.25831604935228825, "innovation_std_sum": 1.3374900488526895, "noise_marginal_std_sum": 1.3374900488526895}
{"step": 160, "epoch": 3, "train_loss": 1.125261962890625, "clip_fraction": 0.637, "gradient_norm_mean": 74.2027421875, "gradient_norm_max": 537.515869140625, "step_seconds": 0.26835702173411846, "innovation_std_sum": 1.3374900488526895, "noise_marginal_std_sum": 1.3374900488526895}
{"step": 170, "epoch": 3, "train_loss": 1.1848646240234375, "clip_fraction": 0.614, "gradient_norm_mean": 73.74421875, "gradient_norm_max": 506.64923095703125, "step_seconds": 0.26982976496219635, "innovation_std_sum": 1.3374900488526895, "noise_marginal_std_sum": 1.3374900488526895}
{"step": 180, "epoch": 3, "train_loss": 1.3748433837890626, "clip_fraction": 0.597, "gradient_norm_mean": 81.9265546875, "gradient_norm_max": 555.566162109375, "step_seconds": 0.2696372102946043, "innovation_std_sum": 1.3374900488526895, "noise_marginal_std_sum": 1.3374900488526895}
{"epoch": 3, "step": 186, "train_loss": 1.2086097510553175, "clip_fraction": 0.6579516129032258, "epsilon": 1.505527292884017, "accuracy": 0.7293577981651376, "validation_loss": 1.4025841809194022, "validation_examples": 872}
{"step": 190, "epoch": 4, "train_loss": 1.379732421875, "clip_fraction": 0.635, "gradient_norm_mean": 85.38278125, "gradient_norm_max": 588.2390747070312, "step_seconds": 0.27069661393761635, "innovation_std_sum": 1.3374900488526895, "noise_marginal_std_sum": 1.3374900488526895}
{"step": 200, "epoch": 4, "train_loss": 1.213650634765625, "clip_fraction": 0.599, "gradient_norm_mean": 74.0846015625, "gradient_norm_max": 500.24163818359375, "step_seconds": 0.2675241883844137, "innovation_std_sum": 1.3374900488526895, "noise_marginal_std_sum": 1.3374900488526895}
{"step": 210, "epoch": 4, "train_loss": 1.18577685546875, "clip_fraction": 0.589, "gradient_norm_mean": 72.8014375, "gradient_norm_max": 470.7523498535156, "step_seconds": 0.27218260802328587, "innovation_std_sum": 1.3374900488526895, "noise_marginal_std_sum": 1.3374900488526895}
{"step": 220, "epoch": 4, "train_loss": 1.274364990234375, "clip_fraction": 0.597, "gradient_norm_mean": 76.7797421875, "gradient_norm_max": 648.51611328125, "step_seconds": 0.2571866400539875, "innovation_std_sum": 1.3374900488526895, "noise_marginal_std_sum": 1.3374900488526895}
{"step": 230, "epoch": 4, "train_loss": 1.289849609375, "clip_fraction": 0.609, "gradient_norm_mean": 75.258140625, "gradient_norm_max": 558.2528076171875, "step_seconds": 0.27228078804910183, "innovation_std_sum": 1.3374900488526895, "noise_marginal_std_sum": 1.3374900488526895}
{"step": 240, "epoch": 4, "train_loss": 1.284603271484375, "clip_fraction": 0.565, "gradient_norm_mean": 72.6229921875, "gradient_norm_max": 584.5488891601562, "step_seconds": 0.26828454062342644, "innovation_std_sum": 1.3374900488526895, "noise_marginal_std_sum": 1.3374900488526895}
{"epoch": 4, "step": 248, "train_loss": 1.2461478409305695, "clip_fraction": 0.5925483870967742, "epsilon": 1.7661340867632298, "accuracy": 0.7247706422018348, "validation_loss": 1.3709034701006129, "validation_examples": 872}
{"step": 250, "epoch": 5, "train_loss": 1.2193724365234375, "clip_fraction": 0.589, "gradient_norm_mean": 78.287578125, "gradient_norm_max": 554.5231323242188, "step_seconds": 0.2716576438397169, "innovation_std_sum": 1.3374900488526895, "noise_marginal_std_sum": 1.3374900488526895}
{"step": 260, "epoch": 5, "train_loss": 1.259739990234375, "clip_fraction": 0.557, "gradient_norm_mean": 73.767359375, "gradient_norm_max": 553.8661499023438, "step_seconds": 0.2716151736676693, "innovation_std_sum": 1.3374900488526895, "noise_marginal_std_sum": 1.3374900488526895}
{"step": 270, "epoch": 5, "train_loss": 1.33343603515625, "clip_fraction": 0.594, "gradient_norm_mean": 75.353609375, "gradient_norm_max": 660.7935791015625, "step_seconds": 0.2711302489042282, "innovation_std_sum": 1.3374900488526895, "noise_marginal_std_sum": 1.3374900488526895}
{"step": 280, "epoch": 5, "train_loss": 1.151574462890625, "clip_fraction": 0.577, "gradient_norm_mean": 72.3125859375, "gradient_norm_max": 524.4745483398438, "step_seconds": 0.270557701587677, "innovation_std_sum": 1.3374900488526895, "noise_marginal_std_sum": 1.3374900488526895}
{"step": 290, "epoch": 5, "train_loss": 1.3934207763671875, "clip_fraction": 0.57, "gradient_norm_mean": 80.2699375, "gradient_norm_max": 713.3729248046875, "step_seconds": 0.27284853160381317, "innovation_std_sum": 1.3374900488526895, "noise_marginal_std_sum": 1.3374900488526895}
{"step": 300, "epoch": 5, "train_loss": 1.1731009521484375, "clip_fraction": 0.563, "gradient_norm_mean": 71.659375, "gradient_norm_max": 603.4888305664062, "step_seconds": 0.2704813554883003, "innovation_std_sum": 1.3374900488526895, "noise_marginal_std_sum": 1.3374900488526895}
{"step": 310, "epoch": 5, "train_loss": 1.279051025390625, "clip_fraction": 0.559, "gradient_norm_mean": 71.4911875, "gradient_norm_max": 556.8973388671875, "step_seconds": 0.27231851778924465, "innovation_std_sum": 1.3374900488526895, "noise_marginal_std_sum": 1.3374900488526895}
{"epoch": 5, "step": 310, "train_loss": 1.24024266593687, "clip_fraction": 0.5725806451612904, "epsilon": 2.0000000000008775, "accuracy": 0.7190366972477065, "validation_loss": 1.4055746235978712, "validation_examples": 872}
