Loading weights:   0%|          | 0/39 [00:00<?, ?it/s]Loading weights: 100%|██████████| 39/39 [00:00<00:00, 19093.95it/s]
[transformers] [1mBertModel LOAD REPORT[0m from: /media/data/data/lt/dp-adam-correlated/cache/bert-tiny
Key                                        | Status     |  | 
-------------------------------------------+------------+--+-
cls.seq_relationship.weight                | UNEXPECTED |  | 
cls.predictions.transform.dense.weight     | UNEXPECTED |  | 
cls.seq_relationship.bias                  | UNEXPECTED |  | 
cls.predictions.transform.dense.bias       | UNEXPECTED |  | 
cls.predictions.transform.LayerNorm.weight | UNEXPECTED |  | 
cls.predictions.transform.LayerNorm.bias   | UNEXPECTED |  | 
cls.predictions.decoder.weight             | UNEXPECTED |  | 
cls.predictions.decoder.bias               | UNEXPECTED |  | 
cls.predictions.bias                       | UNEXPECTED |  | 

Notes:
- UNEXPECTED:	can be ignored when loading from different task/architecture; not ok if you expect identical arch.
sys:1: UserWarning: Full backward hook is firing when gradients are computed with respect to module outputs since no inputs require gradients. See https://docs.pytorch.org/docs/main/generated/torch.nn.Module.html#torch.nn.Module.register_full_backward_hook for more details.
{"step": 10, "epoch": 1, "step_seconds": 0.1877505499869585, "innovation_std_sum": 25.113722579427673, "noise_marginal_std_sum": 29.33162184778228, "pure_mf_cumulative_momentum_noise_variance": 0.0018077443639561465, "preconditioner_mean": 39.090145111083984, "preconditioner_change_relative": 0.0, "denominator_lag_relative": 0.055361196398735046, "block_age": 1}
{"step": 20, "epoch": 1, "step_seconds": 0.12821641936898232, "innovation_std_sum": 25.113722579427673, "noise_marginal_std_sum": 29.33162184778228, "pure_mf_cumulative_momentum_noise_variance": 0.0018440778665447057, "preconditioner_mean": 36.05595397949219, "preconditioner_change_relative": 0.0, "denominator_lag_relative": 0.02528432011604309, "block_age": 1}
{"step": 30, "epoch": 1, "step_seconds": 0.2594381105154753, "innovation_std_sum": 25.113722579427673, "noise_marginal_std_sum": 29.33162184778228, "pure_mf_cumulative_momentum_noise_variance": 0.0018793520737198427, "preconditioner_mean": 35.32386016845703, "preconditioner_change_relative": 0.0, "denominator_lag_relative": 0.016764702275395393, "block_age": 1}
{"step": 40, "epoch": 1, "step_seconds": 0.26137841679155827, "innovation_std_sum": 25.113722579427673, "noise_marginal_std_sum": 29.33162184778228, "pure_mf_cumulative_momentum_noise_variance": 0.0019279276184915666, "preconditioner_mean": 34.928470611572266, "preconditioner_change_relative": 0.0, "denominator_lag_relative": 0.012494598515331745, "block_age": 1}
{"step": 50, "epoch": 1, "step_seconds": 0.26271253265440464, "innovation_std_sum": 25.113722579427673, "noise_marginal_std_sum": 29.33162184778228, "pure_mf_cumulative_momentum_noise_variance": 0.001983901332047514, "preconditioner_mean": 34.75327682495117, "preconditioner_change_relative": 0.0, "denominator_lag_relative": 0.009784265421330929, "block_age": 1}
{"step": 60, "epoch": 1, "step_seconds": 0.2644468042999506, "innovation_std_sum": 25.113722579427673, "noise_marginal_std_sum": 29.33162184778228, "pure_mf_cumulative_momentum_noise_variance": 0.0020433257721094345, "preconditioner_mean": 34.677310943603516, "preconditioner_change_relative": 0.0, "denominator_lag_relative": 0.008119819685816765, "block_age": 1}
{"epoch": 1, "step": 62, "epsilon": 3.054089440266451, "accuracy": 0.6009174311926605, "validation_loss": 0.6621574393106163, "validation_examples": 872}
{"step": 70, "epoch": 2, "step_seconds": 0.26417732052505016, "innovation_std_sum": 25.113722579427673, "noise_marginal_std_sum": 29.33162184778228, "pure_mf_cumulative_momentum_noise_variance": 0.0021042531805044807, "preconditioner_mean": 34.59286117553711, "preconditioner_change_relative": 0.0, "denominator_lag_relative": 0.0073554180562496185, "block_age": 1}
{"step": 80, "epoch": 2, "step_seconds": 0.26215630769729614, "innovation_std_sum": 25.113722579427673, "noise_marginal_std_sum": 29.33162184778228, "pure_mf_cumulative_momentum_noise_variance": 0.002165809318444291, "preconditioner_mean": 34.46754837036133, "preconditioner_change_relative": 0.0, "denominator_lag_relative": 0.006337401922792196, "block_age": 1}
{"step": 90, "epoch": 2, "step_seconds": 0.2676261030137539, "innovation_std_sum": 25.113722579427673, "noise_marginal_std_sum": 29.33162184778228, "pure_mf_cumulative_momentum_noise_variance": 0.0022276212687494567, "preconditioner_mean": 34.41866683959961, "preconditioner_change_relative": 0.0, "denominator_lag_relative": 0.005816672928631306, "block_age": 1}
{"step": 100, "epoch": 2, "step_seconds": 0.26807679794728756, "innovation_std_sum": 25.113722579427673, "noise_marginal_std_sum": 29.33162184778228, "pure_mf_cumulative_momentum_noise_variance": 0.0022895351920334023, "preconditioner_mean": 34.37221908569336, "preconditioner_change_relative": 0.0, "denominator_lag_relative": 0.005270615220069885, "block_age": 1}
{"step": 110, "epoch": 2, "step_seconds": 0.27127084881067276, "innovation_std_sum": 25.113722579427673, "noise_marginal_std_sum": 29.33162184778228, "pure_mf_cumulative_momentum_noise_variance": 0.0023514891294320263, "preconditioner_mean": 34.35610580444336, "preconditioner_change_relative": 0.0, "denominator_lag_relative": 0.004840541630983353, "block_age": 1}
{"step": 120, "epoch": 2, "step_seconds": 0.27085152827203274, "innovation_std_sum": 25.113722579427673, "noise_marginal_std_sum": 29.33162184778228, "pure_mf_cumulative_momentum_noise_variance": 0.0024134585739487998, "preconditioner_mean": 34.3100471496582, "preconditioner_change_relative": 0.0, "denominator_lag_relative": 0.004431657958775759, "block_age": 1}
{"epoch": 2, "step": 124, "epsilon": 4.610238743691153, "accuracy": 0.6708715596330275, "validation_loss": 0.622467014767708, "validation_examples": 872}
{"step": 130, "epoch": 3, "step_seconds": 0.2680004984140396, "innovation_std_sum": 25.113722579427673, "noise_marginal_std_sum": 29.33162184778228, "pure_mf_cumulative_momentum_noise_variance": 0.0024754339677588726, "preconditioner_mean": 34.302974700927734, "preconditioner_change_relative": 0.0, "denominator_lag_relative": 0.003951240796595812, "block_age": 1}
{"step": 140, "epoch": 3, "step_seconds": 0.2669209726154804, "innovation_std_sum": 25.113722579427673, "noise_marginal_std_sum": 29.33162184778228, "pure_mf_cumulative_momentum_noise_variance": 0.0025374116250575724, "preconditioner_mean": 34.25217056274414, "preconditioner_change_relative": 0.0, "denominator_lag_relative": 0.0035672904923558235, "block_age": 1}
{"step": 150, "epoch": 3, "step_seconds": 0.26745184138417244, "innovation_std_sum": 25.113722579427673, "noise_marginal_std_sum": 29.33162184778228, "pure_mf_cumulative_momentum_noise_variance": 0.00259939013752209, "preconditioner_mean": 34.23395538330078, "preconditioner_change_relative": 0.0, "denominator_lag_relative": 0.0035917519126087427, "block_age": 1}
{"step": 160, "epoch": 3, "step_seconds": 0.2673932109028101, "innovation_std_sum": 25.113722579427673, "noise_marginal_std_sum": 29.33162184778228, "pure_mf_cumulative_momentum_noise_variance": 0.0026613689711552247, "preconditioner_mean": 34.20515441894531, "preconditioner_change_relative": 0.0, "denominator_lag_relative": 0.0033006619196385145, "block_age": 1}
{"step": 170, "epoch": 3, "step_seconds": 0.2669968865811825, "innovation_std_sum": 25.113722579427673, "noise_marginal_std_sum": 29.33162184778228, "pure_mf_cumulative_momentum_noise_variance": 0.002723347924789336, "preconditioner_mean": 34.17285919189453, "preconditioner_change_relative": 0.0, "denominator_lag_relative": 0.003072644816711545, "block_age": 1}
{"step": 180, "epoch": 3, "step_seconds": 0.2674734741449356, "innovation_std_sum": 25.113722579427673, "noise_marginal_std_sum": 29.33162184778228, "pure_mf_cumulative_momentum_noise_variance": 0.002785326923060352, "preconditioner_mean": 34.16371154785156, "preconditioner_change_relative": 0.0, "denominator_lag_relative": 0.0029733297415077686, "block_age": 1}
{"epoch": 3, "step": 186, "epsilon": 5.873890881586911, "accuracy": 0.6915137614678899, "validation_loss": 0.6499513661095856, "validation_examples": 872}
{"step": 190, "epoch": 4, "step_seconds": 0.2676722463220358, "innovation_std_sum": 25.113722579427673, "noise_marginal_std_sum": 29.33162184778228, "pure_mf_cumulative_momentum_noise_variance": 0.0028473059378699038, "preconditioner_mean": 34.144596099853516, "preconditioner_change_relative": 0.0, "denominator_lag_relative": 0.0028680379036813974, "block_age": 1}
{"step": 200, "epoch": 4, "step_seconds": 0.2676794361323118, "innovation_std_sum": 25.113722579427673, "noise_marginal_std_sum": 29.33162184778228, "pure_mf_cumulative_momentum_noise_variance": 0.0029092849587859116, "preconditioner_mean": 34.12818145751953, "preconditioner_change_relative": 0.0, "denominator_lag_relative": 0.0027472039218991995, "block_age": 1}
{"step": 210, "epoch": 4, "step_seconds": 0.2669728361070156, "innovation_std_sum": 25.113722579427673, "noise_marginal_std_sum": 29.33162184778228, "pure_mf_cumulative_momentum_noise_variance": 0.0029712639819496002, "preconditioner_mean": 34.103572845458984, "preconditioner_change_relative": 0.0, "denominator_lag_relative": 0.0026673178654164076, "block_age": 1}
{"step": 220, "epoch": 4, "step_seconds": 0.26767995581030846, "innovation_std_sum": 25.113722579427673, "noise_marginal_std_sum": 29.33162184778228, "pure_mf_cumulative_momentum_noise_variance": 0.00303324300593832, "preconditioner_mean": 34.09837341308594, "preconditioner_change_relative": 0.0, "denominator_lag_relative": 0.0024668527767062187, "block_age": 1}
{"step": 230, "epoch": 4, "step_seconds": 0.25860917940735817, "innovation_std_sum": 25.113722579427673, "noise_marginal_std_sum": 29.33162184778228, "pure_mf_cumulative_momentum_noise_variance": 0.0030952220302291164, "preconditioner_mean": 34.107696533203125, "preconditioner_change_relative": 0.0, "denominator_lag_relative": 0.0023657111451029778, "block_age": 1}
{"step": 240, "epoch": 4, "step_seconds": 0.2719247378408909, "innovation_std_sum": 25.113722579427673, "noise_marginal_std_sum": 29.33162184778228, "pure_mf_cumulative_momentum_noise_variance": 0.0031572010546302622, "preconditioner_mean": 34.09104919433594, "preconditioner_change_relative": 0.0, "denominator_lag_relative": 0.002288668882101774, "block_age": 1}
{"epoch": 4, "step": 248, "epsilon": 6.985551657770655, "accuracy": 0.6995412844036697, "validation_loss": 0.6561506297610221, "validation_examples": 872}
{"step": 250, "epoch": 5, "step_seconds": 0.26433245837688446, "innovation_std_sum": 25.113722579427673, "noise_marginal_std_sum": 29.33162184778228, "pure_mf_cumulative_momentum_noise_variance": 0.003219180079071639, "preconditioner_mean": 34.07817459106445, "preconditioner_change_relative": 0.0, "denominator_lag_relative": 0.002192926127463579, "block_age": 1}
{"step": 260, "epoch": 5, "step_seconds": 0.2679874412715435, "innovation_std_sum": 25.113722579427673, "noise_marginal_std_sum": 29.33162184778228, "pure_mf_cumulative_momentum_noise_variance": 0.0032811591035276514, "preconditioner_mean": 34.06962203979492, "preconditioner_change_relative": 0.0, "denominator_lag_relative": 0.002072663977742195, "block_age": 1}
{"step": 270, "epoch": 5, "step_seconds": 0.26755261421203613, "innovation_std_sum": 25.113722579427673, "noise_marginal_std_sum": 29.33162184778228, "pure_mf_cumulative_momentum_noise_variance": 0.0033431381279889804, "preconditioner_mean": 34.069297790527344, "preconditioner_change_relative": 0.0, "denominator_lag_relative": 0.001984193455427885, "block_age": 1}
{"step": 280, "epoch": 5, "step_seconds": 0.26810867339372635, "innovation_std_sum": 25.113722579427673, "noise_marginal_std_sum": 29.33162184778228, "pure_mf_cumulative_momentum_noise_variance": 0.0034051171524522375, "preconditioner_mean": 34.07375717163086, "preconditioner_change_relative": 0.0, "denominator_lag_relative": 0.0019787561614066362, "block_age": 1}
{"step": 290, "epoch": 5, "step_seconds": 0.26868804171681404, "innovation_std_sum": 25.113722579427673, "noise_marginal_std_sum": 29.33162184778228, "pure_mf_cumulative_momentum_noise_variance": 0.003467096176916193, "preconditioner_mean": 34.07286071777344, "preconditioner_change_relative": 0.0, "denominator_lag_relative": 0.0019472960848361254, "block_age": 1}
{"step": 300, "epoch": 5, "step_seconds": 0.27250248566269875, "innovation_std_sum": 25.113722579427673, "noise_marginal_std_sum": 29.33162184778228, "pure_mf_cumulative_momentum_noise_variance": 0.0035290752013804024, "preconditioner_mean": 34.07017517089844, "preconditioner_change_relative": 0.0, "denominator_lag_relative": 0.0019489616388455033, "block_age": 1}
{"step": 310, "epoch": 5, "step_seconds": 0.26891508139669895, "innovation_std_sum": 25.113722579427673, "noise_marginal_std_sum": 29.33162184778228, "pure_mf_cumulative_momentum_noise_variance": 0.0035910542258447004, "preconditioner_mean": 34.07461166381836, "preconditioner_change_relative": 0.0, "denominator_lag_relative": 0.0018365797586739063, "block_age": 1}
{"epoch": 5, "step": 310, "epsilon": 8.000000000000005, "accuracy": 0.7155963302752294, "validation_loss": 0.6557602576159556, "validation_examples": 872}
