Loading weights:   0%|          | 0/39 [00:00<?, ?it/s]Loading weights: 100%|██████████| 39/39 [00:00<00:00, 5706.54it/s]
[transformers] [1mBertModel LOAD REPORT[0m from: /media/data/data/lt/dp-adam-correlated/cache/bert-tiny
Key                                        | Status     |  | 
-------------------------------------------+------------+--+-
cls.seq_relationship.bias                  | UNEXPECTED |  | 
cls.predictions.transform.LayerNorm.bias   | UNEXPECTED |  | 
cls.predictions.decoder.weight             | UNEXPECTED |  | 
cls.predictions.transform.dense.weight     | UNEXPECTED |  | 
cls.predictions.transform.dense.bias       | UNEXPECTED |  | 
cls.seq_relationship.weight                | UNEXPECTED |  | 
cls.predictions.decoder.bias               | UNEXPECTED |  | 
cls.predictions.bias                       | UNEXPECTED |  | 
cls.predictions.transform.LayerNorm.weight | UNEXPECTED |  | 

Notes:
- UNEXPECTED:	can be ignored when loading from different task/architecture; not ok if you expect identical arch.
sys:1: UserWarning: Full backward hook is firing when gradients are computed with respect to module outputs since no inputs require gradients. See https://docs.pytorch.org/docs/main/generated/torch.nn.Module.html#torch.nn.Module.register_full_backward_hook for more details.
{"step": 62, "epoch": 1.0, "train_loss": 1.5005162855579006, "clip_fraction": 0.8349677419354838, "validation_loss": 1.5108183764536447, "accuracy": 0.5091743119266054, "validation_examples": 872, "epsilon": 3.1232925162148586}
{"step": 124, "epoch": 2.0, "train_loss": 1.0707967007544734, "clip_fraction": 0.7133064516129034, "validation_loss": 1.569283301677179, "accuracy": 0.7121559633027523, "validation_examples": 872, "epsilon": 4.650921021133028}
{"step": 186, "epoch": 3.0, "train_loss": 1.166980475641066, "clip_fraction": 0.4997096774193549, "validation_loss": 1.396849702257629, "accuracy": 0.7293577981651376, "validation_examples": 872, "epsilon": 5.897172094191148}
{"step": 248, "epoch": 4.0, "train_loss": 1.0928107309649067, "clip_fraction": 0.44659677419354843, "validation_loss": 1.4049750774278553, "accuracy": 0.7419724770642202, "validation_examples": 872, "epsilon": 6.99603315708177}
{"step": 310, "epoch": 5.0, "train_loss": 1.0549490907730597, "clip_fraction": 0.41433870967741937, "validation_loss": 1.3573524667582382, "accuracy": 0.7511467889908257, "validation_examples": 872, "epsilon": 8.000000000000005}
