/home/longt29/miniconda3/envs/curve/lib/python3.11/site-packages/torchvision/datasets/cifar.py:83: VisibleDeprecationWarning: dtype(): align should be passed as Python or NumPy boolean but got `align=0`. Did you mean to pass a tuple to create a subarray type? (Deprecated NumPy 2.4)
  entry = pickle.load(f, encoding="latin1")
sys:1: UserWarning: Full backward hook is firing when gradients are computed with respect to module outputs since no inputs require gradients. See https://docs.pytorch.org/docs/main/generated/torch.nn.Module.html#torch.nn.Module.register_full_backward_hook for more details.
{"step": 10, "epoch": 1, "train_loss": 4.739622192382813, "clip_fraction": 1.0, "gradient_norm_mean": 59.1062060546875, "gradient_norm_max": 108.1025390625, "step_seconds": 2.2337386645376682, "innovation_std_sum": 40.264590225254544, "noise_marginal_std_sum": 40.264590225254544}
{"step": 20, "epoch": 1, "train_loss": 4.463805419921875, "clip_fraction": 1.0, "gradient_norm_mean": 54.788361328125, "gradient_norm_max": 105.23291015625, "step_seconds": 2.360914781689644, "innovation_std_sum": 40.264590225254544, "noise_marginal_std_sum": 40.264590225254544}
{"step": 30, "epoch": 1, "train_loss": 4.324245727539062, "clip_fraction": 1.0, "gradient_norm_mean": 57.5736025390625, "gradient_norm_max": 112.74793243408203, "step_seconds": 2.4360067397356033, "innovation_std_sum": 40.264590225254544, "noise_marginal_std_sum": 40.264590225254544}
{"step": 40, "epoch": 1, "train_loss": 4.149986083984375, "clip_fraction": 1.0, "gradient_norm_mean": 66.342267578125, "gradient_norm_max": 139.46522521972656, "step_seconds": 2.4425292797386646, "innovation_std_sum": 40.264590225254544, "noise_marginal_std_sum": 40.264590225254544}
{"step": 50, "epoch": 1, "train_loss": 3.885218688964844, "clip_fraction": 1.0, "gradient_norm_mean": 81.521572265625, "gradient_norm_max": 230.7605743408203, "step_seconds": 2.414368446916342, "innovation_std_sum": 40.264590225254544, "noise_marginal_std_sum": 40.264590225254544}
{"epoch": 1, "step": 50, "train_loss": 4.422636669921875, "clip_fraction": 1.0, "epsilon": 3.1232925162148586, "accuracy": 0.1506, "validation_loss": 3.738389855957031, "validation_examples": 10000}
{"step": 60, "epoch": 2, "train_loss": 3.6642877807617187, "clip_fraction": 1.0, "gradient_norm_mean": 94.5717578125, "gradient_norm_max": 218.92225646972656, "step_seconds": 2.312686111778021, "innovation_std_sum": 40.264590225254544, "noise_marginal_std_sum": 40.264590225254544}
{"step": 70, "epoch": 2, "train_loss": 3.4340067138671877, "clip_fraction": 0.999, "gradient_norm_mean": 102.00141796875, "gradient_norm_max": 231.27108764648438, "step_seconds": 2.4385071136057377, "innovation_std_sum": 40.264590225254544, "noise_marginal_std_sum": 40.264590225254544}
{"step": 80, "epoch": 2, "train_loss": 3.2499398193359377, "clip_fraction": 0.999, "gradient_norm_mean": 106.306029296875, "gradient_norm_max": 306.44940185546875, "step_seconds": 2.434014653787017, "innovation_std_sum": 40.264590225254544, "noise_marginal_std_sum": 40.264590225254544}
{"step": 90, "epoch": 2, "train_loss": 3.1101433715820312, "clip_fraction": 0.999, "gradient_norm_mean": 109.954755859375, "gradient_norm_max": 378.33013916015625, "step_seconds": 2.435132736340165, "innovation_std_sum": 40.264590225254544, "noise_marginal_std_sum": 40.264590225254544}
{"step": 100, "epoch": 2, "train_loss": 3.025906005859375, "clip_fraction": 0.998, "gradient_norm_mean": 114.0895234375, "gradient_norm_max": 478.0793151855469, "step_seconds": 2.435182986781001, "innovation_std_sum": 40.264590225254544, "noise_marginal_std_sum": 40.264590225254544}
{"epoch": 2, "step": 100, "train_loss": 3.359545822753906, "clip_fraction": 0.99858, "epsilon": 4.650921021133024, "accuracy": 0.3716, "validation_loss": 2.6412067626953126, "validation_examples": 10000}
{"step": 110, "epoch": 3, "train_loss": 2.7722048950195313, "clip_fraction": 0.99, "gradient_norm_mean": 115.146501953125, "gradient_norm_max": 369.2533264160156, "step_seconds": 2.356621650978923, "innovation_std_sum": 40.264590225254544, "noise_marginal_std_sum": 40.264590225254544}
{"step": 120, "epoch": 3, "train_loss": 2.730127258300781, "clip_fraction": 0.985, "gradient_norm_mean": 115.28655859375, "gradient_norm_max": 280.9779357910156, "step_seconds": 2.4223858267068863, "innovation_std_sum": 40.264590225254544, "noise_marginal_std_sum": 40.264590225254544}
{"step": 130, "epoch": 3, "train_loss": 2.55998291015625, "clip_fraction": 0.983, "gradient_norm_mean": 114.630455078125, "gradient_norm_max": 486.8213195800781, "step_seconds": 2.4114500395953655, "innovation_std_sum": 40.264590225254544, "noise_marginal_std_sum": 40.264590225254544}
{"step": 140, "epoch": 3, "train_loss": 2.4631859130859377, "clip_fraction": 0.98, "gradient_norm_mean": 116.8647890625, "gradient_norm_max": 413.2484130859375, "step_seconds": 2.4184368532150984, "innovation_std_sum": 40.264590225254544, "noise_marginal_std_sum": 40.264590225254544}
{"step": 150, "epoch": 3, "train_loss": 2.4675792236328125, "clip_fraction": 0.969, "gradient_norm_mean": 118.953083984375, "gradient_norm_max": 391.4416809082031, "step_seconds": 2.397573346272111, "innovation_std_sum": 40.264590225254544, "noise_marginal_std_sum": 40.264590225254544}
{"epoch": 3, "step": 150, "train_loss": 2.645182685546875, "clip_fraction": 0.98288, "epsilon": 5.897172094191148, "accuracy": 0.4897, "validation_loss": 2.0359411193847654, "validation_examples": 10000}
{"step": 160, "epoch": 4, "train_loss": 2.290583923339844, "clip_fraction": 0.962, "gradient_norm_mean": 116.880380859375, "gradient_norm_max": 412.4684143066406, "step_seconds": 2.3710799794644117, "innovation_std_sum": 40.264590225254544, "noise_marginal_std_sum": 40.264590225254544}
{"step": 170, "epoch": 4, "train_loss": 2.337467834472656, "clip_fraction": 0.961, "gradient_norm_mean": 119.442626953125, "gradient_norm_max": 429.44781494140625, "step_seconds": 2.465013086795807, "innovation_std_sum": 40.264590225254544, "noise_marginal_std_sum": 40.264590225254544}
{"step": 180, "epoch": 4, "train_loss": 2.2136119384765625, "clip_fraction": 0.939, "gradient_norm_mean": 117.272228515625, "gradient_norm_max": 404.9519958496094, "step_seconds": 2.4475572034716606, "innovation_std_sum": 40.264590225254544, "noise_marginal_std_sum": 40.264590225254544}
{"step": 190, "epoch": 4, "train_loss": 2.149811340332031, "clip_fraction": 0.938, "gradient_norm_mean": 119.0304140625, "gradient_norm_max": 465.1790466308594, "step_seconds": 2.4853582829236984, "innovation_std_sum": 40.264590225254544, "noise_marginal_std_sum": 40.264590225254544}
{"step": 200, "epoch": 4, "train_loss": 2.167663330078125, "clip_fraction": 0.923, "gradient_norm_mean": 121.237541015625, "gradient_norm_max": 443.2124328613281, "step_seconds": 2.434280376881361, "innovation_std_sum": 40.264590225254544, "noise_marginal_std_sum": 40.264590225254544}
{"epoch": 4, "step": 200, "train_loss": 2.2487000811767577, "clip_fraction": 0.94592, "epsilon": 6.99603315708177, "accuracy": 0.5659, "validation_loss": 1.6737878326416016, "validation_examples": 10000}
{"step": 210, "epoch": 5, "train_loss": 2.1111397705078123, "clip_fraction": 0.912, "gradient_norm_mean": 120.201248046875, "gradient_norm_max": 610.2216186523438, "step_seconds": 2.3643822744488716, "innovation_std_sum": 40.264590225254544, "noise_marginal_std_sum": 40.264590225254544}
{"step": 220, "epoch": 5, "train_loss": 2.1162127990722657, "clip_fraction": 0.901, "gradient_norm_mean": 119.46200390625, "gradient_norm_max": 513.4745483398438, "step_seconds": 2.430006343871355, "innovation_std_sum": 40.264590225254544, "noise_marginal_std_sum": 40.264590225254544}
{"step": 230, "epoch": 5, "train_loss": 2.039761260986328, "clip_fraction": 0.913, "gradient_norm_mean": 120.141818359375, "gradient_norm_max": 523.6986083984375, "step_seconds": 2.4404815062880516, "innovation_std_sum": 40.264590225254544, "noise_marginal_std_sum": 40.264590225254544}
{"step": 240, "epoch": 5, "train_loss": 1.9648253173828125, "clip_fraction": 0.898, "gradient_norm_mean": 120.77573828125, "gradient_norm_max": 675.3464965820312, "step_seconds": 2.4368854872882366, "innovation_std_sum": 40.264590225254544, "noise_marginal_std_sum": 40.264590225254544}
{"step": 250, "epoch": 5, "train_loss": 1.950133056640625, "clip_fraction": 0.892, "gradient_norm_mean": 121.280154296875, "gradient_norm_max": 495.0274963378906, "step_seconds": 2.4239527359604836, "innovation_std_sum": 40.264590225254544, "noise_marginal_std_sum": 40.264590225254544}
{"epoch": 5, "step": 250, "train_loss": 2.0292993658447265, "clip_fraction": 0.9059, "epsilon": 8.000000000000007, "accuracy": 0.6064, "validation_loss": 1.4667967193603515, "validation_examples": 10000}
